java -cp /mnt/dev/YCSB-aerospike-dist/aerospike-binding/conf:/mnt/dev/YCSB-aerospike-dist/conf:/mnt/dev/YCSB-aerospike-dist/lib/aerospike-client-3.1.2.jar:/mnt/dev/YCSB-aerospike-dist/lib/htrace-core4-4.1.0-incubating.jar:/mnt/dev/YCSB-aerospike-dist/lib/jbcrypt-0.3m.jar:/mnt/dev/YCSB-aerospike-dist/lib/jackson-mapper-asl-1.9.4.jar:/mnt/dev/YCSB-aerospike-dist/lib/aerospike-binding-0.18.0-SNAPSHOT.jar:/mnt/dev/YCSB-aerospike-dist/lib/HdrHistogram-2.1.12.jar:/mnt/dev/YCSB-aerospike-dist/lib/jackson-core-asl-1.9.4.jar:/mnt/dev/YCSB-aerospike-dist/lib/core-0.18.0-SNAPSHOT.jar:/mnt/dev/YCSB-aerospike-dist/lib/luaj-jse-3.0.jar:/mnt/dev/YCSB-aerospike-dist/lib/gnu-crypto-2.0.1.jar site.ycsb.Client -db site.ycsb.db.AerospikeClient -s -threads 256 -P /mnt/dev/YCSB-aerospike-dist/workloads/workloada -p recordcount=100000000 -p operationcount=1000000 -p fieldcount=10 -p fieldlength=128 -p fieldlengthdistribution=constant -p readallfields=true -p writeallfields=true -p insertorder=hashed -p requestdistribution=uniform -p readproportion=0.95 -p updateproportion=0.05 -p insertproportion=0 -p scanproportion=0 -p readmodifywriteproportion=0 -p measurementtype=hdrhistogram -p measurement.interval=op -p hdrhistogram.percentiles=50,95,99,99.9,99.99 -p status.interval=10 -p as.host=172.16.0.4 -p as.port=3000 -p as.namespace=ycsb -p as.timeout=10000 -t
Command line: -db site.ycsb.db.AerospikeClient -s -threads 256 -P /mnt/dev/YCSB-aerospike-dist/workloads/workloada -p recordcount=100000000 -p operationcount=1000000 -p fieldcount=10 -p fieldlength=128 -p fieldlengthdistribution=constant -p readallfields=true -p writeallfields=true -p insertorder=hashed -p requestdistribution=uniform -p readproportion=0.95 -p updateproportion=0.05 -p insertproportion=0 -p scanproportion=0 -p readmodifywriteproportion=0 -p measurementtype=hdrhistogram -p measurement.interval=op -p hdrhistogram.percentiles=50,95,99,99.9,99.99 -p status.interval=10 -p as.host=172.16.0.4 -p as.port=3000 -p as.namespace=ycsb -p as.timeout=10000 -t
YCSB Client 0.18.0-SNAPSHOT

Loading workload...
Starting test.
2026-09-13 13:01:15:007 0 sec: 0 operations; est completion in 0 second 
DBWrapper: report latency for each error is false and specific error codes to track for latency are: []
2026-09-13 13:01:18:240 3 sec: 1000000 operations; 304599.45 current ops/sec; [READ: Count=949939, Max=116543, Min=162, Avg=680.8, 50=570, 90=985, 99=2093, 99.9=9727, 99.99=51935] [CLEANUP: Count=256, Max=445, Min=24, Avg=57.1, 50=42, 90=92, 99=312, 99.9=445, 99.99=445] [UPDATE: Count=50061, Max=64383, Min=164, Avg=560.73, 50=452, 90=874, 99=1986, 99.9=6591, 99.99=34943] 
[OVERALL], RunTime(ms), 3282
[OVERALL], Throughput(ops/sec), 304692.26081657526
[TOTAL_GCS_G1_Young_Generation], Count, 14
[TOTAL_GC_TIME_G1_Young_Generation], Time(ms), 32
[TOTAL_GC_TIME_%_G1_Young_Generation], Time(%), 0.9750152346130408
[TOTAL_GCS_G1_Old_Generation], Count, 0
[TOTAL_GC_TIME_G1_Old_Generation], Time(ms), 0
[TOTAL_GC_TIME_%_G1_Old_Generation], Time(%), 0.0
[TOTAL_GCs], Count, 14
[TOTAL_GC_TIME], Time(ms), 32
[TOTAL_GC_TIME_%], Time(%), 0.9750152346130408
[READ], Operations, 949939
[READ], AverageLatency(us), 680.8044400745732
[READ], MinLatency(us), 162
[READ], MaxLatency(us), 116543
[READ], 50thPercentileLatency(us), 570
[READ], 95thPercentileLatency(us), 1200
[READ], 99thPercentileLatency(us), 2093
[READ], 99.9PercentileLatency(us), 9727
[READ], 99.99PercentileLatency(us), 51935
[READ], Return=OK, 949939
[CLEANUP], Operations, 256
[CLEANUP], AverageLatency(us), 57.1015625
[CLEANUP], MinLatency(us), 24
[CLEANUP], MaxLatency(us), 445
[CLEANUP], 50thPercentileLatency(us), 42
[CLEANUP], 95thPercentileLatency(us), 136
[CLEANUP], 99thPercentileLatency(us), 312
[CLEANUP], 99.9PercentileLatency(us), 445
[CLEANUP], 99.99PercentileLatency(us), 445
[UPDATE], Operations, 50061
[UPDATE], AverageLatency(us), 560.7295099978027
[UPDATE], MinLatency(us), 164
[UPDATE], MaxLatency(us), 64383
[UPDATE], 50thPercentileLatency(us), 452
[UPDATE], 95thPercentileLatency(us), 1110
[UPDATE], 99thPercentileLatency(us), 1986
[UPDATE], 99.9PercentileLatency(us), 6591
[UPDATE], 99.99PercentileLatency(us), 34943
[UPDATE], Return=OK, 50061
