java -cp /mnt/dev/YCSB-aerospike-dist/aerospike-binding/conf:/mnt/dev/YCSB-aerospike-dist/conf:/mnt/dev/YCSB-aerospike-dist/lib/aerospike-client-3.1.2.jar:/mnt/dev/YCSB-aerospike-dist/lib/htrace-core4-4.1.0-incubating.jar:/mnt/dev/YCSB-aerospike-dist/lib/jbcrypt-0.3m.jar:/mnt/dev/YCSB-aerospike-dist/lib/jackson-mapper-asl-1.9.4.jar:/mnt/dev/YCSB-aerospike-dist/lib/aerospike-binding-0.18.0-SNAPSHOT.jar:/mnt/dev/YCSB-aerospike-dist/lib/HdrHistogram-2.1.12.jar:/mnt/dev/YCSB-aerospike-dist/lib/jackson-core-asl-1.9.4.jar:/mnt/dev/YCSB-aerospike-dist/lib/core-0.18.0-SNAPSHOT.jar:/mnt/dev/YCSB-aerospike-dist/lib/luaj-jse-3.0.jar:/mnt/dev/YCSB-aerospike-dist/lib/gnu-crypto-2.0.1.jar site.ycsb.Client -db site.ycsb.db.AerospikeClient -s -threads 256 -P /mnt/dev/YCSB-aerospike-dist/workloads/workloada -target 100000 -p recordcount=100000000 -p operationcount=1000000 -p fieldcount=10 -p fieldlength=128 -p fieldlengthdistribution=constant -p readallfields=true -p writeallfields=true -p insertorder=hashed -p requestdistribution=uniform -p readproportion=1 -p updateproportion=0 -p insertproportion=0 -p scanproportion=0 -p readmodifywriteproportion=0 -p measurementtype=hdrhistogram -p measurement.interval=both -p hdrhistogram.percentiles=50,95,99,99.9,99.99 -p status.interval=10 -p as.host=172.16.0.4 -p as.port=3000 -p as.namespace=ycsb -p as.timeout=10000 -t
Command line: -db site.ycsb.db.AerospikeClient -s -threads 256 -P /mnt/dev/YCSB-aerospike-dist/workloads/workloada -target 100000 -p recordcount=100000000 -p operationcount=1000000 -p fieldcount=10 -p fieldlength=128 -p fieldlengthdistribution=constant -p readallfields=true -p writeallfields=true -p insertorder=hashed -p requestdistribution=uniform -p readproportion=1 -p updateproportion=0 -p insertproportion=0 -p scanproportion=0 -p readmodifywriteproportion=0 -p measurementtype=hdrhistogram -p measurement.interval=both -p hdrhistogram.percentiles=50,95,99,99.9,99.99 -p status.interval=10 -p as.host=172.16.0.4 -p as.port=3000 -p as.namespace=ycsb -p as.timeout=10000 -t
YCSB Client 0.18.0-SNAPSHOT

Loading workload...
Starting test.
2026-09-13 13:13:12:061 0 sec: 0 operations; est completion in 0 second 
DBWrapper: report latency for each error is false and specific error codes to track for latency are: []
2026-09-13 13:13:22:001 10 sec: 974149 operations; 97405.16 current ops/sec; est completion in 1 second [READ: Count=974215, Max=16943, Min=209, Avg=301.84, 50=287, 90=363, 99=478, 99.9=903, 99.99=3551] [Intended-READ: Count=974655, Max=73023, Min=234, Avg=527.07, 50=347, 90=426, 99=1888, 99.9=42783, 99.99=58527] 
2026-09-13 13:13:22:279 10 sec: 1000000 operations; 92989.21 current ops/sec; [READ: Count=25785, Max=2020, Min=217, Avg=291.9, 50=283, 90=344, 99=429, 99.9=501, 99.99=1549] [CLEANUP: Count=256, Max=364, Min=16, Avg=40.8, 50=34, 90=60, 99=138, 99.9=364, 99.99=364] [Intended-READ: Count=25345, Max=2046, Min=247, Avg=350.09, 50=343, 90=403, 99=488, 99.9=559, 99.99=1611] [Intended-CLEANUP: Count=256, Max=365, Min=16, Avg=41.02, 50=34, 90=61, 99=138, 99.9=365, 99.99=365] 
[OVERALL], RunTime(ms), 10278
[OVERALL], Throughput(ops/sec), 97295.1936174353
[TOTAL_GCS_G1_Young_Generation], Count, 17
[TOTAL_GC_TIME_G1_Young_Generation], Time(ms), 38
[TOTAL_GC_TIME_%_G1_Young_Generation], Time(%), 0.3697217357462541
[TOTAL_GCS_G1_Old_Generation], Count, 0
[TOTAL_GC_TIME_G1_Old_Generation], Time(ms), 0
[TOTAL_GC_TIME_%_G1_Old_Generation], Time(%), 0.0
[TOTAL_GCs], Count, 17
[TOTAL_GC_TIME], Time(ms), 38
[TOTAL_GC_TIME_%], Time(%), 0.3697217357462541
[READ], Operations, 1000000
[READ], AverageLatency(us), 301.585451
[READ], MinLatency(us), 209
[READ], MaxLatency(us), 16943
[READ], 50thPercentileLatency(us), 287
[READ], 95thPercentileLatency(us), 393
[READ], 99thPercentileLatency(us), 477
[READ], 99.9PercentileLatency(us), 888
[READ], 99.99PercentileLatency(us), 3545
[READ], Return=OK, 1000000
[CLEANUP], Operations, 256
[CLEANUP], AverageLatency(us), 40.8046875
[CLEANUP], MinLatency(us), 16
[CLEANUP], MaxLatency(us), 364
[CLEANUP], 50thPercentileLatency(us), 34
[CLEANUP], 95thPercentileLatency(us), 74
[CLEANUP], 99thPercentileLatency(us), 138
[CLEANUP], 99.9PercentileLatency(us), 364
[CLEANUP], 99.99PercentileLatency(us), 364
[Intended-READ], Operations, 1000000
[Intended-READ], AverageLatency(us), 522.58216
[Intended-READ], MinLatency(us), 234
[Intended-READ], MaxLatency(us), 73023
[Intended-READ], 50thPercentileLatency(us), 347
[Intended-READ], 95thPercentileLatency(us), 460
[Intended-READ], 99thPercentileLatency(us), 1743
[Intended-READ], 99.9PercentileLatency(us), 42495
[Intended-READ], 99.99PercentileLatency(us), 58367
[Intended-CLEANUP], Operations, 256
[Intended-CLEANUP], AverageLatency(us), 41.015625
[Intended-CLEANUP], MinLatency(us), 16
[Intended-CLEANUP], MaxLatency(us), 365
[Intended-CLEANUP], 50thPercentileLatency(us), 34
[Intended-CLEANUP], 95thPercentileLatency(us), 75
[Intended-CLEANUP], 99thPercentileLatency(us), 138
[Intended-CLEANUP], 99.9PercentileLatency(us), 365
[Intended-CLEANUP], 99.99PercentileLatency(us), 365
