java -cp /mnt/dev/YCSB-aerospike-dist/aerospike-binding/conf:/mnt/dev/YCSB-aerospike-dist/conf:/mnt/dev/YCSB-aerospike-dist/lib/aerospike-client-3.1.2.jar:/mnt/dev/YCSB-aerospike-dist/lib/htrace-core4-4.1.0-incubating.jar:/mnt/dev/YCSB-aerospike-dist/lib/jbcrypt-0.3m.jar:/mnt/dev/YCSB-aerospike-dist/lib/jackson-mapper-asl-1.9.4.jar:/mnt/dev/YCSB-aerospike-dist/lib/aerospike-binding-0.18.0-SNAPSHOT.jar:/mnt/dev/YCSB-aerospike-dist/lib/HdrHistogram-2.1.12.jar:/mnt/dev/YCSB-aerospike-dist/lib/jackson-core-asl-1.9.4.jar:/mnt/dev/YCSB-aerospike-dist/lib/core-0.18.0-SNAPSHOT.jar:/mnt/dev/YCSB-aerospike-dist/lib/luaj-jse-3.0.jar:/mnt/dev/YCSB-aerospike-dist/lib/gnu-crypto-2.0.1.jar site.ycsb.Client -db site.ycsb.db.AerospikeClient -s -threads 256 -P /mnt/dev/YCSB-aerospike-dist/workloads/workloada -target 100000 -p recordcount=100000000 -p operationcount=5000000 -p fieldcount=10 -p fieldlength=128 -p fieldlengthdistribution=constant -p readallfields=true -p writeallfields=true -p insertorder=hashed -p requestdistribution=uniform -p readproportion=1 -p updateproportion=0 -p insertproportion=0 -p scanproportion=0 -p readmodifywriteproportion=0 -p measurementtype=hdrhistogram -p measurement.interval=both -p hdrhistogram.percentiles=50,95,99,99.9,99.99 -p status.interval=10 -p as.host=172.16.0.4 -p as.port=3000 -p as.namespace=ycsb -p as.timeout=10000 -t
Command line: -db site.ycsb.db.AerospikeClient -s -threads 256 -P /mnt/dev/YCSB-aerospike-dist/workloads/workloada -target 100000 -p recordcount=100000000 -p operationcount=5000000 -p fieldcount=10 -p fieldlength=128 -p fieldlengthdistribution=constant -p readallfields=true -p writeallfields=true -p insertorder=hashed -p requestdistribution=uniform -p readproportion=1 -p updateproportion=0 -p insertproportion=0 -p scanproportion=0 -p readmodifywriteproportion=0 -p measurementtype=hdrhistogram -p measurement.interval=both -p hdrhistogram.percentiles=50,95,99,99.9,99.99 -p status.interval=10 -p as.host=172.16.0.4 -p as.port=3000 -p as.namespace=ycsb -p as.timeout=10000 -t
YCSB Client 0.18.0-SNAPSHOT

Loading workload...
Starting test.
2026-09-13 13:13:23:620 0 sec: 0 operations; est completion in 0 second 
DBWrapper: report latency for each error is false and specific error codes to track for latency are: []
2026-09-13 13:13:33:559 10 sec: 977858 operations; 97785.8 current ops/sec; est completion in 42 seconds [READ: Count=977930, Max=30335, Min=212, Avg=301.74, 50=286, 90=359, 99=467, 99.9=871, 99.99=18863] [Intended-READ: Count=978440, Max=75711, Min=228, Avg=425.02, 50=345, 90=421, 99=628, 99.9=21471, 99.99=46495] 
2026-09-13 13:13:43:559 20 sec: 1977849 operations; 99999.1 current ops/sec; est completion in 31 seconds [READ: Count=999956, Max=4371, Min=213, Avg=296.75, 50=285, 90=357, 99=447, 99.9=564, 99.99=1546] [Intended-READ: Count=999677, Max=4431, Min=227, Avg=356.74, 50=345, 90=418, 99=513, 99.9=1358, 99.99=2693] 
2026-09-13 13:13:53:559 30 sec: 2977838 operations; 99998.9 current ops/sec; est completion in 21 seconds [READ: Count=999981, Max=1867, Min=212, Avg=295.14, 50=285, 90=353, 99=440, 99.9=550, 99.99=1314] [Intended-READ: Count=999934, Max=1914, Min=231, Avg=354.27, 50=344, 90=412, 99=503, 99.9=1186, 99.99=1469] 
2026-09-13 13:14:03:559 40 sec: 3977830 operations; 99999.2 current ops/sec; est completion in 11 seconds [READ: Count=1000018, Max=1765, Min=211, Avg=294.86, 50=285, 90=352, 99=435, 99.9=535, 99.99=1245] [Intended-READ: Count=999895, Max=1910, Min=232, Avg=353.89, 50=344, 90=412, 99=499, 99.9=1105, 99.99=1412] 
2026-09-13 13:14:13:559 50 sec: 4977846 operations; 100001.6 current ops/sec; est completion in 1 second [READ: Count=1000011, Max=1739, Min=210, Avg=294.35, 50=285, 90=350, 99=434, 99.9=538, 99.99=1244] [Intended-READ: Count=1000003, Max=2006, Min=231, Avg=353.52, 50=344, 90=409, 99=498, 99.9=1152, 99.99=1438] 
2026-09-13 13:14:13:802 50 sec: 5000000 operations; 91168.72 current ops/sec; [READ: Count=22104, Max=762, Min=214, Avg=295.73, 50=285, 90=356, 99=445, 99.9=531, 99.99=605] [CLEANUP: Count=256, Max=309, Min=21, Avg=42.84, 50=34, 90=71, 99=144, 99.9=309, 99.99=309] [Intended-READ: Count=22051, Max=824, Min=239, Avg=353.77, 50=344, 90=415, 99=506, 99.9=591, 99.99=665] [Intended-CLEANUP: Count=256, Max=310, Min=21, Avg=43.1, 50=34, 90=71, 99=144, 99.9=310, 99.99=310] 
[OVERALL], RunTime(ms), 50242
[OVERALL], Throughput(ops/sec), 99518.33127662116
[TOTAL_GCS_G1_Young_Generation], Count, 71
[TOTAL_GC_TIME_G1_Young_Generation], Time(ms), 87
[TOTAL_GC_TIME_%_G1_Young_Generation], Time(%), 0.1731618964213208
[TOTAL_GCS_G1_Old_Generation], Count, 0
[TOTAL_GC_TIME_G1_Old_Generation], Time(ms), 0
[TOTAL_GC_TIME_%_G1_Old_Generation], Time(%), 0.0
[TOTAL_GCs], Count, 71
[TOTAL_GC_TIME], Time(ms), 87
[TOTAL_GC_TIME_%], Time(%), 0.1731618964213208
[READ], Operations, 5000000
[READ], AverageLatency(us), 296.5409208
[READ], MinLatency(us), 210
[READ], MaxLatency(us), 30335
[READ], 50thPercentileLatency(us), 285
[READ], 95thPercentileLatency(us), 381
[READ], 99thPercentileLatency(us), 444
[READ], 99.9PercentileLatency(us), 581
[READ], 99.99PercentileLatency(us), 2367
[READ], Return=OK, 5000000
[CLEANUP], Operations, 256
[CLEANUP], AverageLatency(us), 42.84375
[CLEANUP], MinLatency(us), 21
[CLEANUP], MaxLatency(us), 309
[CLEANUP], 50thPercentileLatency(us), 34
[CLEANUP], 95thPercentileLatency(us), 93
[CLEANUP], 99thPercentileLatency(us), 144
[CLEANUP], 99.9PercentileLatency(us), 309
[CLEANUP], 99.99PercentileLatency(us), 309
[Intended-READ], Operations, 5000000
[Intended-READ], AverageLatency(us), 368.3800978
[Intended-READ], MinLatency(us), 227
[Intended-READ], MaxLatency(us), 75711
[Intended-READ], 50thPercentileLatency(us), 344
[Intended-READ], 95thPercentileLatency(us), 443
[Intended-READ], 99thPercentileLatency(us), 515
[Intended-READ], 99.9PercentileLatency(us), 2767
[Intended-READ], 99.99PercentileLatency(us), 27039
[Intended-CLEANUP], Operations, 256
[Intended-CLEANUP], AverageLatency(us), 43.09765625
[Intended-CLEANUP], MinLatency(us), 21
[Intended-CLEANUP], MaxLatency(us), 310
[Intended-CLEANUP], 50thPercentileLatency(us), 34
[Intended-CLEANUP], 95thPercentileLatency(us), 93
[Intended-CLEANUP], 99thPercentileLatency(us), 144
[Intended-CLEANUP], 99.9PercentileLatency(us), 310
[Intended-CLEANUP], 99.99PercentileLatency(us), 310
