java -cp /mnt/dev/YCSB-aerospike-dist/aerospike-binding/conf:/mnt/dev/YCSB-aerospike-dist/conf:/mnt/dev/YCSB-aerospike-dist/lib/aerospike-client-3.1.2.jar:/mnt/dev/YCSB-aerospike-dist/lib/htrace-core4-4.1.0-incubating.jar:/mnt/dev/YCSB-aerospike-dist/lib/jbcrypt-0.3m.jar:/mnt/dev/YCSB-aerospike-dist/lib/jackson-mapper-asl-1.9.4.jar:/mnt/dev/YCSB-aerospike-dist/lib/aerospike-binding-0.18.0-SNAPSHOT.jar:/mnt/dev/YCSB-aerospike-dist/lib/HdrHistogram-2.1.12.jar:/mnt/dev/YCSB-aerospike-dist/lib/jackson-core-asl-1.9.4.jar:/mnt/dev/YCSB-aerospike-dist/lib/core-0.18.0-SNAPSHOT.jar:/mnt/dev/YCSB-aerospike-dist/lib/luaj-jse-3.0.jar:/mnt/dev/YCSB-aerospike-dist/lib/gnu-crypto-2.0.1.jar site.ycsb.Client -db site.ycsb.db.AerospikeClient -s -threads 256 -P /mnt/dev/YCSB-aerospike-dist/workloads/workloada -p recordcount=210000000 -p operationcount=5000000 -p fieldcount=10 -p fieldlength=128 -p fieldlengthdistribution=constant -p readallfields=true -p writeallfields=true -p insertorder=hashed -p requestdistribution=uniform -p readproportion=0.95 -p updateproportion=0 -p insertproportion=0.05 -p scanproportion=0 -p readmodifywriteproportion=0 -p measurementtype=hdrhistogram -p measurement.interval=op -p hdrhistogram.percentiles=50,95,99,99.9,99.99 -p status.interval=10 -p insertstart=0 -p insertcount=100000000 -p as.host=172.16.0.4 -p as.port=3000 -p as.namespace=ycsb -p as.timeout=10000 -t
Command line: -db site.ycsb.db.AerospikeClient -s -threads 256 -P /mnt/dev/YCSB-aerospike-dist/workloads/workloada -p recordcount=210000000 -p operationcount=5000000 -p fieldcount=10 -p fieldlength=128 -p fieldlengthdistribution=constant -p readallfields=true -p writeallfields=true -p insertorder=hashed -p requestdistribution=uniform -p readproportion=0.95 -p updateproportion=0 -p insertproportion=0.05 -p scanproportion=0 -p readmodifywriteproportion=0 -p measurementtype=hdrhistogram -p measurement.interval=op -p hdrhistogram.percentiles=50,95,99,99.9,99.99 -p status.interval=10 -p insertstart=0 -p insertcount=100000000 -p as.host=172.16.0.4 -p as.port=3000 -p as.namespace=ycsb -p as.timeout=10000 -t
YCSB Client 0.18.0-SNAPSHOT

Loading workload...
Starting test.
2026-09-13 13:01:58:396 0 sec: 0 operations; est completion in 0 second 
DBWrapper: report latency for each error is false and specific error codes to track for latency are: []
2026-09-13 13:02:08:295 10 sec: 3887319 operations; 388693.03 current ops/sec; est completion in 3 second [READ: Count=3693288, Max=179839, Min=173, Avg=630.21, 50=557, 90=926, 99=1573, 99.9=4057, 99.99=19375] [INSERT: Count=194736, Max=40127, Min=156, Avg=497.6, 50=431, 90=770, 99=1375, 99.9=3439, 99.99=14055] 
2026-09-13 13:02:12:038 13 sec: 5000000 operations; 297269.84 current ops/sec; [READ: Count=1057074, Max=5099, Min=219, Avg=549.68, 50=500, 90=813, 99=1291, 99.9=2259, 99.99=3877] [CLEANUP: Count=256, Max=1116, Min=27, Avg=78.23, 50=55, 90=133, 99=270, 99.9=1116, 99.99=1116] [INSERT: Count=54902, Max=4049, Min=158, Avg=433.4, 50=386, 90=673, 99=1107, 99.9=1829, 99.99=2685] 
[OVERALL], RunTime(ms), 13743
[OVERALL], Throughput(ops/sec), 363821.5818962381
[TOTAL_GCS_G1_Young_Generation], Count, 58
[TOTAL_GC_TIME_G1_Young_Generation], Time(ms), 95
[TOTAL_GC_TIME_%_G1_Young_Generation], Time(%), 0.6912610056028523
[TOTAL_GCS_G1_Old_Generation], Count, 0
[TOTAL_GC_TIME_G1_Old_Generation], Time(ms), 0
[TOTAL_GC_TIME_%_G1_Old_Generation], Time(%), 0.0
[TOTAL_GCs], Count, 58
[TOTAL_GC_TIME], Time(ms), 95
[TOTAL_GC_TIME_%], Time(%), 0.6912610056028523
[READ], Operations, 4750362
[READ], AverageLatency(us), 612.2932126014817
[READ], MinLatency(us), 173
[READ], MaxLatency(us), 179839
[READ], 50thPercentileLatency(us), 544
[READ], 95thPercentileLatency(us), 1062
[READ], 99thPercentileLatency(us), 1516
[READ], 99.9PercentileLatency(us), 3777
[READ], 99.99PercentileLatency(us), 16207
[READ], Return=OK, 4750362
[CLEANUP], Operations, 256
[CLEANUP], AverageLatency(us), 78.234375
[CLEANUP], MinLatency(us), 27
[CLEANUP], MaxLatency(us), 1116
[CLEANUP], 50thPercentileLatency(us), 55
[CLEANUP], 95thPercentileLatency(us), 165
[CLEANUP], 99thPercentileLatency(us), 270
[CLEANUP], 99.9PercentileLatency(us), 1116
[CLEANUP], 99.99PercentileLatency(us), 1116
[INSERT], Operations, 249638
[INSERT], AverageLatency(us), 483.4824626058533
[INSERT], MinLatency(us), 156
[INSERT], MaxLatency(us), 40127
[INSERT], 50thPercentileLatency(us), 421
[INSERT], 95thPercentileLatency(us), 896
[INSERT], 99thPercentileLatency(us), 1322
[INSERT], 99.9PercentileLatency(us), 3173
[INSERT], 99.99PercentileLatency(us), 12975
[INSERT], Return=OK, 249638
