java -cp /mnt/dev/YCSB-hreplace-dist/redis-binding/conf:/mnt/dev/YCSB-hreplace-dist/conf:/mnt/dev/YCSB-hreplace-dist/lib/htrace-core4-4.1.0-incubating.jar:/mnt/dev/YCSB-hreplace-dist/lib/slf4j-api-1.7.25.jar:/mnt/dev/YCSB-hreplace-dist/lib/jackson-mapper-asl-1.9.4.jar:/mnt/dev/YCSB-hreplace-dist/lib/HdrHistogram-2.1.12.jar:/mnt/dev/YCSB-hreplace-dist/lib/jackson-core-asl-1.9.4.jar:/mnt/dev/YCSB-hreplace-dist/lib/jedis-3.9.0.jar:/mnt/dev/YCSB-hreplace-dist/lib/core-0.18.0-SNAPSHOT.jar:/mnt/dev/YCSB-hreplace-dist/lib/commons-pool2-2.11.1.jar:/mnt/dev/YCSB-hreplace-dist/lib/redis-binding-0.18.0-SNAPSHOT.jar site.ycsb.Client -db site.ycsb.db.RedisClient -s -threads 256 -P /mnt/dev/YCSB-hreplace-dist/workloads/workloada -p recordcount=100000000 -p operationcount=5000000 -p fieldcount=10 -p fieldlength=128 -p fieldlengthdistribution=constant -p readallfields=true -p writeallfields=true -p insertorder=hashed -p requestdistribution=uniform -p readproportion=1 -p updateproportion=0 -p insertproportion=0 -p scanproportion=0 -p readmodifywriteproportion=0 -p measurementtype=hdrhistogram -p measurement.interval=both -p hdrhistogram.percentiles=50,95,99,99.9,99.99 -p status.interval=10 -p redis.host=172.16.0.4 -p redis.port=16379 -p redis.scanindex=none -p redis.timeout=10000 -p redis.cluster=false -p redis.updatecommand=hmset -t
Command line: -db site.ycsb.db.RedisClient -s -threads 256 -P /mnt/dev/YCSB-hreplace-dist/workloads/workloada -p recordcount=100000000 -p operationcount=5000000 -p fieldcount=10 -p fieldlength=128 -p fieldlengthdistribution=constant -p readallfields=true -p writeallfields=true -p insertorder=hashed -p requestdistribution=uniform -p readproportion=1 -p updateproportion=0 -p insertproportion=0 -p scanproportion=0 -p readmodifywriteproportion=0 -p measurementtype=hdrhistogram -p measurement.interval=both -p hdrhistogram.percentiles=50,95,99,99.9,99.99 -p status.interval=10 -p redis.host=172.16.0.4 -p redis.port=16379 -p redis.scanindex=none -p redis.timeout=10000 -p redis.cluster=false -p redis.updatecommand=hmset -t
YCSB Client 0.18.0-SNAPSHOT

Loading workload...
Starting test.
SLF4J: Failed to load class "org.slf4j.impl.StaticLoggerBinder".
SLF4J: Defaulting to no-operation (NOP) logger implementation
SLF4J: See http://www.slf4j.org/codes.html#StaticLoggerBinder for further details.
2026-09-13 15:28:45:358 0 sec: 0 operations; est completion in 0 second 
DBWrapper: report latency for each error is false and specific error codes to track for latency are: []
2026-09-13 15:28:55:281 10 sec: 4993230 operations; 499273.07 current ops/sec; est completion in 1 second [READ: Count=4993259, Max=30095, Min=209, Avg=469.8, 50=446, 90=574, 99=960, 99.9=3145, 99.99=7535] [CLEANUP: Count=242, Max=796, Min=13, Avg=44.65, 50=29, 90=79, 99=334, 99.9=796, 99.99=796] [Intended-READ: Count=4993427, Max=30095, Min=209, Avg=469.83, 50=446, 90=574, 99=960, 99.9=3145, 99.99=7535] [Intended-CLEANUP: Count=242, Max=797, Min=13, Avg=45.13, 50=29, 90=79, 99=335, 99.9=797, 99.99=797] 
2026-09-13 15:28:55:786 10 sec: 5000000 operations; 13432.54 current ops/sec; [READ: Count=6741, Max=673, Min=242, Avg=348.22, 50=348, 90=402, 99=453, 99.9=522, 99.99=673] [CLEANUP: Count=14, Max=37, Min=16, Avg=21.07, 50=21, 90=27, 99=37, 99.9=37, 99.99=37] [Intended-READ: Count=6573, Max=673, Min=242, Avg=348.42, 50=348, 90=402, 99=454, 99.9=522, 99.99=673] [Intended-CLEANUP: Count=14, Max=38, Min=17, Avg=21.43, 50=21, 90=27, 99=38, 99.9=38, 99.99=38] 
[OVERALL], RunTime(ms), 10504
[OVERALL], Throughput(ops/sec), 476009.139375476
[TOTAL_GCS_G1_Young_Generation], Count, 75
[TOTAL_GC_TIME_G1_Young_Generation], Time(ms), 71
[TOTAL_GC_TIME_%_G1_Young_Generation], Time(%), 0.675932977913176
[TOTAL_GCS_G1_Old_Generation], Count, 0
[TOTAL_GC_TIME_G1_Old_Generation], Time(ms), 0
[TOTAL_GC_TIME_%_G1_Old_Generation], Time(%), 0.0
[TOTAL_GCs], Count, 75
[TOTAL_GC_TIME], Time(ms), 71
[TOTAL_GC_TIME_%], Time(%), 0.675932977913176
[READ], Operations, 5000000
[READ], AverageLatency(us), 469.6317816
[READ], MinLatency(us), 209
[READ], MaxLatency(us), 30095
[READ], 50thPercentileLatency(us), 446
[READ], 95thPercentileLatency(us), 630
[READ], 99thPercentileLatency(us), 960
[READ], 99.9PercentileLatency(us), 3143
[READ], 99.99PercentileLatency(us), 7531
[READ], Return=OK, 5000000
[CLEANUP], Operations, 256
[CLEANUP], AverageLatency(us), 43.36328125
[CLEANUP], MinLatency(us), 13
[CLEANUP], MaxLatency(us), 796
[CLEANUP], 50thPercentileLatency(us), 28
[CLEANUP], 95thPercentileLatency(us), 100
[CLEANUP], 99thPercentileLatency(us), 334
[CLEANUP], 99.9PercentileLatency(us), 796
[CLEANUP], 99.99PercentileLatency(us), 796
[Intended-READ], Operations, 5000000
[Intended-READ], AverageLatency(us), 469.6679066
[Intended-READ], MinLatency(us), 209
[Intended-READ], MaxLatency(us), 30095
[Intended-READ], 50thPercentileLatency(us), 446
[Intended-READ], 95thPercentileLatency(us), 630
[Intended-READ], 99thPercentileLatency(us), 960
[Intended-READ], 99.9PercentileLatency(us), 3143
[Intended-READ], 99.99PercentileLatency(us), 7531
[Intended-CLEANUP], Operations, 256
[Intended-CLEANUP], AverageLatency(us), 43.83203125
[Intended-CLEANUP], MinLatency(us), 13
[Intended-CLEANUP], MaxLatency(us), 797
[Intended-CLEANUP], 50thPercentileLatency(us), 28
[Intended-CLEANUP], 95thPercentileLatency(us), 102
[Intended-CLEANUP], 99thPercentileLatency(us), 335
[Intended-CLEANUP], 99.9PercentileLatency(us), 797
[Intended-CLEANUP], 99.99PercentileLatency(us), 797
