java -cp /mnt/dev/YCSB-hreplace-dist/redis-binding/conf:/mnt/dev/YCSB-hreplace-dist/conf:/mnt/dev/YCSB-hreplace-dist/lib/htrace-core4-4.1.0-incubating.jar:/mnt/dev/YCSB-hreplace-dist/lib/slf4j-api-1.7.25.jar:/mnt/dev/YCSB-hreplace-dist/lib/jackson-mapper-asl-1.9.4.jar:/mnt/dev/YCSB-hreplace-dist/lib/HdrHistogram-2.1.12.jar:/mnt/dev/YCSB-hreplace-dist/lib/jackson-core-asl-1.9.4.jar:/mnt/dev/YCSB-hreplace-dist/lib/jedis-3.9.0.jar:/mnt/dev/YCSB-hreplace-dist/lib/core-0.18.0-SNAPSHOT.jar:/mnt/dev/YCSB-hreplace-dist/lib/commons-pool2-2.11.1.jar:/mnt/dev/YCSB-hreplace-dist/lib/redis-binding-0.18.0-SNAPSHOT.jar site.ycsb.Client -db site.ycsb.db.RedisClient -s -threads 256 -P /mnt/dev/YCSB-hreplace-dist/workloads/workloada -target 100000 -p recordcount=100000000 -p operationcount=1000000 -p fieldcount=10 -p fieldlength=128 -p fieldlengthdistribution=constant -p readallfields=true -p writeallfields=true -p insertorder=hashed -p requestdistribution=uniform -p readproportion=0.5 -p updateproportion=0.5 -p insertproportion=0 -p scanproportion=0 -p readmodifywriteproportion=0 -p measurementtype=hdrhistogram -p measurement.interval=both -p hdrhistogram.percentiles=50,95,99,99.9,99.99 -p status.interval=10 -p redis.host=172.16.0.4 -p redis.port=16379 -p redis.scanindex=none -p redis.timeout=10000 -p redis.cluster=false -p redis.updatecommand=keylane.hreplace -t
Command line: -db site.ycsb.db.RedisClient -s -threads 256 -P /mnt/dev/YCSB-hreplace-dist/workloads/workloada -target 100000 -p recordcount=100000000 -p operationcount=1000000 -p fieldcount=10 -p fieldlength=128 -p fieldlengthdistribution=constant -p readallfields=true -p writeallfields=true -p insertorder=hashed -p requestdistribution=uniform -p readproportion=0.5 -p updateproportion=0.5 -p insertproportion=0 -p scanproportion=0 -p readmodifywriteproportion=0 -p measurementtype=hdrhistogram -p measurement.interval=both -p hdrhistogram.percentiles=50,95,99,99.9,99.99 -p status.interval=10 -p redis.host=172.16.0.4 -p redis.port=16379 -p redis.scanindex=none -p redis.timeout=10000 -p redis.cluster=false -p redis.updatecommand=keylane.hreplace -t
YCSB Client 0.18.0-SNAPSHOT

Loading workload...
Starting test.
SLF4J: Failed to load class "org.slf4j.impl.StaticLoggerBinder".
SLF4J: Defaulting to no-operation (NOP) logger implementation
SLF4J: See http://www.slf4j.org/codes.html#StaticLoggerBinder for further details.
2026-09-13 16:31:29:323 0 sec: 0 operations; est completion in 0 second 
DBWrapper: report latency for each error is false and specific error codes to track for latency are: []
2026-09-13 16:31:39:220 10 sec: 987254 operations; 98725.4 current ops/sec; est completion in 1 second [READ: Count=493425, Max=23647, Min=167, Avg=325.12, 50=295, 90=358, 99=898, 99.9=4227, 99.99=9207] [UPDATE: Count=494164, Max=14959, Min=150, Avg=242.65, 50=217, 90=279, 99=852, 99.9=2763, 99.99=4443] [Intended-READ: Count=493781, Max=100735, Min=193, Avg=590.62, 50=354, 90=421, 99=2739, 99.9=55295, 99.99=88511] [Intended-UPDATE: Count=494392, Max=102527, Min=172, Avg=503.73, 50=276, 90=341, 99=2079, 99.9=55679, 99.99=87423] 
2026-09-13 16:31:39:365 10 sec: 1000000 operations; 87301.37 current ops/sec; [READ: Count=6381, Max=1067, Min=171, Avg=294.64, 50=291, 90=329, 99=411, 99.9=607, 99.99=1067] [CLEANUP: Count=256, Max=814, Min=10, Avg=40.73, 50=16, 90=32, 99=758, 99.9=814, 99.99=814] [UPDATE: Count=6030, Max=3061, Min=158, Avg=219.52, 50=213, 90=248, 99=348, 99.9=732, 99.99=3061] [Intended-READ: Count=6025, Max=2171, Min=232, Avg=352.87, 50=349, 90=389, 99=478, 99.9=838, 99.99=2171] [Intended-CLEANUP: Count=256, Max=815, Min=10, Avg=40.96, 50=17, 90=33, 99=759, 99.9=815, 99.99=815] [Intended-UPDATE: Count=5802, Max=3519, Min=177, Avg=278.81, 50=272, 90=309, 99=421, 99.9=1178, 99.99=3519] 
[OVERALL], RunTime(ms), 10145
[OVERALL], Throughput(ops/sec), 98570.72449482503
[TOTAL_GCS_G1_Young_Generation], Count, 29
[TOTAL_GC_TIME_G1_Young_Generation], Time(ms), 27
[TOTAL_GC_TIME_%_G1_Young_Generation], Time(%), 0.2661409561360276
[TOTAL_GCS_G1_Old_Generation], Count, 0
[TOTAL_GC_TIME_G1_Old_Generation], Time(ms), 0
[TOTAL_GC_TIME_%_G1_Old_Generation], Time(%), 0.0
[TOTAL_GCs], Count, 29
[TOTAL_GC_TIME], Time(ms), 27
[TOTAL_GC_TIME_%], Time(%), 0.2661409561360276
[READ], Operations, 499806
[READ], AverageLatency(us), 324.73293437853886
[READ], MinLatency(us), 167
[READ], MaxLatency(us), 23647
[READ], 50thPercentileLatency(us), 295
[READ], 95thPercentileLatency(us), 397
[READ], 99thPercentileLatency(us), 888
[READ], 99.9PercentileLatency(us), 4199
[READ], 99.99PercentileLatency(us), 9207
[READ], Return=OK, 499806
[CLEANUP], Operations, 256
[CLEANUP], AverageLatency(us), 40.73046875
[CLEANUP], MinLatency(us), 10
[CLEANUP], MaxLatency(us), 814
[CLEANUP], 50thPercentileLatency(us), 16
[CLEANUP], 95thPercentileLatency(us), 102
[CLEANUP], 99thPercentileLatency(us), 758
[CLEANUP], 99.9PercentileLatency(us), 814
[CLEANUP], 99.99PercentileLatency(us), 814
[UPDATE], Operations, 500194
[UPDATE], AverageLatency(us), 242.37111200854068
[UPDATE], MinLatency(us), 150
[UPDATE], MaxLatency(us), 14959
[UPDATE], 50thPercentileLatency(us), 217
[UPDATE], 95thPercentileLatency(us), 319
[UPDATE], 99thPercentileLatency(us), 845
[UPDATE], 99.9PercentileLatency(us), 2759
[UPDATE], 99.99PercentileLatency(us), 4419
[UPDATE], Return=OK, 500194
[Intended-READ], Operations, 499806
[Intended-READ], AverageLatency(us), 587.7543546896196
[Intended-READ], MinLatency(us), 193
[Intended-READ], MaxLatency(us), 100735
[Intended-READ], 50thPercentileLatency(us), 354
[Intended-READ], 95thPercentileLatency(us), 470
[Intended-READ], 99thPercentileLatency(us), 2681
[Intended-READ], 99.9PercentileLatency(us), 54911
[Intended-READ], 99.99PercentileLatency(us), 88511
[Intended-CLEANUP], Operations, 256
[Intended-CLEANUP], AverageLatency(us), 40.95703125
[Intended-CLEANUP], MinLatency(us), 10
[Intended-CLEANUP], MaxLatency(us), 815
[Intended-CLEANUP], 50thPercentileLatency(us), 17
[Intended-CLEANUP], 95thPercentileLatency(us), 102
[Intended-CLEANUP], 99thPercentileLatency(us), 759
[Intended-CLEANUP], 99.9PercentileLatency(us), 815
[Intended-CLEANUP], 99.99PercentileLatency(us), 815
[Intended-UPDATE], Operations, 500194
[Intended-UPDATE], AverageLatency(us), 501.12113499962015
[Intended-UPDATE], MinLatency(us), 172
[Intended-UPDATE], MaxLatency(us), 102527
[Intended-UPDATE], 50thPercentileLatency(us), 276
[Intended-UPDATE], 95thPercentileLatency(us), 387
[Intended-UPDATE], 99thPercentileLatency(us), 2038
[Intended-UPDATE], 99.9PercentileLatency(us), 55391
[Intended-UPDATE], 99.99PercentileLatency(us), 87359
