java -cp /mnt/dev/YCSB-aerospike-dist/aerospike-binding/conf:/mnt/dev/YCSB-aerospike-dist/conf:/mnt/dev/YCSB-aerospike-dist/lib/aerospike-client-3.1.2.jar:/mnt/dev/YCSB-aerospike-dist/lib/htrace-core4-4.1.0-incubating.jar:/mnt/dev/YCSB-aerospike-dist/lib/jbcrypt-0.3m.jar:/mnt/dev/YCSB-aerospike-dist/lib/jackson-mapper-asl-1.9.4.jar:/mnt/dev/YCSB-aerospike-dist/lib/aerospike-binding-0.18.0-SNAPSHOT.jar:/mnt/dev/YCSB-aerospike-dist/lib/HdrHistogram-2.1.12.jar:/mnt/dev/YCSB-aerospike-dist/lib/jackson-core-asl-1.9.4.jar:/mnt/dev/YCSB-aerospike-dist/lib/core-0.18.0-SNAPSHOT.jar:/mnt/dev/YCSB-aerospike-dist/lib/luaj-jse-3.0.jar:/mnt/dev/YCSB-aerospike-dist/lib/gnu-crypto-2.0.1.jar site.ycsb.Client -db site.ycsb.db.AerospikeClient -s -threads 256 -P /mnt/dev/YCSB-aerospike-dist/workloads/workloada -p recordcount=100000000 -p operationcount=1000000 -p fieldcount=10 -p fieldlength=128 -p fieldlengthdistribution=constant -p readallfields=true -p writeallfields=true -p insertorder=hashed -p requestdistribution=uniform -p readproportion=1 -p updateproportion=0 -p insertproportion=0 -p scanproportion=0 -p readmodifywriteproportion=0 -p measurementtype=hdrhistogram -p measurement.interval=both -p hdrhistogram.percentiles=50,95,99,99.9,99.99 -p status.interval=10 -p as.host=172.16.0.4 -p as.port=3000 -p as.namespace=ycsb -p as.timeout=10000 -t
Command line: -db site.ycsb.db.AerospikeClient -s -threads 256 -P /mnt/dev/YCSB-aerospike-dist/workloads/workloada -p recordcount=100000000 -p operationcount=1000000 -p fieldcount=10 -p fieldlength=128 -p fieldlengthdistribution=constant -p readallfields=true -p writeallfields=true -p insertorder=hashed -p requestdistribution=uniform -p readproportion=1 -p updateproportion=0 -p insertproportion=0 -p scanproportion=0 -p readmodifywriteproportion=0 -p measurementtype=hdrhistogram -p measurement.interval=both -p hdrhistogram.percentiles=50,95,99,99.9,99.99 -p status.interval=10 -p as.host=172.16.0.4 -p as.port=3000 -p as.namespace=ycsb -p as.timeout=10000 -t
YCSB Client 0.18.0-SNAPSHOT

Loading workload...
Starting test.
2026-09-13 16:39:45:376 0 sec: 0 operations; est completion in 0 second 
DBWrapper: report latency for each error is false and specific error codes to track for latency are: []
2026-09-13 16:39:48:658 3 sec: 1000000 operations; 299401.2 current ops/sec; [READ: Count=1000000, Max=155007, Min=215, Avg=665.74, 50=433, 90=855, 99=5123, 99.9=13567, 99.99=32015] [CLEANUP: Count=256, Max=708, Min=23, Avg=60.11, 50=42, 90=95, 99=484, 99.9=708, 99.99=708] [Intended-READ: Count=1000000, Max=155007, Min=215, Avg=665.78, 50=433, 90=855, 99=5123, 99.9=13567, 99.99=32015] [Intended-CLEANUP: Count=256, Max=709, Min=23, Avg=60.48, 50=42, 90=95, 99=484, 99.9=709, 99.99=709] 
[OVERALL], RunTime(ms), 3339
[OVERALL], Throughput(ops/sec), 299490.8655286014
[TOTAL_GCS_G1_Young_Generation], Count, 15
[TOTAL_GC_TIME_G1_Young_Generation], Time(ms), 24
[TOTAL_GC_TIME_%_G1_Young_Generation], Time(%), 0.7187780772686434
[TOTAL_GCS_G1_Old_Generation], Count, 0
[TOTAL_GC_TIME_G1_Old_Generation], Time(ms), 0
[TOTAL_GC_TIME_%_G1_Old_Generation], Time(%), 0.0
[TOTAL_GCs], Count, 15
[TOTAL_GC_TIME], Time(ms), 24
[TOTAL_GC_TIME_%], Time(%), 0.7187780772686434
[READ], Operations, 1000000
[READ], AverageLatency(us), 665.74294
[READ], MinLatency(us), 215
[READ], MaxLatency(us), 155007
[READ], 50thPercentileLatency(us), 433
[READ], 95thPercentileLatency(us), 1777
[READ], 99thPercentileLatency(us), 5123
[READ], 99.9PercentileLatency(us), 13567
[READ], 99.99PercentileLatency(us), 32015
[READ], Return=OK, 1000000
[CLEANUP], Operations, 256
[CLEANUP], AverageLatency(us), 60.11328125
[CLEANUP], MinLatency(us), 23
[CLEANUP], MaxLatency(us), 708
[CLEANUP], 50thPercentileLatency(us), 42
[CLEANUP], 95thPercentileLatency(us), 149
[CLEANUP], 99thPercentileLatency(us), 484
[CLEANUP], 99.9PercentileLatency(us), 708
[CLEANUP], 99.99PercentileLatency(us), 708
[Intended-READ], Operations, 1000000
[Intended-READ], AverageLatency(us), 665.784189
[Intended-READ], MinLatency(us), 215
[Intended-READ], MaxLatency(us), 155007
[Intended-READ], 50thPercentileLatency(us), 433
[Intended-READ], 95thPercentileLatency(us), 1777
[Intended-READ], 99thPercentileLatency(us), 5123
[Intended-READ], 99.9PercentileLatency(us), 13567
[Intended-READ], 99.99PercentileLatency(us), 32015
[Intended-CLEANUP], Operations, 256
[Intended-CLEANUP], AverageLatency(us), 60.48046875
[Intended-CLEANUP], MinLatency(us), 23
[Intended-CLEANUP], MaxLatency(us), 709
[Intended-CLEANUP], 50thPercentileLatency(us), 42
[Intended-CLEANUP], 95thPercentileLatency(us), 150
[Intended-CLEANUP], 99thPercentileLatency(us), 484
[Intended-CLEANUP], 99.9PercentileLatency(us), 709
[Intended-CLEANUP], 99.99PercentileLatency(us), 709
