java -cp /mnt/dev/YCSB-hreplace-dist/redis-binding/conf:/mnt/dev/YCSB-hreplace-dist/conf:/mnt/dev/YCSB-hreplace-dist/lib/htrace-core4-4.1.0-incubating.jar:/mnt/dev/YCSB-hreplace-dist/lib/slf4j-api-1.7.25.jar:/mnt/dev/YCSB-hreplace-dist/lib/jackson-mapper-asl-1.9.4.jar:/mnt/dev/YCSB-hreplace-dist/lib/HdrHistogram-2.1.12.jar:/mnt/dev/YCSB-hreplace-dist/lib/jackson-core-asl-1.9.4.jar:/mnt/dev/YCSB-hreplace-dist/lib/jedis-3.9.0.jar:/mnt/dev/YCSB-hreplace-dist/lib/core-0.18.0-SNAPSHOT.jar:/mnt/dev/YCSB-hreplace-dist/lib/commons-pool2-2.11.1.jar:/mnt/dev/YCSB-hreplace-dist/lib/redis-binding-0.18.0-SNAPSHOT.jar site.ycsb.Client -db site.ycsb.db.RedisClient -s -threads 256 -P /mnt/dev/YCSB-hreplace-dist/workloads/workloada -p recordcount=100000000 -p operationcount=1000000 -p fieldcount=10 -p fieldlength=128 -p fieldlengthdistribution=constant -p readallfields=true -p writeallfields=true -p insertorder=hashed -p requestdistribution=uniform -p readproportion=0.5 -p updateproportion=0.5 -p insertproportion=0 -p scanproportion=0 -p readmodifywriteproportion=0 -p measurementtype=hdrhistogram -p measurement.interval=both -p hdrhistogram.percentiles=50,95,99,99.9,99.99 -p status.interval=10 -p redis.host=172.16.0.4 -p redis.port=16379 -p redis.scanindex=none -p redis.timeout=10000 -p redis.cluster=false -p redis.updatecommand=keylane.hreplace -t
Command line: -db site.ycsb.db.RedisClient -s -threads 256 -P /mnt/dev/YCSB-hreplace-dist/workloads/workloada -p recordcount=100000000 -p operationcount=1000000 -p fieldcount=10 -p fieldlength=128 -p fieldlengthdistribution=constant -p readallfields=true -p writeallfields=true -p insertorder=hashed -p requestdistribution=uniform -p readproportion=0.5 -p updateproportion=0.5 -p insertproportion=0 -p scanproportion=0 -p readmodifywriteproportion=0 -p measurementtype=hdrhistogram -p measurement.interval=both -p hdrhistogram.percentiles=50,95,99,99.9,99.99 -p status.interval=10 -p redis.host=172.16.0.4 -p redis.port=16379 -p redis.scanindex=none -p redis.timeout=10000 -p redis.cluster=false -p redis.updatecommand=keylane.hreplace -t
YCSB Client 0.18.0-SNAPSHOT

Loading workload...
Starting test.
SLF4J: Failed to load class "org.slf4j.impl.StaticLoggerBinder".
SLF4J: Defaulting to no-operation (NOP) logger implementation
SLF4J: See http://www.slf4j.org/codes.html#StaticLoggerBinder for further details.
2026-09-13 16:29:54:145 0 sec: 0 operations; est completion in 0 second 
DBWrapper: report latency for each error is false and specific error codes to track for latency are: []
2026-09-13 16:29:57:067 2 sec: 1000000 operations; 339789.33 current ops/sec; [READ: Count=501424, Max=73919, Min=187, Avg=716, 50=516, 90=1102, 99=4091, 99.9=11559, 99.99=45151] [CLEANUP: Count=256, Max=1334, Min=12, Avg=38.43, 50=24, 90=60, 99=134, 99.9=1334, 99.99=1334] [UPDATE: Count=498576, Max=72511, Min=155, Avg=629.61, 50=400, 90=1207, 99=3493, 99.9=13399, 99.99=47455] [Intended-READ: Count=501424, Max=73919, Min=187, Avg=716.04, 50=516, 90=1102, 99=4091, 99.9=11559, 99.99=45151] [Intended-CLEANUP: Count=256, Max=1335, Min=13, Avg=38.76, 50=25, 90=61, 99=135, 99.9=1335, 99.99=1335] [Intended-UPDATE: Count=498576, Max=72511, Min=155, Avg=629.66, 50=400, 90=1207, 99=3495, 99.9=13399, 99.99=47455] 
[OVERALL], RunTime(ms), 2942
[OVERALL], Throughput(ops/sec), 339904.8266485384
[TOTAL_GCS_G1_Young_Generation], Count, 19
[TOTAL_GC_TIME_G1_Young_Generation], Time(ms), 34
[TOTAL_GC_TIME_%_G1_Young_Generation], Time(%), 1.1556764106050306
[TOTAL_GCS_G1_Old_Generation], Count, 0
[TOTAL_GC_TIME_G1_Old_Generation], Time(ms), 0
[TOTAL_GC_TIME_%_G1_Old_Generation], Time(%), 0.0
[TOTAL_GCs], Count, 19
[TOTAL_GC_TIME], Time(ms), 34
[TOTAL_GC_TIME_%], Time(%), 1.1556764106050306
[READ], Operations, 501424
[READ], AverageLatency(us), 715.9993697948244
[READ], MinLatency(us), 187
[READ], MaxLatency(us), 73919
[READ], 50thPercentileLatency(us), 516
[READ], 95thPercentileLatency(us), 1707
[READ], 99thPercentileLatency(us), 4091
[READ], 99.9PercentileLatency(us), 11559
[READ], 99.99PercentileLatency(us), 45151
[READ], Return=OK, 501424
[CLEANUP], Operations, 256
[CLEANUP], AverageLatency(us), 38.42578125
[CLEANUP], MinLatency(us), 12
[CLEANUP], MaxLatency(us), 1334
[CLEANUP], 50thPercentileLatency(us), 24
[CLEANUP], 95thPercentileLatency(us), 86
[CLEANUP], 99thPercentileLatency(us), 134
[CLEANUP], 99.9PercentileLatency(us), 1334
[CLEANUP], 99.99PercentileLatency(us), 1334
[UPDATE], Operations, 498576
[UPDATE], AverageLatency(us), 629.6146465132698
[UPDATE], MinLatency(us), 155
[UPDATE], MaxLatency(us), 72511
[UPDATE], 50thPercentileLatency(us), 400
[UPDATE], 95thPercentileLatency(us), 1777
[UPDATE], 99thPercentileLatency(us), 3493
[UPDATE], 99.9PercentileLatency(us), 13399
[UPDATE], 99.99PercentileLatency(us), 47455
[UPDATE], Return=OK, 498576
[Intended-READ], Operations, 501424
[Intended-READ], AverageLatency(us), 716.0380257027984
[Intended-READ], MinLatency(us), 187
[Intended-READ], MaxLatency(us), 73919
[Intended-READ], 50thPercentileLatency(us), 516
[Intended-READ], 95thPercentileLatency(us), 1707
[Intended-READ], 99thPercentileLatency(us), 4091
[Intended-READ], 99.9PercentileLatency(us), 11559
[Intended-READ], 99.99PercentileLatency(us), 45151
[Intended-CLEANUP], Operations, 256
[Intended-CLEANUP], AverageLatency(us), 38.7578125
[Intended-CLEANUP], MinLatency(us), 13
[Intended-CLEANUP], MaxLatency(us), 1335
[Intended-CLEANUP], 50thPercentileLatency(us), 25
[Intended-CLEANUP], 95thPercentileLatency(us), 87
[Intended-CLEANUP], 99thPercentileLatency(us), 135
[Intended-CLEANUP], 99.9PercentileLatency(us), 1335
[Intended-CLEANUP], 99.99PercentileLatency(us), 1335
[Intended-UPDATE], Operations, 498576
[Intended-UPDATE], AverageLatency(us), 629.6610105580694
[Intended-UPDATE], MinLatency(us), 155
[Intended-UPDATE], MaxLatency(us), 72511
[Intended-UPDATE], 50thPercentileLatency(us), 400
[Intended-UPDATE], 95thPercentileLatency(us), 1777
[Intended-UPDATE], 99thPercentileLatency(us), 3495
[Intended-UPDATE], 99.9PercentileLatency(us), 13399
[Intended-UPDATE], 99.99PercentileLatency(us), 47455
