java -cp /mnt/dev/YCSB-hreplace-dist/redis-binding/conf:/mnt/dev/YCSB-hreplace-dist/conf:/mnt/dev/YCSB-hreplace-dist/lib/htrace-core4-4.1.0-incubating.jar:/mnt/dev/YCSB-hreplace-dist/lib/slf4j-api-1.7.25.jar:/mnt/dev/YCSB-hreplace-dist/lib/jackson-mapper-asl-1.9.4.jar:/mnt/dev/YCSB-hreplace-dist/lib/HdrHistogram-2.1.12.jar:/mnt/dev/YCSB-hreplace-dist/lib/jackson-core-asl-1.9.4.jar:/mnt/dev/YCSB-hreplace-dist/lib/jedis-3.9.0.jar:/mnt/dev/YCSB-hreplace-dist/lib/core-0.18.0-SNAPSHOT.jar:/mnt/dev/YCSB-hreplace-dist/lib/commons-pool2-2.11.1.jar:/mnt/dev/YCSB-hreplace-dist/lib/redis-binding-0.18.0-SNAPSHOT.jar site.ycsb.Client -db site.ycsb.db.RedisClient -s -threads 256 -P /mnt/dev/YCSB-hreplace-dist/workloads/workloada -p recordcount=100000000 -p operationcount=1000000 -p fieldcount=10 -p fieldlength=128 -p fieldlengthdistribution=constant -p readallfields=true -p writeallfields=true -p insertorder=hashed -p requestdistribution=uniform -p readproportion=0.5 -p updateproportion=0.5 -p insertproportion=0 -p scanproportion=0 -p readmodifywriteproportion=0 -p measurementtype=hdrhistogram -p measurement.interval=both -p hdrhistogram.percentiles=50,95,99,99.9,99.99 -p status.interval=10 -p redis.host=172.16.0.4 -p redis.port=16379 -p redis.scanindex=none -p redis.timeout=10000 -p redis.cluster=false -p redis.updatecommand=hmset -t
Command line: -db site.ycsb.db.RedisClient -s -threads 256 -P /mnt/dev/YCSB-hreplace-dist/workloads/workloada -p recordcount=100000000 -p operationcount=1000000 -p fieldcount=10 -p fieldlength=128 -p fieldlengthdistribution=constant -p readallfields=true -p writeallfields=true -p insertorder=hashed -p requestdistribution=uniform -p readproportion=0.5 -p updateproportion=0.5 -p insertproportion=0 -p scanproportion=0 -p readmodifywriteproportion=0 -p measurementtype=hdrhistogram -p measurement.interval=both -p hdrhistogram.percentiles=50,95,99,99.9,99.99 -p status.interval=10 -p redis.host=172.16.0.4 -p redis.port=16379 -p redis.scanindex=none -p redis.timeout=10000 -p redis.cluster=false -p redis.updatecommand=hmset -t
YCSB Client 0.18.0-SNAPSHOT

Loading workload...
Starting test.
SLF4J: Failed to load class "org.slf4j.impl.StaticLoggerBinder".
SLF4J: Defaulting to no-operation (NOP) logger implementation
SLF4J: See http://www.slf4j.org/codes.html#StaticLoggerBinder for further details.
2026-09-13 15:40:25:504 0 sec: 0 operations; est completion in 0 second 
DBWrapper: report latency for each error is false and specific error codes to track for latency are: []
2026-09-13 15:40:28:204 2 sec: 1000000 operations; 361141.21 current ops/sec; [READ: Count=500551, Max=151295, Min=204, Avg=601.91, 50=502, 90=723, 99=3309, 99.9=7479, 99.99=56191] [CLEANUP: Count=256, Max=825, Min=13, Avg=33.28, 50=24, 90=57, 99=130, 99.9=825, 99.99=825] [UPDATE: Count=499449, Max=149887, Min=220, Avg=636.9, 50=517, 90=773, 99=3495, 99.9=8091, 99.99=52991] [Intended-READ: Count=500551, Max=151295, Min=204, Avg=601.94, 50=503, 90=723, 99=3309, 99.9=7479, 99.99=56191] [Intended-CLEANUP: Count=256, Max=826, Min=13, Avg=33.64, 50=24, 90=57, 99=131, 99.9=826, 99.99=826] [Intended-UPDATE: Count=499449, Max=149887, Min=220, Avg=636.94, 50=517, 90=773, 99=3495, 99.9=8091, 99.99=52991] 
[OVERALL], RunTime(ms), 2768
[OVERALL], Throughput(ops/sec), 361271.67630057805
[TOTAL_GCS_G1_Young_Generation], Count, 23
[TOTAL_GC_TIME_G1_Young_Generation], Time(ms), 32
[TOTAL_GC_TIME_%_G1_Young_Generation], Time(%), 1.1560693641618496
[TOTAL_GCS_G1_Old_Generation], Count, 0
[TOTAL_GC_TIME_G1_Old_Generation], Time(ms), 0
[TOTAL_GC_TIME_%_G1_Old_Generation], Time(%), 0.0
[TOTAL_GCs], Count, 23
[TOTAL_GC_TIME], Time(ms), 32
[TOTAL_GC_TIME_%], Time(%), 1.1560693641618496
[READ], Operations, 500551
[READ], AverageLatency(us), 601.9070883885958
[READ], MinLatency(us), 204
[READ], MaxLatency(us), 151295
[READ], 50thPercentileLatency(us), 502
[READ], 95thPercentileLatency(us), 903
[READ], 99thPercentileLatency(us), 3309
[READ], 99.9PercentileLatency(us), 7479
[READ], 99.99PercentileLatency(us), 56191
[READ], Return=OK, 500551
[CLEANUP], Operations, 256
[CLEANUP], AverageLatency(us), 33.28125
[CLEANUP], MinLatency(us), 13
[CLEANUP], MaxLatency(us), 825
[CLEANUP], 50thPercentileLatency(us), 24
[CLEANUP], 95thPercentileLatency(us), 70
[CLEANUP], 99thPercentileLatency(us), 130
[CLEANUP], 99.9PercentileLatency(us), 825
[CLEANUP], 99.99PercentileLatency(us), 825
[UPDATE], Operations, 499449
[UPDATE], AverageLatency(us), 636.901983986353
[UPDATE], MinLatency(us), 220
[UPDATE], MaxLatency(us), 149887
[UPDATE], 50thPercentileLatency(us), 517
[UPDATE], 95thPercentileLatency(us), 1090
[UPDATE], 99thPercentileLatency(us), 3495
[UPDATE], 99.9PercentileLatency(us), 8091
[UPDATE], 99.99PercentileLatency(us), 52991
[UPDATE], Return=OK, 499449
[Intended-READ], Operations, 500551
[Intended-READ], AverageLatency(us), 601.9433983749908
[Intended-READ], MinLatency(us), 204
[Intended-READ], MaxLatency(us), 151295
[Intended-READ], 50thPercentileLatency(us), 503
[Intended-READ], 95thPercentileLatency(us), 903
[Intended-READ], 99thPercentileLatency(us), 3309
[Intended-READ], 99.9PercentileLatency(us), 7479
[Intended-READ], 99.99PercentileLatency(us), 56191
[Intended-CLEANUP], Operations, 256
[Intended-CLEANUP], AverageLatency(us), 33.64453125
[Intended-CLEANUP], MinLatency(us), 13
[Intended-CLEANUP], MaxLatency(us), 826
[Intended-CLEANUP], 50thPercentileLatency(us), 24
[Intended-CLEANUP], 95thPercentileLatency(us), 70
[Intended-CLEANUP], 99thPercentileLatency(us), 131
[Intended-CLEANUP], 99.9PercentileLatency(us), 826
[Intended-CLEANUP], 99.99PercentileLatency(us), 826
[Intended-UPDATE], Operations, 499449
[Intended-UPDATE], AverageLatency(us), 636.9378354947152
[Intended-UPDATE], MinLatency(us), 220
[Intended-UPDATE], MaxLatency(us), 149887
[Intended-UPDATE], 50thPercentileLatency(us), 517
[Intended-UPDATE], 95thPercentileLatency(us), 1090
[Intended-UPDATE], 99thPercentileLatency(us), 3495
[Intended-UPDATE], 99.9PercentileLatency(us), 8091
[Intended-UPDATE], 99.99PercentileLatency(us), 52991
