java -cp /mnt/dev/YCSB-hreplace-dist/redis-binding/conf:/mnt/dev/YCSB-hreplace-dist/conf:/mnt/dev/YCSB-hreplace-dist/lib/htrace-core4-4.1.0-incubating.jar:/mnt/dev/YCSB-hreplace-dist/lib/slf4j-api-1.7.25.jar:/mnt/dev/YCSB-hreplace-dist/lib/jackson-mapper-asl-1.9.4.jar:/mnt/dev/YCSB-hreplace-dist/lib/HdrHistogram-2.1.12.jar:/mnt/dev/YCSB-hreplace-dist/lib/jackson-core-asl-1.9.4.jar:/mnt/dev/YCSB-hreplace-dist/lib/jedis-3.9.0.jar:/mnt/dev/YCSB-hreplace-dist/lib/core-0.18.0-SNAPSHOT.jar:/mnt/dev/YCSB-hreplace-dist/lib/commons-pool2-2.11.1.jar:/mnt/dev/YCSB-hreplace-dist/lib/redis-binding-0.18.0-SNAPSHOT.jar site.ycsb.Client -db site.ycsb.db.RedisClient -s -threads 256 -P /mnt/dev/YCSB-hreplace-dist/workloads/workloada -p recordcount=100000000 -p operationcount=5000000 -p fieldcount=10 -p fieldlength=128 -p fieldlengthdistribution=constant -p readallfields=true -p writeallfields=true -p insertorder=hashed -p requestdistribution=uniform -p readproportion=0.5 -p updateproportion=0.5 -p insertproportion=0 -p scanproportion=0 -p readmodifywriteproportion=0 -p measurementtype=hdrhistogram -p measurement.interval=both -p hdrhistogram.percentiles=50,95,99,99.9,99.99 -p status.interval=10 -p redis.host=172.16.0.4 -p redis.port=16379 -p redis.scanindex=none -p redis.timeout=10000 -p redis.cluster=false -p redis.updatecommand=hmset -t
Command line: -db site.ycsb.db.RedisClient -s -threads 256 -P /mnt/dev/YCSB-hreplace-dist/workloads/workloada -p recordcount=100000000 -p operationcount=5000000 -p fieldcount=10 -p fieldlength=128 -p fieldlengthdistribution=constant -p readallfields=true -p writeallfields=true -p insertorder=hashed -p requestdistribution=uniform -p readproportion=0.5 -p updateproportion=0.5 -p insertproportion=0 -p scanproportion=0 -p readmodifywriteproportion=0 -p measurementtype=hdrhistogram -p measurement.interval=both -p hdrhistogram.percentiles=50,95,99,99.9,99.99 -p status.interval=10 -p redis.host=172.16.0.4 -p redis.port=16379 -p redis.scanindex=none -p redis.timeout=10000 -p redis.cluster=false -p redis.updatecommand=hmset -t
YCSB Client 0.18.0-SNAPSHOT

Loading workload...
Starting test.
SLF4J: Failed to load class "org.slf4j.impl.StaticLoggerBinder".
SLF4J: Defaulting to no-operation (NOP) logger implementation
SLF4J: See http://www.slf4j.org/codes.html#StaticLoggerBinder for further details.
2026-09-13 15:37:51:844 0 sec: 0 operations; est completion in 0 second 
DBWrapper: report latency for each error is false and specific error codes to track for latency are: []
2026-09-13 15:38:01:764 10 sec: 4125421 operations; 412500.85 current ops/sec; est completion in 3 second [READ: Count=2064597, Max=95871, Min=191, Avg=593.15, 50=510, 90=708, 99=3363, 99.9=6155, 99.99=11839] [UPDATE: Count=2064571, Max=94847, Min=184, Avg=622.84, 50=522, 90=732, 99=3597, 99.9=6291, 99.99=16463] [Intended-READ: Count=2069742, Max=95871, Min=191, Avg=593.13, 50=510, 90=708, 99=3363, 99.9=6151, 99.99=11839] [Intended-UPDATE: Count=2066806, Max=94847, Min=184, Avg=622.87, 50=522, 90=732, 99=3599, 99.9=6291, 99.99=16463] 
2026-09-13 15:38:04:392 12 sec: 5000000 operations; 332792.62 current ops/sec; [READ: Count=436820, Max=10847, Min=196, Avg=534.67, 50=472, 90=661, 99=2785, 99.9=5771, 99.99=7535] [CLEANUP: Count=256, Max=806, Min=13, Avg=41.87, 50=27, 90=82, 99=147, 99.9=806, 99.99=806] [UPDATE: Count=434012, Max=11335, Min=198, Avg=544.08, 50=481, 90=673, 99=2743, 99.9=5763, 99.99=7499] [Intended-READ: Count=431675, Max=10847, Min=196, Avg=534.25, 50=471, 90=660, 99=2771, 99.9=5775, 99.99=7535] [Intended-CLEANUP: Count=256, Max=807, Min=13, Avg=42.37, 50=28, 90=83, 99=148, 99.9=807, 99.99=807] [Intended-UPDATE: Count=431777, Max=11335, Min=198, Avg=543.73, 50=482, 90=672, 99=2725, 99.9=5755, 99.99=7499] 
[OVERALL], RunTime(ms), 12629
[OVERALL], Throughput(ops/sec), 395914.16580885265
[TOTAL_GCS_G1_Young_Generation], Count, 98
[TOTAL_GC_TIME_G1_Young_Generation], Time(ms), 94
[TOTAL_GC_TIME_%_G1_Young_Generation], Time(%), 0.7443186317206429
[TOTAL_GCS_G1_Old_Generation], Count, 0
[TOTAL_GC_TIME_G1_Old_Generation], Time(ms), 0
[TOTAL_GC_TIME_%_G1_Old_Generation], Time(%), 0.0
[TOTAL_GCs], Count, 98
[TOTAL_GC_TIME], Time(ms), 94
[TOTAL_GC_TIME_%], Time(%), 0.7443186317206429
[READ], Operations, 2501417
[READ], AverageLatency(us), 582.9379467717698
[READ], MinLatency(us), 191
[READ], MaxLatency(us), 95871
[READ], 50thPercentileLatency(us), 504
[READ], 95thPercentileLatency(us), 820
[READ], 99thPercentileLatency(us), 3273
[READ], 99.9PercentileLatency(us), 6087
[READ], 99.99PercentileLatency(us), 10311
[READ], Return=OK, 2501417
[CLEANUP], Operations, 256
[CLEANUP], AverageLatency(us), 41.87109375
[CLEANUP], MinLatency(us), 13
[CLEANUP], MaxLatency(us), 806
[CLEANUP], 50thPercentileLatency(us), 27
[CLEANUP], 95thPercentileLatency(us), 107
[CLEANUP], 99thPercentileLatency(us), 147
[CLEANUP], 99.9PercentileLatency(us), 806
[CLEANUP], 99.99PercentileLatency(us), 806
[UPDATE], Operations, 2498583
[UPDATE], AverageLatency(us), 609.1596340805969
[UPDATE], MinLatency(us), 184
[UPDATE], MaxLatency(us), 94847
[UPDATE], 50thPercentileLatency(us), 516
[UPDATE], 95thPercentileLatency(us), 882
[UPDATE], 99thPercentileLatency(us), 3493
[UPDATE], 99.9PercentileLatency(us), 6195
[UPDATE], 99.99PercentileLatency(us), 13991
[UPDATE], Return=OK, 2498583
[Intended-READ], Operations, 2501417
[Intended-READ], AverageLatency(us), 582.9731756040676
[Intended-READ], MinLatency(us), 191
[Intended-READ], MaxLatency(us), 95871
[Intended-READ], 50thPercentileLatency(us), 504
[Intended-READ], 95thPercentileLatency(us), 820
[Intended-READ], 99thPercentileLatency(us), 3273
[Intended-READ], 99.9PercentileLatency(us), 6087
[Intended-READ], 99.99PercentileLatency(us), 10311
[Intended-CLEANUP], Operations, 256
[Intended-CLEANUP], AverageLatency(us), 42.3671875
[Intended-CLEANUP], MinLatency(us), 13
[Intended-CLEANUP], MaxLatency(us), 807
[Intended-CLEANUP], 50thPercentileLatency(us), 28
[Intended-CLEANUP], 95thPercentileLatency(us), 109
[Intended-CLEANUP], 99thPercentileLatency(us), 148
[Intended-CLEANUP], 99.9PercentileLatency(us), 807
[Intended-CLEANUP], 99.99PercentileLatency(us), 807
[Intended-UPDATE], Operations, 2498583
[Intended-UPDATE], AverageLatency(us), 609.1946455250836
[Intended-UPDATE], MinLatency(us), 184
[Intended-UPDATE], MaxLatency(us), 94847
[Intended-UPDATE], 50thPercentileLatency(us), 516
[Intended-UPDATE], 95thPercentileLatency(us), 882
[Intended-UPDATE], 99thPercentileLatency(us), 3493
[Intended-UPDATE], 99.9PercentileLatency(us), 6195
[Intended-UPDATE], 99.99PercentileLatency(us), 13991
