java -cp /mnt/dev/YCSB-aerospike-dist/aerospike-binding/conf:/mnt/dev/YCSB-aerospike-dist/conf:/mnt/dev/YCSB-aerospike-dist/lib/aerospike-client-3.1.2.jar:/mnt/dev/YCSB-aerospike-dist/lib/htrace-core4-4.1.0-incubating.jar:/mnt/dev/YCSB-aerospike-dist/lib/jbcrypt-0.3m.jar:/mnt/dev/YCSB-aerospike-dist/lib/jackson-mapper-asl-1.9.4.jar:/mnt/dev/YCSB-aerospike-dist/lib/aerospike-binding-0.18.0-SNAPSHOT.jar:/mnt/dev/YCSB-aerospike-dist/lib/HdrHistogram-2.1.12.jar:/mnt/dev/YCSB-aerospike-dist/lib/jackson-core-asl-1.9.4.jar:/mnt/dev/YCSB-aerospike-dist/lib/core-0.18.0-SNAPSHOT.jar:/mnt/dev/YCSB-aerospike-dist/lib/luaj-jse-3.0.jar:/mnt/dev/YCSB-aerospike-dist/lib/gnu-crypto-2.0.1.jar site.ycsb.Client -db site.ycsb.db.AerospikeClient -s -threads 256 -P /mnt/dev/YCSB-aerospike-dist/workloads/workloada -target 100000 -p recordcount=100000000 -p operationcount=5000000 -p fieldcount=10 -p fieldlength=128 -p fieldlengthdistribution=constant -p readallfields=true -p writeallfields=true -p insertorder=hashed -p requestdistribution=uniform -p readproportion=1 -p updateproportion=0 -p insertproportion=0 -p scanproportion=0 -p readmodifywriteproportion=0 -p measurementtype=hdrhistogram -p measurement.interval=both -p hdrhistogram.percentiles=50,95,99,99.9,99.99 -p status.interval=10 -p as.host=172.16.0.4 -p as.port=3000 -p as.namespace=ycsb -p as.timeout=10000 -t
Command line: -db site.ycsb.db.AerospikeClient -s -threads 256 -P /mnt/dev/YCSB-aerospike-dist/workloads/workloada -target 100000 -p recordcount=100000000 -p operationcount=5000000 -p fieldcount=10 -p fieldlength=128 -p fieldlengthdistribution=constant -p readallfields=true -p writeallfields=true -p insertorder=hashed -p requestdistribution=uniform -p readproportion=1 -p updateproportion=0 -p insertproportion=0 -p scanproportion=0 -p readmodifywriteproportion=0 -p measurementtype=hdrhistogram -p measurement.interval=both -p hdrhistogram.percentiles=50,95,99,99.9,99.99 -p status.interval=10 -p as.host=172.16.0.4 -p as.port=3000 -p as.namespace=ycsb -p as.timeout=10000 -t
YCSB Client 0.18.0-SNAPSHOT

Loading workload...
Starting test.
2026-09-13 16:38:53:717 0 sec: 0 operations; est completion in 0 second 
DBWrapper: report latency for each error is false and specific error codes to track for latency are: []
2026-09-13 16:39:03:612 10 sec: 977146 operations; 97714.6 current ops/sec; est completion in 42 seconds [READ: Count=977199, Max=25631, Min=207, Avg=298.15, 50=283, 90=364, 99=475, 99.9=953, 99.99=3763] [Intended-READ: Count=977636, Max=67071, Min=230, Avg=473.64, 50=342, 90=426, 99=628, 99.9=35263, 99.99=50175] 
2026-09-13 16:39:13:612 20 sec: 1977139 operations; 99999.3 current ops/sec; est completion in 31 seconds [READ: Count=999983, Max=2667, Min=208, Avg=296.44, 50=283, 90=363, 99=462, 99.9=590, 99.99=1449] [Intended-READ: Count=999777, Max=2991, Min=228, Avg=355.75, 50=342, 90=423, 99=528, 99.9=1310, 99.99=1910] 
2026-09-13 16:39:23:612 30 sec: 2977139 operations; 100000 current ops/sec; est completion in 21 seconds [READ: Count=999993, Max=2000, Min=205, Avg=297.74, 50=284, 90=366, 99=470, 99.9=609, 99.99=1298] [Intended-READ: Count=999828, Max=2323, Min=223, Avg=356.74, 50=343, 90=425, 99=535, 99.9=1164, 99.99=1553] 
2026-09-13 16:39:33:612 40 sec: 3977128 operations; 99998.9 current ops/sec; est completion in 11 seconds [READ: Count=999998, Max=1980, Min=209, Avg=296.03, 50=283, 90=362, 99=465, 99.9=598, 99.99=1273] [Intended-READ: Count=999995, Max=2051, Min=228, Avg=354.98, 50=342, 90=422, 99=530, 99.9=1141, 99.99=1492] 
2026-09-13 16:39:43:612 50 sec: 4977142 operations; 100001.4 current ops/sec; est completion in 1 second [READ: Count=1000008, Max=1804, Min=210, Avg=296.58, 50=283, 90=363, 99=463, 99.9=587, 99.99=1262] [Intended-READ: Count=999998, Max=1865, Min=226, Avg=355.48, 50=342, 90=423, 99=527, 99.9=1120, 99.99=1473] 
2026-09-13 16:39:43:864 50 sec: 5000000 operations; 90347.83 current ops/sec; [READ: Count=22819, Max=1421, Min=214, Avg=296.93, 50=284, 90=363, 99=460, 99.9=749, 99.99=1216] [CLEANUP: Count=256, Max=333, Min=22, Avg=42.95, 50=34, 90=65, 99=192, 99.9=333, 99.99=333] [Intended-READ: Count=22766, Max=1483, Min=238, Avg=355.89, 50=343, 90=423, 99=531, 99.9=1064, 99.99=1308] [Intended-CLEANUP: Count=256, Max=334, Min=22, Avg=43.19, 50=35, 90=65, 99=194, 99.9=334, 99.99=334] 
[OVERALL], RunTime(ms), 50252
[OVERALL], Throughput(ops/sec), 99498.52742179416
[TOTAL_GCS_G1_Young_Generation], Count, 72
[TOTAL_GC_TIME_G1_Young_Generation], Time(ms), 74
[TOTAL_GC_TIME_%_G1_Young_Generation], Time(%), 0.14725782058425535
[TOTAL_GCS_G1_Old_Generation], Count, 0
[TOTAL_GC_TIME_G1_Old_Generation], Time(ms), 0
[TOTAL_GC_TIME_%_G1_Old_Generation], Time(%), 0.0
[TOTAL_GCs], Count, 72
[TOTAL_GC_TIME], Time(ms), 74
[TOTAL_GC_TIME_%], Time(%), 0.14725782058425535
[READ], Operations, 5000000
[READ], AverageLatency(us), 296.9837982
[READ], MinLatency(us), 205
[READ], MaxLatency(us), 25631
[READ], 50thPercentileLatency(us), 283
[READ], 95thPercentileLatency(us), 394
[READ], 99thPercentileLatency(us), 467
[READ], 99.9PercentileLatency(us), 625
[READ], 99.99PercentileLatency(us), 1595
[READ], Return=OK, 5000000
[CLEANUP], Operations, 256
[CLEANUP], AverageLatency(us), 42.94921875
[CLEANUP], MinLatency(us), 22
[CLEANUP], MaxLatency(us), 333
[CLEANUP], 50thPercentileLatency(us), 34
[CLEANUP], 95thPercentileLatency(us), 80
[CLEANUP], 99thPercentileLatency(us), 192
[CLEANUP], 99.9PercentileLatency(us), 333
[CLEANUP], 99.99PercentileLatency(us), 333
[Intended-READ], Operations, 5000000
[Intended-READ], AverageLatency(us), 378.7900058
[Intended-READ], MinLatency(us), 223
[Intended-READ], MaxLatency(us), 67071
[Intended-READ], 50thPercentileLatency(us), 342
[Intended-READ], 95thPercentileLatency(us), 455
[Intended-READ], 99thPercentileLatency(us), 538
[Intended-READ], 99.9PercentileLatency(us), 4171
[Intended-READ], 99.99PercentileLatency(us), 41023
[Intended-CLEANUP], Operations, 256
[Intended-CLEANUP], AverageLatency(us), 43.19140625
[Intended-CLEANUP], MinLatency(us), 22
[Intended-CLEANUP], MaxLatency(us), 334
[Intended-CLEANUP], 50thPercentileLatency(us), 35
[Intended-CLEANUP], 95thPercentileLatency(us), 81
[Intended-CLEANUP], 99thPercentileLatency(us), 194
[Intended-CLEANUP], 99.9PercentileLatency(us), 334
[Intended-CLEANUP], 99.99PercentileLatency(us), 334
