java -cp /mnt/dev/YCSB-hreplace-dist/redis-binding/conf:/mnt/dev/YCSB-hreplace-dist/conf:/mnt/dev/YCSB-hreplace-dist/lib/htrace-core4-4.1.0-incubating.jar:/mnt/dev/YCSB-hreplace-dist/lib/slf4j-api-1.7.25.jar:/mnt/dev/YCSB-hreplace-dist/lib/jackson-mapper-asl-1.9.4.jar:/mnt/dev/YCSB-hreplace-dist/lib/HdrHistogram-2.1.12.jar:/mnt/dev/YCSB-hreplace-dist/lib/jackson-core-asl-1.9.4.jar:/mnt/dev/YCSB-hreplace-dist/lib/jedis-3.9.0.jar:/mnt/dev/YCSB-hreplace-dist/lib/core-0.18.0-SNAPSHOT.jar:/mnt/dev/YCSB-hreplace-dist/lib/commons-pool2-2.11.1.jar:/mnt/dev/YCSB-hreplace-dist/lib/redis-binding-0.18.0-SNAPSHOT.jar site.ycsb.Client -db site.ycsb.db.RedisClient -s -threads 256 -P /mnt/dev/YCSB-hreplace-dist/workloads/workloada -target 100000 -p recordcount=100000000 -p operationcount=1000000 -p fieldcount=10 -p fieldlength=128 -p fieldlengthdistribution=constant -p readallfields=true -p writeallfields=true -p insertorder=hashed -p requestdistribution=uniform -p readproportion=0.5 -p updateproportion=0.5 -p insertproportion=0 -p scanproportion=0 -p readmodifywriteproportion=0 -p measurementtype=hdrhistogram -p measurement.interval=both -p hdrhistogram.percentiles=50,95,99,99.9,99.99 -p status.interval=10 -p redis.host=172.16.0.4 -p redis.port=16379 -p redis.scanindex=none -p redis.timeout=10000 -p redis.cluster=false -p redis.updatecommand=keylane.hreplace -t
Command line: -db site.ycsb.db.RedisClient -s -threads 256 -P /mnt/dev/YCSB-hreplace-dist/workloads/workloada -target 100000 -p recordcount=100000000 -p operationcount=1000000 -p fieldcount=10 -p fieldlength=128 -p fieldlengthdistribution=constant -p readallfields=true -p writeallfields=true -p insertorder=hashed -p requestdistribution=uniform -p readproportion=0.5 -p updateproportion=0.5 -p insertproportion=0 -p scanproportion=0 -p readmodifywriteproportion=0 -p measurementtype=hdrhistogram -p measurement.interval=both -p hdrhistogram.percentiles=50,95,99,99.9,99.99 -p status.interval=10 -p redis.host=172.16.0.4 -p redis.port=16379 -p redis.scanindex=none -p redis.timeout=10000 -p redis.cluster=false -p redis.updatecommand=keylane.hreplace -t
YCSB Client 0.18.0-SNAPSHOT

Loading workload...
Starting test.
SLF4J: Failed to load class "org.slf4j.impl.StaticLoggerBinder".
SLF4J: Defaulting to no-operation (NOP) logger implementation
SLF4J: See http://www.slf4j.org/codes.html#StaticLoggerBinder for further details.
2026-09-13 16:26:14:772 0 sec: 0 operations; est completion in 0 second 
DBWrapper: report latency for each error is false and specific error codes to track for latency are: []
2026-09-13 16:26:24:709 10 sec: 991135 operations; 99113.5 current ops/sec; est completion in 1 second [READ: Count=495465, Max=20623, Min=167, Avg=327.65, 50=296, 90=351, 99=970, 99.9=5163, 99.99=10431] [UPDATE: Count=496009, Max=22895, Min=152, Avg=242.52, 50=218, 90=269, 99=842, 99.9=3031, 99.99=11671] [Intended-READ: Count=495871, Max=95359, Min=207, Avg=576.66, 50=355, 90=413, 99=3121, 99.9=51295, 99.99=79743] [Intended-UPDATE: Count=496279, Max=93503, Min=169, Avg=488.06, 50=277, 90=330, 99=2181, 99.9=52415, 99.99=81215] 
2026-09-13 16:26:24:818 10 sec: 1000000 operations; 81330.28 current ops/sec; [READ: Count=4392, Max=3319, Min=227, Avg=305.21, 50=296, 90=346, 99=445, 99.9=1101, 99.99=3319] [CLEANUP: Count=256, Max=658, Min=11, Avg=35.76, 50=17, 90=29, 99=643, 99.9=658, 99.99=658] [UPDATE: Count=4134, Max=1420, Min=159, Avg=225.72, 50=218, 90=266, 99=348, 99.9=976, 99.99=1420] [Intended-READ: Count=3986, Max=3381, Min=247, Avg=370.23, 50=355, 90=411, 99=965, 99.9=1421, 99.99=3381] [Intended-CLEANUP: Count=256, Max=658, Min=11, Avg=36.04, 50=17, 90=29, 99=643, 99.9=658, 99.99=658] [Intended-UPDATE: Count=3864, Max=1480, Min=191, Avg=290.87, 50=278, 90=332, 99=792, 99.9=1085, 99.99=1480] 
[OVERALL], RunTime(ms), 10109
[OVERALL], Throughput(ops/sec), 98921.75289346128
[TOTAL_GCS_G1_Young_Generation], Count, 30
[TOTAL_GC_TIME_G1_Young_Generation], Time(ms), 30
[TOTAL_GC_TIME_%_G1_Young_Generation], Time(%), 0.2967652586803838
[TOTAL_GCS_G1_Old_Generation], Count, 0
[TOTAL_GC_TIME_G1_Old_Generation], Time(ms), 0
[TOTAL_GC_TIME_%_G1_Old_Generation], Time(%), 0.0
[TOTAL_GCs], Count, 30
[TOTAL_GC_TIME], Time(ms), 30
[TOTAL_GC_TIME_%], Time(%), 0.2967652586803838
[READ], Operations, 499857
[READ], AverageLatency(us), 327.45316560536315
[READ], MinLatency(us), 167
[READ], MaxLatency(us), 20623
[READ], 50thPercentileLatency(us), 296
[READ], 95thPercentileLatency(us), 387
[READ], 99thPercentileLatency(us), 965
[READ], 99.9PercentileLatency(us), 5139
[READ], 99.99PercentileLatency(us), 10431
[READ], Return=OK, 499857
[CLEANUP], Operations, 256
[CLEANUP], AverageLatency(us), 35.7578125
[CLEANUP], MinLatency(us), 11
[CLEANUP], MaxLatency(us), 658
[CLEANUP], 50thPercentileLatency(us), 17
[CLEANUP], 95thPercentileLatency(us), 56
[CLEANUP], 99thPercentileLatency(us), 643
[CLEANUP], 99.9PercentileLatency(us), 658
[CLEANUP], 99.99PercentileLatency(us), 658
[UPDATE], Operations, 500143
[UPDATE], AverageLatency(us), 242.37923953749228
[UPDATE], MinLatency(us), 152
[UPDATE], MaxLatency(us), 22895
[UPDATE], 50thPercentileLatency(us), 218
[UPDATE], 95thPercentileLatency(us), 304
[UPDATE], 99thPercentileLatency(us), 837
[UPDATE], 99.9PercentileLatency(us), 3025
[UPDATE], 99.99PercentileLatency(us), 11487
[UPDATE], Return=OK, 500143
[Intended-READ], Operations, 499857
[Intended-READ], AverageLatency(us), 575.0126716240845
[Intended-READ], MinLatency(us), 207
[Intended-READ], MaxLatency(us), 95359
[Intended-READ], 50thPercentileLatency(us), 355
[Intended-READ], 95thPercentileLatency(us), 456
[Intended-READ], 99thPercentileLatency(us), 3079
[Intended-READ], 99.9PercentileLatency(us), 51103
[Intended-READ], 99.99PercentileLatency(us), 79743
[Intended-CLEANUP], Operations, 256
[Intended-CLEANUP], AverageLatency(us), 36.03515625
[Intended-CLEANUP], MinLatency(us), 11
[Intended-CLEANUP], MaxLatency(us), 658
[Intended-CLEANUP], 50thPercentileLatency(us), 17
[Intended-CLEANUP], 95thPercentileLatency(us), 57
[Intended-CLEANUP], 99thPercentileLatency(us), 643
[Intended-CLEANUP], 99.9PercentileLatency(us), 658
[Intended-CLEANUP], 99.99PercentileLatency(us), 658
[Intended-UPDATE], Operations, 500143
[Intended-UPDATE], AverageLatency(us), 486.53958167963964
[Intended-UPDATE], MinLatency(us), 169
[Intended-UPDATE], MaxLatency(us), 93503
[Intended-UPDATE], 50thPercentileLatency(us), 277
[Intended-UPDATE], 95thPercentileLatency(us), 370
[Intended-UPDATE], 99thPercentileLatency(us), 2159
[Intended-UPDATE], 99.9PercentileLatency(us), 52287
[Intended-UPDATE], 99.99PercentileLatency(us), 81215
