java -cp /mnt/dev/YCSB-hreplace-dist/redis-binding/conf:/mnt/dev/YCSB-hreplace-dist/conf:/mnt/dev/YCSB-hreplace-dist/lib/htrace-core4-4.1.0-incubating.jar:/mnt/dev/YCSB-hreplace-dist/lib/slf4j-api-1.7.25.jar:/mnt/dev/YCSB-hreplace-dist/lib/jackson-mapper-asl-1.9.4.jar:/mnt/dev/YCSB-hreplace-dist/lib/HdrHistogram-2.1.12.jar:/mnt/dev/YCSB-hreplace-dist/lib/jackson-core-asl-1.9.4.jar:/mnt/dev/YCSB-hreplace-dist/lib/jedis-3.9.0.jar:/mnt/dev/YCSB-hreplace-dist/lib/core-0.18.0-SNAPSHOT.jar:/mnt/dev/YCSB-hreplace-dist/lib/commons-pool2-2.11.1.jar:/mnt/dev/YCSB-hreplace-dist/lib/redis-binding-0.18.0-SNAPSHOT.jar site.ycsb.Client -db site.ycsb.db.RedisClient -s -threads 256 -P /mnt/dev/YCSB-hreplace-dist/workloads/workloada -p recordcount=100000000 -p operationcount=1000000 -p fieldcount=10 -p fieldlength=128 -p fieldlengthdistribution=constant -p readallfields=true -p writeallfields=true -p insertorder=hashed -p requestdistribution=uniform -p readproportion=1 -p updateproportion=0 -p insertproportion=0 -p scanproportion=0 -p readmodifywriteproportion=0 -p measurementtype=hdrhistogram -p measurement.interval=both -p hdrhistogram.percentiles=50,95,99,99.9,99.99 -p status.interval=10 -p redis.host=172.16.0.4 -p redis.port=16379 -p redis.scanindex=none -p redis.timeout=10000 -p redis.cluster=false -p redis.updatecommand=keylane.hreplace -t
Command line: -db site.ycsb.db.RedisClient -s -threads 256 -P /mnt/dev/YCSB-hreplace-dist/workloads/workloada -p recordcount=100000000 -p operationcount=1000000 -p fieldcount=10 -p fieldlength=128 -p fieldlengthdistribution=constant -p readallfields=true -p writeallfields=true -p insertorder=hashed -p requestdistribution=uniform -p readproportion=1 -p updateproportion=0 -p insertproportion=0 -p scanproportion=0 -p readmodifywriteproportion=0 -p measurementtype=hdrhistogram -p measurement.interval=both -p hdrhistogram.percentiles=50,95,99,99.9,99.99 -p status.interval=10 -p redis.host=172.16.0.4 -p redis.port=16379 -p redis.scanindex=none -p redis.timeout=10000 -p redis.cluster=false -p redis.updatecommand=keylane.hreplace -t
YCSB Client 0.18.0-SNAPSHOT

Loading workload...
Starting test.
SLF4J: Failed to load class "org.slf4j.impl.StaticLoggerBinder".
SLF4J: Defaulting to no-operation (NOP) logger implementation
SLF4J: See http://www.slf4j.org/codes.html#StaticLoggerBinder for further details.
2026-09-13 16:13:28:616 0 sec: 0 operations; est completion in 0 second 
DBWrapper: report latency for each error is false and specific error codes to track for latency are: []
2026-09-13 16:13:30:889 2 sec: 1000000 operations; 429000.43 current ops/sec; [READ: Count=1000000, Max=46143, Min=219, Avg=518.8, 50=448, 90=617, 99=1794, 99.9=5335, 99.99=31519] [CLEANUP: Count=256, Max=1287, Min=13, Avg=39.16, 50=22, 90=54, 99=356, 99.9=1287, 99.99=1287] [Intended-READ: Count=1000000, Max=46143, Min=219, Avg=518.84, 50=448, 90=617, 99=1794, 99.9=5335, 99.99=31519] [Intended-CLEANUP: Count=256, Max=1287, Min=13, Avg=39.5, 50=23, 90=55, 99=357, 99.9=1287, 99.99=1287] 
[OVERALL], RunTime(ms), 2330
[OVERALL], Throughput(ops/sec), 429184.5493562232
[TOTAL_GCS_G1_Young_Generation], Count, 18
[TOTAL_GC_TIME_G1_Young_Generation], Time(ms), 25
[TOTAL_GC_TIME_%_G1_Young_Generation], Time(%), 1.0729613733905579
[TOTAL_GCS_G1_Old_Generation], Count, 0
[TOTAL_GC_TIME_G1_Old_Generation], Time(ms), 0
[TOTAL_GC_TIME_%_G1_Old_Generation], Time(%), 0.0
[TOTAL_GCs], Count, 18
[TOTAL_GC_TIME], Time(ms), 25
[TOTAL_GC_TIME_%], Time(%), 1.0729613733905579
[READ], Operations, 1000000
[READ], AverageLatency(us), 518.797803
[READ], MinLatency(us), 219
[READ], MaxLatency(us), 46143
[READ], 50thPercentileLatency(us), 448
[READ], 95thPercentileLatency(us), 855
[READ], 99thPercentileLatency(us), 1794
[READ], 99.9PercentileLatency(us), 5335
[READ], 99.99PercentileLatency(us), 31519
[READ], Return=OK, 1000000
[CLEANUP], Operations, 256
[CLEANUP], AverageLatency(us), 39.16015625
[CLEANUP], MinLatency(us), 13
[CLEANUP], MaxLatency(us), 1287
[CLEANUP], 50thPercentileLatency(us), 22
[CLEANUP], 95thPercentileLatency(us), 74
[CLEANUP], 99thPercentileLatency(us), 356
[CLEANUP], 99.9PercentileLatency(us), 1287
[CLEANUP], 99.99PercentileLatency(us), 1287
[Intended-READ], Operations, 1000000
[Intended-READ], AverageLatency(us), 518.83502
[Intended-READ], MinLatency(us), 219
[Intended-READ], MaxLatency(us), 46143
[Intended-READ], 50thPercentileLatency(us), 448
[Intended-READ], 95thPercentileLatency(us), 855
[Intended-READ], 99thPercentileLatency(us), 1794
[Intended-READ], 99.9PercentileLatency(us), 5335
[Intended-READ], 99.99PercentileLatency(us), 31519
[Intended-CLEANUP], Operations, 256
[Intended-CLEANUP], AverageLatency(us), 39.49609375
[Intended-CLEANUP], MinLatency(us), 13
[Intended-CLEANUP], MaxLatency(us), 1287
[Intended-CLEANUP], 50thPercentileLatency(us), 23
[Intended-CLEANUP], 95thPercentileLatency(us), 74
[Intended-CLEANUP], 99thPercentileLatency(us), 357
[Intended-CLEANUP], 99.9PercentileLatency(us), 1287
[Intended-CLEANUP], 99.99PercentileLatency(us), 1287
