java -cp /mnt/dev/YCSB-hreplace-dist/redis-binding/conf:/mnt/dev/YCSB-hreplace-dist/conf:/mnt/dev/YCSB-hreplace-dist/lib/htrace-core4-4.1.0-incubating.jar:/mnt/dev/YCSB-hreplace-dist/lib/slf4j-api-1.7.25.jar:/mnt/dev/YCSB-hreplace-dist/lib/jackson-mapper-asl-1.9.4.jar:/mnt/dev/YCSB-hreplace-dist/lib/HdrHistogram-2.1.12.jar:/mnt/dev/YCSB-hreplace-dist/lib/jackson-core-asl-1.9.4.jar:/mnt/dev/YCSB-hreplace-dist/lib/jedis-3.9.0.jar:/mnt/dev/YCSB-hreplace-dist/lib/core-0.18.0-SNAPSHOT.jar:/mnt/dev/YCSB-hreplace-dist/lib/commons-pool2-2.11.1.jar:/mnt/dev/YCSB-hreplace-dist/lib/redis-binding-0.18.0-SNAPSHOT.jar site.ycsb.Client -db site.ycsb.db.RedisClient -s -threads 256 -P /mnt/dev/YCSB-hreplace-dist/workloads/workloada -p recordcount=100000000 -p operationcount=5000000 -p fieldcount=10 -p fieldlength=128 -p fieldlengthdistribution=constant -p readallfields=true -p writeallfields=true -p insertorder=hashed -p requestdistribution=uniform -p readproportion=1 -p updateproportion=0 -p insertproportion=0 -p scanproportion=0 -p readmodifywriteproportion=0 -p measurementtype=hdrhistogram -p measurement.interval=both -p hdrhistogram.percentiles=50,95,99,99.9,99.99 -p status.interval=10 -p redis.host=172.16.0.4 -p redis.port=16379 -p redis.scanindex=none -p redis.timeout=10000 -p redis.cluster=false -p redis.updatecommand=keylane.hreplace -t
Command line: -db site.ycsb.db.RedisClient -s -threads 256 -P /mnt/dev/YCSB-hreplace-dist/workloads/workloada -p recordcount=100000000 -p operationcount=5000000 -p fieldcount=10 -p fieldlength=128 -p fieldlengthdistribution=constant -p readallfields=true -p writeallfields=true -p insertorder=hashed -p requestdistribution=uniform -p readproportion=1 -p updateproportion=0 -p insertproportion=0 -p scanproportion=0 -p readmodifywriteproportion=0 -p measurementtype=hdrhistogram -p measurement.interval=both -p hdrhistogram.percentiles=50,95,99,99.9,99.99 -p status.interval=10 -p redis.host=172.16.0.4 -p redis.port=16379 -p redis.scanindex=none -p redis.timeout=10000 -p redis.cluster=false -p redis.updatecommand=keylane.hreplace -t
YCSB Client 0.18.0-SNAPSHOT

Loading workload...
Starting test.
SLF4J: Failed to load class "org.slf4j.impl.StaticLoggerBinder".
SLF4J: Defaulting to no-operation (NOP) logger implementation
SLF4J: See http://www.slf4j.org/codes.html#StaticLoggerBinder for further details.
2026-09-13 16:23:27:667 0 sec: 0 operations; est completion in 0 second 
DBWrapper: report latency for each error is false and specific error codes to track for latency are: []
2026-09-13 16:23:37:644 10 sec: 4997082 operations; 499708.2 current ops/sec; est completion in 1 second [READ: Count=4997092, Max=116991, Min=215, Avg=470.11, 50=447, 90=570, 99=823, 99.9=3455, 99.99=10855] [CLEANUP: Count=250, Max=897, Min=14, Avg=43.35, 50=27, 90=87, 99=153, 99.9=897, 99.99=897] [Intended-READ: Count=4997172, Max=116991, Min=215, Avg=470.14, 50=447, 90=570, 99=823, 99.9=3455, 99.99=10855] [Intended-CLEANUP: Count=250, Max=898, Min=14, Avg=43.93, 50=28, 90=88, 99=154, 99.9=898, 99.99=898] 
2026-09-13 16:23:38:004 10 sec: 5000000 operations; 8083.1 current ops/sec; [READ: Count=2908, Max=525, Min=257, Avg=339.12, 50=337, 90=383, 99=429, 99.9=490, 99.99=525] [CLEANUP: Count=6, Max=70, Min=20, Avg=34.17, 50=26, 90=70, 99=70, 99.9=70, 99.99=70] [Intended-READ: Count=2828, Max=525, Min=257, Avg=338.46, 50=336, 90=382, 99=431, 99.9=490, 99.99=525] [Intended-CLEANUP: Count=6, Max=71, Min=20, Avg=34.5, 50=26, 90=71, 99=71, 99.9=71, 99.99=71] 
[OVERALL], RunTime(ms), 10360
[OVERALL], Throughput(ops/sec), 482625.4826254826
[TOTAL_GCS_G1_Young_Generation], Count, 47
[TOTAL_GC_TIME_G1_Young_Generation], Time(ms), 53
[TOTAL_GC_TIME_%_G1_Young_Generation], Time(%), 0.5115830115830116
[TOTAL_GCS_G1_Old_Generation], Count, 0
[TOTAL_GC_TIME_G1_Old_Generation], Time(ms), 0
[TOTAL_GC_TIME_%_G1_Old_Generation], Time(%), 0.0
[TOTAL_GCs], Count, 47
[TOTAL_GC_TIME], Time(ms), 53
[TOTAL_GC_TIME_%], Time(%), 0.5115830115830116
[READ], Operations, 5000000
[READ], AverageLatency(us), 470.0316862
[READ], MinLatency(us), 215
[READ], MaxLatency(us), 116991
[READ], 50thPercentileLatency(us), 447
[READ], 95thPercentileLatency(us), 621
[READ], 99thPercentileLatency(us), 822
[READ], 99.9PercentileLatency(us), 3455
[READ], 99.99PercentileLatency(us), 10839
[READ], Return=OK, 5000000
[CLEANUP], Operations, 256
[CLEANUP], AverageLatency(us), 43.1328125
[CLEANUP], MinLatency(us), 14
[CLEANUP], MaxLatency(us), 897
[CLEANUP], 50thPercentileLatency(us), 27
[CLEANUP], 95thPercentileLatency(us), 106
[CLEANUP], 99thPercentileLatency(us), 153
[CLEANUP], 99.9PercentileLatency(us), 897
[CLEANUP], 99.99PercentileLatency(us), 897
[Intended-READ], Operations, 5000000
[Intended-READ], AverageLatency(us), 470.0689232
[Intended-READ], MinLatency(us), 215
[Intended-READ], MaxLatency(us), 116991
[Intended-READ], 50thPercentileLatency(us), 447
[Intended-READ], 95thPercentileLatency(us), 621
[Intended-READ], 99thPercentileLatency(us), 822
[Intended-READ], 99.9PercentileLatency(us), 3455
[Intended-READ], 99.99PercentileLatency(us), 10839
[Intended-CLEANUP], Operations, 256
[Intended-CLEANUP], AverageLatency(us), 43.70703125
[Intended-CLEANUP], MinLatency(us), 14
[Intended-CLEANUP], MaxLatency(us), 898
[Intended-CLEANUP], 50thPercentileLatency(us), 28
[Intended-CLEANUP], 95thPercentileLatency(us), 107
[Intended-CLEANUP], 99thPercentileLatency(us), 154
[Intended-CLEANUP], 99.9PercentileLatency(us), 898
[Intended-CLEANUP], 99.99PercentileLatency(us), 898
