java -cp /mnt/dev/YCSB-hreplace-dist/redis-binding/conf:/mnt/dev/YCSB-hreplace-dist/conf:/mnt/dev/YCSB-hreplace-dist/lib/htrace-core4-4.1.0-incubating.jar:/mnt/dev/YCSB-hreplace-dist/lib/slf4j-api-1.7.25.jar:/mnt/dev/YCSB-hreplace-dist/lib/jackson-mapper-asl-1.9.4.jar:/mnt/dev/YCSB-hreplace-dist/lib/HdrHistogram-2.1.12.jar:/mnt/dev/YCSB-hreplace-dist/lib/jackson-core-asl-1.9.4.jar:/mnt/dev/YCSB-hreplace-dist/lib/jedis-3.9.0.jar:/mnt/dev/YCSB-hreplace-dist/lib/core-0.18.0-SNAPSHOT.jar:/mnt/dev/YCSB-hreplace-dist/lib/commons-pool2-2.11.1.jar:/mnt/dev/YCSB-hreplace-dist/lib/redis-binding-0.18.0-SNAPSHOT.jar site.ycsb.Client -db site.ycsb.db.RedisClient -s -threads 256 -P /mnt/dev/YCSB-hreplace-dist/workloads/workloada -p recordcount=100000000 -p operationcount=5000000 -p fieldcount=10 -p fieldlength=128 -p fieldlengthdistribution=constant -p readallfields=true -p writeallfields=true -p insertorder=hashed -p requestdistribution=uniform -p readproportion=0.5 -p updateproportion=0.5 -p insertproportion=0 -p scanproportion=0 -p readmodifywriteproportion=0 -p measurementtype=hdrhistogram -p measurement.interval=both -p hdrhistogram.percentiles=50,95,99,99.9,99.99 -p status.interval=10 -p redis.host=172.16.0.4 -p redis.port=16379 -p redis.scanindex=none -p redis.timeout=10000 -p redis.cluster=false -p redis.updatecommand=keylane.hreplace -t
Command line: -db site.ycsb.db.RedisClient -s -threads 256 -P /mnt/dev/YCSB-hreplace-dist/workloads/workloada -p recordcount=100000000 -p operationcount=5000000 -p fieldcount=10 -p fieldlength=128 -p fieldlengthdistribution=constant -p readallfields=true -p writeallfields=true -p insertorder=hashed -p requestdistribution=uniform -p readproportion=0.5 -p updateproportion=0.5 -p insertproportion=0 -p scanproportion=0 -p readmodifywriteproportion=0 -p measurementtype=hdrhistogram -p measurement.interval=both -p hdrhistogram.percentiles=50,95,99,99.9,99.99 -p status.interval=10 -p redis.host=172.16.0.4 -p redis.port=16379 -p redis.scanindex=none -p redis.timeout=10000 -p redis.cluster=false -p redis.updatecommand=keylane.hreplace -t
YCSB Client 0.18.0-SNAPSHOT

Loading workload...
Starting test.
SLF4J: Failed to load class "org.slf4j.impl.StaticLoggerBinder".
SLF4J: Defaulting to no-operation (NOP) logger implementation
SLF4J: See http://www.slf4j.org/codes.html#StaticLoggerBinder for further details.
2026-09-13 16:29:57:562 0 sec: 0 operations; est completion in 0 second 
DBWrapper: report latency for each error is false and specific error codes to track for latency are: []
2026-09-13 16:30:07:484 10 sec: 4640406 operations; 463994.2 current ops/sec; est completion in 1 second [READ: Count=2319635, Max=64063, Min=195, Avg=620.88, 50=515, 90=751, 99=3387, 99.9=6103, 99.99=15071] [CLEANUP: Count=15, Max=1280, Min=74, Avg=179.07, 50=101, 90=138, 99=1280, 99.9=1280, 99.99=1280] [UPDATE: Count=2325239, Max=63807, Min=158, Avg=458.27, 50=384, 90=573, 99=2381, 99.9=5131, 99.99=14399] [Intended-READ: Count=2325128, Max=64063, Min=195, Avg=620.91, 50=515, 90=751, 99=3389, 99.9=6103, 99.99=14871] [Intended-CLEANUP: Count=18, Max=1284, Min=75, Avg=165.83, 50=101, 90=139, 99=1284, 99.9=1284, 99.99=1284] [Intended-UPDATE: Count=2329132, Max=63807, Min=158, Avg=458.26, 50=384, 90=573, 99=2381, 99.9=5131, 99.99=14399] 
2026-09-13 16:30:08:828 11 sec: 5000000 operations; 267555.06 current ops/sec; [READ: Count=179651, Max=8455, Min=208, Avg=475.62, 50=403, 90=597, 99=2409, 99.9=5315, 99.99=6675] [CLEANUP: Count=241, Max=213, Min=14, Avg=45.71, 50=32, 90=97, 99=179, 99.9=213, 99.99=213] [UPDATE: Count=175475, Max=8711, Min=160, Avg=354.57, 50=305, 90=459, 99=1531, 99.9=4327, 99.99=5707] [Intended-READ: Count=174158, Max=8455, Min=209, Avg=471.18, 50=401, 90=592, 99=2339, 99.9=5287, 99.99=6675] [Intended-CLEANUP: Count=238, Max=213, Min=15, Avg=45.56, 50=31, 90=97, 99=180, 99.9=213, 99.99=213] [Intended-UPDATE: Count=171582, Max=8711, Min=160, Avg=352.93, 50=304, 90=456, 99=1508, 99.9=4359, 99.99=5707] 
[OVERALL], RunTime(ms), 11344
[OVERALL], Throughput(ops/sec), 440761.63610719325
[TOTAL_GCS_G1_Young_Generation], Count, 93
[TOTAL_GC_TIME_G1_Young_Generation], Time(ms), 94
[TOTAL_GC_TIME_%_G1_Young_Generation], Time(%), 0.8286318758815232
[TOTAL_GCS_G1_Old_Generation], Count, 0
[TOTAL_GC_TIME_G1_Old_Generation], Time(ms), 0
[TOTAL_GC_TIME_%_G1_Old_Generation], Time(%), 0.0
[TOTAL_GCs], Count, 93
[TOTAL_GC_TIME], Time(ms), 94
[TOTAL_GC_TIME_%], Time(%), 0.8286318758815232
[READ], Operations, 2499286
[READ], AverageLatency(us), 610.4370108102875
[READ], MinLatency(us), 195
[READ], MaxLatency(us), 64063
[READ], 50thPercentileLatency(us), 508
[READ], 95thPercentileLatency(us), 1027
[READ], 99thPercentileLatency(us), 3339
[READ], 99.9PercentileLatency(us), 6055
[READ], 99.99PercentileLatency(us), 13919
[READ], Return=OK, 2499286
[CLEANUP], Operations, 256
[CLEANUP], AverageLatency(us), 53.52734375
[CLEANUP], MinLatency(us), 14
[CLEANUP], MaxLatency(us), 1280
[CLEANUP], 50thPercentileLatency(us), 33
[CLEANUP], 95thPercentileLatency(us), 120
[CLEANUP], 99thPercentileLatency(us), 207
[CLEANUP], 99.9PercentileLatency(us), 1280
[CLEANUP], 99.99PercentileLatency(us), 1280
[UPDATE], Operations, 2500714
[UPDATE], AverageLatency(us), 450.9931279626539
[UPDATE], MinLatency(us), 158
[UPDATE], MaxLatency(us), 63807
[UPDATE], 50thPercentileLatency(us), 379
[UPDATE], 95thPercentileLatency(us), 748
[UPDATE], 99thPercentileLatency(us), 2333
[UPDATE], 99.9PercentileLatency(us), 5083
[UPDATE], 99.99PercentileLatency(us), 13823
[UPDATE], Return=OK, 2500714
[Intended-READ], Operations, 2499286
[Intended-READ], AverageLatency(us), 610.474047387934
[Intended-READ], MinLatency(us), 195
[Intended-READ], MaxLatency(us), 64063
[Intended-READ], 50thPercentileLatency(us), 508
[Intended-READ], 95thPercentileLatency(us), 1027
[Intended-READ], 99thPercentileLatency(us), 3339
[Intended-READ], 99.9PercentileLatency(us), 6055
[Intended-READ], 99.99PercentileLatency(us), 13919
[Intended-CLEANUP], Operations, 256
[Intended-CLEANUP], AverageLatency(us), 54.01953125
[Intended-CLEANUP], MinLatency(us), 15
[Intended-CLEANUP], MaxLatency(us), 1284
[Intended-CLEANUP], 50thPercentileLatency(us), 33
[Intended-CLEANUP], 95thPercentileLatency(us), 121
[Intended-CLEANUP], 99thPercentileLatency(us), 207
[Intended-CLEANUP], 99.9PercentileLatency(us), 1284
[Intended-CLEANUP], 99.99PercentileLatency(us), 1284
[Intended-UPDATE], Operations, 2500714
[Intended-UPDATE], AverageLatency(us), 451.02996984061355
[Intended-UPDATE], MinLatency(us), 158
[Intended-UPDATE], MaxLatency(us), 63807
[Intended-UPDATE], 50thPercentileLatency(us), 379
[Intended-UPDATE], 95thPercentileLatency(us), 748
[Intended-UPDATE], 99thPercentileLatency(us), 2333
[Intended-UPDATE], 99.9PercentileLatency(us), 5083
[Intended-UPDATE], 99.99PercentileLatency(us), 13823
