java -cp /mnt/dev/YCSB-hreplace-dist/redis-binding/conf:/mnt/dev/YCSB-hreplace-dist/conf:/mnt/dev/YCSB-hreplace-dist/lib/htrace-core4-4.1.0-incubating.jar:/mnt/dev/YCSB-hreplace-dist/lib/slf4j-api-1.7.25.jar:/mnt/dev/YCSB-hreplace-dist/lib/jackson-mapper-asl-1.9.4.jar:/mnt/dev/YCSB-hreplace-dist/lib/HdrHistogram-2.1.12.jar:/mnt/dev/YCSB-hreplace-dist/lib/jackson-core-asl-1.9.4.jar:/mnt/dev/YCSB-hreplace-dist/lib/jedis-3.9.0.jar:/mnt/dev/YCSB-hreplace-dist/lib/core-0.18.0-SNAPSHOT.jar:/mnt/dev/YCSB-hreplace-dist/lib/commons-pool2-2.11.1.jar:/mnt/dev/YCSB-hreplace-dist/lib/redis-binding-0.18.0-SNAPSHOT.jar site.ycsb.Client -db site.ycsb.db.RedisClient -s -threads 256 -P /mnt/dev/YCSB-hreplace-dist/workloads/workloada -p recordcount=100000000 -p operationcount=1000000 -p fieldcount=10 -p fieldlength=128 -p fieldlengthdistribution=constant -p readallfields=true -p writeallfields=true -p insertorder=hashed -p requestdistribution=uniform -p readproportion=1 -p updateproportion=0 -p insertproportion=0 -p scanproportion=0 -p readmodifywriteproportion=0 -p measurementtype=hdrhistogram -p measurement.interval=both -p hdrhistogram.percentiles=50,95,99,99.9,99.99 -p status.interval=10 -p redis.host=172.16.0.4 -p redis.port=16379 -p redis.scanindex=none -p redis.timeout=10000 -p redis.cluster=false -p redis.updatecommand=keylane.hreplace -t
Command line: -db site.ycsb.db.RedisClient -s -threads 256 -P /mnt/dev/YCSB-hreplace-dist/workloads/workloada -p recordcount=100000000 -p operationcount=1000000 -p fieldcount=10 -p fieldlength=128 -p fieldlengthdistribution=constant -p readallfields=true -p writeallfields=true -p insertorder=hashed -p requestdistribution=uniform -p readproportion=1 -p updateproportion=0 -p insertproportion=0 -p scanproportion=0 -p readmodifywriteproportion=0 -p measurementtype=hdrhistogram -p measurement.interval=both -p hdrhistogram.percentiles=50,95,99,99.9,99.99 -p status.interval=10 -p redis.host=172.16.0.4 -p redis.port=16379 -p redis.scanindex=none -p redis.timeout=10000 -p redis.cluster=false -p redis.updatecommand=keylane.hreplace -t
YCSB Client 0.18.0-SNAPSHOT

Loading workload...
Starting test.
SLF4J: Failed to load class "org.slf4j.impl.StaticLoggerBinder".
SLF4J: Defaulting to no-operation (NOP) logger implementation
SLF4J: See http://www.slf4j.org/codes.html#StaticLoggerBinder for further details.
2026-09-13 16:10:52:662 0 sec: 0 operations; est completion in 0 second 
DBWrapper: report latency for each error is false and specific error codes to track for latency are: []
2026-09-13 16:10:54:843 2 sec: 1000000 operations; 447828.03 current ops/sec; [READ: Count=1000000, Max=21775, Min=219, Avg=489.82, 50=443, 90=583, 99=1502, 99.9=5059, 99.99=18287] [CLEANUP: Count=256, Max=689, Min=12, Avg=31.07, 50=21, 90=52, 99=125, 99.9=689, 99.99=689] [Intended-READ: Count=1000000, Max=21775, Min=219, Avg=489.86, 50=443, 90=583, 99=1503, 99.9=5059, 99.99=18287] [Intended-CLEANUP: Count=256, Max=700, Min=13, Avg=31.4, 50=21, 90=52, 99=126, 99.9=700, 99.99=700] 
[OVERALL], RunTime(ms), 2232
[OVERALL], Throughput(ops/sec), 448028.67383512546
[TOTAL_GCS_G1_Young_Generation], Count, 17
[TOTAL_GC_TIME_G1_Young_Generation], Time(ms), 23
[TOTAL_GC_TIME_%_G1_Young_Generation], Time(%), 1.0304659498207887
[TOTAL_GCS_G1_Old_Generation], Count, 0
[TOTAL_GC_TIME_G1_Old_Generation], Time(ms), 0
[TOTAL_GC_TIME_%_G1_Old_Generation], Time(%), 0.0
[TOTAL_GCs], Count, 17
[TOTAL_GC_TIME], Time(ms), 23
[TOTAL_GC_TIME_%], Time(%), 1.0304659498207887
[READ], Operations, 1000000
[READ], AverageLatency(us), 489.823264
[READ], MinLatency(us), 219
[READ], MaxLatency(us), 21775
[READ], 50thPercentileLatency(us), 443
[READ], 95thPercentileLatency(us), 664
[READ], 99thPercentileLatency(us), 1502
[READ], 99.9PercentileLatency(us), 5059
[READ], 99.99PercentileLatency(us), 18287
[READ], Return=OK, 1000000
[CLEANUP], Operations, 256
[CLEANUP], AverageLatency(us), 31.06640625
[CLEANUP], MinLatency(us), 12
[CLEANUP], MaxLatency(us), 689
[CLEANUP], 50thPercentileLatency(us), 21
[CLEANUP], 95thPercentileLatency(us), 67
[CLEANUP], 99thPercentileLatency(us), 125
[CLEANUP], 99.9PercentileLatency(us), 689
[CLEANUP], 99.99PercentileLatency(us), 689
[Intended-READ], Operations, 1000000
[Intended-READ], AverageLatency(us), 489.863013
[Intended-READ], MinLatency(us), 219
[Intended-READ], MaxLatency(us), 21775
[Intended-READ], 50thPercentileLatency(us), 443
[Intended-READ], 95thPercentileLatency(us), 664
[Intended-READ], 99thPercentileLatency(us), 1503
[Intended-READ], 99.9PercentileLatency(us), 5059
[Intended-READ], 99.99PercentileLatency(us), 18287
[Intended-CLEANUP], Operations, 256
[Intended-CLEANUP], AverageLatency(us), 31.40234375
[Intended-CLEANUP], MinLatency(us), 13
[Intended-CLEANUP], MaxLatency(us), 700
[Intended-CLEANUP], 50thPercentileLatency(us), 21
[Intended-CLEANUP], 95thPercentileLatency(us), 68
[Intended-CLEANUP], 99thPercentileLatency(us), 126
[Intended-CLEANUP], 99.9PercentileLatency(us), 700
[Intended-CLEANUP], 99.99PercentileLatency(us), 700
