java -cp /mnt/dev/YCSB-hreplace-dist/redis-binding/conf:/mnt/dev/YCSB-hreplace-dist/conf:/mnt/dev/YCSB-hreplace-dist/lib/htrace-core4-4.1.0-incubating.jar:/mnt/dev/YCSB-hreplace-dist/lib/slf4j-api-1.7.25.jar:/mnt/dev/YCSB-hreplace-dist/lib/jackson-mapper-asl-1.9.4.jar:/mnt/dev/YCSB-hreplace-dist/lib/HdrHistogram-2.1.12.jar:/mnt/dev/YCSB-hreplace-dist/lib/jackson-core-asl-1.9.4.jar:/mnt/dev/YCSB-hreplace-dist/lib/jedis-3.9.0.jar:/mnt/dev/YCSB-hreplace-dist/lib/core-0.18.0-SNAPSHOT.jar:/mnt/dev/YCSB-hreplace-dist/lib/commons-pool2-2.11.1.jar:/mnt/dev/YCSB-hreplace-dist/lib/redis-binding-0.18.0-SNAPSHOT.jar site.ycsb.Client -db site.ycsb.db.RedisClient -s -threads 256 -P /mnt/dev/YCSB-hreplace-dist/workloads/workloada -target 100000 -p recordcount=100000000 -p operationcount=1000000 -p fieldcount=10 -p fieldlength=128 -p fieldlengthdistribution=constant -p readallfields=true -p writeallfields=true -p insertorder=hashed -p requestdistribution=uniform -p readproportion=0.5 -p updateproportion=0.5 -p insertproportion=0 -p scanproportion=0 -p readmodifywriteproportion=0 -p measurementtype=hdrhistogram -p measurement.interval=both -p hdrhistogram.percentiles=50,95,99,99.9,99.99 -p status.interval=10 -p redis.host=172.16.0.4 -p redis.port=16379 -p redis.scanindex=none -p redis.timeout=10000 -p redis.cluster=false -p redis.updatecommand=keylane.hreplace -t
Command line: -db site.ycsb.db.RedisClient -s -threads 256 -P /mnt/dev/YCSB-hreplace-dist/workloads/workloada -target 100000 -p recordcount=100000000 -p operationcount=1000000 -p fieldcount=10 -p fieldlength=128 -p fieldlengthdistribution=constant -p readallfields=true -p writeallfields=true -p insertorder=hashed -p requestdistribution=uniform -p readproportion=0.5 -p updateproportion=0.5 -p insertproportion=0 -p scanproportion=0 -p readmodifywriteproportion=0 -p measurementtype=hdrhistogram -p measurement.interval=both -p hdrhistogram.percentiles=50,95,99,99.9,99.99 -p status.interval=10 -p redis.host=172.16.0.4 -p redis.port=16379 -p redis.scanindex=none -p redis.timeout=10000 -p redis.cluster=false -p redis.updatecommand=keylane.hreplace -t
YCSB Client 0.18.0-SNAPSHOT

Loading workload...
Starting test.
SLF4J: Failed to load class "org.slf4j.impl.StaticLoggerBinder".
SLF4J: Defaulting to no-operation (NOP) logger implementation
SLF4J: See http://www.slf4j.org/codes.html#StaticLoggerBinder for further details.
2026-09-13 15:49:54:173 0 sec: 0 operations; est completion in 0 second 
DBWrapper: report latency for each error is false and specific error codes to track for latency are: []
2026-09-13 15:50:04:129 10 sec: 992356 operations; 99235.6 current ops/sec; est completion in 1 second [READ: Count=496745, Max=12175, Min=168, Avg=338.57, 50=297, 90=354, 99=1537, 99.9=5287, 99.99=8423] [UPDATE: Count=495903, Max=13759, Min=151, Avg=264.57, 50=219, 90=273, 99=1830, 99.9=4899, 99.99=7935] [Intended-READ: Count=497071, Max=50239, Min=211, Avg=525.7, 50=356, 90=417, 99=4379, 99.9=30527, 99.99=42879] [Intended-UPDATE: Count=496086, Max=52511, Min=172, Avg=449.78, 50=278, 90=335, 99=4159, 99.9=30927, 99.99=43039] 
2026-09-13 15:50:04:230 10 sec: 1000000 operations; 75683.17 current ops/sec; [READ: Count=3846, Max=1149, Min=218, Avg=299.71, 50=293, 90=342, 99=436, 99.9=525, 99.99=1149] [CLEANUP: Count=256, Max=582, Min=10, Avg=21.67, 50=15, 90=25, 99=79, 99.9=582, 99.99=582] [UPDATE: Count=3506, Max=593, Min=158, Avg=223.62, 50=217, 90=264, 99=355, 99.9=434, 99.99=593] [Intended-READ: Count=3520, Max=1211, Min=252, Avg=356.64, 50=351, 90=401, 99=493, 99.9=574, 99.99=1211] [Intended-CLEANUP: Count=256, Max=582, Min=11, Avg=21.86, 50=16, 90=25, 99=79, 99.9=582, 99.99=582] [Intended-UPDATE: Count=3323, Max=650, Min=187, Avg=280.92, 50=276, 90=320, 99=416, 99.9=494, 99.99=650] 
[OVERALL], RunTime(ms), 10100
[OVERALL], Throughput(ops/sec), 99009.900990099
[TOTAL_GCS_G1_Young_Generation], Count, 29
[TOTAL_GC_TIME_G1_Young_Generation], Time(ms), 29
[TOTAL_GC_TIME_%_G1_Young_Generation], Time(%), 0.2871287128712871
[TOTAL_GCS_G1_Old_Generation], Count, 0
[TOTAL_GC_TIME_G1_Old_Generation], Time(ms), 0
[TOTAL_GC_TIME_%_G1_Old_Generation], Time(%), 0.0
[TOTAL_GCs], Count, 29
[TOTAL_GC_TIME], Time(ms), 29
[TOTAL_GC_TIME_%], Time(%), 0.2871287128712871
[READ], Operations, 500591
[READ], AverageLatency(us), 338.2758399571706
[READ], MinLatency(us), 168
[READ], MaxLatency(us), 12175
[READ], 50thPercentileLatency(us), 297
[READ], 95thPercentileLatency(us), 396
[READ], 99thPercentileLatency(us), 1526
[READ], 99.9PercentileLatency(us), 5267
[READ], 99.99PercentileLatency(us), 8399
[READ], Return=OK, 500591
[CLEANUP], Operations, 256
[CLEANUP], AverageLatency(us), 21.671875
[CLEANUP], MinLatency(us), 10
[CLEANUP], MaxLatency(us), 582
[CLEANUP], 50thPercentileLatency(us), 15
[CLEANUP], 95thPercentileLatency(us), 28
[CLEANUP], 99thPercentileLatency(us), 79
[CLEANUP], 99.9PercentileLatency(us), 582
[CLEANUP], 99.99PercentileLatency(us), 582
[UPDATE], Operations, 499409
[UPDATE], AverageLatency(us), 264.2814686959987
[UPDATE], MinLatency(us), 151
[UPDATE], MaxLatency(us), 13759
[UPDATE], 50thPercentileLatency(us), 219
[UPDATE], 95thPercentileLatency(us), 315
[UPDATE], 99thPercentileLatency(us), 1815
[UPDATE], 99.9PercentileLatency(us), 4895
[UPDATE], 99.99PercentileLatency(us), 7935
[UPDATE], Return=OK, 499409
[Intended-READ], Operations, 500591
[Intended-READ], AverageLatency(us), 524.5124762530688
[Intended-READ], MinLatency(us), 211
[Intended-READ], MaxLatency(us), 50239
[Intended-READ], 50thPercentileLatency(us), 356
[Intended-READ], 95thPercentileLatency(us), 469
[Intended-READ], 99thPercentileLatency(us), 4355
[Intended-READ], 99.9PercentileLatency(us), 30463
[Intended-READ], 99.99PercentileLatency(us), 42847
[Intended-CLEANUP], Operations, 256
[Intended-CLEANUP], AverageLatency(us), 21.859375
[Intended-CLEANUP], MinLatency(us), 11
[Intended-CLEANUP], MaxLatency(us), 582
[Intended-CLEANUP], 50thPercentileLatency(us), 16
[Intended-CLEANUP], 95thPercentileLatency(us), 29
[Intended-CLEANUP], 99thPercentileLatency(us), 79
[Intended-CLEANUP], 99.9PercentileLatency(us), 582
[Intended-CLEANUP], 99.99PercentileLatency(us), 582
[Intended-UPDATE], Operations, 499409
[Intended-UPDATE], AverageLatency(us), 448.6582180136922
[Intended-UPDATE], MinLatency(us), 172
[Intended-UPDATE], MaxLatency(us), 52511
[Intended-UPDATE], 50thPercentileLatency(us), 278
[Intended-UPDATE], 95thPercentileLatency(us), 385
[Intended-UPDATE], 99thPercentileLatency(us), 4123
[Intended-UPDATE], 99.9PercentileLatency(us), 30911
[Intended-UPDATE], 99.99PercentileLatency(us), 43039
