java -cp /mnt/dev/YCSB-hreplace-dist/redis-binding/conf:/mnt/dev/YCSB-hreplace-dist/conf:/mnt/dev/YCSB-hreplace-dist/lib/htrace-core4-4.1.0-incubating.jar:/mnt/dev/YCSB-hreplace-dist/lib/slf4j-api-1.7.25.jar:/mnt/dev/YCSB-hreplace-dist/lib/jackson-mapper-asl-1.9.4.jar:/mnt/dev/YCSB-hreplace-dist/lib/HdrHistogram-2.1.12.jar:/mnt/dev/YCSB-hreplace-dist/lib/jackson-core-asl-1.9.4.jar:/mnt/dev/YCSB-hreplace-dist/lib/jedis-3.9.0.jar:/mnt/dev/YCSB-hreplace-dist/lib/core-0.18.0-SNAPSHOT.jar:/mnt/dev/YCSB-hreplace-dist/lib/commons-pool2-2.11.1.jar:/mnt/dev/YCSB-hreplace-dist/lib/redis-binding-0.18.0-SNAPSHOT.jar site.ycsb.Client -db site.ycsb.db.RedisClient -s -threads 256 -P /mnt/dev/YCSB-hreplace-dist/workloads/workloada -p recordcount=100000000 -p operationcount=1000000 -p fieldcount=10 -p fieldlength=128 -p fieldlengthdistribution=constant -p readallfields=true -p writeallfields=true -p insertorder=hashed -p requestdistribution=uniform -p readproportion=1 -p updateproportion=0 -p insertproportion=0 -p scanproportion=0 -p readmodifywriteproportion=0 -p measurementtype=hdrhistogram -p measurement.interval=both -p hdrhistogram.percentiles=50,95,99,99.9,99.99 -p status.interval=10 -p redis.host=172.16.0.4 -p redis.port=16379 -p redis.scanindex=none -p redis.timeout=10000 -p redis.cluster=false -p redis.updatecommand=hmset -t
Command line: -db site.ycsb.db.RedisClient -s -threads 256 -P /mnt/dev/YCSB-hreplace-dist/workloads/workloada -p recordcount=100000000 -p operationcount=1000000 -p fieldcount=10 -p fieldlength=128 -p fieldlengthdistribution=constant -p readallfields=true -p writeallfields=true -p insertorder=hashed -p requestdistribution=uniform -p readproportion=1 -p updateproportion=0 -p insertproportion=0 -p scanproportion=0 -p readmodifywriteproportion=0 -p measurementtype=hdrhistogram -p measurement.interval=both -p hdrhistogram.percentiles=50,95,99,99.9,99.99 -p status.interval=10 -p redis.host=172.16.0.4 -p redis.port=16379 -p redis.scanindex=none -p redis.timeout=10000 -p redis.cluster=false -p redis.updatecommand=hmset -t
YCSB Client 0.18.0-SNAPSHOT

Loading workload...
Starting test.
SLF4J: Failed to load class "org.slf4j.impl.StaticLoggerBinder".
SLF4J: Defaulting to no-operation (NOP) logger implementation
SLF4J: See http://www.slf4j.org/codes.html#StaticLoggerBinder for further details.
2026-09-13 14:53:02:852 0 sec: 0 operations; est completion in 0 second 
DBWrapper: report latency for each error is false and specific error codes to track for latency are: []
2026-09-13 14:53:05:289 2 sec: 1000000 operations; 407331.98 current ops/sec; [READ: Count=1000000, Max=80639, Min=223, Avg=522.55, 50=455, 90=619, 99=1712, 99.9=5563, 99.99=36863] [CLEANUP: Count=256, Max=700, Min=12, Avg=28.16, 50=21, 90=40, 99=129, 99.9=700, 99.99=700] [Intended-READ: Count=1000000, Max=80639, Min=223, Avg=522.59, 50=455, 90=619, 99=1712, 99.9=5563, 99.99=36863] [Intended-CLEANUP: Count=256, Max=701, Min=13, Avg=28.41, 50=21, 90=40, 99=129, 99.9=701, 99.99=701] 
[OVERALL], RunTime(ms), 2455
[OVERALL], Throughput(ops/sec), 407331.9755600815
[TOTAL_GCS_G1_Young_Generation], Count, 17
[TOTAL_GC_TIME_G1_Young_Generation], Time(ms), 29
[TOTAL_GC_TIME_%_G1_Young_Generation], Time(%), 1.1812627291242364
[TOTAL_GCS_G1_Old_Generation], Count, 0
[TOTAL_GC_TIME_G1_Old_Generation], Time(ms), 0
[TOTAL_GC_TIME_%_G1_Old_Generation], Time(%), 0.0
[TOTAL_GCs], Count, 17
[TOTAL_GC_TIME], Time(ms), 29
[TOTAL_GC_TIME_%], Time(%), 1.1812627291242364
[READ], Operations, 1000000
[READ], AverageLatency(us), 522.546074
[READ], MinLatency(us), 223
[READ], MaxLatency(us), 80639
[READ], 50thPercentileLatency(us), 455
[READ], 95thPercentileLatency(us), 818
[READ], 99thPercentileLatency(us), 1712
[READ], 99.9PercentileLatency(us), 5563
[READ], 99.99PercentileLatency(us), 36863
[READ], Return=OK, 1000000
[CLEANUP], Operations, 256
[CLEANUP], AverageLatency(us), 28.1640625
[CLEANUP], MinLatency(us), 12
[CLEANUP], MaxLatency(us), 700
[CLEANUP], 50thPercentileLatency(us), 21
[CLEANUP], 95thPercentileLatency(us), 53
[CLEANUP], 99thPercentileLatency(us), 129
[CLEANUP], 99.9PercentileLatency(us), 700
[CLEANUP], 99.99PercentileLatency(us), 700
[Intended-READ], Operations, 1000000
[Intended-READ], AverageLatency(us), 522.587518
[Intended-READ], MinLatency(us), 223
[Intended-READ], MaxLatency(us), 80639
[Intended-READ], 50thPercentileLatency(us), 455
[Intended-READ], 95thPercentileLatency(us), 818
[Intended-READ], 99thPercentileLatency(us), 1712
[Intended-READ], 99.9PercentileLatency(us), 5563
[Intended-READ], 99.99PercentileLatency(us), 36863
[Intended-CLEANUP], Operations, 256
[Intended-CLEANUP], AverageLatency(us), 28.4140625
[Intended-CLEANUP], MinLatency(us), 13
[Intended-CLEANUP], MaxLatency(us), 701
[Intended-CLEANUP], 50thPercentileLatency(us), 21
[Intended-CLEANUP], 95thPercentileLatency(us), 53
[Intended-CLEANUP], 99thPercentileLatency(us), 129
[Intended-CLEANUP], 99.9PercentileLatency(us), 701
[Intended-CLEANUP], 99.99PercentileLatency(us), 701
