java -cp /mnt/dev/YCSB-hreplace-dist/redis-binding/conf:/mnt/dev/YCSB-hreplace-dist/conf:/mnt/dev/YCSB-hreplace-dist/lib/htrace-core4-4.1.0-incubating.jar:/mnt/dev/YCSB-hreplace-dist/lib/slf4j-api-1.7.25.jar:/mnt/dev/YCSB-hreplace-dist/lib/jackson-mapper-asl-1.9.4.jar:/mnt/dev/YCSB-hreplace-dist/lib/HdrHistogram-2.1.12.jar:/mnt/dev/YCSB-hreplace-dist/lib/jackson-core-asl-1.9.4.jar:/mnt/dev/YCSB-hreplace-dist/lib/jedis-3.9.0.jar:/mnt/dev/YCSB-hreplace-dist/lib/core-0.18.0-SNAPSHOT.jar:/mnt/dev/YCSB-hreplace-dist/lib/commons-pool2-2.11.1.jar:/mnt/dev/YCSB-hreplace-dist/lib/redis-binding-0.18.0-SNAPSHOT.jar site.ycsb.Client -db site.ycsb.db.RedisClient -s -threads 256 -P /mnt/dev/YCSB-hreplace-dist/workloads/workloada -target 100000 -p recordcount=100000000 -p operationcount=1000000 -p fieldcount=10 -p fieldlength=128 -p fieldlengthdistribution=constant -p readallfields=true -p writeallfields=true -p insertorder=hashed -p requestdistribution=uniform -p readproportion=1 -p updateproportion=0 -p insertproportion=0 -p scanproportion=0 -p readmodifywriteproportion=0 -p measurementtype=hdrhistogram -p measurement.interval=both -p hdrhistogram.percentiles=50,95,99,99.9,99.99 -p status.interval=10 -p redis.host=172.16.0.4 -p redis.port=16379 -p redis.scanindex=none -p redis.timeout=10000 -p redis.cluster=false -p redis.updatecommand=keylane.hreplace -t
Command line: -db site.ycsb.db.RedisClient -s -threads 256 -P /mnt/dev/YCSB-hreplace-dist/workloads/workloada -target 100000 -p recordcount=100000000 -p operationcount=1000000 -p fieldcount=10 -p fieldlength=128 -p fieldlengthdistribution=constant -p readallfields=true -p writeallfields=true -p insertorder=hashed -p requestdistribution=uniform -p readproportion=1 -p updateproportion=0 -p insertproportion=0 -p scanproportion=0 -p readmodifywriteproportion=0 -p measurementtype=hdrhistogram -p measurement.interval=both -p hdrhistogram.percentiles=50,95,99,99.9,99.99 -p status.interval=10 -p redis.host=172.16.0.4 -p redis.port=16379 -p redis.scanindex=none -p redis.timeout=10000 -p redis.cluster=false -p redis.updatecommand=keylane.hreplace -t
YCSB Client 0.18.0-SNAPSHOT

Loading workload...
Starting test.
SLF4J: Failed to load class "org.slf4j.impl.StaticLoggerBinder".
SLF4J: Defaulting to no-operation (NOP) logger implementation
SLF4J: See http://www.slf4j.org/codes.html#StaticLoggerBinder for further details.
2026-09-13 16:30:14:651 0 sec: 0 operations; est completion in 0 second 
DBWrapper: report latency for each error is false and specific error codes to track for latency are: []
2026-09-13 16:30:24:634 10 sec: 991209 operations; 99110.99 current ops/sec; est completion in 1 second [READ: Count=991310, Max=36319, Min=206, Avg=314.47, 50=296, 90=378, 99=482, 99.9=1372, 99.99=17151] [Intended-READ: Count=991848, Max=81983, Min=230, Avg=516.4, 50=355, 90=438, 99=750, 99.9=43231, 99.99=69823] 
2026-09-13 16:30:24:747 10 sec: 1000000 operations; 77796.46 current ops/sec; [READ: Count=8690, Max=2589, Min=215, Avg=311.58, 50=298, 90=374, 99=466, 99.9=1397, 99.99=2589] [CLEANUP: Count=256, Max=657, Min=10, Avg=28.89, 50=18, 90=31, 99=552, 99.9=657, 99.99=657] [Intended-READ: Count=8152, Max=2627, Min=234, Avg=369.88, 50=356, 90=433, 99=527, 99.9=1553, 99.99=2627] [Intended-CLEANUP: Count=256, Max=657, Min=10, Avg=29.13, 50=18, 90=32, 99=552, 99.9=657, 99.99=657] 
[OVERALL], RunTime(ms), 10113
[OVERALL], Throughput(ops/sec), 98882.62632255512
[TOTAL_GCS_G1_Young_Generation], Count, 20
[TOTAL_GC_TIME_G1_Young_Generation], Time(ms), 23
[TOTAL_GC_TIME_%_G1_Young_Generation], Time(%), 0.2274300405418768
[TOTAL_GCS_G1_Old_Generation], Count, 0
[TOTAL_GC_TIME_G1_Old_Generation], Time(ms), 0
[TOTAL_GC_TIME_%_G1_Old_Generation], Time(%), 0.0
[TOTAL_GCs], Count, 20
[TOTAL_GC_TIME], Time(ms), 23
[TOTAL_GC_TIME_%], Time(%), 0.2274300405418768
[READ], Operations, 1000000
[READ], AverageLatency(us), 314.448419
[READ], MinLatency(us), 206
[READ], MaxLatency(us), 36319
[READ], 50thPercentileLatency(us), 296
[READ], 95thPercentileLatency(us), 407
[READ], 99thPercentileLatency(us), 482
[READ], 99.9PercentileLatency(us), 1372
[READ], 99.99PercentileLatency(us), 17119
[READ], Return=OK, 1000000
[CLEANUP], Operations, 256
[CLEANUP], AverageLatency(us), 28.89453125
[CLEANUP], MinLatency(us), 10
[CLEANUP], MaxLatency(us), 657
[CLEANUP], 50thPercentileLatency(us), 18
[CLEANUP], 95thPercentileLatency(us), 47
[CLEANUP], 99thPercentileLatency(us), 552
[CLEANUP], 99.9PercentileLatency(us), 657
[CLEANUP], 99.99PercentileLatency(us), 657
[Intended-READ], Operations, 1000000
[Intended-READ], AverageLatency(us), 515.206351
[Intended-READ], MinLatency(us), 230
[Intended-READ], MaxLatency(us), 81983
[Intended-READ], 50thPercentileLatency(us), 355
[Intended-READ], 95thPercentileLatency(us), 469
[Intended-READ], 99thPercentileLatency(us), 738
[Intended-READ], 99.9PercentileLatency(us), 43071
[Intended-READ], 99.99PercentileLatency(us), 69759
[Intended-CLEANUP], Operations, 256
[Intended-CLEANUP], AverageLatency(us), 29.1328125
[Intended-CLEANUP], MinLatency(us), 10
[Intended-CLEANUP], MaxLatency(us), 657
[Intended-CLEANUP], 50thPercentileLatency(us), 18
[Intended-CLEANUP], 95thPercentileLatency(us), 47
[Intended-CLEANUP], 99thPercentileLatency(us), 552
[Intended-CLEANUP], 99.9PercentileLatency(us), 657
[Intended-CLEANUP], 99.99PercentileLatency(us), 657
