java -cp /mnt/dev/YCSB-hreplace-dist/redis-binding/conf:/mnt/dev/YCSB-hreplace-dist/conf:/mnt/dev/YCSB-hreplace-dist/lib/htrace-core4-4.1.0-incubating.jar:/mnt/dev/YCSB-hreplace-dist/lib/slf4j-api-1.7.25.jar:/mnt/dev/YCSB-hreplace-dist/lib/jackson-mapper-asl-1.9.4.jar:/mnt/dev/YCSB-hreplace-dist/lib/HdrHistogram-2.1.12.jar:/mnt/dev/YCSB-hreplace-dist/lib/jackson-core-asl-1.9.4.jar:/mnt/dev/YCSB-hreplace-dist/lib/jedis-3.9.0.jar:/mnt/dev/YCSB-hreplace-dist/lib/core-0.18.0-SNAPSHOT.jar:/mnt/dev/YCSB-hreplace-dist/lib/commons-pool2-2.11.1.jar:/mnt/dev/YCSB-hreplace-dist/lib/redis-binding-0.18.0-SNAPSHOT.jar site.ycsb.Client -db site.ycsb.db.RedisClient -s -threads 256 -P /mnt/dev/YCSB-hreplace-dist/workloads/workloada -p recordcount=100000000 -p operationcount=1000000 -p fieldcount=10 -p fieldlength=128 -p fieldlengthdistribution=constant -p readallfields=true -p writeallfields=true -p insertorder=hashed -p requestdistribution=uniform -p readproportion=1 -p updateproportion=0 -p insertproportion=0 -p scanproportion=0 -p readmodifywriteproportion=0 -p measurementtype=hdrhistogram -p measurement.interval=both -p hdrhistogram.percentiles=50,95,99,99.9,99.99 -p status.interval=10 -p redis.host=172.16.0.4 -p redis.port=16379 -p redis.scanindex=none -p redis.timeout=10000 -p redis.cluster=false -p redis.updatecommand=hmset -t
Command line: -db site.ycsb.db.RedisClient -s -threads 256 -P /mnt/dev/YCSB-hreplace-dist/workloads/workloada -p recordcount=100000000 -p operationcount=1000000 -p fieldcount=10 -p fieldlength=128 -p fieldlengthdistribution=constant -p readallfields=true -p writeallfields=true -p insertorder=hashed -p requestdistribution=uniform -p readproportion=1 -p updateproportion=0 -p insertproportion=0 -p scanproportion=0 -p readmodifywriteproportion=0 -p measurementtype=hdrhistogram -p measurement.interval=both -p hdrhistogram.percentiles=50,95,99,99.9,99.99 -p status.interval=10 -p redis.host=172.16.0.4 -p redis.port=16379 -p redis.scanindex=none -p redis.timeout=10000 -p redis.cluster=false -p redis.updatecommand=hmset -t
YCSB Client 0.18.0-SNAPSHOT

Loading workload...
Starting test.
SLF4J: Failed to load class "org.slf4j.impl.StaticLoggerBinder".
SLF4J: Defaulting to no-operation (NOP) logger implementation
SLF4J: See http://www.slf4j.org/codes.html#StaticLoggerBinder for further details.
2026-09-13 14:50:30:652 0 sec: 0 operations; est completion in 0 second 
DBWrapper: report latency for each error is false and specific error codes to track for latency are: []
2026-09-13 14:50:32:961 2 sec: 1000000 operations; 427167.88 current ops/sec; [READ: Count=1000000, Max=44575, Min=226, Avg=503.06, 50=452, 90=600, 99=1671, 99.9=5047, 99.99=22639] [CLEANUP: Count=256, Max=830, Min=12, Avg=30.93, 50=22, 90=50, 99=111, 99.9=830, 99.99=830] [Intended-READ: Count=1000000, Max=44575, Min=226, Avg=503.1, 50=452, 90=600, 99=1671, 99.9=5051, 99.99=22639] [Intended-CLEANUP: Count=256, Max=831, Min=13, Avg=31.38, 50=22, 90=50, 99=111, 99.9=831, 99.99=831] 
[OVERALL], RunTime(ms), 2340
[OVERALL], Throughput(ops/sec), 427350.4273504274
[TOTAL_GCS_G1_Young_Generation], Count, 16
[TOTAL_GC_TIME_G1_Young_Generation], Time(ms), 22
[TOTAL_GC_TIME_%_G1_Young_Generation], Time(%), 0.9401709401709402
[TOTAL_GCS_G1_Old_Generation], Count, 0
[TOTAL_GC_TIME_G1_Old_Generation], Time(ms), 0
[TOTAL_GC_TIME_%_G1_Old_Generation], Time(%), 0.0
[TOTAL_GCs], Count, 16
[TOTAL_GC_TIME], Time(ms), 22
[TOTAL_GC_TIME_%], Time(%), 0.9401709401709402
[READ], Operations, 1000000
[READ], AverageLatency(us), 503.058395
[READ], MinLatency(us), 226
[READ], MaxLatency(us), 44575
[READ], 50thPercentileLatency(us), 452
[READ], 95thPercentileLatency(us), 697
[READ], 99thPercentileLatency(us), 1671
[READ], 99.9PercentileLatency(us), 5047
[READ], 99.99PercentileLatency(us), 22639
[READ], Return=OK, 1000000
[CLEANUP], Operations, 256
[CLEANUP], AverageLatency(us), 30.93359375
[CLEANUP], MinLatency(us), 12
[CLEANUP], MaxLatency(us), 830
[CLEANUP], 50thPercentileLatency(us), 22
[CLEANUP], 95thPercentileLatency(us), 76
[CLEANUP], 99thPercentileLatency(us), 111
[CLEANUP], 99.9PercentileLatency(us), 830
[CLEANUP], 99.99PercentileLatency(us), 830
[Intended-READ], Operations, 1000000
[Intended-READ], AverageLatency(us), 503.096878
[Intended-READ], MinLatency(us), 226
[Intended-READ], MaxLatency(us), 44575
[Intended-READ], 50thPercentileLatency(us), 452
[Intended-READ], 95thPercentileLatency(us), 697
[Intended-READ], 99thPercentileLatency(us), 1671
[Intended-READ], 99.9PercentileLatency(us), 5051
[Intended-READ], 99.99PercentileLatency(us), 22639
[Intended-CLEANUP], Operations, 256
[Intended-CLEANUP], AverageLatency(us), 31.3828125
[Intended-CLEANUP], MinLatency(us), 13
[Intended-CLEANUP], MaxLatency(us), 831
[Intended-CLEANUP], 50thPercentileLatency(us), 22
[Intended-CLEANUP], 95thPercentileLatency(us), 77
[Intended-CLEANUP], 99thPercentileLatency(us), 111
[Intended-CLEANUP], 99.9PercentileLatency(us), 831
[Intended-CLEANUP], 99.99PercentileLatency(us), 831
