java -cp /mnt/dev/YCSB-hreplace-dist/redis-binding/conf:/mnt/dev/YCSB-hreplace-dist/conf:/mnt/dev/YCSB-hreplace-dist/lib/htrace-core4-4.1.0-incubating.jar:/mnt/dev/YCSB-hreplace-dist/lib/slf4j-api-1.7.25.jar:/mnt/dev/YCSB-hreplace-dist/lib/jackson-mapper-asl-1.9.4.jar:/mnt/dev/YCSB-hreplace-dist/lib/HdrHistogram-2.1.12.jar:/mnt/dev/YCSB-hreplace-dist/lib/jackson-core-asl-1.9.4.jar:/mnt/dev/YCSB-hreplace-dist/lib/jedis-3.9.0.jar:/mnt/dev/YCSB-hreplace-dist/lib/core-0.18.0-SNAPSHOT.jar:/mnt/dev/YCSB-hreplace-dist/lib/commons-pool2-2.11.1.jar:/mnt/dev/YCSB-hreplace-dist/lib/redis-binding-0.18.0-SNAPSHOT.jar site.ycsb.Client -db site.ycsb.db.RedisClient -s -threads 256 -P /mnt/dev/YCSB-hreplace-dist/workloads/workloada -p recordcount=100000000 -p operationcount=1000000 -p fieldcount=10 -p fieldlength=128 -p fieldlengthdistribution=constant -p readallfields=true -p writeallfields=true -p insertorder=hashed -p requestdistribution=uniform -p readproportion=0.5 -p updateproportion=0.5 -p insertproportion=0 -p scanproportion=0 -p readmodifywriteproportion=0 -p measurementtype=hdrhistogram -p measurement.interval=op -p hdrhistogram.percentiles=50,95,99,99.9,99.99 -p status.interval=10 -p redis.host=172.16.0.4 -p redis.port=16379 -p redis.scanindex=none -p redis.timeout=10000 -p redis.cluster=false -p redis.updatecommand=hmset -t
Command line: -db site.ycsb.db.RedisClient -s -threads 256 -P /mnt/dev/YCSB-hreplace-dist/workloads/workloada -p recordcount=100000000 -p operationcount=1000000 -p fieldcount=10 -p fieldlength=128 -p fieldlengthdistribution=constant -p readallfields=true -p writeallfields=true -p insertorder=hashed -p requestdistribution=uniform -p readproportion=0.5 -p updateproportion=0.5 -p insertproportion=0 -p scanproportion=0 -p readmodifywriteproportion=0 -p measurementtype=hdrhistogram -p measurement.interval=op -p hdrhistogram.percentiles=50,95,99,99.9,99.99 -p status.interval=10 -p redis.host=172.16.0.4 -p redis.port=16379 -p redis.scanindex=none -p redis.timeout=10000 -p redis.cluster=false -p redis.updatecommand=hmset -t
YCSB Client 0.18.0-SNAPSHOT

Loading workload...
Starting test.
SLF4J: Failed to load class "org.slf4j.impl.StaticLoggerBinder".
SLF4J: Defaulting to no-operation (NOP) logger implementation
SLF4J: See http://www.slf4j.org/codes.html#StaticLoggerBinder for further details.
2026-09-13 15:41:28:910 0 sec: 0 operations; est completion in 0 second 
DBWrapper: report latency for each error is false and specific error codes to track for latency are: []
2026-09-13 15:41:31:702 2 sec: 1000000 operations; 352236.7 current ops/sec; [READ: Count=500932, Max=106687, Min=199, Avg=614.07, 50=504, 90=766, 99=3437, 99.9=8775, 99.99=35519] [CLEANUP: Count=256, Max=1115, Min=13, Avg=33.26, 50=23, 90=50, 99=121, 99.9=1115, 99.99=1115] [UPDATE: Count=499068, Max=105983, Min=205, Avg=661.66, 50=524, 90=866, 99=3637, 99.9=10271, 99.99=44479] 
[OVERALL], RunTime(ms), 2838
[OVERALL], Throughput(ops/sec), 352360.81747709657
[TOTAL_GCS_G1_Young_Generation], Count, 23
[TOTAL_GC_TIME_G1_Young_Generation], Time(ms), 32
[TOTAL_GC_TIME_%_G1_Young_Generation], Time(%), 1.127554615926709
[TOTAL_GCS_G1_Old_Generation], Count, 0
[TOTAL_GC_TIME_G1_Old_Generation], Time(ms), 0
[TOTAL_GC_TIME_%_G1_Old_Generation], Time(%), 0.0
[TOTAL_GCs], Count, 23
[TOTAL_GC_TIME], Time(ms), 32
[TOTAL_GC_TIME_%], Time(%), 1.127554615926709
[READ], Operations, 500932
[READ], AverageLatency(us), 614.0746169140722
[READ], MinLatency(us), 199
[READ], MaxLatency(us), 106687
[READ], 50thPercentileLatency(us), 504
[READ], 95thPercentileLatency(us), 1006
[READ], 99thPercentileLatency(us), 3437
[READ], 99.9PercentileLatency(us), 8775
[READ], 99.99PercentileLatency(us), 35519
[READ], Return=OK, 500932
[CLEANUP], Operations, 256
[CLEANUP], AverageLatency(us), 33.26171875
[CLEANUP], MinLatency(us), 13
[CLEANUP], MaxLatency(us), 1115
[CLEANUP], 50thPercentileLatency(us), 23
[CLEANUP], 95thPercentileLatency(us), 68
[CLEANUP], 99thPercentileLatency(us), 121
[CLEANUP], 99.9PercentileLatency(us), 1115
[CLEANUP], 99.99PercentileLatency(us), 1115
[UPDATE], Operations, 499068
[UPDATE], AverageLatency(us), 661.6645867897762
[UPDATE], MinLatency(us), 205
[UPDATE], MaxLatency(us), 105983
[UPDATE], 50thPercentileLatency(us), 524
[UPDATE], 95thPercentileLatency(us), 1249
[UPDATE], 99thPercentileLatency(us), 3637
[UPDATE], 99.9PercentileLatency(us), 10271
[UPDATE], 99.99PercentileLatency(us), 44479
[UPDATE], Return=OK, 499068
