java -cp /mnt/dev/YCSB-hreplace-dist/redis-binding/conf:/mnt/dev/YCSB-hreplace-dist/conf:/mnt/dev/YCSB-hreplace-dist/lib/htrace-core4-4.1.0-incubating.jar:/mnt/dev/YCSB-hreplace-dist/lib/slf4j-api-1.7.25.jar:/mnt/dev/YCSB-hreplace-dist/lib/jackson-mapper-asl-1.9.4.jar:/mnt/dev/YCSB-hreplace-dist/lib/HdrHistogram-2.1.12.jar:/mnt/dev/YCSB-hreplace-dist/lib/jackson-core-asl-1.9.4.jar:/mnt/dev/YCSB-hreplace-dist/lib/jedis-3.9.0.jar:/mnt/dev/YCSB-hreplace-dist/lib/core-0.18.0-SNAPSHOT.jar:/mnt/dev/YCSB-hreplace-dist/lib/commons-pool2-2.11.1.jar:/mnt/dev/YCSB-hreplace-dist/lib/redis-binding-0.18.0-SNAPSHOT.jar site.ycsb.Client -db site.ycsb.db.RedisClient -s -threads 256 -P /mnt/dev/YCSB-hreplace-dist/workloads/workloada -target 100000 -p recordcount=100000000 -p operationcount=1000000 -p fieldcount=10 -p fieldlength=128 -p fieldlengthdistribution=constant -p readallfields=true -p writeallfields=true -p insertorder=hashed -p requestdistribution=uniform -p readproportion=1 -p updateproportion=0 -p insertproportion=0 -p scanproportion=0 -p readmodifywriteproportion=0 -p measurementtype=hdrhistogram -p measurement.interval=both -p hdrhistogram.percentiles=50,95,99,99.9,99.99 -p status.interval=10 -p redis.host=172.16.0.4 -p redis.port=16379 -p redis.scanindex=none -p redis.timeout=10000 -p redis.cluster=false -p redis.updatecommand=keylane.hreplace -t
Command line: -db site.ycsb.db.RedisClient -s -threads 256 -P /mnt/dev/YCSB-hreplace-dist/workloads/workloada -target 100000 -p recordcount=100000000 -p operationcount=1000000 -p fieldcount=10 -p fieldlength=128 -p fieldlengthdistribution=constant -p readallfields=true -p writeallfields=true -p insertorder=hashed -p requestdistribution=uniform -p readproportion=1 -p updateproportion=0 -p insertproportion=0 -p scanproportion=0 -p readmodifywriteproportion=0 -p measurementtype=hdrhistogram -p measurement.interval=both -p hdrhistogram.percentiles=50,95,99,99.9,99.99 -p status.interval=10 -p redis.host=172.16.0.4 -p redis.port=16379 -p redis.scanindex=none -p redis.timeout=10000 -p redis.cluster=false -p redis.updatecommand=keylane.hreplace -t
YCSB Client 0.18.0-SNAPSHOT

Loading workload...
Starting test.
SLF4J: Failed to load class "org.slf4j.impl.StaticLoggerBinder".
SLF4J: Defaulting to no-operation (NOP) logger implementation
SLF4J: See http://www.slf4j.org/codes.html#StaticLoggerBinder for further details.
2026-09-13 16:04:39:662 0 sec: 0 operations; est completion in 0 second 
DBWrapper: report latency for each error is false and specific error codes to track for latency are: []
2026-09-13 16:04:49:595 10 sec: 990059 operations; 98996 current ops/sec; est completion in 1 second [READ: Count=990134, Max=34655, Min=204, Avg=314.86, 50=295, 90=378, 99=515, 99.9=1312, 99.99=11887] [Intended-READ: Count=990625, Max=99391, Min=227, Avg=561.92, 50=355, 90=439, 99=1061, 99.9=52415, 99.99=83135] 
2026-09-13 16:04:49:720 10 sec: 1000000 operations; 79528 current ops/sec; [READ: Count=9866, Max=1639, Min=216, Avg=308.96, 50=295, 90=377, 99=487, 99.9=629, 99.99=1639] [CLEANUP: Count=256, Max=560, Min=11, Avg=25.8, 50=17, 90=28, 99=332, 99.9=560, 99.99=560] [Intended-READ: Count=9375, Max=1656, Min=239, Avg=366.69, 50=354, 90=434, 99=545, 99.9=688, 99.99=1656] [Intended-CLEANUP: Count=256, Max=560, Min=11, Avg=26.02, 50=18, 90=28, 99=333, 99.9=560, 99.99=560] 
[OVERALL], RunTime(ms), 10125
[OVERALL], Throughput(ops/sec), 98765.43209876544
[TOTAL_GCS_G1_Young_Generation], Count, 20
[TOTAL_GC_TIME_G1_Young_Generation], Time(ms), 22
[TOTAL_GC_TIME_%_G1_Young_Generation], Time(%), 0.21728395061728395
[TOTAL_GCS_G1_Old_Generation], Count, 0
[TOTAL_GC_TIME_G1_Old_Generation], Time(ms), 0
[TOTAL_GC_TIME_%_G1_Old_Generation], Time(%), 0.0
[TOTAL_GCs], Count, 20
[TOTAL_GC_TIME], Time(ms), 22
[TOTAL_GC_TIME_%], Time(%), 0.21728395061728395
[READ], Operations, 1000000
[READ], AverageLatency(us), 314.802196
[READ], MinLatency(us), 204
[READ], MaxLatency(us), 34655
[READ], 50thPercentileLatency(us), 295
[READ], 95thPercentileLatency(us), 409
[READ], 99thPercentileLatency(us), 514
[READ], 99.9PercentileLatency(us), 1306
[READ], 99.99PercentileLatency(us), 11007
[READ], Return=OK, 1000000
[CLEANUP], Operations, 256
[CLEANUP], AverageLatency(us), 25.80078125
[CLEANUP], MinLatency(us), 11
[CLEANUP], MaxLatency(us), 560
[CLEANUP], 50thPercentileLatency(us), 17
[CLEANUP], 95thPercentileLatency(us), 33
[CLEANUP], 99thPercentileLatency(us), 332
[CLEANUP], 99.9PercentileLatency(us), 560
[CLEANUP], 99.99PercentileLatency(us), 560
[Intended-READ], Operations, 1000000
[Intended-READ], AverageLatency(us), 560.087029
[Intended-READ], MinLatency(us), 227
[Intended-READ], MaxLatency(us), 99391
[Intended-READ], 50thPercentileLatency(us), 355
[Intended-READ], 95thPercentileLatency(us), 474
[Intended-READ], 99thPercentileLatency(us), 1040
[Intended-READ], 99.9PercentileLatency(us), 52159
[Intended-READ], 99.99PercentileLatency(us), 83071
[Intended-CLEANUP], Operations, 256
[Intended-CLEANUP], AverageLatency(us), 26.015625
[Intended-CLEANUP], MinLatency(us), 11
[Intended-CLEANUP], MaxLatency(us), 560
[Intended-CLEANUP], 50thPercentileLatency(us), 18
[Intended-CLEANUP], 95thPercentileLatency(us), 33
[Intended-CLEANUP], 99thPercentileLatency(us), 333
[Intended-CLEANUP], 99.9PercentileLatency(us), 560
[Intended-CLEANUP], 99.99PercentileLatency(us), 560
