java -cp /mnt/dev/YCSB-hreplace-dist/redis-binding/conf:/mnt/dev/YCSB-hreplace-dist/conf:/mnt/dev/YCSB-hreplace-dist/lib/htrace-core4-4.1.0-incubating.jar:/mnt/dev/YCSB-hreplace-dist/lib/slf4j-api-1.7.25.jar:/mnt/dev/YCSB-hreplace-dist/lib/jackson-mapper-asl-1.9.4.jar:/mnt/dev/YCSB-hreplace-dist/lib/HdrHistogram-2.1.12.jar:/mnt/dev/YCSB-hreplace-dist/lib/jackson-core-asl-1.9.4.jar:/mnt/dev/YCSB-hreplace-dist/lib/jedis-3.9.0.jar:/mnt/dev/YCSB-hreplace-dist/lib/core-0.18.0-SNAPSHOT.jar:/mnt/dev/YCSB-hreplace-dist/lib/commons-pool2-2.11.1.jar:/mnt/dev/YCSB-hreplace-dist/lib/redis-binding-0.18.0-SNAPSHOT.jar site.ycsb.Client -db site.ycsb.db.RedisClient -s -threads 256 -P /mnt/dev/YCSB-hreplace-dist/workloads/workloada -p recordcount=100000000 -p operationcount=1000000 -p fieldcount=10 -p fieldlength=128 -p fieldlengthdistribution=constant -p readallfields=true -p writeallfields=true -p insertorder=hashed -p requestdistribution=uniform -p readproportion=0.5 -p updateproportion=0.5 -p insertproportion=0 -p scanproportion=0 -p readmodifywriteproportion=0 -p measurementtype=hdrhistogram -p measurement.interval=both -p hdrhistogram.percentiles=50,95,99,99.9,99.99 -p status.interval=10 -p redis.host=172.16.0.4 -p redis.port=16379 -p redis.scanindex=none -p redis.timeout=10000 -p redis.cluster=false -p redis.updatecommand=hmset -t
Command line: -db site.ycsb.db.RedisClient -s -threads 256 -P /mnt/dev/YCSB-hreplace-dist/workloads/workloada -p recordcount=100000000 -p operationcount=1000000 -p fieldcount=10 -p fieldlength=128 -p fieldlengthdistribution=constant -p readallfields=true -p writeallfields=true -p insertorder=hashed -p requestdistribution=uniform -p readproportion=0.5 -p updateproportion=0.5 -p insertproportion=0 -p scanproportion=0 -p readmodifywriteproportion=0 -p measurementtype=hdrhistogram -p measurement.interval=both -p hdrhistogram.percentiles=50,95,99,99.9,99.99 -p status.interval=10 -p redis.host=172.16.0.4 -p redis.port=16379 -p redis.scanindex=none -p redis.timeout=10000 -p redis.cluster=false -p redis.updatecommand=hmset -t
YCSB Client 0.18.0-SNAPSHOT

Loading workload...
Starting test.
SLF4J: Failed to load class "org.slf4j.impl.StaticLoggerBinder".
SLF4J: Defaulting to no-operation (NOP) logger implementation
SLF4J: See http://www.slf4j.org/codes.html#StaticLoggerBinder for further details.
2026-09-13 14:49:13:490 0 sec: 0 operations; est completion in 0 second 
DBWrapper: report latency for each error is false and specific error codes to track for latency are: []
2026-09-13 14:49:16:337 2 sec: 1000000 operations; 349162.01 current ops/sec; [READ: Count=499608, Max=76479, Min=185, Avg=621.81, 50=512, 90=778, 99=3581, 99.9=7299, 99.99=40223] [CLEANUP: Count=256, Max=760, Min=12, Avg=32.42, 50=23, 90=42, 99=206, 99.9=760, 99.99=760] [UPDATE: Count=500392, Max=75903, Min=195, Avg=669.05, 50=532, 90=881, 99=3763, 99.9=8143, 99.99=44031] [Intended-READ: Count=499608, Max=76479, Min=185, Avg=621.85, 50=512, 90=778, 99=3581, 99.9=7299, 99.99=40223] [Intended-CLEANUP: Count=256, Max=761, Min=12, Avg=32.76, 50=23, 90=42, 99=207, 99.9=761, 99.99=761] [Intended-UPDATE: Count=500392, Max=75903, Min=195, Avg=669.08, 50=532, 90=881, 99=3763, 99.9=8143, 99.99=44031] 
[OVERALL], RunTime(ms), 2863
[OVERALL], Throughput(ops/sec), 349283.96786587493
[TOTAL_GCS_G1_Young_Generation], Count, 26
[TOTAL_GC_TIME_G1_Young_Generation], Time(ms), 31
[TOTAL_GC_TIME_%_G1_Young_Generation], Time(%), 1.0827803003842122
[TOTAL_GCS_G1_Old_Generation], Count, 0
[TOTAL_GC_TIME_G1_Old_Generation], Time(ms), 0
[TOTAL_GC_TIME_%_G1_Old_Generation], Time(%), 0.0
[TOTAL_GCs], Count, 26
[TOTAL_GC_TIME], Time(ms), 31
[TOTAL_GC_TIME_%], Time(%), 1.0827803003842122
[READ], Operations, 499608
[READ], AverageLatency(us), 621.8115242350002
[READ], MinLatency(us), 185
[READ], MaxLatency(us), 76479
[READ], 50thPercentileLatency(us), 512
[READ], 95thPercentileLatency(us), 1037
[READ], 99thPercentileLatency(us), 3581
[READ], 99.9PercentileLatency(us), 7299
[READ], 99.99PercentileLatency(us), 40223
[READ], Return=OK, 499608
[CLEANUP], Operations, 256
[CLEANUP], AverageLatency(us), 32.41796875
[CLEANUP], MinLatency(us), 12
[CLEANUP], MaxLatency(us), 760
[CLEANUP], 50thPercentileLatency(us), 23
[CLEANUP], 95thPercentileLatency(us), 52
[CLEANUP], 99thPercentileLatency(us), 206
[CLEANUP], 99.9PercentileLatency(us), 760
[CLEANUP], 99.99PercentileLatency(us), 760
[UPDATE], Operations, 500392
[UPDATE], AverageLatency(us), 669.0458880237893
[UPDATE], MinLatency(us), 195
[UPDATE], MaxLatency(us), 75903
[UPDATE], 50thPercentileLatency(us), 532
[UPDATE], 95thPercentileLatency(us), 1282
[UPDATE], 99thPercentileLatency(us), 3763
[UPDATE], 99.9PercentileLatency(us), 8143
[UPDATE], 99.99PercentileLatency(us), 44031
[UPDATE], Return=OK, 500392
[Intended-READ], Operations, 499608
[Intended-READ], AverageLatency(us), 621.8480668844373
[Intended-READ], MinLatency(us), 185
[Intended-READ], MaxLatency(us), 76479
[Intended-READ], 50thPercentileLatency(us), 512
[Intended-READ], 95thPercentileLatency(us), 1037
[Intended-READ], 99thPercentileLatency(us), 3581
[Intended-READ], 99.9PercentileLatency(us), 7299
[Intended-READ], 99.99PercentileLatency(us), 40223
[Intended-CLEANUP], Operations, 256
[Intended-CLEANUP], AverageLatency(us), 32.76171875
[Intended-CLEANUP], MinLatency(us), 12
[Intended-CLEANUP], MaxLatency(us), 761
[Intended-CLEANUP], 50thPercentileLatency(us), 23
[Intended-CLEANUP], 95thPercentileLatency(us), 54
[Intended-CLEANUP], 99thPercentileLatency(us), 207
[Intended-CLEANUP], 99.9PercentileLatency(us), 761
[Intended-CLEANUP], 99.99PercentileLatency(us), 761
[Intended-UPDATE], Operations, 500392
[Intended-UPDATE], AverageLatency(us), 669.0813302370941
[Intended-UPDATE], MinLatency(us), 195
[Intended-UPDATE], MaxLatency(us), 75903
[Intended-UPDATE], 50thPercentileLatency(us), 532
[Intended-UPDATE], 95thPercentileLatency(us), 1282
[Intended-UPDATE], 99thPercentileLatency(us), 3763
[Intended-UPDATE], 99.9PercentileLatency(us), 8143
[Intended-UPDATE], 99.99PercentileLatency(us), 44031
