java -cp /mnt/dev/YCSB-hreplace-dist/redis-binding/conf:/mnt/dev/YCSB-hreplace-dist/conf:/mnt/dev/YCSB-hreplace-dist/lib/htrace-core4-4.1.0-incubating.jar:/mnt/dev/YCSB-hreplace-dist/lib/slf4j-api-1.7.25.jar:/mnt/dev/YCSB-hreplace-dist/lib/jackson-mapper-asl-1.9.4.jar:/mnt/dev/YCSB-hreplace-dist/lib/HdrHistogram-2.1.12.jar:/mnt/dev/YCSB-hreplace-dist/lib/jackson-core-asl-1.9.4.jar:/mnt/dev/YCSB-hreplace-dist/lib/jedis-3.9.0.jar:/mnt/dev/YCSB-hreplace-dist/lib/core-0.18.0-SNAPSHOT.jar:/mnt/dev/YCSB-hreplace-dist/lib/commons-pool2-2.11.1.jar:/mnt/dev/YCSB-hreplace-dist/lib/redis-binding-0.18.0-SNAPSHOT.jar site.ycsb.Client -db site.ycsb.db.RedisClient -s -threads 256 -P /mnt/dev/YCSB-hreplace-dist/workloads/workloada -target 100000 -p recordcount=100000000 -p operationcount=5000000 -p fieldcount=10 -p fieldlength=128 -p fieldlengthdistribution=constant -p readallfields=true -p writeallfields=true -p insertorder=hashed -p requestdistribution=uniform -p readproportion=0.5 -p updateproportion=0.5 -p insertproportion=0 -p scanproportion=0 -p readmodifywriteproportion=0 -p measurementtype=hdrhistogram -p measurement.interval=both -p hdrhistogram.percentiles=50,95,99,99.9,99.99 -p status.interval=10 -p redis.host=172.16.0.4 -p redis.port=16379 -p redis.scanindex=none -p redis.timeout=10000 -p redis.cluster=false -p redis.updatecommand=hmset -t
Command line: -db site.ycsb.db.RedisClient -s -threads 256 -P /mnt/dev/YCSB-hreplace-dist/workloads/workloada -target 100000 -p recordcount=100000000 -p operationcount=5000000 -p fieldcount=10 -p fieldlength=128 -p fieldlengthdistribution=constant -p readallfields=true -p writeallfields=true -p insertorder=hashed -p requestdistribution=uniform -p readproportion=0.5 -p updateproportion=0.5 -p insertproportion=0 -p scanproportion=0 -p readmodifywriteproportion=0 -p measurementtype=hdrhistogram -p measurement.interval=both -p hdrhistogram.percentiles=50,95,99,99.9,99.99 -p status.interval=10 -p redis.host=172.16.0.4 -p redis.port=16379 -p redis.scanindex=none -p redis.timeout=10000 -p redis.cluster=false -p redis.updatecommand=hmset -t
YCSB Client 0.18.0-SNAPSHOT

Loading workload...
Starting test.
SLF4J: Failed to load class "org.slf4j.impl.StaticLoggerBinder".
SLF4J: Defaulting to no-operation (NOP) logger implementation
SLF4J: See http://www.slf4j.org/codes.html#StaticLoggerBinder for further details.
2026-09-13 14:53:26:968 0 sec: 0 operations; est completion in 0 second 
DBWrapper: report latency for each error is false and specific error codes to track for latency are: []
2026-09-13 14:53:36:894 10 sec: 989460 operations; 98946 current ops/sec; est completion in 41 seconds [READ: Count=494895, Max=24751, Min=168, Avg=319.4, 50=296, 90=348, 99=774, 99.9=3201, 99.99=10415] [UPDATE: Count=494795, Max=27183, Min=177, Avg=338.08, 50=304, 90=358, 99=1392, 99.9=4027, 99.99=11911] [Intended-READ: Count=495220, Max=77759, Min=211, Avg=560.46, 50=355, 90=410, 99=2325, 99.9=45471, 99.99=63935] [Intended-UPDATE: Count=495036, Max=74111, Min=221, Avg=581.37, 50=363, 90=419, 99=2813, 99.9=46143, 99.99=63263] 
2026-09-13 14:53:46:894 20 sec: 1989456 operations; 99999.6 current ops/sec; est completion in 31 seconds [READ: Count=500038, Max=5595, Min=168, Avg=312.19, 50=296, 90=349, 99=501, 99.9=2713, 99.99=4171] [UPDATE: Count=499869, Max=7175, Min=176, Avg=319.54, 50=304, 90=358, 99=513, 99.9=2779, 99.99=4467] [Intended-READ: Count=499854, Max=5803, Min=212, Avg=371.99, 50=355, 90=410, 99=642, 99.9=2841, 99.99=4371] [Intended-UPDATE: Count=499738, Max=7247, Min=203, Avg=379.67, 50=363, 90=418, 99=658, 99.9=2895, 99.99=4611] 
2026-09-13 14:53:56:894 30 sec: 2989456 operations; 100000 current ops/sec; est completion in 21 seconds [READ: Count=499737, Max=6735, Min=173, Avg=311.17, 50=296, 90=347, 99=488, 99.9=2671, 99.99=4039] [UPDATE: Count=500210, Max=6363, Min=174, Avg=318.66, 50=303, 90=356, 99=505, 99.9=2693, 99.99=3925] [Intended-READ: Count=499689, Max=6791, Min=229, Avg=370.88, 50=355, 90=407, 99=631, 99.9=2769, 99.99=4167] [Intended-UPDATE: Count=500176, Max=6423, Min=219, Avg=378.58, 50=362, 90=416, 99=653, 99.9=2793, 99.99=4131] 
2026-09-13 14:54:06:894 40 sec: 3989445 operations; 99998.9 current ops/sec; est completion in 11 seconds [READ: Count=499913, Max=9663, Min=166, Avg=312.35, 50=296, 90=346, 99=499, 99.9=2945, 99.99=6091] [UPDATE: Count=500144, Max=9583, Min=178, Avg=319.26, 50=303, 90=355, 99=512, 99.9=2823, 99.99=5815] [Intended-READ: Count=499960, Max=9727, Min=212, Avg=373.46, 50=355, 90=407, 99=682, 99.9=3305, 99.99=6479] [Intended-UPDATE: Count=500182, Max=10223, Min=209, Avg=380.41, 50=362, 90=415, 99=681, 99.9=3177, 99.99=6467] 
2026-09-13 14:54:16:894 50 sec: 4989456 operations; 100001.1 current ops/sec; est completion in 1 second [READ: Count=500392, Max=6303, Min=169, Avg=310.95, 50=296, 90=346, 99=489, 99.9=2775, 99.99=4339] [UPDATE: Count=499542, Max=6311, Min=175, Avg=318.19, 50=303, 90=355, 99=509, 99.9=2713, 99.99=4407] [Intended-READ: Count=500330, Max=6535, Min=200, Avg=370.76, 50=355, 90=406, 99=640, 99.9=2889, 99.99=4511] [Intended-UPDATE: Count=499515, Max=6379, Min=235, Avg=378.26, 50=362, 90=415, 99=655, 99.9=2829, 99.99=4591] 
2026-09-13 14:54:17:023 50 sec: 5000000 operations; 81107.69 current ops/sec; [READ: Count=5274, Max=1752, Min=225, Avg=307.45, 50=294, 90=353, 99=495, 99.9=1510, 99.99=1752] [CLEANUP: Count=256, Max=677, Min=10, Avg=29.73, 50=16, 90=26, 99=614, 99.9=677, 99.99=677] [UPDATE: Count=5191, Max=1664, Min=221, Avg=315.37, 50=301, 90=359, 99=545, 99.9=1482, 99.99=1664] [Intended-READ: Count=5196, Max=2251, Min=236, Avg=370.55, 50=353, 90=415, 99=1022, 99.9=1573, 99.99=2251] [Intended-CLEANUP: Count=256, Max=678, Min=11, Avg=29.94, 50=16, 90=27, 99=615, 99.9=678, 99.99=678] [Intended-UPDATE: Count=5104, Max=1722, Min=241, Avg=378.54, 50=359, 90=423, 99=1075, 99.9=1552, 99.99=1722] 
[OVERALL], RunTime(ms), 50129
[OVERALL], Throughput(ops/sec), 99742.66392706816
[TOTAL_GCS_G1_Young_Generation], Count, 142
[TOTAL_GC_TIME_G1_Young_Generation], Time(ms), 104
[TOTAL_GC_TIME_%_G1_Young_Generation], Time(%), 0.20746474096830178
[TOTAL_GCS_G1_Old_Generation], Count, 0
[TOTAL_GC_TIME_G1_Old_Generation], Time(ms), 0
[TOTAL_GC_TIME_%_G1_Old_Generation], Time(%), 0.0
[TOTAL_GCs], Count, 142
[TOTAL_GC_TIME], Time(ms), 104
[TOTAL_GC_TIME_%], Time(%), 0.20746474096830178
[READ], Operations, 2500249
[READ], AverageLatency(us), 313.1867813965729
[READ], MinLatency(us), 166
[READ], MaxLatency(us), 24751
[READ], 50thPercentileLatency(us), 296
[READ], 95thPercentileLatency(us), 377
[READ], 99thPercentileLatency(us), 520
[READ], 99.9PercentileLatency(us), 2853
[READ], 99.99PercentileLatency(us), 5259
[READ], Return=OK, 2500249
[CLEANUP], Operations, 256
[CLEANUP], AverageLatency(us), 29.734375
[CLEANUP], MinLatency(us), 10
[CLEANUP], MaxLatency(us), 677
[CLEANUP], 50thPercentileLatency(us), 16
[CLEANUP], 95thPercentileLatency(us), 38
[CLEANUP], 99thPercentileLatency(us), 614
[CLEANUP], 99.9PercentileLatency(us), 677
[CLEANUP], 99.99PercentileLatency(us), 677
[UPDATE], Operations, 2499751
[UPDATE], AverageLatency(us), 322.699412861521
[UPDATE], MinLatency(us), 174
[UPDATE], MaxLatency(us), 27183
[UPDATE], 50thPercentileLatency(us), 303
[UPDATE], 95thPercentileLatency(us), 388
[UPDATE], 99thPercentileLatency(us), 566
[UPDATE], 99.9PercentileLatency(us), 3055
[UPDATE], 99.99PercentileLatency(us), 5827
[UPDATE], Return=OK, 2499751
[Intended-READ], Operations, 2500249
[Intended-READ], AverageLatency(us), 409.14452720509036
[Intended-READ], MinLatency(us), 200
[Intended-READ], MaxLatency(us), 77759
[Intended-READ], 50thPercentileLatency(us), 355
[Intended-READ], 95thPercentileLatency(us), 439
[Intended-READ], 99thPercentileLatency(us), 885
[Intended-READ], 99.9PercentileLatency(us), 12527
[Intended-READ], 99.99PercentileLatency(us), 52319
[Intended-CLEANUP], Operations, 256
[Intended-CLEANUP], AverageLatency(us), 29.94140625
[Intended-CLEANUP], MinLatency(us), 11
[Intended-CLEANUP], MaxLatency(us), 678
[Intended-CLEANUP], 50thPercentileLatency(us), 16
[Intended-CLEANUP], 95thPercentileLatency(us), 38
[Intended-CLEANUP], 99thPercentileLatency(us), 615
[Intended-CLEANUP], 99.9PercentileLatency(us), 678
[Intended-CLEANUP], 99.99PercentileLatency(us), 678
[Intended-UPDATE], Operations, 2499751
[Intended-UPDATE], AverageLatency(us), 419.25662796014484
[Intended-UPDATE], MinLatency(us), 203
[Intended-UPDATE], MaxLatency(us), 74111
[Intended-UPDATE], 50thPercentileLatency(us), 362
[Intended-UPDATE], 95thPercentileLatency(us), 450
[Intended-UPDATE], 99thPercentileLatency(us), 920
[Intended-UPDATE], 99.9PercentileLatency(us), 13807
[Intended-UPDATE], 99.99PercentileLatency(us), 52735
