java -cp /mnt/dev/YCSB-hreplace-dist/redis-binding/conf:/mnt/dev/YCSB-hreplace-dist/conf:/mnt/dev/YCSB-hreplace-dist/lib/htrace-core4-4.1.0-incubating.jar:/mnt/dev/YCSB-hreplace-dist/lib/slf4j-api-1.7.25.jar:/mnt/dev/YCSB-hreplace-dist/lib/jackson-mapper-asl-1.9.4.jar:/mnt/dev/YCSB-hreplace-dist/lib/HdrHistogram-2.1.12.jar:/mnt/dev/YCSB-hreplace-dist/lib/jackson-core-asl-1.9.4.jar:/mnt/dev/YCSB-hreplace-dist/lib/jedis-3.9.0.jar:/mnt/dev/YCSB-hreplace-dist/lib/core-0.18.0-SNAPSHOT.jar:/mnt/dev/YCSB-hreplace-dist/lib/commons-pool2-2.11.1.jar:/mnt/dev/YCSB-hreplace-dist/lib/redis-binding-0.18.0-SNAPSHOT.jar site.ycsb.Client -db site.ycsb.db.RedisClient -s -threads 256 -P /mnt/dev/YCSB-hreplace-dist/workloads/workloada -p recordcount=100000000 -p operationcount=5000000 -p fieldcount=10 -p fieldlength=128 -p fieldlengthdistribution=constant -p readallfields=true -p writeallfields=true -p insertorder=hashed -p requestdistribution=uniform -p readproportion=1 -p updateproportion=0 -p insertproportion=0 -p scanproportion=0 -p readmodifywriteproportion=0 -p measurementtype=hdrhistogram -p measurement.interval=both -p hdrhistogram.percentiles=50,95,99,99.9,99.99 -p status.interval=10 -p redis.host=172.16.0.4 -p redis.port=16379 -p redis.scanindex=none -p redis.timeout=10000 -p redis.cluster=false -p redis.updatecommand=keylane.hreplace -t
Command line: -db site.ycsb.db.RedisClient -s -threads 256 -P /mnt/dev/YCSB-hreplace-dist/workloads/workloada -p recordcount=100000000 -p operationcount=5000000 -p fieldcount=10 -p fieldlength=128 -p fieldlengthdistribution=constant -p readallfields=true -p writeallfields=true -p insertorder=hashed -p requestdistribution=uniform -p readproportion=1 -p updateproportion=0 -p insertproportion=0 -p scanproportion=0 -p readmodifywriteproportion=0 -p measurementtype=hdrhistogram -p measurement.interval=both -p hdrhistogram.percentiles=50,95,99,99.9,99.99 -p status.interval=10 -p redis.host=172.16.0.4 -p redis.port=16379 -p redis.scanindex=none -p redis.timeout=10000 -p redis.cluster=false -p redis.updatecommand=keylane.hreplace -t
YCSB Client 0.18.0-SNAPSHOT

Loading workload...
Starting test.
SLF4J: Failed to load class "org.slf4j.impl.StaticLoggerBinder".
SLF4J: Defaulting to no-operation (NOP) logger implementation
SLF4J: See http://www.slf4j.org/codes.html#StaticLoggerBinder for further details.
2026-09-13 16:03:07:946 0 sec: 0 operations; est completion in 0 second 
DBWrapper: report latency for each error is false and specific error codes to track for latency are: []
2026-09-13 16:03:17:887 10 sec: 4987455 operations; 498745.5 current ops/sec; est completion in 1 second [READ: Count=4987491, Max=81983, Min=218, Avg=472.73, 50=449, 90=579, 99=902, 99.9=3135, 99.99=6779] [CLEANUP: Count=236, Max=705, Min=13, Avg=41.37, 50=28, 90=80, 99=136, 99.9=705, 99.99=705] [Intended-READ: Count=4987747, Max=81983, Min=218, Avg=472.76, 50=449, 90=579, 99=902, 99.9=3135, 99.99=6779] [Intended-CLEANUP: Count=236, Max=706, Min=13, Avg=41.88, 50=28, 90=81, 99=137, 99.9=706, 99.99=706] 
2026-09-13 16:03:18:372 10 sec: 5000000 operations; 25812.76 current ops/sec; [READ: Count=12509, Max=545, Min=236, Avg=346.13, 50=345, 90=400, 99=452, 99.9=516, 99.99=539] [CLEANUP: Count=20, Max=29, Min=16, Avg=21.15, 50=21, 90=23, 99=29, 99.9=29, 99.99=29] [Intended-READ: Count=12253, Max=545, Min=236, Avg=346.04, 50=344, 90=399, 99=452, 99.9=516, 99.99=539] [Intended-CLEANUP: Count=20, Max=29, Min=16, Avg=21.3, 50=22, 90=23, 99=29, 99.9=29, 99.99=29] 
[OVERALL], RunTime(ms), 10485
[OVERALL], Throughput(ops/sec), 476871.72150691465
[TOTAL_GCS_G1_Young_Generation], Count, 75
[TOTAL_GC_TIME_G1_Young_Generation], Time(ms), 64
[TOTAL_GC_TIME_%_G1_Young_Generation], Time(%), 0.6103958035288507
[TOTAL_GCS_G1_Old_Generation], Count, 0
[TOTAL_GC_TIME_G1_Old_Generation], Time(ms), 0
[TOTAL_GC_TIME_%_G1_Old_Generation], Time(%), 0.0
[TOTAL_GCs], Count, 75
[TOTAL_GC_TIME], Time(ms), 64
[TOTAL_GC_TIME_%], Time(%), 0.6103958035288507
[READ], Operations, 5000000
[READ], AverageLatency(us), 472.4176544
[READ], MinLatency(us), 218
[READ], MaxLatency(us), 81983
[READ], 50thPercentileLatency(us), 449
[READ], 95thPercentileLatency(us), 634
[READ], 99thPercentileLatency(us), 901
[READ], 99.9PercentileLatency(us), 3131
[READ], 99.99PercentileLatency(us), 6747
[READ], Return=OK, 5000000
[CLEANUP], Operations, 256
[CLEANUP], AverageLatency(us), 39.7890625
[CLEANUP], MinLatency(us), 13
[CLEANUP], MaxLatency(us), 705
[CLEANUP], 50thPercentileLatency(us), 26
[CLEANUP], 95thPercentileLatency(us), 99
[CLEANUP], 99thPercentileLatency(us), 136
[CLEANUP], 99.9PercentileLatency(us), 705
[CLEANUP], 99.99PercentileLatency(us), 705
[Intended-READ], Operations, 5000000
[Intended-READ], AverageLatency(us), 472.4537602
[Intended-READ], MinLatency(us), 218
[Intended-READ], MaxLatency(us), 81983
[Intended-READ], 50thPercentileLatency(us), 449
[Intended-READ], 95thPercentileLatency(us), 634
[Intended-READ], 99thPercentileLatency(us), 901
[Intended-READ], 99.9PercentileLatency(us), 3131
[Intended-READ], 99.99PercentileLatency(us), 6747
[Intended-CLEANUP], Operations, 256
[Intended-CLEANUP], AverageLatency(us), 40.26953125
[Intended-CLEANUP], MinLatency(us), 13
[Intended-CLEANUP], MaxLatency(us), 706
[Intended-CLEANUP], 50thPercentileLatency(us), 27
[Intended-CLEANUP], 95thPercentileLatency(us), 101
[Intended-CLEANUP], 99thPercentileLatency(us), 137
[Intended-CLEANUP], 99.9PercentileLatency(us), 706
[Intended-CLEANUP], 99.99PercentileLatency(us), 706
