java -cp /mnt/dev/YCSB-aerospike-dist/aerospike-binding/conf:/mnt/dev/YCSB-aerospike-dist/conf:/mnt/dev/YCSB-aerospike-dist/lib/aerospike-client-3.1.2.jar:/mnt/dev/YCSB-aerospike-dist/lib/htrace-core4-4.1.0-incubating.jar:/mnt/dev/YCSB-aerospike-dist/lib/jbcrypt-0.3m.jar:/mnt/dev/YCSB-aerospike-dist/lib/jackson-mapper-asl-1.9.4.jar:/mnt/dev/YCSB-aerospike-dist/lib/aerospike-binding-0.18.0-SNAPSHOT.jar:/mnt/dev/YCSB-aerospike-dist/lib/HdrHistogram-2.1.12.jar:/mnt/dev/YCSB-aerospike-dist/lib/jackson-core-asl-1.9.4.jar:/mnt/dev/YCSB-aerospike-dist/lib/core-0.18.0-SNAPSHOT.jar:/mnt/dev/YCSB-aerospike-dist/lib/luaj-jse-3.0.jar:/mnt/dev/YCSB-aerospike-dist/lib/gnu-crypto-2.0.1.jar site.ycsb.Client -db site.ycsb.db.AerospikeClient -s -threads 256 -P /mnt/dev/YCSB-aerospike-dist/workloads/workloada -target 100000 -p recordcount=100000000 -p operationcount=1000000 -p fieldcount=10 -p fieldlength=128 -p fieldlengthdistribution=constant -p readallfields=true -p writeallfields=true -p insertorder=hashed -p requestdistribution=uniform -p readproportion=0.5 -p updateproportion=0.5 -p insertproportion=0 -p scanproportion=0 -p readmodifywriteproportion=0 -p measurementtype=hdrhistogram -p measurement.interval=both -p hdrhistogram.percentiles=50,95,99,99.9,99.99 -p status.interval=10 -p as.host=172.16.0.4 -p as.port=3000 -p as.namespace=ycsb -p as.timeout=10000 -t
Command line: -db site.ycsb.db.AerospikeClient -s -threads 256 -P /mnt/dev/YCSB-aerospike-dist/workloads/workloada -target 100000 -p recordcount=100000000 -p operationcount=1000000 -p fieldcount=10 -p fieldlength=128 -p fieldlengthdistribution=constant -p readallfields=true -p writeallfields=true -p insertorder=hashed -p requestdistribution=uniform -p readproportion=0.5 -p updateproportion=0.5 -p insertproportion=0 -p scanproportion=0 -p readmodifywriteproportion=0 -p measurementtype=hdrhistogram -p measurement.interval=both -p hdrhistogram.percentiles=50,95,99,99.9,99.99 -p status.interval=10 -p as.host=172.16.0.4 -p as.port=3000 -p as.namespace=ycsb -p as.timeout=10000 -t
YCSB Client 0.18.0-SNAPSHOT

Loading workload...
Starting test.
2026-09-13 16:42:48:799 0 sec: 0 operations; est completion in 0 second 
DBWrapper: report latency for each error is false and specific error codes to track for latency are: []
2026-09-13 16:42:58:750 10 sec: 975052 operations; 97505.2 current ops/sec; est completion in 1 second [READ: Count=487246, Max=14367, Min=156, Avg=292.86, 50=280, 90=348, 99=453, 99.9=950, 99.99=3419] [UPDATE: Count=488052, Max=15415, Min=147, Avg=215.76, 50=204, 90=267, 99=370, 99.9=817, 99.99=3337] [Intended-READ: Count=487464, Max=84799, Min=175, Avg=424.73, 50=339, 90=408, 99=592, 99.9=28831, 99.99=56031] [Intended-UPDATE: Count=488214, Max=77439, Min=162, Avg=348.71, 50=262, 90=328, 99=506, 99.9=29423, 99.99=55839] 
2026-09-13 16:42:59:046 10 sec: 1000000 operations; 84000 current ops/sec; [READ: Count=12367, Max=760, Min=166, Avg=286.82, 50=278, 90=338, 99=427, 99.9=512, 99.99=570] [CLEANUP: Count=256, Max=354, Min=8, Avg=40.72, 50=31, 90=68, 99=124, 99.9=354, 99.99=354] [UPDATE: Count=12335, Max=633, Min=150, Avg=210.61, 50=202, 90=258, 99=339, 99.9=423, 99.99=543] [Intended-READ: Count=12149, Max=824, Min=219, Avg=343.42, 50=336, 90=395, 99=486, 99.9=568, 99.99=637] [Intended-CLEANUP: Count=256, Max=355, Min=9, Avg=40.99, 50=31, 90=68, 99=125, 99.9=355, 99.99=355] [Intended-UPDATE: Count=12173, Max=848, Min=167, Avg=267.69, 50=261, 90=317, 99=397, 99.9=485, 99.99=603] 
[OVERALL], RunTime(ms), 10296
[OVERALL], Throughput(ops/sec), 97125.09712509712
[TOTAL_GCS_G1_Young_Generation], Count, 16
[TOTAL_GC_TIME_G1_Young_Generation], Time(ms), 34
[TOTAL_GC_TIME_%_G1_Young_Generation], Time(%), 0.33022533022533024
[TOTAL_GCS_G1_Old_Generation], Count, 0
[TOTAL_GC_TIME_G1_Old_Generation], Time(ms), 0
[TOTAL_GC_TIME_%_G1_Old_Generation], Time(%), 0.0
[TOTAL_GCs], Count, 16
[TOTAL_GC_TIME], Time(ms), 34
[TOTAL_GC_TIME_%], Time(%), 0.33022533022533024
[READ], Operations, 499613
[READ], AverageLatency(us), 292.7147492158931
[READ], MinLatency(us), 156
[READ], MaxLatency(us), 14367
[READ], 50thPercentileLatency(us), 280
[READ], 95thPercentileLatency(us), 376
[READ], 99thPercentileLatency(us), 453
[READ], 99.9PercentileLatency(us), 921
[READ], 99.99PercentileLatency(us), 3407
[READ], Return=OK, 499613
[CLEANUP], Operations, 256
[CLEANUP], AverageLatency(us), 40.71875
[CLEANUP], MinLatency(us), 8
[CLEANUP], MaxLatency(us), 354
[CLEANUP], 50thPercentileLatency(us), 31
[CLEANUP], 95thPercentileLatency(us), 105
[CLEANUP], 99thPercentileLatency(us), 124
[CLEANUP], 99.9PercentileLatency(us), 354
[CLEANUP], 99.99PercentileLatency(us), 354
[UPDATE], Operations, 500387
[UPDATE], AverageLatency(us), 215.62818178729663
[UPDATE], MinLatency(us), 147
[UPDATE], MaxLatency(us), 15415
[UPDATE], 50thPercentileLatency(us), 204
[UPDATE], 95thPercentileLatency(us), 295
[UPDATE], 99thPercentileLatency(us), 369
[UPDATE], 99.9PercentileLatency(us), 791
[UPDATE], 99.99PercentileLatency(us), 3307
[UPDATE], Return=OK, 500387
[Intended-READ], Operations, 499613
[Intended-READ], AverageLatency(us), 422.75313092333465
[Intended-READ], MinLatency(us), 175
[Intended-READ], MaxLatency(us), 84799
[Intended-READ], 50thPercentileLatency(us), 339
[Intended-READ], 95thPercentileLatency(us), 440
[Intended-READ], 99thPercentileLatency(us), 585
[Intended-READ], 99.9PercentileLatency(us), 28479
[Intended-READ], 99.99PercentileLatency(us), 55871
[Intended-CLEANUP], Operations, 256
[Intended-CLEANUP], AverageLatency(us), 40.98828125
[Intended-CLEANUP], MinLatency(us), 9
[Intended-CLEANUP], MaxLatency(us), 355
[Intended-CLEANUP], 50thPercentileLatency(us), 31
[Intended-CLEANUP], 95thPercentileLatency(us), 106
[Intended-CLEANUP], 99thPercentileLatency(us), 125
[Intended-CLEANUP], 99.9PercentileLatency(us), 355
[Intended-CLEANUP], 99.99PercentileLatency(us), 355
[Intended-UPDATE], Operations, 500387
[Intended-UPDATE], AverageLatency(us), 346.7433266651612
[Intended-UPDATE], MinLatency(us), 162
[Intended-UPDATE], MaxLatency(us), 77439
[Intended-UPDATE], 50thPercentileLatency(us), 262
[Intended-UPDATE], 95thPercentileLatency(us), 359
[Intended-UPDATE], 99thPercentileLatency(us), 500
[Intended-UPDATE], 99.9PercentileLatency(us), 28767
[Intended-UPDATE], 99.99PercentileLatency(us), 55551
