java -cp /mnt/dev/YCSB-hreplace-dist/redis-binding/conf:/mnt/dev/YCSB-hreplace-dist/conf:/mnt/dev/YCSB-hreplace-dist/lib/htrace-core4-4.1.0-incubating.jar:/mnt/dev/YCSB-hreplace-dist/lib/slf4j-api-1.7.25.jar:/mnt/dev/YCSB-hreplace-dist/lib/jackson-mapper-asl-1.9.4.jar:/mnt/dev/YCSB-hreplace-dist/lib/HdrHistogram-2.1.12.jar:/mnt/dev/YCSB-hreplace-dist/lib/jackson-core-asl-1.9.4.jar:/mnt/dev/YCSB-hreplace-dist/lib/jedis-3.9.0.jar:/mnt/dev/YCSB-hreplace-dist/lib/core-0.18.0-SNAPSHOT.jar:/mnt/dev/YCSB-hreplace-dist/lib/commons-pool2-2.11.1.jar:/mnt/dev/YCSB-hreplace-dist/lib/redis-binding-0.18.0-SNAPSHOT.jar site.ycsb.Client -db site.ycsb.db.RedisClient -s -threads 256 -P /mnt/dev/YCSB-hreplace-dist/workloads/workloada -p recordcount=100000000 -p operationcount=5000000 -p fieldcount=10 -p fieldlength=128 -p fieldlengthdistribution=constant -p readallfields=true -p writeallfields=true -p insertorder=hashed -p requestdistribution=uniform -p readproportion=0.5 -p updateproportion=0.5 -p insertproportion=0 -p scanproportion=0 -p readmodifywriteproportion=0 -p measurementtype=hdrhistogram -p measurement.interval=both -p hdrhistogram.percentiles=50,95,99,99.9,99.99 -p status.interval=10 -p redis.host=172.16.0.4 -p redis.port=16379 -p redis.scanindex=none -p redis.timeout=10000 -p redis.cluster=false -p redis.updatecommand=hmset -t
Command line: -db site.ycsb.db.RedisClient -s -threads 256 -P /mnt/dev/YCSB-hreplace-dist/workloads/workloada -p recordcount=100000000 -p operationcount=5000000 -p fieldcount=10 -p fieldlength=128 -p fieldlengthdistribution=constant -p readallfields=true -p writeallfields=true -p insertorder=hashed -p requestdistribution=uniform -p readproportion=0.5 -p updateproportion=0.5 -p insertproportion=0 -p scanproportion=0 -p readmodifywriteproportion=0 -p measurementtype=hdrhistogram -p measurement.interval=both -p hdrhistogram.percentiles=50,95,99,99.9,99.99 -p status.interval=10 -p redis.host=172.16.0.4 -p redis.port=16379 -p redis.scanindex=none -p redis.timeout=10000 -p redis.cluster=false -p redis.updatecommand=hmset -t
YCSB Client 0.18.0-SNAPSHOT

Loading workload...
Starting test.
SLF4J: Failed to load class "org.slf4j.impl.StaticLoggerBinder".
SLF4J: Defaulting to no-operation (NOP) logger implementation
SLF4J: See http://www.slf4j.org/codes.html#StaticLoggerBinder for further details.
2026-09-13 15:27:23:335 0 sec: 0 operations; est completion in 0 second 
DBWrapper: report latency for each error is false and specific error codes to track for latency are: []
2026-09-13 15:27:33:232 10 sec: 4158025 operations; 415760.92 current ops/sec; est completion in 3 second [READ: Count=2078434, Max=45791, Min=193, Avg=591.68, 50=516, 90=709, 99=3091, 99.9=6283, 99.99=17391] [UPDATE: Count=2082675, Max=47263, Min=192, Avg=612.85, 50=528, 90=730, 99=3243, 99.9=6327, 99.99=17951] [Intended-READ: Count=2083527, Max=45791, Min=193, Avg=591.73, 50=516, 90=710, 99=3095, 99.9=6283, 99.99=17359] [Intended-UPDATE: Count=2085534, Max=47263, Min=192, Avg=612.88, 50=528, 90=730, 99=3245, 99.9=6323, 99.99=17951] 
2026-09-13 15:27:35:832 12 sec: 5000000 operations; 323836.54 current ops/sec; [READ: Count=421157, Max=10615, Min=187, Avg=532.44, 50=476, 90=665, 99=2469, 99.9=5687, 99.99=7399] [CLEANUP: Count=256, Max=1078, Min=14, Avg=45.38, 50=31, 90=80, 99=146, 99.9=1078, 99.99=1078] [UPDATE: Count=417734, Max=10831, Min=191, Avg=543.28, 50=486, 90=676, 99=2557, 99.9=5727, 99.99=8147] [Intended-READ: Count=416064, Max=10615, Min=187, Avg=531.7, 50=476, 90=664, 99=2439, 99.9=5663, 99.99=7399] [Intended-CLEANUP: Count=256, Max=1079, Min=15, Avg=45.89, 50=32, 90=81, 99=147, 99.9=1079, 99.99=1079] [Intended-UPDATE: Count=414875, Max=10831, Min=191, Avg=542.87, 50=486, 90=675, 99=2535, 99.9=5723, 99.99=8147] 
[OVERALL], RunTime(ms), 12600
[OVERALL], Throughput(ops/sec), 396825.3968253968
[TOTAL_GCS_G1_Young_Generation], Count, 97
[TOTAL_GC_TIME_G1_Young_Generation], Time(ms), 95
[TOTAL_GC_TIME_%_G1_Young_Generation], Time(%), 0.753968253968254
[TOTAL_GCS_G1_Old_Generation], Count, 0
[TOTAL_GC_TIME_G1_Old_Generation], Time(ms), 0
[TOTAL_GC_TIME_%_G1_Old_Generation], Time(%), 0.0
[TOTAL_GCs], Count, 97
[TOTAL_GC_TIME], Time(ms), 95
[TOTAL_GC_TIME_%], Time(%), 0.753968253968254
[READ], Operations, 2499591
[READ], AverageLatency(us), 581.6988419305399
[READ], MinLatency(us), 187
[READ], MaxLatency(us), 45791
[READ], 50thPercentileLatency(us), 510
[READ], 95thPercentileLatency(us), 813
[READ], 99thPercentileLatency(us), 3003
[READ], 99.9PercentileLatency(us), 6179
[READ], 99.99PercentileLatency(us), 15935
[READ], Return=OK, 2499591
[CLEANUP], Operations, 256
[CLEANUP], AverageLatency(us), 45.375
[CLEANUP], MinLatency(us), 14
[CLEANUP], MaxLatency(us), 1078
[CLEANUP], 50thPercentileLatency(us), 31
[CLEANUP], 95thPercentileLatency(us), 110
[CLEANUP], 99thPercentileLatency(us), 146
[CLEANUP], 99.9PercentileLatency(us), 1078
[CLEANUP], 99.99PercentileLatency(us), 1078
[UPDATE], Operations, 2500409
[UPDATE], AverageLatency(us), 601.2271352406747
[UPDATE], MinLatency(us), 191
[UPDATE], MaxLatency(us), 47263
[UPDATE], 50thPercentileLatency(us), 521
[UPDATE], 95thPercentileLatency(us), 853
[UPDATE], 99thPercentileLatency(us), 3153
[UPDATE], 99.9PercentileLatency(us), 6207
[UPDATE], 99.99PercentileLatency(us), 16335
[UPDATE], Return=OK, 2500409
[Intended-READ], Operations, 2499591
[Intended-READ], AverageLatency(us), 581.7341245027686
[Intended-READ], MinLatency(us), 187
[Intended-READ], MaxLatency(us), 45791
[Intended-READ], 50thPercentileLatency(us), 510
[Intended-READ], 95thPercentileLatency(us), 813
[Intended-READ], 99thPercentileLatency(us), 3003
[Intended-READ], 99.9PercentileLatency(us), 6179
[Intended-READ], 99.99PercentileLatency(us), 15935
[Intended-CLEANUP], Operations, 256
[Intended-CLEANUP], AverageLatency(us), 45.88671875
[Intended-CLEANUP], MinLatency(us), 15
[Intended-CLEANUP], MaxLatency(us), 1079
[Intended-CLEANUP], 50thPercentileLatency(us), 32
[Intended-CLEANUP], 95thPercentileLatency(us), 110
[Intended-CLEANUP], 99thPercentileLatency(us), 147
[Intended-CLEANUP], 99.9PercentileLatency(us), 1079
[Intended-CLEANUP], 99.99PercentileLatency(us), 1079
[Intended-UPDATE], Operations, 2500409
[Intended-UPDATE], AverageLatency(us), 601.26185116115
[Intended-UPDATE], MinLatency(us), 191
[Intended-UPDATE], MaxLatency(us), 47263
[Intended-UPDATE], 50thPercentileLatency(us), 521
[Intended-UPDATE], 95thPercentileLatency(us), 853
[Intended-UPDATE], 99thPercentileLatency(us), 3153
[Intended-UPDATE], 99.9PercentileLatency(us), 6207
[Intended-UPDATE], 99.99PercentileLatency(us), 16335
