java -cp /mnt/dev/YCSB-hreplace-dist/redis-binding/conf:/mnt/dev/YCSB-hreplace-dist/conf:/mnt/dev/YCSB-hreplace-dist/lib/htrace-core4-4.1.0-incubating.jar:/mnt/dev/YCSB-hreplace-dist/lib/slf4j-api-1.7.25.jar:/mnt/dev/YCSB-hreplace-dist/lib/jackson-mapper-asl-1.9.4.jar:/mnt/dev/YCSB-hreplace-dist/lib/HdrHistogram-2.1.12.jar:/mnt/dev/YCSB-hreplace-dist/lib/jackson-core-asl-1.9.4.jar:/mnt/dev/YCSB-hreplace-dist/lib/jedis-3.9.0.jar:/mnt/dev/YCSB-hreplace-dist/lib/core-0.18.0-SNAPSHOT.jar:/mnt/dev/YCSB-hreplace-dist/lib/commons-pool2-2.11.1.jar:/mnt/dev/YCSB-hreplace-dist/lib/redis-binding-0.18.0-SNAPSHOT.jar site.ycsb.Client -db site.ycsb.db.RedisClient -s -threads 256 -P /mnt/dev/YCSB-hreplace-dist/workloads/workloada -p recordcount=100000000 -p operationcount=1000000 -p fieldcount=10 -p fieldlength=128 -p fieldlengthdistribution=constant -p readallfields=true -p writeallfields=true -p insertorder=hashed -p requestdistribution=uniform -p readproportion=0.5 -p updateproportion=0.5 -p insertproportion=0 -p scanproportion=0 -p readmodifywriteproportion=0 -p measurementtype=hdrhistogram -p measurement.interval=both -p hdrhistogram.percentiles=50,95,99,99.9,99.99 -p status.interval=10 -p redis.host=172.16.0.4 -p redis.port=16379 -p redis.scanindex=none -p redis.timeout=10000 -p redis.cluster=false -p redis.updatecommand=keylane.hreplace -t
Command line: -db site.ycsb.db.RedisClient -s -threads 256 -P /mnt/dev/YCSB-hreplace-dist/workloads/workloada -p recordcount=100000000 -p operationcount=1000000 -p fieldcount=10 -p fieldlength=128 -p fieldlengthdistribution=constant -p readallfields=true -p writeallfields=true -p insertorder=hashed -p requestdistribution=uniform -p readproportion=0.5 -p updateproportion=0.5 -p insertproportion=0 -p scanproportion=0 -p readmodifywriteproportion=0 -p measurementtype=hdrhistogram -p measurement.interval=both -p hdrhistogram.percentiles=50,95,99,99.9,99.99 -p status.interval=10 -p redis.host=172.16.0.4 -p redis.port=16379 -p redis.scanindex=none -p redis.timeout=10000 -p redis.cluster=false -p redis.updatecommand=keylane.hreplace -t
YCSB Client 0.18.0-SNAPSHOT

Loading workload...
Starting test.
SLF4J: Failed to load class "org.slf4j.impl.StaticLoggerBinder".
SLF4J: Defaulting to no-operation (NOP) logger implementation
SLF4J: See http://www.slf4j.org/codes.html#StaticLoggerBinder for further details.
2026-09-13 16:06:55:189 0 sec: 0 operations; est completion in 0 second 
DBWrapper: report latency for each error is false and specific error codes to track for latency are: []
2026-09-13 16:06:57:717 2 sec: 1000000 operations; 384467.51 current ops/sec; [READ: Count=500925, Max=100095, Min=200, Avg=622.38, 50=494, 90=748, 99=3631, 99.9=7575, 99.99=51199] [CLEANUP: Count=256, Max=869, Min=12, Avg=33.01, 50=25, 90=46, 99=120, 99.9=869, 99.99=869] [UPDATE: Count=499075, Max=105151, Min=164, Avg=520.16, 50=380, 90=637, 99=3163, 99.9=7267, 99.99=64959] [Intended-READ: Count=500925, Max=100095, Min=200, Avg=622.42, 50=494, 90=748, 99=3631, 99.9=7575, 99.99=51199] [Intended-CLEANUP: Count=256, Max=871, Min=12, Avg=33.49, 50=25, 90=46, 99=120, 99.9=871, 99.99=871] [Intended-UPDATE: Count=499075, Max=105151, Min=164, Avg=520.2, 50=380, 90=637, 99=3163, 99.9=7267, 99.99=64959] 
[OVERALL], RunTime(ms), 2600
[OVERALL], Throughput(ops/sec), 384615.3846153846
[TOTAL_GCS_G1_Young_Generation], Count, 23
[TOTAL_GC_TIME_G1_Young_Generation], Time(ms), 30
[TOTAL_GC_TIME_%_G1_Young_Generation], Time(%), 1.153846153846154
[TOTAL_GCS_G1_Old_Generation], Count, 0
[TOTAL_GC_TIME_G1_Old_Generation], Time(ms), 0
[TOTAL_GC_TIME_%_G1_Old_Generation], Time(%), 0.0
[TOTAL_GCs], Count, 23
[TOTAL_GC_TIME], Time(ms), 30
[TOTAL_GC_TIME_%], Time(%), 1.153846153846154
[READ], Operations, 500925
[READ], AverageLatency(us), 622.3791106453061
[READ], MinLatency(us), 200
[READ], MaxLatency(us), 100095
[READ], 50thPercentileLatency(us), 494
[READ], 95thPercentileLatency(us), 1064
[READ], 99thPercentileLatency(us), 3631
[READ], 99.9PercentileLatency(us), 7575
[READ], 99.99PercentileLatency(us), 51199
[READ], Return=OK, 500925
[CLEANUP], Operations, 256
[CLEANUP], AverageLatency(us), 33.0078125
[CLEANUP], MinLatency(us), 12
[CLEANUP], MaxLatency(us), 869
[CLEANUP], 50thPercentileLatency(us), 25
[CLEANUP], 95thPercentileLatency(us), 63
[CLEANUP], 99thPercentileLatency(us), 120
[CLEANUP], 99.9PercentileLatency(us), 869
[CLEANUP], 99.99PercentileLatency(us), 869
[UPDATE], Operations, 499075
[UPDATE], AverageLatency(us), 520.1571266843661
[UPDATE], MinLatency(us), 164
[UPDATE], MaxLatency(us), 105151
[UPDATE], 50thPercentileLatency(us), 380
[UPDATE], 95thPercentileLatency(us), 1125
[UPDATE], 99thPercentileLatency(us), 3163
[UPDATE], 99.9PercentileLatency(us), 7267
[UPDATE], 99.99PercentileLatency(us), 64959
[UPDATE], Return=OK, 499075
[Intended-READ], Operations, 500925
[Intended-READ], AverageLatency(us), 622.417493636772
[Intended-READ], MinLatency(us), 200
[Intended-READ], MaxLatency(us), 100095
[Intended-READ], 50thPercentileLatency(us), 494
[Intended-READ], 95thPercentileLatency(us), 1064
[Intended-READ], 99thPercentileLatency(us), 3631
[Intended-READ], 99.9PercentileLatency(us), 7575
[Intended-READ], 99.99PercentileLatency(us), 51199
[Intended-CLEANUP], Operations, 256
[Intended-CLEANUP], AverageLatency(us), 33.48828125
[Intended-CLEANUP], MinLatency(us), 12
[Intended-CLEANUP], MaxLatency(us), 871
[Intended-CLEANUP], 50thPercentileLatency(us), 25
[Intended-CLEANUP], 95thPercentileLatency(us), 64
[Intended-CLEANUP], 99thPercentileLatency(us), 120
[Intended-CLEANUP], 99.9PercentileLatency(us), 871
[Intended-CLEANUP], 99.99PercentileLatency(us), 871
[Intended-UPDATE], Operations, 499075
[Intended-UPDATE], AverageLatency(us), 520.1980323598658
[Intended-UPDATE], MinLatency(us), 164
[Intended-UPDATE], MaxLatency(us), 105151
[Intended-UPDATE], 50thPercentileLatency(us), 380
[Intended-UPDATE], 95thPercentileLatency(us), 1125
[Intended-UPDATE], 99thPercentileLatency(us), 3163
[Intended-UPDATE], 99.9PercentileLatency(us), 7267
[Intended-UPDATE], 99.99PercentileLatency(us), 64959
