java -cp /mnt/dev/YCSB-hreplace-dist/redis-binding/conf:/mnt/dev/YCSB-hreplace-dist/conf:/mnt/dev/YCSB-hreplace-dist/lib/htrace-core4-4.1.0-incubating.jar:/mnt/dev/YCSB-hreplace-dist/lib/slf4j-api-1.7.25.jar:/mnt/dev/YCSB-hreplace-dist/lib/jackson-mapper-asl-1.9.4.jar:/mnt/dev/YCSB-hreplace-dist/lib/HdrHistogram-2.1.12.jar:/mnt/dev/YCSB-hreplace-dist/lib/jackson-core-asl-1.9.4.jar:/mnt/dev/YCSB-hreplace-dist/lib/jedis-3.9.0.jar:/mnt/dev/YCSB-hreplace-dist/lib/core-0.18.0-SNAPSHOT.jar:/mnt/dev/YCSB-hreplace-dist/lib/commons-pool2-2.11.1.jar:/mnt/dev/YCSB-hreplace-dist/lib/redis-binding-0.18.0-SNAPSHOT.jar site.ycsb.Client -db site.ycsb.db.RedisClient -s -threads 256 -P /mnt/dev/YCSB-hreplace-dist/workloads/workloada -p recordcount=100000000 -p operationcount=1000000 -p fieldcount=10 -p fieldlength=128 -p fieldlengthdistribution=constant -p readallfields=true -p writeallfields=true -p insertorder=hashed -p requestdistribution=uniform -p readproportion=0.5 -p updateproportion=0.5 -p insertproportion=0 -p scanproportion=0 -p readmodifywriteproportion=0 -p measurementtype=hdrhistogram -p measurement.interval=both -p hdrhistogram.percentiles=50,95,99,99.9,99.99 -p status.interval=10 -p redis.host=172.16.0.4 -p redis.port=16379 -p redis.scanindex=none -p redis.timeout=10000 -p redis.cluster=false -p redis.updatecommand=keylane.hreplace -t
Command line: -db site.ycsb.db.RedisClient -s -threads 256 -P /mnt/dev/YCSB-hreplace-dist/workloads/workloada -p recordcount=100000000 -p operationcount=1000000 -p fieldcount=10 -p fieldlength=128 -p fieldlengthdistribution=constant -p readallfields=true -p writeallfields=true -p insertorder=hashed -p requestdistribution=uniform -p readproportion=0.5 -p updateproportion=0.5 -p insertproportion=0 -p scanproportion=0 -p readmodifywriteproportion=0 -p measurementtype=hdrhistogram -p measurement.interval=both -p hdrhistogram.percentiles=50,95,99,99.9,99.99 -p status.interval=10 -p redis.host=172.16.0.4 -p redis.port=16379 -p redis.scanindex=none -p redis.timeout=10000 -p redis.cluster=false -p redis.updatecommand=keylane.hreplace -t
YCSB Client 0.18.0-SNAPSHOT

Loading workload...
Starting test.
SLF4J: Failed to load class "org.slf4j.impl.StaticLoggerBinder".
SLF4J: Defaulting to no-operation (NOP) logger implementation
SLF4J: See http://www.slf4j.org/codes.html#StaticLoggerBinder for further details.
2026-09-13 16:24:39:616 0 sec: 0 operations; est completion in 0 second 
DBWrapper: report latency for each error is false and specific error codes to track for latency are: []
2026-09-13 16:24:42:203 2 sec: 1000000 operations; 374953.13 current ops/sec; [READ: Count=500428, Max=82623, Min=204, Avg=660.78, 50=518, 90=805, 99=3679, 99.9=8871, 99.99=39519] [CLEANUP: Count=256, Max=932, Min=12, Avg=35.48, 50=24, 90=62, 99=149, 99.9=932, 99.99=932] [UPDATE: Count=499572, Max=87039, Min=160, Avg=523.78, 50=390, 90=660, 99=2983, 99.9=7703, 99.99=40639] [Intended-READ: Count=500428, Max=82623, Min=204, Avg=660.84, 50=519, 90=805, 99=3681, 99.9=8871, 99.99=39519] [Intended-CLEANUP: Count=256, Max=934, Min=13, Avg=35.88, 50=25, 90=62, 99=151, 99.9=934, 99.99=934] [Intended-UPDATE: Count=499572, Max=87039, Min=160, Avg=523.82, 50=390, 90=660, 99=2983, 99.9=7703, 99.99=40639] 
[OVERALL], RunTime(ms), 2666
[OVERALL], Throughput(ops/sec), 375093.7734433608
[TOTAL_GCS_G1_Young_Generation], Count, 22
[TOTAL_GC_TIME_G1_Young_Generation], Time(ms), 32
[TOTAL_GC_TIME_%_G1_Young_Generation], Time(%), 1.2003000750187547
[TOTAL_GCS_G1_Old_Generation], Count, 0
[TOTAL_GC_TIME_G1_Old_Generation], Time(ms), 0
[TOTAL_GC_TIME_%_G1_Old_Generation], Time(%), 0.0
[TOTAL_GCs], Count, 22
[TOTAL_GC_TIME], Time(ms), 32
[TOTAL_GC_TIME_%], Time(%), 1.2003000750187547
[READ], Operations, 500428
[READ], AverageLatency(us), 660.784962072466
[READ], MinLatency(us), 204
[READ], MaxLatency(us), 82623
[READ], 50thPercentileLatency(us), 518
[READ], 95thPercentileLatency(us), 1373
[READ], 99thPercentileLatency(us), 3679
[READ], 99.9PercentileLatency(us), 8871
[READ], 99.99PercentileLatency(us), 39519
[READ], Return=OK, 500428
[CLEANUP], Operations, 256
[CLEANUP], AverageLatency(us), 35.4765625
[CLEANUP], MinLatency(us), 12
[CLEANUP], MaxLatency(us), 932
[CLEANUP], 50thPercentileLatency(us), 24
[CLEANUP], 95thPercentileLatency(us), 76
[CLEANUP], 99thPercentileLatency(us), 149
[CLEANUP], 99.9PercentileLatency(us), 932
[CLEANUP], 99.99PercentileLatency(us), 932
[UPDATE], Operations, 499572
[UPDATE], AverageLatency(us), 523.7818652766769
[UPDATE], MinLatency(us), 160
[UPDATE], MaxLatency(us), 87039
[UPDATE], 50thPercentileLatency(us), 390
[UPDATE], 95thPercentileLatency(us), 1260
[UPDATE], 99thPercentileLatency(us), 2983
[UPDATE], 99.9PercentileLatency(us), 7703
[UPDATE], 99.99PercentileLatency(us), 40639
[UPDATE], Return=OK, 499572
[Intended-READ], Operations, 500428
[Intended-READ], AverageLatency(us), 660.8413418114094
[Intended-READ], MinLatency(us), 204
[Intended-READ], MaxLatency(us), 82623
[Intended-READ], 50thPercentileLatency(us), 519
[Intended-READ], 95thPercentileLatency(us), 1373
[Intended-READ], 99thPercentileLatency(us), 3681
[Intended-READ], 99.9PercentileLatency(us), 8871
[Intended-READ], 99.99PercentileLatency(us), 39519
[Intended-CLEANUP], Operations, 256
[Intended-CLEANUP], AverageLatency(us), 35.8828125
[Intended-CLEANUP], MinLatency(us), 13
[Intended-CLEANUP], MaxLatency(us), 934
[Intended-CLEANUP], 50thPercentileLatency(us), 25
[Intended-CLEANUP], 95thPercentileLatency(us), 76
[Intended-CLEANUP], 99thPercentileLatency(us), 151
[Intended-CLEANUP], 99.9PercentileLatency(us), 934
[Intended-CLEANUP], 99.99PercentileLatency(us), 934
[Intended-UPDATE], Operations, 499572
[Intended-UPDATE], AverageLatency(us), 523.8196496200748
[Intended-UPDATE], MinLatency(us), 160
[Intended-UPDATE], MaxLatency(us), 87039
[Intended-UPDATE], 50thPercentileLatency(us), 390
[Intended-UPDATE], 95thPercentileLatency(us), 1260
[Intended-UPDATE], 99thPercentileLatency(us), 2983
[Intended-UPDATE], 99.9PercentileLatency(us), 7703
[Intended-UPDATE], 99.99PercentileLatency(us), 40639
