java -cp /mnt/dev/YCSB-hreplace-dist/redis-binding/conf:/mnt/dev/YCSB-hreplace-dist/conf:/mnt/dev/YCSB-hreplace-dist/lib/htrace-core4-4.1.0-incubating.jar:/mnt/dev/YCSB-hreplace-dist/lib/slf4j-api-1.7.25.jar:/mnt/dev/YCSB-hreplace-dist/lib/jackson-mapper-asl-1.9.4.jar:/mnt/dev/YCSB-hreplace-dist/lib/HdrHistogram-2.1.12.jar:/mnt/dev/YCSB-hreplace-dist/lib/jackson-core-asl-1.9.4.jar:/mnt/dev/YCSB-hreplace-dist/lib/jedis-3.9.0.jar:/mnt/dev/YCSB-hreplace-dist/lib/core-0.18.0-SNAPSHOT.jar:/mnt/dev/YCSB-hreplace-dist/lib/commons-pool2-2.11.1.jar:/mnt/dev/YCSB-hreplace-dist/lib/redis-binding-0.18.0-SNAPSHOT.jar site.ycsb.Client -db site.ycsb.db.RedisClient -s -threads 256 -P /mnt/dev/YCSB-hreplace-dist/workloads/workloada -target 100000 -p recordcount=100000000 -p operationcount=1000000 -p fieldcount=10 -p fieldlength=128 -p fieldlengthdistribution=constant -p readallfields=true -p writeallfields=true -p insertorder=hashed -p requestdistribution=uniform -p readproportion=1 -p updateproportion=0 -p insertproportion=0 -p scanproportion=0 -p readmodifywriteproportion=0 -p measurementtype=hdrhistogram -p measurement.interval=both -p hdrhistogram.percentiles=50,95,99,99.9,99.99 -p status.interval=10 -p redis.host=172.16.0.4 -p redis.port=16379 -p redis.scanindex=none -p redis.timeout=10000 -p redis.cluster=false -p redis.updatecommand=hmset -t
Command line: -db site.ycsb.db.RedisClient -s -threads 256 -P /mnt/dev/YCSB-hreplace-dist/workloads/workloada -target 100000 -p recordcount=100000000 -p operationcount=1000000 -p fieldcount=10 -p fieldlength=128 -p fieldlengthdistribution=constant -p readallfields=true -p writeallfields=true -p insertorder=hashed -p requestdistribution=uniform -p readproportion=1 -p updateproportion=0 -p insertproportion=0 -p scanproportion=0 -p readmodifywriteproportion=0 -p measurementtype=hdrhistogram -p measurement.interval=both -p hdrhistogram.percentiles=50,95,99,99.9,99.99 -p status.interval=10 -p redis.host=172.16.0.4 -p redis.port=16379 -p redis.scanindex=none -p redis.timeout=10000 -p redis.cluster=false -p redis.updatecommand=hmset -t
YCSB Client 0.18.0-SNAPSHOT

Loading workload...
Starting test.
SLF4J: Failed to load class "org.slf4j.impl.StaticLoggerBinder".
SLF4J: Defaulting to no-operation (NOP) logger implementation
SLF4J: See http://www.slf4j.org/codes.html#StaticLoggerBinder for further details.
2026-09-13 15:25:03:556 0 sec: 0 operations; est completion in 0 second 
DBWrapper: report latency for each error is false and specific error codes to track for latency are: []
2026-09-13 15:25:13:490 10 sec: 991198 operations; 99119.8 current ops/sec; est completion in 1 second [READ: Count=991248, Max=31871, Min=208, Avg=318.99, 50=299, 90=391, 99=524, 99.9=1212, 99.99=12007] [Intended-READ: Count=991647, Max=73215, Min=226, Avg=487.55, 50=359, 90=452, 99=639, 99.9=38815, 99.99=60287] 
2026-09-13 15:25:13:598 10 sec: 1000000 operations; 81500 current ops/sec; [READ: Count=8752, Max=1625, Min=219, Avg=308.07, 50=294, 90=379, 99=506, 99.9=614, 99.99=1625] [CLEANUP: Count=256, Max=730, Min=11, Avg=38.02, 50=17, 90=33, 99=617, 99.9=730, 99.99=730] [Intended-READ: Count=8353, Max=1685, Min=254, Avg=366.99, 50=353, 90=438, 99=572, 99.9=1260, 99.99=1685] [Intended-CLEANUP: Count=256, Max=731, Min=11, Avg=38.25, 50=17, 90=33, 99=618, 99.9=731, 99.99=731] 
[OVERALL], RunTime(ms), 10108
[OVERALL], Throughput(ops/sec), 98931.53937475267
[TOTAL_GCS_G1_Young_Generation], Count, 20
[TOTAL_GC_TIME_G1_Young_Generation], Time(ms), 29
[TOTAL_GC_TIME_%_G1_Young_Generation], Time(%), 0.28690146418678275
[TOTAL_GCS_G1_Old_Generation], Count, 0
[TOTAL_GC_TIME_G1_Old_Generation], Time(ms), 0
[TOTAL_GC_TIME_%_G1_Old_Generation], Time(%), 0.0
[TOTAL_GCs], Count, 20
[TOTAL_GC_TIME], Time(ms), 29
[TOTAL_GC_TIME_%], Time(%), 0.28690146418678275
[READ], Operations, 1000000
[READ], AverageLatency(us), 318.891909
[READ], MinLatency(us), 208
[READ], MaxLatency(us), 31871
[READ], 50thPercentileLatency(us), 299
[READ], 95thPercentileLatency(us), 425
[READ], 99thPercentileLatency(us), 524
[READ], 99.9PercentileLatency(us), 1209
[READ], 99.99PercentileLatency(us), 11999
[READ], Return=OK, 1000000
[CLEANUP], Operations, 256
[CLEANUP], AverageLatency(us), 38.015625
[CLEANUP], MinLatency(us), 11
[CLEANUP], MaxLatency(us), 730
[CLEANUP], 50thPercentileLatency(us), 17
[CLEANUP], 95thPercentileLatency(us), 109
[CLEANUP], 99thPercentileLatency(us), 617
[CLEANUP], 99.9PercentileLatency(us), 730
[CLEANUP], 99.99PercentileLatency(us), 730
[Intended-READ], Operations, 1000000
[Intended-READ], AverageLatency(us), 486.538941
[Intended-READ], MinLatency(us), 226
[Intended-READ], MaxLatency(us), 73215
[Intended-READ], 50thPercentileLatency(us), 358
[Intended-READ], 95thPercentileLatency(us), 489
[Intended-READ], 99thPercentileLatency(us), 637
[Intended-READ], 99.9PercentileLatency(us), 38655
[Intended-READ], 99.99PercentileLatency(us), 60255
[Intended-CLEANUP], Operations, 256
[Intended-CLEANUP], AverageLatency(us), 38.24609375
[Intended-CLEANUP], MinLatency(us), 11
[Intended-CLEANUP], MaxLatency(us), 731
[Intended-CLEANUP], 50thPercentileLatency(us), 17
[Intended-CLEANUP], 95thPercentileLatency(us), 109
[Intended-CLEANUP], 99thPercentileLatency(us), 618
[Intended-CLEANUP], 99.9PercentileLatency(us), 731
[Intended-CLEANUP], 99.99PercentileLatency(us), 731
