java -cp /mnt/dev/YCSB-hreplace-dist/redis-binding/conf:/mnt/dev/YCSB-hreplace-dist/conf:/mnt/dev/YCSB-hreplace-dist/lib/htrace-core4-4.1.0-incubating.jar:/mnt/dev/YCSB-hreplace-dist/lib/slf4j-api-1.7.25.jar:/mnt/dev/YCSB-hreplace-dist/lib/jackson-mapper-asl-1.9.4.jar:/mnt/dev/YCSB-hreplace-dist/lib/HdrHistogram-2.1.12.jar:/mnt/dev/YCSB-hreplace-dist/lib/jackson-core-asl-1.9.4.jar:/mnt/dev/YCSB-hreplace-dist/lib/jedis-3.9.0.jar:/mnt/dev/YCSB-hreplace-dist/lib/core-0.18.0-SNAPSHOT.jar:/mnt/dev/YCSB-hreplace-dist/lib/commons-pool2-2.11.1.jar:/mnt/dev/YCSB-hreplace-dist/lib/redis-binding-0.18.0-SNAPSHOT.jar site.ycsb.Client -db site.ycsb.db.RedisClient -s -threads 256 -P /mnt/dev/YCSB-hreplace-dist/workloads/workloada -target 100000 -p recordcount=100000000 -p operationcount=1000000 -p fieldcount=10 -p fieldlength=128 -p fieldlengthdistribution=constant -p readallfields=true -p writeallfields=true -p insertorder=hashed -p requestdistribution=uniform -p readproportion=1 -p updateproportion=0 -p insertproportion=0 -p scanproportion=0 -p readmodifywriteproportion=0 -p measurementtype=hdrhistogram -p measurement.interval=both -p hdrhistogram.percentiles=50,95,99,99.9,99.99 -p status.interval=10 -p redis.host=172.16.0.4 -p redis.port=16379 -p redis.scanindex=none -p redis.timeout=10000 -p redis.cluster=false -p redis.updatecommand=keylane.hreplace -t
Command line: -db site.ycsb.db.RedisClient -s -threads 256 -P /mnt/dev/YCSB-hreplace-dist/workloads/workloada -target 100000 -p recordcount=100000000 -p operationcount=1000000 -p fieldcount=10 -p fieldlength=128 -p fieldlengthdistribution=constant -p readallfields=true -p writeallfields=true -p insertorder=hashed -p requestdistribution=uniform -p readproportion=1 -p updateproportion=0 -p insertproportion=0 -p scanproportion=0 -p readmodifywriteproportion=0 -p measurementtype=hdrhistogram -p measurement.interval=both -p hdrhistogram.percentiles=50,95,99,99.9,99.99 -p status.interval=10 -p redis.host=172.16.0.4 -p redis.port=16379 -p redis.scanindex=none -p redis.timeout=10000 -p redis.cluster=false -p redis.updatecommand=keylane.hreplace -t
YCSB Client 0.18.0-SNAPSHOT

Loading workload...
Starting test.
SLF4J: Failed to load class "org.slf4j.impl.StaticLoggerBinder".
SLF4J: Defaulting to no-operation (NOP) logger implementation
SLF4J: See http://www.slf4j.org/codes.html#StaticLoggerBinder for further details.
2026-09-13 16:22:23:902 0 sec: 0 operations; est completion in 0 second 
DBWrapper: report latency for each error is false and specific error codes to track for latency are: []
2026-09-13 16:22:33:836 10 sec: 990806 operations; 99080.6 current ops/sec; est completion in 1 second [READ: Count=990873, Max=37503, Min=211, Avg=318.02, 50=299, 90=378, 99=517, 99.9=1553, 99.99=12543] [Intended-READ: Count=991207, Max=119103, Min=232, Avg=687.06, 50=358, 90=439, 99=1794, 99.9=72255, 99.99=101567] 
2026-09-13 16:22:33:953 10 sec: 1000000 operations; 79258.62 current ops/sec; [READ: Count=9127, Max=1090, Min=220, Avg=310.78, 50=299, 90=376, 99=480, 99.9=593, 99.99=1090] [CLEANUP: Count=256, Max=691, Min=11, Avg=41.1, 50=17, 90=34, 99=638, 99.9=691, 99.99=691] [Intended-READ: Count=8793, Max=2143, Min=248, Avg=368.95, 50=358, 90=435, 99=545, 99.9=818, 99.99=2143] [Intended-CLEANUP: Count=256, Max=692, Min=11, Avg=41.28, 50=17, 90=34, 99=639, 99.9=692, 99.99=692] 
[OVERALL], RunTime(ms), 10115
[OVERALL], Throughput(ops/sec), 98863.07464162135
[TOTAL_GCS_G1_Young_Generation], Count, 20
[TOTAL_GC_TIME_G1_Young_Generation], Time(ms), 22
[TOTAL_GC_TIME_%_G1_Young_Generation], Time(%), 0.217498764211567
[TOTAL_GCS_G1_Old_Generation], Count, 0
[TOTAL_GC_TIME_G1_Old_Generation], Time(ms), 0
[TOTAL_GC_TIME_%_G1_Old_Generation], Time(%), 0.0
[TOTAL_GCs], Count, 20
[TOTAL_GC_TIME], Time(ms), 22
[TOTAL_GC_TIME_%], Time(%), 0.217498764211567
[READ], Operations, 1000000
[READ], AverageLatency(us), 317.953645
[READ], MinLatency(us), 211
[READ], MaxLatency(us), 37503
[READ], 50thPercentileLatency(us), 299
[READ], 95thPercentileLatency(us), 409
[READ], 99thPercentileLatency(us), 517
[READ], 99.9PercentileLatency(us), 1543
[READ], 99.99PercentileLatency(us), 12431
[READ], Return=OK, 1000000
[CLEANUP], Operations, 256
[CLEANUP], AverageLatency(us), 41.09765625
[CLEANUP], MinLatency(us), 11
[CLEANUP], MaxLatency(us), 691
[CLEANUP], 50thPercentileLatency(us), 17
[CLEANUP], 95thPercentileLatency(us), 124
[CLEANUP], 99thPercentileLatency(us), 638
[CLEANUP], 99.9PercentileLatency(us), 691
[CLEANUP], 99.99PercentileLatency(us), 691
[Intended-READ], Operations, 1000000
[Intended-READ], AverageLatency(us), 684.263022
[Intended-READ], MinLatency(us), 232
[Intended-READ], MaxLatency(us), 119103
[Intended-READ], 50thPercentileLatency(us), 358
[Intended-READ], 95thPercentileLatency(us), 474
[Intended-READ], 99thPercentileLatency(us), 1752
[Intended-READ], 99.9PercentileLatency(us), 72127
[Intended-READ], 99.99PercentileLatency(us), 101439
[Intended-CLEANUP], Operations, 256
[Intended-CLEANUP], AverageLatency(us), 41.28125
[Intended-CLEANUP], MinLatency(us), 11
[Intended-CLEANUP], MaxLatency(us), 692
[Intended-CLEANUP], 50thPercentileLatency(us), 17
[Intended-CLEANUP], 95thPercentileLatency(us), 124
[Intended-CLEANUP], 99thPercentileLatency(us), 639
[Intended-CLEANUP], 99.9PercentileLatency(us), 692
[Intended-CLEANUP], 99.99PercentileLatency(us), 692
