java -cp /mnt/dev/YCSB-hreplace-dist/redis-binding/conf:/mnt/dev/YCSB-hreplace-dist/conf:/mnt/dev/YCSB-hreplace-dist/lib/htrace-core4-4.1.0-incubating.jar:/mnt/dev/YCSB-hreplace-dist/lib/slf4j-api-1.7.25.jar:/mnt/dev/YCSB-hreplace-dist/lib/jackson-mapper-asl-1.9.4.jar:/mnt/dev/YCSB-hreplace-dist/lib/HdrHistogram-2.1.12.jar:/mnt/dev/YCSB-hreplace-dist/lib/jackson-core-asl-1.9.4.jar:/mnt/dev/YCSB-hreplace-dist/lib/jedis-3.9.0.jar:/mnt/dev/YCSB-hreplace-dist/lib/core-0.18.0-SNAPSHOT.jar:/mnt/dev/YCSB-hreplace-dist/lib/commons-pool2-2.11.1.jar:/mnt/dev/YCSB-hreplace-dist/lib/redis-binding-0.18.0-SNAPSHOT.jar site.ycsb.Client -db site.ycsb.db.RedisClient -s -threads 256 -P /mnt/dev/YCSB-hreplace-dist/workloads/workloada -target 100000 -p recordcount=100000000 -p operationcount=1000000 -p fieldcount=10 -p fieldlength=128 -p fieldlengthdistribution=constant -p readallfields=true -p writeallfields=true -p insertorder=hashed -p requestdistribution=uniform -p readproportion=0.5 -p updateproportion=0.5 -p insertproportion=0 -p scanproportion=0 -p readmodifywriteproportion=0 -p measurementtype=hdrhistogram -p measurement.interval=both -p hdrhistogram.percentiles=50,95,99,99.9,99.99 -p status.interval=10 -p redis.host=172.16.0.4 -p redis.port=16379 -p redis.scanindex=none -p redis.timeout=10000 -p redis.cluster=false -p redis.updatecommand=hmset -t
Command line: -db site.ycsb.db.RedisClient -s -threads 256 -P /mnt/dev/YCSB-hreplace-dist/workloads/workloada -target 100000 -p recordcount=100000000 -p operationcount=1000000 -p fieldcount=10 -p fieldlength=128 -p fieldlengthdistribution=constant -p readallfields=true -p writeallfields=true -p insertorder=hashed -p requestdistribution=uniform -p readproportion=0.5 -p updateproportion=0.5 -p insertproportion=0 -p scanproportion=0 -p readmodifywriteproportion=0 -p measurementtype=hdrhistogram -p measurement.interval=both -p hdrhistogram.percentiles=50,95,99,99.9,99.99 -p status.interval=10 -p redis.host=172.16.0.4 -p redis.port=16379 -p redis.scanindex=none -p redis.timeout=10000 -p redis.cluster=false -p redis.updatecommand=hmset -t
YCSB Client 0.18.0-SNAPSHOT

Loading workload...
Starting test.
SLF4J: Failed to load class "org.slf4j.impl.StaticLoggerBinder".
SLF4J: Defaulting to no-operation (NOP) logger implementation
SLF4J: See http://www.slf4j.org/codes.html#StaticLoggerBinder for further details.
2026-09-13 15:34:10:330 0 sec: 0 operations; est completion in 0 second 
DBWrapper: report latency for each error is false and specific error codes to track for latency are: []
2026-09-13 15:34:20:276 10 sec: 991331 operations; 99133.1 current ops/sec; est completion in 1 second [READ: Count=495350, Max=24047, Min=171, Avg=320.19, 50=296, 90=354, 99=675, 99.9=3543, 99.99=14319] [UPDATE: Count=496219, Max=25887, Min=179, Avg=332.95, 50=303, 90=364, 99=967, 99.9=3843, 99.99=19999] [Intended-READ: Count=495638, Max=100223, Min=213, Avg=632.01, 50=355, 90=416, 99=3247, 99.9=56159, 99.99=86335] [Intended-UPDATE: Count=496446, Max=104639, Min=192, Avg=629.96, 50=362, 90=426, 99=3165, 99.9=55103, 99.99=87679] 
2026-09-13 15:34:20:387 10 sec: 1000000 operations; 78099.1 current ops/sec; [READ: Count=4305, Max=8559, Min=215, Avg=404.8, 50=298, 90=384, 99=3415, 99.9=6715, 99.99=8559] [CLEANUP: Count=256, Max=572, Min=10, Avg=24.89, 50=17, 90=29, 99=330, 99.9=572, 99.99=572] [UPDATE: Count=4126, Max=9687, Min=191, Avg=430.63, 50=307, 90=404, 99=3691, 99.9=7215, 99.99=9687] [Intended-READ: Count=4017, Max=25487, Min=259, Avg=1550.97, 50=361, 90=3059, 99=20143, 99.9=24399, 99.99=25487] [Intended-CLEANUP: Count=256, Max=573, Min=10, Avg=25.07, 50=17, 90=29, 99=331, 99.9=573, 99.99=573] [Intended-UPDATE: Count=3899, Max=25583, Min=251, Avg=1580, 50=370, 90=3325, 99=20687, 99.9=25039, 99.99=25583] 
[OVERALL], RunTime(ms), 10111
[OVERALL], Throughput(ops/sec), 98902.18573830482
[TOTAL_GCS_G1_Young_Generation], Count, 31
[TOTAL_GC_TIME_G1_Young_Generation], Time(ms), 29
[TOTAL_GC_TIME_%_G1_Young_Generation], Time(%), 0.28681633864108397
[TOTAL_GCS_G1_Old_Generation], Count, 0
[TOTAL_GC_TIME_G1_Old_Generation], Time(ms), 0
[TOTAL_GC_TIME_%_G1_Old_Generation], Time(%), 0.0
[TOTAL_GCs], Count, 31
[TOTAL_GC_TIME], Time(ms), 29
[TOTAL_GC_TIME_%], Time(%), 0.28681633864108397
[READ], Operations, 499655
[READ], AverageLatency(us), 320.9157398605037
[READ], MinLatency(us), 171
[READ], MaxLatency(us), 24047
[READ], 50thPercentileLatency(us), 296
[READ], 95thPercentileLatency(us), 388
[READ], 99thPercentileLatency(us), 700
[READ], 99.9PercentileLatency(us), 3619
[READ], 99.99PercentileLatency(us), 14319
[READ], Return=OK, 499655
[CLEANUP], Operations, 256
[CLEANUP], AverageLatency(us), 24.89453125
[CLEANUP], MinLatency(us), 10
[CLEANUP], MaxLatency(us), 572
[CLEANUP], 50thPercentileLatency(us), 17
[CLEANUP], 95thPercentileLatency(us), 38
[CLEANUP], 99thPercentileLatency(us), 330
[CLEANUP], 99.9PercentileLatency(us), 572
[CLEANUP], 99.99PercentileLatency(us), 572
[UPDATE], Operations, 500345
[UPDATE], AverageLatency(us), 333.7573274440636
[UPDATE], MinLatency(us), 179
[UPDATE], MaxLatency(us), 25887
[UPDATE], 50thPercentileLatency(us), 303
[UPDATE], 95thPercentileLatency(us), 402
[UPDATE], 99thPercentileLatency(us), 995
[UPDATE], 99.9PercentileLatency(us), 3915
[UPDATE], 99.99PercentileLatency(us), 19999
[UPDATE], Return=OK, 500345
[Intended-READ], Operations, 499655
[Intended-READ], AverageLatency(us), 639.4024336792387
[Intended-READ], MinLatency(us), 213
[Intended-READ], MaxLatency(us), 100223
[Intended-READ], 50thPercentileLatency(us), 355
[Intended-READ], 95thPercentileLatency(us), 458
[Intended-READ], 99thPercentileLatency(us), 3907
[Intended-READ], 99.9PercentileLatency(us), 56063
[Intended-READ], 99.99PercentileLatency(us), 86335
[Intended-CLEANUP], Operations, 256
[Intended-CLEANUP], AverageLatency(us), 25.06640625
[Intended-CLEANUP], MinLatency(us), 10
[Intended-CLEANUP], MaxLatency(us), 573
[Intended-CLEANUP], 50thPercentileLatency(us), 17
[Intended-CLEANUP], 95thPercentileLatency(us), 38
[Intended-CLEANUP], 99thPercentileLatency(us), 331
[Intended-CLEANUP], 99.9PercentileLatency(us), 573
[Intended-CLEANUP], 99.99PercentileLatency(us), 573
[Intended-UPDATE], Operations, 500345
[Intended-UPDATE], AverageLatency(us), 637.3668049046158
[Intended-UPDATE], MinLatency(us), 192
[Intended-UPDATE], MaxLatency(us), 104639
[Intended-UPDATE], 50thPercentileLatency(us), 362
[Intended-UPDATE], 95thPercentileLatency(us), 470
[Intended-UPDATE], 99thPercentileLatency(us), 3717
[Intended-UPDATE], 99.9PercentileLatency(us), 55071
[Intended-UPDATE], 99.99PercentileLatency(us), 87679
