java -cp /mnt/dev/YCSB-hreplace-dist/redis-binding/conf:/mnt/dev/YCSB-hreplace-dist/conf:/mnt/dev/YCSB-hreplace-dist/lib/htrace-core4-4.1.0-incubating.jar:/mnt/dev/YCSB-hreplace-dist/lib/slf4j-api-1.7.25.jar:/mnt/dev/YCSB-hreplace-dist/lib/jackson-mapper-asl-1.9.4.jar:/mnt/dev/YCSB-hreplace-dist/lib/HdrHistogram-2.1.12.jar:/mnt/dev/YCSB-hreplace-dist/lib/jackson-core-asl-1.9.4.jar:/mnt/dev/YCSB-hreplace-dist/lib/jedis-3.9.0.jar:/mnt/dev/YCSB-hreplace-dist/lib/core-0.18.0-SNAPSHOT.jar:/mnt/dev/YCSB-hreplace-dist/lib/commons-pool2-2.11.1.jar:/mnt/dev/YCSB-hreplace-dist/lib/redis-binding-0.18.0-SNAPSHOT.jar site.ycsb.Client -db site.ycsb.db.RedisClient -s -threads 256 -P /mnt/dev/YCSB-hreplace-dist/workloads/workloada -p recordcount=100000000 -p operationcount=5000000 -p fieldcount=10 -p fieldlength=128 -p fieldlengthdistribution=constant -p readallfields=true -p writeallfields=true -p insertorder=hashed -p requestdistribution=uniform -p readproportion=0.5 -p updateproportion=0.5 -p insertproportion=0 -p scanproportion=0 -p readmodifywriteproportion=0 -p measurementtype=hdrhistogram -p measurement.interval=both -p hdrhistogram.percentiles=50,95,99,99.9,99.99 -p status.interval=10 -p redis.host=172.16.0.4 -p redis.port=16379 -p redis.scanindex=none -p redis.timeout=10000 -p redis.cluster=false -p redis.updatecommand=hmset -t
Command line: -db site.ycsb.db.RedisClient -s -threads 256 -P /mnt/dev/YCSB-hreplace-dist/workloads/workloada -p recordcount=100000000 -p operationcount=5000000 -p fieldcount=10 -p fieldlength=128 -p fieldlengthdistribution=constant -p readallfields=true -p writeallfields=true -p insertorder=hashed -p requestdistribution=uniform -p readproportion=0.5 -p updateproportion=0.5 -p insertproportion=0 -p scanproportion=0 -p readmodifywriteproportion=0 -p measurementtype=hdrhistogram -p measurement.interval=both -p hdrhistogram.percentiles=50,95,99,99.9,99.99 -p status.interval=10 -p redis.host=172.16.0.4 -p redis.port=16379 -p redis.scanindex=none -p redis.timeout=10000 -p redis.cluster=false -p redis.updatecommand=hmset -t
YCSB Client 0.18.0-SNAPSHOT

Loading workload...
Starting test.
SLF4J: Failed to load class "org.slf4j.impl.StaticLoggerBinder".
SLF4J: Defaulting to no-operation (NOP) logger implementation
SLF4J: See http://www.slf4j.org/codes.html#StaticLoggerBinder for further details.
2026-09-13 15:30:00:635 0 sec: 0 operations; est completion in 0 second 
DBWrapper: report latency for each error is false and specific error codes to track for latency are: []
2026-09-13 15:30:10:588 10 sec: 4238274 operations; 423827.4 current ops/sec; est completion in 2 second [READ: Count=2117707, Max=38367, Min=175, Avg=587.08, 50=510, 90=705, 99=3229, 99.9=6343, 99.99=14247] [UPDATE: Count=2124133, Max=36959, Min=201, Avg=602.89, 50=521, 90=723, 99=3255, 99.9=6287, 99.99=14151] [Intended-READ: Count=2122399, Max=38367, Min=175, Avg=587.01, 50=510, 90=705, 99=3225, 99.9=6343, 99.99=14247] [Intended-UPDATE: Count=2126517, Max=36959, Min=201, Avg=602.95, 50=521, 90=723, 99=3257, 99.9=6287, 99.99=14151] 
2026-09-13 15:30:12:877 12 sec: 5000000 operations; 332631.44 current ops/sec; [READ: Count=380572, Max=11327, Min=199, Avg=529.72, 50=464, 90=658, 99=2857, 99.9=5655, 99.99=7055] [CLEANUP: Count=256, Max=769, Min=14, Avg=42.25, 50=28, 90=78, 99=145, 99.9=769, 99.99=769] [UPDATE: Count=377588, Max=10279, Min=200, Avg=539.36, 50=472, 90=669, 99=2909, 99.9=5727, 99.99=7147] [Intended-READ: Count=375880, Max=11327, Min=199, Avg=529.65, 50=463, 90=657, 99=2881, 99.9=5667, 99.99=7059] [Intended-CLEANUP: Count=256, Max=770, Min=14, Avg=42.84, 50=29, 90=82, 99=146, 99.9=770, 99.99=770] [Intended-UPDATE: Count=375204, Max=10279, Min=200, Avg=538.83, 50=472, 90=668, 99=2887, 99.9=5731, 99.99=7147] 
[OVERALL], RunTime(ms), 12289
[OVERALL], Throughput(ops/sec), 406867.9306697046
[TOTAL_GCS_G1_Young_Generation], Count, 97
[TOTAL_GC_TIME_G1_Young_Generation], Time(ms), 97
[TOTAL_GC_TIME_%_G1_Young_Generation], Time(%), 0.7893237854992269
[TOTAL_GCS_G1_Old_Generation], Count, 0
[TOTAL_GC_TIME_G1_Old_Generation], Time(ms), 0
[TOTAL_GC_TIME_%_G1_Old_Generation], Time(%), 0.0
[TOTAL_GCs], Count, 97
[TOTAL_GC_TIME], Time(ms), 97
[TOTAL_GC_TIME_%], Time(%), 0.7893237854992269
[READ], Operations, 2498279
[READ], AverageLatency(us), 578.3442786013892
[READ], MinLatency(us), 175
[READ], MaxLatency(us), 38367
[READ], 50thPercentileLatency(us), 504
[READ], 95thPercentileLatency(us), 815
[READ], 99thPercentileLatency(us), 3171
[READ], 99.9PercentileLatency(us), 6219
[READ], 99.99PercentileLatency(us), 12151
[READ], Return=OK, 2498279
[CLEANUP], Operations, 256
[CLEANUP], AverageLatency(us), 42.25
[CLEANUP], MinLatency(us), 14
[CLEANUP], MaxLatency(us), 769
[CLEANUP], 50thPercentileLatency(us), 28
[CLEANUP], 95thPercentileLatency(us), 101
[CLEANUP], 99thPercentileLatency(us), 145
[CLEANUP], 99.9PercentileLatency(us), 769
[CLEANUP], 99.99PercentileLatency(us), 769
[UPDATE], Operations, 2501721
[UPDATE], AverageLatency(us), 593.3011522867658
[UPDATE], MinLatency(us), 200
[UPDATE], MaxLatency(us), 36959
[UPDATE], 50thPercentileLatency(us), 515
[UPDATE], 95thPercentileLatency(us), 849
[UPDATE], 99thPercentileLatency(us), 3203
[UPDATE], 99.9PercentileLatency(us), 6191
[UPDATE], 99.99PercentileLatency(us), 11711
[UPDATE], Return=OK, 2501721
[Intended-READ], Operations, 2498279
[Intended-READ], AverageLatency(us), 578.3786858873649
[Intended-READ], MinLatency(us), 175
[Intended-READ], MaxLatency(us), 38367
[Intended-READ], 50thPercentileLatency(us), 504
[Intended-READ], 95thPercentileLatency(us), 815
[Intended-READ], 99thPercentileLatency(us), 3171
[Intended-READ], 99.9PercentileLatency(us), 6219
[Intended-READ], 99.99PercentileLatency(us), 12151
[Intended-CLEANUP], Operations, 256
[Intended-CLEANUP], AverageLatency(us), 42.84375
[Intended-CLEANUP], MinLatency(us), 14
[Intended-CLEANUP], MaxLatency(us), 770
[Intended-CLEANUP], 50thPercentileLatency(us), 29
[Intended-CLEANUP], 95thPercentileLatency(us), 102
[Intended-CLEANUP], 99thPercentileLatency(us), 146
[Intended-CLEANUP], 99.9PercentileLatency(us), 770
[Intended-CLEANUP], 99.99PercentileLatency(us), 770
[Intended-UPDATE], Operations, 2501721
[Intended-UPDATE], AverageLatency(us), 593.3367605740209
[Intended-UPDATE], MinLatency(us), 200
[Intended-UPDATE], MaxLatency(us), 36959
[Intended-UPDATE], 50thPercentileLatency(us), 515
[Intended-UPDATE], 95thPercentileLatency(us), 849
[Intended-UPDATE], 99thPercentileLatency(us), 3203
[Intended-UPDATE], 99.9PercentileLatency(us), 6191
[Intended-UPDATE], 99.99PercentileLatency(us), 11711
