java -cp /mnt/dev/YCSB-hreplace-dist/redis-binding/conf:/mnt/dev/YCSB-hreplace-dist/conf:/mnt/dev/YCSB-hreplace-dist/lib/htrace-core4-4.1.0-incubating.jar:/mnt/dev/YCSB-hreplace-dist/lib/slf4j-api-1.7.25.jar:/mnt/dev/YCSB-hreplace-dist/lib/jackson-mapper-asl-1.9.4.jar:/mnt/dev/YCSB-hreplace-dist/lib/HdrHistogram-2.1.12.jar:/mnt/dev/YCSB-hreplace-dist/lib/jackson-core-asl-1.9.4.jar:/mnt/dev/YCSB-hreplace-dist/lib/jedis-3.9.0.jar:/mnt/dev/YCSB-hreplace-dist/lib/core-0.18.0-SNAPSHOT.jar:/mnt/dev/YCSB-hreplace-dist/lib/commons-pool2-2.11.1.jar:/mnt/dev/YCSB-hreplace-dist/lib/redis-binding-0.18.0-SNAPSHOT.jar site.ycsb.Client -db site.ycsb.db.RedisClient -s -threads 256 -P /mnt/dev/YCSB-hreplace-dist/workloads/workloada -target 100000 -p recordcount=100000000 -p operationcount=5000000 -p fieldcount=10 -p fieldlength=128 -p fieldlengthdistribution=constant -p readallfields=true -p writeallfields=true -p insertorder=hashed -p requestdistribution=uniform -p readproportion=0.5 -p updateproportion=0.5 -p insertproportion=0 -p scanproportion=0 -p readmodifywriteproportion=0 -p measurementtype=hdrhistogram -p measurement.interval=both -p hdrhistogram.percentiles=50,95,99,99.9,99.99 -p status.interval=10 -p redis.host=172.16.0.4 -p redis.port=16379 -p redis.scanindex=none -p redis.timeout=10000 -p redis.cluster=false -p redis.updatecommand=hmset -t
Command line: -db site.ycsb.db.RedisClient -s -threads 256 -P /mnt/dev/YCSB-hreplace-dist/workloads/workloada -target 100000 -p recordcount=100000000 -p operationcount=5000000 -p fieldcount=10 -p fieldlength=128 -p fieldlengthdistribution=constant -p readallfields=true -p writeallfields=true -p insertorder=hashed -p requestdistribution=uniform -p readproportion=0.5 -p updateproportion=0.5 -p insertproportion=0 -p scanproportion=0 -p readmodifywriteproportion=0 -p measurementtype=hdrhistogram -p measurement.interval=both -p hdrhistogram.percentiles=50,95,99,99.9,99.99 -p status.interval=10 -p redis.host=172.16.0.4 -p redis.port=16379 -p redis.scanindex=none -p redis.timeout=10000 -p redis.cluster=false -p redis.updatecommand=hmset -t
YCSB Client 0.18.0-SNAPSHOT

Loading workload...
Starting test.
SLF4J: Failed to load class "org.slf4j.impl.StaticLoggerBinder".
SLF4J: Defaulting to no-operation (NOP) logger implementation
SLF4J: See http://www.slf4j.org/codes.html#StaticLoggerBinder for further details.
2026-09-13 15:29:06:638 0 sec: 0 operations; est completion in 0 second 
DBWrapper: report latency for each error is false and specific error codes to track for latency are: []
2026-09-13 15:29:16:614 10 sec: 992268 operations; 99226.8 current ops/sec; est completion in 41 seconds [READ: Count=495776, Max=23487, Min=169, Avg=318.07, 50=297, 90=343, 99=629, 99.9=3737, 99.99=12855] [UPDATE: Count=496755, Max=24319, Min=179, Avg=330.64, 50=303, 90=353, 99=959, 99.9=3897, 99.99=15519] [Intended-READ: Count=496066, Max=101439, Min=220, Avg=554.01, 50=356, 90=405, 99=2303, 99.9=45631, 99.99=88831] [Intended-UPDATE: Count=497036, Max=102783, Min=208, Avg=568.14, 50=363, 90=415, 99=2519, 99.9=45663, 99.99=90559] 
2026-09-13 15:29:26:614 20 sec: 1992272 operations; 100000.4 current ops/sec; est completion in 31 seconds [READ: Count=499254, Max=7843, Min=169, Avg=311.93, 50=297, 90=342, 99=450, 99.9=3163, 99.99=5655] [UPDATE: Count=500625, Max=8543, Min=188, Avg=318.95, 50=303, 90=351, 99=466, 99.9=3199, 99.99=5527] [Intended-READ: Count=499116, Max=7903, Min=226, Avg=373.28, 50=355, 90=403, 99=678, 99.9=3417, 99.99=5775] [Intended-UPDATE: Count=500449, Max=8599, Min=211, Avg=380.58, 50=362, 90=411, 99=700, 99.9=3445, 99.99=5703] 
2026-09-13 15:29:36:614 30 sec: 2992269 operations; 99999.7 current ops/sec; est completion in 21 seconds [READ: Count=500334, Max=10967, Min=165, Avg=313.52, 50=296, 90=341, 99=447, 99.9=3947, 99.99=7171] [UPDATE: Count=499679, Max=10311, Min=168, Avg=320.06, 50=302, 90=349, 99=459, 99.9=3773, 99.99=6983] [Intended-READ: Count=500334, Max=10983, Min=222, Avg=378.32, 50=355, 90=402, 99=796, 99.9=4903, 99.99=8039] [Intended-UPDATE: Count=499683, Max=11159, Min=203, Avg=385.12, 50=362, 90=410, 99=805, 99.9=4831, 99.99=8247] 
2026-09-13 15:29:46:614 40 sec: 3992257 operations; 99998.8 current ops/sec; est completion in 11 seconds [READ: Count=500128, Max=10903, Min=171, Avg=312.12, 50=296, 90=342, 99=453, 99.9=3355, 99.99=6527] [UPDATE: Count=499811, Max=10359, Min=181, Avg=319.45, 50=303, 90=351, 99=471, 99.9=3381, 99.99=6755] [Intended-READ: Count=500152, Max=11519, Min=199, Avg=375.18, 50=355, 90=402, 99=720, 99.9=4115, 99.99=7091] [Intended-UPDATE: Count=499863, Max=10423, Min=217, Avg=382.11, 50=362, 90=411, 99=716, 99.9=3965, 99.99=7227] 
2026-09-13 15:29:56:614 50 sec: 4992257 operations; 100000 current ops/sec; est completion in 1 second [READ: Count=500287, Max=9863, Min=179, Avg=313.28, 50=296, 90=343, 99=459, 99.9=3405, 99.99=6439] [UPDATE: Count=499714, Max=9591, Min=169, Avg=320.03, 50=303, 90=352, 99=471, 99.9=3417, 99.99=6527] [Intended-READ: Count=500209, Max=9927, Min=231, Avg=376.4, 50=355, 90=404, 99=763, 99.9=4243, 99.99=7151] [Intended-UPDATE: Count=499655, Max=9975, Min=228, Avg=382.91, 50=362, 90=412, 99=729, 99.9=4071, 99.99=7127] 
2026-09-13 15:29:56:708 50 sec: 5000000 operations; 81505.26 current ops/sec; [READ: Count=3851, Max=481, Min=218, Avg=296.6, 50=294, 90=331, 99=387, 99.9=444, 99.99=481] [CLEANUP: Count=256, Max=681, Min=10, Avg=35.22, 50=16, 90=28, 99=608, 99.9=681, 99.99=681] [UPDATE: Count=3786, Max=1150, Min=223, Avg=303.94, 50=300, 90=340, 99=403, 99.9=468, 99.99=1150] [Intended-READ: Count=3753, Max=527, Min=261, Avg=354.91, 50=352, 90=392, 99=447, 99.9=505, 99.99=527] [Intended-CLEANUP: Count=256, Max=682, Min=10, Avg=35.41, 50=16, 90=28, 99=608, 99.9=682, 99.99=682] [Intended-UPDATE: Count=3684, Max=1234, Min=262, Avg=361.91, 50=359, 90=400, 99=466, 99.9=535, 99.99=1234] 
[OVERALL], RunTime(ms), 50094
[OVERALL], Throughput(ops/sec), 99812.35277677965
[TOTAL_GCS_G1_Young_Generation], Count, 141
[TOTAL_GC_TIME_G1_Young_Generation], Time(ms), 107
[TOTAL_GC_TIME_%_G1_Young_Generation], Time(%), 0.21359843494230846
[TOTAL_GCS_G1_Old_Generation], Count, 0
[TOTAL_GC_TIME_G1_Old_Generation], Time(ms), 0
[TOTAL_GC_TIME_%_G1_Old_Generation], Time(%), 0.0
[TOTAL_GCs], Count, 141
[TOTAL_GC_TIME], Time(ms), 107
[TOTAL_GC_TIME_%], Time(%), 0.21359843494230846
[READ], Operations, 2499630
[READ], AverageLatency(us), 313.7502546376864
[READ], MinLatency(us), 165
[READ], MaxLatency(us), 23487
[READ], 50thPercentileLatency(us), 296
[READ], 95thPercentileLatency(us), 367
[READ], 99thPercentileLatency(us), 468
[READ], 99.9PercentileLatency(us), 3503
[READ], 99.99PercentileLatency(us), 6895
[READ], Return=OK, 2499630
[CLEANUP], Operations, 256
[CLEANUP], AverageLatency(us), 35.21875
[CLEANUP], MinLatency(us), 10
[CLEANUP], MaxLatency(us), 681
[CLEANUP], 50thPercentileLatency(us), 16
[CLEANUP], 95thPercentileLatency(us), 54
[CLEANUP], 99thPercentileLatency(us), 608
[CLEANUP], 99.9PercentileLatency(us), 681
[CLEANUP], 99.99PercentileLatency(us), 681
[UPDATE], Operations, 2500370
[UPDATE], AverageLatency(us), 321.7857977019401
[UPDATE], MinLatency(us), 168
[UPDATE], MaxLatency(us), 24319
[UPDATE], 50thPercentileLatency(us), 303
[UPDATE], 95thPercentileLatency(us), 378
[UPDATE], 99thPercentileLatency(us), 514
[UPDATE], 99.9PercentileLatency(us), 3531
[UPDATE], 99.99PercentileLatency(us), 6995
[UPDATE], Return=OK, 2500370
[Intended-READ], Operations, 2499630
[Intended-READ], AverageLatency(us), 411.1332853262283
[Intended-READ], MinLatency(us), 199
[Intended-READ], MaxLatency(us), 101439
[Intended-READ], 50thPercentileLatency(us), 355
[Intended-READ], 95thPercentileLatency(us), 430
[Intended-READ], 99thPercentileLatency(us), 974
[Intended-READ], 99.9PercentileLatency(us), 10303
[Intended-READ], 99.99PercentileLatency(us), 61343
[Intended-CLEANUP], Operations, 256
[Intended-CLEANUP], AverageLatency(us), 35.4140625
[Intended-CLEANUP], MinLatency(us), 10
[Intended-CLEANUP], MaxLatency(us), 682
[Intended-CLEANUP], 50thPercentileLatency(us), 16
[Intended-CLEANUP], 95thPercentileLatency(us), 55
[Intended-CLEANUP], 99thPercentileLatency(us), 608
[Intended-CLEANUP], 99.9PercentileLatency(us), 682
[Intended-CLEANUP], 99.99PercentileLatency(us), 682
[Intended-UPDATE], Operations, 2500370
[Intended-UPDATE], AverageLatency(us), 419.5162891892
[Intended-UPDATE], MinLatency(us), 203
[Intended-UPDATE], MaxLatency(us), 102783
[Intended-UPDATE], 50thPercentileLatency(us), 362
[Intended-UPDATE], 95thPercentileLatency(us), 440
[Intended-UPDATE], 99thPercentileLatency(us), 995
[Intended-UPDATE], 99.9PercentileLatency(us), 11335
[Intended-UPDATE], 99.99PercentileLatency(us), 60863
