java -cp /mnt/dev/YCSB-hreplace-dist/redis-binding/conf:/mnt/dev/YCSB-hreplace-dist/conf:/mnt/dev/YCSB-hreplace-dist/lib/htrace-core4-4.1.0-incubating.jar:/mnt/dev/YCSB-hreplace-dist/lib/slf4j-api-1.7.25.jar:/mnt/dev/YCSB-hreplace-dist/lib/jackson-mapper-asl-1.9.4.jar:/mnt/dev/YCSB-hreplace-dist/lib/HdrHistogram-2.1.12.jar:/mnt/dev/YCSB-hreplace-dist/lib/jackson-core-asl-1.9.4.jar:/mnt/dev/YCSB-hreplace-dist/lib/jedis-3.9.0.jar:/mnt/dev/YCSB-hreplace-dist/lib/core-0.18.0-SNAPSHOT.jar:/mnt/dev/YCSB-hreplace-dist/lib/commons-pool2-2.11.1.jar:/mnt/dev/YCSB-hreplace-dist/lib/redis-binding-0.18.0-SNAPSHOT.jar site.ycsb.Client -db site.ycsb.db.RedisClient -s -threads 256 -P /mnt/dev/YCSB-hreplace-dist/workloads/workloada -target 100000 -p recordcount=100000000 -p operationcount=5000000 -p fieldcount=10 -p fieldlength=128 -p fieldlengthdistribution=constant -p readallfields=true -p writeallfields=true -p insertorder=hashed -p requestdistribution=uniform -p readproportion=0.5 -p updateproportion=0.5 -p insertproportion=0 -p scanproportion=0 -p readmodifywriteproportion=0 -p measurementtype=hdrhistogram -p measurement.interval=both -p hdrhistogram.percentiles=50,95,99,99.9,99.99 -p status.interval=10 -p redis.host=172.16.0.4 -p redis.port=16379 -p redis.scanindex=none -p redis.timeout=10000 -p redis.cluster=false -p redis.updatecommand=hmset -t
Command line: -db site.ycsb.db.RedisClient -s -threads 256 -P /mnt/dev/YCSB-hreplace-dist/workloads/workloada -target 100000 -p recordcount=100000000 -p operationcount=5000000 -p fieldcount=10 -p fieldlength=128 -p fieldlengthdistribution=constant -p readallfields=true -p writeallfields=true -p insertorder=hashed -p requestdistribution=uniform -p readproportion=0.5 -p updateproportion=0.5 -p insertproportion=0 -p scanproportion=0 -p readmodifywriteproportion=0 -p measurementtype=hdrhistogram -p measurement.interval=both -p hdrhistogram.percentiles=50,95,99,99.9,99.99 -p status.interval=10 -p redis.host=172.16.0.4 -p redis.port=16379 -p redis.scanindex=none -p redis.timeout=10000 -p redis.cluster=false -p redis.updatecommand=hmset -t
YCSB Client 0.18.0-SNAPSHOT

Loading workload...
Starting test.
SLF4J: Failed to load class "org.slf4j.impl.StaticLoggerBinder".
SLF4J: Defaulting to no-operation (NOP) logger implementation
SLF4J: See http://www.slf4j.org/codes.html#StaticLoggerBinder for further details.
2026-09-13 15:26:29:440 0 sec: 0 operations; est completion in 0 second 
DBWrapper: report latency for each error is false and specific error codes to track for latency are: []
2026-09-13 15:26:39:387 10 sec: 989988 operations; 98998.8 current ops/sec; est completion in 41 seconds [READ: Count=495671, Max=46175, Min=165, Avg=344.82, 50=296, 90=358, 99=1598, 99.9=4739, 99.99=33631] [UPDATE: Count=494603, Max=42751, Min=178, Avg=388.83, 50=303, 90=373, 99=2873, 99.9=6071, 99.99=32991] [Intended-READ: Count=496049, Max=179839, Min=226, Avg=1479, 50=355, 90=424, 99=45855, 99.9=110911, 99.99=161151] [Intended-UPDATE: Count=494883, Max=179327, Min=201, Avg=1532.58, 50=362, 90=435, 99=47583, 99.9=115071, 99.99=162431] 
2026-09-13 15:26:49:387 20 sec: 1989959 operations; 99997.1 current ops/sec; est completion in 31 seconds [READ: Count=499514, Max=10511, Min=171, Avg=313.06, 50=295, 90=347, 99=493, 99.9=3457, 99.99=6407] [UPDATE: Count=500284, Max=9487, Min=163, Avg=319.32, 50=302, 90=355, 99=499, 99.9=3175, 99.99=6271] [Intended-READ: Count=499270, Max=10559, Min=229, Avg=375.4, 50=353, 90=407, 99=742, 99.9=4039, 99.99=6879] [Intended-UPDATE: Count=500131, Max=10311, Min=210, Avg=382.06, 50=360, 90=415, 99=727, 99.9=3899, 99.99=7051] 
2026-09-13 15:26:59:387 30 sec: 2989968 operations; 100000.9 current ops/sec; est completion in 21 seconds [READ: Count=500417, Max=9239, Min=172, Avg=312.18, 50=295, 90=347, 99=485, 99.9=3293, 99.99=6279] [UPDATE: Count=499577, Max=9063, Min=177, Avg=319.7, 50=302, 90=356, 99=498, 99.9=3357, 99.99=6359] [Intended-READ: Count=500381, Max=9951, Min=214, Avg=374.01, 50=354, 90=407, 99=665, 99.9=3839, 99.99=6951] [Intended-UPDATE: Count=499538, Max=10471, Min=226, Avg=382.11, 50=361, 90=416, 99=699, 99.9=3921, 99.99=6983] 
2026-09-13 15:27:09:387 40 sec: 3989969 operations; 100000.1 current ops/sec; est completion in 11 seconds [READ: Count=500286, Max=12743, Min=160, Avg=313.92, 50=295, 90=348, 99=499, 99.9=3567, 99.99=6759] [UPDATE: Count=499710, Max=11407, Min=171, Avg=320.46, 50=302, 90=356, 99=501, 99.9=3561, 99.99=6383] [Intended-READ: Count=500295, Max=12799, Min=185, Avg=377.3, 50=354, 90=408, 99=828, 99.9=4227, 99.99=7871] [Intended-UPDATE: Count=499728, Max=11463, Min=199, Avg=383.84, 50=361, 90=416, 99=779, 99.9=4215, 99.99=7371] 
2026-09-13 15:27:19:387 50 sec: 4989975 operations; 100000.6 current ops/sec; est completion in 1 second [READ: Count=500251, Max=10719, Min=174, Avg=312.14, 50=295, 90=346, 99=492, 99.9=3189, 99.99=5975] [UPDATE: Count=499737, Max=10655, Min=175, Avg=318.38, 50=302, 90=354, 99=496, 99.9=3103, 99.99=5567] [Intended-READ: Count=500241, Max=10751, Min=224, Avg=373.57, 50=354, 90=406, 99=712, 99.9=3535, 99.99=6743] [Intended-UPDATE: Count=499802, Max=11143, Min=229, Avg=380.14, 50=360, 90=414, 99=693, 99.9=3469, 99.99=6631] 
2026-09-13 15:27:19:505 50 sec: 5000000 operations; 84957.63 current ops/sec; [READ: Count=5025, Max=1786, Min=206, Avg=301.39, 50=294, 90=344, 99=440, 99.9=1019, 99.99=1786] [CLEANUP: Count=256, Max=580, Min=10, Avg=29.74, 50=16, 90=27, 99=562, 99.9=580, 99.99=580] [UPDATE: Count=4925, Max=2017, Min=223, Avg=307.16, 50=300, 90=351, 99=446, 99.9=571, 99.99=2017] [Intended-READ: Count=4928, Max=1849, Min=230, Avg=359.42, 50=353, 90=403, 99=497, 99.9=1132, 99.99=1849] [Intended-CLEANUP: Count=256, Max=581, Min=10, Avg=29.98, 50=16, 90=27, 99=562, 99.9=581, 99.99=581] [Intended-UPDATE: Count=4754, Max=2081, Min=262, Avg=365.44, 50=359, 90=411, 99=509, 99.9=627, 99.99=2081] 
[OVERALL], RunTime(ms), 50117
[OVERALL], Throughput(ops/sec), 99766.54628170082
[TOTAL_GCS_G1_Young_Generation], Count, 141
[TOTAL_GC_TIME_G1_Young_Generation], Time(ms), 123
[TOTAL_GC_TIME_%_G1_Young_Generation], Time(%), 0.24542570385298398
[TOTAL_GCS_G1_Old_Generation], Count, 0
[TOTAL_GC_TIME_G1_Old_Generation], Time(ms), 0
[TOTAL_GC_TIME_%_G1_Old_Generation], Time(%), 0.0
[TOTAL_GCs], Count, 141
[TOTAL_GC_TIME], Time(ms), 123
[TOTAL_GC_TIME_%], Time(%), 0.24542570385298398
[READ], Operations, 2501164
[READ], AverageLatency(us), 319.14254163261586
[READ], MinLatency(us), 160
[READ], MaxLatency(us), 46175
[READ], 50thPercentileLatency(us), 295
[READ], 95thPercentileLatency(us), 380
[READ], 99thPercentileLatency(us), 661
[READ], 99.9PercentileLatency(us), 3737
[READ], 99.99PercentileLatency(us), 7515
[READ], Return=OK, 2501164
[CLEANUP], Operations, 256
[CLEANUP], AverageLatency(us), 29.73828125
[CLEANUP], MinLatency(us), 10
[CLEANUP], MaxLatency(us), 580
[CLEANUP], 50thPercentileLatency(us), 16
[CLEANUP], 95thPercentileLatency(us), 38
[CLEANUP], 99thPercentileLatency(us), 562
[CLEANUP], 99.9PercentileLatency(us), 580
[CLEANUP], 99.99PercentileLatency(us), 580
[UPDATE], Operations, 2498836
[UPDATE], AverageLatency(us), 333.1683843997765
[UPDATE], MinLatency(us), 163
[UPDATE], MaxLatency(us), 42751
[UPDATE], 50thPercentileLatency(us), 302
[UPDATE], 95thPercentileLatency(us), 393
[UPDATE], 99thPercentileLatency(us), 1042
[UPDATE], 99.9PercentileLatency(us), 4175
[UPDATE], 99.99PercentileLatency(us), 7995
[UPDATE], Return=OK, 2498836
[Intended-READ], Operations, 2501164
[Intended-READ], AverageLatency(us), 593.9768519777192
[Intended-READ], MinLatency(us), 185
[Intended-READ], MaxLatency(us), 179839
[Intended-READ], 50thPercentileLatency(us), 354
[Intended-READ], 95thPercentileLatency(us), 444
[Intended-READ], 99thPercentileLatency(us), 1700
[Intended-READ], 99.9PercentileLatency(us), 70527
[Intended-READ], 99.99PercentileLatency(us), 137343
[Intended-CLEANUP], Operations, 256
[Intended-CLEANUP], AverageLatency(us), 29.9765625
[Intended-CLEANUP], MinLatency(us), 10
[Intended-CLEANUP], MaxLatency(us), 581
[Intended-CLEANUP], 50thPercentileLatency(us), 16
[Intended-CLEANUP], 95thPercentileLatency(us), 38
[Intended-CLEANUP], 99thPercentileLatency(us), 562
[Intended-CLEANUP], 99.9PercentileLatency(us), 581
[Intended-CLEANUP], 99.99PercentileLatency(us), 581
[Intended-UPDATE], Operations, 2498836
[Intended-UPDATE], AverageLatency(us), 609.8655886180605
[Intended-UPDATE], MinLatency(us), 199
[Intended-UPDATE], MaxLatency(us), 179327
[Intended-UPDATE], 50thPercentileLatency(us), 361
[Intended-UPDATE], 95thPercentileLatency(us), 455
[Intended-UPDATE], 99thPercentileLatency(us), 1873
[Intended-UPDATE], 99.9PercentileLatency(us), 71231
[Intended-UPDATE], 99.99PercentileLatency(us), 144767
