java -cp /mnt/dev/YCSB-hreplace-dist/redis-binding/conf:/mnt/dev/YCSB-hreplace-dist/conf:/mnt/dev/YCSB-hreplace-dist/lib/htrace-core4-4.1.0-incubating.jar:/mnt/dev/YCSB-hreplace-dist/lib/slf4j-api-1.7.25.jar:/mnt/dev/YCSB-hreplace-dist/lib/jackson-mapper-asl-1.9.4.jar:/mnt/dev/YCSB-hreplace-dist/lib/HdrHistogram-2.1.12.jar:/mnt/dev/YCSB-hreplace-dist/lib/jackson-core-asl-1.9.4.jar:/mnt/dev/YCSB-hreplace-dist/lib/jedis-3.9.0.jar:/mnt/dev/YCSB-hreplace-dist/lib/core-0.18.0-SNAPSHOT.jar:/mnt/dev/YCSB-hreplace-dist/lib/commons-pool2-2.11.1.jar:/mnt/dev/YCSB-hreplace-dist/lib/redis-binding-0.18.0-SNAPSHOT.jar site.ycsb.Client -db site.ycsb.db.RedisClient -s -threads 256 -P /mnt/dev/YCSB-hreplace-dist/workloads/workloada -p recordcount=100000000 -p operationcount=5000000 -p fieldcount=10 -p fieldlength=128 -p fieldlengthdistribution=constant -p readallfields=true -p writeallfields=true -p insertorder=hashed -p requestdistribution=uniform -p readproportion=1 -p updateproportion=0 -p insertproportion=0 -p scanproportion=0 -p readmodifywriteproportion=0 -p measurementtype=hdrhistogram -p measurement.interval=both -p hdrhistogram.percentiles=50,95,99,99.9,99.99 -p status.interval=10 -p redis.host=172.16.0.4 -p redis.port=16379 -p redis.scanindex=none -p redis.timeout=10000 -p redis.cluster=false -p redis.updatecommand=keylane.hreplace -t
Command line: -db site.ycsb.db.RedisClient -s -threads 256 -P /mnt/dev/YCSB-hreplace-dist/workloads/workloada -p recordcount=100000000 -p operationcount=5000000 -p fieldcount=10 -p fieldlength=128 -p fieldlengthdistribution=constant -p readallfields=true -p writeallfields=true -p insertorder=hashed -p requestdistribution=uniform -p readproportion=1 -p updateproportion=0 -p insertproportion=0 -p scanproportion=0 -p readmodifywriteproportion=0 -p measurementtype=hdrhistogram -p measurement.interval=both -p hdrhistogram.percentiles=50,95,99,99.9,99.99 -p status.interval=10 -p redis.host=172.16.0.4 -p redis.port=16379 -p redis.scanindex=none -p redis.timeout=10000 -p redis.cluster=false -p redis.updatecommand=keylane.hreplace -t
YCSB Client 0.18.0-SNAPSHOT

Loading workload...
Starting test.
SLF4J: Failed to load class "org.slf4j.impl.StaticLoggerBinder".
SLF4J: Defaulting to no-operation (NOP) logger implementation
SLF4J: See http://www.slf4j.org/codes.html#StaticLoggerBinder for further details.
2026-09-13 16:05:43:468 0 sec: 0 operations; est completion in 0 second 
DBWrapper: report latency for each error is false and specific error codes to track for latency are: []
2026-09-13 16:05:53:418 10 sec: 4996430 operations; 499643 current ops/sec; est completion in 1 second [READ: Count=4996443, Max=66303, Min=222, Avg=472.38, 50=447, 90=569, 99=998, 99.9=3325, 99.99=9295] [CLEANUP: Count=248, Max=713, Min=13, Avg=46.07, 50=31, 90=88, 99=155, 99.9=713, 99.99=713] [Intended-READ: Count=4996546, Max=66303, Min=222, Avg=472.41, 50=447, 90=569, 99=998, 99.9=3325, 99.99=9295] [Intended-CLEANUP: Count=248, Max=715, Min=14, Avg=46.58, 50=31, 90=89, 99=156, 99.9=715, 99.99=715] 
2026-09-13 16:05:53:651 10 sec: 5000000 operations; 15321.89 current ops/sec; [READ: Count=3557, Max=544, Min=265, Avg=355.74, 50=355, 90=412, 99=452, 99.9=514, 99.99=544] [CLEANUP: Count=8, Max=58, Min=17, Avg=24.75, 50=20, 90=58, 99=58, 99.9=58, 99.99=58] [Intended-READ: Count=3454, Max=544, Min=265, Avg=355.29, 50=354, 90=411, 99=450, 99.9=514, 99.99=544] [Intended-CLEANUP: Count=8, Max=58, Min=17, Avg=24.88, 50=20, 90=58, 99=58, 99.9=58, 99.99=58] 
[OVERALL], RunTime(ms), 10232
[OVERALL], Throughput(ops/sec), 488663.01798279904
[TOTAL_GCS_G1_Young_Generation], Count, 75
[TOTAL_GC_TIME_G1_Young_Generation], Time(ms), 72
[TOTAL_GC_TIME_%_G1_Young_Generation], Time(%), 0.7036747458952306
[TOTAL_GCS_G1_Old_Generation], Count, 0
[TOTAL_GC_TIME_G1_Old_Generation], Time(ms), 0
[TOTAL_GC_TIME_%_G1_Old_Generation], Time(%), 0.0
[TOTAL_GCs], Count, 75
[TOTAL_GC_TIME], Time(ms), 72
[TOTAL_GC_TIME_%], Time(%), 0.7036747458952306
[READ], Operations, 5000000
[READ], AverageLatency(us), 472.294962
[READ], MinLatency(us), 222
[READ], MaxLatency(us), 66303
[READ], 50thPercentileLatency(us), 447
[READ], 95thPercentileLatency(us), 620
[READ], 99thPercentileLatency(us), 998
[READ], 99.9PercentileLatency(us), 3325
[READ], 99.99PercentileLatency(us), 9287
[READ], Return=OK, 5000000
[CLEANUP], Operations, 256
[CLEANUP], AverageLatency(us), 45.40625
[CLEANUP], MinLatency(us), 13
[CLEANUP], MaxLatency(us), 713
[CLEANUP], 50thPercentileLatency(us), 30
[CLEANUP], 95thPercentileLatency(us), 108
[CLEANUP], 99thPercentileLatency(us), 155
[CLEANUP], 99.9PercentileLatency(us), 713
[CLEANUP], 99.99PercentileLatency(us), 713
[Intended-READ], Operations, 5000000
[Intended-READ], AverageLatency(us), 472.331392
[Intended-READ], MinLatency(us), 222
[Intended-READ], MaxLatency(us), 66303
[Intended-READ], 50thPercentileLatency(us), 447
[Intended-READ], 95thPercentileLatency(us), 620
[Intended-READ], 99thPercentileLatency(us), 998
[Intended-READ], 99.9PercentileLatency(us), 3325
[Intended-READ], 99.99PercentileLatency(us), 9287
[Intended-CLEANUP], Operations, 256
[Intended-CLEANUP], AverageLatency(us), 45.8984375
[Intended-CLEANUP], MinLatency(us), 14
[Intended-CLEANUP], MaxLatency(us), 715
[Intended-CLEANUP], 50thPercentileLatency(us), 30
[Intended-CLEANUP], 95thPercentileLatency(us), 109
[Intended-CLEANUP], 99thPercentileLatency(us), 156
[Intended-CLEANUP], 99.9PercentileLatency(us), 715
[Intended-CLEANUP], 99.99PercentileLatency(us), 715
