java -cp /mnt/dev/YCSB-hreplace-dist/redis-binding/conf:/mnt/dev/YCSB-hreplace-dist/conf:/mnt/dev/YCSB-hreplace-dist/lib/htrace-core4-4.1.0-incubating.jar:/mnt/dev/YCSB-hreplace-dist/lib/slf4j-api-1.7.25.jar:/mnt/dev/YCSB-hreplace-dist/lib/jackson-mapper-asl-1.9.4.jar:/mnt/dev/YCSB-hreplace-dist/lib/HdrHistogram-2.1.12.jar:/mnt/dev/YCSB-hreplace-dist/lib/jackson-core-asl-1.9.4.jar:/mnt/dev/YCSB-hreplace-dist/lib/jedis-3.9.0.jar:/mnt/dev/YCSB-hreplace-dist/lib/core-0.18.0-SNAPSHOT.jar:/mnt/dev/YCSB-hreplace-dist/lib/commons-pool2-2.11.1.jar:/mnt/dev/YCSB-hreplace-dist/lib/redis-binding-0.18.0-SNAPSHOT.jar site.ycsb.Client -db site.ycsb.db.RedisClient -s -threads 256 -P /mnt/dev/YCSB-hreplace-dist/workloads/workloada -p recordcount=100000000 -p operationcount=5000000 -p fieldcount=10 -p fieldlength=128 -p fieldlengthdistribution=constant -p readallfields=true -p writeallfields=true -p insertorder=hashed -p requestdistribution=uniform -p readproportion=0.5 -p updateproportion=0.5 -p insertproportion=0 -p scanproportion=0 -p readmodifywriteproportion=0 -p measurementtype=hdrhistogram -p measurement.interval=both -p hdrhistogram.percentiles=50,95,99,99.9,99.99 -p status.interval=10 -p redis.host=172.16.0.4 -p redis.port=16379 -p redis.scanindex=none -p redis.timeout=10000 -p redis.cluster=false -p redis.updatecommand=hmset -t
Command line: -db site.ycsb.db.RedisClient -s -threads 256 -P /mnt/dev/YCSB-hreplace-dist/workloads/workloada -p recordcount=100000000 -p operationcount=5000000 -p fieldcount=10 -p fieldlength=128 -p fieldlengthdistribution=constant -p readallfields=true -p writeallfields=true -p insertorder=hashed -p requestdistribution=uniform -p readproportion=0.5 -p updateproportion=0.5 -p insertproportion=0 -p scanproportion=0 -p readmodifywriteproportion=0 -p measurementtype=hdrhistogram -p measurement.interval=both -p hdrhistogram.percentiles=50,95,99,99.9,99.99 -p status.interval=10 -p redis.host=172.16.0.4 -p redis.port=16379 -p redis.scanindex=none -p redis.timeout=10000 -p redis.cluster=false -p redis.updatecommand=hmset -t
YCSB Client 0.18.0-SNAPSHOT

Loading workload...
Starting test.
SLF4J: Failed to load class "org.slf4j.impl.StaticLoggerBinder".
SLF4J: Defaulting to no-operation (NOP) logger implementation
SLF4J: See http://www.slf4j.org/codes.html#StaticLoggerBinder for further details.
2026-09-13 14:49:16:773 0 sec: 0 operations; est completion in 0 second 
DBWrapper: report latency for each error is false and specific error codes to track for latency are: []
2026-09-13 14:49:26:721 10 sec: 4168499 operations; 416849.9 current ops/sec; est completion in 2 second [READ: Count=2084627, Max=75263, Min=200, Avg=594.83, 50=515, 90=711, 99=3421, 99.9=6175, 99.99=16799] [UPDATE: Count=2087240, Max=81023, Min=205, Avg=613.68, 50=525, 90=729, 99=3495, 99.9=6255, 99.99=19999] [Intended-READ: Count=2088388, Max=75263, Min=200, Avg=594.86, 50=515, 90=711, 99=3423, 99.9=6175, 99.99=16799] [Intended-UPDATE: Count=2088856, Max=81023, Min=205, Avg=613.75, 50=525, 90=729, 99=3499, 99.9=6255, 99.99=19999] 
2026-09-13 14:49:29:181 12 sec: 5000000 operations; 338145.99 current ops/sec; [READ: Count=415750, Max=10775, Min=198, Avg=545.43, 50=481, 90=671, 99=2947, 99.9=5803, 99.99=7087] [CLEANUP: Count=256, Max=868, Min=14, Avg=41.77, 50=28, 90=76, 99=134, 99.9=868, 99.99=868] [UPDATE: Count=412383, Max=10791, Min=211, Avg=554.66, 50=490, 90=683, 99=2935, 99.9=5847, 99.99=7131] [Intended-READ: Count=411989, Max=10775, Min=198, Avg=545.04, 50=481, 90=671, 99=2925, 99.9=5807, 99.99=7087] [Intended-CLEANUP: Count=256, Max=869, Min=14, Avg=42.23, 50=28, 90=78, 99=134, 99.9=869, 99.99=869] [Intended-UPDATE: Count=410767, Max=10791, Min=211, Avg=554.27, 50=490, 90=682, 99=2907, 99.9=5847, 99.99=7131] 
[OVERALL], RunTime(ms), 12459
[OVERALL], Throughput(ops/sec), 401316.3175214704
[TOTAL_GCS_G1_Young_Generation], Count, 97
[TOTAL_GC_TIME_G1_Young_Generation], Time(ms), 93
[TOTAL_GC_TIME_%_G1_Young_Generation], Time(%), 0.746448350589935
[TOTAL_GCS_G1_Old_Generation], Count, 0
[TOTAL_GC_TIME_G1_Old_Generation], Time(ms), 0
[TOTAL_GC_TIME_%_G1_Old_Generation], Time(%), 0.0
[TOTAL_GCs], Count, 97
[TOTAL_GC_TIME], Time(ms), 93
[TOTAL_GC_TIME_%], Time(%), 0.746448350589935
[READ], Operations, 2500377
[READ], AverageLatency(us), 586.6141905800605
[READ], MinLatency(us), 198
[READ], MaxLatency(us), 75263
[READ], 50thPercentileLatency(us), 509
[READ], 95thPercentileLatency(us), 819
[READ], 99thPercentileLatency(us), 3353
[READ], 99.9PercentileLatency(us), 6115
[READ], 99.99PercentileLatency(us), 13487
[READ], Return=OK, 2500377
[CLEANUP], Operations, 256
[CLEANUP], AverageLatency(us), 41.765625
[CLEANUP], MinLatency(us), 14
[CLEANUP], MaxLatency(us), 868
[CLEANUP], 50thPercentileLatency(us), 28
[CLEANUP], 95thPercentileLatency(us), 98
[CLEANUP], 99thPercentileLatency(us), 134
[CLEANUP], 99.9PercentileLatency(us), 868
[CLEANUP], 99.99PercentileLatency(us), 868
[UPDATE], Operations, 2499623
[UPDATE], AverageLatency(us), 603.9393204495237
[UPDATE], MinLatency(us), 205
[UPDATE], MaxLatency(us), 81023
[UPDATE], 50thPercentileLatency(us), 520
[UPDATE], 95thPercentileLatency(us), 854
[UPDATE], 99thPercentileLatency(us), 3415
[UPDATE], 99.9PercentileLatency(us), 6199
[UPDATE], 99.99PercentileLatency(us), 18127
[UPDATE], Return=OK, 2499623
[Intended-READ], Operations, 2500377
[Intended-READ], AverageLatency(us), 586.6481722556239
[Intended-READ], MinLatency(us), 198
[Intended-READ], MaxLatency(us), 75263
[Intended-READ], 50thPercentileLatency(us), 509
[Intended-READ], 95thPercentileLatency(us), 819
[Intended-READ], 99thPercentileLatency(us), 3353
[Intended-READ], 99.9PercentileLatency(us), 6115
[Intended-READ], 99.99PercentileLatency(us), 13487
[Intended-CLEANUP], Operations, 256
[Intended-CLEANUP], AverageLatency(us), 42.2265625
[Intended-CLEANUP], MinLatency(us), 14
[Intended-CLEANUP], MaxLatency(us), 869
[Intended-CLEANUP], 50thPercentileLatency(us), 28
[Intended-CLEANUP], 95thPercentileLatency(us), 99
[Intended-CLEANUP], 99thPercentileLatency(us), 134
[Intended-CLEANUP], 99.9PercentileLatency(us), 869
[Intended-CLEANUP], 99.99PercentileLatency(us), 869
[Intended-UPDATE], Operations, 2499623
[Intended-UPDATE], AverageLatency(us), 603.9762540191061
[Intended-UPDATE], MinLatency(us), 205
[Intended-UPDATE], MaxLatency(us), 81023
[Intended-UPDATE], 50thPercentileLatency(us), 520
[Intended-UPDATE], 95thPercentileLatency(us), 855
[Intended-UPDATE], 99thPercentileLatency(us), 3415
[Intended-UPDATE], 99.9PercentileLatency(us), 6199
[Intended-UPDATE], 99.99PercentileLatency(us), 18143
