java -cp /mnt/dev/YCSB-hreplace-dist/redis-binding/conf:/mnt/dev/YCSB-hreplace-dist/conf:/mnt/dev/YCSB-hreplace-dist/lib/htrace-core4-4.1.0-incubating.jar:/mnt/dev/YCSB-hreplace-dist/lib/slf4j-api-1.7.25.jar:/mnt/dev/YCSB-hreplace-dist/lib/jackson-mapper-asl-1.9.4.jar:/mnt/dev/YCSB-hreplace-dist/lib/HdrHistogram-2.1.12.jar:/mnt/dev/YCSB-hreplace-dist/lib/jackson-core-asl-1.9.4.jar:/mnt/dev/YCSB-hreplace-dist/lib/jedis-3.9.0.jar:/mnt/dev/YCSB-hreplace-dist/lib/core-0.18.0-SNAPSHOT.jar:/mnt/dev/YCSB-hreplace-dist/lib/commons-pool2-2.11.1.jar:/mnt/dev/YCSB-hreplace-dist/lib/redis-binding-0.18.0-SNAPSHOT.jar site.ycsb.Client -db site.ycsb.db.RedisClient -s -threads 256 -P /mnt/dev/YCSB-hreplace-dist/workloads/workloada -target 100000 -p recordcount=100000000 -p operationcount=5000000 -p fieldcount=10 -p fieldlength=128 -p fieldlengthdistribution=constant -p readallfields=true -p writeallfields=true -p insertorder=hashed -p requestdistribution=uniform -p readproportion=0.5 -p updateproportion=0.5 -p insertproportion=0 -p scanproportion=0 -p readmodifywriteproportion=0 -p measurementtype=hdrhistogram -p measurement.interval=both -p hdrhistogram.percentiles=50,95,99,99.9,99.99 -p status.interval=10 -p redis.host=172.16.0.4 -p redis.port=16379 -p redis.scanindex=none -p redis.timeout=10000 -p redis.cluster=false -p redis.updatecommand=keylane.hreplace -t
Command line: -db site.ycsb.db.RedisClient -s -threads 256 -P /mnt/dev/YCSB-hreplace-dist/workloads/workloada -target 100000 -p recordcount=100000000 -p operationcount=5000000 -p fieldcount=10 -p fieldlength=128 -p fieldlengthdistribution=constant -p readallfields=true -p writeallfields=true -p insertorder=hashed -p requestdistribution=uniform -p readproportion=0.5 -p updateproportion=0.5 -p insertproportion=0 -p scanproportion=0 -p readmodifywriteproportion=0 -p measurementtype=hdrhistogram -p measurement.interval=both -p hdrhistogram.percentiles=50,95,99,99.9,99.99 -p status.interval=10 -p redis.host=172.16.0.4 -p redis.port=16379 -p redis.scanindex=none -p redis.timeout=10000 -p redis.cluster=false -p redis.updatecommand=keylane.hreplace -t
YCSB Client 0.18.0-SNAPSHOT

Loading workload...
Starting test.
SLF4J: Failed to load class "org.slf4j.impl.StaticLoggerBinder".
SLF4J: Defaulting to no-operation (NOP) logger implementation
SLF4J: See http://www.slf4j.org/codes.html#StaticLoggerBinder for further details.
2026-09-13 15:50:04:679 0 sec: 0 operations; est completion in 0 second 
DBWrapper: report latency for each error is false and specific error codes to track for latency are: []
2026-09-13 15:50:14:638 10 sec: 993014 operations; 99301.4 current ops/sec; est completion in 41 seconds [READ: Count=495566, Max=39487, Min=164, Avg=340.9, 50=297, 90=358, 99=1266, 99.9=6239, 99.99=26927] [UPDATE: Count=497726, Max=23375, Min=151, Avg=260.08, 50=219, 90=281, 99=1406, 99.9=3841, 99.99=20767] [Intended-READ: Count=495952, Max=170495, Min=207, Avg=1090.05, 50=356, 90=422, 99=23567, 99.9=115775, 99.99=154367] [Intended-UPDATE: Count=498025, Max=165375, Min=176, Avg=1008.63, 50=278, 90=344, 99=23503, 99.9=115967, 99.99=151039] 
2026-09-13 15:50:24:638 20 sec: 1993011 operations; 99999.7 current ops/sec; est completion in 31 seconds [READ: Count=499667, Max=11463, Min=168, Avg=316.48, 50=296, 90=348, 99=585, 99.9=3371, 99.99=7215] [UPDATE: Count=500168, Max=4963, Min=151, Avg=232.65, 50=218, 90=267, 99=422, 99.9=2323, 99.99=3723] [Intended-READ: Count=499409, Max=11503, Min=219, Avg=377.55, 50=355, 90=409, 99=869, 99.9=3819, 99.99=7379] [Intended-UPDATE: Count=499971, Max=9279, Min=171, Avg=294.05, 50=277, 90=328, 99=582, 99.9=2647, 99.99=5159] 
2026-09-13 15:50:34:638 30 sec: 2993004 operations; 99999.3 current ops/sec; est completion in 21 seconds [READ: Count=500132, Max=11055, Min=171, Avg=318.21, 50=296, 90=348, 99=606, 99.9=3969, 99.99=7471] [UPDATE: Count=499842, Max=5335, Min=150, Avg=232.3, 50=218, 90=266, 99=416, 99.9=2361, 99.99=3739] [Intended-READ: Count=500099, Max=11111, Min=198, Avg=380.16, 50=354, 90=408, 99=945, 99.9=4507, 99.99=7679] [Intended-UPDATE: Count=499821, Max=10727, Min=172, Avg=294.7, 50=277, 90=327, 99=610, 99.9=2927, 99.99=5675] 
2026-09-13 15:50:44:638 40 sec: 3993001 operations; 99999.7 current ops/sec; est completion in 11 seconds [READ: Count=499556, Max=11407, Min=173, Avg=320.92, 50=297, 90=353, 99=604, 99.9=4671, 99.99=8519] [UPDATE: Count=500443, Max=5715, Min=151, Avg=233.62, 50=219, 90=272, 99=428, 99.9=2269, 99.99=3731] [Intended-READ: Count=499572, Max=11471, Min=220, Avg=384.48, 50=355, 90=413, 99=962, 99.9=5463, 99.99=8783] [Intended-UPDATE: Count=500492, Max=8527, Min=171, Avg=296.97, 50=277, 90=333, 99=625, 99.9=3055, 99.99=6435] 
2026-09-13 15:50:54:638 50 sec: 4992995 operations; 99999.4 current ops/sec; est completion in 1 second [READ: Count=500121, Max=11503, Min=168, Avg=322.51, 50=297, 90=355, 99=906, 99.9=3489, 99.99=7291] [UPDATE: Count=499891, Max=12671, Min=151, Avg=239.44, 50=219, 90=276, 99=668, 99.9=2547, 99.99=4037] [Intended-READ: Count=500100, Max=11743, Min=228, Avg=389.72, 50=355, 90=417, 99=1309, 99.9=4215, 99.99=7819] [Intended-UPDATE: Count=499859, Max=14263, Min=170, Avg=306.69, 50=278, 90=338, 99=1089, 99.9=3187, 99.99=7139] 
2026-09-13 15:50:54:725 50 sec: 5000000 operations; 80517.24 current ops/sec; [READ: Count=3497, Max=1336, Min=222, Avg=296.85, 50=293, 90=330, 99=401, 99.9=812, 99.99=1336] [CLEANUP: Count=256, Max=824, Min=10, Avg=33.45, 50=16, 90=27, 99=635, 99.9=824, 99.99=824] [UPDATE: Count=3391, Max=2595, Min=161, Avg=220.12, 50=216, 90=249, 99=321, 99.9=530, 99.99=2595] [Intended-READ: Count=3407, Max=1395, Min=262, Avg=354.98, 50=352, 90=391, 99=465, 99.9=875, 99.99=1395] [Intended-CLEANUP: Count=256, Max=824, Min=10, Avg=33.66, 50=16, 90=27, 99=637, 99.9=824, 99.99=824] [Intended-UPDATE: Count=3293, Max=685, Min=179, Avg=277.81, 50=275, 90=310, 99=383, 99.9=599, 99.99=685] 
[OVERALL], RunTime(ms), 50086
[OVERALL], Throughput(ops/sec), 99828.29533202891
[TOTAL_GCS_G1_Young_Generation], Count, 136
[TOTAL_GC_TIME_G1_Young_Generation], Time(ms), 110
[TOTAL_GC_TIME_%_G1_Young_Generation], Time(%), 0.21962224973046363
[TOTAL_GCS_G1_Old_Generation], Count, 0
[TOTAL_GC_TIME_G1_Old_Generation], Time(ms), 0
[TOTAL_GC_TIME_%_G1_Old_Generation], Time(%), 0.0
[TOTAL_GCs], Count, 136
[TOTAL_GC_TIME], Time(ms), 110
[TOTAL_GC_TIME_%], Time(%), 0.21962224973046363
[READ], Operations, 2498539
[READ], AverageLatency(us), 323.7374185473991
[READ], MinLatency(us), 164
[READ], MaxLatency(us), 39487
[READ], 50thPercentileLatency(us), 297
[READ], 95thPercentileLatency(us), 388
[READ], 99thPercentileLatency(us), 814
[READ], 99.9PercentileLatency(us), 4355
[READ], 99.99PercentileLatency(us), 9031
[READ], Return=OK, 2498539
[CLEANUP], Operations, 256
[CLEANUP], AverageLatency(us), 33.4453125
[CLEANUP], MinLatency(us), 10
[CLEANUP], MaxLatency(us), 824
[CLEANUP], 50thPercentileLatency(us), 16
[CLEANUP], 95thPercentileLatency(us), 42
[CLEANUP], 99thPercentileLatency(us), 635
[CLEANUP], 99.9PercentileLatency(us), 824
[CLEANUP], 99.99PercentileLatency(us), 824
[UPDATE], Operations, 2501461
[UPDATE], AverageLatency(us), 239.57358559657737
[UPDATE], MinLatency(us), 150
[UPDATE], MaxLatency(us), 23375
[UPDATE], 50thPercentileLatency(us), 219
[UPDATE], 95thPercentileLatency(us), 309
[UPDATE], 99thPercentileLatency(us), 605
[UPDATE], 99.9PercentileLatency(us), 2791
[UPDATE], 99.99PercentileLatency(us), 4895
[UPDATE], Return=OK, 2501461
[Intended-READ], Operations, 2498539
[Intended-READ], AverageLatency(us), 523.2906994847789
[Intended-READ], MinLatency(us), 198
[Intended-READ], MaxLatency(us), 170495
[Intended-READ], 50thPercentileLatency(us), 355
[Intended-READ], 95thPercentileLatency(us), 453
[Intended-READ], 99thPercentileLatency(us), 1481
[Intended-READ], 99.9PercentileLatency(us), 53823
[Intended-READ], 99.99PercentileLatency(us), 131199
[Intended-CLEANUP], Operations, 256
[Intended-CLEANUP], AverageLatency(us), 33.6640625
[Intended-CLEANUP], MinLatency(us), 10
[Intended-CLEANUP], MaxLatency(us), 824
[Intended-CLEANUP], 50thPercentileLatency(us), 16
[Intended-CLEANUP], 95thPercentileLatency(us), 42
[Intended-CLEANUP], 99thPercentileLatency(us), 637
[Intended-CLEANUP], 99.9PercentileLatency(us), 824
[Intended-CLEANUP], 99.99PercentileLatency(us), 824
[Intended-UPDATE], Operations, 2501461
[Intended-UPDATE], AverageLatency(us), 439.537905248173
[Intended-UPDATE], MinLatency(us), 170
[Intended-UPDATE], MaxLatency(us), 165375
[Intended-UPDATE], 50thPercentileLatency(us), 277
[Intended-UPDATE], 95thPercentileLatency(us), 373
[Intended-UPDATE], 99thPercentileLatency(us), 1097
[Intended-UPDATE], 99.9PercentileLatency(us), 54207
[Intended-UPDATE], 99.99PercentileLatency(us), 131327
