java -cp /mnt/dev/YCSB-hreplace-dist/redis-binding/conf:/mnt/dev/YCSB-hreplace-dist/conf:/mnt/dev/YCSB-hreplace-dist/lib/htrace-core4-4.1.0-incubating.jar:/mnt/dev/YCSB-hreplace-dist/lib/slf4j-api-1.7.25.jar:/mnt/dev/YCSB-hreplace-dist/lib/jackson-mapper-asl-1.9.4.jar:/mnt/dev/YCSB-hreplace-dist/lib/HdrHistogram-2.1.12.jar:/mnt/dev/YCSB-hreplace-dist/lib/jackson-core-asl-1.9.4.jar:/mnt/dev/YCSB-hreplace-dist/lib/jedis-3.9.0.jar:/mnt/dev/YCSB-hreplace-dist/lib/core-0.18.0-SNAPSHOT.jar:/mnt/dev/YCSB-hreplace-dist/lib/commons-pool2-2.11.1.jar:/mnt/dev/YCSB-hreplace-dist/lib/redis-binding-0.18.0-SNAPSHOT.jar site.ycsb.Client -db site.ycsb.db.RedisClient -s -threads 256 -P /mnt/dev/YCSB-hreplace-dist/workloads/workloada -p recordcount=100000000 -p operationcount=5000000 -p fieldcount=10 -p fieldlength=128 -p fieldlengthdistribution=constant -p readallfields=true -p writeallfields=true -p insertorder=hashed -p requestdistribution=uniform -p readproportion=0.5 -p updateproportion=0.5 -p insertproportion=0 -p scanproportion=0 -p readmodifywriteproportion=0 -p measurementtype=hdrhistogram -p measurement.interval=both -p hdrhistogram.percentiles=50,95,99,99.9,99.99 -p status.interval=10 -p redis.host=172.16.0.4 -p redis.port=16379 -p redis.scanindex=none -p redis.timeout=10000 -p redis.cluster=false -p redis.updatecommand=keylane.hreplace -t
Command line: -db site.ycsb.db.RedisClient -s -threads 256 -P /mnt/dev/YCSB-hreplace-dist/workloads/workloada -p recordcount=100000000 -p operationcount=5000000 -p fieldcount=10 -p fieldlength=128 -p fieldlengthdistribution=constant -p readallfields=true -p writeallfields=true -p insertorder=hashed -p requestdistribution=uniform -p readproportion=0.5 -p updateproportion=0.5 -p insertproportion=0 -p scanproportion=0 -p readmodifywriteproportion=0 -p measurementtype=hdrhistogram -p measurement.interval=both -p hdrhistogram.percentiles=50,95,99,99.9,99.99 -p status.interval=10 -p redis.host=172.16.0.4 -p redis.port=16379 -p redis.scanindex=none -p redis.timeout=10000 -p redis.cluster=false -p redis.updatecommand=keylane.hreplace -t
YCSB Client 0.18.0-SNAPSHOT

Loading workload...
Starting test.
SLF4J: Failed to load class "org.slf4j.impl.StaticLoggerBinder".
SLF4J: Defaulting to no-operation (NOP) logger implementation
SLF4J: See http://www.slf4j.org/codes.html#StaticLoggerBinder for further details.
2026-09-13 16:35:09:328 0 sec: 0 operations; est completion in 0 second 
DBWrapper: report latency for each error is false and specific error codes to track for latency are: []
2026-09-13 16:35:19:295 10 sec: 4723950 operations; 472395 current ops/sec; est completion in 1 second [READ: Count=2360917, Max=59999, Min=189, Avg=614.77, 50=512, 90=731, 99=3439, 99.9=6043, 99.99=10247] [CLEANUP: Count=28, Max=1053, Min=51, Avg=133.96, 50=99, 90=155, 99=1053, 99.9=1053, 99.99=1053] [UPDATE: Count=2366377, Max=111295, Min=156, Avg=448.75, 50=380, 90=550, 99=2379, 99.9=5083, 99.99=10359] [Intended-READ: Count=2365127, Max=59999, Min=189, Avg=614.69, 50=512, 90=731, 99=3437, 99.9=6043, 99.99=10247] [Intended-CLEANUP: Count=29, Max=1054, Min=52, Avg=133.1, 50=100, 90=156, 99=1054, 99.9=1054, 99.99=1054] [Intended-UPDATE: Count=2369268, Max=111295, Min=156, Avg=448.72, 50=380, 90=550, 99=2377, 99.9=5083, 99.99=10359] 
2026-09-13 16:35:20:574 11 sec: 5000000 operations; 215832.68 current ops/sec; [READ: Count=137521, Max=11207, Min=209, Avg=450.4, 50=390, 90=567, 99=1949, 99.9=5035, 99.99=8999] [CLEANUP: Count=228, Max=845, Min=13, Avg=42.18, 50=28, 90=68, 99=228, 99.9=845, 99.99=845] [UPDATE: Count=135185, Max=5747, Min=162, Avg=335.36, 50=296, 90=437, 99=1210, 99.9=3043, 99.99=4287] [Intended-READ: Count=133311, Max=11207, Min=209, Avg=447.44, 50=387, 90=561, 99=1945, 99.9=5107, 99.99=8999] [Intended-CLEANUP: Count=227, Max=846, Min=14, Avg=42.4, 50=28, 90=74, 99=228, 99.9=846, 99.99=846] [Intended-UPDATE: Count=132294, Max=5747, Min=162, Avg=334.11, 50=294, 90=434, 99=1215, 99.9=3057, 99.99=4287] 
[OVERALL], RunTime(ms), 11279
[OVERALL], Throughput(ops/sec), 443301.711144605
[TOTAL_GCS_G1_Young_Generation], Count, 94
[TOTAL_GC_TIME_G1_Young_Generation], Time(ms), 86
[TOTAL_GC_TIME_%_G1_Young_Generation], Time(%), 0.7624789431687207
[TOTAL_GCS_G1_Old_Generation], Count, 0
[TOTAL_GC_TIME_G1_Old_Generation], Time(ms), 0
[TOTAL_GC_TIME_%_G1_Old_Generation], Time(%), 0.0
[TOTAL_GCs], Count, 94
[TOTAL_GC_TIME], Time(ms), 86
[TOTAL_GC_TIME_%], Time(%), 0.7624789431687207
[READ], Operations, 2498438
[READ], AverageLatency(us), 605.726126083577
[READ], MinLatency(us), 189
[READ], MaxLatency(us), 59999
[READ], 50thPercentileLatency(us), 506
[READ], 95thPercentileLatency(us), 996
[READ], 99thPercentileLatency(us), 3389
[READ], 99.9PercentileLatency(us), 6027
[READ], 99.99PercentileLatency(us), 10135
[READ], Return=OK, 2498438
[CLEANUP], Operations, 256
[CLEANUP], AverageLatency(us), 52.21484375
[CLEANUP], MinLatency(us), 13
[CLEANUP], MaxLatency(us), 1053
[CLEANUP], 50thPercentileLatency(us), 29
[CLEANUP], 95thPercentileLatency(us), 125
[CLEANUP], 99thPercentileLatency(us), 243
[CLEANUP], 99.9PercentileLatency(us), 1053
[CLEANUP], 99.99PercentileLatency(us), 1053
[UPDATE], Operations, 2501562
[UPDATE], AverageLatency(us), 442.62096362192904
[UPDATE], MinLatency(us), 156
[UPDATE], MaxLatency(us), 111295
[UPDATE], 50thPercentileLatency(us), 376
[UPDATE], 95thPercentileLatency(us), 684
[UPDATE], 99thPercentileLatency(us), 2333
[UPDATE], 99.9PercentileLatency(us), 5035
[UPDATE], 99.99PercentileLatency(us), 10191
[UPDATE], Return=OK, 2501562
[Intended-READ], Operations, 2498438
[Intended-READ], AverageLatency(us), 605.7624019487375
[Intended-READ], MinLatency(us), 189
[Intended-READ], MaxLatency(us), 59999
[Intended-READ], 50thPercentileLatency(us), 506
[Intended-READ], 95thPercentileLatency(us), 996
[Intended-READ], 99thPercentileLatency(us), 3389
[Intended-READ], 99.9PercentileLatency(us), 6027
[Intended-READ], 99.99PercentileLatency(us), 10135
[Intended-CLEANUP], Operations, 256
[Intended-CLEANUP], AverageLatency(us), 52.671875
[Intended-CLEANUP], MinLatency(us), 14
[Intended-CLEANUP], MaxLatency(us), 1054
[Intended-CLEANUP], 50thPercentileLatency(us), 29
[Intended-CLEANUP], 95thPercentileLatency(us), 133
[Intended-CLEANUP], 99thPercentileLatency(us), 244
[Intended-CLEANUP], 99.9PercentileLatency(us), 1054
[Intended-CLEANUP], 99.99PercentileLatency(us), 1054
[Intended-UPDATE], Operations, 2501562
[Intended-UPDATE], AverageLatency(us), 442.6579844912898
[Intended-UPDATE], MinLatency(us), 156
[Intended-UPDATE], MaxLatency(us), 111295
[Intended-UPDATE], 50thPercentileLatency(us), 376
[Intended-UPDATE], 95thPercentileLatency(us), 684
[Intended-UPDATE], 99thPercentileLatency(us), 2333
[Intended-UPDATE], 99.9PercentileLatency(us), 5035
[Intended-UPDATE], 99.99PercentileLatency(us), 10191
