java -cp /mnt/dev/YCSB-hreplace-dist/redis-binding/conf:/mnt/dev/YCSB-hreplace-dist/conf:/mnt/dev/YCSB-hreplace-dist/lib/htrace-core4-4.1.0-incubating.jar:/mnt/dev/YCSB-hreplace-dist/lib/slf4j-api-1.7.25.jar:/mnt/dev/YCSB-hreplace-dist/lib/jackson-mapper-asl-1.9.4.jar:/mnt/dev/YCSB-hreplace-dist/lib/HdrHistogram-2.1.12.jar:/mnt/dev/YCSB-hreplace-dist/lib/jackson-core-asl-1.9.4.jar:/mnt/dev/YCSB-hreplace-dist/lib/jedis-3.9.0.jar:/mnt/dev/YCSB-hreplace-dist/lib/core-0.18.0-SNAPSHOT.jar:/mnt/dev/YCSB-hreplace-dist/lib/commons-pool2-2.11.1.jar:/mnt/dev/YCSB-hreplace-dist/lib/redis-binding-0.18.0-SNAPSHOT.jar site.ycsb.Client -db site.ycsb.db.RedisClient -s -threads 256 -P /mnt/dev/YCSB-hreplace-dist/workloads/workloada -p recordcount=100000000 -p operationcount=1000000 -p fieldcount=10 -p fieldlength=128 -p fieldlengthdistribution=constant -p readallfields=true -p writeallfields=true -p insertorder=hashed -p requestdistribution=uniform -p readproportion=1 -p updateproportion=0 -p insertproportion=0 -p scanproportion=0 -p readmodifywriteproportion=0 -p measurementtype=hdrhistogram -p measurement.interval=both -p hdrhistogram.percentiles=50,95,99,99.9,99.99 -p status.interval=10 -p redis.host=172.16.0.4 -p redis.port=16379 -p redis.scanindex=none -p redis.timeout=10000 -p redis.cluster=false -p redis.updatecommand=keylane.hreplace -t
Command line: -db site.ycsb.db.RedisClient -s -threads 256 -P /mnt/dev/YCSB-hreplace-dist/workloads/workloada -p recordcount=100000000 -p operationcount=1000000 -p fieldcount=10 -p fieldlength=128 -p fieldlengthdistribution=constant -p readallfields=true -p writeallfields=true -p insertorder=hashed -p requestdistribution=uniform -p readproportion=1 -p updateproportion=0 -p insertproportion=0 -p scanproportion=0 -p readmodifywriteproportion=0 -p measurementtype=hdrhistogram -p measurement.interval=both -p hdrhistogram.percentiles=50,95,99,99.9,99.99 -p status.interval=10 -p redis.host=172.16.0.4 -p redis.port=16379 -p redis.scanindex=none -p redis.timeout=10000 -p redis.cluster=false -p redis.updatecommand=keylane.hreplace -t
YCSB Client 0.18.0-SNAPSHOT

Loading workload...
Starting test.
SLF4J: Failed to load class "org.slf4j.impl.StaticLoggerBinder".
SLF4J: Defaulting to no-operation (NOP) logger implementation
SLF4J: See http://www.slf4j.org/codes.html#StaticLoggerBinder for further details.
2026-09-13 16:05:40:786 0 sec: 0 operations; est completion in 0 second 
DBWrapper: report latency for each error is false and specific error codes to track for latency are: []
2026-09-13 16:05:43:027 2 sec: 1000000 operations; 437445.32 current ops/sec; [READ: Count=1000000, Max=40543, Min=220, Avg=495.72, 50=449, 90=593, 99=1523, 99.9=5071, 99.99=15679] [CLEANUP: Count=256, Max=787, Min=12, Avg=29.36, 50=22, 90=43, 99=91, 99.9=787, 99.99=787] [Intended-READ: Count=1000000, Max=40543, Min=220, Avg=495.76, 50=449, 90=594, 99=1523, 99.9=5071, 99.99=15679] [Intended-CLEANUP: Count=256, Max=789, Min=13, Avg=29.74, 50=22, 90=43, 99=91, 99.9=789, 99.99=789] 
[OVERALL], RunTime(ms), 2285
[OVERALL], Throughput(ops/sec), 437636.761487965
[TOTAL_GCS_G1_Young_Generation], Count, 17
[TOTAL_GC_TIME_G1_Young_Generation], Time(ms), 29
[TOTAL_GC_TIME_%_G1_Young_Generation], Time(%), 1.2691466083150984
[TOTAL_GCS_G1_Old_Generation], Count, 0
[TOTAL_GC_TIME_G1_Old_Generation], Time(ms), 0
[TOTAL_GC_TIME_%_G1_Old_Generation], Time(%), 0.0
[TOTAL_GCs], Count, 17
[TOTAL_GC_TIME], Time(ms), 29
[TOTAL_GC_TIME_%], Time(%), 1.2691466083150984
[READ], Operations, 1000000
[READ], AverageLatency(us), 495.715413
[READ], MinLatency(us), 220
[READ], MaxLatency(us), 40543
[READ], 50thPercentileLatency(us), 449
[READ], 95thPercentileLatency(us), 683
[READ], 99thPercentileLatency(us), 1523
[READ], 99.9PercentileLatency(us), 5071
[READ], 99.99PercentileLatency(us), 15679
[READ], Return=OK, 1000000
[CLEANUP], Operations, 256
[CLEANUP], AverageLatency(us), 29.359375
[CLEANUP], MinLatency(us), 12
[CLEANUP], MaxLatency(us), 787
[CLEANUP], 50thPercentileLatency(us), 22
[CLEANUP], 95thPercentileLatency(us), 60
[CLEANUP], 99thPercentileLatency(us), 91
[CLEANUP], 99.9PercentileLatency(us), 787
[CLEANUP], 99.99PercentileLatency(us), 787
[Intended-READ], Operations, 1000000
[Intended-READ], AverageLatency(us), 495.75634
[Intended-READ], MinLatency(us), 220
[Intended-READ], MaxLatency(us), 40543
[Intended-READ], 50thPercentileLatency(us), 449
[Intended-READ], 95thPercentileLatency(us), 683
[Intended-READ], 99thPercentileLatency(us), 1523
[Intended-READ], 99.9PercentileLatency(us), 5071
[Intended-READ], 99.99PercentileLatency(us), 15679
[Intended-CLEANUP], Operations, 256
[Intended-CLEANUP], AverageLatency(us), 29.7421875
[Intended-CLEANUP], MinLatency(us), 13
[Intended-CLEANUP], MaxLatency(us), 789
[Intended-CLEANUP], 50thPercentileLatency(us), 22
[Intended-CLEANUP], 95thPercentileLatency(us), 61
[Intended-CLEANUP], 99thPercentileLatency(us), 91
[Intended-CLEANUP], 99.9PercentileLatency(us), 789
[Intended-CLEANUP], 99.99PercentileLatency(us), 789
