java -cp /mnt/dev/YCSB-hreplace-dist/redis-binding/conf:/mnt/dev/YCSB-hreplace-dist/conf:/mnt/dev/YCSB-hreplace-dist/lib/htrace-core4-4.1.0-incubating.jar:/mnt/dev/YCSB-hreplace-dist/lib/slf4j-api-1.7.25.jar:/mnt/dev/YCSB-hreplace-dist/lib/jackson-mapper-asl-1.9.4.jar:/mnt/dev/YCSB-hreplace-dist/lib/HdrHistogram-2.1.12.jar:/mnt/dev/YCSB-hreplace-dist/lib/jackson-core-asl-1.9.4.jar:/mnt/dev/YCSB-hreplace-dist/lib/jedis-3.9.0.jar:/mnt/dev/YCSB-hreplace-dist/lib/core-0.18.0-SNAPSHOT.jar:/mnt/dev/YCSB-hreplace-dist/lib/commons-pool2-2.11.1.jar:/mnt/dev/YCSB-hreplace-dist/lib/redis-binding-0.18.0-SNAPSHOT.jar site.ycsb.Client -db site.ycsb.db.RedisClient -s -threads 256 -P /mnt/dev/YCSB-hreplace-dist/workloads/workloada -target 100000 -p recordcount=100000000 -p operationcount=5000000 -p fieldcount=10 -p fieldlength=128 -p fieldlengthdistribution=constant -p readallfields=true -p writeallfields=true -p insertorder=hashed -p requestdistribution=uniform -p readproportion=1 -p updateproportion=0 -p insertproportion=0 -p scanproportion=0 -p readmodifywriteproportion=0 -p measurementtype=hdrhistogram -p measurement.interval=both -p hdrhistogram.percentiles=50,95,99,99.9,99.99 -p status.interval=10 -p redis.host=172.16.0.4 -p redis.port=16379 -p redis.scanindex=none -p redis.timeout=10000 -p redis.cluster=false -p redis.updatecommand=keylane.hreplace -t
Command line: -db site.ycsb.db.RedisClient -s -threads 256 -P /mnt/dev/YCSB-hreplace-dist/workloads/workloada -target 100000 -p recordcount=100000000 -p operationcount=5000000 -p fieldcount=10 -p fieldlength=128 -p fieldlengthdistribution=constant -p readallfields=true -p writeallfields=true -p insertorder=hashed -p requestdistribution=uniform -p readproportion=1 -p updateproportion=0 -p insertproportion=0 -p scanproportion=0 -p readmodifywriteproportion=0 -p measurementtype=hdrhistogram -p measurement.interval=both -p hdrhistogram.percentiles=50,95,99,99.9,99.99 -p status.interval=10 -p redis.host=172.16.0.4 -p redis.port=16379 -p redis.scanindex=none -p redis.timeout=10000 -p redis.cluster=false -p redis.updatecommand=keylane.hreplace -t
YCSB Client 0.18.0-SNAPSHOT

Loading workload...
Starting test.
SLF4J: Failed to load class "org.slf4j.impl.StaticLoggerBinder".
SLF4J: Defaulting to no-operation (NOP) logger implementation
SLF4J: See http://www.slf4j.org/codes.html#StaticLoggerBinder for further details.
2026-09-13 16:04:50:145 0 sec: 0 operations; est completion in 0 second 
DBWrapper: report latency for each error is false and specific error codes to track for latency are: []
2026-09-13 16:05:00:092 10 sec: 992145 operations; 99214.5 current ops/sec; est completion in 41 seconds [READ: Count=992196, Max=37631, Min=209, Avg=315.85, 50=297, 90=378, 99=495, 99.9=1275, 99.99=16815] [Intended-READ: Count=992534, Max=90623, Min=235, Avg=566.52, 50=357, 90=439, 99=890, 99.9=51615, 99.99=79743] 
2026-09-13 16:05:10:092 20 sec: 1992134 operations; 99998.9 current ops/sec; est completion in 31 seconds [READ: Count=999969, Max=2004, Min=207, Avg=312.76, 50=300, 90=382, 99=473, 99.9=607, 99.99=1025] [Intended-READ: Count=999844, Max=1561, Min=225, Avg=371.73, 50=359, 90=441, 99=537, 99.9=981, 99.99=1236] 
2026-09-13 16:05:20:092 30 sec: 2992136 operations; 100000.2 current ops/sec; est completion in 21 seconds [READ: Count=1000013, Max=1559, Min=204, Avg=308.66, 50=297, 90=374, 99=467, 99.9=599, 99.99=1056] [Intended-READ: Count=999869, Max=1617, Min=236, Avg=367.44, 50=356, 90=433, 99=530, 99.9=954, 99.99=1186] 
2026-09-13 16:05:30:092 40 sec: 3992134 operations; 99999.8 current ops/sec; est completion in 11 seconds [READ: Count=1000009, Max=1397, Min=210, Avg=312.48, 50=299, 90=381, 99=471, 99.9=596, 99.99=1065] [Intended-READ: Count=999990, Max=1926, Min=235, Avg=371.34, 50=359, 90=440, 99=534, 99.9=967, 99.99=1270] 
2026-09-13 16:05:40:092 50 sec: 4992143 operations; 100000.9 current ops/sec; est completion in 1 second [READ: Count=999987, Max=1748, Min=211, Avg=311.1, 50=299, 90=378, 99=467, 99.9=596, 99.99=1030] [Intended-READ: Count=999989, Max=1817, Min=229, Avg=370.03, 50=358, 90=438, 99=531, 99.9=961, 99.99=1292] 
2026-09-13 16:05:40:195 50 sec: 5000000 operations; 77029.41 current ops/sec; [READ: Count=7826, Max=548, Min=212, Avg=305.01, 50=294, 90=369, 99=451, 99.9=519, 99.99=548] [CLEANUP: Count=256, Max=698, Min=10, Avg=40.85, 50=16, 90=29, 99=682, 99.9=698, 99.99=698] [Intended-READ: Count=7774, Max=607, Min=252, Avg=363.33, 50=354, 90=428, 99=514, 99.9=574, 99.99=607] [Intended-CLEANUP: Count=256, Max=698, Min=10, Avg=41.05, 50=16, 90=29, 99=683, 99.9=698, 99.99=698] 
[OVERALL], RunTime(ms), 50101
[OVERALL], Throughput(ops/sec), 99798.40721742081
[TOTAL_GCS_G1_Young_Generation], Count, 91
[TOTAL_GC_TIME_G1_Young_Generation], Time(ms), 67
[TOTAL_GC_TIME_%_G1_Young_Generation], Time(%), 0.13372986567134387
[TOTAL_GCS_G1_Old_Generation], Count, 0
[TOTAL_GC_TIME_G1_Old_Generation], Time(ms), 0
[TOTAL_GC_TIME_%_G1_Old_Generation], Time(%), 0.0
[TOTAL_GCs], Count, 91
[TOTAL_GC_TIME], Time(ms), 67
[TOTAL_GC_TIME_%], Time(%), 0.13372986567134387
[READ], Operations, 5000000
[READ], AverageLatency(us), 312.1537472
[READ], MinLatency(us), 204
[READ], MaxLatency(us), 37631
[READ], 50thPercentileLatency(us), 298
[READ], 95thPercentileLatency(us), 407
[READ], 99thPercentileLatency(us), 473
[READ], 99.9PercentileLatency(us), 720
[READ], 99.99PercentileLatency(us), 1683
[READ], Return=OK, 5000000
[CLEANUP], Operations, 256
[CLEANUP], AverageLatency(us), 40.8515625
[CLEANUP], MinLatency(us), 10
[CLEANUP], MaxLatency(us), 698
[CLEANUP], 50thPercentileLatency(us), 16
[CLEANUP], 95thPercentileLatency(us), 198
[CLEANUP], 99thPercentileLatency(us), 682
[CLEANUP], 99.9PercentileLatency(us), 698
[CLEANUP], 99.99PercentileLatency(us), 698
[Intended-READ], Operations, 5000000
[Intended-READ], AverageLatency(us), 409.1069474
[Intended-READ], MinLatency(us), 225
[Intended-READ], MaxLatency(us), 90623
[Intended-READ], 50thPercentileLatency(us), 358
[Intended-READ], 95thPercentileLatency(us), 468
[Intended-READ], 99thPercentileLatency(us), 542
[Intended-READ], 99.9PercentileLatency(us), 13503
[Intended-READ], 99.99PercentileLatency(us), 63583
[Intended-CLEANUP], Operations, 256
[Intended-CLEANUP], AverageLatency(us), 41.0546875
[Intended-CLEANUP], MinLatency(us), 10
[Intended-CLEANUP], MaxLatency(us), 698
[Intended-CLEANUP], 50thPercentileLatency(us), 16
[Intended-CLEANUP], 95thPercentileLatency(us), 198
[Intended-CLEANUP], 99thPercentileLatency(us), 683
[Intended-CLEANUP], 99.9PercentileLatency(us), 698
[Intended-CLEANUP], 99.99PercentileLatency(us), 698
