java -cp /mnt/dev/YCSB-hreplace-dist/redis-binding/conf:/mnt/dev/YCSB-hreplace-dist/conf:/mnt/dev/YCSB-hreplace-dist/lib/htrace-core4-4.1.0-incubating.jar:/mnt/dev/YCSB-hreplace-dist/lib/slf4j-api-1.7.25.jar:/mnt/dev/YCSB-hreplace-dist/lib/jackson-mapper-asl-1.9.4.jar:/mnt/dev/YCSB-hreplace-dist/lib/HdrHistogram-2.1.12.jar:/mnt/dev/YCSB-hreplace-dist/lib/jackson-core-asl-1.9.4.jar:/mnt/dev/YCSB-hreplace-dist/lib/jedis-3.9.0.jar:/mnt/dev/YCSB-hreplace-dist/lib/core-0.18.0-SNAPSHOT.jar:/mnt/dev/YCSB-hreplace-dist/lib/commons-pool2-2.11.1.jar:/mnt/dev/YCSB-hreplace-dist/lib/redis-binding-0.18.0-SNAPSHOT.jar site.ycsb.Client -db site.ycsb.db.RedisClient -s -threads 256 -P /mnt/dev/YCSB-hreplace-dist/workloads/workloada -target 100000 -p recordcount=100000000 -p operationcount=1000000 -p fieldcount=10 -p fieldlength=128 -p fieldlengthdistribution=constant -p readallfields=true -p writeallfields=true -p insertorder=hashed -p requestdistribution=uniform -p readproportion=1 -p updateproportion=0 -p insertproportion=0 -p scanproportion=0 -p readmodifywriteproportion=0 -p measurementtype=hdrhistogram -p measurement.interval=both -p hdrhistogram.percentiles=50,95,99,99.9,99.99 -p status.interval=10 -p redis.host=172.16.0.4 -p redis.port=16379 -p redis.scanindex=none -p redis.timeout=10000 -p redis.cluster=false -p redis.updatecommand=keylane.hreplace -t
Command line: -db site.ycsb.db.RedisClient -s -threads 256 -P /mnt/dev/YCSB-hreplace-dist/workloads/workloada -target 100000 -p recordcount=100000000 -p operationcount=1000000 -p fieldcount=10 -p fieldlength=128 -p fieldlengthdistribution=constant -p readallfields=true -p writeallfields=true -p insertorder=hashed -p requestdistribution=uniform -p readproportion=1 -p updateproportion=0 -p insertproportion=0 -p scanproportion=0 -p readmodifywriteproportion=0 -p measurementtype=hdrhistogram -p measurement.interval=both -p hdrhistogram.percentiles=50,95,99,99.9,99.99 -p status.interval=10 -p redis.host=172.16.0.4 -p redis.port=16379 -p redis.scanindex=none -p redis.timeout=10000 -p redis.cluster=false -p redis.updatecommand=keylane.hreplace -t
YCSB Client 0.18.0-SNAPSHOT

Loading workload...
Starting test.
SLF4J: Failed to load class "org.slf4j.impl.StaticLoggerBinder".
SLF4J: Defaulting to no-operation (NOP) logger implementation
SLF4J: See http://www.slf4j.org/codes.html#StaticLoggerBinder for further details.
2026-09-13 16:02:03:786 0 sec: 0 operations; est completion in 0 second 
DBWrapper: report latency for each error is false and specific error codes to track for latency are: []
2026-09-13 16:02:13:694 10 sec: 988261 operations; 98826.1 current ops/sec; est completion in 1 second [READ: Count=988364, Max=43263, Min=209, Avg=322.21, 50=299, 90=384, 99=522, 99.9=1622, 99.99=17119] [Intended-READ: Count=988721, Max=107775, Min=235, Avg=656.92, 50=359, 90=445, 99=1449, 99.9=65439, 99.99=92415] 
2026-09-13 16:02:13:838 10 sec: 1000000 operations; 81520.83 current ops/sec; [READ: Count=11636, Max=1328, Min=219, Avg=310.31, 50=297, 90=376, 99=465, 99.9=586, 99.99=1180] [CLEANUP: Count=256, Max=701, Min=10, Avg=34.25, 50=16, 90=29, 99=644, 99.9=701, 99.99=701] [Intended-READ: Count=11279, Max=1637, Min=246, Avg=368.75, 50=357, 90=436, 99=529, 99.9=648, 99.99=1632] [Intended-CLEANUP: Count=256, Max=702, Min=11, Avg=34.44, 50=16, 90=30, 99=644, 99.9=702, 99.99=702] 
[OVERALL], RunTime(ms), 10143
[OVERALL], Throughput(ops/sec), 98590.16070196194
[TOTAL_GCS_G1_Young_Generation], Count, 20
[TOTAL_GC_TIME_G1_Young_Generation], Time(ms), 20
[TOTAL_GC_TIME_%_G1_Young_Generation], Time(%), 0.19718032140392389
[TOTAL_GCS_G1_Old_Generation], Count, 0
[TOTAL_GC_TIME_G1_Old_Generation], Time(ms), 0
[TOTAL_GC_TIME_%_G1_Old_Generation], Time(%), 0.0
[TOTAL_GCs], Count, 20
[TOTAL_GC_TIME], Time(ms), 20
[TOTAL_GC_TIME_%], Time(%), 0.19718032140392389
[READ], Operations, 1000000
[READ], AverageLatency(us), 322.072592
[READ], MinLatency(us), 209
[READ], MaxLatency(us), 43263
[READ], 50thPercentileLatency(us), 299
[READ], 95thPercentileLatency(us), 413
[READ], 99thPercentileLatency(us), 522
[READ], 99.9PercentileLatency(us), 1613
[READ], 99.99PercentileLatency(us), 16815
[READ], Return=OK, 1000000
[CLEANUP], Operations, 256
[CLEANUP], AverageLatency(us), 34.25
[CLEANUP], MinLatency(us), 10
[CLEANUP], MaxLatency(us), 701
[CLEANUP], 50thPercentileLatency(us), 16
[CLEANUP], 95thPercentileLatency(us), 46
[CLEANUP], 99thPercentileLatency(us), 644
[CLEANUP], 99.9PercentileLatency(us), 701
[CLEANUP], 99.99PercentileLatency(us), 701
[Intended-READ], Operations, 1000000
[Intended-READ], AverageLatency(us), 653.671778
[Intended-READ], MinLatency(us), 235
[Intended-READ], MaxLatency(us), 107775
[Intended-READ], 50thPercentileLatency(us), 359
[Intended-READ], 95thPercentileLatency(us), 477
[Intended-READ], 99thPercentileLatency(us), 1417
[Intended-READ], 99.9PercentileLatency(us), 65151
[Intended-READ], 99.99PercentileLatency(us), 92351
[Intended-CLEANUP], Operations, 256
[Intended-CLEANUP], AverageLatency(us), 34.4375
[Intended-CLEANUP], MinLatency(us), 11
[Intended-CLEANUP], MaxLatency(us), 702
[Intended-CLEANUP], 50thPercentileLatency(us), 16
[Intended-CLEANUP], 95thPercentileLatency(us), 46
[Intended-CLEANUP], 99thPercentileLatency(us), 644
[Intended-CLEANUP], 99.9PercentileLatency(us), 702
[Intended-CLEANUP], 99.99PercentileLatency(us), 702
