java -cp /mnt/dev/YCSB-hreplace-dist/redis-binding/conf:/mnt/dev/YCSB-hreplace-dist/conf:/mnt/dev/YCSB-hreplace-dist/lib/htrace-core4-4.1.0-incubating.jar:/mnt/dev/YCSB-hreplace-dist/lib/slf4j-api-1.7.25.jar:/mnt/dev/YCSB-hreplace-dist/lib/jackson-mapper-asl-1.9.4.jar:/mnt/dev/YCSB-hreplace-dist/lib/HdrHistogram-2.1.12.jar:/mnt/dev/YCSB-hreplace-dist/lib/jackson-core-asl-1.9.4.jar:/mnt/dev/YCSB-hreplace-dist/lib/jedis-3.9.0.jar:/mnt/dev/YCSB-hreplace-dist/lib/core-0.18.0-SNAPSHOT.jar:/mnt/dev/YCSB-hreplace-dist/lib/commons-pool2-2.11.1.jar:/mnt/dev/YCSB-hreplace-dist/lib/redis-binding-0.18.0-SNAPSHOT.jar site.ycsb.Client -db site.ycsb.db.RedisClient -s -threads 256 -P /mnt/dev/YCSB-hreplace-dist/workloads/workloada -target 100000 -p recordcount=100000000 -p operationcount=1000000 -p fieldcount=10 -p fieldlength=128 -p fieldlengthdistribution=constant -p readallfields=true -p writeallfields=true -p insertorder=hashed -p requestdistribution=uniform -p readproportion=0.5 -p updateproportion=0.5 -p insertproportion=0 -p scanproportion=0 -p readmodifywriteproportion=0 -p measurementtype=hdrhistogram -p measurement.interval=both -p hdrhistogram.percentiles=50,95,99,99.9,99.99 -p status.interval=10 -p redis.host=172.16.0.4 -p redis.port=16379 -p redis.scanindex=none -p redis.timeout=10000 -p redis.cluster=false -p redis.updatecommand=hmset -t
Command line: -db site.ycsb.db.RedisClient -s -threads 256 -P /mnt/dev/YCSB-hreplace-dist/workloads/workloada -target 100000 -p recordcount=100000000 -p operationcount=1000000 -p fieldcount=10 -p fieldlength=128 -p fieldlengthdistribution=constant -p readallfields=true -p writeallfields=true -p insertorder=hashed -p requestdistribution=uniform -p readproportion=0.5 -p updateproportion=0.5 -p insertproportion=0 -p scanproportion=0 -p readmodifywriteproportion=0 -p measurementtype=hdrhistogram -p measurement.interval=both -p hdrhistogram.percentiles=50,95,99,99.9,99.99 -p status.interval=10 -p redis.host=172.16.0.4 -p redis.port=16379 -p redis.scanindex=none -p redis.timeout=10000 -p redis.cluster=false -p redis.updatecommand=hmset -t
YCSB Client 0.18.0-SNAPSHOT

Loading workload...
Starting test.
SLF4J: Failed to load class "org.slf4j.impl.StaticLoggerBinder".
SLF4J: Defaulting to no-operation (NOP) logger implementation
SLF4J: See http://www.slf4j.org/codes.html#StaticLoggerBinder for further details.
2026-09-13 15:28:56:199 0 sec: 0 operations; est completion in 0 second 
DBWrapper: report latency for each error is false and specific error codes to track for latency are: []
2026-09-13 15:29:06:155 10 sec: 992592 operations; 99259.2 current ops/sec; est completion in 1 second [READ: Count=496504, Max=27279, Min=174, Avg=316.7, 50=297, 90=351, 99=553, 99.9=3099, 99.99=11903] [UPDATE: Count=496329, Max=27775, Min=177, Avg=327.63, 50=304, 90=360, 99=791, 99.9=3181, 99.99=16559] [Intended-READ: Count=496800, Max=90559, Min=232, Avg=551.09, 50=356, 90=413, 99=1855, 99.9=52863, 99.99=79231] [Intended-UPDATE: Count=496605, Max=90495, Min=214, Avg=557.04, 50=363, 90=421, 99=1971, 99.9=51711, 99.99=80447] 
2026-09-13 15:29:06:252 10 sec: 1000000 operations; 75591.84 current ops/sec; [READ: Count=3628, Max=650, Min=185, Avg=302.49, 50=296, 90=350, 99=428, 99.9=508, 99.99=650] [CLEANUP: Count=256, Max=598, Min=10, Avg=29.61, 50=16, 90=27, 99=582, 99.9=598, 99.99=598] [UPDATE: Count=3539, Max=653, Min=216, Avg=309.32, 50=302, 90=359, 99=463, 99.9=533, 99.99=653] [Intended-READ: Count=3332, Max=797, Min=244, Avg=360.88, 50=355, 90=411, 99=492, 99.9=567, 99.99=797] [Intended-CLEANUP: Count=256, Max=598, Min=10, Avg=29.87, 50=16, 90=28, 99=583, 99.9=598, 99.99=598] [Intended-UPDATE: Count=3263, Max=824, Min=250, Avg=367.18, 50=361, 90=418, 99=518, 99.9=621, 99.99=824] 
[OVERALL], RunTime(ms), 10097
[OVERALL], Throughput(ops/sec), 99039.31860948796
[TOTAL_GCS_G1_Young_Generation], Count, 30
[TOTAL_GC_TIME_G1_Young_Generation], Time(ms), 28
[TOTAL_GC_TIME_%_G1_Young_Generation], Time(%), 0.2773100921065663
[TOTAL_GCS_G1_Old_Generation], Count, 0
[TOTAL_GC_TIME_G1_Old_Generation], Time(ms), 0
[TOTAL_GC_TIME_%_G1_Old_Generation], Time(%), 0.0
[TOTAL_GCs], Count, 30
[TOTAL_GC_TIME], Time(ms), 28
[TOTAL_GC_TIME_%], Time(%), 0.2773100921065663
[READ], Operations, 500132
[READ], AverageLatency(us), 316.6003135172314
[READ], MinLatency(us), 174
[READ], MaxLatency(us), 27279
[READ], 50thPercentileLatency(us), 297
[READ], 95thPercentileLatency(us), 381
[READ], 99thPercentileLatency(us), 549
[READ], 99.9PercentileLatency(us), 3093
[READ], 99.99PercentileLatency(us), 8095
[READ], Return=OK, 500132
[CLEANUP], Operations, 256
[CLEANUP], AverageLatency(us), 29.60546875
[CLEANUP], MinLatency(us), 10
[CLEANUP], MaxLatency(us), 598
[CLEANUP], 50thPercentileLatency(us), 16
[CLEANUP], 95thPercentileLatency(us), 46
[CLEANUP], 99thPercentileLatency(us), 582
[CLEANUP], 99.9PercentileLatency(us), 598
[CLEANUP], 99.99PercentileLatency(us), 598
[UPDATE], Operations, 499868
[UPDATE], AverageLatency(us), 327.5005141357318
[UPDATE], MinLatency(us), 177
[UPDATE], MaxLatency(us), 27775
[UPDATE], 50thPercentileLatency(us), 304
[UPDATE], 95thPercentileLatency(us), 394
[UPDATE], 99thPercentileLatency(us), 783
[UPDATE], 99.9PercentileLatency(us), 3179
[UPDATE], 99.99PercentileLatency(us), 16559
[UPDATE], Return=OK, 499868
[Intended-READ], Operations, 500132
[Intended-READ], AverageLatency(us), 549.8252361376597
[Intended-READ], MinLatency(us), 232
[Intended-READ], MaxLatency(us), 90559
[Intended-READ], 50thPercentileLatency(us), 356
[Intended-READ], 95thPercentileLatency(us), 448
[Intended-READ], 99thPercentileLatency(us), 1834
[Intended-READ], 99.9PercentileLatency(us), 52703
[Intended-READ], 99.99PercentileLatency(us), 79167
[Intended-CLEANUP], Operations, 256
[Intended-CLEANUP], AverageLatency(us), 29.8671875
[Intended-CLEANUP], MinLatency(us), 10
[Intended-CLEANUP], MaxLatency(us), 598
[Intended-CLEANUP], 50thPercentileLatency(us), 16
[Intended-CLEANUP], 95thPercentileLatency(us), 46
[Intended-CLEANUP], 99thPercentileLatency(us), 583
[Intended-CLEANUP], 99.9PercentileLatency(us), 598
[Intended-CLEANUP], 99.99PercentileLatency(us), 598
[Intended-UPDATE], Operations, 499868
[Intended-UPDATE], AverageLatency(us), 555.8054566405531
[Intended-UPDATE], MinLatency(us), 214
[Intended-UPDATE], MaxLatency(us), 90495
[Intended-UPDATE], 50thPercentileLatency(us), 363
[Intended-UPDATE], 95thPercentileLatency(us), 460
[Intended-UPDATE], 99thPercentileLatency(us), 1960
[Intended-UPDATE], 99.9PercentileLatency(us), 51647
[Intended-UPDATE], 99.99PercentileLatency(us), 80447
