java -cp /mnt/dev/YCSB-hreplace-dist/redis-binding/conf:/mnt/dev/YCSB-hreplace-dist/conf:/mnt/dev/YCSB-hreplace-dist/lib/htrace-core4-4.1.0-incubating.jar:/mnt/dev/YCSB-hreplace-dist/lib/slf4j-api-1.7.25.jar:/mnt/dev/YCSB-hreplace-dist/lib/jackson-mapper-asl-1.9.4.jar:/mnt/dev/YCSB-hreplace-dist/lib/HdrHistogram-2.1.12.jar:/mnt/dev/YCSB-hreplace-dist/lib/jackson-core-asl-1.9.4.jar:/mnt/dev/YCSB-hreplace-dist/lib/jedis-3.9.0.jar:/mnt/dev/YCSB-hreplace-dist/lib/core-0.18.0-SNAPSHOT.jar:/mnt/dev/YCSB-hreplace-dist/lib/commons-pool2-2.11.1.jar:/mnt/dev/YCSB-hreplace-dist/lib/redis-binding-0.18.0-SNAPSHOT.jar site.ycsb.Client -db site.ycsb.db.RedisClient -s -threads 256 -P /mnt/dev/YCSB-hreplace-dist/workloads/workloada -target 100000 -p recordcount=100000000 -p operationcount=5000000 -p fieldcount=10 -p fieldlength=128 -p fieldlengthdistribution=constant -p readallfields=true -p writeallfields=true -p insertorder=hashed -p requestdistribution=uniform -p readproportion=0.5 -p updateproportion=0.5 -p insertproportion=0 -p scanproportion=0 -p readmodifywriteproportion=0 -p measurementtype=hdrhistogram -p measurement.interval=both -p hdrhistogram.percentiles=50,95,99,99.9,99.99 -p status.interval=10 -p redis.host=172.16.0.4 -p redis.port=16379 -p redis.scanindex=none -p redis.timeout=10000 -p redis.cluster=false -p redis.updatecommand=keylane.hreplace -t
Command line: -db site.ycsb.db.RedisClient -s -threads 256 -P /mnt/dev/YCSB-hreplace-dist/workloads/workloada -target 100000 -p recordcount=100000000 -p operationcount=5000000 -p fieldcount=10 -p fieldlength=128 -p fieldlengthdistribution=constant -p readallfields=true -p writeallfields=true -p insertorder=hashed -p requestdistribution=uniform -p readproportion=0.5 -p updateproportion=0.5 -p insertproportion=0 -p scanproportion=0 -p readmodifywriteproportion=0 -p measurementtype=hdrhistogram -p measurement.interval=both -p hdrhistogram.percentiles=50,95,99,99.9,99.99 -p status.interval=10 -p redis.host=172.16.0.4 -p redis.port=16379 -p redis.scanindex=none -p redis.timeout=10000 -p redis.cluster=false -p redis.updatecommand=keylane.hreplace -t
YCSB Client 0.18.0-SNAPSHOT

Loading workload...
Starting test.
SLF4J: Failed to load class "org.slf4j.impl.StaticLoggerBinder".
SLF4J: Defaulting to no-operation (NOP) logger implementation
SLF4J: See http://www.slf4j.org/codes.html#StaticLoggerBinder for further details.
DBWrapper: report latency for each error is false and specific error codes to track for latency are: []
2026-09-13 16:13:52:843 0 sec: 0 operations; est completion in 0 second 
2026-09-13 16:14:02:798 10 sec: 993376 operations; 99337.6 current ops/sec; est completion in 41 seconds [READ: Count=496333, Max=11175, Min=176, Avg=320.8, 50=296, 90=354, 99=729, 99.9=3909, 99.99=8295] [UPDATE: Count=497337, Max=26767, Min=150, Avg=241.62, 50=217, 90=275, 99=736, 99.9=2981, 99.99=6739] [Intended-READ: Count=496633, Max=97023, Min=206, Avg=474.13, 50=355, 90=417, 99=1652, 99.9=37695, 99.99=76863] [Intended-UPDATE: Count=497502, Max=95231, Min=173, Avg=401.17, 50=277, 90=338, 99=1479, 99.9=40959, 99.99=76415] 
2026-09-13 16:14:12:798 20 sec: 1993376 operations; 100000 current ops/sec; est completion in 31 seconds [READ: Count=499787, Max=10623, Min=165, Avg=318.13, 50=296, 90=350, 99=567, 99.9=4085, 99.99=7923] [UPDATE: Count=500076, Max=5103, Min=148, Avg=231.95, 50=217, 90=269, 99=403, 99.9=2211, 99.99=3605] [Intended-READ: Count=499645, Max=11959, Min=215, Avg=381.03, 50=355, 90=411, 99=915, 99.9=4831, 99.99=8175] [Intended-UPDATE: Count=500019, Max=9671, Min=173, Avg=295, 50=277, 90=330, 99=592, 99.9=2793, 99.99=5587] 
2026-09-13 16:14:22:798 30 sec: 2993357 operations; 99998.1 current ops/sec; est completion in 21 seconds [READ: Count=499492, Max=8727, Min=176, Avg=315.96, 50=296, 90=353, 99=537, 99.9=3279, 99.99=6503] [UPDATE: Count=500443, Max=4539, Min=149, Avg=232.32, 50=217, 90=272, 99=405, 99.9=2247, 99.99=3551] [Intended-READ: Count=499408, Max=9527, Min=210, Avg=377.23, 50=355, 90=414, 99=800, 99.9=3629, 99.99=6843] [Intended-UPDATE: Count=500425, Max=9567, Min=171, Avg=293.59, 50=277, 90=333, 99=522, 99.9=2501, 99.99=4343] 
2026-09-13 16:14:32:798 40 sec: 3993359 operations; 100000.2 current ops/sec; est completion in 11 seconds [READ: Count=499893, Max=11999, Min=168, Avg=320.25, 50=296, 90=351, 99=606, 99.9=4515, 99.99=7843] [UPDATE: Count=500106, Max=5483, Min=150, Avg=232.49, 50=217, 90=269, 99=410, 99.9=2303, 99.99=3703] [Intended-READ: Count=499917, Max=12023, Min=196, Avg=384.29, 50=355, 90=412, 99=976, 99.9=5351, 99.99=8319] [Intended-UPDATE: Count=500130, Max=9999, Min=174, Avg=296.29, 50=277, 90=331, 99=594, 99.9=3083, 99.99=6239] 
2026-09-13 16:14:42:798 50 sec: 4993371 operations; 100001.2 current ops/sec; est completion in 1 second [READ: Count=500613, Max=9663, Min=171, Avg=316.17, 50=296, 90=353, 99=553, 99.9=3199, 99.99=6491] [UPDATE: Count=499456, Max=6651, Min=149, Avg=232.84, 50=217, 90=272, 99=411, 99.9=2307, 99.99=3785] [Intended-READ: Count=500643, Max=9719, Min=206, Avg=377.37, 50=355, 90=414, 99=849, 99.9=3505, 99.99=6795] [Intended-UPDATE: Count=499433, Max=7935, Min=168, Avg=294.33, 50=277, 90=333, 99=552, 99.9=2641, 99.99=4663] 
2026-09-13 16:14:42:889 50 sec: 5000000 operations; 72054.35 current ops/sec; [READ: Count=3294, Max=1370, Min=227, Avg=304.4, 50=293, 90=359, 99=468, 99.9=1087, 99.99=1370] [CLEANUP: Count=256, Max=789, Min=10, Avg=44.54, 50=18, 90=34, 99=761, 99.9=789, 99.99=789] [UPDATE: Count=3170, Max=463, Min=160, Avg=226.88, 50=216, 90=287, 99=377, 99.9=446, 99.99=463] [Intended-READ: Count=3166, Max=617, Min=250, Avg=361.55, 50=352, 90=418, 99=518, 99.9=589, 99.99=617] [Intended-CLEANUP: Count=256, Max=789, Min=10, Avg=44.72, 50=18, 90=34, 99=761, 99.9=789, 99.99=789] [Intended-UPDATE: Count=3079, Max=639, Min=191, Avg=286.58, 50=277, 90=349, 99=443, 99.9=510, 99.99=639] 
[OVERALL], RunTime(ms), 50091
[OVERALL], Throughput(ops/sec), 99818.3306382384
[TOTAL_GCS_G1_Young_Generation], Count, 136
[TOTAL_GC_TIME_G1_Young_Generation], Time(ms), 104
[TOTAL_GC_TIME_%_G1_Young_Generation], Time(%), 0.2076221277275359
[TOTAL_GCS_G1_Old_Generation], Count, 0
[TOTAL_GC_TIME_G1_Old_Generation], Time(ms), 0
[TOTAL_GC_TIME_%_G1_Old_Generation], Time(%), 0.0
[TOTAL_GCs], Count, 136
[TOTAL_GC_TIME], Time(ms), 104
[TOTAL_GC_TIME_%], Time(%), 0.2076221277275359
[READ], Operations, 2499412
[READ], AverageLatency(us), 318.2396703704711
[READ], MinLatency(us), 165
[READ], MaxLatency(us), 11999
[READ], 50thPercentileLatency(us), 296
[READ], 95thPercentileLatency(us), 387
[READ], 99thPercentileLatency(us), 596
[READ], 99.9PercentileLatency(us), 3769
[READ], 99.99PercentileLatency(us), 7583
[READ], Return=OK, 2499412
[CLEANUP], Operations, 256
[CLEANUP], AverageLatency(us), 44.5390625
[CLEANUP], MinLatency(us), 10
[CLEANUP], MaxLatency(us), 789
[CLEANUP], 50thPercentileLatency(us), 18
[CLEANUP], 95thPercentileLatency(us), 143
[CLEANUP], 99thPercentileLatency(us), 761
[CLEANUP], 99.9PercentileLatency(us), 789
[CLEANUP], 99.99PercentileLatency(us), 789
[UPDATE], Operations, 2500588
[UPDATE], AverageLatency(us), 234.22712418039276
[UPDATE], MinLatency(us), 148
[UPDATE], MaxLatency(us), 26767
[UPDATE], 50thPercentileLatency(us), 217
[UPDATE], 95thPercentileLatency(us), 306
[UPDATE], 99thPercentileLatency(us), 427
[UPDATE], 99.9PercentileLatency(us), 2427
[UPDATE], 99.99PercentileLatency(us), 4163
[UPDATE], Return=OK, 2500588
[Intended-READ], Operations, 2499412
[Intended-READ], AverageLatency(us), 398.6617388409754
[Intended-READ], MinLatency(us), 196
[Intended-READ], MaxLatency(us), 97023
[Intended-READ], 50thPercentileLatency(us), 355
[Intended-READ], 95thPercentileLatency(us), 450
[Intended-READ], 99thPercentileLatency(us), 1013
[Intended-READ], 99.9PercentileLatency(us), 5647
[Intended-READ], 99.99PercentileLatency(us), 56223
[Intended-CLEANUP], Operations, 256
[Intended-CLEANUP], AverageLatency(us), 44.72265625
[Intended-CLEANUP], MinLatency(us), 10
[Intended-CLEANUP], MaxLatency(us), 789
[Intended-CLEANUP], 50thPercentileLatency(us), 18
[Intended-CLEANUP], 95thPercentileLatency(us), 144
[Intended-CLEANUP], 99thPercentileLatency(us), 761
[Intended-CLEANUP], 99.9PercentileLatency(us), 789
[Intended-CLEANUP], 99.99PercentileLatency(us), 789
[Intended-UPDATE], Operations, 2500588
[Intended-UPDATE], AverageLatency(us), 315.9567013838345
[Intended-UPDATE], MinLatency(us), 168
[Intended-UPDATE], MaxLatency(us), 95231
[Intended-UPDATE], 50thPercentileLatency(us), 277
[Intended-UPDATE], 95thPercentileLatency(us), 369
[Intended-UPDATE], 99thPercentileLatency(us), 734
[Intended-UPDATE], 99.9PercentileLatency(us), 3941
[Intended-UPDATE], 99.99PercentileLatency(us), 57695
