java -cp /mnt/dev/YCSB-aerospike-dist/aerospike-binding/conf:/mnt/dev/YCSB-aerospike-dist/conf:/mnt/dev/YCSB-aerospike-dist/lib/aerospike-client-3.1.2.jar:/mnt/dev/YCSB-aerospike-dist/lib/htrace-core4-4.1.0-incubating.jar:/mnt/dev/YCSB-aerospike-dist/lib/jbcrypt-0.3m.jar:/mnt/dev/YCSB-aerospike-dist/lib/jackson-mapper-asl-1.9.4.jar:/mnt/dev/YCSB-aerospike-dist/lib/aerospike-binding-0.18.0-SNAPSHOT.jar:/mnt/dev/YCSB-aerospike-dist/lib/HdrHistogram-2.1.12.jar:/mnt/dev/YCSB-aerospike-dist/lib/jackson-core-asl-1.9.4.jar:/mnt/dev/YCSB-aerospike-dist/lib/core-0.18.0-SNAPSHOT.jar:/mnt/dev/YCSB-aerospike-dist/lib/luaj-jse-3.0.jar:/mnt/dev/YCSB-aerospike-dist/lib/gnu-crypto-2.0.1.jar site.ycsb.Client -db site.ycsb.db.AerospikeClient -s -threads 256 -P /mnt/dev/YCSB-aerospike-dist/workloads/workloada -p recordcount=100000000 -p operationcount=5000000 -p fieldcount=10 -p fieldlength=128 -p fieldlengthdistribution=constant -p readallfields=true -p writeallfields=true -p insertorder=hashed -p requestdistribution=uniform -p readproportion=0.5 -p updateproportion=0.5 -p insertproportion=0 -p scanproportion=0 -p readmodifywriteproportion=0 -p measurementtype=hdrhistogram -p measurement.interval=both -p hdrhistogram.percentiles=50,95,99,99.9,99.99 -p status.interval=10 -p as.host=172.16.0.4 -p as.port=3000 -p as.namespace=ycsb -p as.timeout=10000 -t
Command line: -db site.ycsb.db.AerospikeClient -s -threads 256 -P /mnt/dev/YCSB-aerospike-dist/workloads/workloada -p recordcount=100000000 -p operationcount=5000000 -p fieldcount=10 -p fieldlength=128 -p fieldlengthdistribution=constant -p readallfields=true -p writeallfields=true -p insertorder=hashed -p requestdistribution=uniform -p readproportion=0.5 -p updateproportion=0.5 -p insertproportion=0 -p scanproportion=0 -p readmodifywriteproportion=0 -p measurementtype=hdrhistogram -p measurement.interval=both -p hdrhistogram.percentiles=50,95,99,99.9,99.99 -p status.interval=10 -p as.host=172.16.0.4 -p as.port=3000 -p as.namespace=ycsb -p as.timeout=10000 -t
YCSB Client 0.18.0-SNAPSHOT

Loading workload...
Starting test.
2026-09-13 16:43:56:407 0 sec: 0 operations; est completion in 0 second 
DBWrapper: report latency for each error is false and specific error codes to track for latency are: []
2026-09-13 16:44:06:330 10 sec: 4481233 operations; 448123.3 current ops/sec; est completion in 2 second [READ: Count=2240354, Max=234111, Min=170, Avg=593.24, 50=471, 90=749, 99=3193, 99.9=12479, 99.99=29327] [CLEANUP: Count=1, Max=455, Min=455, Avg=455, 50=455, 90=455, 99=455, 99.9=455, 99.99=455] [UPDATE: Count=2245684, Max=194431, Min=155, Avg=467.97, 50=357, 90=612, 99=2663, 99.9=11047, 99.99=24639] [Intended-READ: Count=2247163, Max=234111, Min=170, Avg=593.24, 50=472, 90=749, 99=3189, 99.9=12479, 99.99=29327] [Intended-CLEANUP: Count=1, Max=464, Min=464, Avg=464, 50=464, 90=464, 99=464, 99.9=464, 99.99=464] [Intended-UPDATE: Count=2250090, Max=194431, Min=155, Avg=468.01, 50=357, 90=612, 99=2663, 99.9=11039, 99.99=24623] 
2026-09-13 16:44:07:838 11 sec: 5000000 operations; 344238.22 current ops/sec; [READ: Count=259245, Max=40927, Min=164, Avg=519.2, 50=412, 90=647, 99=2763, 99.9=12383, 99.99=28191] [CLEANUP: Count=255, Max=857, Min=25, Avg=63.16, 50=47, 90=99, 99=310, 99.9=857, 99.99=857] [UPDATE: Count=254717, Max=40639, Min=154, Avg=403.8, 50=311, 90=515, 99=2101, 99.9=10935, 99.99=27839] [Intended-READ: Count=252436, Max=40927, Min=164, Avg=517.62, 50=411, 90=644, 99=2787, 99.9=12319, 99.99=28191] [Intended-CLEANUP: Count=255, Max=857, Min=25, Avg=63.62, 50=48, 90=100, 99=311, 99.9=857, 99.99=857] [Intended-UPDATE: Count=250311, Max=40639, Min=154, Avg=402.78, 50=311, 90=512, 99=2081, 99.9=10999, 99.99=27839] 
[OVERALL], RunTime(ms), 11508
[OVERALL], Throughput(ops/sec), 434480.36148766073
[TOTAL_GCS_G1_Young_Generation], Count, 49
[TOTAL_GC_TIME_G1_Young_Generation], Time(ms), 79
[TOTAL_GC_TIME_%_G1_Young_Generation], Time(%), 0.686478971150504
[TOTAL_GCS_G1_Old_Generation], Count, 0
[TOTAL_GC_TIME_G1_Old_Generation], Time(ms), 0
[TOTAL_GC_TIME_%_G1_Old_Generation], Time(%), 0.0
[TOTAL_GCs], Count, 49
[TOTAL_GC_TIME], Time(ms), 79
[TOTAL_GC_TIME_%], Time(%), 0.686478971150504
[READ], Operations, 2499599
[READ], AverageLatency(us), 585.5630835185964
[READ], MinLatency(us), 164
[READ], MaxLatency(us), 234111
[READ], 50thPercentileLatency(us), 465
[READ], 95thPercentileLatency(us), 916
[READ], 99thPercentileLatency(us), 3149
[READ], 99.9PercentileLatency(us), 12447
[READ], 99.99PercentileLatency(us), 28831
[READ], Return=OK, 2499599
[CLEANUP], Operations, 256
[CLEANUP], AverageLatency(us), 64.69140625
[CLEANUP], MinLatency(us), 25
[CLEANUP], MaxLatency(us), 857
[CLEANUP], 50thPercentileLatency(us), 47
[CLEANUP], 95thPercentileLatency(us), 150
[CLEANUP], 99thPercentileLatency(us), 332
[CLEANUP], 99.9PercentileLatency(us), 857
[CLEANUP], 99.99PercentileLatency(us), 857
[UPDATE], Operations, 2500401
[UPDATE], AverageLatency(us), 461.43659956942906
[UPDATE], MinLatency(us), 154
[UPDATE], MaxLatency(us), 194431
[UPDATE], 50thPercentileLatency(us), 353
[UPDATE], 95thPercentileLatency(us), 780
[UPDATE], 99thPercentileLatency(us), 2613
[UPDATE], 99.9PercentileLatency(us), 11039
[UPDATE], 99.99PercentileLatency(us), 24799
[UPDATE], Return=OK, 2500401
[Intended-READ], Operations, 2499599
[Intended-READ], AverageLatency(us), 585.6037548422767
[Intended-READ], MinLatency(us), 164
[Intended-READ], MaxLatency(us), 234111
[Intended-READ], 50thPercentileLatency(us), 465
[Intended-READ], 95thPercentileLatency(us), 916
[Intended-READ], 99thPercentileLatency(us), 3149
[Intended-READ], 99.9PercentileLatency(us), 12447
[Intended-READ], 99.99PercentileLatency(us), 28831
[Intended-CLEANUP], Operations, 256
[Intended-CLEANUP], AverageLatency(us), 65.1796875
[Intended-CLEANUP], MinLatency(us), 25
[Intended-CLEANUP], MaxLatency(us), 857
[Intended-CLEANUP], 50thPercentileLatency(us), 48
[Intended-CLEANUP], 95thPercentileLatency(us), 151
[Intended-CLEANUP], 99thPercentileLatency(us), 333
[Intended-CLEANUP], 99.9PercentileLatency(us), 857
[Intended-CLEANUP], 99.99PercentileLatency(us), 857
[Intended-UPDATE], Operations, 2500401
[Intended-UPDATE], AverageLatency(us), 461.47926392606627
[Intended-UPDATE], MinLatency(us), 154
[Intended-UPDATE], MaxLatency(us), 194431
[Intended-UPDATE], 50thPercentileLatency(us), 353
[Intended-UPDATE], 95thPercentileLatency(us), 780
[Intended-UPDATE], 99thPercentileLatency(us), 2613
[Intended-UPDATE], 99.9PercentileLatency(us), 11039
[Intended-UPDATE], 99.99PercentileLatency(us), 24799
