java -cp /mnt/dev/YCSB-hreplace-dist/redis-binding/conf:/mnt/dev/YCSB-hreplace-dist/conf:/mnt/dev/YCSB-hreplace-dist/lib/htrace-core4-4.1.0-incubating.jar:/mnt/dev/YCSB-hreplace-dist/lib/slf4j-api-1.7.25.jar:/mnt/dev/YCSB-hreplace-dist/lib/jackson-mapper-asl-1.9.4.jar:/mnt/dev/YCSB-hreplace-dist/lib/HdrHistogram-2.1.12.jar:/mnt/dev/YCSB-hreplace-dist/lib/jackson-core-asl-1.9.4.jar:/mnt/dev/YCSB-hreplace-dist/lib/jedis-3.9.0.jar:/mnt/dev/YCSB-hreplace-dist/lib/core-0.18.0-SNAPSHOT.jar:/mnt/dev/YCSB-hreplace-dist/lib/commons-pool2-2.11.1.jar:/mnt/dev/YCSB-hreplace-dist/lib/redis-binding-0.18.0-SNAPSHOT.jar site.ycsb.Client -db site.ycsb.db.RedisClient -s -threads 256 -P /mnt/dev/YCSB-hreplace-dist/workloads/workloada -p recordcount=100000000 -p operationcount=5000000 -p fieldcount=10 -p fieldlength=128 -p fieldlengthdistribution=constant -p readallfields=true -p writeallfields=true -p insertorder=hashed -p requestdistribution=uniform -p readproportion=1 -p updateproportion=0 -p insertproportion=0 -p scanproportion=0 -p readmodifywriteproportion=0 -p measurementtype=hdrhistogram -p measurement.interval=both -p hdrhistogram.percentiles=50,95,99,99.9,99.99 -p status.interval=10 -p redis.host=172.16.0.4 -p redis.port=16379 -p redis.scanindex=none -p redis.timeout=10000 -p redis.cluster=false -p redis.updatecommand=hmset -t
Command line: -db site.ycsb.db.RedisClient -s -threads 256 -P /mnt/dev/YCSB-hreplace-dist/workloads/workloada -p recordcount=100000000 -p operationcount=5000000 -p fieldcount=10 -p fieldlength=128 -p fieldlengthdistribution=constant -p readallfields=true -p writeallfields=true -p insertorder=hashed -p requestdistribution=uniform -p readproportion=1 -p updateproportion=0 -p insertproportion=0 -p scanproportion=0 -p readmodifywriteproportion=0 -p measurementtype=hdrhistogram -p measurement.interval=both -p hdrhistogram.percentiles=50,95,99,99.9,99.99 -p status.interval=10 -p redis.host=172.16.0.4 -p redis.port=16379 -p redis.scanindex=none -p redis.timeout=10000 -p redis.cluster=false -p redis.updatecommand=hmset -t
YCSB Client 0.18.0-SNAPSHOT

Loading workload...
Starting test.
SLF4J: Failed to load class "org.slf4j.impl.StaticLoggerBinder".
SLF4J: Defaulting to no-operation (NOP) logger implementation
SLF4J: See http://www.slf4j.org/codes.html#StaticLoggerBinder for further details.
2026-09-13 14:53:05:686 0 sec: 0 operations; est completion in 0 second 
DBWrapper: report latency for each error is false and specific error codes to track for latency are: []
2026-09-13 14:53:15:665 10 sec: 4991361 operations; 499136.1 current ops/sec; est completion in 1 second [READ: Count=4991396, Max=58847, Min=220, Avg=473.16, 50=452, 90=580, 99=795, 99.9=3371, 99.99=10239] [CLEANUP: Count=236, Max=782, Min=14, Avg=46.81, 50=34, 90=81, 99=137, 99.9=782, 99.99=782] [Intended-READ: Count=4991653, Max=58847, Min=220, Avg=473.19, 50=452, 90=580, 99=795, 99.9=3371, 99.99=10239] [Intended-CLEANUP: Count=236, Max=783, Min=14, Avg=47.48, 50=35, 90=83, 99=138, 99.9=783, 99.99=783] 
2026-09-13 14:53:16:057 10 sec: 5000000 operations; 22038.27 current ops/sec; [READ: Count=8604, Max=575, Min=225, Avg=333.73, 50=327, 90=395, 99=451, 99.9=501, 99.99=575] [CLEANUP: Count=20, Max=91, Min=14, Avg=24.4, 50=20, 90=26, 99=91, 99.9=91, 99.99=91] [Intended-READ: Count=8347, Max=575, Min=225, Avg=333.18, 50=326, 90=395, 99=452, 99.9=501, 99.99=575] [Intended-CLEANUP: Count=20, Max=91, Min=14, Avg=24.55, 50=20, 90=26, 99=91, 99.9=91, 99.99=91] 
[OVERALL], RunTime(ms), 10392
[OVERALL], Throughput(ops/sec), 481139.337952271
[TOTAL_GCS_G1_Young_Generation], Count, 44
[TOTAL_GC_TIME_G1_Young_Generation], Time(ms), 51
[TOTAL_GC_TIME_%_G1_Young_Generation], Time(%), 0.4907621247113164
[TOTAL_GCS_G1_Old_Generation], Count, 0
[TOTAL_GC_TIME_G1_Old_Generation], Time(ms), 0
[TOTAL_GC_TIME_%_G1_Old_Generation], Time(%), 0.0
[TOTAL_GCs], Count, 44
[TOTAL_GC_TIME], Time(ms), 51
[TOTAL_GC_TIME_%], Time(%), 0.4907621247113164
[READ], Operations, 5000000
[READ], AverageLatency(us), 472.9219212
[READ], MinLatency(us), 220
[READ], MaxLatency(us), 58847
[READ], 50thPercentileLatency(us), 452
[READ], 95thPercentileLatency(us), 631
[READ], 99thPercentileLatency(us), 795
[READ], 99.9PercentileLatency(us), 3367
[READ], 99.99PercentileLatency(us), 10223
[READ], Return=OK, 5000000
[CLEANUP], Operations, 256
[CLEANUP], AverageLatency(us), 45.05859375
[CLEANUP], MinLatency(us), 14
[CLEANUP], MaxLatency(us), 782
[CLEANUP], 50thPercentileLatency(us), 32
[CLEANUP], 95thPercentileLatency(us), 99
[CLEANUP], 99thPercentileLatency(us), 137
[CLEANUP], 99.9PercentileLatency(us), 782
[CLEANUP], 99.99PercentileLatency(us), 782
[Intended-READ], Operations, 5000000
[Intended-READ], AverageLatency(us), 472.9592748
[Intended-READ], MinLatency(us), 220
[Intended-READ], MaxLatency(us), 58847
[Intended-READ], 50thPercentileLatency(us), 452
[Intended-READ], 95thPercentileLatency(us), 631
[Intended-READ], 99thPercentileLatency(us), 795
[Intended-READ], 99.9PercentileLatency(us), 3367
[Intended-READ], 99.99PercentileLatency(us), 10223
[Intended-CLEANUP], Operations, 256
[Intended-CLEANUP], AverageLatency(us), 45.6875
[Intended-CLEANUP], MinLatency(us), 14
[Intended-CLEANUP], MaxLatency(us), 783
[Intended-CLEANUP], 50thPercentileLatency(us), 32
[Intended-CLEANUP], 95thPercentileLatency(us), 100
[Intended-CLEANUP], 99thPercentileLatency(us), 138
[Intended-CLEANUP], 99.9PercentileLatency(us), 783
[Intended-CLEANUP], 99.99PercentileLatency(us), 783
