java -cp /mnt/dev/YCSB-aerospike-dist/aerospike-binding/conf:/mnt/dev/YCSB-aerospike-dist/conf:/mnt/dev/YCSB-aerospike-dist/lib/aerospike-client-3.1.2.jar:/mnt/dev/YCSB-aerospike-dist/lib/htrace-core4-4.1.0-incubating.jar:/mnt/dev/YCSB-aerospike-dist/lib/jbcrypt-0.3m.jar:/mnt/dev/YCSB-aerospike-dist/lib/jackson-mapper-asl-1.9.4.jar:/mnt/dev/YCSB-aerospike-dist/lib/aerospike-binding-0.18.0-SNAPSHOT.jar:/mnt/dev/YCSB-aerospike-dist/lib/HdrHistogram-2.1.12.jar:/mnt/dev/YCSB-aerospike-dist/lib/jackson-core-asl-1.9.4.jar:/mnt/dev/YCSB-aerospike-dist/lib/core-0.18.0-SNAPSHOT.jar:/mnt/dev/YCSB-aerospike-dist/lib/luaj-jse-3.0.jar:/mnt/dev/YCSB-aerospike-dist/lib/gnu-crypto-2.0.1.jar site.ycsb.Client -db site.ycsb.db.AerospikeClient -s -threads 256 -P /mnt/dev/YCSB-aerospike-dist/workloads/workloada -target 100000 -p recordcount=100000000 -p operationcount=1000000 -p fieldcount=10 -p fieldlength=128 -p fieldlengthdistribution=constant -p readallfields=true -p writeallfields=true -p insertorder=hashed -p requestdistribution=uniform -p readproportion=1 -p updateproportion=0 -p insertproportion=0 -p scanproportion=0 -p readmodifywriteproportion=0 -p measurementtype=hdrhistogram -p measurement.interval=both -p hdrhistogram.percentiles=50,95,99,99.9,99.99 -p status.interval=10 -p as.host=172.16.0.4 -p as.port=3000 -p as.namespace=ycsb -p as.timeout=10000 -t
Command line: -db site.ycsb.db.AerospikeClient -s -threads 256 -P /mnt/dev/YCSB-aerospike-dist/workloads/workloada -target 100000 -p recordcount=100000000 -p operationcount=1000000 -p fieldcount=10 -p fieldlength=128 -p fieldlengthdistribution=constant -p readallfields=true -p writeallfields=true -p insertorder=hashed -p requestdistribution=uniform -p readproportion=1 -p updateproportion=0 -p insertproportion=0 -p scanproportion=0 -p readmodifywriteproportion=0 -p measurementtype=hdrhistogram -p measurement.interval=both -p hdrhistogram.percentiles=50,95,99,99.9,99.99 -p status.interval=10 -p as.host=172.16.0.4 -p as.port=3000 -p as.namespace=ycsb -p as.timeout=10000 -t
YCSB Client 0.18.0-SNAPSHOT

Loading workload...
Starting test.
2026-09-13 16:38:42:143 0 sec: 0 operations; est completion in 0 second 
DBWrapper: report latency for each error is false and specific error codes to track for latency are: []
2026-09-13 16:38:52:095 10 sec: 981984 operations; 98198.4 current ops/sec; est completion in 1 second [READ: Count=982060, Max=58975, Min=210, Avg=300.43, 50=281, 90=355, 99=463, 99.9=920, 99.99=30671] [Intended-READ: Count=982579, Max=59487, Min=228, Avg=431.54, 50=341, 90=416, 99=563, 99.9=30207, 99.99=51583] 
2026-09-13 16:38:52:329 10 sec: 1000000 operations; 76991.45 current ops/sec; [READ: Count=17940, Max=1277, Min=215, Avg=282.26, 50=275, 90=329, 99=415, 99.9=504, 99.99=743] [CLEANUP: Count=256, Max=308, Min=18, Avg=40.13, 50=31, 90=62, 99=203, 99.9=308, 99.99=308] [Intended-READ: Count=17421, Max=1337, Min=239, Avg=340, 50=333, 90=388, 99=472, 99.9=562, 99.99=919] [Intended-CLEANUP: Count=256, Max=309, Min=18, Avg=40.32, 50=31, 90=63, 99=204, 99.9=309, 99.99=309] 
[OVERALL], RunTime(ms), 10234
[OVERALL], Throughput(ops/sec), 97713.50400625366
[TOTAL_GCS_G1_Young_Generation], Count, 16
[TOTAL_GC_TIME_G1_Young_Generation], Time(ms), 23
[TOTAL_GC_TIME_%_G1_Young_Generation], Time(%), 0.22474105921438345
[TOTAL_GCS_G1_Old_Generation], Count, 0
[TOTAL_GC_TIME_G1_Old_Generation], Time(ms), 0
[TOTAL_GC_TIME_%_G1_Old_Generation], Time(%), 0.0
[TOTAL_GCs], Count, 16
[TOTAL_GC_TIME], Time(ms), 23
[TOTAL_GC_TIME_%], Time(%), 0.22474105921438345
[READ], Operations, 1000000
[READ], AverageLatency(us), 300.103006
[READ], MinLatency(us), 210
[READ], MaxLatency(us), 58975
[READ], 50thPercentileLatency(us), 281
[READ], 95thPercentileLatency(us), 385
[READ], 99thPercentileLatency(us), 462
[READ], 99.9PercentileLatency(us), 892
[READ], 99.99PercentileLatency(us), 30495
[READ], Return=OK, 1000000
[CLEANUP], Operations, 256
[CLEANUP], AverageLatency(us), 40.12890625
[CLEANUP], MinLatency(us), 18
[CLEANUP], MaxLatency(us), 308
[CLEANUP], 50thPercentileLatency(us), 31
[CLEANUP], 95thPercentileLatency(us), 80
[CLEANUP], 99thPercentileLatency(us), 203
[CLEANUP], 99.9PercentileLatency(us), 308
[CLEANUP], 99.99PercentileLatency(us), 308
[Intended-READ], Operations, 1000000
[Intended-READ], AverageLatency(us), 429.94295
[Intended-READ], MinLatency(us), 228
[Intended-READ], MaxLatency(us), 59487
[Intended-READ], 50thPercentileLatency(us), 340
[Intended-READ], 95thPercentileLatency(us), 448
[Intended-READ], 99thPercentileLatency(us), 561
[Intended-READ], 99.9PercentileLatency(us), 29951
[Intended-READ], 99.99PercentileLatency(us), 51551
[Intended-CLEANUP], Operations, 256
[Intended-CLEANUP], AverageLatency(us), 40.3203125
[Intended-CLEANUP], MinLatency(us), 18
[Intended-CLEANUP], MaxLatency(us), 309
[Intended-CLEANUP], 50thPercentileLatency(us), 31
[Intended-CLEANUP], 95thPercentileLatency(us), 81
[Intended-CLEANUP], 99thPercentileLatency(us), 204
[Intended-CLEANUP], 99.9PercentileLatency(us), 309
[Intended-CLEANUP], 99.99PercentileLatency(us), 309
