java -cp /mnt/dev/YCSB-hreplace-dist/redis-binding/conf:/mnt/dev/YCSB-hreplace-dist/conf:/mnt/dev/YCSB-hreplace-dist/lib/htrace-core4-4.1.0-incubating.jar:/mnt/dev/YCSB-hreplace-dist/lib/slf4j-api-1.7.25.jar:/mnt/dev/YCSB-hreplace-dist/lib/jackson-mapper-asl-1.9.4.jar:/mnt/dev/YCSB-hreplace-dist/lib/HdrHistogram-2.1.12.jar:/mnt/dev/YCSB-hreplace-dist/lib/jackson-core-asl-1.9.4.jar:/mnt/dev/YCSB-hreplace-dist/lib/jedis-3.9.0.jar:/mnt/dev/YCSB-hreplace-dist/lib/core-0.18.0-SNAPSHOT.jar:/mnt/dev/YCSB-hreplace-dist/lib/commons-pool2-2.11.1.jar:/mnt/dev/YCSB-hreplace-dist/lib/redis-binding-0.18.0-SNAPSHOT.jar site.ycsb.Client -db site.ycsb.db.RedisClient -s -threads 256 -P /mnt/dev/YCSB-hreplace-dist/workloads/workloada -target 100000 -p recordcount=100000000 -p operationcount=1000000 -p fieldcount=10 -p fieldlength=128 -p fieldlengthdistribution=constant -p readallfields=true -p writeallfields=true -p insertorder=hashed -p requestdistribution=uniform -p readproportion=0.5 -p updateproportion=0.5 -p insertproportion=0 -p scanproportion=0 -p readmodifywriteproportion=0 -p measurementtype=hdrhistogram -p measurement.interval=both -p hdrhistogram.percentiles=50,95,99,99.9,99.99 -p status.interval=10 -p redis.host=172.16.0.4 -p redis.port=16379 -p redis.scanindex=none -p redis.timeout=10000 -p redis.cluster=false -p redis.updatecommand=keylane.hreplace -t
Command line: -db site.ycsb.db.RedisClient -s -threads 256 -P /mnt/dev/YCSB-hreplace-dist/workloads/workloada -target 100000 -p recordcount=100000000 -p operationcount=1000000 -p fieldcount=10 -p fieldlength=128 -p fieldlengthdistribution=constant -p readallfields=true -p writeallfields=true -p insertorder=hashed -p requestdistribution=uniform -p readproportion=0.5 -p updateproportion=0.5 -p insertproportion=0 -p scanproportion=0 -p readmodifywriteproportion=0 -p measurementtype=hdrhistogram -p measurement.interval=both -p hdrhistogram.percentiles=50,95,99,99.9,99.99 -p status.interval=10 -p redis.host=172.16.0.4 -p redis.port=16379 -p redis.scanindex=none -p redis.timeout=10000 -p redis.cluster=false -p redis.updatecommand=keylane.hreplace -t
YCSB Client 0.18.0-SNAPSHOT

Loading workload...
Starting test.
SLF4J: Failed to load class "org.slf4j.impl.StaticLoggerBinder".
SLF4J: Defaulting to no-operation (NOP) logger implementation
SLF4J: See http://www.slf4j.org/codes.html#StaticLoggerBinder for further details.
2026-09-13 16:28:53:033 0 sec: 0 operations; est completion in 0 second 
DBWrapper: report latency for each error is false and specific error codes to track for latency are: []
2026-09-13 16:29:03:009 10 sec: 991539 operations; 99153.9 current ops/sec; est completion in 1 second [READ: Count=495956, Max=12071, Min=170, Avg=352.76, 50=303, 90=387, 99=1419, 99.9=5607, 99.99=8743] [UPDATE: Count=495875, Max=19359, Min=151, Avg=258.76, 50=222, 90=295, 99=1153, 99.9=3363, 99.99=5767] [Intended-READ: Count=496279, Max=63935, Min=228, Avg=503.51, 50=361, 90=455, 99=2885, 99.9=28927, 99.99=50719] [Intended-UPDATE: Count=496064, Max=65279, Min=170, Avg=401.59, 50=281, 90=360, 99=2183, 99.9=26847, 99.99=51007] 
2026-09-13 16:29:03:112 10 sec: 1000000 operations; 82145.63 current ops/sec; [READ: Count=4183, Max=2913, Min=229, Avg=312.21, 50=299, 90=364, 99=490, 99.9=1768, 99.99=2913] [CLEANUP: Count=256, Max=575, Min=11, Avg=24.47, 50=17, 90=29, 99=242, 99.9=575, 99.99=575] [UPDATE: Count=3986, Max=3041, Min=164, Avg=233.9, 50=220, 90=286, 99=394, 99.9=1936, 99.99=3041] [Intended-READ: Count=3860, Max=2975, Min=255, Avg=371.8, 50=358, 90=423, 99=560, 99.9=2167, 99.99=2975] [Intended-CLEANUP: Count=256, Max=576, Min=11, Avg=24.67, 50=17, 90=30, 99=243, 99.9=576, 99.99=576] [Intended-UPDATE: Count=3797, Max=3107, Min=193, Avg=292.54, 50=279, 90=346, 99=461, 99.9=2002, 99.99=3107] 
[OVERALL], RunTime(ms), 10102
[OVERALL], Throughput(ops/sec), 98990.29895070283
[TOTAL_GCS_G1_Young_Generation], Count, 29
[TOTAL_GC_TIME_G1_Young_Generation], Time(ms), 29
[TOTAL_GC_TIME_%_G1_Young_Generation], Time(%), 0.28707186695703824
[TOTAL_GCS_G1_Old_Generation], Count, 0
[TOTAL_GC_TIME_G1_Old_Generation], Time(ms), 0
[TOTAL_GC_TIME_%_G1_Old_Generation], Time(%), 0.0
[TOTAL_GCs], Count, 29
[TOTAL_GC_TIME], Time(ms), 29
[TOTAL_GC_TIME_%], Time(%), 0.28707186695703824
[READ], Operations, 500139
[READ], AverageLatency(us), 352.41767188721536
[READ], MinLatency(us), 170
[READ], MaxLatency(us), 12071
[READ], 50thPercentileLatency(us), 302
[READ], 95thPercentileLatency(us), 467
[READ], 99thPercentileLatency(us), 1412
[READ], 99.9PercentileLatency(us), 5587
[READ], 99.99PercentileLatency(us), 8735
[READ], Return=OK, 500139
[CLEANUP], Operations, 256
[CLEANUP], AverageLatency(us), 24.46875
[CLEANUP], MinLatency(us), 11
[CLEANUP], MaxLatency(us), 575
[CLEANUP], 50thPercentileLatency(us), 17
[CLEANUP], 95thPercentileLatency(us), 41
[CLEANUP], 99thPercentileLatency(us), 242
[CLEANUP], 99.9PercentileLatency(us), 575
[CLEANUP], 99.99PercentileLatency(us), 575
[UPDATE], Operations, 499861
[UPDATE], AverageLatency(us), 258.5607878990359
[UPDATE], MinLatency(us), 151
[UPDATE], MaxLatency(us), 19359
[UPDATE], 50thPercentileLatency(us), 222
[UPDATE], 95thPercentileLatency(us), 349
[UPDATE], 99thPercentileLatency(us), 1148
[UPDATE], 99.9PercentileLatency(us), 3359
[UPDATE], 99.99PercentileLatency(us), 5767
[UPDATE], Return=OK, 499861
[Intended-READ], Operations, 500139
[Intended-READ], AverageLatency(us), 502.49353079843803
[Intended-READ], MinLatency(us), 228
[Intended-READ], MaxLatency(us), 63935
[Intended-READ], 50thPercentileLatency(us), 361
[Intended-READ], 95thPercentileLatency(us), 636
[Intended-READ], 99thPercentileLatency(us), 2865
[Intended-READ], 99.9PercentileLatency(us), 28815
[Intended-READ], 99.99PercentileLatency(us), 50463
[Intended-CLEANUP], Operations, 256
[Intended-CLEANUP], AverageLatency(us), 24.671875
[Intended-CLEANUP], MinLatency(us), 11
[Intended-CLEANUP], MaxLatency(us), 576
[Intended-CLEANUP], 50thPercentileLatency(us), 17
[Intended-CLEANUP], 95thPercentileLatency(us), 42
[Intended-CLEANUP], 99thPercentileLatency(us), 243
[Intended-CLEANUP], 99.9PercentileLatency(us), 576
[Intended-CLEANUP], 99.99PercentileLatency(us), 576
[Intended-UPDATE], Operations, 499861
[Intended-UPDATE], AverageLatency(us), 400.7616477380712
[Intended-UPDATE], MinLatency(us), 170
[Intended-UPDATE], MaxLatency(us), 65279
[Intended-UPDATE], 50thPercentileLatency(us), 281
[Intended-UPDATE], 95thPercentileLatency(us), 453
[Intended-UPDATE], 99thPercentileLatency(us), 2171
[Intended-UPDATE], 99.9PercentileLatency(us), 26607
[Intended-UPDATE], 99.99PercentileLatency(us), 51007
