java -cp /mnt/dev/YCSB-hreplace-dist/redis-binding/conf:/mnt/dev/YCSB-hreplace-dist/conf:/mnt/dev/YCSB-hreplace-dist/lib/htrace-core4-4.1.0-incubating.jar:/mnt/dev/YCSB-hreplace-dist/lib/slf4j-api-1.7.25.jar:/mnt/dev/YCSB-hreplace-dist/lib/jackson-mapper-asl-1.9.4.jar:/mnt/dev/YCSB-hreplace-dist/lib/HdrHistogram-2.1.12.jar:/mnt/dev/YCSB-hreplace-dist/lib/jackson-core-asl-1.9.4.jar:/mnt/dev/YCSB-hreplace-dist/lib/jedis-3.9.0.jar:/mnt/dev/YCSB-hreplace-dist/lib/core-0.18.0-SNAPSHOT.jar:/mnt/dev/YCSB-hreplace-dist/lib/commons-pool2-2.11.1.jar:/mnt/dev/YCSB-hreplace-dist/lib/redis-binding-0.18.0-SNAPSHOT.jar site.ycsb.Client -db site.ycsb.db.RedisClient -s -threads 256 -P /mnt/dev/YCSB-hreplace-dist/workloads/workloada -target 100000 -p recordcount=100000000 -p operationcount=5000000 -p fieldcount=10 -p fieldlength=128 -p fieldlengthdistribution=constant -p readallfields=true -p writeallfields=true -p insertorder=hashed -p requestdistribution=uniform -p readproportion=0.5 -p updateproportion=0.5 -p insertproportion=0 -p scanproportion=0 -p readmodifywriteproportion=0 -p measurementtype=hdrhistogram -p measurement.interval=both -p hdrhistogram.percentiles=50,95,99,99.9,99.99 -p status.interval=10 -p redis.host=172.16.0.4 -p redis.port=16379 -p redis.scanindex=none -p redis.timeout=10000 -p redis.cluster=false -p redis.updatecommand=keylane.hreplace -t
Command line: -db site.ycsb.db.RedisClient -s -threads 256 -P /mnt/dev/YCSB-hreplace-dist/workloads/workloada -target 100000 -p recordcount=100000000 -p operationcount=5000000 -p fieldcount=10 -p fieldlength=128 -p fieldlengthdistribution=constant -p readallfields=true -p writeallfields=true -p insertorder=hashed -p requestdistribution=uniform -p readproportion=0.5 -p updateproportion=0.5 -p insertproportion=0 -p scanproportion=0 -p readmodifywriteproportion=0 -p measurementtype=hdrhistogram -p measurement.interval=both -p hdrhistogram.percentiles=50,95,99,99.9,99.99 -p status.interval=10 -p redis.host=172.16.0.4 -p redis.port=16379 -p redis.scanindex=none -p redis.timeout=10000 -p redis.cluster=false -p redis.updatecommand=keylane.hreplace -t
YCSB Client 0.18.0-SNAPSHOT

Loading workload...
Starting test.
SLF4J: Failed to load class "org.slf4j.impl.StaticLoggerBinder".
SLF4J: Defaulting to no-operation (NOP) logger implementation
SLF4J: See http://www.slf4j.org/codes.html#StaticLoggerBinder for further details.
2026-09-13 16:26:25:308 0 sec: 0 operations; est completion in 0 second 
DBWrapper: report latency for each error is false and specific error codes to track for latency are: []
2026-09-13 16:26:35:217 10 sec: 987662 operations; 98766.2 current ops/sec; est completion in 41 seconds [READ: Count=493617, Max=25423, Min=168, Avg=330.24, 50=296, 90=351, 99=1005, 99.9=5679, 99.99=9959] [UPDATE: Count=494332, Max=26111, Min=152, Avg=238.48, 50=217, 90=267, 99=720, 99.9=2507, 99.99=6883] [Intended-READ: Count=493949, Max=87487, Min=196, Avg=550, 50=355, 90=414, 99=2945, 99.9=45663, 99.99=77631] [Intended-UPDATE: Count=494571, Max=88511, Min=175, Avg=458.51, 50=276, 90=329, 99=1800, 99.9=44735, 99.99=77567] 
2026-09-13 16:26:45:217 20 sec: 1987667 operations; 100000.5 current ops/sec; est completion in 31 seconds [READ: Count=500591, Max=12167, Min=169, Avg=331.61, 50=296, 90=354, 99=1025, 99.9=5783, 99.99=9295] [UPDATE: Count=499260, Max=6763, Min=153, Avg=233.3, 50=217, 90=267, 99=466, 99.9=2445, 99.99=3981] [Intended-READ: Count=500449, Max=13063, Min=208, Avg=398.65, 50=355, 90=414, 99=1386, 99.9=6635, 99.99=9663] [Intended-UPDATE: Count=499200, Max=10607, Min=173, Avg=300.53, 50=276, 90=328, 99=845, 99.9=3941, 99.99=7291] 
2026-09-13 16:26:55:217 30 sec: 2987670 operations; 100000.3 current ops/sec; est completion in 21 seconds [READ: Count=500316, Max=10967, Min=178, Avg=332.8, 50=297, 90=356, 99=1047, 99.9=5703, 99.99=8463] [UPDATE: Count=499700, Max=5371, Min=152, Avg=233.57, 50=217, 90=267, 99=508, 99.9=2305, 99.99=3989] [Intended-READ: Count=500285, Max=12287, Min=198, Avg=399.4, 50=355, 90=416, 99=1365, 99.9=6383, 99.99=9007] [Intended-UPDATE: Count=499622, Max=9911, Min=166, Avg=300.03, 50=276, 90=328, 99=864, 99.9=3781, 99.99=6683] 
2026-09-13 16:27:05:217 40 sec: 3987681 operations; 100001.1 current ops/sec; est completion in 11 seconds [READ: Count=500086, Max=12727, Min=172, Avg=336.67, 50=298, 90=361, 99=1097, 99.9=6439, 99.99=9391] [UPDATE: Count=499922, Max=6683, Min=151, Avg=236.12, 50=218, 90=271, 99=590, 99.9=2447, 99.99=4127] [Intended-READ: Count=500098, Max=12783, Min=204, Avg=404.47, 50=357, 90=422, 99=1462, 99.9=7011, 99.99=9751] [Intended-UPDATE: Count=499931, Max=10687, Min=164, Avg=304.32, 50=277, 90=332, 99=920, 99.9=4299, 99.99=7755] 
2026-09-13 16:27:15:217 50 sec: 4987660 operations; 99997.9 current ops/sec; est completion in 1 second [READ: Count=500442, Max=10879, Min=168, Avg=339.42, 50=299, 90=365, 99=1173, 99.9=5675, 99.99=8903] [UPDATE: Count=499508, Max=5647, Min=152, Avg=236.73, 50=218, 90=269, 99=645, 99.9=2385, 99.99=4049] [Intended-READ: Count=500363, Max=12919, Min=193, Avg=406.01, 50=358, 90=426, 99=1467, 99.9=6383, 99.99=9295] [Intended-UPDATE: Count=499489, Max=10671, Min=174, Avg=303.53, 50=277, 90=330, 99=943, 99.9=3827, 99.99=7283] 
2026-09-13 16:27:15:364 50 sec: 5000000 operations; 83945.58 current ops/sec; [READ: Count=6081, Max=2004, Min=213, Avg=317.38, 50=299, 90=368, 99=769, 99.9=1620, 99.99=2004] [CLEANUP: Count=256, Max=940, Min=10, Avg=37.09, 50=17, 90=29, 99=657, 99.9=940, 99.99=940] [UPDATE: Count=6145, Max=1874, Min=156, Avg=234.85, 50=219, 90=281, 99=576, 99.9=1092, 99.99=1874] [Intended-READ: Count=5989, Max=2063, Min=248, Avg=375.55, 50=358, 90=428, 99=826, 99.9=1679, 99.99=2063] [Intended-CLEANUP: Count=256, Max=940, Min=10, Avg=37.33, 50=17, 90=29, 99=657, 99.9=940, 99.99=940] [Intended-UPDATE: Count=6054, Max=1934, Min=182, Avg=292.83, 50=278, 90=341, 99=643, 99.9=1154, 99.99=1934] 
[OVERALL], RunTime(ms), 50147
[OVERALL], Throughput(ops/sec), 99706.86182623089
[TOTAL_GCS_G1_Young_Generation], Count, 136
[TOTAL_GC_TIME_G1_Young_Generation], Time(ms), 99
[TOTAL_GC_TIME_%_G1_Young_Generation], Time(%), 0.19741958641593715
[TOTAL_GCS_G1_Old_Generation], Count, 0
[TOTAL_GC_TIME_G1_Old_Generation], Time(ms), 0
[TOTAL_GC_TIME_%_G1_Old_Generation], Time(%), 0.0
[TOTAL_GCs], Count, 136
[TOTAL_GC_TIME], Time(ms), 99
[TOTAL_GC_TIME_%], Time(%), 0.19741958641593715
[READ], Operations, 2501133
[READ], AverageLatency(us), 334.1189137083074
[READ], MinLatency(us), 168
[READ], MaxLatency(us), 25423
[READ], 50thPercentileLatency(us), 297
[READ], 95thPercentileLatency(us), 402
[READ], 99thPercentileLatency(us), 1074
[READ], 99.9PercentileLatency(us), 5811
[READ], 99.99PercentileLatency(us), 9135
[READ], Return=OK, 2501133
[CLEANUP], Operations, 256
[CLEANUP], AverageLatency(us), 37.08984375
[CLEANUP], MinLatency(us), 10
[CLEANUP], MaxLatency(us), 940
[CLEANUP], 50thPercentileLatency(us), 17
[CLEANUP], 95thPercentileLatency(us), 53
[CLEANUP], 99thPercentileLatency(us), 657
[CLEANUP], 99.9PercentileLatency(us), 940
[CLEANUP], 99.99PercentileLatency(us), 940
[UPDATE], Operations, 2498867
[UPDATE], AverageLatency(us), 235.63247783895662
[UPDATE], MinLatency(us), 151
[UPDATE], MaxLatency(us), 26111
[UPDATE], 50thPercentileLatency(us), 218
[UPDATE], 95thPercentileLatency(us), 304
[UPDATE], 99thPercentileLatency(us), 587
[UPDATE], 99.9PercentileLatency(us), 2417
[UPDATE], 99.99PercentileLatency(us), 4131
[UPDATE], Return=OK, 2498867
[Intended-READ], Operations, 2501133
[Intended-READ], AverageLatency(us), 431.27042984119595
[Intended-READ], MinLatency(us), 193
[Intended-READ], MaxLatency(us), 87487
[Intended-READ], 50thPercentileLatency(us), 356
[Intended-READ], 95thPercentileLatency(us), 469
[Intended-READ], 99thPercentileLatency(us), 1634
[Intended-READ], 99.9PercentileLatency(us), 9591
[Intended-READ], 99.99PercentileLatency(us), 57247
[Intended-CLEANUP], Operations, 256
[Intended-CLEANUP], AverageLatency(us), 37.33203125
[Intended-CLEANUP], MinLatency(us), 10
[Intended-CLEANUP], MaxLatency(us), 940
[Intended-CLEANUP], 50thPercentileLatency(us), 17
[Intended-CLEANUP], 95thPercentileLatency(us), 53
[Intended-CLEANUP], 99thPercentileLatency(us), 657
[Intended-CLEANUP], 99.9PercentileLatency(us), 940
[Intended-CLEANUP], 99.99PercentileLatency(us), 940
[Intended-UPDATE], Operations, 2498867
[Intended-UPDATE], AverageLatency(us), 333.0360963588698
[Intended-UPDATE], MinLatency(us), 164
[Intended-UPDATE], MaxLatency(us), 88511
[Intended-UPDATE], 50thPercentileLatency(us), 277
[Intended-UPDATE], 95thPercentileLatency(us), 369
[Intended-UPDATE], 99thPercentileLatency(us), 985
[Intended-UPDATE], 99.9PercentileLatency(us), 8535
[Intended-UPDATE], 99.99PercentileLatency(us), 56959
