java -cp /mnt/dev/YCSB-aerospike-dist/aerospike-binding/conf:/mnt/dev/YCSB-aerospike-dist/conf:/mnt/dev/YCSB-aerospike-dist/lib/aerospike-client-3.1.2.jar:/mnt/dev/YCSB-aerospike-dist/lib/htrace-core4-4.1.0-incubating.jar:/mnt/dev/YCSB-aerospike-dist/lib/jbcrypt-0.3m.jar:/mnt/dev/YCSB-aerospike-dist/lib/jackson-mapper-asl-1.9.4.jar:/mnt/dev/YCSB-aerospike-dist/lib/aerospike-binding-0.18.0-SNAPSHOT.jar:/mnt/dev/YCSB-aerospike-dist/lib/HdrHistogram-2.1.12.jar:/mnt/dev/YCSB-aerospike-dist/lib/jackson-core-asl-1.9.4.jar:/mnt/dev/YCSB-aerospike-dist/lib/core-0.18.0-SNAPSHOT.jar:/mnt/dev/YCSB-aerospike-dist/lib/luaj-jse-3.0.jar:/mnt/dev/YCSB-aerospike-dist/lib/gnu-crypto-2.0.1.jar site.ycsb.Client -db site.ycsb.db.AerospikeClient -s -threads 256 -P /mnt/dev/YCSB-aerospike-dist/workloads/workloada -p recordcount=100000000 -p operationcount=5000000 -p fieldcount=10 -p fieldlength=128 -p fieldlengthdistribution=constant -p readallfields=true -p writeallfields=true -p insertorder=hashed -p requestdistribution=uniform -p readproportion=1 -p updateproportion=0 -p insertproportion=0 -p scanproportion=0 -p readmodifywriteproportion=0 -p measurementtype=hdrhistogram -p measurement.interval=both -p hdrhistogram.percentiles=50,95,99,99.9,99.99 -p status.interval=10 -p as.host=172.16.0.4 -p as.port=3000 -p as.namespace=ycsb -p as.timeout=10000 -t
Command line: -db site.ycsb.db.AerospikeClient -s -threads 256 -P /mnt/dev/YCSB-aerospike-dist/workloads/workloada -p recordcount=100000000 -p operationcount=5000000 -p fieldcount=10 -p fieldlength=128 -p fieldlengthdistribution=constant -p readallfields=true -p writeallfields=true -p insertorder=hashed -p requestdistribution=uniform -p readproportion=1 -p updateproportion=0 -p insertproportion=0 -p scanproportion=0 -p readmodifywriteproportion=0 -p measurementtype=hdrhistogram -p measurement.interval=both -p hdrhistogram.percentiles=50,95,99,99.9,99.99 -p status.interval=10 -p as.host=172.16.0.4 -p as.port=3000 -p as.namespace=ycsb -p as.timeout=10000 -t
YCSB Client 0.18.0-SNAPSHOT

Loading workload...
Starting test.
2026-09-13 16:45:17:350 0 sec: 0 operations; est completion in 0 second 
DBWrapper: report latency for each error is false and specific error codes to track for latency are: []
2026-09-13 16:45:27:267 10 sec: 3823163 operations; 382316.3 current ops/sec; est completion in 4 second [READ: Count=3823445, Max=131711, Min=159, Avg=638.71, 50=434, 90=737, 99=5047, 99.9=11911, 99.99=25455] [Intended-READ: Count=3829500, Max=131711, Min=159, Avg=638.78, 50=434, 90=737, 99=5047, 99.9=11903, 99.99=25455] 
2026-09-13 16:45:30:992 13 sec: 5000000 operations; 315929.4 current ops/sec; [READ: Count=1176555, Max=31279, Min=173, Avg=581.46, 50=424, 90=706, 99=4179, 99.9=8703, 99.99=15191] [CLEANUP: Count=256, Max=413, Min=24, Avg=57.87, 50=44, 90=102, 99=210, 99.9=413, 99.99=413] [Intended-READ: Count=1170500, Max=31279, Min=173, Avg=581.1, 50=424, 90=705, 99=4179, 99.9=8703, 99.99=15191] [Intended-CLEANUP: Count=256, Max=417, Min=25, Avg=58.44, 50=44, 90=102, 99=211, 99.9=417, 99.99=417] 
[OVERALL], RunTime(ms), 13725
[OVERALL], Throughput(ops/sec), 364298.72495446267
[TOTAL_GCS_G1_Young_Generation], Count, 51
[TOTAL_GC_TIME_G1_Young_Generation], Time(ms), 89
[TOTAL_GC_TIME_%_G1_Young_Generation], Time(%), 0.6484517304189436
[TOTAL_GCS_G1_Old_Generation], Count, 0
[TOTAL_GC_TIME_G1_Old_Generation], Time(ms), 0
[TOTAL_GC_TIME_%_G1_Old_Generation], Time(%), 0.0
[TOTAL_GCs], Count, 51
[TOTAL_GC_TIME], Time(ms), 89
[TOTAL_GC_TIME_%], Time(%), 0.6484517304189436
[READ], Operations, 5000000
[READ], AverageLatency(us), 625.2403502
[READ], MinLatency(us), 159
[READ], MaxLatency(us), 131711
[READ], 50thPercentileLatency(us), 432
[READ], 95thPercentileLatency(us), 1514
[READ], 99thPercentileLatency(us), 4843
[READ], 99.9PercentileLatency(us), 11239
[READ], 99.99PercentileLatency(us), 23775
[READ], Return=OK, 5000000
[CLEANUP], Operations, 256
[CLEANUP], AverageLatency(us), 57.87109375
[CLEANUP], MinLatency(us), 24
[CLEANUP], MaxLatency(us), 413
[CLEANUP], 50thPercentileLatency(us), 44
[CLEANUP], 95thPercentileLatency(us), 141
[CLEANUP], 99thPercentileLatency(us), 210
[CLEANUP], 99.9PercentileLatency(us), 413
[CLEANUP], 99.99PercentileLatency(us), 413
[Intended-READ], Operations, 5000000
[Intended-READ], AverageLatency(us), 625.2761274
[Intended-READ], MinLatency(us), 159
[Intended-READ], MaxLatency(us), 131711
[Intended-READ], 50thPercentileLatency(us), 432
[Intended-READ], 95thPercentileLatency(us), 1514
[Intended-READ], 99thPercentileLatency(us), 4843
[Intended-READ], 99.9PercentileLatency(us), 11239
[Intended-READ], 99.99PercentileLatency(us), 23775
[Intended-CLEANUP], Operations, 256
[Intended-CLEANUP], AverageLatency(us), 58.4375
[Intended-CLEANUP], MinLatency(us), 25
[Intended-CLEANUP], MaxLatency(us), 417
[Intended-CLEANUP], 50thPercentileLatency(us), 44
[Intended-CLEANUP], 95thPercentileLatency(us), 142
[Intended-CLEANUP], 99thPercentileLatency(us), 211
[Intended-CLEANUP], 99.9PercentileLatency(us), 417
[Intended-CLEANUP], 99.99PercentileLatency(us), 417
