java -cp /mnt/dev/YCSB-hreplace-dist/redis-binding/conf:/mnt/dev/YCSB-hreplace-dist/conf:/mnt/dev/YCSB-hreplace-dist/lib/htrace-core4-4.1.0-incubating.jar:/mnt/dev/YCSB-hreplace-dist/lib/slf4j-api-1.7.25.jar:/mnt/dev/YCSB-hreplace-dist/lib/jackson-mapper-asl-1.9.4.jar:/mnt/dev/YCSB-hreplace-dist/lib/HdrHistogram-2.1.12.jar:/mnt/dev/YCSB-hreplace-dist/lib/jackson-core-asl-1.9.4.jar:/mnt/dev/YCSB-hreplace-dist/lib/jedis-3.9.0.jar:/mnt/dev/YCSB-hreplace-dist/lib/core-0.18.0-SNAPSHOT.jar:/mnt/dev/YCSB-hreplace-dist/lib/commons-pool2-2.11.1.jar:/mnt/dev/YCSB-hreplace-dist/lib/redis-binding-0.18.0-SNAPSHOT.jar site.ycsb.Client -db site.ycsb.db.RedisClient -s -threads 256 -P /mnt/dev/YCSB-hreplace-dist/workloads/workloada -p recordcount=100000000 -p operationcount=5000000 -p fieldcount=10 -p fieldlength=128 -p fieldlengthdistribution=constant -p readallfields=true -p writeallfields=true -p insertorder=hashed -p requestdistribution=uniform -p readproportion=0.5 -p updateproportion=0.5 -p insertproportion=0 -p scanproportion=0 -p readmodifywriteproportion=0 -p measurementtype=hdrhistogram -p measurement.interval=both -p hdrhistogram.percentiles=50,95,99,99.9,99.99 -p status.interval=10 -p redis.host=172.16.0.4 -p redis.port=16379 -p redis.scanindex=none -p redis.timeout=10000 -p redis.cluster=false -p redis.updatecommand=keylane.hreplace -t
Command line: -db site.ycsb.db.RedisClient -s -threads 256 -P /mnt/dev/YCSB-hreplace-dist/workloads/workloada -p recordcount=100000000 -p operationcount=5000000 -p fieldcount=10 -p fieldlength=128 -p fieldlengthdistribution=constant -p readallfields=true -p writeallfields=true -p insertorder=hashed -p requestdistribution=uniform -p readproportion=0.5 -p updateproportion=0.5 -p insertproportion=0 -p scanproportion=0 -p readmodifywriteproportion=0 -p measurementtype=hdrhistogram -p measurement.interval=both -p hdrhistogram.percentiles=50,95,99,99.9,99.99 -p status.interval=10 -p redis.host=172.16.0.4 -p redis.port=16379 -p redis.scanindex=none -p redis.timeout=10000 -p redis.cluster=false -p redis.updatecommand=keylane.hreplace -t
YCSB Client 0.18.0-SNAPSHOT

Loading workload...
Starting test.
SLF4J: Failed to load class "org.slf4j.impl.StaticLoggerBinder".
SLF4J: Defaulting to no-operation (NOP) logger implementation
SLF4J: See http://www.slf4j.org/codes.html#StaticLoggerBinder for further details.
2026-09-13 16:27:19:160 0 sec: 0 operations; est completion in 0 second 
DBWrapper: report latency for each error is false and specific error codes to track for latency are: []
2026-09-13 16:27:29:118 10 sec: 4408461 operations; 440846.1 current ops/sec; est completion in 2 second [READ: Count=2204619, Max=87807, Min=202, Avg=655.9, 50=541, 90=803, 99=3273, 99.9=5891, 99.99=10431] [CLEANUP: Count=20, Max=910, Min=50, Avg=148, 50=110, 90=142, 99=910, 99.9=910, 99.99=910] [UPDATE: Count=2206983, Max=69311, Min=162, Avg=483.27, 50=398, 90=594, 99=2537, 99.9=5035, 99.99=10871] [Intended-READ: Count=2208260, Max=87807, Min=202, Avg=655.86, 50=541, 90=803, 99=3273, 99.9=5887, 99.99=10431] [Intended-CLEANUP: Count=21, Max=911, Min=50, Avg=147.14, 50=111, 90=148, 99=911, 99.9=911, 99.99=911] [Intended-UPDATE: Count=2208850, Max=69311, Min=162, Avg=483.37, 50=398, 90=594, 99=2537, 99.9=5035, 99.99=10871] 
2026-09-13 16:27:31:501 12 sec: 5000000 operations; 248232.9 current ops/sec; [READ: Count=295458, Max=9455, Min=208, Avg=559.43, 50=481, 90=704, 99=2399, 99.9=4699, 99.99=5851] [CLEANUP: Count=236, Max=186, Min=14, Avg=49.24, 50=38, 90=98, 99=141, 99.9=186, 99.99=186] [UPDATE: Count=292940, Max=7659, Min=174, Avg=409.8, 50=357, 90=518, 99=1775, 99.9=3833, 99.99=5227] [Intended-READ: Count=291817, Max=9455, Min=208, Avg=558.83, 50=481, 90=703, 99=2397, 99.9=4719, 99.99=5851] [Intended-CLEANUP: Count=235, Max=187, Min=14, Avg=49.84, 50=38, 90=99, 99=142, 99.9=187, 99.99=187] [Intended-UPDATE: Count=291073, Max=7659, Min=174, Avg=408.9, 50=357, 90=517, 99=1757, 99.9=3833, 99.99=5227] 
[OVERALL], RunTime(ms), 12383
[OVERALL], Throughput(ops/sec), 403779.37494952756
[TOTAL_GCS_G1_Young_Generation], Count, 111
[TOTAL_GC_TIME_G1_Young_Generation], Time(ms), 101
[TOTAL_GC_TIME_%_G1_Young_Generation], Time(%), 0.8156343373980458
[TOTAL_GCS_G1_Old_Generation], Count, 0
[TOTAL_GC_TIME_G1_Old_Generation], Time(ms), 0
[TOTAL_GC_TIME_%_G1_Old_Generation], Time(%), 0.0
[TOTAL_GCs], Count, 111
[TOTAL_GC_TIME], Time(ms), 101
[TOTAL_GC_TIME_%], Time(%), 0.8156343373980458
[READ], Operations, 2500077
[READ], AverageLatency(us), 644.4990310298443
[READ], MinLatency(us), 202
[READ], MaxLatency(us), 87807
[READ], 50thPercentileLatency(us), 534
[READ], 95thPercentileLatency(us), 1290
[READ], 99thPercentileLatency(us), 3193
[READ], 99.9PercentileLatency(us), 5807
[READ], 99.99PercentileLatency(us), 9887
[READ], Return=OK, 2500077
[CLEANUP], Operations, 256
[CLEANUP], AverageLatency(us), 56.953125
[CLEANUP], MinLatency(us), 14
[CLEANUP], MaxLatency(us), 910
[CLEANUP], 50thPercentileLatency(us), 45
[CLEANUP], 95thPercentileLatency(us), 131
[CLEANUP], 99thPercentileLatency(us), 168
[CLEANUP], 99.9PercentileLatency(us), 910
[CLEANUP], 99.99PercentileLatency(us), 910
[UPDATE], Operations, 2499923
[UPDATE], AverageLatency(us), 474.66498728160826
[UPDATE], MinLatency(us), 162
[UPDATE], MaxLatency(us), 69311
[UPDATE], 50thPercentileLatency(us), 393
[UPDATE], 95thPercentileLatency(us), 881
[UPDATE], 99thPercentileLatency(us), 2469
[UPDATE], 99.9PercentileLatency(us), 4955
[UPDATE], 99.99PercentileLatency(us), 9935
[UPDATE], Return=OK, 2499923
[Intended-READ], Operations, 2500077
[Intended-READ], AverageLatency(us), 644.5381226258231
[Intended-READ], MinLatency(us), 202
[Intended-READ], MaxLatency(us), 87807
[Intended-READ], 50thPercentileLatency(us), 534
[Intended-READ], 95thPercentileLatency(us), 1291
[Intended-READ], 99thPercentileLatency(us), 3193
[Intended-READ], 99.9PercentileLatency(us), 5807
[Intended-READ], 99.99PercentileLatency(us), 9887
[Intended-CLEANUP], Operations, 256
[Intended-CLEANUP], AverageLatency(us), 57.8203125
[Intended-CLEANUP], MinLatency(us), 14
[Intended-CLEANUP], MaxLatency(us), 911
[Intended-CLEANUP], 50thPercentileLatency(us), 46
[Intended-CLEANUP], 95thPercentileLatency(us), 135
[Intended-CLEANUP], 99thPercentileLatency(us), 169
[Intended-CLEANUP], 99.9PercentileLatency(us), 911
[Intended-CLEANUP], 99.99PercentileLatency(us), 911
[Intended-UPDATE], Operations, 2499923
[Intended-UPDATE], AverageLatency(us), 474.70157360846713
[Intended-UPDATE], MinLatency(us), 162
[Intended-UPDATE], MaxLatency(us), 69311
[Intended-UPDATE], 50thPercentileLatency(us), 393
[Intended-UPDATE], 95thPercentileLatency(us), 881
[Intended-UPDATE], 99thPercentileLatency(us), 2469
[Intended-UPDATE], 99.9PercentileLatency(us), 4955
[Intended-UPDATE], 99.99PercentileLatency(us), 9935
