java -cp /mnt/dev/YCSB-hreplace-dist/redis-binding/conf:/mnt/dev/YCSB-hreplace-dist/conf:/mnt/dev/YCSB-hreplace-dist/lib/htrace-core4-4.1.0-incubating.jar:/mnt/dev/YCSB-hreplace-dist/lib/slf4j-api-1.7.25.jar:/mnt/dev/YCSB-hreplace-dist/lib/jackson-mapper-asl-1.9.4.jar:/mnt/dev/YCSB-hreplace-dist/lib/HdrHistogram-2.1.12.jar:/mnt/dev/YCSB-hreplace-dist/lib/jackson-core-asl-1.9.4.jar:/mnt/dev/YCSB-hreplace-dist/lib/jedis-3.9.0.jar:/mnt/dev/YCSB-hreplace-dist/lib/core-0.18.0-SNAPSHOT.jar:/mnt/dev/YCSB-hreplace-dist/lib/commons-pool2-2.11.1.jar:/mnt/dev/YCSB-hreplace-dist/lib/redis-binding-0.18.0-SNAPSHOT.jar site.ycsb.Client -db site.ycsb.db.RedisClient -s -threads 256 -P /mnt/dev/YCSB-hreplace-dist/workloads/workloada -target 100000 -p recordcount=100000000 -p operationcount=5000000 -p fieldcount=10 -p fieldlength=128 -p fieldlengthdistribution=constant -p readallfields=true -p writeallfields=true -p insertorder=hashed -p requestdistribution=uniform -p readproportion=1 -p updateproportion=0 -p insertproportion=0 -p scanproportion=0 -p readmodifywriteproportion=0 -p measurementtype=hdrhistogram -p measurement.interval=both -p hdrhistogram.percentiles=50,95,99,99.9,99.99 -p status.interval=10 -p redis.host=172.16.0.4 -p redis.port=16379 -p redis.scanindex=none -p redis.timeout=10000 -p redis.cluster=false -p redis.updatecommand=hmset -t
Command line: -db site.ycsb.db.RedisClient -s -threads 256 -P /mnt/dev/YCSB-hreplace-dist/workloads/workloada -target 100000 -p recordcount=100000000 -p operationcount=5000000 -p fieldcount=10 -p fieldlength=128 -p fieldlengthdistribution=constant -p readallfields=true -p writeallfields=true -p insertorder=hashed -p requestdistribution=uniform -p readproportion=1 -p updateproportion=0 -p insertproportion=0 -p scanproportion=0 -p readmodifywriteproportion=0 -p measurementtype=hdrhistogram -p measurement.interval=both -p hdrhistogram.percentiles=50,95,99,99.9,99.99 -p status.interval=10 -p redis.host=172.16.0.4 -p redis.port=16379 -p redis.scanindex=none -p redis.timeout=10000 -p redis.cluster=false -p redis.updatecommand=hmset -t
YCSB Client 0.18.0-SNAPSHOT

Loading workload...
Starting test.
SLF4J: Failed to load class "org.slf4j.impl.StaticLoggerBinder".
SLF4J: Defaulting to no-operation (NOP) logger implementation
SLF4J: See http://www.slf4j.org/codes.html#StaticLoggerBinder for further details.
2026-09-13 14:49:40:044 0 sec: 0 operations; est completion in 0 second 
DBWrapper: report latency for each error is false and specific error codes to track for latency are: []
2026-09-13 14:49:50:021 10 sec: 994714 operations; 99461.45 current ops/sec; est completion in 41 seconds [READ: Count=994772, Max=21343, Min=210, Avg=317.6, 50=300, 90=387, 99=506, 99.9=1050, 99.99=8559] [Intended-READ: Count=995223, Max=60895, Min=229, Avg=450.19, 50=359, 90=447, 99=616, 99.9=28143, 99.99=49119] 
2026-09-13 14:50:00:019 20 sec: 1994601 operations; 99998.7 current ops/sec; est completion in 31 seconds [READ: Count=999870, Max=1820, Min=193, Avg=316.75, 50=302, 90=389, 99=495, 99.9=641, 99.99=1139] [Intended-READ: Count=999665, Max=1881, Min=219, Avg=375.08, 50=361, 90=448, 99=559, 99.9=975, 99.99=1267] 
2026-09-13 14:50:10:019 30 sec: 2994594 operations; 99999.3 current ops/sec; est completion in 21 seconds [READ: Count=999982, Max=1713, Min=210, Avg=317.83, 50=303, 90=390, 99=495, 99.9=625, 99.99=1136] [Intended-READ: Count=999914, Max=1772, Min=230, Avg=376.2, 50=362, 90=449, 99=559, 99.9=957, 99.99=1261] 
2026-09-13 14:50:20:019 40 sec: 3994587 operations; 99999.3 current ops/sec; est completion in 11 seconds [READ: Count=1000010, Max=1963, Min=208, Avg=317.38, 50=303, 90=390, 99=496, 99.9=636, 99.99=1232] [Intended-READ: Count=999890, Max=2024, Min=231, Avg=375.71, 50=362, 90=448, 99=560, 99.9=955, 99.99=1347] 
2026-09-13 14:50:30:019 50 sec: 4994597 operations; 100001 current ops/sec; est completion in 1 second [READ: Count=999999, Max=1586, Min=202, Avg=316.25, 50=302, 90=387, 99=492, 99.9=623, 99.99=1124] [Intended-READ: Count=1000099, Max=1630, Min=233, Avg=374.61, 50=361, 90=446, 99=555, 99.9=948, 99.99=1253] 
2026-09-13 14:50:30:094 50 sec: 5000000 operations; 72040 current ops/sec; [READ: Count=5367, Max=1318, Min=218, Avg=320.31, 50=302, 90=394, 99=530, 99.9=1060, 99.99=1318] [CLEANUP: Count=256, Max=614, Min=11, Avg=26.73, 50=16, 90=28, 99=543, 99.9=614, 99.99=614] [Intended-READ: Count=5209, Max=1356, Min=255, Avg=384.36, 50=361, 90=457, 99=920, 99.9=1141, 99.99=1356] [Intended-CLEANUP: Count=256, Max=615, Min=11, Avg=27.04, 50=16, 90=29, 99=544, 99.9=615, 99.99=615] 
[OVERALL], RunTime(ms), 50074
[OVERALL], Throughput(ops/sec), 99852.21871629987
[TOTAL_GCS_G1_Young_Generation], Count, 92
[TOTAL_GC_TIME_G1_Young_Generation], Time(ms), 67
[TOTAL_GC_TIME_%_G1_Young_Generation], Time(%), 0.13380197307984182
[TOTAL_GCS_G1_Old_Generation], Count, 0
[TOTAL_GC_TIME_G1_Old_Generation], Time(ms), 0
[TOTAL_GC_TIME_%_G1_Old_Generation], Time(%), 0.0
[TOTAL_GCs], Count, 92
[TOTAL_GC_TIME], Time(ms), 67
[TOTAL_GC_TIME_%], Time(%), 0.13380197307984182
[READ], Operations, 5000000
[READ], AverageLatency(us), 317.1645752
[READ], MinLatency(us), 193
[READ], MaxLatency(us), 21343
[READ], 50thPercentileLatency(us), 302
[READ], 95thPercentileLatency(us), 419
[READ], 99thPercentileLatency(us), 497
[READ], 99.9PercentileLatency(us), 680
[READ], 99.99PercentileLatency(us), 1478
[READ], Return=OK, 5000000
[CLEANUP], Operations, 256
[CLEANUP], AverageLatency(us), 26.73046875
[CLEANUP], MinLatency(us), 11
[CLEANUP], MaxLatency(us), 614
[CLEANUP], 50thPercentileLatency(us), 16
[CLEANUP], 95thPercentileLatency(us), 36
[CLEANUP], 99thPercentileLatency(us), 543
[CLEANUP], 99.9PercentileLatency(us), 614
[CLEANUP], 99.99PercentileLatency(us), 614
[Intended-READ], Operations, 5000000
[Intended-READ], AverageLatency(us), 390.2964548
[Intended-READ], MinLatency(us), 219
[Intended-READ], MaxLatency(us), 60895
[Intended-READ], 50thPercentileLatency(us), 361
[Intended-READ], 95thPercentileLatency(us), 479
[Intended-READ], 99thPercentileLatency(us), 565
[Intended-READ], 99.9PercentileLatency(us), 1580
[Intended-READ], 99.99PercentileLatency(us), 37215
[Intended-CLEANUP], Operations, 256
[Intended-CLEANUP], AverageLatency(us), 27.0390625
[Intended-CLEANUP], MinLatency(us), 11
[Intended-CLEANUP], MaxLatency(us), 615
[Intended-CLEANUP], 50thPercentileLatency(us), 16
[Intended-CLEANUP], 95thPercentileLatency(us), 36
[Intended-CLEANUP], 99thPercentileLatency(us), 544
[Intended-CLEANUP], 99.9PercentileLatency(us), 615
[Intended-CLEANUP], 99.99PercentileLatency(us), 615
