java -cp /mnt/dev/YCSB-hreplace-dist/redis-binding/conf:/mnt/dev/YCSB-hreplace-dist/conf:/mnt/dev/YCSB-hreplace-dist/lib/htrace-core4-4.1.0-incubating.jar:/mnt/dev/YCSB-hreplace-dist/lib/slf4j-api-1.7.25.jar:/mnt/dev/YCSB-hreplace-dist/lib/jackson-mapper-asl-1.9.4.jar:/mnt/dev/YCSB-hreplace-dist/lib/HdrHistogram-2.1.12.jar:/mnt/dev/YCSB-hreplace-dist/lib/jackson-core-asl-1.9.4.jar:/mnt/dev/YCSB-hreplace-dist/lib/jedis-3.9.0.jar:/mnt/dev/YCSB-hreplace-dist/lib/core-0.18.0-SNAPSHOT.jar:/mnt/dev/YCSB-hreplace-dist/lib/commons-pool2-2.11.1.jar:/mnt/dev/YCSB-hreplace-dist/lib/redis-binding-0.18.0-SNAPSHOT.jar site.ycsb.Client -db site.ycsb.db.RedisClient -s -threads 256 -P /mnt/dev/YCSB-hreplace-dist/workloads/workloada -target 100000 -p recordcount=100000000 -p operationcount=5000000 -p fieldcount=10 -p fieldlength=128 -p fieldlengthdistribution=constant -p readallfields=true -p writeallfields=true -p insertorder=hashed -p requestdistribution=uniform -p readproportion=0.5 -p updateproportion=0.5 -p insertproportion=0 -p scanproportion=0 -p readmodifywriteproportion=0 -p measurementtype=hdrhistogram -p measurement.interval=both -p hdrhistogram.percentiles=50,95,99,99.9,99.99 -p status.interval=10 -p redis.host=172.16.0.4 -p redis.port=16379 -p redis.scanindex=none -p redis.timeout=10000 -p redis.cluster=false -p redis.updatecommand=keylane.hreplace -t
Command line: -db site.ycsb.db.RedisClient -s -threads 256 -P /mnt/dev/YCSB-hreplace-dist/workloads/workloada -target 100000 -p recordcount=100000000 -p operationcount=5000000 -p fieldcount=10 -p fieldlength=128 -p fieldlengthdistribution=constant -p readallfields=true -p writeallfields=true -p insertorder=hashed -p requestdistribution=uniform -p readproportion=0.5 -p updateproportion=0.5 -p insertproportion=0 -p scanproportion=0 -p readmodifywriteproportion=0 -p measurementtype=hdrhistogram -p measurement.interval=both -p hdrhistogram.percentiles=50,95,99,99.9,99.99 -p status.interval=10 -p redis.host=172.16.0.4 -p redis.port=16379 -p redis.scanindex=none -p redis.timeout=10000 -p redis.cluster=false -p redis.updatecommand=keylane.hreplace -t
YCSB Client 0.18.0-SNAPSHOT

Loading workload...
Starting test.
SLF4J: Failed to load class "org.slf4j.impl.StaticLoggerBinder".
SLF4J: Defaulting to no-operation (NOP) logger implementation
SLF4J: See http://www.slf4j.org/codes.html#StaticLoggerBinder for further details.
2026-09-13 16:00:53:169 0 sec: 0 operations; est completion in 0 second 
DBWrapper: report latency for each error is false and specific error codes to track for latency are: []
2026-09-13 16:01:03:140 10 sec: 992998 operations; 99299.8 current ops/sec; est completion in 41 seconds [READ: Count=496640, Max=36287, Min=172, Avg=323.95, 50=297, 90=356, 99=874, 99.9=3427, 99.99=14247] [UPDATE: Count=496672, Max=37471, Min=147, Avg=247.47, 50=218, 90=276, 99=921, 99.9=2977, 99.99=16975] [Intended-READ: Count=496989, Max=113279, Min=206, Avg=644.66, 50=356, 90=418, 99=3309, 99.9=61279, 99.99=89151] [Intended-UPDATE: Count=496967, Max=112511, Min=173, Avg=570.77, 50=278, 90=337, 99=2847, 99.9=62143, 99.99=90751] 
2026-09-13 16:01:13:140 20 sec: 1992998 operations; 100000 current ops/sec; est completion in 31 seconds [READ: Count=500305, Max=13295, Min=168, Avg=319.85, 50=297, 90=354, 99=817, 99.9=3289, 99.99=6499] [UPDATE: Count=499517, Max=12527, Min=152, Avg=238.04, 50=218, 90=272, 99=591, 99.9=2587, 99.99=6011] [Intended-READ: Count=500098, Max=14191, Min=193, Avg=387.91, 50=356, 90=415, 99=1175, 99.9=4759, 99.99=8807] [Intended-UPDATE: Count=499344, Max=14647, Min=176, Avg=306.21, 50=278, 90=333, 99=996, 99.9=4007, 99.99=9079] 
2026-09-13 16:01:23:140 30 sec: 2992994 operations; 99999.6 current ops/sec; est completion in 21 seconds [READ: Count=500727, Max=10999, Min=180, Avg=319.38, 50=296, 90=347, 99=623, 99.9=4323, 99.99=7503] [UPDATE: Count=499230, Max=5627, Min=150, Avg=232.31, 50=217, 90=264, 99=393, 99.9=2569, 99.99=4419] [Intended-READ: Count=500688, Max=11167, Min=209, Avg=382.73, 50=355, 90=408, 99=1005, 99.9=5035, 99.99=7991] [Intended-UPDATE: Count=499200, Max=10503, Min=164, Avg=295.75, 50=277, 90=325, 99=624, 99.9=3299, 99.99=5867] 
2026-09-13 16:01:33:140 40 sec: 3992984 operations; 99999 current ops/sec; est completion in 11 seconds [READ: Count=500179, Max=9719, Min=170, Avg=315.36, 50=296, 90=349, 99=564, 99.9=3191, 99.99=6707] [UPDATE: Count=499804, Max=6319, Min=149, Avg=232.73, 50=218, 90=267, 99=401, 99.9=2353, 99.99=4119] [Intended-READ: Count=500173, Max=9775, Min=192, Avg=376.13, 50=355, 90=409, 99=818, 99.9=3519, 99.99=7047] [Intended-UPDATE: Count=499805, Max=8919, Min=171, Avg=293.97, 50=277, 90=327, 99=576, 99.9=2639, 99.99=5135] 
2026-09-13 16:01:43:140 50 sec: 4992995 operations; 100001.1 current ops/sec; est completion in 1 second [READ: Count=499942, Max=9847, Min=166, Avg=317.16, 50=296, 90=349, 99=569, 99.9=3797, 99.99=6495] [UPDATE: Count=500067, Max=7131, Min=151, Avg=232.5, 50=218, 90=268, 99=397, 99.9=2385, 99.99=4077] [Intended-READ: Count=499924, Max=9911, Min=229, Avg=378.7, 50=355, 90=410, 99=887, 99.9=4061, 99.99=6735] [Intended-UPDATE: Count=500075, Max=8075, Min=170, Avg=294.11, 50=277, 90=328, 99=553, 99.9=2723, 99.99=4847] 
2026-09-13 16:01:43:241 50 sec: 5000000 operations; 69356.44 current ops/sec; [READ: Count=3488, Max=1315, Min=222, Avg=302.54, 50=294, 90=344, 99=425, 99.9=1074, 99.99=1315] [CLEANUP: Count=256, Max=607, Min=11, Avg=30.54, 50=16, 90=28, 99=587, 99.9=607, 99.99=607] [UPDATE: Count=3429, Max=1297, Min=159, Avg=225.88, 50=216, 90=262, 99=350, 99.9=1027, 99.99=1297] [Intended-READ: Count=3409, Max=1380, Min=266, Avg=366.46, 50=352, 90=406, 99=968, 99.9=1172, 99.99=1380] [Intended-CLEANUP: Count=256, Max=608, Min=11, Avg=30.79, 50=16, 90=28, 99=587, 99.9=608, 99.99=608] [Intended-UPDATE: Count=3328, Max=1331, Min=178, Avg=289.46, 50=276, 90=326, 99=869, 99.9=1078, 99.99=1331] 
[OVERALL], RunTime(ms), 50100
[OVERALL], Throughput(ops/sec), 99800.39920159681
[TOTAL_GCS_G1_Young_Generation], Count, 137
[TOTAL_GC_TIME_G1_Young_Generation], Time(ms), 103
[TOTAL_GC_TIME_%_G1_Young_Generation], Time(%), 0.2055888223552894
[TOTAL_GCS_G1_Old_Generation], Count, 0
[TOTAL_GC_TIME_G1_Old_Generation], Time(ms), 0
[TOTAL_GC_TIME_%_G1_Old_Generation], Time(%), 0.0
[TOTAL_GCs], Count, 137
[TOTAL_GC_TIME], Time(ms), 103
[TOTAL_GC_TIME_%], Time(%), 0.2055888223552894
[READ], Operations, 2501281
[READ], AverageLatency(us), 319.10969379290054
[READ], MinLatency(us), 166
[READ], MaxLatency(us), 36287
[READ], 50thPercentileLatency(us), 296
[READ], 95thPercentileLatency(us), 384
[READ], 99thPercentileLatency(us), 696
[READ], 99.9PercentileLatency(us), 3643
[READ], 99.99PercentileLatency(us), 7359
[READ], Return=OK, 2501281
[CLEANUP], Operations, 256
[CLEANUP], AverageLatency(us), 30.5390625
[CLEANUP], MinLatency(us), 11
[CLEANUP], MaxLatency(us), 607
[CLEANUP], 50thPercentileLatency(us), 16
[CLEANUP], 95thPercentileLatency(us), 38
[CLEANUP], 99thPercentileLatency(us), 587
[CLEANUP], 99.9PercentileLatency(us), 607
[CLEANUP], 99.99PercentileLatency(us), 607
[UPDATE], Operations, 2498719
[UPDATE], AverageLatency(us), 236.58056428113767
[UPDATE], MinLatency(us), 147
[UPDATE], MaxLatency(us), 37471
[UPDATE], 50thPercentileLatency(us), 218
[UPDATE], 95thPercentileLatency(us), 303
[UPDATE], 99thPercentileLatency(us), 490
[UPDATE], 99.9PercentileLatency(us), 2571
[UPDATE], 99.99PercentileLatency(us), 5351
[UPDATE], Return=OK, 2498719
[Intended-READ], Operations, 2501281
[Intended-READ], AverageLatency(us), 433.6629634975039
[Intended-READ], MinLatency(us), 192
[Intended-READ], MaxLatency(us), 113279
[Intended-READ], 50thPercentileLatency(us), 355
[Intended-READ], 95thPercentileLatency(us), 446
[Intended-READ], 99thPercentileLatency(us), 1142
[Intended-READ], 99.9PercentileLatency(us), 20591
[Intended-READ], 99.99PercentileLatency(us), 72383
[Intended-CLEANUP], Operations, 256
[Intended-CLEANUP], AverageLatency(us), 30.79296875
[Intended-CLEANUP], MinLatency(us), 11
[Intended-CLEANUP], MaxLatency(us), 608
[Intended-CLEANUP], 50thPercentileLatency(us), 16
[Intended-CLEANUP], 95thPercentileLatency(us), 38
[Intended-CLEANUP], 99thPercentileLatency(us), 587
[Intended-CLEANUP], 99.9PercentileLatency(us), 608
[Intended-CLEANUP], 99.99PercentileLatency(us), 608
[Intended-UPDATE], Operations, 2498719
[Intended-UPDATE], AverageLatency(us), 351.846997201366
[Intended-UPDATE], MinLatency(us), 164
[Intended-UPDATE], MaxLatency(us), 112511
[Intended-UPDATE], 50thPercentileLatency(us), 277
[Intended-UPDATE], 95thPercentileLatency(us), 366
[Intended-UPDATE], 99thPercentileLatency(us), 911
[Intended-UPDATE], 99.9PercentileLatency(us), 21615
[Intended-UPDATE], 99.99PercentileLatency(us), 73087
