java -cp /mnt/dev/YCSB-hreplace-dist/redis-binding/conf:/mnt/dev/YCSB-hreplace-dist/conf:/mnt/dev/YCSB-hreplace-dist/lib/htrace-core4-4.1.0-incubating.jar:/mnt/dev/YCSB-hreplace-dist/lib/slf4j-api-1.7.25.jar:/mnt/dev/YCSB-hreplace-dist/lib/jackson-mapper-asl-1.9.4.jar:/mnt/dev/YCSB-hreplace-dist/lib/HdrHistogram-2.1.12.jar:/mnt/dev/YCSB-hreplace-dist/lib/jackson-core-asl-1.9.4.jar:/mnt/dev/YCSB-hreplace-dist/lib/jedis-3.9.0.jar:/mnt/dev/YCSB-hreplace-dist/lib/core-0.18.0-SNAPSHOT.jar:/mnt/dev/YCSB-hreplace-dist/lib/commons-pool2-2.11.1.jar:/mnt/dev/YCSB-hreplace-dist/lib/redis-binding-0.18.0-SNAPSHOT.jar site.ycsb.Client -db site.ycsb.db.RedisClient -s -threads 256 -P /mnt/dev/YCSB-hreplace-dist/workloads/workloada -p recordcount=100000000 -p operationcount=5000000 -p fieldcount=10 -p fieldlength=128 -p fieldlengthdistribution=constant -p readallfields=true -p writeallfields=true -p insertorder=hashed -p requestdistribution=uniform -p readproportion=0.5 -p updateproportion=0.5 -p insertproportion=0 -p scanproportion=0 -p readmodifywriteproportion=0 -p measurementtype=hdrhistogram -p measurement.interval=both -p hdrhistogram.percentiles=50,95,99,99.9,99.99 -p status.interval=10 -p redis.host=172.16.0.4 -p redis.port=16379 -p redis.scanindex=none -p redis.timeout=10000 -p redis.cluster=false -p redis.updatecommand=keylane.hreplace -t
Command line: -db site.ycsb.db.RedisClient -s -threads 256 -P /mnt/dev/YCSB-hreplace-dist/workloads/workloada -p recordcount=100000000 -p operationcount=5000000 -p fieldcount=10 -p fieldlength=128 -p fieldlengthdistribution=constant -p readallfields=true -p writeallfields=true -p insertorder=hashed -p requestdistribution=uniform -p readproportion=0.5 -p updateproportion=0.5 -p insertproportion=0 -p scanproportion=0 -p readmodifywriteproportion=0 -p measurementtype=hdrhistogram -p measurement.interval=both -p hdrhistogram.percentiles=50,95,99,99.9,99.99 -p status.interval=10 -p redis.host=172.16.0.4 -p redis.port=16379 -p redis.scanindex=none -p redis.timeout=10000 -p redis.cluster=false -p redis.updatecommand=keylane.hreplace -t
YCSB Client 0.18.0-SNAPSHOT

Loading workload...
Starting test.
SLF4J: Failed to load class "org.slf4j.impl.StaticLoggerBinder".
SLF4J: Defaulting to no-operation (NOP) logger implementation
SLF4J: See http://www.slf4j.org/codes.html#StaticLoggerBinder for further details.
2026-09-13 16:24:42:604 0 sec: 0 operations; est completion in 0 second 
DBWrapper: report latency for each error is false and specific error codes to track for latency are: []
2026-09-13 16:24:52:574 10 sec: 4548039 operations; 454803.9 current ops/sec; est completion in 1 second [READ: Count=2272708, Max=56223, Min=199, Avg=642.27, 50=533, 90=784, 99=3305, 99.9=5783, 99.99=10567] [CLEANUP: Count=11, Max=922, Min=93, Avg=192.64, 50=119, 90=153, 99=922, 99.9=922, 99.99=922] [UPDATE: Count=2279741, Max=61119, Min=155, Avg=463.86, 50=391, 90=578, 99=2335, 99.9=4655, 99.99=12191] [Intended-READ: Count=2280463, Max=56223, Min=199, Avg=642.12, 50=533, 90=784, 99=3303, 99.9=5783, 99.99=10559] [Intended-CLEANUP: Count=12, Max=924, Min=93, Avg=198.5, 50=120, 90=241, 99=924, 99.9=924, 99.99=924] [Intended-UPDATE: Count=2284167, Max=61119, Min=155, Avg=463.96, 50=391, 90=578, 99=2335, 99.9=4659, 99.99=12167] 
2026-09-13 16:24:54:352 11 sec: 5000000 operations; 254053.4 current ops/sec; [READ: Count=225488, Max=9479, Min=189, Avg=530.62, 50=455, 90=680, 99=2493, 99.9=5103, 99.99=6259] [CLEANUP: Count=245, Max=283, Min=12, Avg=51.53, 50=36, 90=104, 99=219, 99.9=283, 99.99=283] [UPDATE: Count=222063, Max=6567, Min=161, Avg=387.72, 50=337, 90=503, 99=1712, 99.9=4019, 99.99=5699] [Intended-READ: Count=217733, Max=9479, Min=189, Avg=528.58, 50=453, 90=677, 99=2499, 99.9=5139, 99.99=6287] [Intended-CLEANUP: Count=244, Max=283, Min=13, Avg=51.41, 50=36, 90=104, 99=194, 99.9=283, 99.99=283] [Intended-UPDATE: Count=217637, Max=6567, Min=161, Avg=385.62, 50=336, 90=501, 99=1694, 99.9=3857, 99.99=5703] 
[OVERALL], RunTime(ms), 11778
[OVERALL], Throughput(ops/sec), 424520.29206996097
[TOTAL_GCS_G1_Young_Generation], Count, 94
[TOTAL_GC_TIME_G1_Young_Generation], Time(ms), 90
[TOTAL_GC_TIME_%_G1_Young_Generation], Time(%), 0.7641365257259297
[TOTAL_GCS_G1_Old_Generation], Count, 0
[TOTAL_GC_TIME_G1_Old_Generation], Time(ms), 0
[TOTAL_GC_TIME_%_G1_Old_Generation], Time(%), 0.0
[TOTAL_GCs], Count, 94
[TOTAL_GC_TIME], Time(ms), 90
[TOTAL_GC_TIME_%], Time(%), 0.7641365257259297
[READ], Operations, 2498196
[READ], AverageLatency(us), 632.190802082783
[READ], MinLatency(us), 189
[READ], MaxLatency(us), 56223
[READ], 50thPercentileLatency(us), 527
[READ], 95thPercentileLatency(us), 1191
[READ], 99thPercentileLatency(us), 3249
[READ], 99.9PercentileLatency(us), 5731
[READ], 99.99PercentileLatency(us), 10151
[READ], Return=OK, 2498196
[CLEANUP], Operations, 256
[CLEANUP], AverageLatency(us), 57.59765625
[CLEANUP], MinLatency(us), 12
[CLEANUP], MaxLatency(us), 922
[CLEANUP], 50thPercentileLatency(us), 37
[CLEANUP], 95thPercentileLatency(us), 138
[CLEANUP], 99thPercentileLatency(us), 241
[CLEANUP], 99.9PercentileLatency(us), 922
[CLEANUP], 99.99PercentileLatency(us), 922
[UPDATE], Operations, 2501804
[UPDATE], AverageLatency(us), 457.10569253226873
[UPDATE], MinLatency(us), 155
[UPDATE], MaxLatency(us), 61119
[UPDATE], 50thPercentileLatency(us), 386
[UPDATE], 95thPercentileLatency(us), 781
[UPDATE], 99thPercentileLatency(us), 2287
[UPDATE], 99.9PercentileLatency(us), 4615
[UPDATE], 99.99PercentileLatency(us), 11575
[UPDATE], Return=OK, 2501804
[Intended-READ], Operations, 2498196
[Intended-READ], AverageLatency(us), 632.2271707263961
[Intended-READ], MinLatency(us), 189
[Intended-READ], MaxLatency(us), 56223
[Intended-READ], 50thPercentileLatency(us), 527
[Intended-READ], 95thPercentileLatency(us), 1191
[Intended-READ], 99thPercentileLatency(us), 3249
[Intended-READ], 99.9PercentileLatency(us), 5731
[Intended-READ], 99.99PercentileLatency(us), 10151
[Intended-CLEANUP], Operations, 256
[Intended-CLEANUP], AverageLatency(us), 58.30078125
[Intended-CLEANUP], MinLatency(us), 13
[Intended-CLEANUP], MaxLatency(us), 924
[Intended-CLEANUP], 50thPercentileLatency(us), 37
[Intended-CLEANUP], 95thPercentileLatency(us), 139
[Intended-CLEANUP], 99thPercentileLatency(us), 241
[Intended-CLEANUP], 99.9PercentileLatency(us), 924
[Intended-CLEANUP], 99.99PercentileLatency(us), 924
[Intended-UPDATE], Operations, 2501804
[Intended-UPDATE], AverageLatency(us), 457.14200033256003
[Intended-UPDATE], MinLatency(us), 155
[Intended-UPDATE], MaxLatency(us), 61119
[Intended-UPDATE], 50thPercentileLatency(us), 386
[Intended-UPDATE], 95thPercentileLatency(us), 781
[Intended-UPDATE], 99thPercentileLatency(us), 2287
[Intended-UPDATE], 99.9PercentileLatency(us), 4615
[Intended-UPDATE], 99.99PercentileLatency(us), 11575
