java -cp /mnt/dev/YCSB-hreplace-dist/redis-binding/conf:/mnt/dev/YCSB-hreplace-dist/conf:/mnt/dev/YCSB-hreplace-dist/lib/htrace-core4-4.1.0-incubating.jar:/mnt/dev/YCSB-hreplace-dist/lib/slf4j-api-1.7.25.jar:/mnt/dev/YCSB-hreplace-dist/lib/jackson-mapper-asl-1.9.4.jar:/mnt/dev/YCSB-hreplace-dist/lib/HdrHistogram-2.1.12.jar:/mnt/dev/YCSB-hreplace-dist/lib/jackson-core-asl-1.9.4.jar:/mnt/dev/YCSB-hreplace-dist/lib/jedis-3.9.0.jar:/mnt/dev/YCSB-hreplace-dist/lib/core-0.18.0-SNAPSHOT.jar:/mnt/dev/YCSB-hreplace-dist/lib/commons-pool2-2.11.1.jar:/mnt/dev/YCSB-hreplace-dist/lib/redis-binding-0.18.0-SNAPSHOT.jar site.ycsb.Client -db site.ycsb.db.RedisClient -s -threads 256 -P /mnt/dev/YCSB-hreplace-dist/workloads/workloada -p recordcount=100000000 -p operationcount=5000000 -p fieldcount=10 -p fieldlength=128 -p fieldlengthdistribution=constant -p readallfields=true -p writeallfields=true -p insertorder=hashed -p requestdistribution=uniform -p readproportion=1 -p updateproportion=0 -p insertproportion=0 -p scanproportion=0 -p readmodifywriteproportion=0 -p measurementtype=hdrhistogram -p measurement.interval=both -p hdrhistogram.percentiles=50,95,99,99.9,99.99 -p status.interval=10 -p redis.host=172.16.0.4 -p redis.port=16379 -p redis.scanindex=none -p redis.timeout=10000 -p redis.cluster=false -p redis.updatecommand=keylane.hreplace -t
Command line: -db site.ycsb.db.RedisClient -s -threads 256 -P /mnt/dev/YCSB-hreplace-dist/workloads/workloada -p recordcount=100000000 -p operationcount=5000000 -p fieldcount=10 -p fieldlength=128 -p fieldlengthdistribution=constant -p readallfields=true -p writeallfields=true -p insertorder=hashed -p requestdistribution=uniform -p readproportion=1 -p updateproportion=0 -p insertproportion=0 -p scanproportion=0 -p readmodifywriteproportion=0 -p measurementtype=hdrhistogram -p measurement.interval=both -p hdrhistogram.percentiles=50,95,99,99.9,99.99 -p status.interval=10 -p redis.host=172.16.0.4 -p redis.port=16379 -p redis.scanindex=none -p redis.timeout=10000 -p redis.cluster=false -p redis.updatecommand=keylane.hreplace -t
YCSB Client 0.18.0-SNAPSHOT

Loading workload...
Starting test.
SLF4J: Failed to load class "org.slf4j.impl.StaticLoggerBinder".
SLF4J: Defaulting to no-operation (NOP) logger implementation
SLF4J: See http://www.slf4j.org/codes.html#StaticLoggerBinder for further details.
2026-09-13 16:26:04:308 0 sec: 0 operations; est completion in 0 second 
DBWrapper: report latency for each error is false and specific error codes to track for latency are: []
2026-09-13 16:26:14:257 10 sec: 4999363 operations; 499936.3 current ops/sec; est completion in 1 second [READ: Count=4999368, Max=44447, Min=215, Avg=468.69, 50=444, 90=569, 99=975, 99.9=3325, 99.99=7647] [CLEANUP: Count=252, Max=809, Min=13, Avg=43.26, 50=27, 90=88, 99=239, 99.9=809, 99.99=809] [Intended-READ: Count=4999420, Max=44447, Min=215, Avg=468.73, 50=444, 90=570, 99=975, 99.9=3325, 99.99=7647] [Intended-CLEANUP: Count=252, Max=811, Min=13, Avg=43.79, 50=28, 90=88, 99=240, 99.9=811, 99.99=811] 
2026-09-13 16:26:14:333 10 sec: 5000000 operations; 8381.58 current ops/sec; [READ: Count=632, Max=555, Min=268, Avg=331.44, 50=326, 90=373, 99=390, 99.9=555, 99.99=555] [CLEANUP: Count=4, Max=34, Min=16, Avg=23, 50=21, 90=34, 99=34, 99.9=34, 99.99=34] [Intended-READ: Count=580, Max=555, Min=268, Avg=330.61, 50=325, 90=373, 99=392, 99.9=555, 99.99=555] [Intended-CLEANUP: Count=4, Max=35, Min=16, Avg=23.5, 50=21, 90=35, 99=35, 99.9=35, 99.99=35] 
[OVERALL], RunTime(ms), 10075
[OVERALL], Throughput(ops/sec), 496277.91563275433
[TOTAL_GCS_G1_Young_Generation], Count, 75
[TOTAL_GC_TIME_G1_Young_Generation], Time(ms), 76
[TOTAL_GC_TIME_%_G1_Young_Generation], Time(%), 0.7543424317617866
[TOTAL_GCS_G1_Old_Generation], Count, 0
[TOTAL_GC_TIME_G1_Old_Generation], Time(ms), 0
[TOTAL_GC_TIME_%_G1_Old_Generation], Time(%), 0.0
[TOTAL_GCs], Count, 75
[TOTAL_GC_TIME], Time(ms), 76
[TOTAL_GC_TIME_%], Time(%), 0.7543424317617866
[READ], Operations, 5000000
[READ], AverageLatency(us), 468.6735612
[READ], MinLatency(us), 215
[READ], MaxLatency(us), 44447
[READ], 50thPercentileLatency(us), 444
[READ], 95thPercentileLatency(us), 625
[READ], 99thPercentileLatency(us), 975
[READ], 99.9PercentileLatency(us), 3325
[READ], 99.99PercentileLatency(us), 7635
[READ], Return=OK, 5000000
[CLEANUP], Operations, 256
[CLEANUP], AverageLatency(us), 42.94140625
[CLEANUP], MinLatency(us), 13
[CLEANUP], MaxLatency(us), 809
[CLEANUP], 50thPercentileLatency(us), 27
[CLEANUP], 95thPercentileLatency(us), 118
[CLEANUP], 99thPercentileLatency(us), 239
[CLEANUP], 99.9PercentileLatency(us), 809
[CLEANUP], 99.99PercentileLatency(us), 809
[Intended-READ], Operations, 5000000
[Intended-READ], AverageLatency(us), 468.7123808
[Intended-READ], MinLatency(us), 215
[Intended-READ], MaxLatency(us), 44447
[Intended-READ], 50thPercentileLatency(us), 444
[Intended-READ], 95thPercentileLatency(us), 625
[Intended-READ], 99thPercentileLatency(us), 975
[Intended-READ], 99.9PercentileLatency(us), 3325
[Intended-READ], 99.99PercentileLatency(us), 7635
[Intended-CLEANUP], Operations, 256
[Intended-CLEANUP], AverageLatency(us), 43.46875
[Intended-CLEANUP], MinLatency(us), 13
[Intended-CLEANUP], MaxLatency(us), 811
[Intended-CLEANUP], 50thPercentileLatency(us), 27
[Intended-CLEANUP], 95thPercentileLatency(us), 120
[Intended-CLEANUP], 99thPercentileLatency(us), 240
[Intended-CLEANUP], 99.9PercentileLatency(us), 811
[Intended-CLEANUP], 99.99PercentileLatency(us), 811
