java -cp /mnt/dev/YCSB-hreplace-dist/redis-binding/conf:/mnt/dev/YCSB-hreplace-dist/conf:/mnt/dev/YCSB-hreplace-dist/lib/htrace-core4-4.1.0-incubating.jar:/mnt/dev/YCSB-hreplace-dist/lib/slf4j-api-1.7.25.jar:/mnt/dev/YCSB-hreplace-dist/lib/jackson-mapper-asl-1.9.4.jar:/mnt/dev/YCSB-hreplace-dist/lib/HdrHistogram-2.1.12.jar:/mnt/dev/YCSB-hreplace-dist/lib/jackson-core-asl-1.9.4.jar:/mnt/dev/YCSB-hreplace-dist/lib/jedis-3.9.0.jar:/mnt/dev/YCSB-hreplace-dist/lib/core-0.18.0-SNAPSHOT.jar:/mnt/dev/YCSB-hreplace-dist/lib/commons-pool2-2.11.1.jar:/mnt/dev/YCSB-hreplace-dist/lib/redis-binding-0.18.0-SNAPSHOT.jar site.ycsb.Client -db site.ycsb.db.RedisClient -s -threads 256 -P /mnt/dev/YCSB-hreplace-dist/workloads/workloada -target 100000 -p recordcount=100000000 -p operationcount=1000000 -p fieldcount=10 -p fieldlength=128 -p fieldlengthdistribution=constant -p readallfields=true -p writeallfields=true -p insertorder=hashed -p requestdistribution=uniform -p readproportion=1 -p updateproportion=0 -p insertproportion=0 -p scanproportion=0 -p readmodifywriteproportion=0 -p measurementtype=hdrhistogram -p measurement.interval=both -p hdrhistogram.percentiles=50,95,99,99.9,99.99 -p status.interval=10 -p redis.host=172.16.0.4 -p redis.port=16379 -p redis.scanindex=none -p redis.timeout=10000 -p redis.cluster=false -p redis.updatecommand=hmset -t
Command line: -db site.ycsb.db.RedisClient -s -threads 256 -P /mnt/dev/YCSB-hreplace-dist/workloads/workloada -target 100000 -p recordcount=100000000 -p operationcount=1000000 -p fieldcount=10 -p fieldlength=128 -p fieldlengthdistribution=constant -p readallfields=true -p writeallfields=true -p insertorder=hashed -p requestdistribution=uniform -p readproportion=1 -p updateproportion=0 -p insertproportion=0 -p scanproportion=0 -p readmodifywriteproportion=0 -p measurementtype=hdrhistogram -p measurement.interval=both -p hdrhistogram.percentiles=50,95,99,99.9,99.99 -p status.interval=10 -p redis.host=172.16.0.4 -p redis.port=16379 -p redis.scanindex=none -p redis.timeout=10000 -p redis.cluster=false -p redis.updatecommand=hmset -t
YCSB Client 0.18.0-SNAPSHOT

Loading workload...
Starting test.
SLF4J: Failed to load class "org.slf4j.impl.StaticLoggerBinder".
SLF4J: Defaulting to no-operation (NOP) logger implementation
SLF4J: See http://www.slf4j.org/codes.html#StaticLoggerBinder for further details.
2026-09-13 15:35:33:251 0 sec: 0 operations; est completion in 0 second 
DBWrapper: report latency for each error is false and specific error codes to track for latency are: []
2026-09-13 15:35:43:200 10 sec: 992229 operations; 99222.9 current ops/sec; est completion in 1 second [READ: Count=992304, Max=45439, Min=208, Avg=328.1, 50=298, 90=380, 99=609, 99.9=3295, 99.99=10751] [Intended-READ: Count=992727, Max=117823, Min=232, Avg=589.57, 50=358, 90=441, 99=2185, 99.9=51999, 99.99=101631] 
2026-09-13 15:35:43:301 10 sec: 1000000 operations; 76186.27 current ops/sec; [READ: Count=7696, Max=1215, Min=218, Avg=305.21, 50=293, 90=370, 99=442, 99.9=569, 99.99=1215] [CLEANUP: Count=256, Max=672, Min=10, Avg=31.29, 50=16, 90=27, 99=634, 99.9=672, 99.99=672] [Intended-READ: Count=7273, Max=1288, Min=237, Avg=362.49, 50=351, 90=430, 99=503, 99.9=628, 99.99=1288] [Intended-CLEANUP: Count=256, Max=673, Min=10, Avg=31.54, 50=16, 90=28, 99=635, 99.9=673, 99.99=673] 
[OVERALL], RunTime(ms), 10102
[OVERALL], Throughput(ops/sec), 98990.29895070283
[TOTAL_GCS_G1_Young_Generation], Count, 20
[TOTAL_GC_TIME_G1_Young_Generation], Time(ms), 22
[TOTAL_GC_TIME_%_G1_Young_Generation], Time(%), 0.21777865769154622
[TOTAL_GCS_G1_Old_Generation], Count, 0
[TOTAL_GC_TIME_G1_Old_Generation], Time(ms), 0
[TOTAL_GC_TIME_%_G1_Old_Generation], Time(%), 0.0
[TOTAL_GCs], Count, 20
[TOTAL_GC_TIME], Time(ms), 22
[TOTAL_GC_TIME_%], Time(%), 0.21777865769154622
[READ], Operations, 1000000
[READ], AverageLatency(us), 327.920078
[READ], MinLatency(us), 208
[READ], MaxLatency(us), 45439
[READ], 50thPercentileLatency(us), 298
[READ], 95thPercentileLatency(us), 405
[READ], 99thPercentileLatency(us), 603
[READ], 99.9PercentileLatency(us), 3289
[READ], 99.99PercentileLatency(us), 10743
[READ], Return=OK, 1000000
[CLEANUP], Operations, 256
[CLEANUP], AverageLatency(us), 31.29296875
[CLEANUP], MinLatency(us), 10
[CLEANUP], MaxLatency(us), 672
[CLEANUP], 50thPercentileLatency(us), 16
[CLEANUP], 95thPercentileLatency(us), 51
[CLEANUP], 99thPercentileLatency(us), 634
[CLEANUP], 99.9PercentileLatency(us), 672
[CLEANUP], 99.99PercentileLatency(us), 672
[Intended-READ], Operations, 1000000
[Intended-READ], AverageLatency(us), 587.916469
[Intended-READ], MinLatency(us), 232
[Intended-READ], MaxLatency(us), 117823
[Intended-READ], 50thPercentileLatency(us), 358
[Intended-READ], 95thPercentileLatency(us), 467
[Intended-READ], 99thPercentileLatency(us), 2147
[Intended-READ], 99.9PercentileLatency(us), 51743
[Intended-READ], 99.99PercentileLatency(us), 101567
[Intended-CLEANUP], Operations, 256
[Intended-CLEANUP], AverageLatency(us), 31.53515625
[Intended-CLEANUP], MinLatency(us), 10
[Intended-CLEANUP], MaxLatency(us), 673
[Intended-CLEANUP], 50thPercentileLatency(us), 16
[Intended-CLEANUP], 95thPercentileLatency(us), 51
[Intended-CLEANUP], 99thPercentileLatency(us), 635
[Intended-CLEANUP], 99.9PercentileLatency(us), 673
[Intended-CLEANUP], 99.99PercentileLatency(us), 673
