java -cp /mnt/dev/YCSB-hreplace-dist/redis-binding/conf:/mnt/dev/YCSB-hreplace-dist/conf:/mnt/dev/YCSB-hreplace-dist/lib/htrace-core4-4.1.0-incubating.jar:/mnt/dev/YCSB-hreplace-dist/lib/slf4j-api-1.7.25.jar:/mnt/dev/YCSB-hreplace-dist/lib/jackson-mapper-asl-1.9.4.jar:/mnt/dev/YCSB-hreplace-dist/lib/HdrHistogram-2.1.12.jar:/mnt/dev/YCSB-hreplace-dist/lib/jackson-core-asl-1.9.4.jar:/mnt/dev/YCSB-hreplace-dist/lib/jedis-3.9.0.jar:/mnt/dev/YCSB-hreplace-dist/lib/core-0.18.0-SNAPSHOT.jar:/mnt/dev/YCSB-hreplace-dist/lib/commons-pool2-2.11.1.jar:/mnt/dev/YCSB-hreplace-dist/lib/redis-binding-0.18.0-SNAPSHOT.jar site.ycsb.Client -db site.ycsb.db.RedisClient -s -threads 256 -P /mnt/dev/YCSB-hreplace-dist/workloads/workloada -p recordcount=100000000 -p operationcount=5000000 -p fieldcount=10 -p fieldlength=128 -p fieldlengthdistribution=constant -p readallfields=true -p writeallfields=true -p insertorder=hashed -p requestdistribution=uniform -p readproportion=0.5 -p updateproportion=0.5 -p insertproportion=0 -p scanproportion=0 -p readmodifywriteproportion=0 -p measurementtype=hdrhistogram -p measurement.interval=both -p hdrhistogram.percentiles=50,95,99,99.9,99.99 -p status.interval=10 -p redis.host=172.16.0.4 -p redis.port=16379 -p redis.scanindex=none -p redis.timeout=10000 -p redis.cluster=false -p redis.updatecommand=keylane.hreplace -t
Command line: -db site.ycsb.db.RedisClient -s -threads 256 -P /mnt/dev/YCSB-hreplace-dist/workloads/workloada -p recordcount=100000000 -p operationcount=5000000 -p fieldcount=10 -p fieldlength=128 -p fieldlengthdistribution=constant -p readallfields=true -p writeallfields=true -p insertorder=hashed -p requestdistribution=uniform -p readproportion=0.5 -p updateproportion=0.5 -p insertproportion=0 -p scanproportion=0 -p readmodifywriteproportion=0 -p measurementtype=hdrhistogram -p measurement.interval=both -p hdrhistogram.percentiles=50,95,99,99.9,99.99 -p status.interval=10 -p redis.host=172.16.0.4 -p redis.port=16379 -p redis.scanindex=none -p redis.timeout=10000 -p redis.cluster=false -p redis.updatecommand=keylane.hreplace -t
YCSB Client 0.18.0-SNAPSHOT

Loading workload...
Starting test.
SLF4J: Failed to load class "org.slf4j.impl.StaticLoggerBinder".
SLF4J: Defaulting to no-operation (NOP) logger implementation
SLF4J: See http://www.slf4j.org/codes.html#StaticLoggerBinder for further details.
2026-09-13 16:09:34:085 0 sec: 0 operations; est completion in 0 second 
DBWrapper: report latency for each error is false and specific error codes to track for latency are: []
2026-09-13 16:09:44:045 10 sec: 4472635 operations; 447263.5 current ops/sec; est completion in 2 second [READ: Count=2236605, Max=72959, Min=195, Avg=632.88, 50=509, 90=753, 99=3609, 99.9=6371, 99.99=28655] [UPDATE: Count=2241286, Max=71487, Min=161, Avg=490.55, 50=385, 90=589, 99=2965, 99.9=5731, 99.99=34111] [Intended-READ: Count=2243181, Max=72959, Min=195, Avg=632.8, 50=509, 90=753, 99=3605, 99.9=6367, 99.99=28591] [Intended-UPDATE: Count=2245933, Max=71487, Min=161, Avg=490.58, 50=385, 90=590, 99=2963, 99.9=5727, 99.99=34111] 
2026-09-13 16:09:45:665 11 sec: 5000000 operations; 325533.95 current ops/sec; [READ: Count=262975, Max=10311, Min=208, Avg=516.69, 50=439, 90=652, 99=2687, 99.9=5311, 99.99=6647] [CLEANUP: Count=256, Max=1469, Min=13, Avg=50.89, 50=33, 90=81, 99=217, 99.9=1469, 99.99=1469] [UPDATE: Count=259134, Max=7099, Min=162, Avg=383.74, 50=331, 90=501, 99=1749, 99.9=4251, 99.99=5515] [Intended-READ: Count=256399, Max=10311, Min=208, Avg=514.83, 50=437, 90=650, 99=2691, 99.9=5323, 99.99=6647] [Intended-CLEANUP: Count=256, Max=1470, Min=14, Avg=51.43, 50=33, 90=82, 99=217, 99.9=1470, 99.99=1470] [Intended-UPDATE: Count=254487, Max=7099, Min=162, Avg=381.92, 50=330, 90=499, 99=1698, 99.9=4263, 99.99=5515] 
[OVERALL], RunTime(ms), 11619
[OVERALL], Throughput(ops/sec), 430329.6324984938
[TOTAL_GCS_G1_Young_Generation], Count, 93
[TOTAL_GC_TIME_G1_Young_Generation], Time(ms), 106
[TOTAL_GC_TIME_%_G1_Young_Generation], Time(%), 0.9122988208968069
[TOTAL_GCS_G1_Old_Generation], Count, 0
[TOTAL_GC_TIME_G1_Old_Generation], Time(ms), 0
[TOTAL_GC_TIME_%_G1_Old_Generation], Time(%), 0.0
[TOTAL_GCs], Count, 93
[TOTAL_GC_TIME], Time(ms), 106
[TOTAL_GC_TIME_%], Time(%), 0.9122988208968069
[READ], Operations, 2499580
[READ], AverageLatency(us), 620.6550112418886
[READ], MinLatency(us), 195
[READ], MaxLatency(us), 72959
[READ], 50thPercentileLatency(us), 503
[READ], 95thPercentileLatency(us), 1120
[READ], 99thPercentileLatency(us), 3537
[READ], 99.9PercentileLatency(us), 6279
[READ], 99.99PercentileLatency(us), 27007
[READ], Return=OK, 2499580
[CLEANUP], Operations, 256
[CLEANUP], AverageLatency(us), 50.89453125
[CLEANUP], MinLatency(us), 13
[CLEANUP], MaxLatency(us), 1469
[CLEANUP], 50thPercentileLatency(us), 33
[CLEANUP], 95thPercentileLatency(us), 105
[CLEANUP], 99thPercentileLatency(us), 217
[CLEANUP], 99.9PercentileLatency(us), 1469
[CLEANUP], 99.99PercentileLatency(us), 1469
[UPDATE], Operations, 2500420
[UPDATE], AverageLatency(us), 479.47975140176453
[UPDATE], MinLatency(us), 161
[UPDATE], MaxLatency(us), 71487
[UPDATE], 50thPercentileLatency(us), 380
[UPDATE], 95thPercentileLatency(us), 864
[UPDATE], 99thPercentileLatency(us), 2885
[UPDATE], 99.9PercentileLatency(us), 5603
[UPDATE], 99.99PercentileLatency(us), 32351
[UPDATE], Return=OK, 2500420
[Intended-READ], Operations, 2499580
[Intended-READ], AverageLatency(us), 620.7001168196257
[Intended-READ], MinLatency(us), 195
[Intended-READ], MaxLatency(us), 72959
[Intended-READ], 50thPercentileLatency(us), 503
[Intended-READ], 95thPercentileLatency(us), 1120
[Intended-READ], 99thPercentileLatency(us), 3537
[Intended-READ], 99.9PercentileLatency(us), 6279
[Intended-READ], 99.99PercentileLatency(us), 27007
[Intended-CLEANUP], Operations, 256
[Intended-CLEANUP], AverageLatency(us), 51.4296875
[Intended-CLEANUP], MinLatency(us), 14
[Intended-CLEANUP], MaxLatency(us), 1470
[Intended-CLEANUP], 50thPercentileLatency(us), 33
[Intended-CLEANUP], 95thPercentileLatency(us), 106
[Intended-CLEANUP], 99thPercentileLatency(us), 217
[Intended-CLEANUP], 99.9PercentileLatency(us), 1470
[Intended-CLEANUP], 99.99PercentileLatency(us), 1470
[Intended-UPDATE], Operations, 2500420
[Intended-UPDATE], AverageLatency(us), 479.5197946744947
[Intended-UPDATE], MinLatency(us), 161
[Intended-UPDATE], MaxLatency(us), 71487
[Intended-UPDATE], 50thPercentileLatency(us), 380
[Intended-UPDATE], 95thPercentileLatency(us), 864
[Intended-UPDATE], 99thPercentileLatency(us), 2885
[Intended-UPDATE], 99.9PercentileLatency(us), 5603
[Intended-UPDATE], 99.99PercentileLatency(us), 32351
