java -cp /mnt/dev/YCSB-hreplace-dist/redis-binding/conf:/mnt/dev/YCSB-hreplace-dist/conf:/mnt/dev/YCSB-hreplace-dist/lib/htrace-core4-4.1.0-incubating.jar:/mnt/dev/YCSB-hreplace-dist/lib/slf4j-api-1.7.25.jar:/mnt/dev/YCSB-hreplace-dist/lib/jackson-mapper-asl-1.9.4.jar:/mnt/dev/YCSB-hreplace-dist/lib/HdrHistogram-2.1.12.jar:/mnt/dev/YCSB-hreplace-dist/lib/jackson-core-asl-1.9.4.jar:/mnt/dev/YCSB-hreplace-dist/lib/jedis-3.9.0.jar:/mnt/dev/YCSB-hreplace-dist/lib/core-0.18.0-SNAPSHOT.jar:/mnt/dev/YCSB-hreplace-dist/lib/commons-pool2-2.11.1.jar:/mnt/dev/YCSB-hreplace-dist/lib/redis-binding-0.18.0-SNAPSHOT.jar site.ycsb.Client -db site.ycsb.db.RedisClient -s -threads 256 -P /mnt/dev/YCSB-hreplace-dist/workloads/workloada -target 100000 -p recordcount=100000000 -p operationcount=5000000 -p fieldcount=10 -p fieldlength=128 -p fieldlengthdistribution=constant -p readallfields=true -p writeallfields=true -p insertorder=hashed -p requestdistribution=uniform -p readproportion=0.5 -p updateproportion=0.5 -p insertproportion=0 -p scanproportion=0 -p readmodifywriteproportion=0 -p measurementtype=hdrhistogram -p measurement.interval=both -p hdrhistogram.percentiles=50,95,99,99.9,99.99 -p status.interval=10 -p redis.host=172.16.0.4 -p redis.port=16379 -p redis.scanindex=none -p redis.timeout=10000 -p redis.cluster=false -p redis.updatecommand=keylane.hreplace -t
Command line: -db site.ycsb.db.RedisClient -s -threads 256 -P /mnt/dev/YCSB-hreplace-dist/workloads/workloada -target 100000 -p recordcount=100000000 -p operationcount=5000000 -p fieldcount=10 -p fieldlength=128 -p fieldlengthdistribution=constant -p readallfields=true -p writeallfields=true -p insertorder=hashed -p requestdistribution=uniform -p readproportion=0.5 -p updateproportion=0.5 -p insertproportion=0 -p scanproportion=0 -p readmodifywriteproportion=0 -p measurementtype=hdrhistogram -p measurement.interval=both -p hdrhistogram.percentiles=50,95,99,99.9,99.99 -p status.interval=10 -p redis.host=172.16.0.4 -p redis.port=16379 -p redis.scanindex=none -p redis.timeout=10000 -p redis.cluster=false -p redis.updatecommand=keylane.hreplace -t
YCSB Client 0.18.0-SNAPSHOT

Loading workload...
Starting test.
SLF4J: Failed to load class "org.slf4j.impl.StaticLoggerBinder".
SLF4J: Defaulting to no-operation (NOP) logger implementation
SLF4J: See http://www.slf4j.org/codes.html#StaticLoggerBinder for further details.
2026-09-13 16:34:15:868 0 sec: 0 operations; est completion in 0 second 
DBWrapper: report latency for each error is false and specific error codes to track for latency are: []
2026-09-13 16:34:25:770 10 sec: 988560 operations; 98856 current ops/sec; est completion in 41 seconds [READ: Count=494441, Max=27007, Min=175, Avg=329.12, 50=298, 90=354, 99=916, 99.9=5275, 99.99=16527] [UPDATE: Count=494380, Max=30671, Min=152, Avg=241.38, 50=218, 90=273, 99=653, 99.9=2889, 99.99=12287] [Intended-READ: Count=494726, Max=108543, Min=189, Avg=614.32, 50=356, 90=417, 99=3501, 99.9=57567, 99.99=93375] [Intended-UPDATE: Count=494599, Max=107583, Min=170, Avg=523.29, 50=278, 90=336, 99=2323, 99.9=58047, 99.99=95551] 
2026-09-13 16:34:35:770 20 sec: 1988559 operations; 99989.9 current ops/sec; est completion in 31 seconds [READ: Count=499779, Max=12703, Min=168, Avg=329.84, 50=297, 90=354, 99=867, 99.9=5839, 99.99=9415] [UPDATE: Count=500103, Max=6387, Min=149, Avg=234.24, 50=218, 90=272, 99=417, 99.9=2621, 99.99=4291] [Intended-READ: Count=499630, Max=12767, Min=207, Avg=397.19, 50=356, 90=414, 99=1230, 99.9=6575, 99.99=9919] [Intended-UPDATE: Count=500009, Max=11111, Min=172, Avg=301.88, 50=277, 90=333, 99=766, 99.9=4187, 99.99=7739] 
2026-09-13 16:34:45:770 30 sec: 2988548 operations; 100008.9 current ops/sec; est completion in 21 seconds [READ: Count=499016, Max=11127, Min=176, Avg=321.82, 50=297, 90=352, 99=638, 99.9=4851, 99.99=8087] [UPDATE: Count=500933, Max=4995, Min=151, Avg=232.94, 50=218, 90=271, 99=409, 99.9=2217, 99.99=3441] [Intended-READ: Count=498971, Max=11191, Min=232, Avg=384.57, 50=356, 90=413, 99=968, 99.9=5463, 99.99=8239] [Intended-UPDATE: Count=500899, Max=9023, Min=165, Avg=296.08, 50=277, 90=332, 99=630, 99.9=2981, 99.99=6051] 
2026-09-13 16:34:55:770 40 sec: 3988560 operations; 100001.2 current ops/sec; est completion in 11 seconds [READ: Count=500336, Max=12047, Min=172, Avg=325.73, 50=297, 90=353, 99=767, 99.9=5203, 99.99=8535] [UPDATE: Count=499675, Max=5883, Min=149, Avg=233.35, 50=218, 90=271, 99=413, 99.9=2405, 99.99=3883] [Intended-READ: Count=500336, Max=12103, Min=203, Avg=390.11, 50=356, 90=413, 99=1069, 99.9=5735, 99.99=8791] [Intended-UPDATE: Count=499737, Max=8503, Min=173, Avg=297.89, 50=277, 90=331, 99=685, 99.9=3411, 99.99=6555] 
2026-09-13 16:35:05:770 50 sec: 4988554 operations; 99999.4 current ops/sec; est completion in 1 second [READ: Count=500339, Max=10399, Min=174, Avg=322.5, 50=297, 90=353, 99=677, 99.9=4691, 99.99=8071] [UPDATE: Count=499641, Max=6467, Min=148, Avg=233.58, 50=218, 90=271, 99=417, 99.9=2361, 99.99=3769] [Intended-READ: Count=500350, Max=10495, Min=226, Avg=385.56, 50=356, 90=413, 99=998, 99.9=5367, 99.99=8367] [Intended-UPDATE: Count=499584, Max=10263, Min=173, Avg=297.08, 50=277, 90=332, 99=661, 99.9=3183, 99.99=6335] 
2026-09-13 16:35:05:898 50 sec: 5000000 operations; 88728.68 current ops/sec; [READ: Count=5754, Max=692, Min=180, Avg=297.03, 50=293, 90=333, 99=406, 99.9=582, 99.99=692] [CLEANUP: Count=256, Max=571, Min=11, Avg=20.99, 50=16, 90=28, 99=81, 99.9=571, 99.99=571] [UPDATE: Count=5603, Max=938, Min=156, Avg=219.58, 50=216, 90=252, 99=315, 99.9=374, 99.99=938] [Intended-READ: Count=5652, Max=753, Min=238, Avg=354.85, 50=352, 90=394, 99=465, 99.9=665, 99.99=753] [Intended-CLEANUP: Count=256, Max=572, Min=11, Avg=21.22, 50=16, 90=28, 99=81, 99.9=572, 99.99=572] [Intended-UPDATE: Count=5507, Max=1118, Min=187, Avg=277.46, 50=274, 90=311, 99=377, 99.9=441, 99.99=1118] 
[OVERALL], RunTime(ms), 50128
[OVERALL], Throughput(ops/sec), 99744.65368656241
[TOTAL_GCS_G1_Young_Generation], Count, 136
[TOTAL_GC_TIME_G1_Young_Generation], Time(ms), 98
[TOTAL_GC_TIME_%_G1_Young_Generation], Time(%), 0.1954995212256623
[TOTAL_GCS_G1_Old_Generation], Count, 0
[TOTAL_GC_TIME_G1_Old_Generation], Time(ms), 0
[TOTAL_GC_TIME_%_G1_Old_Generation], Time(%), 0.0
[TOTAL_GCs], Count, 136
[TOTAL_GC_TIME], Time(ms), 98
[TOTAL_GC_TIME_%], Time(%), 0.1954995212256623
[READ], Operations, 2499665
[READ], AverageLatency(us), 325.72566443903486
[READ], MinLatency(us), 168
[READ], MaxLatency(us), 27007
[READ], 50thPercentileLatency(us), 297
[READ], 95thPercentileLatency(us), 386
[READ], 99thPercentileLatency(us), 776
[READ], 99.9PercentileLatency(us), 5223
[READ], 99.99PercentileLatency(us), 9207
[READ], Return=OK, 2499665
[CLEANUP], Operations, 256
[CLEANUP], AverageLatency(us), 20.98828125
[CLEANUP], MinLatency(us), 11
[CLEANUP], MaxLatency(us), 571
[CLEANUP], 50thPercentileLatency(us), 16
[CLEANUP], 95thPercentileLatency(us), 34
[CLEANUP], 99thPercentileLatency(us), 81
[CLEANUP], 99.9PercentileLatency(us), 571
[CLEANUP], 99.99PercentileLatency(us), 571
[UPDATE], Operations, 2500335
[UPDATE], AverageLatency(us), 235.04900063391506
[UPDATE], MinLatency(us), 148
[UPDATE], MaxLatency(us), 30671
[UPDATE], 50thPercentileLatency(us), 218
[UPDATE], 95thPercentileLatency(us), 304
[UPDATE], 99thPercentileLatency(us), 434
[UPDATE], 99.9PercentileLatency(us), 2491
[UPDATE], 99.99PercentileLatency(us), 4451
[UPDATE], Return=OK, 2500335
[Intended-READ], Operations, 2499665
[Intended-READ], AverageLatency(us), 433.8042361676465
[Intended-READ], MinLatency(us), 189
[Intended-READ], MaxLatency(us), 108543
[Intended-READ], 50thPercentileLatency(us), 356
[Intended-READ], 95thPercentileLatency(us), 450
[Intended-READ], 99thPercentileLatency(us), 1268
[Intended-READ], 99.9PercentileLatency(us), 15991
[Intended-READ], 99.99PercentileLatency(us), 73343
[Intended-CLEANUP], Operations, 256
[Intended-CLEANUP], AverageLatency(us), 21.21875
[Intended-CLEANUP], MinLatency(us), 11
[Intended-CLEANUP], MaxLatency(us), 572
[Intended-CLEANUP], 50thPercentileLatency(us), 16
[Intended-CLEANUP], 95thPercentileLatency(us), 34
[Intended-CLEANUP], 99thPercentileLatency(us), 81
[Intended-CLEANUP], 99.9PercentileLatency(us), 572
[Intended-CLEANUP], 99.99PercentileLatency(us), 572
[Intended-UPDATE], Operations, 2500335
[Intended-UPDATE], AverageLatency(us), 342.7044288065399
[Intended-UPDATE], MinLatency(us), 165
[Intended-UPDATE], MaxLatency(us), 107583
[Intended-UPDATE], 50thPercentileLatency(us), 277
[Intended-UPDATE], 95thPercentileLatency(us), 368
[Intended-UPDATE], 99thPercentileLatency(us), 872
[Intended-UPDATE], 99.9PercentileLatency(us), 14535
[Intended-UPDATE], 99.99PercentileLatency(us), 75519
