java -cp /mnt/dev/YCSB-hreplace-dist/redis-binding/conf:/mnt/dev/YCSB-hreplace-dist/conf:/mnt/dev/YCSB-hreplace-dist/lib/htrace-core4-4.1.0-incubating.jar:/mnt/dev/YCSB-hreplace-dist/lib/slf4j-api-1.7.25.jar:/mnt/dev/YCSB-hreplace-dist/lib/jackson-mapper-asl-1.9.4.jar:/mnt/dev/YCSB-hreplace-dist/lib/HdrHistogram-2.1.12.jar:/mnt/dev/YCSB-hreplace-dist/lib/jackson-core-asl-1.9.4.jar:/mnt/dev/YCSB-hreplace-dist/lib/jedis-3.9.0.jar:/mnt/dev/YCSB-hreplace-dist/lib/core-0.18.0-SNAPSHOT.jar:/mnt/dev/YCSB-hreplace-dist/lib/commons-pool2-2.11.1.jar:/mnt/dev/YCSB-hreplace-dist/lib/redis-binding-0.18.0-SNAPSHOT.jar site.ycsb.Client -db site.ycsb.db.RedisClient -s -threads 256 -P /mnt/dev/YCSB-hreplace-dist/workloads/workloada -target 100000 -p recordcount=100000000 -p operationcount=5000000 -p fieldcount=10 -p fieldlength=128 -p fieldlengthdistribution=constant -p readallfields=true -p writeallfields=true -p insertorder=hashed -p requestdistribution=uniform -p readproportion=1 -p updateproportion=0 -p insertproportion=0 -p scanproportion=0 -p readmodifywriteproportion=0 -p measurementtype=hdrhistogram -p measurement.interval=both -p hdrhistogram.percentiles=50,95,99,99.9,99.99 -p status.interval=10 -p redis.host=172.16.0.4 -p redis.port=16379 -p redis.scanindex=none -p redis.timeout=10000 -p redis.cluster=false -p redis.updatecommand=keylane.hreplace -t
Command line: -db site.ycsb.db.RedisClient -s -threads 256 -P /mnt/dev/YCSB-hreplace-dist/workloads/workloada -target 100000 -p recordcount=100000000 -p operationcount=5000000 -p fieldcount=10 -p fieldlength=128 -p fieldlengthdistribution=constant -p readallfields=true -p writeallfields=true -p insertorder=hashed -p requestdistribution=uniform -p readproportion=1 -p updateproportion=0 -p insertproportion=0 -p scanproportion=0 -p readmodifywriteproportion=0 -p measurementtype=hdrhistogram -p measurement.interval=both -p hdrhistogram.percentiles=50,95,99,99.9,99.99 -p status.interval=10 -p redis.host=172.16.0.4 -p redis.port=16379 -p redis.scanindex=none -p redis.timeout=10000 -p redis.cluster=false -p redis.updatecommand=keylane.hreplace -t
YCSB Client 0.18.0-SNAPSHOT

Loading workload...
Starting test.
SLF4J: Failed to load class "org.slf4j.impl.StaticLoggerBinder".
SLF4J: Defaulting to no-operation (NOP) logger implementation
SLF4J: See http://www.slf4j.org/codes.html#StaticLoggerBinder for further details.
2026-09-13 16:25:10:400 0 sec: 0 operations; est completion in 0 second 
DBWrapper: report latency for each error is false and specific error codes to track for latency are: []
2026-09-13 16:25:20:366 10 sec: 993709 operations; 99370.9 current ops/sec; est completion in 41 seconds [READ: Count=993790, Max=13455, Min=204, Avg=313.81, 50=298, 90=382, 99=485, 99.9=789, 99.99=2433] [Intended-READ: Count=994201, Max=44607, Min=234, Avg=403.21, 50=358, 90=442, 99=576, 99.9=12055, 99.99=39999] 
2026-09-13 16:25:30:366 20 sec: 1993709 operations; 100000 current ops/sec; est completion in 31 seconds [READ: Count=999965, Max=1594, Min=211, Avg=312.55, 50=299, 90=381, 99=478, 99.9=664, 99.99=1151] [Intended-READ: Count=999675, Max=1737, Min=232, Avg=371.36, 50=358, 90=441, 99=544, 99.9=995, 99.99=1331] 
2026-09-13 16:25:40:366 30 sec: 2993718 operations; 100000.9 current ops/sec; est completion in 21 seconds [READ: Count=1000002, Max=1644, Min=206, Avg=315.22, 50=301, 90=386, 99=487, 99.9=668, 99.99=1169] [Intended-READ: Count=999942, Max=1785, Min=229, Avg=374.11, 50=360, 90=445, 99=553, 99.9=1000, 99.99=1340] 
2026-09-13 16:25:50:366 40 sec: 3993713 operations; 99999.5 current ops/sec; est completion in 11 seconds [READ: Count=999997, Max=1966, Min=209, Avg=313.58, 50=299, 90=383, 99=481, 99.9=668, 99.99=1196] [Intended-READ: Count=999996, Max=2403, Min=230, Avg=372.64, 50=359, 90=443, 99=547, 99.9=1010, 99.99=1552] 
2026-09-13 16:26:00:366 50 sec: 4993703 operations; 99999 current ops/sec; est completion in 1 second [READ: Count=999990, Max=1579, Min=209, Avg=312.56, 50=298, 90=383, 99=483, 99.9=662, 99.99=1110] [Intended-READ: Count=1000112, Max=1738, Min=232, Avg=371.51, 50=357, 90=442, 99=549, 99.9=986, 99.99=1322] 
2026-09-13 16:26:00:445 50 sec: 5000000 operations; 78712.5 current ops/sec; [READ: Count=6256, Max=705, Min=212, Avg=309.92, 50=296, 90=379, 99=478, 99.9=578, 99.99=705] [CLEANUP: Count=256, Max=793, Min=10, Avg=36.24, 50=16, 90=26, 99=688, 99.9=793, 99.99=793] [Intended-READ: Count=6074, Max=795, Min=250, Avg=367.89, 50=356, 90=437, 99=535, 99.9=695, 99.99=795] [Intended-CLEANUP: Count=256, Max=795, Min=10, Avg=36.46, 50=16, 90=26, 99=689, 99.9=795, 99.99=795] 
[OVERALL], RunTime(ms), 50079
[OVERALL], Throughput(ops/sec), 99842.24924619102
[TOTAL_GCS_G1_Young_Generation], Count, 91
[TOTAL_GC_TIME_G1_Young_Generation], Time(ms), 71
[TOTAL_GC_TIME_%_G1_Young_Generation], Time(%), 0.14177599392959125
[TOTAL_GCS_G1_Old_Generation], Count, 0
[TOTAL_GC_TIME_G1_Old_Generation], Time(ms), 0
[TOTAL_GC_TIME_%_G1_Old_Generation], Time(%), 0.0
[TOTAL_GCs], Count, 91
[TOTAL_GC_TIME], Time(ms), 71
[TOTAL_GC_TIME_%], Time(%), 0.14177599392959125
[READ], Operations, 5000000
[READ], AverageLatency(us), 313.5392546
[READ], MinLatency(us), 204
[READ], MaxLatency(us), 13455
[READ], 50thPercentileLatency(us), 299
[READ], 95thPercentileLatency(us), 410
[READ], 99thPercentileLatency(us), 483
[READ], 99.9PercentileLatency(us), 678
[READ], 99.99PercentileLatency(us), 1379
[READ], Return=OK, 5000000
[CLEANUP], Operations, 256
[CLEANUP], AverageLatency(us), 36.2421875
[CLEANUP], MinLatency(us), 10
[CLEANUP], MaxLatency(us), 793
[CLEANUP], 50thPercentileLatency(us), 16
[CLEANUP], 95thPercentileLatency(us), 44
[CLEANUP], 99thPercentileLatency(us), 688
[CLEANUP], 99.9PercentileLatency(us), 793
[CLEANUP], 99.99PercentileLatency(us), 793
[Intended-READ], Operations, 5000000
[Intended-READ], AverageLatency(us), 378.525714
[Intended-READ], MinLatency(us), 229
[Intended-READ], MaxLatency(us), 44607
[Intended-READ], 50thPercentileLatency(us), 358
[Intended-READ], 95thPercentileLatency(us), 470
[Intended-READ], 99thPercentileLatency(us), 552
[Intended-READ], 99.9PercentileLatency(us), 1221
[Intended-READ], 99.99PercentileLatency(us), 24911
[Intended-CLEANUP], Operations, 256
[Intended-CLEANUP], AverageLatency(us), 36.46484375
[Intended-CLEANUP], MinLatency(us), 10
[Intended-CLEANUP], MaxLatency(us), 795
[Intended-CLEANUP], 50thPercentileLatency(us), 16
[Intended-CLEANUP], 95thPercentileLatency(us), 44
[Intended-CLEANUP], 99thPercentileLatency(us), 689
[Intended-CLEANUP], 99.9PercentileLatency(us), 795
[Intended-CLEANUP], 99.99PercentileLatency(us), 795
