java -cp /mnt/dev/YCSB-hreplace-dist/redis-binding/conf:/mnt/dev/YCSB-hreplace-dist/conf:/mnt/dev/YCSB-hreplace-dist/lib/htrace-core4-4.1.0-incubating.jar:/mnt/dev/YCSB-hreplace-dist/lib/slf4j-api-1.7.25.jar:/mnt/dev/YCSB-hreplace-dist/lib/jackson-mapper-asl-1.9.4.jar:/mnt/dev/YCSB-hreplace-dist/lib/HdrHistogram-2.1.12.jar:/mnt/dev/YCSB-hreplace-dist/lib/jackson-core-asl-1.9.4.jar:/mnt/dev/YCSB-hreplace-dist/lib/jedis-3.9.0.jar:/mnt/dev/YCSB-hreplace-dist/lib/core-0.18.0-SNAPSHOT.jar:/mnt/dev/YCSB-hreplace-dist/lib/commons-pool2-2.11.1.jar:/mnt/dev/YCSB-hreplace-dist/lib/redis-binding-0.18.0-SNAPSHOT.jar site.ycsb.Client -db site.ycsb.db.RedisClient -s -threads 256 -P /mnt/dev/YCSB-hreplace-dist/workloads/workloada -target 100000 -p recordcount=100000000 -p operationcount=1000000 -p fieldcount=10 -p fieldlength=128 -p fieldlengthdistribution=constant -p readallfields=true -p writeallfields=true -p insertorder=hashed -p requestdistribution=uniform -p readproportion=1 -p updateproportion=0 -p insertproportion=0 -p scanproportion=0 -p readmodifywriteproportion=0 -p measurementtype=hdrhistogram -p measurement.interval=both -p hdrhistogram.percentiles=50,95,99,99.9,99.99 -p status.interval=10 -p redis.host=172.16.0.4 -p redis.port=16379 -p redis.scanindex=none -p redis.timeout=10000 -p redis.cluster=false -p redis.updatecommand=keylane.hreplace -t
Command line: -db site.ycsb.db.RedisClient -s -threads 256 -P /mnt/dev/YCSB-hreplace-dist/workloads/workloada -target 100000 -p recordcount=100000000 -p operationcount=1000000 -p fieldcount=10 -p fieldlength=128 -p fieldlengthdistribution=constant -p readallfields=true -p writeallfields=true -p insertorder=hashed -p requestdistribution=uniform -p readproportion=1 -p updateproportion=0 -p insertproportion=0 -p scanproportion=0 -p readmodifywriteproportion=0 -p measurementtype=hdrhistogram -p measurement.interval=both -p hdrhistogram.percentiles=50,95,99,99.9,99.99 -p status.interval=10 -p redis.host=172.16.0.4 -p redis.port=16379 -p redis.scanindex=none -p redis.timeout=10000 -p redis.cluster=false -p redis.updatecommand=keylane.hreplace -t
YCSB Client 0.18.0-SNAPSHOT

Loading workload...
Starting test.
SLF4J: Failed to load class "org.slf4j.impl.StaticLoggerBinder".
SLF4J: Defaulting to no-operation (NOP) logger implementation
SLF4J: See http://www.slf4j.org/codes.html#StaticLoggerBinder for further details.
2026-09-13 16:09:51:514 0 sec: 0 operations; est completion in 0 second 
DBWrapper: report latency for each error is false and specific error codes to track for latency are: []
2026-09-13 16:10:01:449 10 sec: 991168 operations; 99116.8 current ops/sec; est completion in 1 second [READ: Count=991229, Max=31199, Min=208, Avg=309.47, 50=295, 90=371, 99=463, 99.9=1393, 99.99=5555] [Intended-READ: Count=991585, Max=59871, Min=231, Avg=411.63, 50=354, 90=431, 99=578, 99.9=18319, 99.99=43263] 
2026-09-13 16:10:01:579 10 sec: 1000000 operations; 68465.12 current ops/sec; [READ: Count=8771, Max=1730, Min=219, Avg=306.12, 50=295, 90=367, 99=440, 99.9=879, 99.99=1730] [CLEANUP: Count=256, Max=588, Min=10, Avg=29.93, 50=17, 90=31, 99=463, 99.9=588, 99.99=588] [Intended-READ: Count=8415, Max=2095, Min=247, Avg=365.45, 50=354, 90=428, 99=507, 99.9=1190, 99.99=2095] [Intended-CLEANUP: Count=256, Max=588, Min=10, Avg=30.16, 50=17, 90=31, 99=463, 99.9=588, 99.99=588] 
[OVERALL], RunTime(ms), 10129
[OVERALL], Throughput(ops/sec), 98726.42906506071
[TOTAL_GCS_G1_Young_Generation], Count, 20
[TOTAL_GC_TIME_G1_Young_Generation], Time(ms), 22
[TOTAL_GC_TIME_%_G1_Young_Generation], Time(%), 0.21719814394313358
[TOTAL_GCS_G1_Old_Generation], Count, 0
[TOTAL_GC_TIME_G1_Old_Generation], Time(ms), 0
[TOTAL_GC_TIME_%_G1_Old_Generation], Time(%), 0.0
[TOTAL_GCs], Count, 20
[TOTAL_GC_TIME], Time(ms), 22
[TOTAL_GC_TIME_%], Time(%), 0.21719814394313358
[READ], Operations, 1000000
[READ], AverageLatency(us), 309.435738
[READ], MinLatency(us), 208
[READ], MaxLatency(us), 31199
[READ], 50thPercentileLatency(us), 295
[READ], 95thPercentileLatency(us), 400
[READ], 99thPercentileLatency(us), 463
[READ], 99.9PercentileLatency(us), 1388
[READ], 99.99PercentileLatency(us), 5543
[READ], Return=OK, 1000000
[CLEANUP], Operations, 256
[CLEANUP], AverageLatency(us), 29.93359375
[CLEANUP], MinLatency(us), 10
[CLEANUP], MaxLatency(us), 588
[CLEANUP], 50thPercentileLatency(us), 17
[CLEANUP], 95thPercentileLatency(us), 51
[CLEANUP], 99thPercentileLatency(us), 463
[CLEANUP], 99.9PercentileLatency(us), 588
[CLEANUP], 99.99PercentileLatency(us), 588
[Intended-READ], Operations, 1000000
[Intended-READ], AverageLatency(us), 411.240771
[Intended-READ], MinLatency(us), 231
[Intended-READ], MaxLatency(us), 59871
[Intended-READ], 50thPercentileLatency(us), 354
[Intended-READ], 95thPercentileLatency(us), 461
[Intended-READ], 99thPercentileLatency(us), 576
[Intended-READ], 99.9PercentileLatency(us), 18191
[Intended-READ], 99.99PercentileLatency(us), 42975
[Intended-CLEANUP], Operations, 256
[Intended-CLEANUP], AverageLatency(us), 30.1640625
[Intended-CLEANUP], MinLatency(us), 10
[Intended-CLEANUP], MaxLatency(us), 588
[Intended-CLEANUP], 50thPercentileLatency(us), 17
[Intended-CLEANUP], 95thPercentileLatency(us), 51
[Intended-CLEANUP], 99thPercentileLatency(us), 463
[Intended-CLEANUP], 99.9PercentileLatency(us), 588
[Intended-CLEANUP], 99.99PercentileLatency(us), 588
