java -cp /mnt/dev/YCSB-hreplace-dist/redis-binding/conf:/mnt/dev/YCSB-hreplace-dist/conf:/mnt/dev/YCSB-hreplace-dist/lib/htrace-core4-4.1.0-incubating.jar:/mnt/dev/YCSB-hreplace-dist/lib/slf4j-api-1.7.25.jar:/mnt/dev/YCSB-hreplace-dist/lib/jackson-mapper-asl-1.9.4.jar:/mnt/dev/YCSB-hreplace-dist/lib/HdrHistogram-2.1.12.jar:/mnt/dev/YCSB-hreplace-dist/lib/jackson-core-asl-1.9.4.jar:/mnt/dev/YCSB-hreplace-dist/lib/jedis-3.9.0.jar:/mnt/dev/YCSB-hreplace-dist/lib/core-0.18.0-SNAPSHOT.jar:/mnt/dev/YCSB-hreplace-dist/lib/commons-pool2-2.11.1.jar:/mnt/dev/YCSB-hreplace-dist/lib/redis-binding-0.18.0-SNAPSHOT.jar site.ycsb.Client -db site.ycsb.db.RedisClient -s -threads 256 -P /mnt/dev/YCSB-hreplace-dist/workloads/workloada -p recordcount=100000000 -p operationcount=1000000 -p fieldcount=10 -p fieldlength=128 -p fieldlengthdistribution=constant -p readallfields=true -p writeallfields=true -p insertorder=hashed -p requestdistribution=uniform -p readproportion=0.5 -p updateproportion=0.5 -p insertproportion=0 -p scanproportion=0 -p readmodifywriteproportion=0 -p measurementtype=hdrhistogram -p measurement.interval=both -p hdrhistogram.percentiles=50,95,99,99.9,99.99 -p status.interval=10 -p redis.host=172.16.0.4 -p redis.port=16379 -p redis.scanindex=none -p redis.timeout=10000 -p redis.cluster=false -p redis.updatecommand=keylane.hreplace -t
Command line: -db site.ycsb.db.RedisClient -s -threads 256 -P /mnt/dev/YCSB-hreplace-dist/workloads/workloada -p recordcount=100000000 -p operationcount=1000000 -p fieldcount=10 -p fieldlength=128 -p fieldlengthdistribution=constant -p readallfields=true -p writeallfields=true -p insertorder=hashed -p requestdistribution=uniform -p readproportion=0.5 -p updateproportion=0.5 -p insertproportion=0 -p scanproportion=0 -p readmodifywriteproportion=0 -p measurementtype=hdrhistogram -p measurement.interval=both -p hdrhistogram.percentiles=50,95,99,99.9,99.99 -p status.interval=10 -p redis.host=172.16.0.4 -p redis.port=16379 -p redis.scanindex=none -p redis.timeout=10000 -p redis.cluster=false -p redis.updatecommand=keylane.hreplace -t
YCSB Client 0.18.0-SNAPSHOT

Loading workload...
Starting test.
SLF4J: Failed to load class "org.slf4j.impl.StaticLoggerBinder".
SLF4J: Defaulting to no-operation (NOP) logger implementation
SLF4J: See http://www.slf4j.org/codes.html#StaticLoggerBinder for further details.
2026-09-13 16:27:15:923 0 sec: 0 operations; est completion in 0 second 
DBWrapper: report latency for each error is false and specific error codes to track for latency are: []
2026-09-13 16:27:18:702 2 sec: 1000000 operations; 355366.03 current ops/sec; [READ: Count=499575, Max=123775, Min=166, Avg=669.4, 50=533, 90=860, 99=3491, 99.9=6515, 99.99=28591] [CLEANUP: Count=256, Max=941, Min=13, Avg=38.18, 50=23, 90=62, 99=134, 99.9=941, 99.99=941] [UPDATE: Count=500425, Max=119359, Min=162, Avg=509.83, 50=396, 90=665, 99=2609, 99.9=5759, 99.99=39551] [Intended-READ: Count=499575, Max=123775, Min=166, Avg=669.44, 50=533, 90=860, 99=3491, 99.9=6515, 99.99=28591] [Intended-CLEANUP: Count=256, Max=942, Min=13, Avg=38.63, 50=24, 90=63, 99=135, 99.9=942, 99.99=942] [Intended-UPDATE: Count=500425, Max=119359, Min=162, Avg=509.88, 50=396, 90=665, 99=2609, 99.9=5759, 99.99=39551] 
[OVERALL], RunTime(ms), 2815
[OVERALL], Throughput(ops/sec), 355239.7868561279
[TOTAL_GCS_G1_Young_Generation], Count, 22
[TOTAL_GC_TIME_G1_Young_Generation], Time(ms), 32
[TOTAL_GC_TIME_%_G1_Young_Generation], Time(%), 1.1367673179396092
[TOTAL_GCS_G1_Old_Generation], Count, 0
[TOTAL_GC_TIME_G1_Old_Generation], Time(ms), 0
[TOTAL_GC_TIME_%_G1_Old_Generation], Time(%), 0.0
[TOTAL_GCs], Count, 22
[TOTAL_GC_TIME], Time(ms), 32
[TOTAL_GC_TIME_%], Time(%), 1.1367673179396092
[READ], Operations, 499575
[READ], AverageLatency(us), 669.4049121753491
[READ], MinLatency(us), 166
[READ], MaxLatency(us), 123775
[READ], 50thPercentileLatency(us), 533
[READ], 95thPercentileLatency(us), 1372
[READ], 99thPercentileLatency(us), 3491
[READ], 99.9PercentileLatency(us), 6515
[READ], 99.99PercentileLatency(us), 28591
[READ], Return=OK, 499575
[CLEANUP], Operations, 256
[CLEANUP], AverageLatency(us), 38.17578125
[CLEANUP], MinLatency(us), 13
[CLEANUP], MaxLatency(us), 941
[CLEANUP], 50thPercentileLatency(us), 23
[CLEANUP], 95thPercentileLatency(us), 90
[CLEANUP], 99thPercentileLatency(us), 134
[CLEANUP], 99.9PercentileLatency(us), 941
[CLEANUP], 99.99PercentileLatency(us), 941
[UPDATE], Operations, 500425
[UPDATE], AverageLatency(us), 509.8313573462557
[UPDATE], MinLatency(us), 162
[UPDATE], MaxLatency(us), 119359
[UPDATE], 50thPercentileLatency(us), 396
[UPDATE], 95thPercentileLatency(us), 1022
[UPDATE], 99thPercentileLatency(us), 2609
[UPDATE], 99.9PercentileLatency(us), 5759
[UPDATE], 99.99PercentileLatency(us), 39551
[UPDATE], Return=OK, 500425
[Intended-READ], Operations, 499575
[Intended-READ], AverageLatency(us), 669.443216734224
[Intended-READ], MinLatency(us), 166
[Intended-READ], MaxLatency(us), 123775
[Intended-READ], 50thPercentileLatency(us), 533
[Intended-READ], 95thPercentileLatency(us), 1372
[Intended-READ], 99thPercentileLatency(us), 3491
[Intended-READ], 99.9PercentileLatency(us), 6515
[Intended-READ], 99.99PercentileLatency(us), 28591
[Intended-CLEANUP], Operations, 256
[Intended-CLEANUP], AverageLatency(us), 38.62890625
[Intended-CLEANUP], MinLatency(us), 13
[Intended-CLEANUP], MaxLatency(us), 942
[Intended-CLEANUP], 50thPercentileLatency(us), 24
[Intended-CLEANUP], 95thPercentileLatency(us), 91
[Intended-CLEANUP], 99thPercentileLatency(us), 135
[Intended-CLEANUP], 99.9PercentileLatency(us), 942
[Intended-CLEANUP], 99.99PercentileLatency(us), 942
[Intended-UPDATE], Operations, 500425
[Intended-UPDATE], AverageLatency(us), 509.87669281111056
[Intended-UPDATE], MinLatency(us), 162
[Intended-UPDATE], MaxLatency(us), 119359
[Intended-UPDATE], 50thPercentileLatency(us), 396
[Intended-UPDATE], 95thPercentileLatency(us), 1022
[Intended-UPDATE], 99thPercentileLatency(us), 2609
[Intended-UPDATE], 99.9PercentileLatency(us), 5759
[Intended-UPDATE], 99.99PercentileLatency(us), 39551
