java -cp /mnt/dev/YCSB-hreplace-dist/redis-binding/conf:/mnt/dev/YCSB-hreplace-dist/conf:/mnt/dev/YCSB-hreplace-dist/lib/htrace-core4-4.1.0-incubating.jar:/mnt/dev/YCSB-hreplace-dist/lib/slf4j-api-1.7.25.jar:/mnt/dev/YCSB-hreplace-dist/lib/jackson-mapper-asl-1.9.4.jar:/mnt/dev/YCSB-hreplace-dist/lib/HdrHistogram-2.1.12.jar:/mnt/dev/YCSB-hreplace-dist/lib/jackson-core-asl-1.9.4.jar:/mnt/dev/YCSB-hreplace-dist/lib/jedis-3.9.0.jar:/mnt/dev/YCSB-hreplace-dist/lib/core-0.18.0-SNAPSHOT.jar:/mnt/dev/YCSB-hreplace-dist/lib/commons-pool2-2.11.1.jar:/mnt/dev/YCSB-hreplace-dist/lib/redis-binding-0.18.0-SNAPSHOT.jar site.ycsb.Client -db site.ycsb.db.RedisClient -s -threads 256 -P /mnt/dev/YCSB-hreplace-dist/workloads/workloada -p recordcount=100000000 -p operationcount=1000000 -p fieldcount=10 -p fieldlength=128 -p fieldlengthdistribution=constant -p readallfields=true -p writeallfields=true -p insertorder=hashed -p requestdistribution=uniform -p readproportion=1 -p updateproportion=0 -p insertproportion=0 -p scanproportion=0 -p readmodifywriteproportion=0 -p measurementtype=hdrhistogram -p measurement.interval=both -p hdrhistogram.percentiles=50,95,99,99.9,99.99 -p status.interval=10 -p redis.host=172.16.0.4 -p redis.port=16379 -p redis.scanindex=none -p redis.timeout=10000 -p redis.cluster=false -p redis.updatecommand=keylane.hreplace -t
Command line: -db site.ycsb.db.RedisClient -s -threads 256 -P /mnt/dev/YCSB-hreplace-dist/workloads/workloada -p recordcount=100000000 -p operationcount=1000000 -p fieldcount=10 -p fieldlength=128 -p fieldlengthdistribution=constant -p readallfields=true -p writeallfields=true -p insertorder=hashed -p requestdistribution=uniform -p readproportion=1 -p updateproportion=0 -p insertproportion=0 -p scanproportion=0 -p readmodifywriteproportion=0 -p measurementtype=hdrhistogram -p measurement.interval=both -p hdrhistogram.percentiles=50,95,99,99.9,99.99 -p status.interval=10 -p redis.host=172.16.0.4 -p redis.port=16379 -p redis.scanindex=none -p redis.timeout=10000 -p redis.cluster=false -p redis.updatecommand=keylane.hreplace -t
YCSB Client 0.18.0-SNAPSHOT

Loading workload...
Starting test.
SLF4J: Failed to load class "org.slf4j.impl.StaticLoggerBinder".
SLF4J: Defaulting to no-operation (NOP) logger implementation
SLF4J: See http://www.slf4j.org/codes.html#StaticLoggerBinder for further details.
2026-09-13 16:03:04:934 0 sec: 0 operations; est completion in 0 second 
DBWrapper: report latency for each error is false and specific error codes to track for latency are: []
2026-09-13 16:03:07:539 2 sec: 1000000 operations; 374251.5 current ops/sec; [READ: Count=1000000, Max=99199, Min=220, Avg=571.61, 50=458, 90=851, 99=1826, 99.9=7931, 99.99=44191] [CLEANUP: Count=256, Max=735, Min=12, Avg=34.34, 50=23, 90=65, 99=140, 99.9=735, 99.99=735] [Intended-READ: Count=1000000, Max=99199, Min=220, Avg=571.65, 50=458, 90=851, 99=1826, 99.9=7931, 99.99=44191] [Intended-CLEANUP: Count=256, Max=736, Min=12, Avg=34.77, 50=23, 90=67, 99=141, 99.9=736, 99.99=736] 
[OVERALL], RunTime(ms), 2672
[OVERALL], Throughput(ops/sec), 374251.497005988
[TOTAL_GCS_G1_Young_Generation], Count, 17
[TOTAL_GC_TIME_G1_Young_Generation], Time(ms), 35
[TOTAL_GC_TIME_%_G1_Young_Generation], Time(%), 1.309880239520958
[TOTAL_GCS_G1_Old_Generation], Count, 0
[TOTAL_GC_TIME_G1_Old_Generation], Time(ms), 0
[TOTAL_GC_TIME_%_G1_Old_Generation], Time(%), 0.0
[TOTAL_GCs], Count, 17
[TOTAL_GC_TIME], Time(ms), 35
[TOTAL_GC_TIME_%], Time(%), 1.309880239520958
[READ], Operations, 1000000
[READ], AverageLatency(us), 571.609541
[READ], MinLatency(us), 220
[READ], MaxLatency(us), 99199
[READ], 50thPercentileLatency(us), 458
[READ], 95thPercentileLatency(us), 1124
[READ], 99thPercentileLatency(us), 1826
[READ], 99.9PercentileLatency(us), 7931
[READ], 99.99PercentileLatency(us), 44191
[READ], Return=OK, 1000000
[CLEANUP], Operations, 256
[CLEANUP], AverageLatency(us), 34.3359375
[CLEANUP], MinLatency(us), 12
[CLEANUP], MaxLatency(us), 735
[CLEANUP], 50thPercentileLatency(us), 23
[CLEANUP], 95thPercentileLatency(us), 90
[CLEANUP], 99thPercentileLatency(us), 140
[CLEANUP], 99.9PercentileLatency(us), 735
[CLEANUP], 99.99PercentileLatency(us), 735
[Intended-READ], Operations, 1000000
[Intended-READ], AverageLatency(us), 571.650498
[Intended-READ], MinLatency(us), 220
[Intended-READ], MaxLatency(us), 99199
[Intended-READ], 50thPercentileLatency(us), 458
[Intended-READ], 95thPercentileLatency(us), 1124
[Intended-READ], 99thPercentileLatency(us), 1826
[Intended-READ], 99.9PercentileLatency(us), 7931
[Intended-READ], 99.99PercentileLatency(us), 44191
[Intended-CLEANUP], Operations, 256
[Intended-CLEANUP], AverageLatency(us), 34.765625
[Intended-CLEANUP], MinLatency(us), 12
[Intended-CLEANUP], MaxLatency(us), 736
[Intended-CLEANUP], 50thPercentileLatency(us), 23
[Intended-CLEANUP], 95thPercentileLatency(us), 90
[Intended-CLEANUP], 99thPercentileLatency(us), 141
[Intended-CLEANUP], 99.9PercentileLatency(us), 736
[Intended-CLEANUP], 99.99PercentileLatency(us), 736
