java -cp /mnt/dev/YCSB-hreplace-dist/redis-binding/conf:/mnt/dev/YCSB-hreplace-dist/conf:/mnt/dev/YCSB-hreplace-dist/lib/htrace-core4-4.1.0-incubating.jar:/mnt/dev/YCSB-hreplace-dist/lib/slf4j-api-1.7.25.jar:/mnt/dev/YCSB-hreplace-dist/lib/jackson-mapper-asl-1.9.4.jar:/mnt/dev/YCSB-hreplace-dist/lib/HdrHistogram-2.1.12.jar:/mnt/dev/YCSB-hreplace-dist/lib/jackson-core-asl-1.9.4.jar:/mnt/dev/YCSB-hreplace-dist/lib/jedis-3.9.0.jar:/mnt/dev/YCSB-hreplace-dist/lib/core-0.18.0-SNAPSHOT.jar:/mnt/dev/YCSB-hreplace-dist/lib/commons-pool2-2.11.1.jar:/mnt/dev/YCSB-hreplace-dist/lib/redis-binding-0.18.0-SNAPSHOT.jar site.ycsb.Client -db site.ycsb.db.RedisClient -s -threads 256 -P /mnt/dev/YCSB-hreplace-dist/workloads/workloada -target 100000 -p recordcount=100000000 -p operationcount=5000000 -p fieldcount=10 -p fieldlength=128 -p fieldlengthdistribution=constant -p readallfields=true -p writeallfields=true -p insertorder=hashed -p requestdistribution=uniform -p readproportion=0.5 -p updateproportion=0.5 -p insertproportion=0 -p scanproportion=0 -p readmodifywriteproportion=0 -p measurementtype=hdrhistogram -p measurement.interval=both -p hdrhistogram.percentiles=50,95,99,99.9,99.99 -p status.interval=10 -p redis.host=172.16.0.4 -p redis.port=16379 -p redis.scanindex=none -p redis.timeout=10000 -p redis.cluster=false -p redis.updatecommand=hmset -t
Command line: -db site.ycsb.db.RedisClient -s -threads 256 -P /mnt/dev/YCSB-hreplace-dist/workloads/workloada -target 100000 -p recordcount=100000000 -p operationcount=5000000 -p fieldcount=10 -p fieldlength=128 -p fieldlengthdistribution=constant -p readallfields=true -p writeallfields=true -p insertorder=hashed -p requestdistribution=uniform -p readproportion=0.5 -p updateproportion=0.5 -p insertproportion=0 -p scanproportion=0 -p readmodifywriteproportion=0 -p measurementtype=hdrhistogram -p measurement.interval=both -p hdrhistogram.percentiles=50,95,99,99.9,99.99 -p status.interval=10 -p redis.host=172.16.0.4 -p redis.port=16379 -p redis.scanindex=none -p redis.timeout=10000 -p redis.cluster=false -p redis.updatecommand=hmset -t
YCSB Client 0.18.0-SNAPSHOT

Loading workload...
Starting test.
SLF4J: Failed to load class "org.slf4j.impl.StaticLoggerBinder".
SLF4J: Defaulting to no-operation (NOP) logger implementation
SLF4J: See http://www.slf4j.org/codes.html#StaticLoggerBinder for further details.
2026-09-13 14:48:22:890 0 sec: 0 operations; est completion in 0 second 
DBWrapper: report latency for each error is false and specific error codes to track for latency are: []
2026-09-13 14:48:32:857 10 sec: 994162 operations; 99416.2 current ops/sec; est completion in 41 seconds [READ: Count=497178, Max=9887, Min=179, Avg=313.25, 50=296, 90=350, 99=511, 99.9=2713, 99.99=5195] [UPDATE: Count=497254, Max=10815, Min=178, Avg=322.34, 50=304, 90=359, 99=629, 99.9=2765, 99.99=5135] [Intended-READ: Count=497480, Max=74047, Min=216, Avg=467.15, 50=356, 90=412, 99=1406, 99.9=33951, 99.99=62463] [Intended-UPDATE: Count=497472, Max=74879, Min=214, Avg=473.77, 50=363, 90=421, 99=1461, 99.9=32671, 99.99=62303] 
2026-09-13 14:48:42:857 20 sec: 1994154 operations; 99999.2 current ops/sec; est completion in 31 seconds [READ: Count=499975, Max=7739, Min=172, Avg=312.11, 50=296, 90=348, 99=473, 99.9=2853, 99.99=4903] [UPDATE: Count=499975, Max=8903, Min=177, Avg=319.92, 50=303, 90=357, 99=491, 99.9=2933, 99.99=4963] [Intended-READ: Count=499869, Max=7799, Min=205, Avg=373.19, 50=355, 90=409, 99=691, 99.9=3083, 99.99=5479] [Intended-UPDATE: Count=499867, Max=8959, Min=230, Avg=381.27, 50=363, 90=417, 99=723, 99.9=3179, 99.99=5471] 
2026-09-13 14:48:52:857 30 sec: 2994170 operations; 100001.6 current ops/sec; est completion in 21 seconds [READ: Count=499702, Max=6663, Min=162, Avg=311.38, 50=296, 90=347, 99=467, 99.9=2785, 99.99=4423] [UPDATE: Count=500163, Max=6127, Min=176, Avg=318.21, 50=303, 90=355, 99=478, 99.9=2761, 99.99=4307] [Intended-READ: Count=499611, Max=6719, Min=199, Avg=371.84, 50=355, 90=407, 99=651, 99.9=2933, 99.99=4627] [Intended-UPDATE: Count=500145, Max=6195, Min=227, Avg=378.85, 50=362, 90=416, 99=650, 99.9=2915, 99.99=4483] 
2026-09-13 14:49:02:857 40 sec: 3994163 operations; 99999.3 current ops/sec; est completion in 11 seconds [READ: Count=499620, Max=6371, Min=173, Avg=311.68, 50=296, 90=349, 99=471, 99.9=2775, 99.99=4511] [UPDATE: Count=500441, Max=6711, Min=169, Avg=319.26, 50=303, 90=358, 99=489, 99.9=2789, 99.99=4379] [Intended-READ: Count=499665, Max=7239, Min=208, Avg=371.99, 50=355, 90=409, 99=651, 99.9=2895, 99.99=4635] [Intended-UPDATE: Count=500438, Max=6771, Min=199, Avg=379.97, 50=362, 90=418, 99=680, 99.9=2947, 99.99=4563] 
2026-09-13 14:49:12:857 50 sec: 4994155 operations; 99999.2 current ops/sec; est completion in 1 second [READ: Count=500229, Max=6695, Min=167, Avg=310.89, 50=296, 90=348, 99=466, 99.9=2699, 99.99=4471] [UPDATE: Count=499702, Max=8079, Min=181, Avg=318.59, 50=303, 90=356, 99=486, 99.9=2753, 99.99=4507] [Intended-READ: Count=500187, Max=7259, Min=208, Avg=371.45, 50=355, 90=408, 99=644, 99.9=2871, 99.99=4683] [Intended-UPDATE: Count=499699, Max=8139, Min=219, Avg=379.46, 50=362, 90=417, 99=682, 99.9=2887, 99.99=4791] 
2026-09-13 14:49:12:935 50 sec: 5000000 operations; 73987.34 current ops/sec; [READ: Count=2958, Max=528, Min=227, Avg=298.59, 50=293, 90=342, 99=423, 99.9=479, 99.99=528] [CLEANUP: Count=256, Max=653, Min=10, Avg=24.86, 50=15, 90=26, 99=452, 99.9=653, 99.99=653] [UPDATE: Count=2803, Max=520, Min=225, Avg=305.41, 50=299, 90=348, 99=434, 99.9=515, 99.99=520] [Intended-READ: Count=2850, Max=588, Min=260, Avg=356.78, 50=352, 90=403, 99=485, 99.9=538, 99.99=588] [Intended-CLEANUP: Count=256, Max=654, Min=10, Avg=25.11, 50=15, 90=27, 99=453, 99.9=654, 99.99=654] [Intended-UPDATE: Count=2717, Max=582, Min=254, Avg=363.71, 50=359, 90=408, 99=494, 99.9=573, 99.99=582] 
[OVERALL], RunTime(ms), 50078
[OVERALL], Throughput(ops/sec), 99844.24298094971
[TOTAL_GCS_G1_Young_Generation], Count, 141
[TOTAL_GC_TIME_G1_Young_Generation], Time(ms), 115
[TOTAL_GC_TIME_%_G1_Young_Generation], Time(%), 0.22964175885618437
[TOTAL_GCS_G1_Old_Generation], Count, 0
[TOTAL_GC_TIME_G1_Old_Generation], Time(ms), 0
[TOTAL_GC_TIME_%_G1_Old_Generation], Time(%), 0.0
[TOTAL_GCs], Count, 141
[TOTAL_GC_TIME], Time(ms), 115
[TOTAL_GC_TIME_%], Time(%), 0.22964175885618437
[READ], Operations, 2499662
[READ], AverageLatency(us), 311.846604060869
[READ], MinLatency(us), 162
[READ], MaxLatency(us), 9887
[READ], 50thPercentileLatency(us), 296
[READ], 95thPercentileLatency(us), 377
[READ], 99thPercentileLatency(us), 475
[READ], 99.9PercentileLatency(us), 2773
[READ], 99.99PercentileLatency(us), 4667
[READ], Return=OK, 2499662
[CLEANUP], Operations, 256
[CLEANUP], AverageLatency(us), 24.859375
[CLEANUP], MinLatency(us), 10
[CLEANUP], MaxLatency(us), 653
[CLEANUP], 50thPercentileLatency(us), 15
[CLEANUP], 95thPercentileLatency(us), 33
[CLEANUP], 99thPercentileLatency(us), 452
[CLEANUP], 99.9PercentileLatency(us), 653
[CLEANUP], 99.99PercentileLatency(us), 653
[UPDATE], Operations, 2500338
[UPDATE], AverageLatency(us), 319.64555672073135
[UPDATE], MinLatency(us), 169
[UPDATE], MaxLatency(us), 10815
[UPDATE], 50thPercentileLatency(us), 303
[UPDATE], 95thPercentileLatency(us), 387
[UPDATE], 99thPercentileLatency(us), 502
[UPDATE], 99.9PercentileLatency(us), 2793
[UPDATE], 99.99PercentileLatency(us), 4675
[UPDATE], Return=OK, 2500338
[Intended-READ], Operations, 2499662
[Intended-READ], AverageLatency(us), 391.0125044906071
[Intended-READ], MinLatency(us), 199
[Intended-READ], MaxLatency(us), 74047
[Intended-READ], 50thPercentileLatency(us), 355
[Intended-READ], 95thPercentileLatency(us), 439
[Intended-READ], 99thPercentileLatency(us), 802
[Intended-READ], 99.9PercentileLatency(us), 3925
[Intended-READ], 99.99PercentileLatency(us), 45151
[Intended-CLEANUP], Operations, 256
[Intended-CLEANUP], AverageLatency(us), 25.11328125
[Intended-CLEANUP], MinLatency(us), 10
[Intended-CLEANUP], MaxLatency(us), 654
[Intended-CLEANUP], 50thPercentileLatency(us), 15
[Intended-CLEANUP], 95thPercentileLatency(us), 34
[Intended-CLEANUP], 99thPercentileLatency(us), 453
[Intended-CLEANUP], 99.9PercentileLatency(us), 654
[Intended-CLEANUP], 99.99PercentileLatency(us), 654
[Intended-UPDATE], Operations, 2500338
[Intended-UPDATE], AverageLatency(us), 398.5479111224162
[Intended-UPDATE], MinLatency(us), 199
[Intended-UPDATE], MaxLatency(us), 74879
[Intended-UPDATE], 50thPercentileLatency(us), 362
[Intended-UPDATE], 95thPercentileLatency(us), 449
[Intended-UPDATE], 99thPercentileLatency(us), 831
[Intended-UPDATE], 99.9PercentileLatency(us), 3945
[Intended-UPDATE], 99.99PercentileLatency(us), 43359
