java -cp /mnt/dev/YCSB-hreplace-dist/redis-binding/conf:/mnt/dev/YCSB-hreplace-dist/conf:/mnt/dev/YCSB-hreplace-dist/lib/htrace-core4-4.1.0-incubating.jar:/mnt/dev/YCSB-hreplace-dist/lib/slf4j-api-1.7.25.jar:/mnt/dev/YCSB-hreplace-dist/lib/jackson-mapper-asl-1.9.4.jar:/mnt/dev/YCSB-hreplace-dist/lib/HdrHistogram-2.1.12.jar:/mnt/dev/YCSB-hreplace-dist/lib/jackson-core-asl-1.9.4.jar:/mnt/dev/YCSB-hreplace-dist/lib/jedis-3.9.0.jar:/mnt/dev/YCSB-hreplace-dist/lib/core-0.18.0-SNAPSHOT.jar:/mnt/dev/YCSB-hreplace-dist/lib/commons-pool2-2.11.1.jar:/mnt/dev/YCSB-hreplace-dist/lib/redis-binding-0.18.0-SNAPSHOT.jar site.ycsb.Client -db site.ycsb.db.RedisClient -s -threads 256 -P /mnt/dev/YCSB-hreplace-dist/workloads/workloada -target 100000 -p recordcount=100000000 -p operationcount=1000000 -p fieldcount=10 -p fieldlength=128 -p fieldlengthdistribution=constant -p readallfields=true -p writeallfields=true -p insertorder=hashed -p requestdistribution=uniform -p readproportion=0.5 -p updateproportion=0.5 -p insertproportion=0 -p scanproportion=0 -p readmodifywriteproportion=0 -p measurementtype=hdrhistogram -p measurement.interval=both -p hdrhistogram.percentiles=50,95,99,99.9,99.99 -p status.interval=10 -p redis.host=172.16.0.4 -p redis.port=16379 -p redis.scanindex=none -p redis.timeout=10000 -p redis.cluster=false -p redis.updatecommand=keylane.hreplace -t
Command line: -db site.ycsb.db.RedisClient -s -threads 256 -P /mnt/dev/YCSB-hreplace-dist/workloads/workloada -target 100000 -p recordcount=100000000 -p operationcount=1000000 -p fieldcount=10 -p fieldlength=128 -p fieldlengthdistribution=constant -p readallfields=true -p writeallfields=true -p insertorder=hashed -p requestdistribution=uniform -p readproportion=0.5 -p updateproportion=0.5 -p insertproportion=0 -p scanproportion=0 -p readmodifywriteproportion=0 -p measurementtype=hdrhistogram -p measurement.interval=both -p hdrhistogram.percentiles=50,95,99,99.9,99.99 -p status.interval=10 -p redis.host=172.16.0.4 -p redis.port=16379 -p redis.scanindex=none -p redis.timeout=10000 -p redis.cluster=false -p redis.updatecommand=keylane.hreplace -t
YCSB Client 0.18.0-SNAPSHOT

Loading workload...
Starting test.
SLF4J: Failed to load class "org.slf4j.impl.StaticLoggerBinder".
SLF4J: Defaulting to no-operation (NOP) logger implementation
SLF4J: See http://www.slf4j.org/codes.html#StaticLoggerBinder for further details.
2026-09-13 16:21:02:363 0 sec: 0 operations; est completion in 0 second 
DBWrapper: report latency for each error is false and specific error codes to track for latency are: []
2026-09-13 16:21:12:346 10 sec: 988302 operations; 98830.2 current ops/sec; est completion in 1 second [READ: Count=494854, Max=53279, Min=176, Avg=346.64, 50=297, 90=359, 99=1058, 99.9=6007, 99.99=48127] [UPDATE: Count=493726, Max=33759, Min=149, Avg=247.87, 50=218, 90=279, 99=962, 99.9=3109, 99.99=13855] [Intended-READ: Count=495144, Max=115263, Min=226, Avg=767.9, 50=356, 90=424, 99=12063, 99.9=62239, 99.99=98815] [Intended-UPDATE: Count=493977, Max=113983, Min=168, Avg=654.33, 50=277, 90=343, 99=9735, 99.9=61823, 99.99=99327] 
2026-09-13 16:21:12:485 10 sec: 1000000 operations; 84158.27 current ops/sec; [READ: Count=5861, Max=655, Min=202, Avg=299.44, 50=293, 90=339, 99=439, 99.9=510, 99.99=655] [CLEANUP: Count=256, Max=735, Min=10, Avg=34.96, 50=17, 90=29, 99=647, 99.9=735, 99.99=735] [UPDATE: Count=5559, Max=565, Min=156, Avg=220.29, 50=214, 90=252, 99=352, 99.9=443, 99.99=565] [Intended-READ: Count=5571, Max=1384, Min=260, Avg=357.52, 50=352, 90=399, 99=504, 99.9=607, 99.99=1384] [Intended-CLEANUP: Count=256, Max=736, Min=10, Avg=35.16, 50=17, 90=29, 99=648, 99.9=736, 99.99=736] [Intended-UPDATE: Count=5308, Max=653, Min=183, Avg=278.23, 50=273, 90=314, 99=412, 99.9=500, 99.99=653] 
[OVERALL], RunTime(ms), 10138
[OVERALL], Throughput(ops/sec), 98638.78477017164
[TOTAL_GCS_G1_Young_Generation], Count, 29
[TOTAL_GC_TIME_G1_Young_Generation], Time(ms), 29
[TOTAL_GC_TIME_%_G1_Young_Generation], Time(%), 0.28605247583349774
[TOTAL_GCS_G1_Old_Generation], Count, 0
[TOTAL_GC_TIME_G1_Old_Generation], Time(ms), 0
[TOTAL_GC_TIME_%_G1_Old_Generation], Time(%), 0.0
[TOTAL_GCs], Count, 29
[TOTAL_GC_TIME], Time(ms), 29
[TOTAL_GC_TIME_%], Time(%), 0.28605247583349774
[READ], Operations, 500715
[READ], AverageLatency(us), 346.0893981606303
[READ], MinLatency(us), 176
[READ], MaxLatency(us), 53279
[READ], 50thPercentileLatency(us), 297
[READ], 95thPercentileLatency(us), 401
[READ], 99thPercentileLatency(us), 1047
[READ], 99.9PercentileLatency(us), 5967
[READ], 99.99PercentileLatency(us), 48063
[READ], Return=OK, 500715
[CLEANUP], Operations, 256
[CLEANUP], AverageLatency(us), 34.95703125
[CLEANUP], MinLatency(us), 10
[CLEANUP], MaxLatency(us), 735
[CLEANUP], 50thPercentileLatency(us), 17
[CLEANUP], 95thPercentileLatency(us), 49
[CLEANUP], 99thPercentileLatency(us), 647
[CLEANUP], 99.9PercentileLatency(us), 735
[CLEANUP], 99.99PercentileLatency(us), 735
[UPDATE], Operations, 499285
[UPDATE], AverageLatency(us), 247.56542655998078
[UPDATE], MinLatency(us), 149
[UPDATE], MaxLatency(us), 33759
[UPDATE], 50thPercentileLatency(us), 218
[UPDATE], 95thPercentileLatency(us), 321
[UPDATE], 99thPercentileLatency(us), 952
[UPDATE], 99.9PercentileLatency(us), 3097
[UPDATE], 99.99PercentileLatency(us), 13855
[UPDATE], Return=OK, 499285
[Intended-READ], Operations, 500715
[Intended-READ], AverageLatency(us), 763.3327841187103
[Intended-READ], MinLatency(us), 226
[Intended-READ], MaxLatency(us), 115263
[Intended-READ], 50thPercentileLatency(us), 356
[Intended-READ], 95thPercentileLatency(us), 484
[Intended-READ], 99thPercentileLatency(us), 11655
[Intended-READ], 99.9PercentileLatency(us), 61919
[Intended-READ], 99.99PercentileLatency(us), 98431
[Intended-CLEANUP], Operations, 256
[Intended-CLEANUP], AverageLatency(us), 35.15625
[Intended-CLEANUP], MinLatency(us), 10
[Intended-CLEANUP], MaxLatency(us), 736
[Intended-CLEANUP], 50thPercentileLatency(us), 17
[Intended-CLEANUP], 95thPercentileLatency(us), 49
[Intended-CLEANUP], 99thPercentileLatency(us), 648
[Intended-CLEANUP], 99.9PercentileLatency(us), 736
[Intended-CLEANUP], 99.99PercentileLatency(us), 736
[Intended-UPDATE], Operations, 499285
[Intended-UPDATE], AverageLatency(us), 650.3276365202239
[Intended-UPDATE], MinLatency(us), 168
[Intended-UPDATE], MaxLatency(us), 113983
[Intended-UPDATE], 50thPercentileLatency(us), 277
[Intended-UPDATE], 95thPercentileLatency(us), 398
[Intended-UPDATE], 99thPercentileLatency(us), 9415
[Intended-UPDATE], 99.9PercentileLatency(us), 61439
[Intended-UPDATE], 99.99PercentileLatency(us), 99327
