java -cp /mnt/dev/YCSB-hreplace-dist/redis-binding/conf:/mnt/dev/YCSB-hreplace-dist/conf:/mnt/dev/YCSB-hreplace-dist/lib/htrace-core4-4.1.0-incubating.jar:/mnt/dev/YCSB-hreplace-dist/lib/slf4j-api-1.7.25.jar:/mnt/dev/YCSB-hreplace-dist/lib/jackson-mapper-asl-1.9.4.jar:/mnt/dev/YCSB-hreplace-dist/lib/HdrHistogram-2.1.12.jar:/mnt/dev/YCSB-hreplace-dist/lib/jackson-core-asl-1.9.4.jar:/mnt/dev/YCSB-hreplace-dist/lib/jedis-3.9.0.jar:/mnt/dev/YCSB-hreplace-dist/lib/core-0.18.0-SNAPSHOT.jar:/mnt/dev/YCSB-hreplace-dist/lib/commons-pool2-2.11.1.jar:/mnt/dev/YCSB-hreplace-dist/lib/redis-binding-0.18.0-SNAPSHOT.jar site.ycsb.Client -db site.ycsb.db.RedisClient -s -threads 256 -P /mnt/dev/YCSB-hreplace-dist/workloads/workloada -target 100000 -p recordcount=100000000 -p operationcount=5000000 -p fieldcount=10 -p fieldlength=128 -p fieldlengthdistribution=constant -p readallfields=true -p writeallfields=true -p insertorder=hashed -p requestdistribution=uniform -p readproportion=1 -p updateproportion=0 -p insertproportion=0 -p scanproportion=0 -p readmodifywriteproportion=0 -p measurementtype=hdrhistogram -p measurement.interval=both -p hdrhistogram.percentiles=50,95,99,99.9,99.99 -p status.interval=10 -p redis.host=172.16.0.4 -p redis.port=16379 -p redis.scanindex=none -p redis.timeout=10000 -p redis.cluster=false -p redis.updatecommand=keylane.hreplace -t
Command line: -db site.ycsb.db.RedisClient -s -threads 256 -P /mnt/dev/YCSB-hreplace-dist/workloads/workloada -target 100000 -p recordcount=100000000 -p operationcount=5000000 -p fieldcount=10 -p fieldlength=128 -p fieldlengthdistribution=constant -p readallfields=true -p writeallfields=true -p insertorder=hashed -p requestdistribution=uniform -p readproportion=1 -p updateproportion=0 -p insertproportion=0 -p scanproportion=0 -p readmodifywriteproportion=0 -p measurementtype=hdrhistogram -p measurement.interval=both -p hdrhistogram.percentiles=50,95,99,99.9,99.99 -p status.interval=10 -p redis.host=172.16.0.4 -p redis.port=16379 -p redis.scanindex=none -p redis.timeout=10000 -p redis.cluster=false -p redis.updatecommand=keylane.hreplace -t
YCSB Client 0.18.0-SNAPSHOT

Loading workload...
Starting test.
SLF4J: Failed to load class "org.slf4j.impl.StaticLoggerBinder".
SLF4J: Defaulting to no-operation (NOP) logger implementation
SLF4J: See http://www.slf4j.org/codes.html#StaticLoggerBinder for further details.
2026-09-13 16:10:02:010 0 sec: 0 operations; est completion in 0 second 
DBWrapper: report latency for each error is false and specific error codes to track for latency are: []
2026-09-13 16:10:11:957 10 sec: 991880 operations; 99188 current ops/sec; est completion in 41 seconds [READ: Count=991945, Max=17935, Min=207, Avg=313.41, 50=296, 90=383, 99=495, 99.9=1226, 99.99=10983] [Intended-READ: Count=992470, Max=57215, Min=226, Avg=448.65, 50=355, 90=444, 99=614, 99.9=28495, 99.99=48159] 
2026-09-13 16:10:21:957 20 sec: 1991880 operations; 100000 current ops/sec; est completion in 31 seconds [READ: Count=999975, Max=3711, Min=204, Avg=311.49, 50=297, 90=383, 99=486, 99.9=612, 99.99=1889] [Intended-READ: Count=999692, Max=2939, Min=230, Avg=370.34, 50=356, 90=443, 99=553, 99.9=1032, 99.99=1924] 
2026-09-13 16:10:31:957 30 sec: 2991873 operations; 99999.3 current ops/sec; est completion in 21 seconds [READ: Count=1000001, Max=1615, Min=209, Avg=312.09, 50=298, 90=383, 99=486, 99.9=598, 99.99=1161] [Intended-READ: Count=999934, Max=1675, Min=227, Avg=370.93, 50=357, 90=443, 99=553, 99.9=986, 99.99=1308] 
2026-09-13 16:10:41:957 40 sec: 3991878 operations; 100000.5 current ops/sec; est completion in 11 seconds [READ: Count=1000006, Max=1591, Min=209, Avg=309.48, 50=296, 90=380, 99=476, 99.9=589, 99.99=1160] [Intended-READ: Count=999988, Max=1861, Min=233, Avg=368.35, 50=355, 90=440, 99=542, 99.9=988, 99.99=1306] 
2026-09-13 16:10:51:957 50 sec: 4991877 operations; 99999.9 current ops/sec; est completion in 1 second [READ: Count=999990, Max=2193, Min=209, Avg=306.57, 50=293, 90=377, 99=465, 99.9=564, 99.99=1174] [Intended-READ: Count=999898, Max=2253, Min=231, Avg=365.41, 50=352, 90=436, 99=529, 99.9=989, 99.99=1306] 
2026-09-13 16:10:52:062 50 sec: 5000000 operations; 77361.9 current ops/sec; [READ: Count=8083, Max=1431, Min=220, Avg=309.49, 50=295, 90=383, 99=466, 99.9=546, 99.99=1431] [CLEANUP: Count=256, Max=630, Min=10, Avg=35.9, 50=16, 90=28, 99=546, 99.9=630, 99.99=630] [Intended-READ: Count=8018, Max=1504, Min=243, Avg=367.85, 50=354, 90=442, 99=527, 99.9=637, 99.99=1504] [Intended-CLEANUP: Count=256, Max=631, Min=10, Avg=36.09, 50=16, 90=28, 99=547, 99.9=631, 99.99=631] 
[OVERALL], RunTime(ms), 50105
[OVERALL], Throughput(ops/sec), 99790.44007584073
[TOTAL_GCS_G1_Young_Generation], Count, 91
[TOTAL_GC_TIME_G1_Young_Generation], Time(ms), 75
[TOTAL_GC_TIME_%_G1_Young_Generation], Time(%), 0.1496856601137611
[TOTAL_GCS_G1_Old_Generation], Count, 0
[TOTAL_GC_TIME_G1_Old_Generation], Time(ms), 0
[TOTAL_GC_TIME_%_G1_Old_Generation], Time(%), 0.0
[TOTAL_GCs], Count, 91
[TOTAL_GC_TIME], Time(ms), 75
[TOTAL_GC_TIME_%], Time(%), 0.1496856601137611
[READ], Operations, 5000000
[READ], AverageLatency(us), 310.6035662
[READ], MinLatency(us), 204
[READ], MaxLatency(us), 17935
[READ], 50thPercentileLatency(us), 296
[READ], 95thPercentileLatency(us), 409
[READ], 99thPercentileLatency(us), 481
[READ], 99.9PercentileLatency(us), 645
[READ], 99.99PercentileLatency(us), 1769
[READ], Return=OK, 5000000
[CLEANUP], Operations, 256
[CLEANUP], AverageLatency(us), 35.8984375
[CLEANUP], MinLatency(us), 10
[CLEANUP], MaxLatency(us), 630
[CLEANUP], 50thPercentileLatency(us), 16
[CLEANUP], 95thPercentileLatency(us), 53
[CLEANUP], 99thPercentileLatency(us), 546
[CLEANUP], 99.9PercentileLatency(us), 630
[CLEANUP], 99.99PercentileLatency(us), 630
[Intended-READ], Operations, 5000000
[Intended-READ], AverageLatency(us), 384.6123274
[Intended-READ], MinLatency(us), 226
[Intended-READ], MaxLatency(us), 57215
[Intended-READ], 50thPercentileLatency(us), 355
[Intended-READ], 95thPercentileLatency(us), 470
[Intended-READ], 99thPercentileLatency(us), 552
[Intended-READ], 99.9PercentileLatency(us), 1695
[Intended-READ], 99.99PercentileLatency(us), 36127
[Intended-CLEANUP], Operations, 256
[Intended-CLEANUP], AverageLatency(us), 36.08984375
[Intended-CLEANUP], MinLatency(us), 10
[Intended-CLEANUP], MaxLatency(us), 631
[Intended-CLEANUP], 50thPercentileLatency(us), 16
[Intended-CLEANUP], 95thPercentileLatency(us), 53
[Intended-CLEANUP], 99thPercentileLatency(us), 547
[Intended-CLEANUP], 99.9PercentileLatency(us), 631
[Intended-CLEANUP], 99.99PercentileLatency(us), 631
