java -cp /mnt/dev/YCSB-hreplace-dist/redis-binding/conf:/mnt/dev/YCSB-hreplace-dist/conf:/mnt/dev/YCSB-hreplace-dist/lib/htrace-core4-4.1.0-incubating.jar:/mnt/dev/YCSB-hreplace-dist/lib/slf4j-api-1.7.25.jar:/mnt/dev/YCSB-hreplace-dist/lib/jackson-mapper-asl-1.9.4.jar:/mnt/dev/YCSB-hreplace-dist/lib/HdrHistogram-2.1.12.jar:/mnt/dev/YCSB-hreplace-dist/lib/jackson-core-asl-1.9.4.jar:/mnt/dev/YCSB-hreplace-dist/lib/jedis-3.9.0.jar:/mnt/dev/YCSB-hreplace-dist/lib/core-0.18.0-SNAPSHOT.jar:/mnt/dev/YCSB-hreplace-dist/lib/commons-pool2-2.11.1.jar:/mnt/dev/YCSB-hreplace-dist/lib/redis-binding-0.18.0-SNAPSHOT.jar site.ycsb.Client -db site.ycsb.db.RedisClient -s -threads 256 -P /mnt/dev/YCSB-hreplace-dist/workloads/workloada -p recordcount=100000000 -p operationcount=5000000 -p fieldcount=10 -p fieldlength=128 -p fieldlengthdistribution=constant -p readallfields=true -p writeallfields=true -p insertorder=hashed -p requestdistribution=uniform -p readproportion=1 -p updateproportion=0 -p insertproportion=0 -p scanproportion=0 -p readmodifywriteproportion=0 -p measurementtype=hdrhistogram -p measurement.interval=both -p hdrhistogram.percentiles=50,95,99,99.9,99.99 -p status.interval=10 -p redis.host=172.16.0.4 -p redis.port=16379 -p redis.scanindex=none -p redis.timeout=10000 -p redis.cluster=false -p redis.updatecommand=keylane.hreplace -t
Command line: -db site.ycsb.db.RedisClient -s -threads 256 -P /mnt/dev/YCSB-hreplace-dist/workloads/workloada -p recordcount=100000000 -p operationcount=5000000 -p fieldcount=10 -p fieldlength=128 -p fieldlengthdistribution=constant -p readallfields=true -p writeallfields=true -p insertorder=hashed -p requestdistribution=uniform -p readproportion=1 -p updateproportion=0 -p insertproportion=0 -p scanproportion=0 -p readmodifywriteproportion=0 -p measurementtype=hdrhistogram -p measurement.interval=both -p hdrhistogram.percentiles=50,95,99,99.9,99.99 -p status.interval=10 -p redis.host=172.16.0.4 -p redis.port=16379 -p redis.scanindex=none -p redis.timeout=10000 -p redis.cluster=false -p redis.updatecommand=keylane.hreplace -t
YCSB Client 0.18.0-SNAPSHOT

Loading workload...
Starting test.
SLF4J: Failed to load class "org.slf4j.impl.StaticLoggerBinder".
SLF4J: Defaulting to no-operation (NOP) logger implementation
SLF4J: See http://www.slf4j.org/codes.html#StaticLoggerBinder for further details.
2026-09-13 16:13:31:351 0 sec: 0 operations; est completion in 0 second 
DBWrapper: report latency for each error is false and specific error codes to track for latency are: []
2026-09-13 16:13:41:310 10 sec: 4971342 operations; 497134.2 current ops/sec; est completion in 1 second [READ: Count=4971416, Max=85503, Min=224, Avg=488.3, 50=449, 90=593, 99=1254, 99.9=3867, 99.99=15879] [CLEANUP: Count=208, Max=881, Min=14, Avg=50.04, 50=35, 90=97, 99=123, 99.9=881, 99.99=881] [Intended-READ: Count=4972126, Max=85503, Min=224, Avg=488.32, 50=449, 90=593, 99=1254, 99.9=3867, 99.99=15879] [Intended-CLEANUP: Count=208, Max=883, Min=14, Avg=50.69, 50=35, 90=98, 99=127, 99.9=883, 99.99=883] 
2026-09-13 16:13:41:901 10 sec: 5000000 operations; 48490.69 current ops/sec; [READ: Count=28584, Max=651, Min=233, Avg=344.64, 50=335, 90=413, 99=472, 99.9=519, 99.99=570] [CLEANUP: Count=48, Max=41, Min=14, Avg=21.25, 50=20, 90=27, 99=41, 99.9=41, 99.99=41] [Intended-READ: Count=27874, Max=651, Min=233, Avg=344.13, 50=335, 90=412, 99=470, 99.9=519, 99.99=570] [Intended-CLEANUP: Count=48, Max=41, Min=14, Avg=21.48, 50=20, 90=27, 99=41, 99.9=41, 99.99=41] 
[OVERALL], RunTime(ms), 10590
[OVERALL], Throughput(ops/sec), 472143.5316336166
[TOTAL_GCS_G1_Young_Generation], Count, 58
[TOTAL_GC_TIME_G1_Young_Generation], Time(ms), 65
[TOTAL_GC_TIME_%_G1_Young_Generation], Time(%), 0.6137865911237016
[TOTAL_GCS_G1_Old_Generation], Count, 0
[TOTAL_GC_TIME_G1_Old_Generation], Time(ms), 0
[TOTAL_GC_TIME_%_G1_Old_Generation], Time(%), 0.0
[TOTAL_GCs], Count, 58
[TOTAL_GC_TIME], Time(ms), 65
[TOTAL_GC_TIME_%], Time(%), 0.6137865911237016
[READ], Operations, 5000000
[READ], AverageLatency(us), 487.4769982
[READ], MinLatency(us), 224
[READ], MaxLatency(us), 85503
[READ], 50thPercentileLatency(us), 449
[READ], 95thPercentileLatency(us), 683
[READ], 99thPercentileLatency(us), 1252
[READ], 99.9PercentileLatency(us), 3861
[READ], 99.99PercentileLatency(us), 15807
[READ], Return=OK, 5000000
[CLEANUP], Operations, 256
[CLEANUP], AverageLatency(us), 44.64453125
[CLEANUP], MinLatency(us), 14
[CLEANUP], MaxLatency(us), 881
[CLEANUP], 50thPercentileLatency(us), 29
[CLEANUP], 95thPercentileLatency(us), 103
[CLEANUP], 99thPercentileLatency(us), 123
[CLEANUP], 99.9PercentileLatency(us), 881
[CLEANUP], 99.99PercentileLatency(us), 881
[Intended-READ], Operations, 5000000
[Intended-READ], AverageLatency(us), 487.5124274
[Intended-READ], MinLatency(us), 224
[Intended-READ], MaxLatency(us), 85503
[Intended-READ], 50thPercentileLatency(us), 449
[Intended-READ], 95thPercentileLatency(us), 683
[Intended-READ], 99thPercentileLatency(us), 1252
[Intended-READ], 99.9PercentileLatency(us), 3861
[Intended-READ], 99.99PercentileLatency(us), 15807
[Intended-CLEANUP], Operations, 256
[Intended-CLEANUP], AverageLatency(us), 45.21484375
[Intended-CLEANUP], MinLatency(us), 14
[Intended-CLEANUP], MaxLatency(us), 883
[Intended-CLEANUP], 50thPercentileLatency(us), 30
[Intended-CLEANUP], 95thPercentileLatency(us), 103
[Intended-CLEANUP], 99thPercentileLatency(us), 127
[Intended-CLEANUP], 99.9PercentileLatency(us), 883
[Intended-CLEANUP], 99.99PercentileLatency(us), 883
