java -cp /mnt/dev/YCSB-hreplace-dist/redis-binding/conf:/mnt/dev/YCSB-hreplace-dist/conf:/mnt/dev/YCSB-hreplace-dist/lib/htrace-core4-4.1.0-incubating.jar:/mnt/dev/YCSB-hreplace-dist/lib/slf4j-api-1.7.25.jar:/mnt/dev/YCSB-hreplace-dist/lib/jackson-mapper-asl-1.9.4.jar:/mnt/dev/YCSB-hreplace-dist/lib/HdrHistogram-2.1.12.jar:/mnt/dev/YCSB-hreplace-dist/lib/jackson-core-asl-1.9.4.jar:/mnt/dev/YCSB-hreplace-dist/lib/jedis-3.9.0.jar:/mnt/dev/YCSB-hreplace-dist/lib/core-0.18.0-SNAPSHOT.jar:/mnt/dev/YCSB-hreplace-dist/lib/commons-pool2-2.11.1.jar:/mnt/dev/YCSB-hreplace-dist/lib/redis-binding-0.18.0-SNAPSHOT.jar site.ycsb.Client -db site.ycsb.db.RedisClient -s -threads 256 -P /mnt/dev/YCSB-hreplace-dist/workloads/workloada -p recordcount=100000000 -p operationcount=1000000 -p fieldcount=10 -p fieldlength=128 -p fieldlengthdistribution=constant -p readallfields=true -p writeallfields=true -p insertorder=hashed -p requestdistribution=uniform -p readproportion=1 -p updateproportion=0 -p insertproportion=0 -p scanproportion=0 -p readmodifywriteproportion=0 -p measurementtype=hdrhistogram -p measurement.interval=both -p hdrhistogram.percentiles=50,95,99,99.9,99.99 -p status.interval=10 -p redis.host=172.16.0.4 -p redis.port=16379 -p redis.scanindex=none -p redis.timeout=10000 -p redis.cluster=false -p redis.updatecommand=hmset -t
Command line: -db site.ycsb.db.RedisClient -s -threads 256 -P /mnt/dev/YCSB-hreplace-dist/workloads/workloada -p recordcount=100000000 -p operationcount=1000000 -p fieldcount=10 -p fieldlength=128 -p fieldlengthdistribution=constant -p readallfields=true -p writeallfields=true -p insertorder=hashed -p requestdistribution=uniform -p readproportion=1 -p updateproportion=0 -p insertproportion=0 -p scanproportion=0 -p readmodifywriteproportion=0 -p measurementtype=hdrhistogram -p measurement.interval=both -p hdrhistogram.percentiles=50,95,99,99.9,99.99 -p status.interval=10 -p redis.host=172.16.0.4 -p redis.port=16379 -p redis.scanindex=none -p redis.timeout=10000 -p redis.cluster=false -p redis.updatecommand=hmset -t
YCSB Client 0.18.0-SNAPSHOT

Loading workload...
Starting test.
SLF4J: Failed to load class "org.slf4j.impl.StaticLoggerBinder".
SLF4J: Defaulting to no-operation (NOP) logger implementation
SLF4J: See http://www.slf4j.org/codes.html#StaticLoggerBinder for further details.
2026-09-13 15:31:19:547 0 sec: 0 operations; est completion in 0 second 
DBWrapper: report latency for each error is false and specific error codes to track for latency are: []
2026-09-13 15:31:21:738 2 sec: 1000000 operations; 447828.03 current ops/sec; [READ: Count=1000000, Max=46079, Min=224, Avg=494.61, 50=448, 90=590, 99=1398, 99.9=4723, 99.99=16055] [CLEANUP: Count=256, Max=2839, Min=12, Avg=43.03, 50=23, 90=57, 99=407, 99.9=2839, 99.99=2839] [Intended-READ: Count=1000000, Max=46079, Min=224, Avg=494.65, 50=448, 90=590, 99=1399, 99.9=4727, 99.99=16055] [Intended-CLEANUP: Count=256, Max=2841, Min=12, Avg=43.33, 50=23, 90=58, 99=407, 99.9=2841, 99.99=2841] 
[OVERALL], RunTime(ms), 2232
[OVERALL], Throughput(ops/sec), 448028.67383512546
[TOTAL_GCS_G1_Young_Generation], Count, 18
[TOTAL_GC_TIME_G1_Young_Generation], Time(ms), 24
[TOTAL_GC_TIME_%_G1_Young_Generation], Time(%), 1.0752688172043012
[TOTAL_GCS_G1_Old_Generation], Count, 0
[TOTAL_GC_TIME_G1_Old_Generation], Time(ms), 0
[TOTAL_GC_TIME_%_G1_Old_Generation], Time(%), 0.0
[TOTAL_GCs], Count, 18
[TOTAL_GC_TIME], Time(ms), 24
[TOTAL_GC_TIME_%], Time(%), 1.0752688172043012
[READ], Operations, 1000000
[READ], AverageLatency(us), 494.61059
[READ], MinLatency(us), 224
[READ], MaxLatency(us), 46079
[READ], 50thPercentileLatency(us), 448
[READ], 95thPercentileLatency(us), 716
[READ], 99thPercentileLatency(us), 1398
[READ], 99.9PercentileLatency(us), 4723
[READ], 99.99PercentileLatency(us), 16055
[READ], Return=OK, 1000000
[CLEANUP], Operations, 256
[CLEANUP], AverageLatency(us), 43.03125
[CLEANUP], MinLatency(us), 12
[CLEANUP], MaxLatency(us), 2839
[CLEANUP], 50thPercentileLatency(us), 23
[CLEANUP], 95thPercentileLatency(us), 81
[CLEANUP], 99thPercentileLatency(us), 407
[CLEANUP], 99.9PercentileLatency(us), 2839
[CLEANUP], 99.99PercentileLatency(us), 2839
[Intended-READ], Operations, 1000000
[Intended-READ], AverageLatency(us), 494.650115
[Intended-READ], MinLatency(us), 224
[Intended-READ], MaxLatency(us), 46079
[Intended-READ], 50thPercentileLatency(us), 448
[Intended-READ], 95thPercentileLatency(us), 716
[Intended-READ], 99thPercentileLatency(us), 1399
[Intended-READ], 99.9PercentileLatency(us), 4727
[Intended-READ], 99.99PercentileLatency(us), 16055
[Intended-CLEANUP], Operations, 256
[Intended-CLEANUP], AverageLatency(us), 43.328125
[Intended-CLEANUP], MinLatency(us), 12
[Intended-CLEANUP], MaxLatency(us), 2841
[Intended-CLEANUP], 50thPercentileLatency(us), 23
[Intended-CLEANUP], 95thPercentileLatency(us), 81
[Intended-CLEANUP], 99thPercentileLatency(us), 407
[Intended-CLEANUP], 99.9PercentileLatency(us), 2841
[Intended-CLEANUP], 99.99PercentileLatency(us), 2841
