java -cp /mnt/dev/YCSB-hreplace-dist/redis-binding/conf:/mnt/dev/YCSB-hreplace-dist/conf:/mnt/dev/YCSB-hreplace-dist/lib/htrace-core4-4.1.0-incubating.jar:/mnt/dev/YCSB-hreplace-dist/lib/slf4j-api-1.7.25.jar:/mnt/dev/YCSB-hreplace-dist/lib/jackson-mapper-asl-1.9.4.jar:/mnt/dev/YCSB-hreplace-dist/lib/HdrHistogram-2.1.12.jar:/mnt/dev/YCSB-hreplace-dist/lib/jackson-core-asl-1.9.4.jar:/mnt/dev/YCSB-hreplace-dist/lib/jedis-3.9.0.jar:/mnt/dev/YCSB-hreplace-dist/lib/core-0.18.0-SNAPSHOT.jar:/mnt/dev/YCSB-hreplace-dist/lib/commons-pool2-2.11.1.jar:/mnt/dev/YCSB-hreplace-dist/lib/redis-binding-0.18.0-SNAPSHOT.jar site.ycsb.Client -db site.ycsb.db.RedisClient -s -threads 256 -P /mnt/dev/YCSB-hreplace-dist/workloads/workloada -target 100000 -p recordcount=100000000 -p operationcount=5000000 -p fieldcount=10 -p fieldlength=128 -p fieldlengthdistribution=constant -p readallfields=true -p writeallfields=true -p insertorder=hashed -p requestdistribution=uniform -p readproportion=1 -p updateproportion=0 -p insertproportion=0 -p scanproportion=0 -p readmodifywriteproportion=0 -p measurementtype=hdrhistogram -p measurement.interval=both -p hdrhistogram.percentiles=50,95,99,99.9,99.99 -p status.interval=10 -p redis.host=172.16.0.4 -p redis.port=16379 -p redis.scanindex=none -p redis.timeout=10000 -p redis.cluster=false -p redis.updatecommand=hmset -t
Command line: -db site.ycsb.db.RedisClient -s -threads 256 -P /mnt/dev/YCSB-hreplace-dist/workloads/workloada -target 100000 -p recordcount=100000000 -p operationcount=5000000 -p fieldcount=10 -p fieldlength=128 -p fieldlengthdistribution=constant -p readallfields=true -p writeallfields=true -p insertorder=hashed -p requestdistribution=uniform -p readproportion=1 -p updateproportion=0 -p insertproportion=0 -p scanproportion=0 -p readmodifywriteproportion=0 -p measurementtype=hdrhistogram -p measurement.interval=both -p hdrhistogram.percentiles=50,95,99,99.9,99.99 -p status.interval=10 -p redis.host=172.16.0.4 -p redis.port=16379 -p redis.scanindex=none -p redis.timeout=10000 -p redis.cluster=false -p redis.updatecommand=hmset -t
YCSB Client 0.18.0-SNAPSHOT

Loading workload...
Starting test.
SLF4J: Failed to load class "org.slf4j.impl.StaticLoggerBinder".
SLF4J: Defaulting to no-operation (NOP) logger implementation
SLF4J: See http://www.slf4j.org/codes.html#StaticLoggerBinder for further details.
2026-09-13 15:33:05:866 0 sec: 0 operations; est completion in 0 second 
DBWrapper: report latency for each error is false and specific error codes to track for latency are: []
2026-09-13 15:33:15:815 10 sec: 991964 operations; 99196.4 current ops/sec; est completion in 41 seconds [READ: Count=992024, Max=37695, Min=206, Avg=315.51, 50=297, 90=379, 99=488, 99.9=1233, 99.99=18399] [Intended-READ: Count=992461, Max=78655, Min=229, Avg=527.14, 50=356, 90=440, 99=719, 99.9=44319, 99.99=67775] 
2026-09-13 15:33:25:815 20 sec: 1991958 operations; 99999.4 current ops/sec; est completion in 31 seconds [READ: Count=999978, Max=1439, Min=212, Avg=314.99, 50=301, 90=386, 99=470, 99.9=598, 99.99=1073] [Intended-READ: Count=999631, Max=1877, Min=234, Avg=373.8, 50=360, 90=446, 99=535, 99.9=977, 99.99=1245] 
2026-09-13 15:33:35:814 30 sec: 2991951 operations; 99999.3 current ops/sec; est completion in 21 seconds [READ: Count=999989, Max=1594, Min=209, Avg=316.99, 50=303, 90=388, 99=472, 99.9=605, 99.99=1092] [Intended-READ: Count=1000061, Max=1653, Min=221, Avg=375.74, 50=362, 90=448, 99=537, 99.9=971, 99.99=1271] 
2026-09-13 15:33:45:815 40 sec: 3991953 operations; 100000.2 current ops/sec; est completion in 11 seconds [READ: Count=1000007, Max=3933, Min=210, Avg=312.89, 50=299, 90=383, 99=466, 99.9=595, 99.99=1234] [Intended-READ: Count=999899, Max=3993, Min=229, Avg=371.73, 50=358, 90=443, 99=531, 99.9=991, 99.99=1430] 
2026-09-13 15:33:55:815 50 sec: 4991957 operations; 100000.4 current ops/sec; est completion in 1 second [READ: Count=999985, Max=1589, Min=194, Avg=315.64, 50=301, 90=387, 99=471, 99.9=600, 99.99=1073] [Intended-READ: Count=1000102, Max=1648, Min=227, Avg=374.33, 50=360, 90=447, 99=535, 99.9=956, 99.99=1234] 
2026-09-13 15:33:55:918 50 sec: 5000000 operations; 77336.54 current ops/sec; [READ: Count=8017, Max=1550, Min=218, Avg=311.1, 50=296, 90=384, 99=470, 99.9=593, 99.99=1550] [CLEANUP: Count=256, Max=629, Min=10, Avg=30.42, 50=16, 90=31, 99=523, 99.9=629, 99.99=629] [Intended-READ: Count=7846, Max=1615, Min=238, Avg=369.51, 50=356, 90=443, 99=533, 99.9=763, 99.99=1615] [Intended-CLEANUP: Count=256, Max=631, Min=11, Avg=30.71, 50=16, 90=31, 99=523, 99.9=631, 99.99=631] 
[OVERALL], RunTime(ms), 50103
[OVERALL], Throughput(ops/sec), 99794.42348761551
[TOTAL_GCS_G1_Young_Generation], Count, 91
[TOTAL_GC_TIME_G1_Young_Generation], Time(ms), 67
[TOTAL_GC_TIME_%_G1_Young_Generation], Time(%), 0.1337245274734048
[TOTAL_GCS_G1_Old_Generation], Count, 0
[TOTAL_GC_TIME_G1_Old_Generation], Time(ms), 0
[TOTAL_GC_TIME_%_G1_Old_Generation], Time(%), 0.0
[TOTAL_GCs], Count, 91
[TOTAL_GC_TIME], Time(ms), 67
[TOTAL_GC_TIME_%], Time(%), 0.1337245274734048
[READ], Operations, 5000000
[READ], AverageLatency(us), 315.196074
[READ], MinLatency(us), 194
[READ], MaxLatency(us), 37695
[READ], 50thPercentileLatency(us), 300
[READ], 95thPercentileLatency(us), 411
[READ], 99thPercentileLatency(us), 472
[READ], 99.9PercentileLatency(us), 722
[READ], 99.99PercentileLatency(us), 1607
[READ], Return=OK, 5000000
[CLEANUP], Operations, 256
[CLEANUP], AverageLatency(us), 30.421875
[CLEANUP], MinLatency(us), 10
[CLEANUP], MaxLatency(us), 629
[CLEANUP], 50thPercentileLatency(us), 16
[CLEANUP], 95thPercentileLatency(us), 54
[CLEANUP], 99thPercentileLatency(us), 523
[CLEANUP], 99.9PercentileLatency(us), 629
[CLEANUP], 99.99PercentileLatency(us), 629
[Intended-READ], Operations, 5000000
[Intended-READ], AverageLatency(us), 404.3118872
[Intended-READ], MinLatency(us), 221
[Intended-READ], MaxLatency(us), 78655
[Intended-READ], 50thPercentileLatency(us), 359
[Intended-READ], 95thPercentileLatency(us), 472
[Intended-READ], 99thPercentileLatency(us), 542
[Intended-READ], 99.9PercentileLatency(us), 7979
[Intended-READ], 99.99PercentileLatency(us), 54911
[Intended-CLEANUP], Operations, 256
[Intended-CLEANUP], AverageLatency(us), 30.7109375
[Intended-CLEANUP], MinLatency(us), 11
[Intended-CLEANUP], MaxLatency(us), 631
[Intended-CLEANUP], 50thPercentileLatency(us), 16
[Intended-CLEANUP], 95thPercentileLatency(us), 54
[Intended-CLEANUP], 99thPercentileLatency(us), 523
[Intended-CLEANUP], 99.9PercentileLatency(us), 631
[Intended-CLEANUP], 99.99PercentileLatency(us), 631
