java -cp /mnt/dev/YCSB-hreplace-dist/redis-binding/conf:/mnt/dev/YCSB-hreplace-dist/conf:/mnt/dev/YCSB-hreplace-dist/lib/htrace-core4-4.1.0-incubating.jar:/mnt/dev/YCSB-hreplace-dist/lib/slf4j-api-1.7.25.jar:/mnt/dev/YCSB-hreplace-dist/lib/jackson-mapper-asl-1.9.4.jar:/mnt/dev/YCSB-hreplace-dist/lib/HdrHistogram-2.1.12.jar:/mnt/dev/YCSB-hreplace-dist/lib/jackson-core-asl-1.9.4.jar:/mnt/dev/YCSB-hreplace-dist/lib/jedis-3.9.0.jar:/mnt/dev/YCSB-hreplace-dist/lib/core-0.18.0-SNAPSHOT.jar:/mnt/dev/YCSB-hreplace-dist/lib/commons-pool2-2.11.1.jar:/mnt/dev/YCSB-hreplace-dist/lib/redis-binding-0.18.0-SNAPSHOT.jar site.ycsb.Client -db site.ycsb.db.RedisClient -s -threads 256 -P /mnt/dev/YCSB-hreplace-dist/workloads/workloada -p recordcount=100000000 -p operationcount=5000000 -p fieldcount=10 -p fieldlength=128 -p fieldlengthdistribution=constant -p readallfields=true -p writeallfields=true -p insertorder=hashed -p requestdistribution=uniform -p readproportion=1 -p updateproportion=0 -p insertproportion=0 -p scanproportion=0 -p readmodifywriteproportion=0 -p measurementtype=hdrhistogram -p measurement.interval=both -p hdrhistogram.percentiles=50,95,99,99.9,99.99 -p status.interval=10 -p redis.host=172.16.0.4 -p redis.port=16379 -p redis.scanindex=none -p redis.timeout=10000 -p redis.cluster=false -p redis.updatecommand=hmset -t
Command line: -db site.ycsb.db.RedisClient -s -threads 256 -P /mnt/dev/YCSB-hreplace-dist/workloads/workloada -p recordcount=100000000 -p operationcount=5000000 -p fieldcount=10 -p fieldlength=128 -p fieldlengthdistribution=constant -p readallfields=true -p writeallfields=true -p insertorder=hashed -p requestdistribution=uniform -p readproportion=1 -p updateproportion=0 -p insertproportion=0 -p scanproportion=0 -p readmodifywriteproportion=0 -p measurementtype=hdrhistogram -p measurement.interval=both -p hdrhistogram.percentiles=50,95,99,99.9,99.99 -p status.interval=10 -p redis.host=172.16.0.4 -p redis.port=16379 -p redis.scanindex=none -p redis.timeout=10000 -p redis.cluster=false -p redis.updatecommand=hmset -t
YCSB Client 0.18.0-SNAPSHOT

Loading workload...
Starting test.
SLF4J: Failed to load class "org.slf4j.impl.StaticLoggerBinder".
SLF4J: Defaulting to no-operation (NOP) logger implementation
SLF4J: See http://www.slf4j.org/codes.html#StaticLoggerBinder for further details.
2026-09-13 15:33:59:266 0 sec: 0 operations; est completion in 0 second 
DBWrapper: report latency for each error is false and specific error codes to track for latency are: []
2026-09-13 15:34:09:225 10 sec: 4964696 operations; 496419.96 current ops/sec; est completion in 1 second [READ: Count=4964830, Max=98047, Min=220, Avg=491.6, 50=448, 90=591, 99=1348, 99.9=4081, 99.99=20895] [CLEANUP: Count=201, Max=1032, Min=14, Avg=48.76, 50=31, 90=86, 99=153, 99.9=1032, 99.99=1032] [Intended-READ: Count=4965759, Max=98047, Min=220, Avg=491.6, 50=448, 90=591, 99=1348, 99.9=4081, 99.99=20895] [Intended-CLEANUP: Count=201, Max=1035, Min=14, Avg=49.3, 50=32, 90=87, 99=154, 99.9=1035, 99.99=1035] 
2026-09-13 15:34:09:914 10 sec: 5000000 operations; 51239.48 current ops/sec; [READ: Count=35170, Max=905, Min=234, Avg=343.55, 50=334, 90=411, 99=477, 99.9=546, 99.99=645] [CLEANUP: Count=55, Max=59, Min=14, Avg=20.98, 50=20, 90=26, 99=59, 99.9=59, 99.99=59] [Intended-READ: Count=34241, Max=658, Min=234, Avg=343.63, 50=334, 90=411, 99=478, 99.9=539, 99.99=642] [Intended-CLEANUP: Count=55, Max=59, Min=14, Avg=21.15, 50=20, 90=26, 99=59, 99.9=59, 99.99=59] 
[OVERALL], RunTime(ms), 10689
[OVERALL], Throughput(ops/sec), 467770.60529516323
[TOTAL_GCS_G1_Young_Generation], Count, 54
[TOTAL_GC_TIME_G1_Young_Generation], Time(ms), 77
[TOTAL_GC_TIME_%_G1_Young_Generation], Time(%), 0.7203667321545514
[TOTAL_GCS_G1_Old_Generation], Count, 0
[TOTAL_GC_TIME_G1_Old_Generation], Time(ms), 0
[TOTAL_GC_TIME_%_G1_Old_Generation], Time(%), 0.0
[TOTAL_GCs], Count, 54
[TOTAL_GC_TIME], Time(ms), 77
[TOTAL_GC_TIME_%], Time(%), 0.7203667321545514
[READ], Operations, 5000000
[READ], AverageLatency(us), 490.5553348
[READ], MinLatency(us), 220
[READ], MaxLatency(us), 98047
[READ], 50thPercentileLatency(us), 448
[READ], 95thPercentileLatency(us), 690
[READ], 99thPercentileLatency(us), 1345
[READ], 99.9PercentileLatency(us), 4073
[READ], 99.99PercentileLatency(us), 20815
[READ], Return=OK, 5000000
[CLEANUP], Operations, 256
[CLEANUP], AverageLatency(us), 42.7890625
[CLEANUP], MinLatency(us), 14
[CLEANUP], MaxLatency(us), 1032
[CLEANUP], 50thPercentileLatency(us), 27
[CLEANUP], 95thPercentileLatency(us), 102
[CLEANUP], 99thPercentileLatency(us), 153
[CLEANUP], 99.9PercentileLatency(us), 1032
[CLEANUP], 99.99PercentileLatency(us), 1032
[Intended-READ], Operations, 5000000
[Intended-READ], AverageLatency(us), 490.5909786
[Intended-READ], MinLatency(us), 220
[Intended-READ], MaxLatency(us), 98047
[Intended-READ], 50thPercentileLatency(us), 448
[Intended-READ], 95thPercentileLatency(us), 691
[Intended-READ], 99thPercentileLatency(us), 1345
[Intended-READ], 99.9PercentileLatency(us), 4073
[Intended-READ], 99.99PercentileLatency(us), 20815
[Intended-CLEANUP], Operations, 256
[Intended-CLEANUP], AverageLatency(us), 43.25390625
[Intended-CLEANUP], MinLatency(us), 14
[Intended-CLEANUP], MaxLatency(us), 1035
[Intended-CLEANUP], 50thPercentileLatency(us), 27
[Intended-CLEANUP], 95thPercentileLatency(us), 103
[Intended-CLEANUP], 99thPercentileLatency(us), 154
[Intended-CLEANUP], 99.9PercentileLatency(us), 1035
[Intended-CLEANUP], 99.99PercentileLatency(us), 1035
