java -cp /mnt/dev/YCSB-aerospike-dist/aerospike-binding/conf:/mnt/dev/YCSB-aerospike-dist/conf:/mnt/dev/YCSB-aerospike-dist/lib/aerospike-client-3.1.2.jar:/mnt/dev/YCSB-aerospike-dist/lib/htrace-core4-4.1.0-incubating.jar:/mnt/dev/YCSB-aerospike-dist/lib/jbcrypt-0.3m.jar:/mnt/dev/YCSB-aerospike-dist/lib/jackson-mapper-asl-1.9.4.jar:/mnt/dev/YCSB-aerospike-dist/lib/aerospike-binding-0.18.0-SNAPSHOT.jar:/mnt/dev/YCSB-aerospike-dist/lib/HdrHistogram-2.1.12.jar:/mnt/dev/YCSB-aerospike-dist/lib/jackson-core-asl-1.9.4.jar:/mnt/dev/YCSB-aerospike-dist/lib/core-0.18.0-SNAPSHOT.jar:/mnt/dev/YCSB-aerospike-dist/lib/luaj-jse-3.0.jar:/mnt/dev/YCSB-aerospike-dist/lib/gnu-crypto-2.0.1.jar site.ycsb.Client -db site.ycsb.db.AerospikeClient -s -threads 256 -P /mnt/dev/YCSB-aerospike-dist/workloads/workloada -target 100000 -p recordcount=100000000 -p operationcount=1000000 -p fieldcount=10 -p fieldlength=128 -p fieldlengthdistribution=constant -p readallfields=true -p writeallfields=true -p insertorder=hashed -p requestdistribution=uniform -p readproportion=0.5 -p updateproportion=0.5 -p insertproportion=0 -p scanproportion=0 -p readmodifywriteproportion=0 -p measurementtype=hdrhistogram -p measurement.interval=both -p hdrhistogram.percentiles=50,95,99,99.9,99.99 -p status.interval=10 -p as.host=172.16.0.4 -p as.port=3000 -p as.namespace=ycsb -p as.timeout=10000 -t
Command line: -db site.ycsb.db.AerospikeClient -s -threads 256 -P /mnt/dev/YCSB-aerospike-dist/workloads/workloada -target 100000 -p recordcount=100000000 -p operationcount=1000000 -p fieldcount=10 -p fieldlength=128 -p fieldlengthdistribution=constant -p readallfields=true -p writeallfields=true -p insertorder=hashed -p requestdistribution=uniform -p readproportion=0.5 -p updateproportion=0.5 -p insertproportion=0 -p scanproportion=0 -p readmodifywriteproportion=0 -p measurementtype=hdrhistogram -p measurement.interval=both -p hdrhistogram.percentiles=50,95,99,99.9,99.99 -p status.interval=10 -p as.host=172.16.0.4 -p as.port=3000 -p as.namespace=ycsb -p as.timeout=10000 -t
YCSB Client 0.18.0-SNAPSHOT

Loading workload...
Starting test.
2026-09-13 16:40:05:232 0 sec: 0 operations; est completion in 0 second 
DBWrapper: report latency for each error is false and specific error codes to track for latency are: []
2026-09-13 16:40:15:152 10 sec: 977152 operations; 97715.2 current ops/sec; est completion in 1 second [READ: Count=487801, Max=50879, Min=161, Avg=294.49, 50=280, 90=346, 99=446, 99.9=874, 99.99=19919] [UPDATE: Count=489588, Max=37471, Min=148, Avg=217.16, 50=204, 90=264, 99=366, 99.9=721, 99.99=18863] [Intended-READ: Count=488072, Max=112959, Min=193, Avg=427.73, 50=339, 90=406, 99=544, 99.9=24063, 99.99=83519] [Intended-UPDATE: Count=489749, Max=110655, Min=168, Avg=352.61, 50=262, 90=324, 99=471, 99.9=24991, 99.99=79359] 
2026-09-13 16:40:15:415 10 sec: 1000000 operations; 86874.52 current ops/sec; [READ: Count=11394, Max=1933, Min=176, Avg=290.82, 50=279, 90=343, 99=439, 99.9=1401, 99.99=1547] [CLEANUP: Count=256, Max=289, Min=23, Avg=40.38, 50=34, 90=57, 99=166, 99.9=289, 99.99=289] [UPDATE: Count=11217, Max=1634, Min=151, Avg=213.82, 50=203, 90=265, 99=352, 99.9=792, 99.99=1504] [Intended-READ: Count=11123, Max=2027, Min=219, Avg=351.28, 50=337, 90=402, 99=522, 99.9=1511, 99.99=2007] [Intended-CLEANUP: Count=256, Max=290, Min=24, Avg=40.64, 50=34, 90=58, 99=166, 99.9=290, 99.99=290] [Intended-UPDATE: Count=11056, Max=1675, Min=173, Avg=275.62, 50=262, 90=324, 99=443, 99.9=1455, 99.99=1579] 
[OVERALL], RunTime(ms), 10263
[OVERALL], Throughput(ops/sec), 97437.39647276625
[TOTAL_GCS_G1_Young_Generation], Count, 16
[TOTAL_GC_TIME_G1_Young_Generation], Time(ms), 22
[TOTAL_GC_TIME_%_G1_Young_Generation], Time(%), 0.21436227224008575
[TOTAL_GCS_G1_Old_Generation], Count, 0
[TOTAL_GC_TIME_G1_Old_Generation], Time(ms), 0
[TOTAL_GC_TIME_%_G1_Old_Generation], Time(%), 0.0
[TOTAL_GCs], Count, 16
[TOTAL_GC_TIME], Time(ms), 22
[TOTAL_GC_TIME_%], Time(%), 0.21436227224008575
[READ], Operations, 499195
[READ], AverageLatency(us), 294.40973166798545
[READ], MinLatency(us), 161
[READ], MaxLatency(us), 50879
[READ], 50thPercentileLatency(us), 280
[READ], 95thPercentileLatency(us), 373
[READ], 99thPercentileLatency(us), 446
[READ], 99.9PercentileLatency(us), 897
[READ], 99.99PercentileLatency(us), 18895
[READ], Return=OK, 499195
[CLEANUP], Operations, 256
[CLEANUP], AverageLatency(us), 40.37890625
[CLEANUP], MinLatency(us), 23
[CLEANUP], MaxLatency(us), 289
[CLEANUP], 50thPercentileLatency(us), 34
[CLEANUP], 95thPercentileLatency(us), 69
[CLEANUP], 99thPercentileLatency(us), 166
[CLEANUP], 99.9PercentileLatency(us), 289
[CLEANUP], 99.99PercentileLatency(us), 289
[UPDATE], Operations, 500805
[UPDATE], AverageLatency(us), 217.08277672946556
[UPDATE], MinLatency(us), 148
[UPDATE], MaxLatency(us), 37471
[UPDATE], 50thPercentileLatency(us), 204
[UPDATE], 95thPercentileLatency(us), 292
[UPDATE], 99thPercentileLatency(us), 365
[UPDATE], 99.9PercentileLatency(us), 722
[UPDATE], 99.99PercentileLatency(us), 18335
[UPDATE], Return=OK, 500805
[Intended-READ], Operations, 499195
[Intended-READ], AverageLatency(us), 426.0225082382636
[Intended-READ], MinLatency(us), 193
[Intended-READ], MaxLatency(us), 112959
[Intended-READ], 50thPercentileLatency(us), 339
[Intended-READ], 95thPercentileLatency(us), 436
[Intended-READ], 99thPercentileLatency(us), 543
[Intended-READ], 99.9PercentileLatency(us), 23839
[Intended-READ], 99.99PercentileLatency(us), 82879
[Intended-CLEANUP], Operations, 256
[Intended-CLEANUP], AverageLatency(us), 40.63671875
[Intended-CLEANUP], MinLatency(us), 24
[Intended-CLEANUP], MaxLatency(us), 290
[Intended-CLEANUP], 50thPercentileLatency(us), 34
[Intended-CLEANUP], 95thPercentileLatency(us), 70
[Intended-CLEANUP], 99thPercentileLatency(us), 166
[Intended-CLEANUP], 99.9PercentileLatency(us), 290
[Intended-CLEANUP], 99.99PercentileLatency(us), 290
[Intended-UPDATE], Operations, 500805
[Intended-UPDATE], AverageLatency(us), 350.9095056958297
[Intended-UPDATE], MinLatency(us), 168
[Intended-UPDATE], MaxLatency(us), 110655
[Intended-UPDATE], 50thPercentileLatency(us), 262
[Intended-UPDATE], 95thPercentileLatency(us), 355
[Intended-UPDATE], 99thPercentileLatency(us), 471
[Intended-UPDATE], 99.9PercentileLatency(us), 24431
[Intended-UPDATE], 99.99PercentileLatency(us), 78527
