java -cp /mnt/dev/YCSB-aerospike-dist/aerospike-binding/conf:/mnt/dev/YCSB-aerospike-dist/conf:/mnt/dev/YCSB-aerospike-dist/lib/aerospike-client-3.1.2.jar:/mnt/dev/YCSB-aerospike-dist/lib/htrace-core4-4.1.0-incubating.jar:/mnt/dev/YCSB-aerospike-dist/lib/jbcrypt-0.3m.jar:/mnt/dev/YCSB-aerospike-dist/lib/jackson-mapper-asl-1.9.4.jar:/mnt/dev/YCSB-aerospike-dist/lib/aerospike-binding-0.18.0-SNAPSHOT.jar:/mnt/dev/YCSB-aerospike-dist/lib/HdrHistogram-2.1.12.jar:/mnt/dev/YCSB-aerospike-dist/lib/jackson-core-asl-1.9.4.jar:/mnt/dev/YCSB-aerospike-dist/lib/core-0.18.0-SNAPSHOT.jar:/mnt/dev/YCSB-aerospike-dist/lib/luaj-jse-3.0.jar:/mnt/dev/YCSB-aerospike-dist/lib/gnu-crypto-2.0.1.jar site.ycsb.Client -db site.ycsb.db.AerospikeClient -s -threads 256 -P /mnt/dev/YCSB-aerospike-dist/workloads/workloada -target 100000 -p recordcount=100000000 -p operationcount=5000000 -p fieldcount=10 -p fieldlength=128 -p fieldlengthdistribution=constant -p readallfields=true -p writeallfields=true -p insertorder=hashed -p requestdistribution=uniform -p readproportion=0.5 -p updateproportion=0.5 -p insertproportion=0 -p scanproportion=0 -p readmodifywriteproportion=0 -p measurementtype=hdrhistogram -p measurement.interval=both -p hdrhistogram.percentiles=50,95,99,99.9,99.99 -p status.interval=10 -p as.host=172.16.0.4 -p as.port=3000 -p as.namespace=ycsb -p as.timeout=10000 -t
Command line: -db site.ycsb.db.AerospikeClient -s -threads 256 -P /mnt/dev/YCSB-aerospike-dist/workloads/workloada -target 100000 -p recordcount=100000000 -p operationcount=5000000 -p fieldcount=10 -p fieldlength=128 -p fieldlengthdistribution=constant -p readallfields=true -p writeallfields=true -p insertorder=hashed -p requestdistribution=uniform -p readproportion=0.5 -p updateproportion=0.5 -p insertproportion=0 -p scanproportion=0 -p readmodifywriteproportion=0 -p measurementtype=hdrhistogram -p measurement.interval=both -p hdrhistogram.percentiles=50,95,99,99.9,99.99 -p status.interval=10 -p as.host=172.16.0.4 -p as.port=3000 -p as.namespace=ycsb -p as.timeout=10000 -t
YCSB Client 0.18.0-SNAPSHOT

Loading workload...
Starting test.
2026-09-13 16:40:16:778 0 sec: 0 operations; est completion in 0 second 
DBWrapper: report latency for each error is false and specific error codes to track for latency are: []
2026-09-13 16:40:26:725 10 sec: 963973 operations; 96387.66 current ops/sec; est completion in 42 seconds [READ: Count=481872, Max=24591, Min=155, Avg=292.29, 50=281, 90=346, 99=441, 99.9=658, 99.99=3395] [UPDATE: Count=482397, Max=21727, Min=147, Avg=215.36, 50=204, 90=266, 99=360, 99.9=572, 99.99=3041] [Intended-READ: Count=482171, Max=54303, Min=183, Avg=364.74, 50=339, 90=405, 99=531, 99.9=3687, 99.99=24591] [Intended-UPDATE: Count=482545, Max=56031, Min=166, Avg=287.99, 50=263, 90=326, 99=452, 99.9=3521, 99.99=24719] 
2026-09-13 16:40:36:725 20 sec: 1963965 operations; 100009.2 current ops/sec; est completion in 31 seconds [READ: Count=500073, Max=4063, Min=159, Avg=290.54, 50=281, 90=342, 99=432, 99.9=570, 99.99=1849] [UPDATE: Count=499727, Max=3509, Min=146, Avg=213.43, 50=204, 90=262, 99=350, 99.9=468, 99.99=1355] [Intended-READ: Count=499878, Max=4123, Min=181, Avg=349.39, 50=339, 90=401, 99=498, 99.9=1469, 99.99=2723] [Intended-UPDATE: Count=499641, Max=3707, Min=166, Avg=272.23, 50=263, 90=320, 99=414, 99.9=1309, 99.99=2607] 
2026-09-13 16:40:46:725 30 sec: 2963969 operations; 99990.4 current ops/sec; est completion in 21 seconds [READ: Count=500358, Max=1813, Min=162, Avg=290.56, 50=281, 90=343, 99=432, 99.9=553, 99.99=1318] [UPDATE: Count=499609, Max=1847, Min=150, Avg=213.8, 50=205, 90=263, 99=351, 99.9=466, 99.99=1248] [Intended-READ: Count=500308, Max=2225, Min=185, Avg=348.18, 50=339, 90=402, 99=495, 99.9=1130, 99.99=1524] [Intended-UPDATE: Count=499600, Max=1908, Min=163, Avg=271.66, 50=263, 90=322, 99=415, 99.9=1002, 99.99=1412] 
2026-09-13 16:40:56:725 40 sec: 3963955 operations; 100008.6 current ops/sec; est completion in 11 seconds [READ: Count=499993, Max=1761, Min=158, Avg=291, 50=282, 90=345, 99=433, 99.9=549, 99.99=1271] [UPDATE: Count=499997, Max=1703, Min=150, Avg=214.1, 50=205, 90=265, 99=352, 99.9=456, 99.99=1191] [Intended-READ: Count=499998, Max=2093, Min=190, Avg=348.53, 50=339, 90=403, 99=495, 99.9=1122, 99.99=1512] [Intended-UPDATE: Count=499997, Max=1771, Min=166, Avg=271.9, 50=263, 90=323, 99=414, 99.9=1004, 99.99=1402] 
2026-09-13 16:41:06:725 50 sec: 4963968 operations; 99991.3 current ops/sec; est completion in 1 second [READ: Count=499127, Max=1791, Min=163, Avg=291.21, 50=282, 90=345, 99=436, 99.9=572, 99.99=1292] [UPDATE: Count=500884, Max=1727, Min=147, Avg=214.25, 50=205, 90=265, 99=355, 99.9=472, 99.99=1147] [Intended-READ: Count=499119, Max=1865, Min=183, Avg=348.65, 50=340, 90=403, 99=498, 99.9=1093, 99.99=1486] [Intended-UPDATE: Count=500877, Max=1803, Min=168, Avg=271.94, 50=263, 90=323, 99=418, 99.9=927, 99.99=1356] 
2026-09-13 16:41:07:112 50 sec: 5000000 operations; 93105.94 current ops/sec; [READ: Count=17814, Max=1863, Min=171, Avg=289.81, 50=281, 90=342, 99=428, 99.9=537, 99.99=898] [CLEANUP: Count=256, Max=376, Min=21, Avg=38.74, 50=33, 90=55, 99=144, 99.9=376, 99.99=376] [UPDATE: Count=18149, Max=595, Min=150, Avg=213.38, 50=204, 90=264, 99=350, 99.9=478, 99.99=594] [Intended-READ: Count=17763, Max=1922, Min=222, Avg=346.69, 50=339, 90=400, 99=486, 99.9=606, 99.99=971] [Intended-CLEANUP: Count=256, Max=377, Min=21, Avg=39.01, 50=33, 90=55, 99=144, 99.9=377, 99.99=377] [Intended-UPDATE: Count=18103, Max=656, Min=173, Avg=270.31, 50=263, 90=322, 99=408, 99.9=542, 99.99=654] 
[OVERALL], RunTime(ms), 50387
[OVERALL], Throughput(ops/sec), 99231.94474765316
[TOTAL_GCS_G1_Young_Generation], Count, 67
[TOTAL_GC_TIME_G1_Young_Generation], Time(ms), 82
[TOTAL_GC_TIME_%_G1_Young_Generation], Time(%), 0.16274038938615118
[TOTAL_GCS_G1_Old_Generation], Count, 0
[TOTAL_GC_TIME_G1_Old_Generation], Time(ms), 0
[TOTAL_GC_TIME_%_G1_Old_Generation], Time(%), 0.0
[TOTAL_GCs], Count, 67
[TOTAL_GC_TIME], Time(ms), 82
[TOTAL_GC_TIME_%], Time(%), 0.16274038938615118
[READ], Operations, 2499237
[READ], AverageLatency(us), 291.1043670528245
[READ], MinLatency(us), 155
[READ], MaxLatency(us), 24591
[READ], 50thPercentileLatency(us), 281
[READ], 95thPercentileLatency(us), 371
[READ], 99thPercentileLatency(us), 435
[READ], 99.9PercentileLatency(us), 571
[READ], 99.99PercentileLatency(us), 2149
[READ], Return=OK, 2499237
[CLEANUP], Operations, 256
[CLEANUP], AverageLatency(us), 38.7421875
[CLEANUP], MinLatency(us), 21
[CLEANUP], MaxLatency(us), 376
[CLEANUP], 50thPercentileLatency(us), 33
[CLEANUP], 95thPercentileLatency(us), 67
[CLEANUP], 99thPercentileLatency(us), 144
[CLEANUP], 99.9PercentileLatency(us), 376
[CLEANUP], 99.99PercentileLatency(us), 376
[UPDATE], Operations, 2500763
[UPDATE], AverageLatency(us), 214.17449314469224
[UPDATE], MinLatency(us), 146
[UPDATE], MaxLatency(us), 21727
[UPDATE], 50thPercentileLatency(us), 205
[UPDATE], 95thPercentileLatency(us), 291
[UPDATE], 99thPercentileLatency(us), 353
[UPDATE], 99.9PercentileLatency(us), 479
[UPDATE], 99.99PercentileLatency(us), 1620
[UPDATE], Return=OK, 2500763
[Intended-READ], Operations, 2499237
[Intended-READ], AverageLatency(us), 351.7693063923109
[Intended-READ], MinLatency(us), 181
[Intended-READ], MaxLatency(us), 54303
[Intended-READ], 50thPercentileLatency(us), 339
[Intended-READ], 95thPercentileLatency(us), 431
[Intended-READ], 99thPercentileLatency(us), 502
[Intended-READ], 99.9PercentileLatency(us), 1626
[Intended-READ], 99.99PercentileLatency(us), 5023
[Intended-CLEANUP], Operations, 256
[Intended-CLEANUP], AverageLatency(us), 39.01171875
[Intended-CLEANUP], MinLatency(us), 21
[Intended-CLEANUP], MaxLatency(us), 377
[Intended-CLEANUP], 50thPercentileLatency(us), 33
[Intended-CLEANUP], 95thPercentileLatency(us), 68
[Intended-CLEANUP], 99thPercentileLatency(us), 144
[Intended-CLEANUP], 99.9PercentileLatency(us), 377
[Intended-CLEANUP], 99.99PercentileLatency(us), 377
[Intended-UPDATE], Operations, 2500763
[Intended-UPDATE], AverageLatency(us), 275.0217025763737
[Intended-UPDATE], MinLatency(us), 163
[Intended-UPDATE], MaxLatency(us), 56031
[Intended-UPDATE], 50thPercentileLatency(us), 263
[Intended-UPDATE], 95thPercentileLatency(us), 351
[Intended-UPDATE], 99thPercentileLatency(us), 420
[Intended-UPDATE], 99.9PercentileLatency(us), 1452
[Intended-UPDATE], 99.99PercentileLatency(us), 4719
