java -cp /mnt/dev/YCSB-hreplace-dist/redis-binding/conf:/mnt/dev/YCSB-hreplace-dist/conf:/mnt/dev/YCSB-hreplace-dist/lib/htrace-core4-4.1.0-incubating.jar:/mnt/dev/YCSB-hreplace-dist/lib/slf4j-api-1.7.25.jar:/mnt/dev/YCSB-hreplace-dist/lib/jackson-mapper-asl-1.9.4.jar:/mnt/dev/YCSB-hreplace-dist/lib/HdrHistogram-2.1.12.jar:/mnt/dev/YCSB-hreplace-dist/lib/jackson-core-asl-1.9.4.jar:/mnt/dev/YCSB-hreplace-dist/lib/jedis-3.9.0.jar:/mnt/dev/YCSB-hreplace-dist/lib/core-0.18.0-SNAPSHOT.jar:/mnt/dev/YCSB-hreplace-dist/lib/commons-pool2-2.11.1.jar:/mnt/dev/YCSB-hreplace-dist/lib/redis-binding-0.18.0-SNAPSHOT.jar site.ycsb.Client -db site.ycsb.db.RedisClient -s -threads 256 -P /mnt/dev/YCSB-hreplace-dist/workloads/workloada -target 100000 -p recordcount=100000000 -p operationcount=1000000 -p fieldcount=10 -p fieldlength=128 -p fieldlengthdistribution=constant -p readallfields=true -p writeallfields=true -p insertorder=hashed -p requestdistribution=uniform -p readproportion=1 -p updateproportion=0 -p insertproportion=0 -p scanproportion=0 -p readmodifywriteproportion=0 -p measurementtype=hdrhistogram -p measurement.interval=both -p hdrhistogram.percentiles=50,95,99,99.9,99.99 -p status.interval=10 -p redis.host=172.16.0.4 -p redis.port=16379 -p redis.scanindex=none -p redis.timeout=10000 -p redis.cluster=false -p redis.updatecommand=hmset -t
Command line: -db site.ycsb.db.RedisClient -s -threads 256 -P /mnt/dev/YCSB-hreplace-dist/workloads/workloada -target 100000 -p recordcount=100000000 -p operationcount=1000000 -p fieldcount=10 -p fieldlength=128 -p fieldlengthdistribution=constant -p readallfields=true -p writeallfields=true -p insertorder=hashed -p requestdistribution=uniform -p readproportion=1 -p updateproportion=0 -p insertproportion=0 -p scanproportion=0 -p readmodifywriteproportion=0 -p measurementtype=hdrhistogram -p measurement.interval=both -p hdrhistogram.percentiles=50,95,99,99.9,99.99 -p status.interval=10 -p redis.host=172.16.0.4 -p redis.port=16379 -p redis.scanindex=none -p redis.timeout=10000 -p redis.cluster=false -p redis.updatecommand=hmset -t
YCSB Client 0.18.0-SNAPSHOT

Loading workload...
Starting test.
SLF4J: Failed to load class "org.slf4j.impl.StaticLoggerBinder".
SLF4J: Defaulting to no-operation (NOP) logger implementation
SLF4J: See http://www.slf4j.org/codes.html#StaticLoggerBinder for further details.
2026-09-13 14:49:29:593 0 sec: 0 operations; est completion in 0 second 
DBWrapper: report latency for each error is false and specific error codes to track for latency are: []
2026-09-13 14:49:39:565 10 sec: 992513 operations; 99251.3 current ops/sec; est completion in 1 second [READ: Count=992571, Max=29887, Min=206, Avg=311.43, 50=296, 90=370, 99=477, 99.9=1369, 99.99=7191] [Intended-READ: Count=992962, Max=74687, Min=232, Avg=456.39, 50=355, 90=431, 99=632, 99.9=32703, 99.99=54623] 
2026-09-13 14:49:39:660 10 sec: 1000000 operations; 77989.58 current ops/sec; [READ: Count=7429, Max=1496, Min=226, Avg=301.89, 50=293, 90=358, 99=437, 99.9=553, 99.99=1496] [CLEANUP: Count=256, Max=618, Min=10, Avg=28.61, 50=16, 90=26, 99=520, 99.9=618, 99.99=618] [Intended-READ: Count=7038, Max=1558, Min=251, Avg=359.73, 50=352, 90=417, 99=496, 99.9=599, 99.99=1558] [Intended-CLEANUP: Count=256, Max=618, Min=11, Avg=28.82, 50=16, 90=26, 99=521, 99.9=618, 99.99=618] 
[OVERALL], RunTime(ms), 10095
[OVERALL], Throughput(ops/sec), 99058.94006934126
[TOTAL_GCS_G1_Young_Generation], Count, 20
[TOTAL_GC_TIME_G1_Young_Generation], Time(ms), 21
[TOTAL_GC_TIME_%_G1_Young_Generation], Time(%), 0.20802377414561665
[TOTAL_GCS_G1_Old_Generation], Count, 0
[TOTAL_GC_TIME_G1_Old_Generation], Time(ms), 0
[TOTAL_GC_TIME_%_G1_Old_Generation], Time(%), 0.0
[TOTAL_GCs], Count, 20
[TOTAL_GC_TIME], Time(ms), 21
[TOTAL_GC_TIME_%], Time(%), 0.20802377414561665
[READ], Operations, 1000000
[READ], AverageLatency(us), 311.360951
[READ], MinLatency(us), 206
[READ], MaxLatency(us), 29887
[READ], 50thPercentileLatency(us), 296
[READ], 95thPercentileLatency(us), 399
[READ], 99thPercentileLatency(us), 477
[READ], 99.9PercentileLatency(us), 1367
[READ], 99.99PercentileLatency(us), 6799
[READ], Return=OK, 1000000
[CLEANUP], Operations, 256
[CLEANUP], AverageLatency(us), 28.60546875
[CLEANUP], MinLatency(us), 10
[CLEANUP], MaxLatency(us), 618
[CLEANUP], 50thPercentileLatency(us), 16
[CLEANUP], 95thPercentileLatency(us), 40
[CLEANUP], 99thPercentileLatency(us), 520
[CLEANUP], 99.9PercentileLatency(us), 618
[CLEANUP], 99.99PercentileLatency(us), 618
[Intended-READ], Operations, 1000000
[Intended-READ], AverageLatency(us), 455.710879
[Intended-READ], MinLatency(us), 232
[Intended-READ], MaxLatency(us), 74687
[Intended-READ], 50thPercentileLatency(us), 355
[Intended-READ], 95thPercentileLatency(us), 461
[Intended-READ], 99thPercentileLatency(us), 628
[Intended-READ], 99.9PercentileLatency(us), 32639
[Intended-READ], 99.99PercentileLatency(us), 54591
[Intended-CLEANUP], Operations, 256
[Intended-CLEANUP], AverageLatency(us), 28.8203125
[Intended-CLEANUP], MinLatency(us), 11
[Intended-CLEANUP], MaxLatency(us), 618
[Intended-CLEANUP], 50thPercentileLatency(us), 16
[Intended-CLEANUP], 95thPercentileLatency(us), 41
[Intended-CLEANUP], 99thPercentileLatency(us), 521
[Intended-CLEANUP], 99.9PercentileLatency(us), 618
[Intended-CLEANUP], 99.99PercentileLatency(us), 618
