java -cp /mnt/dev/YCSB-hreplace-dist/redis-binding/conf:/mnt/dev/YCSB-hreplace-dist/conf:/mnt/dev/YCSB-hreplace-dist/lib/htrace-core4-4.1.0-incubating.jar:/mnt/dev/YCSB-hreplace-dist/lib/slf4j-api-1.7.25.jar:/mnt/dev/YCSB-hreplace-dist/lib/jackson-mapper-asl-1.9.4.jar:/mnt/dev/YCSB-hreplace-dist/lib/HdrHistogram-2.1.12.jar:/mnt/dev/YCSB-hreplace-dist/lib/jackson-core-asl-1.9.4.jar:/mnt/dev/YCSB-hreplace-dist/lib/jedis-3.9.0.jar:/mnt/dev/YCSB-hreplace-dist/lib/core-0.18.0-SNAPSHOT.jar:/mnt/dev/YCSB-hreplace-dist/lib/commons-pool2-2.11.1.jar:/mnt/dev/YCSB-hreplace-dist/lib/redis-binding-0.18.0-SNAPSHOT.jar site.ycsb.Client -db site.ycsb.db.RedisClient -s -threads 256 -P /mnt/dev/YCSB-hreplace-dist/workloads/workloada -p recordcount=100000000 -p operationcount=1000000 -p fieldcount=10 -p fieldlength=128 -p fieldlengthdistribution=constant -p readallfields=true -p writeallfields=true -p insertorder=hashed -p requestdistribution=uniform -p readproportion=1 -p updateproportion=0 -p insertproportion=0 -p scanproportion=0 -p readmodifywriteproportion=0 -p measurementtype=hdrhistogram -p measurement.interval=both -p hdrhistogram.percentiles=50,95,99,99.9,99.99 -p status.interval=10 -p redis.host=172.16.0.4 -p redis.port=16379 -p redis.scanindex=none -p redis.timeout=10000 -p redis.cluster=false -p redis.updatecommand=hmset -t
Command line: -db site.ycsb.db.RedisClient -s -threads 256 -P /mnt/dev/YCSB-hreplace-dist/workloads/workloada -p recordcount=100000000 -p operationcount=1000000 -p fieldcount=10 -p fieldlength=128 -p fieldlengthdistribution=constant -p readallfields=true -p writeallfields=true -p insertorder=hashed -p requestdistribution=uniform -p readproportion=1 -p updateproportion=0 -p insertproportion=0 -p scanproportion=0 -p readmodifywriteproportion=0 -p measurementtype=hdrhistogram -p measurement.interval=both -p hdrhistogram.percentiles=50,95,99,99.9,99.99 -p status.interval=10 -p redis.host=172.16.0.4 -p redis.port=16379 -p redis.scanindex=none -p redis.timeout=10000 -p redis.cluster=false -p redis.updatecommand=hmset -t
YCSB Client 0.18.0-SNAPSHOT

Loading workload...
Starting test.
SLF4J: Failed to load class "org.slf4j.impl.StaticLoggerBinder".
SLF4J: Defaulting to no-operation (NOP) logger implementation
SLF4J: See http://www.slf4j.org/codes.html#StaticLoggerBinder for further details.
2026-09-13 14:47:58:307 0 sec: 0 operations; est completion in 0 second 
DBWrapper: report latency for each error is false and specific error codes to track for latency are: []
2026-09-13 14:48:00:516 2 sec: 1000000 operations; 432525.95 current ops/sec; [READ: Count=1000000, Max=63807, Min=228, Avg=497.3, 50=452, 90=595, 99=1438, 99.9=4999, 99.99=24735] [CLEANUP: Count=256, Max=852, Min=13, Avg=30.11, 50=21, 90=43, 99=110, 99.9=852, 99.99=852] [Intended-READ: Count=1000000, Max=63807, Min=228, Avg=497.34, 50=452, 90=595, 99=1438, 99.9=4999, 99.99=24735] [Intended-CLEANUP: Count=256, Max=853, Min=13, Avg=30.44, 50=22, 90=43, 99=111, 99.9=853, 99.99=853] 
[OVERALL], RunTime(ms), 2311
[OVERALL], Throughput(ops/sec), 432713.1112072696
[TOTAL_GCS_G1_Young_Generation], Count, 18
[TOTAL_GC_TIME_G1_Young_Generation], Time(ms), 24
[TOTAL_GC_TIME_%_G1_Young_Generation], Time(%), 1.038511466897447
[TOTAL_GCS_G1_Old_Generation], Count, 0
[TOTAL_GC_TIME_G1_Old_Generation], Time(ms), 0
[TOTAL_GC_TIME_%_G1_Old_Generation], Time(%), 0.0
[TOTAL_GCs], Count, 18
[TOTAL_GC_TIME], Time(ms), 24
[TOTAL_GC_TIME_%], Time(%), 1.038511466897447
[READ], Operations, 1000000
[READ], AverageLatency(us), 497.298729
[READ], MinLatency(us), 228
[READ], MaxLatency(us), 63807
[READ], 50thPercentileLatency(us), 452
[READ], 95thPercentileLatency(us), 681
[READ], 99thPercentileLatency(us), 1438
[READ], 99.9PercentileLatency(us), 4999
[READ], 99.99PercentileLatency(us), 24735
[READ], Return=OK, 1000000
[CLEANUP], Operations, 256
[CLEANUP], AverageLatency(us), 30.11328125
[CLEANUP], MinLatency(us), 13
[CLEANUP], MaxLatency(us), 852
[CLEANUP], 50thPercentileLatency(us), 21
[CLEANUP], 95thPercentileLatency(us), 66
[CLEANUP], 99thPercentileLatency(us), 110
[CLEANUP], 99.9PercentileLatency(us), 852
[CLEANUP], 99.99PercentileLatency(us), 852
[Intended-READ], Operations, 1000000
[Intended-READ], AverageLatency(us), 497.340466
[Intended-READ], MinLatency(us), 228
[Intended-READ], MaxLatency(us), 63807
[Intended-READ], 50thPercentileLatency(us), 452
[Intended-READ], 95thPercentileLatency(us), 681
[Intended-READ], 99thPercentileLatency(us), 1438
[Intended-READ], 99.9PercentileLatency(us), 4999
[Intended-READ], 99.99PercentileLatency(us), 24735
[Intended-CLEANUP], Operations, 256
[Intended-CLEANUP], AverageLatency(us), 30.4375
[Intended-CLEANUP], MinLatency(us), 13
[Intended-CLEANUP], MaxLatency(us), 853
[Intended-CLEANUP], 50thPercentileLatency(us), 22
[Intended-CLEANUP], 95thPercentileLatency(us), 67
[Intended-CLEANUP], 99thPercentileLatency(us), 111
[Intended-CLEANUP], 99.9PercentileLatency(us), 853
[Intended-CLEANUP], 99.99PercentileLatency(us), 853
