java -cp /mnt/dev/YCSB-hreplace-dist/redis-binding/conf:/mnt/dev/YCSB-hreplace-dist/conf:/mnt/dev/YCSB-hreplace-dist/lib/htrace-core4-4.1.0-incubating.jar:/mnt/dev/YCSB-hreplace-dist/lib/slf4j-api-1.7.25.jar:/mnt/dev/YCSB-hreplace-dist/lib/jackson-mapper-asl-1.9.4.jar:/mnt/dev/YCSB-hreplace-dist/lib/HdrHistogram-2.1.12.jar:/mnt/dev/YCSB-hreplace-dist/lib/jackson-core-asl-1.9.4.jar:/mnt/dev/YCSB-hreplace-dist/lib/jedis-3.9.0.jar:/mnt/dev/YCSB-hreplace-dist/lib/core-0.18.0-SNAPSHOT.jar:/mnt/dev/YCSB-hreplace-dist/lib/commons-pool2-2.11.1.jar:/mnt/dev/YCSB-hreplace-dist/lib/redis-binding-0.18.0-SNAPSHOT.jar site.ycsb.Client -db site.ycsb.db.RedisClient -s -threads 256 -P /mnt/dev/YCSB-hreplace-dist/workloads/workloada -target 100000 -p recordcount=100000000 -p operationcount=1000000 -p fieldcount=10 -p fieldlength=128 -p fieldlengthdistribution=constant -p readallfields=true -p writeallfields=true -p insertorder=hashed -p requestdistribution=uniform -p readproportion=0.5 -p updateproportion=0.5 -p insertproportion=0 -p scanproportion=0 -p readmodifywriteproportion=0 -p measurementtype=hdrhistogram -p measurement.interval=both -p hdrhistogram.percentiles=50,95,99,99.9,99.99 -p status.interval=10 -p redis.host=172.16.0.4 -p redis.port=16379 -p redis.scanindex=none -p redis.timeout=10000 -p redis.cluster=false -p redis.updatecommand=keylane.hreplace -t
Command line: -db site.ycsb.db.RedisClient -s -threads 256 -P /mnt/dev/YCSB-hreplace-dist/workloads/workloada -target 100000 -p recordcount=100000000 -p operationcount=1000000 -p fieldcount=10 -p fieldlength=128 -p fieldlengthdistribution=constant -p readallfields=true -p writeallfields=true -p insertorder=hashed -p requestdistribution=uniform -p readproportion=0.5 -p updateproportion=0.5 -p insertproportion=0 -p scanproportion=0 -p readmodifywriteproportion=0 -p measurementtype=hdrhistogram -p measurement.interval=both -p hdrhistogram.percentiles=50,95,99,99.9,99.99 -p status.interval=10 -p redis.host=172.16.0.4 -p redis.port=16379 -p redis.scanindex=none -p redis.timeout=10000 -p redis.cluster=false -p redis.updatecommand=keylane.hreplace -t
YCSB Client 0.18.0-SNAPSHOT

Loading workload...
Starting test.
SLF4J: Failed to load class "org.slf4j.impl.StaticLoggerBinder".
SLF4J: Defaulting to no-operation (NOP) logger implementation
SLF4J: See http://www.slf4j.org/codes.html#StaticLoggerBinder for further details.
2026-09-13 16:00:42:717 0 sec: 0 operations; est completion in 0 second 
DBWrapper: report latency for each error is false and specific error codes to track for latency are: []
2026-09-13 16:00:52:632 10 sec: 988619 operations; 98861.9 current ops/sec; est completion in 1 second [READ: Count=494635, Max=10463, Min=173, Avg=323.73, 50=296, 90=351, 99=773, 99.9=4963, 99.99=8847] [UPDATE: Count=494234, Max=11191, Min=151, Avg=238.2, 50=218, 90=271, 99=586, 99.9=2849, 99.99=5755] [Intended-READ: Count=494894, Max=86463, Min=222, Avg=510.94, 50=355, 90=413, 99=2283, 99.9=40447, 99.99=68671] [Intended-UPDATE: Count=494430, Max=82879, Min=175, Avg=425.21, 50=277, 90=332, 99=1584, 99.9=39839, 99.99=67391] 
2026-09-13 16:00:52:769 10 sec: 1000000 operations; 83072.99 current ops/sec; [READ: Count=5652, Max=3731, Min=221, Avg=302.19, 50=293, 90=337, 99=433, 99.9=2323, 99.99=3731] [CLEANUP: Count=256, Max=734, Min=12, Avg=32.87, 50=18, 90=36, 99=585, 99.9=734, 99.99=734] [UPDATE: Count=5479, Max=3515, Min=158, Avg=225.76, 50=215, 90=251, 99=357, 99.9=2705, 99.99=3515] [Intended-READ: Count=5393, Max=3963, Min=254, Avg=368.75, 50=353, 90=399, 99=601, 99.9=2809, 99.99=3963] [Intended-CLEANUP: Count=256, Max=734, Min=12, Avg=33.11, 50=18, 90=36, 99=585, 99.9=734, 99.99=734] [Intended-UPDATE: Count=5283, Max=3579, Min=186, Avg=290.51, 50=275, 90=314, 99=481, 99.9=2999, 99.99=3579] 
[OVERALL], RunTime(ms), 10136
[OVERALL], Throughput(ops/sec), 98658.24782951854
[TOTAL_GCS_G1_Young_Generation], Count, 29
[TOTAL_GC_TIME_G1_Young_Generation], Time(ms), 27
[TOTAL_GC_TIME_%_G1_Young_Generation], Time(%), 0.2663772691397001
[TOTAL_GCS_G1_Old_Generation], Count, 0
[TOTAL_GC_TIME_G1_Old_Generation], Time(ms), 0
[TOTAL_GC_TIME_%_G1_Old_Generation], Time(%), 0.0
[TOTAL_GCs], Count, 29
[TOTAL_GC_TIME], Time(ms), 27
[TOTAL_GC_TIME_%], Time(%), 0.2663772691397001
[READ], Operations, 500287
[READ], AverageLatency(us), 323.483774313544
[READ], MinLatency(us), 173
[READ], MaxLatency(us), 10463
[READ], 50thPercentileLatency(us), 296
[READ], 95thPercentileLatency(us), 385
[READ], 99thPercentileLatency(us), 764
[READ], 99.9PercentileLatency(us), 4935
[READ], 99.99PercentileLatency(us), 8807
[READ], Return=OK, 500287
[CLEANUP], Operations, 256
[CLEANUP], AverageLatency(us), 32.8671875
[CLEANUP], MinLatency(us), 12
[CLEANUP], MaxLatency(us), 734
[CLEANUP], 50thPercentileLatency(us), 18
[CLEANUP], 95thPercentileLatency(us), 45
[CLEANUP], 99thPercentileLatency(us), 585
[CLEANUP], 99.9PercentileLatency(us), 734
[CLEANUP], 99.99PercentileLatency(us), 734
[UPDATE], Operations, 499713
[UPDATE], AverageLatency(us), 238.0635084538525
[UPDATE], MinLatency(us), 151
[UPDATE], MaxLatency(us), 11191
[UPDATE], 50thPercentileLatency(us), 218
[UPDATE], 95thPercentileLatency(us), 305
[UPDATE], 99thPercentileLatency(us), 581
[UPDATE], 99.9PercentileLatency(us), 2849
[UPDATE], 99.99PercentileLatency(us), 5755
[UPDATE], Return=OK, 499713
[Intended-READ], Operations, 500287
[Intended-READ], AverageLatency(us), 509.40972881565983
[Intended-READ], MinLatency(us), 222
[Intended-READ], MaxLatency(us), 86463
[Intended-READ], 50thPercentileLatency(us), 355
[Intended-READ], 95thPercentileLatency(us), 453
[Intended-READ], 99thPercentileLatency(us), 2251
[Intended-READ], 99.9PercentileLatency(us), 40255
[Intended-READ], 99.99PercentileLatency(us), 68607
[Intended-CLEANUP], Operations, 256
[Intended-CLEANUP], AverageLatency(us), 33.10546875
[Intended-CLEANUP], MinLatency(us), 12
[Intended-CLEANUP], MaxLatency(us), 734
[Intended-CLEANUP], 50thPercentileLatency(us), 18
[Intended-CLEANUP], 95thPercentileLatency(us), 46
[Intended-CLEANUP], 99thPercentileLatency(us), 585
[Intended-CLEANUP], 99.9PercentileLatency(us), 734
[Intended-CLEANUP], 99.99PercentileLatency(us), 734
[Intended-UPDATE], Operations, 499713
[Intended-UPDATE], AverageLatency(us), 423.79065383530144
[Intended-UPDATE], MinLatency(us), 175
[Intended-UPDATE], MaxLatency(us), 82879
[Intended-UPDATE], 50thPercentileLatency(us), 277
[Intended-UPDATE], 95thPercentileLatency(us), 372
[Intended-UPDATE], 99thPercentileLatency(us), 1569
[Intended-UPDATE], 99.9PercentileLatency(us), 39647
[Intended-UPDATE], 99.99PercentileLatency(us), 67391
