java -cp /mnt/dev/YCSB-hreplace-dist/redis-binding/conf:/mnt/dev/YCSB-hreplace-dist/conf:/mnt/dev/YCSB-hreplace-dist/lib/htrace-core4-4.1.0-incubating.jar:/mnt/dev/YCSB-hreplace-dist/lib/slf4j-api-1.7.25.jar:/mnt/dev/YCSB-hreplace-dist/lib/jackson-mapper-asl-1.9.4.jar:/mnt/dev/YCSB-hreplace-dist/lib/HdrHistogram-2.1.12.jar:/mnt/dev/YCSB-hreplace-dist/lib/jackson-core-asl-1.9.4.jar:/mnt/dev/YCSB-hreplace-dist/lib/jedis-3.9.0.jar:/mnt/dev/YCSB-hreplace-dist/lib/core-0.18.0-SNAPSHOT.jar:/mnt/dev/YCSB-hreplace-dist/lib/commons-pool2-2.11.1.jar:/mnt/dev/YCSB-hreplace-dist/lib/redis-binding-0.18.0-SNAPSHOT.jar site.ycsb.Client -db site.ycsb.db.RedisClient -s -threads 256 -P /mnt/dev/YCSB-hreplace-dist/workloads/workloada -p recordcount=100000000 -p operationcount=1000000 -p fieldcount=10 -p fieldlength=128 -p fieldlengthdistribution=constant -p readallfields=true -p writeallfields=true -p insertorder=hashed -p requestdistribution=uniform -p readproportion=1 -p updateproportion=0 -p insertproportion=0 -p scanproportion=0 -p readmodifywriteproportion=0 -p measurementtype=hdrhistogram -p measurement.interval=both -p hdrhistogram.percentiles=50,95,99,99.9,99.99 -p status.interval=10 -p redis.host=172.16.0.4 -p redis.port=16379 -p redis.scanindex=none -p redis.timeout=10000 -p redis.cluster=false -p redis.updatecommand=keylane.hreplace -t
Command line: -db site.ycsb.db.RedisClient -s -threads 256 -P /mnt/dev/YCSB-hreplace-dist/workloads/workloada -p recordcount=100000000 -p operationcount=1000000 -p fieldcount=10 -p fieldlength=128 -p fieldlengthdistribution=constant -p readallfields=true -p writeallfields=true -p insertorder=hashed -p requestdistribution=uniform -p readproportion=1 -p updateproportion=0 -p insertproportion=0 -p scanproportion=0 -p readmodifywriteproportion=0 -p measurementtype=hdrhistogram -p measurement.interval=both -p hdrhistogram.percentiles=50,95,99,99.9,99.99 -p status.interval=10 -p redis.host=172.16.0.4 -p redis.port=16379 -p redis.scanindex=none -p redis.timeout=10000 -p redis.cluster=false -p redis.updatecommand=keylane.hreplace -t
YCSB Client 0.18.0-SNAPSHOT

Loading workload...
Starting test.
SLF4J: Failed to load class "org.slf4j.impl.StaticLoggerBinder".
SLF4J: Defaulting to no-operation (NOP) logger implementation
SLF4J: See http://www.slf4j.org/codes.html#StaticLoggerBinder for further details.
2026-09-13 16:26:01:013 0 sec: 0 operations; est completion in 0 second 
DBWrapper: report latency for each error is false and specific error codes to track for latency are: []
2026-09-13 16:26:03:863 2 sec: 1000000 operations; 345423.14 current ops/sec; [READ: Count=1000000, Max=61983, Min=218, Avg=649.07, 50=477, 90=1123, 99=2113, 99.9=7555, 99.99=42783] [CLEANUP: Count=256, Max=795, Min=13, Avg=34.39, 50=23, 90=58, 99=144, 99.9=795, 99.99=795] [Intended-READ: Count=1000000, Max=61983, Min=218, Avg=649.11, 50=477, 90=1123, 99=2113, 99.9=7555, 99.99=42783] [Intended-CLEANUP: Count=256, Max=796, Min=13, Avg=34.77, 50=23, 90=59, 99=144, 99.9=796, 99.99=796] 
[OVERALL], RunTime(ms), 2895
[OVERALL], Throughput(ops/sec), 345423.1433506045
[TOTAL_GCS_G1_Young_Generation], Count, 17
[TOTAL_GC_TIME_G1_Young_Generation], Time(ms), 33
[TOTAL_GC_TIME_%_G1_Young_Generation], Time(%), 1.1398963730569949
[TOTAL_GCS_G1_Old_Generation], Count, 0
[TOTAL_GC_TIME_G1_Old_Generation], Time(ms), 0
[TOTAL_GC_TIME_%_G1_Old_Generation], Time(%), 0.0
[TOTAL_GCs], Count, 17
[TOTAL_GC_TIME], Time(ms), 33
[TOTAL_GC_TIME_%], Time(%), 1.1398963730569949
[READ], Operations, 1000000
[READ], AverageLatency(us), 649.069967
[READ], MinLatency(us), 218
[READ], MaxLatency(us), 61983
[READ], 50thPercentileLatency(us), 477
[READ], 95thPercentileLatency(us), 1357
[READ], 99thPercentileLatency(us), 2113
[READ], 99.9PercentileLatency(us), 7555
[READ], 99.99PercentileLatency(us), 42783
[READ], Return=OK, 1000000
[CLEANUP], Operations, 256
[CLEANUP], AverageLatency(us), 34.38671875
[CLEANUP], MinLatency(us), 13
[CLEANUP], MaxLatency(us), 795
[CLEANUP], 50thPercentileLatency(us), 23
[CLEANUP], 95thPercentileLatency(us), 84
[CLEANUP], 99thPercentileLatency(us), 144
[CLEANUP], 99.9PercentileLatency(us), 795
[CLEANUP], 99.99PercentileLatency(us), 795
[Intended-READ], Operations, 1000000
[Intended-READ], AverageLatency(us), 649.110465
[Intended-READ], MinLatency(us), 218
[Intended-READ], MaxLatency(us), 61983
[Intended-READ], 50thPercentileLatency(us), 477
[Intended-READ], 95thPercentileLatency(us), 1357
[Intended-READ], 99thPercentileLatency(us), 2113
[Intended-READ], 99.9PercentileLatency(us), 7555
[Intended-READ], 99.99PercentileLatency(us), 42783
[Intended-CLEANUP], Operations, 256
[Intended-CLEANUP], AverageLatency(us), 34.765625
[Intended-CLEANUP], MinLatency(us), 13
[Intended-CLEANUP], MaxLatency(us), 796
[Intended-CLEANUP], 50thPercentileLatency(us), 23
[Intended-CLEANUP], 95thPercentileLatency(us), 85
[Intended-CLEANUP], 99thPercentileLatency(us), 144
[Intended-CLEANUP], 99.9PercentileLatency(us), 796
[Intended-CLEANUP], 99.99PercentileLatency(us), 796
