java -cp /mnt/dev/YCSB-hreplace-dist/redis-binding/conf:/mnt/dev/YCSB-hreplace-dist/conf:/mnt/dev/YCSB-hreplace-dist/lib/htrace-core4-4.1.0-incubating.jar:/mnt/dev/YCSB-hreplace-dist/lib/slf4j-api-1.7.25.jar:/mnt/dev/YCSB-hreplace-dist/lib/jackson-mapper-asl-1.9.4.jar:/mnt/dev/YCSB-hreplace-dist/lib/HdrHistogram-2.1.12.jar:/mnt/dev/YCSB-hreplace-dist/lib/jackson-core-asl-1.9.4.jar:/mnt/dev/YCSB-hreplace-dist/lib/jedis-3.9.0.jar:/mnt/dev/YCSB-hreplace-dist/lib/core-0.18.0-SNAPSHOT.jar:/mnt/dev/YCSB-hreplace-dist/lib/commons-pool2-2.11.1.jar:/mnt/dev/YCSB-hreplace-dist/lib/redis-binding-0.18.0-SNAPSHOT.jar site.ycsb.Client -db site.ycsb.db.RedisClient -s -threads 256 -P /mnt/dev/YCSB-hreplace-dist/workloads/workloada -p recordcount=100000000 -p operationcount=5000000 -p fieldcount=10 -p fieldlength=128 -p fieldlengthdistribution=constant -p readallfields=true -p writeallfields=true -p insertorder=hashed -p requestdistribution=uniform -p readproportion=1 -p updateproportion=0 -p insertproportion=0 -p scanproportion=0 -p readmodifywriteproportion=0 -p measurementtype=hdrhistogram -p measurement.interval=both -p hdrhistogram.percentiles=50,95,99,99.9,99.99 -p status.interval=10 -p redis.host=172.16.0.4 -p redis.port=16379 -p redis.scanindex=none -p redis.timeout=10000 -p redis.cluster=false -p redis.updatecommand=hmset -t
Command line: -db site.ycsb.db.RedisClient -s -threads 256 -P /mnt/dev/YCSB-hreplace-dist/workloads/workloada -p recordcount=100000000 -p operationcount=5000000 -p fieldcount=10 -p fieldlength=128 -p fieldlengthdistribution=constant -p readallfields=true -p writeallfields=true -p insertorder=hashed -p requestdistribution=uniform -p readproportion=1 -p updateproportion=0 -p insertproportion=0 -p scanproportion=0 -p readmodifywriteproportion=0 -p measurementtype=hdrhistogram -p measurement.interval=both -p hdrhistogram.percentiles=50,95,99,99.9,99.99 -p status.interval=10 -p redis.host=172.16.0.4 -p redis.port=16379 -p redis.scanindex=none -p redis.timeout=10000 -p redis.cluster=false -p redis.updatecommand=hmset -t
YCSB Client 0.18.0-SNAPSHOT

Loading workload...
Starting test.
SLF4J: Failed to load class "org.slf4j.impl.StaticLoggerBinder".
SLF4J: Defaulting to no-operation (NOP) logger implementation
SLF4J: See http://www.slf4j.org/codes.html#StaticLoggerBinder for further details.
2026-09-13 15:36:36:961 0 sec: 0 operations; est completion in 0 second 
DBWrapper: report latency for each error is false and specific error codes to track for latency are: []
2026-09-13 15:36:46:925 10 sec: 4999865 operations; 499986.5 current ops/sec; est completion in 1 second [READ: Count=4999869, Max=35615, Min=212, Avg=464.42, 50=445, 90=571, 99=781, 99.9=3085, 99.99=6175] [CLEANUP: Count=254, Max=868, Min=13, Avg=47, 50=30, 90=92, 99=209, 99.9=868, 99.99=868] [Intended-READ: Count=4999893, Max=35615, Min=212, Avg=464.46, 50=445, 90=571, 99=781, 99.9=3085, 99.99=6175] [Intended-CLEANUP: Count=254, Max=870, Min=13, Avg=47.41, 50=31, 90=92, 99=210, 99.9=870, 99.99=870] 
2026-09-13 15:36:46:955 10 sec: 5000000 operations; 4500 current ops/sec; [READ: Count=131, Max=357, Min=277, Avg=315.5, 50=315, 90=344, 99=353, 99.9=357, 99.99=357] [CLEANUP: Count=2, Max=67, Min=15, Avg=41, 50=15, 90=67, 99=67, 99.9=67, 99.99=67] [Intended-READ: Count=107, Max=353, Min=277, Avg=315.08, 50=313, 90=343, 99=352, 99.9=353, 99.99=353] [Intended-CLEANUP: Count=2, Max=67, Min=15, Avg=41, 50=15, 90=67, 99=67, 99.9=67, 99.99=67] 
[OVERALL], RunTime(ms), 10029
[OVERALL], Throughput(ops/sec), 498554.1928407618
[TOTAL_GCS_G1_Young_Generation], Count, 73
[TOTAL_GC_TIME_G1_Young_Generation], Time(ms), 68
[TOTAL_GC_TIME_%_G1_Young_Generation], Time(%), 0.6780337022634361
[TOTAL_GCS_G1_Old_Generation], Count, 0
[TOTAL_GC_TIME_G1_Old_Generation], Time(ms), 0
[TOTAL_GC_TIME_%_G1_Old_Generation], Time(%), 0.0
[TOTAL_GCs], Count, 73
[TOTAL_GC_TIME], Time(ms), 68
[TOTAL_GC_TIME_%], Time(%), 0.6780337022634361
[READ], Operations, 5000000
[READ], AverageLatency(us), 464.420173
[READ], MinLatency(us), 212
[READ], MaxLatency(us), 35615
[READ], 50thPercentileLatency(us), 445
[READ], 95thPercentileLatency(us), 622
[READ], 99thPercentileLatency(us), 781
[READ], 99.9PercentileLatency(us), 3085
[READ], 99.99PercentileLatency(us), 6167
[READ], Return=OK, 5000000
[CLEANUP], Operations, 256
[CLEANUP], AverageLatency(us), 46.95703125
[CLEANUP], MinLatency(us), 13
[CLEANUP], MaxLatency(us), 868
[CLEANUP], 50thPercentileLatency(us), 30
[CLEANUP], 95thPercentileLatency(us), 111
[CLEANUP], 99thPercentileLatency(us), 209
[CLEANUP], 99.9PercentileLatency(us), 868
[CLEANUP], 99.99PercentileLatency(us), 868
[Intended-READ], Operations, 5000000
[Intended-READ], AverageLatency(us), 464.4574876
[Intended-READ], MinLatency(us), 212
[Intended-READ], MaxLatency(us), 35615
[Intended-READ], 50thPercentileLatency(us), 445
[Intended-READ], 95thPercentileLatency(us), 622
[Intended-READ], 99thPercentileLatency(us), 781
[Intended-READ], 99.9PercentileLatency(us), 3085
[Intended-READ], 99.99PercentileLatency(us), 6167
[Intended-CLEANUP], Operations, 256
[Intended-CLEANUP], AverageLatency(us), 47.35546875
[Intended-CLEANUP], MinLatency(us), 13
[Intended-CLEANUP], MaxLatency(us), 870
[Intended-CLEANUP], 50thPercentileLatency(us), 31
[Intended-CLEANUP], 95thPercentileLatency(us), 112
[Intended-CLEANUP], 99thPercentileLatency(us), 210
[Intended-CLEANUP], 99.9PercentileLatency(us), 870
[Intended-CLEANUP], 99.99PercentileLatency(us), 870
