java -cp /mnt/dev/YCSB-hreplace-dist/redis-binding/conf:/mnt/dev/YCSB-hreplace-dist/conf:/mnt/dev/YCSB-hreplace-dist/lib/htrace-core4-4.1.0-incubating.jar:/mnt/dev/YCSB-hreplace-dist/lib/slf4j-api-1.7.25.jar:/mnt/dev/YCSB-hreplace-dist/lib/jackson-mapper-asl-1.9.4.jar:/mnt/dev/YCSB-hreplace-dist/lib/HdrHistogram-2.1.12.jar:/mnt/dev/YCSB-hreplace-dist/lib/jackson-core-asl-1.9.4.jar:/mnt/dev/YCSB-hreplace-dist/lib/jedis-3.9.0.jar:/mnt/dev/YCSB-hreplace-dist/lib/core-0.18.0-SNAPSHOT.jar:/mnt/dev/YCSB-hreplace-dist/lib/commons-pool2-2.11.1.jar:/mnt/dev/YCSB-hreplace-dist/lib/redis-binding-0.18.0-SNAPSHOT.jar site.ycsb.Client -db site.ycsb.db.RedisClient -s -threads 256 -P /mnt/dev/YCSB-hreplace-dist/workloads/workloada -p recordcount=100000000 -p operationcount=20000000 -p fieldcount=10 -p fieldlength=128 -p fieldlengthdistribution=constant -p readallfields=true -p writeallfields=true -p insertorder=hashed -p requestdistribution=uniform -p readproportion=0.5 -p updateproportion=0.5 -p insertproportion=0 -p scanproportion=0 -p readmodifywriteproportion=0 -p measurementtype=hdrhistogram -p measurement.interval=op -p hdrhistogram.percentiles=50,95,99,99.9,99.99 -p status.interval=10 -p redis.host=172.16.0.4 -p redis.port=16379 -p redis.scanindex=none -p redis.timeout=10000 -p redis.cluster=false -p redis.updatecommand=hmset -t
Command line: -db site.ycsb.db.RedisClient -s -threads 256 -P /mnt/dev/YCSB-hreplace-dist/workloads/workloada -p recordcount=100000000 -p operationcount=20000000 -p fieldcount=10 -p fieldlength=128 -p fieldlengthdistribution=constant -p readallfields=true -p writeallfields=true -p insertorder=hashed -p requestdistribution=uniform -p readproportion=0.5 -p updateproportion=0.5 -p insertproportion=0 -p scanproportion=0 -p readmodifywriteproportion=0 -p measurementtype=hdrhistogram -p measurement.interval=op -p hdrhistogram.percentiles=50,95,99,99.9,99.99 -p status.interval=10 -p redis.host=172.16.0.4 -p redis.port=16379 -p redis.scanindex=none -p redis.timeout=10000 -p redis.cluster=false -p redis.updatecommand=hmset -t
YCSB Client 0.18.0-SNAPSHOT

Loading workload...
Starting test.
SLF4J: Failed to load class "org.slf4j.impl.StaticLoggerBinder".
SLF4J: Defaulting to no-operation (NOP) logger implementation
SLF4J: See http://www.slf4j.org/codes.html#StaticLoggerBinder for further details.
2026-09-13 15:41:32:135 0 sec: 0 operations; est completion in 0 second 
DBWrapper: report latency for each error is false and specific error codes to track for latency are: []
2026-09-13 15:41:42:101 10 sec: 3785712 operations; 378571.2 current ops/sec; est completion in 43 seconds [READ: Count=1894030, Max=96639, Min=183, Avg=648.58, 50=535, 90=805, 99=3359, 99.9=6099, 99.99=15767] [UPDATE: Count=1893893, Max=101375, Min=169, Avg=684.64, 50=549, 90=856, 99=3543, 99.9=6283, 99.99=35999] 
2026-09-13 15:41:52:099 20 sec: 7636152 operations; 385044 current ops/sec; est completion in 33 seconds [READ: Count=1925326, Max=10847, Min=198, Avg=658.36, 50=553, 90=821, 99=3211, 99.9=5683, 99.99=7227] [UPDATE: Count=1924049, Max=11367, Min=189, Avg=668.29, 50=562, 90=833, 99=3225, 99.9=5739, 99.99=7303] 
2026-09-13 15:42:02:099 30 sec: 11498938 operations; 386278.6 current ops/sec; est completion in 23 seconds [READ: Count=1930986, Max=11215, Min=201, Avg=655.9, 50=555, 90=817, 99=3143, 99.9=5651, 99.99=7115] [UPDATE: Count=1931276, Max=10255, Min=193, Avg=666.78, 50=565, 90=829, 99=3173, 99.9=5707, 99.99=7151] 
2026-09-13 15:42:12:099 40 sec: 15347733 operations; 384879.5 current ops/sec; est completion in 13 seconds [READ: Count=1924936, Max=11447, Min=179, Avg=658.49, 50=553, 90=818, 99=3233, 99.9=5867, 99.99=7471] [UPDATE: Count=1923977, Max=11535, Min=199, Avg=668.99, 50=562, 90=829, 99=3265, 99.9=5903, 99.99=7511] 
2026-09-13 15:42:22:099 50 sec: 19050400 operations; 370266.7 current ops/sec; est completion in 3 second [READ: Count=1853509, Max=10463, Min=194, Avg=642.17, 50=542, 90=805, 99=3057, 99.9=5531, 99.99=7023] [CLEANUP: Count=78, Max=790, Min=38, Avg=112.82, 50=101, 90=142, 99=790, 99.9=790, 99.99=790] [UPDATE: Count=1849072, Max=10735, Min=185, Avg=651.75, 50=551, 90=816, 99=3061, 99.9=5559, 99.99=6995] 
2026-09-13 15:42:29:508 57 sec: 20000000 operations; 128168.44 current ops/sec; [READ: Count=475159, Max=6859, Min=217, Avg=525.62, 50=452, 90=676, 99=2131, 99.9=4103, 99.99=5483] [CLEANUP: Count=178, Max=166, Min=14, Avg=53.79, 50=42, 90=101, 99=151, 99.9=166, 99.99=166] [UPDATE: Count=473787, Max=7127, Min=220, Avg=536.53, 50=463, 90=689, 99=2137, 99.9=4123, 99.99=5467] 
[OVERALL], RunTime(ms), 57408
[OVERALL], Throughput(ops/sec), 348383.5005574136
[TOTAL_GCS_G1_Young_Generation], Count, 432
[TOTAL_GC_TIME_G1_Young_Generation], Time(ms), 391
[TOTAL_GC_TIME_%_G1_Young_Generation], Time(%), 0.6810897435897436
[TOTAL_GCS_G1_Old_Generation], Count, 0
[TOTAL_GC_TIME_G1_Old_Generation], Time(ms), 0
[TOTAL_GC_TIME_%_G1_Old_Generation], Time(%), 0.0
[TOTAL_GCs], Count, 432
[TOTAL_GC_TIME], Time(ms), 391
[TOTAL_GC_TIME_%], Time(%), 0.6810897435897436
[READ], Operations, 10003946
[READ], AverageLatency(us), 646.7554606952096
[READ], MinLatency(us), 179
[READ], MaxLatency(us), 96639
[READ], 50thPercentileLatency(us), 544
[READ], 95thPercentileLatency(us), 1226
[READ], 99thPercentileLatency(us), 3159
[READ], 99.9PercentileLatency(us), 5731
[READ], 99.99PercentileLatency(us), 7651
[READ], Return=OK, 10003946
[CLEANUP], Operations, 256
[CLEANUP], AverageLatency(us), 71.77734375
[CLEANUP], MinLatency(us), 14
[CLEANUP], MaxLatency(us), 790
[CLEANUP], 50thPercentileLatency(us), 68
[CLEANUP], 95thPercentileLatency(us), 135
[CLEANUP], 99thPercentileLatency(us), 166
[CLEANUP], 99.9PercentileLatency(us), 790
[CLEANUP], 99.99PercentileLatency(us), 790
[UPDATE], Operations, 9996054
[UPDATE], AverageLatency(us), 661.9260657255353
[UPDATE], MinLatency(us), 169
[UPDATE], MaxLatency(us), 101375
[UPDATE], 50thPercentileLatency(us), 553
[UPDATE], 95thPercentileLatency(us), 1292
[UPDATE], 99thPercentileLatency(us), 3217
[UPDATE], 99.9PercentileLatency(us), 5795
[UPDATE], 99.99PercentileLatency(us), 7955
[UPDATE], Return=OK, 9996054
