java -cp /mnt/dev/YCSB-aerospike-dist/aerospike-binding/conf:/mnt/dev/YCSB-aerospike-dist/conf:/mnt/dev/YCSB-aerospike-dist/lib/aerospike-client-3.1.2.jar:/mnt/dev/YCSB-aerospike-dist/lib/htrace-core4-4.1.0-incubating.jar:/mnt/dev/YCSB-aerospike-dist/lib/jbcrypt-0.3m.jar:/mnt/dev/YCSB-aerospike-dist/lib/jackson-mapper-asl-1.9.4.jar:/mnt/dev/YCSB-aerospike-dist/lib/aerospike-binding-0.18.0-SNAPSHOT.jar:/mnt/dev/YCSB-aerospike-dist/lib/HdrHistogram-2.1.12.jar:/mnt/dev/YCSB-aerospike-dist/lib/jackson-core-asl-1.9.4.jar:/mnt/dev/YCSB-aerospike-dist/lib/core-0.18.0-SNAPSHOT.jar:/mnt/dev/YCSB-aerospike-dist/lib/luaj-jse-3.0.jar:/mnt/dev/YCSB-aerospike-dist/lib/gnu-crypto-2.0.1.jar site.ycsb.Client -db site.ycsb.db.AerospikeClient -s -threads 256 -P /mnt/dev/YCSB-aerospike-dist/workloads/workloada -target 100000 -p recordcount=100000000 -p operationcount=5000000 -p fieldcount=10 -p fieldlength=128 -p fieldlengthdistribution=constant -p readallfields=true -p writeallfields=true -p insertorder=hashed -p requestdistribution=uniform -p readproportion=1 -p updateproportion=0 -p insertproportion=0 -p scanproportion=0 -p readmodifywriteproportion=0 -p measurementtype=hdrhistogram -p measurement.interval=both -p hdrhistogram.percentiles=50,95,99,99.9,99.99 -p status.interval=10 -p as.host=172.16.0.4 -p as.port=3000 -p as.namespace=ycsb -p as.timeout=10000 -t
Command line: -db site.ycsb.db.AerospikeClient -s -threads 256 -P /mnt/dev/YCSB-aerospike-dist/workloads/workloada -target 100000 -p recordcount=100000000 -p operationcount=5000000 -p fieldcount=10 -p fieldlength=128 -p fieldlengthdistribution=constant -p readallfields=true -p writeallfields=true -p insertorder=hashed -p requestdistribution=uniform -p readproportion=1 -p updateproportion=0 -p insertproportion=0 -p scanproportion=0 -p readmodifywriteproportion=0 -p measurementtype=hdrhistogram -p measurement.interval=both -p hdrhistogram.percentiles=50,95,99,99.9,99.99 -p status.interval=10 -p as.host=172.16.0.4 -p as.port=3000 -p as.namespace=ycsb -p as.timeout=10000 -t
YCSB Client 0.18.0-SNAPSHOT

Loading workload...
Starting test.
2026-09-13 16:44:20:769 0 sec: 0 operations; est completion in 0 second 
DBWrapper: report latency for each error is false and specific error codes to track for latency are: []
2026-09-13 16:44:30:693 10 sec: 946461 operations; 94646.1 current ops/sec; est completion in 43 seconds [READ: Count=946518, Max=79999, Min=157, Avg=304.81, 50=284, 90=366, 99=516, 99.9=1945, 99.99=6979] [Intended-READ: Count=947069, Max=291839, Min=183, Avg=1143.09, 50=344, 90=429, 99=3231, 99.9=181503, 99.99=263423] 
2026-09-13 16:44:40:693 20 sec: 1946456 operations; 99999.5 current ops/sec; est completion in 32 seconds [READ: Count=999975, Max=4155, Min=153, Avg=295.13, 50=283, 90=356, 99=462, 99.9=615, 99.99=1711] [Intended-READ: Count=999524, Max=10039, Min=184, Avg=356.13, 50=342, 90=416, 99=532, 99.9=1479, 99.99=5587] 
2026-09-13 16:44:50:693 30 sec: 2946448 operations; 99999.2 current ops/sec; est completion in 21 seconds [READ: Count=999997, Max=2005, Min=159, Avg=296.84, 50=284, 90=361, 99=477, 99.9=622, 99.99=1246] [Intended-READ: Count=999962, Max=2045, Min=183, Avg=355.48, 50=343, 90=420, 99=542, 99.9=1115, 99.99=1523] 
2026-09-13 16:45:00:693 40 sec: 3946447 operations; 99999.9 current ops/sec; est completion in 11 seconds [READ: Count=1000005, Max=1807, Min=156, Avg=296.25, 50=283, 90=359, 99=472, 99.9=615, 99.99=1307] [Intended-READ: Count=1000110, Max=2311, Min=188, Avg=354.97, 50=342, 90=419, 99=537, 99.9=1168, 99.99=1570] 
2026-09-13 16:45:10:693 50 sec: 4946456 operations; 100000.9 current ops/sec; est completion in 1 second [READ: Count=999994, Max=1775, Min=159, Avg=295.18, 50=283, 90=356, 99=465, 99.9=616, 99.99=1308] [Intended-READ: Count=999885, Max=2209, Min=181, Avg=353.93, 50=342, 90=416, 99=531, 99.9=1164, 99.99=1559] 
2026-09-13 16:45:11:337 50 sec: 5000000 operations; 83013.95 current ops/sec; [READ: Count=53511, Max=942, Min=165, Avg=290.23, 50=280, 90=349, 99=448, 99.9=549, 99.99=689] [CLEANUP: Count=256, Max=305, Min=22, Avg=36.43, 50=31, 90=50, 99=111, 99.9=305, 99.99=305] [Intended-READ: Count=53450, Max=1008, Min=199, Avg=347.84, 50=339, 90=408, 99=506, 99.9=609, 99.99=751] [Intended-CLEANUP: Count=256, Max=308, Min=23, Avg=36.65, 50=31, 90=50, 99=111, 99.9=308, 99.99=308] 
[OVERALL], RunTime(ms), 50644
[OVERALL], Throughput(ops/sec), 98728.37848511177
[TOTAL_GCS_G1_Young_Generation], Count, 71
[TOTAL_GC_TIME_G1_Young_Generation], Time(ms), 85
[TOTAL_GC_TIME_%_G1_Young_Generation], Time(%), 0.16783824342469
[TOTAL_GCS_G1_Old_Generation], Count, 0
[TOTAL_GC_TIME_G1_Old_Generation], Time(ms), 0
[TOTAL_GC_TIME_%_G1_Old_Generation], Time(%), 0.0
[TOTAL_GCs], Count, 71
[TOTAL_GC_TIME], Time(ms), 85
[TOTAL_GC_TIME_%], Time(%), 0.16783824342469
[READ], Operations, 5000000
[READ], AverageLatency(us), 297.4843986
[READ], MinLatency(us), 153
[READ], MaxLatency(us), 79999
[READ], 50thPercentileLatency(us), 284
[READ], 95thPercentileLatency(us), 391
[READ], 99thPercentileLatency(us), 476
[READ], 99.9PercentileLatency(us), 845
[READ], 99.99PercentileLatency(us), 2601
[READ], Return=OK, 5000000
[CLEANUP], Operations, 256
[CLEANUP], AverageLatency(us), 36.43359375
[CLEANUP], MinLatency(us), 22
[CLEANUP], MaxLatency(us), 305
[CLEANUP], 50thPercentileLatency(us), 31
[CLEANUP], 95thPercentileLatency(us), 68
[CLEANUP], 99thPercentileLatency(us), 111
[CLEANUP], 99.9PercentileLatency(us), 305
[CLEANUP], 99.99PercentileLatency(us), 305
[Intended-READ], Operations, 5000000
[Intended-READ], AverageLatency(us), 504.302494
[Intended-READ], MinLatency(us), 181
[Intended-READ], MaxLatency(us), 291839
[Intended-READ], 50thPercentileLatency(us), 342
[Intended-READ], 95thPercentileLatency(us), 453
[Intended-READ], 99thPercentileLatency(us), 558
[Intended-READ], 99.9PercentileLatency(us), 54431
[Intended-READ], 99.99PercentileLatency(us), 223359
[Intended-CLEANUP], Operations, 256
[Intended-CLEANUP], AverageLatency(us), 36.6484375
[Intended-CLEANUP], MinLatency(us), 23
[Intended-CLEANUP], MaxLatency(us), 308
[Intended-CLEANUP], 50thPercentileLatency(us), 31
[Intended-CLEANUP], 95thPercentileLatency(us), 68
[Intended-CLEANUP], 99thPercentileLatency(us), 111
[Intended-CLEANUP], 99.9PercentileLatency(us), 308
[Intended-CLEANUP], 99.99PercentileLatency(us), 308
