java -cp /mnt/dev/YCSB-hreplace-dist/redis-binding/conf:/mnt/dev/YCSB-hreplace-dist/conf:/mnt/dev/YCSB-hreplace-dist/lib/htrace-core4-4.1.0-incubating.jar:/mnt/dev/YCSB-hreplace-dist/lib/slf4j-api-1.7.25.jar:/mnt/dev/YCSB-hreplace-dist/lib/jackson-mapper-asl-1.9.4.jar:/mnt/dev/YCSB-hreplace-dist/lib/HdrHistogram-2.1.12.jar:/mnt/dev/YCSB-hreplace-dist/lib/jackson-core-asl-1.9.4.jar:/mnt/dev/YCSB-hreplace-dist/lib/jedis-3.9.0.jar:/mnt/dev/YCSB-hreplace-dist/lib/core-0.18.0-SNAPSHOT.jar:/mnt/dev/YCSB-hreplace-dist/lib/commons-pool2-2.11.1.jar:/mnt/dev/YCSB-hreplace-dist/lib/redis-binding-0.18.0-SNAPSHOT.jar site.ycsb.Client -db site.ycsb.db.RedisClient -s -threads 256 -P /mnt/dev/YCSB-hreplace-dist/workloads/workloada -target 100000 -p recordcount=100000000 -p operationcount=1000000 -p fieldcount=10 -p fieldlength=128 -p fieldlengthdistribution=constant -p readallfields=true -p writeallfields=true -p insertorder=hashed -p requestdistribution=uniform -p readproportion=0.5 -p updateproportion=0.5 -p insertproportion=0 -p scanproportion=0 -p readmodifywriteproportion=0 -p measurementtype=hdrhistogram -p measurement.interval=both -p hdrhistogram.percentiles=50,95,99,99.9,99.99 -p status.interval=10 -p redis.host=172.16.0.4 -p redis.port=16379 -p redis.scanindex=none -p redis.timeout=10000 -p redis.cluster=false -p redis.updatecommand=keylane.hreplace -t
Command line: -db site.ycsb.db.RedisClient -s -threads 256 -P /mnt/dev/YCSB-hreplace-dist/workloads/workloada -target 100000 -p recordcount=100000000 -p operationcount=1000000 -p fieldcount=10 -p fieldlength=128 -p fieldlengthdistribution=constant -p readallfields=true -p writeallfields=true -p insertorder=hashed -p requestdistribution=uniform -p readproportion=0.5 -p updateproportion=0.5 -p insertproportion=0 -p scanproportion=0 -p readmodifywriteproportion=0 -p measurementtype=hdrhistogram -p measurement.interval=both -p hdrhistogram.percentiles=50,95,99,99.9,99.99 -p status.interval=10 -p redis.host=172.16.0.4 -p redis.port=16379 -p redis.scanindex=none -p redis.timeout=10000 -p redis.cluster=false -p redis.updatecommand=keylane.hreplace -t
YCSB Client 0.18.0-SNAPSHOT

Loading workload...
Starting test.
SLF4J: Failed to load class "org.slf4j.impl.StaticLoggerBinder".
SLF4J: Defaulting to no-operation (NOP) logger implementation
SLF4J: See http://www.slf4j.org/codes.html#StaticLoggerBinder for further details.
2026-09-13 16:23:38:474 0 sec: 0 operations; est completion in 0 second 
DBWrapper: report latency for each error is false and specific error codes to track for latency are: []
2026-09-13 16:23:48:403 10 sec: 990239 operations; 99023.9 current ops/sec; est completion in 1 second [READ: Count=495547, Max=43327, Min=169, Avg=327.13, 50=297, 90=354, 99=1029, 99.9=4075, 99.99=10071] [UPDATE: Count=495016, Max=44703, Min=151, Avg=250.99, 50=218, 90=273, 99=1112, 99.9=3543, 99.99=17439] [Intended-READ: Count=495940, Max=105279, Min=196, Avg=642.14, 50=356, 90=416, 99=4275, 99.9=54367, 99.99=85695] [Intended-UPDATE: Count=495265, Max=103039, Min=172, Avg=560.89, 50=277, 90=334, 99=3543, 99.9=55743, 99.99=84543] 
2026-09-13 16:23:48:523 10 sec: 1000000 operations; 81341.67 current ops/sec; [READ: Count=4836, Max=1401, Min=221, Avg=299.07, 50=293, 90=334, 99=415, 99.9=1039, 99.99=1401] [CLEANUP: Count=256, Max=730, Min=11, Avg=35.9, 50=16, 90=34, 99=554, 99.9=730, 99.99=730] [UPDATE: Count=4601, Max=1440, Min=159, Avg=222.2, 50=215, 90=252, 99=345, 99.9=1034, 99.99=1440] [Intended-READ: Count=4443, Max=1616, Min=248, Avg=362.04, 50=352, 90=396, 99=620, 99.9=1358, 99.99=1616] [Intended-CLEANUP: Count=256, Max=731, Min=11, Avg=36.09, 50=17, 90=34, 99=554, 99.9=731, 99.99=731] [Intended-UPDATE: Count=4352, Max=1637, Min=196, Avg=286.91, 50=274, 90=315, 99=756, 99.9=1264, 99.99=1637] 
[OVERALL], RunTime(ms), 10120
[OVERALL], Throughput(ops/sec), 98814.22924901186
[TOTAL_GCS_G1_Young_Generation], Count, 30
[TOTAL_GC_TIME_G1_Young_Generation], Time(ms), 32
[TOTAL_GC_TIME_%_G1_Young_Generation], Time(%), 0.31620553359683795
[TOTAL_GCS_G1_Old_Generation], Count, 0
[TOTAL_GC_TIME_G1_Old_Generation], Time(ms), 0
[TOTAL_GC_TIME_%_G1_Old_Generation], Time(%), 0.0
[TOTAL_GCs], Count, 30
[TOTAL_GC_TIME], Time(ms), 32
[TOTAL_GC_TIME_%], Time(%), 0.31620553359683795
[READ], Operations, 500383
[READ], AverageLatency(us), 326.85917187434427
[READ], MinLatency(us), 169
[READ], MaxLatency(us), 43327
[READ], 50thPercentileLatency(us), 297
[READ], 95thPercentileLatency(us), 390
[READ], 99thPercentileLatency(us), 1020
[READ], 99.9PercentileLatency(us), 4061
[READ], 99.99PercentileLatency(us), 9823
[READ], Return=OK, 500383
[CLEANUP], Operations, 256
[CLEANUP], AverageLatency(us), 35.8984375
[CLEANUP], MinLatency(us), 11
[CLEANUP], MaxLatency(us), 730
[CLEANUP], 50thPercentileLatency(us), 16
[CLEANUP], 95thPercentileLatency(us), 77
[CLEANUP], 99thPercentileLatency(us), 554
[CLEANUP], 99.9PercentileLatency(us), 730
[CLEANUP], 99.99PercentileLatency(us), 730
[UPDATE], Operations, 499617
[UPDATE], AverageLatency(us), 250.72102630615052
[UPDATE], MinLatency(us), 151
[UPDATE], MaxLatency(us), 44703
[UPDATE], 50thPercentileLatency(us), 218
[UPDATE], 95thPercentileLatency(us), 309
[UPDATE], 99thPercentileLatency(us), 1103
[UPDATE], 99.9PercentileLatency(us), 3535
[UPDATE], 99.99PercentileLatency(us), 17439
[UPDATE], Return=OK, 499617
[Intended-READ], Operations, 500383
[Intended-READ], AverageLatency(us), 639.657554313396
[Intended-READ], MinLatency(us), 196
[Intended-READ], MaxLatency(us), 105279
[Intended-READ], 50thPercentileLatency(us), 356
[Intended-READ], 95thPercentileLatency(us), 459
[Intended-READ], 99thPercentileLatency(us), 4175
[Intended-READ], 99.9PercentileLatency(us), 54015
[Intended-READ], 99.99PercentileLatency(us), 85311
[Intended-CLEANUP], Operations, 256
[Intended-CLEANUP], AverageLatency(us), 36.08984375
[Intended-CLEANUP], MinLatency(us), 11
[Intended-CLEANUP], MaxLatency(us), 731
[Intended-CLEANUP], 50thPercentileLatency(us), 17
[Intended-CLEANUP], 95thPercentileLatency(us), 78
[Intended-CLEANUP], 99thPercentileLatency(us), 554
[Intended-CLEANUP], 99.9PercentileLatency(us), 731
[Intended-CLEANUP], 99.99PercentileLatency(us), 731
[Intended-UPDATE], Operations, 499617
[Intended-UPDATE], AverageLatency(us), 558.5049988291031
[Intended-UPDATE], MinLatency(us), 172
[Intended-UPDATE], MaxLatency(us), 103039
[Intended-UPDATE], 50thPercentileLatency(us), 277
[Intended-UPDATE], 95thPercentileLatency(us), 375
[Intended-UPDATE], 99thPercentileLatency(us), 3431
[Intended-UPDATE], 99.9PercentileLatency(us), 55647
[Intended-UPDATE], 99.99PercentileLatency(us), 84543
