java -cp /mnt/dev/YCSB-aerospike-dist/aerospike-binding/conf:/mnt/dev/YCSB-aerospike-dist/conf:/mnt/dev/YCSB-aerospike-dist/lib/aerospike-client-3.1.2.jar:/mnt/dev/YCSB-aerospike-dist/lib/htrace-core4-4.1.0-incubating.jar:/mnt/dev/YCSB-aerospike-dist/lib/jbcrypt-0.3m.jar:/mnt/dev/YCSB-aerospike-dist/lib/jackson-mapper-asl-1.9.4.jar:/mnt/dev/YCSB-aerospike-dist/lib/aerospike-binding-0.18.0-SNAPSHOT.jar:/mnt/dev/YCSB-aerospike-dist/lib/HdrHistogram-2.1.12.jar:/mnt/dev/YCSB-aerospike-dist/lib/jackson-core-asl-1.9.4.jar:/mnt/dev/YCSB-aerospike-dist/lib/core-0.18.0-SNAPSHOT.jar:/mnt/dev/YCSB-aerospike-dist/lib/luaj-jse-3.0.jar:/mnt/dev/YCSB-aerospike-dist/lib/gnu-crypto-2.0.1.jar site.ycsb.Client -db site.ycsb.db.AerospikeClient -s -threads 256 -P /mnt/dev/YCSB-aerospike-dist/workloads/workloada -p recordcount=100000000 -p operationcount=1000000 -p fieldcount=10 -p fieldlength=128 -p fieldlengthdistribution=constant -p readallfields=true -p writeallfields=true -p insertorder=hashed -p requestdistribution=uniform -p readproportion=0.5 -p updateproportion=0.5 -p insertproportion=0 -p scanproportion=0 -p readmodifywriteproportion=0 -p measurementtype=hdrhistogram -p measurement.interval=both -p hdrhistogram.percentiles=50,95,99,99.9,99.99 -p status.interval=10 -p as.host=172.16.0.4 -p as.port=3000 -p as.namespace=ycsb -p as.timeout=10000 -t
Command line: -db site.ycsb.db.AerospikeClient -s -threads 256 -P /mnt/dev/YCSB-aerospike-dist/workloads/workloada -p recordcount=100000000 -p operationcount=1000000 -p fieldcount=10 -p fieldlength=128 -p fieldlengthdistribution=constant -p readallfields=true -p writeallfields=true -p insertorder=hashed -p requestdistribution=uniform -p readproportion=0.5 -p updateproportion=0.5 -p insertproportion=0 -p scanproportion=0 -p readmodifywriteproportion=0 -p measurementtype=hdrhistogram -p measurement.interval=both -p hdrhistogram.percentiles=50,95,99,99.9,99.99 -p status.interval=10 -p as.host=172.16.0.4 -p as.port=3000 -p as.namespace=ycsb -p as.timeout=10000 -t
YCSB Client 0.18.0-SNAPSHOT

Loading workload...
Starting test.
2026-09-13 16:46:35:968 0 sec: 0 operations; est completion in 0 second 
DBWrapper: report latency for each error is false and specific error codes to track for latency are: []
2026-09-13 16:46:38:569 2 sec: 1000000 operations; 375375.38 current ops/sec; [READ: Count=499231, Max=109311, Min=186, Avg=601.4, 50=478, 90=768, 99=3085, 99.9=12591, 99.99=42079] [CLEANUP: Count=256, Max=1009, Min=21, Avg=93.11, 50=47, 90=196, 99=793, 99.9=1009, 99.99=1009] [UPDATE: Count=500769, Max=55263, Min=153, Avg=475.05, 50=365, 90=643, 99=2683, 99.9=9543, 99.99=38655] [Intended-READ: Count=499231, Max=109311, Min=186, Avg=601.45, 50=478, 90=768, 99=3085, 99.9=12591, 99.99=42079] [Intended-CLEANUP: Count=256, Max=1009, Min=21, Avg=93.37, 50=48, 90=197, 99=793, 99.9=1009, 99.99=1009] [Intended-UPDATE: Count=500769, Max=55263, Min=153, Avg=475.1, 50=365, 90=643, 99=2683, 99.9=9543, 99.99=38655] 
[OVERALL], RunTime(ms), 2664
[OVERALL], Throughput(ops/sec), 375375.3753753754
[TOTAL_GCS_G1_Young_Generation], Count, 13
[TOTAL_GC_TIME_G1_Young_Generation], Time(ms), 45
[TOTAL_GC_TIME_%_G1_Young_Generation], Time(%), 1.6891891891891893
[TOTAL_GCS_G1_Old_Generation], Count, 0
[TOTAL_GC_TIME_G1_Old_Generation], Time(ms), 0
[TOTAL_GC_TIME_%_G1_Old_Generation], Time(%), 0.0
[TOTAL_GCs], Count, 13
[TOTAL_GC_TIME], Time(ms), 45
[TOTAL_GC_TIME_%], Time(%), 1.6891891891891893
[READ], Operations, 499231
[READ], AverageLatency(us), 601.4036167625809
[READ], MinLatency(us), 186
[READ], MaxLatency(us), 109311
[READ], 50thPercentileLatency(us), 478
[READ], 95thPercentileLatency(us), 951
[READ], 99thPercentileLatency(us), 3085
[READ], 99.9PercentileLatency(us), 12591
[READ], 99.99PercentileLatency(us), 42079
[READ], Return=OK, 499231
[CLEANUP], Operations, 256
[CLEANUP], AverageLatency(us), 93.10546875
[CLEANUP], MinLatency(us), 21
[CLEANUP], MaxLatency(us), 1009
[CLEANUP], 50thPercentileLatency(us), 47
[CLEANUP], 95thPercentileLatency(us), 363
[CLEANUP], 99thPercentileLatency(us), 793
[CLEANUP], 99.9PercentileLatency(us), 1009
[CLEANUP], 99.99PercentileLatency(us), 1009
[UPDATE], Operations, 500769
[UPDATE], AverageLatency(us), 475.04840555226065
[UPDATE], MinLatency(us), 153
[UPDATE], MaxLatency(us), 55263
[UPDATE], 50thPercentileLatency(us), 365
[UPDATE], 95thPercentileLatency(us), 830
[UPDATE], 99thPercentileLatency(us), 2683
[UPDATE], 99.9PercentileLatency(us), 9543
[UPDATE], 99.99PercentileLatency(us), 38655
[UPDATE], Return=OK, 500769
[Intended-READ], Operations, 499231
[Intended-READ], AverageLatency(us), 601.4504007163017
[Intended-READ], MinLatency(us), 186
[Intended-READ], MaxLatency(us), 109311
[Intended-READ], 50thPercentileLatency(us), 478
[Intended-READ], 95thPercentileLatency(us), 951
[Intended-READ], 99thPercentileLatency(us), 3085
[Intended-READ], 99.9PercentileLatency(us), 12591
[Intended-READ], 99.99PercentileLatency(us), 42079
[Intended-CLEANUP], Operations, 256
[Intended-CLEANUP], AverageLatency(us), 93.37109375
[Intended-CLEANUP], MinLatency(us), 21
[Intended-CLEANUP], MaxLatency(us), 1009
[Intended-CLEANUP], 50thPercentileLatency(us), 48
[Intended-CLEANUP], 95thPercentileLatency(us), 363
[Intended-CLEANUP], 99thPercentileLatency(us), 793
[Intended-CLEANUP], 99.9PercentileLatency(us), 1009
[Intended-CLEANUP], 99.99PercentileLatency(us), 1009
[Intended-UPDATE], Operations, 500769
[Intended-UPDATE], AverageLatency(us), 475.1020929809952
[Intended-UPDATE], MinLatency(us), 153
[Intended-UPDATE], MaxLatency(us), 55263
[Intended-UPDATE], 50thPercentileLatency(us), 365
[Intended-UPDATE], 95thPercentileLatency(us), 830
[Intended-UPDATE], 99thPercentileLatency(us), 2683
[Intended-UPDATE], 99.9PercentileLatency(us), 9543
[Intended-UPDATE], 99.99PercentileLatency(us), 38655
