java -cp /mnt/dev/YCSB-hreplace-dist/redis-binding/conf:/mnt/dev/YCSB-hreplace-dist/conf:/mnt/dev/YCSB-hreplace-dist/lib/htrace-core4-4.1.0-incubating.jar:/mnt/dev/YCSB-hreplace-dist/lib/slf4j-api-1.7.25.jar:/mnt/dev/YCSB-hreplace-dist/lib/jackson-mapper-asl-1.9.4.jar:/mnt/dev/YCSB-hreplace-dist/lib/HdrHistogram-2.1.12.jar:/mnt/dev/YCSB-hreplace-dist/lib/jackson-core-asl-1.9.4.jar:/mnt/dev/YCSB-hreplace-dist/lib/jedis-3.9.0.jar:/mnt/dev/YCSB-hreplace-dist/lib/core-0.18.0-SNAPSHOT.jar:/mnt/dev/YCSB-hreplace-dist/lib/commons-pool2-2.11.1.jar:/mnt/dev/YCSB-hreplace-dist/lib/redis-binding-0.18.0-SNAPSHOT.jar site.ycsb.Client -db site.ycsb.db.RedisClient -s -threads 256 -P /mnt/dev/YCSB-hreplace-dist/workloads/workloada -target 100000 -p recordcount=100000000 -p operationcount=5000000 -p fieldcount=10 -p fieldlength=128 -p fieldlengthdistribution=constant -p readallfields=true -p writeallfields=true -p insertorder=hashed -p requestdistribution=uniform -p readproportion=1 -p updateproportion=0 -p insertproportion=0 -p scanproportion=0 -p readmodifywriteproportion=0 -p measurementtype=hdrhistogram -p measurement.interval=both -p hdrhistogram.percentiles=50,95,99,99.9,99.99 -p status.interval=10 -p redis.host=172.16.0.4 -p redis.port=16379 -p redis.scanindex=none -p redis.timeout=10000 -p redis.cluster=false -p redis.updatecommand=hmset -t
Command line: -db site.ycsb.db.RedisClient -s -threads 256 -P /mnt/dev/YCSB-hreplace-dist/workloads/workloada -target 100000 -p recordcount=100000000 -p operationcount=5000000 -p fieldcount=10 -p fieldlength=128 -p fieldlengthdistribution=constant -p readallfields=true -p writeallfields=true -p insertorder=hashed -p requestdistribution=uniform -p readproportion=1 -p updateproportion=0 -p insertproportion=0 -p scanproportion=0 -p readmodifywriteproportion=0 -p measurementtype=hdrhistogram -p measurement.interval=both -p hdrhistogram.percentiles=50,95,99,99.9,99.99 -p status.interval=10 -p redis.host=172.16.0.4 -p redis.port=16379 -p redis.scanindex=none -p redis.timeout=10000 -p redis.cluster=false -p redis.updatecommand=hmset -t
YCSB Client 0.18.0-SNAPSHOT

Loading workload...
Starting test.
SLF4J: Failed to load class "org.slf4j.impl.StaticLoggerBinder".
SLF4J: Defaulting to no-operation (NOP) logger implementation
SLF4J: See http://www.slf4j.org/codes.html#StaticLoggerBinder for further details.
2026-09-13 15:35:43:702 0 sec: 0 operations; est completion in 0 second 
DBWrapper: report latency for each error is false and specific error codes to track for latency are: []
2026-09-13 15:35:53:661 10 sec: 993663 operations; 99366.3 current ops/sec; est completion in 41 seconds [READ: Count=993750, Max=14367, Min=209, Avg=313.99, 50=299, 90=382, 99=489, 99.9=1107, 99.99=3241] [Intended-READ: Count=994091, Max=63487, Min=233, Avg=447.48, 50=359, 90=442, 99=604, 99.9=27311, 99.99=51007] 
2026-09-13 15:36:03:661 20 sec: 1993662 operations; 99999.9 current ops/sec; est completion in 31 seconds [READ: Count=999950, Max=2059, Min=210, Avg=312.62, 50=300, 90=382, 99=479, 99.9=598, 99.99=1026] [Intended-READ: Count=999714, Max=2119, Min=233, Avg=371.48, 50=359, 90=442, 99=547, 99.9=970, 99.99=1247] 
2026-09-13 15:36:13:661 30 sec: 2993672 operations; 100001 current ops/sec; est completion in 21 seconds [READ: Count=999992, Max=1431, Min=209, Avg=310.27, 50=298, 90=379, 99=459, 99.9=579, 99.99=1058] [Intended-READ: Count=999949, Max=1584, Min=232, Avg=368.94, 50=357, 90=438, 99=524, 99.9=932, 99.99=1215] 
2026-09-13 15:36:23:661 40 sec: 3993643 operations; 99997.1 current ops/sec; est completion in 11 seconds [READ: Count=1000008, Max=1515, Min=203, Avg=309.2, 50=297, 90=378, 99=457, 99.9=573, 99.99=997] [Intended-READ: Count=1000114, Max=1583, Min=230, Avg=367.88, 50=357, 90=437, 99=521, 99.9=892, 99.99=1196] 
2026-09-13 15:36:33:661 50 sec: 4993660 operations; 100001.7 current ops/sec; est completion in 1 second [READ: Count=1000000, Max=1488, Min=201, Avg=312.98, 50=300, 90=383, 99=479, 99.9=604, 99.99=1083] [Intended-READ: Count=999898, Max=1654, Min=229, Avg=371.64, 50=359, 90=442, 99=545, 99.9=951, 99.99=1261] 
2026-09-13 15:36:33:743 50 sec: 5000000 operations; 77317.07 current ops/sec; [READ: Count=6300, Max=1428, Min=216, Avg=307.87, 50=297, 90=374, 99=445, 99.9=539, 99.99=1428] [CLEANUP: Count=256, Max=604, Min=11, Avg=26.12, 50=16, 90=26, 99=557, 99.9=604, 99.99=604] [Intended-READ: Count=6234, Max=1487, Min=241, Avg=366, 50=356, 90=433, 99=506, 99.9=610, 99.99=1487] [Intended-CLEANUP: Count=256, Max=604, Min=11, Avg=26.33, 50=16, 90=26, 99=557, 99.9=604, 99.99=604] 
[OVERALL], RunTime(ms), 50081
[OVERALL], Throughput(ops/sec), 99838.26201553483
[TOTAL_GCS_G1_Young_Generation], Count, 91
[TOTAL_GC_TIME_G1_Young_Generation], Time(ms), 66
[TOTAL_GC_TIME_%_G1_Young_Generation], Time(%), 0.13178650586050597
[TOTAL_GCS_G1_Old_Generation], Count, 0
[TOTAL_GC_TIME_G1_Old_Generation], Time(ms), 0
[TOTAL_GC_TIME_%_G1_Old_Generation], Time(%), 0.0
[TOTAL_GCs], Count, 91
[TOTAL_GC_TIME], Time(ms), 66
[TOTAL_GC_TIME_%], Time(%), 0.13178650586050597
[READ], Operations, 5000000
[READ], AverageLatency(us), 311.803481
[READ], MinLatency(us), 201
[READ], MaxLatency(us), 14367
[READ], 50thPercentileLatency(us), 299
[READ], 95thPercentileLatency(us), 406
[READ], 99thPercentileLatency(us), 472
[READ], 99.9PercentileLatency(us), 627
[READ], 99.99PercentileLatency(us), 1406
[READ], Return=OK, 5000000
[CLEANUP], Operations, 256
[CLEANUP], AverageLatency(us), 26.12109375
[CLEANUP], MinLatency(us), 11
[CLEANUP], MaxLatency(us), 604
[CLEANUP], 50thPercentileLatency(us), 16
[CLEANUP], 95thPercentileLatency(us), 37
[CLEANUP], 99thPercentileLatency(us), 557
[CLEANUP], 99.9PercentileLatency(us), 604
[CLEANUP], 99.99PercentileLatency(us), 604
[Intended-READ], Operations, 5000000
[Intended-READ], AverageLatency(us), 385.3873884
[Intended-READ], MinLatency(us), 229
[Intended-READ], MaxLatency(us), 63487
[Intended-READ], 50thPercentileLatency(us), 358
[Intended-READ], 95thPercentileLatency(us), 466
[Intended-READ], 99thPercentileLatency(us), 543
[Intended-READ], 99.9PercentileLatency(us), 1432
[Intended-READ], 99.99PercentileLatency(us), 35135
[Intended-CLEANUP], Operations, 256
[Intended-CLEANUP], AverageLatency(us), 26.33203125
[Intended-CLEANUP], MinLatency(us), 11
[Intended-CLEANUP], MaxLatency(us), 604
[Intended-CLEANUP], 50thPercentileLatency(us), 16
[Intended-CLEANUP], 95thPercentileLatency(us), 37
[Intended-CLEANUP], 99thPercentileLatency(us), 557
[Intended-CLEANUP], 99.9PercentileLatency(us), 604
[Intended-CLEANUP], 99.99PercentileLatency(us), 604
