java -cp /mnt/dev/YCSB-hreplace-dist/redis-binding/conf:/mnt/dev/YCSB-hreplace-dist/conf:/mnt/dev/YCSB-hreplace-dist/lib/htrace-core4-4.1.0-incubating.jar:/mnt/dev/YCSB-hreplace-dist/lib/slf4j-api-1.7.25.jar:/mnt/dev/YCSB-hreplace-dist/lib/jackson-mapper-asl-1.9.4.jar:/mnt/dev/YCSB-hreplace-dist/lib/HdrHistogram-2.1.12.jar:/mnt/dev/YCSB-hreplace-dist/lib/jackson-core-asl-1.9.4.jar:/mnt/dev/YCSB-hreplace-dist/lib/jedis-3.9.0.jar:/mnt/dev/YCSB-hreplace-dist/lib/core-0.18.0-SNAPSHOT.jar:/mnt/dev/YCSB-hreplace-dist/lib/commons-pool2-2.11.1.jar:/mnt/dev/YCSB-hreplace-dist/lib/redis-binding-0.18.0-SNAPSHOT.jar site.ycsb.Client -db site.ycsb.db.RedisClient -s -threads 256 -P /mnt/dev/YCSB-hreplace-dist/workloads/workloada -p recordcount=100000000 -p operationcount=5000000 -p fieldcount=10 -p fieldlength=128 -p fieldlengthdistribution=constant -p readallfields=true -p writeallfields=true -p insertorder=hashed -p requestdistribution=uniform -p readproportion=0.5 -p updateproportion=0.5 -p insertproportion=0 -p scanproportion=0 -p readmodifywriteproportion=0 -p measurementtype=hdrhistogram -p measurement.interval=both -p hdrhistogram.percentiles=50,95,99,99.9,99.99 -p status.interval=10 -p redis.host=172.16.0.4 -p redis.port=16379 -p redis.scanindex=none -p redis.timeout=10000 -p redis.cluster=false -p redis.updatecommand=hmset -t
Command line: -db site.ycsb.db.RedisClient -s -threads 256 -P /mnt/dev/YCSB-hreplace-dist/workloads/workloada -p recordcount=100000000 -p operationcount=5000000 -p fieldcount=10 -p fieldlength=128 -p fieldlengthdistribution=constant -p readallfields=true -p writeallfields=true -p insertorder=hashed -p requestdistribution=uniform -p readproportion=0.5 -p updateproportion=0.5 -p insertproportion=0 -p scanproportion=0 -p readmodifywriteproportion=0 -p measurementtype=hdrhistogram -p measurement.interval=both -p hdrhistogram.percentiles=50,95,99,99.9,99.99 -p status.interval=10 -p redis.host=172.16.0.4 -p redis.port=16379 -p redis.scanindex=none -p redis.timeout=10000 -p redis.cluster=false -p redis.updatecommand=hmset -t
YCSB Client 0.18.0-SNAPSHOT

Loading workload...
Starting test.
SLF4J: Failed to load class "org.slf4j.impl.StaticLoggerBinder".
SLF4J: Defaulting to no-operation (NOP) logger implementation
SLF4J: See http://www.slf4j.org/codes.html#StaticLoggerBinder for further details.
2026-09-13 15:32:36:912 0 sec: 0 operations; est completion in 0 second 
DBWrapper: report latency for each error is false and specific error codes to track for latency are: []
2026-09-13 15:32:46:882 10 sec: 4166753 operations; 416675.3 current ops/sec; est completion in 2 second [READ: Count=2082837, Max=33151, Min=186, Avg=594.68, 50=513, 90=715, 99=3419, 99.9=6359, 99.99=16559] [UPDATE: Count=2086807, Max=33023, Min=187, Avg=614.69, 50=525, 90=740, 99=3479, 99.9=6367, 99.99=14295] [Intended-READ: Count=2086543, Max=33151, Min=186, Avg=594.63, 50=513, 90=715, 99=3415, 99.9=6359, 99.99=16559] [Intended-UPDATE: Count=2090278, Max=33023, Min=187, Avg=614.64, 50=525, 90=740, 99=3477, 99.9=6363, 99.99=14279] 
2026-09-13 15:32:49:471 12 sec: 5000000 operations; 321965.61 current ops/sec; [READ: Count=416384, Max=11191, Min=200, Avg=531.5, 50=470, 90=663, 99=2549, 99.9=5867, 99.99=8015] [CLEANUP: Count=256, Max=915, Min=13, Avg=45.02, 50=31, 90=89, 99=125, 99.9=915, 99.99=915] [UPDATE: Count=413972, Max=11207, Min=220, Avg=541.04, 50=479, 90=672, 99=2593, 99.9=5903, 99.99=7947] [Intended-READ: Count=412678, Max=11191, Min=200, Avg=531.38, 50=470, 90=663, 99=2575, 99.9=5875, 99.99=8015] [Intended-CLEANUP: Count=256, Max=916, Min=13, Avg=45.46, 50=31, 90=90, 99=126, 99.9=916, 99.99=916] [Intended-UPDATE: Count=410501, Max=11207, Min=220, Avg=540.85, 50=479, 90=672, 99=2597, 99.9=5903, 99.99=7947] 
[OVERALL], RunTime(ms), 12588
[OVERALL], Throughput(ops/sec), 397203.68605020654
[TOTAL_GCS_G1_Young_Generation], Count, 93
[TOTAL_GC_TIME_G1_Young_Generation], Time(ms), 95
[TOTAL_GC_TIME_%_G1_Young_Generation], Time(%), 0.7546870034953924
[TOTAL_GCS_G1_Old_Generation], Count, 0
[TOTAL_GC_TIME_G1_Old_Generation], Time(ms), 0
[TOTAL_GC_TIME_%_G1_Old_Generation], Time(%), 0.0
[TOTAL_GCs], Count, 93
[TOTAL_GC_TIME], Time(ms), 95
[TOTAL_GC_TIME_%], Time(%), 0.7546870034953924
[READ], Operations, 2499221
[READ], AverageLatency(us), 584.1495497997176
[READ], MinLatency(us), 186
[READ], MaxLatency(us), 33151
[READ], 50thPercentileLatency(us), 506
[READ], 95thPercentileLatency(us), 832
[READ], 99thPercentileLatency(us), 3303
[READ], 99.9PercentileLatency(us), 6279
[READ], 99.99PercentileLatency(us), 14375
[READ], Return=OK, 2499221
[CLEANUP], Operations, 256
[CLEANUP], AverageLatency(us), 45.01953125
[CLEANUP], MinLatency(us), 13
[CLEANUP], MaxLatency(us), 915
[CLEANUP], 50thPercentileLatency(us), 31
[CLEANUP], 95thPercentileLatency(us), 104
[CLEANUP], 99thPercentileLatency(us), 125
[CLEANUP], 99.9PercentileLatency(us), 915
[CLEANUP], 99.99PercentileLatency(us), 915
[UPDATE], Operations, 2500779
[UPDATE], AverageLatency(us), 602.4948242127753
[UPDATE], MinLatency(us), 187
[UPDATE], MaxLatency(us), 33023
[UPDATE], 50thPercentileLatency(us), 518
[UPDATE], 95thPercentileLatency(us), 889
[UPDATE], 99thPercentileLatency(us), 3367
[UPDATE], 99.9PercentileLatency(us), 6291
[UPDATE], 99.99PercentileLatency(us), 13111
[UPDATE], Return=OK, 2500779
[Intended-READ], Operations, 2499221
[Intended-READ], AverageLatency(us), 584.1839093061398
[Intended-READ], MinLatency(us), 186
[Intended-READ], MaxLatency(us), 33151
[Intended-READ], 50thPercentileLatency(us), 506
[Intended-READ], 95thPercentileLatency(us), 832
[Intended-READ], 99thPercentileLatency(us), 3303
[Intended-READ], 99.9PercentileLatency(us), 6279
[Intended-READ], 99.99PercentileLatency(us), 14375
[Intended-CLEANUP], Operations, 256
[Intended-CLEANUP], AverageLatency(us), 45.45703125
[Intended-CLEANUP], MinLatency(us), 13
[Intended-CLEANUP], MaxLatency(us), 916
[Intended-CLEANUP], 50thPercentileLatency(us), 31
[Intended-CLEANUP], 95thPercentileLatency(us), 105
[Intended-CLEANUP], 99thPercentileLatency(us), 126
[Intended-CLEANUP], 99.9PercentileLatency(us), 916
[Intended-CLEANUP], 99.99PercentileLatency(us), 916
[Intended-UPDATE], Operations, 2500779
[Intended-UPDATE], AverageLatency(us), 602.5294786144638
[Intended-UPDATE], MinLatency(us), 187
[Intended-UPDATE], MaxLatency(us), 33023
[Intended-UPDATE], 50thPercentileLatency(us), 518
[Intended-UPDATE], 95thPercentileLatency(us), 889
[Intended-UPDATE], 99thPercentileLatency(us), 3367
[Intended-UPDATE], 99.9PercentileLatency(us), 6291
[Intended-UPDATE], 99.99PercentileLatency(us), 13111
