java -cp /mnt/dev/YCSB-hreplace-dist/redis-binding/conf:/mnt/dev/YCSB-hreplace-dist/conf:/mnt/dev/YCSB-hreplace-dist/lib/htrace-core4-4.1.0-incubating.jar:/mnt/dev/YCSB-hreplace-dist/lib/slf4j-api-1.7.25.jar:/mnt/dev/YCSB-hreplace-dist/lib/jackson-mapper-asl-1.9.4.jar:/mnt/dev/YCSB-hreplace-dist/lib/HdrHistogram-2.1.12.jar:/mnt/dev/YCSB-hreplace-dist/lib/jackson-core-asl-1.9.4.jar:/mnt/dev/YCSB-hreplace-dist/lib/jedis-3.9.0.jar:/mnt/dev/YCSB-hreplace-dist/lib/core-0.18.0-SNAPSHOT.jar:/mnt/dev/YCSB-hreplace-dist/lib/commons-pool2-2.11.1.jar:/mnt/dev/YCSB-hreplace-dist/lib/redis-binding-0.18.0-SNAPSHOT.jar site.ycsb.Client -db site.ycsb.db.RedisClient -s -threads 256 -P /mnt/dev/YCSB-hreplace-dist/workloads/workloada -p recordcount=100000000 -p operationcount=5000000 -p fieldcount=10 -p fieldlength=128 -p fieldlengthdistribution=constant -p readallfields=true -p writeallfields=true -p insertorder=hashed -p requestdistribution=uniform -p readproportion=0.5 -p updateproportion=0.5 -p insertproportion=0 -p scanproportion=0 -p readmodifywriteproportion=0 -p measurementtype=hdrhistogram -p measurement.interval=both -p hdrhistogram.percentiles=50,95,99,99.9,99.99 -p status.interval=10 -p redis.host=172.16.0.4 -p redis.port=16379 -p redis.scanindex=none -p redis.timeout=10000 -p redis.cluster=false -p redis.updatecommand=hmset -t
Command line: -db site.ycsb.db.RedisClient -s -threads 256 -P /mnt/dev/YCSB-hreplace-dist/workloads/workloada -p recordcount=100000000 -p operationcount=5000000 -p fieldcount=10 -p fieldlength=128 -p fieldlengthdistribution=constant -p readallfields=true -p writeallfields=true -p insertorder=hashed -p requestdistribution=uniform -p readproportion=0.5 -p updateproportion=0.5 -p insertproportion=0 -p scanproportion=0 -p readmodifywriteproportion=0 -p measurementtype=hdrhistogram -p measurement.interval=both -p hdrhistogram.percentiles=50,95,99,99.9,99.99 -p status.interval=10 -p redis.host=172.16.0.4 -p redis.port=16379 -p redis.scanindex=none -p redis.timeout=10000 -p redis.cluster=false -p redis.updatecommand=hmset -t
YCSB Client 0.18.0-SNAPSHOT

Loading workload...
Starting test.
SLF4J: Failed to load class "org.slf4j.impl.StaticLoggerBinder".
SLF4J: Defaulting to no-operation (NOP) logger implementation
SLF4J: See http://www.slf4j.org/codes.html#StaticLoggerBinder for further details.
2026-09-13 15:40:28:653 0 sec: 0 operations; est completion in 0 second 
DBWrapper: report latency for each error is false and specific error codes to track for latency are: []
2026-09-13 15:40:38:600 10 sec: 4287666 operations; 428766.6 current ops/sec; est completion in 2 second [READ: Count=2144143, Max=32015, Min=173, Avg=578.39, 50=509, 90=694, 99=3049, 99.9=6111, 99.99=11527] [UPDATE: Count=2146341, Max=34975, Min=186, Avg=593.64, 50=519, 90=710, 99=3105, 99.9=6191, 99.99=11935] [Intended-READ: Count=2149194, Max=32015, Min=173, Avg=578.5, 50=509, 90=694, 99=3051, 99.9=6111, 99.99=11527] [Intended-UPDATE: Count=2149974, Max=34975, Min=186, Avg=593.62, 50=519, 90=710, 99=3101, 99.9=6191, 99.99=11935] 
2026-09-13 15:40:40:834 12 sec: 5000000 operations; 318717.67 current ops/sec; [READ: Count=356062, Max=12319, Min=198, Avg=522, 50=460, 90=650, 99=2559, 99.9=5823, 99.99=7663] [CLEANUP: Count=256, Max=739, Min=14, Avg=37.45, 50=27, 90=72, 99=119, 99.9=739, 99.99=739] [UPDATE: Count=353454, Max=12527, Min=192, Avg=532, 50=469, 90=661, 99=2669, 99.9=5815, 99.99=7599] [Intended-READ: Count=351011, Max=12319, Min=198, Avg=520.76, 50=459, 90=650, 99=2537, 99.9=5811, 99.99=7579] [Intended-CLEANUP: Count=256, Max=750, Min=15, Avg=37.97, 50=27, 90=73, 99=120, 99.9=750, 99.99=750] [Intended-UPDATE: Count=349821, Max=12527, Min=192, Avg=531.74, 50=468, 90=661, 99=2703, 99.9=5823, 99.99=7603] 
[OVERALL], RunTime(ms), 12234
[OVERALL], Throughput(ops/sec), 408697.0737289521
[TOTAL_GCS_G1_Young_Generation], Count, 90
[TOTAL_GC_TIME_G1_Young_Generation], Time(ms), 97
[TOTAL_GC_TIME_%_G1_Young_Generation], Time(%), 0.7928723230341671
[TOTAL_GCS_G1_Old_Generation], Count, 0
[TOTAL_GC_TIME_G1_Old_Generation], Time(ms), 0
[TOTAL_GC_TIME_%_G1_Old_Generation], Time(%), 0.0
[TOTAL_GCs], Count, 90
[TOTAL_GC_TIME], Time(ms), 97
[TOTAL_GC_TIME_%], Time(%), 0.7928723230341671
[READ], Operations, 2500205
[READ], AverageLatency(us), 570.3574646878956
[READ], MinLatency(us), 173
[READ], MaxLatency(us), 32015
[READ], 50thPercentileLatency(us), 503
[READ], 95thPercentileLatency(us), 791
[READ], 99thPercentileLatency(us), 2989
[READ], 99.9PercentileLatency(us), 6067
[READ], 99.99PercentileLatency(us), 10807
[READ], Return=OK, 2500205
[CLEANUP], Operations, 256
[CLEANUP], AverageLatency(us), 37.4453125
[CLEANUP], MinLatency(us), 14
[CLEANUP], MaxLatency(us), 739
[CLEANUP], 50thPercentileLatency(us), 27
[CLEANUP], 95thPercentileLatency(us), 90
[CLEANUP], 99thPercentileLatency(us), 119
[CLEANUP], 99.9PercentileLatency(us), 739
[CLEANUP], 99.99PercentileLatency(us), 739
[UPDATE], Operations, 2499795
[UPDATE], AverageLatency(us), 584.9232065029332
[UPDATE], MinLatency(us), 186
[UPDATE], MaxLatency(us), 34975
[UPDATE], 50thPercentileLatency(us), 513
[UPDATE], 95thPercentileLatency(us), 817
[UPDATE], 99thPercentileLatency(us), 3059
[UPDATE], 99.9PercentileLatency(us), 6119
[UPDATE], 99.99PercentileLatency(us), 11007
[UPDATE], Return=OK, 2499795
[Intended-READ], Operations, 2500205
[Intended-READ], AverageLatency(us), 570.392181841089
[Intended-READ], MinLatency(us), 173
[Intended-READ], MaxLatency(us), 32015
[Intended-READ], 50thPercentileLatency(us), 503
[Intended-READ], 95thPercentileLatency(us), 791
[Intended-READ], 99thPercentileLatency(us), 2989
[Intended-READ], 99.9PercentileLatency(us), 6067
[Intended-READ], 99.99PercentileLatency(us), 10807
[Intended-CLEANUP], Operations, 256
[Intended-CLEANUP], AverageLatency(us), 37.97265625
[Intended-CLEANUP], MinLatency(us), 15
[Intended-CLEANUP], MaxLatency(us), 750
[Intended-CLEANUP], 50thPercentileLatency(us), 27
[Intended-CLEANUP], 95thPercentileLatency(us), 91
[Intended-CLEANUP], 99thPercentileLatency(us), 120
[Intended-CLEANUP], 99.9PercentileLatency(us), 750
[Intended-CLEANUP], 99.99PercentileLatency(us), 750
[Intended-UPDATE], Operations, 2499795
[Intended-UPDATE], AverageLatency(us), 584.9619944835476
[Intended-UPDATE], MinLatency(us), 186
[Intended-UPDATE], MaxLatency(us), 34975
[Intended-UPDATE], 50thPercentileLatency(us), 513
[Intended-UPDATE], 95thPercentileLatency(us), 817
[Intended-UPDATE], 99thPercentileLatency(us), 3059
[Intended-UPDATE], 99.9PercentileLatency(us), 6119
[Intended-UPDATE], 99.99PercentileLatency(us), 11007
