java -cp /mnt/dev/YCSB-hreplace-dist/redis-binding/conf:/mnt/dev/YCSB-hreplace-dist/conf:/mnt/dev/YCSB-hreplace-dist/lib/htrace-core4-4.1.0-incubating.jar:/mnt/dev/YCSB-hreplace-dist/lib/slf4j-api-1.7.25.jar:/mnt/dev/YCSB-hreplace-dist/lib/jackson-mapper-asl-1.9.4.jar:/mnt/dev/YCSB-hreplace-dist/lib/HdrHistogram-2.1.12.jar:/mnt/dev/YCSB-hreplace-dist/lib/jackson-core-asl-1.9.4.jar:/mnt/dev/YCSB-hreplace-dist/lib/jedis-3.9.0.jar:/mnt/dev/YCSB-hreplace-dist/lib/core-0.18.0-SNAPSHOT.jar:/mnt/dev/YCSB-hreplace-dist/lib/commons-pool2-2.11.1.jar:/mnt/dev/YCSB-hreplace-dist/lib/redis-binding-0.18.0-SNAPSHOT.jar site.ycsb.Client -db site.ycsb.db.RedisClient -s -threads 256 -P /mnt/dev/YCSB-hreplace-dist/workloads/workloada -p recordcount=100000000 -p operationcount=1000000 -p fieldcount=10 -p fieldlength=128 -p fieldlengthdistribution=constant -p readallfields=true -p writeallfields=true -p insertorder=hashed -p requestdistribution=uniform -p readproportion=0.5 -p updateproportion=0.5 -p insertproportion=0 -p scanproportion=0 -p readmodifywriteproportion=0 -p measurementtype=hdrhistogram -p measurement.interval=both -p hdrhistogram.percentiles=50,95,99,99.9,99.99 -p status.interval=10 -p redis.host=172.16.0.4 -p redis.port=16379 -p redis.scanindex=none -p redis.timeout=10000 -p redis.cluster=false -p redis.updatecommand=hmset -t
Command line: -db site.ycsb.db.RedisClient -s -threads 256 -P /mnt/dev/YCSB-hreplace-dist/workloads/workloada -p recordcount=100000000 -p operationcount=1000000 -p fieldcount=10 -p fieldlength=128 -p fieldlengthdistribution=constant -p readallfields=true -p writeallfields=true -p insertorder=hashed -p requestdistribution=uniform -p readproportion=0.5 -p updateproportion=0.5 -p insertproportion=0 -p scanproportion=0 -p readmodifywriteproportion=0 -p measurementtype=hdrhistogram -p measurement.interval=both -p hdrhistogram.percentiles=50,95,99,99.9,99.99 -p status.interval=10 -p redis.host=172.16.0.4 -p redis.port=16379 -p redis.scanindex=none -p redis.timeout=10000 -p redis.cluster=false -p redis.updatecommand=hmset -t
YCSB Client 0.18.0-SNAPSHOT

Loading workload...
Starting test.
SLF4J: Failed to load class "org.slf4j.impl.StaticLoggerBinder".
SLF4J: Defaulting to no-operation (NOP) logger implementation
SLF4J: See http://www.slf4j.org/codes.html#StaticLoggerBinder for further details.
2026-09-13 15:27:20:119 0 sec: 0 operations; est completion in 0 second 
DBWrapper: report latency for each error is false and specific error codes to track for latency are: []
2026-09-13 15:27:22:845 2 sec: 1000000 operations; 359582.88 current ops/sec; [READ: Count=500061, Max=80255, Min=189, Avg=611.18, 50=507, 90=747, 99=3533, 99.9=7719, 99.99=32063] [CLEANUP: Count=256, Max=728, Min=13, Avg=33.1, 50=24, 90=50, 99=149, 99.9=728, 99.99=728] [UPDATE: Count=499939, Max=80191, Min=192, Avg=653.42, 50=526, 90=825, 99=3725, 99.9=8479, 99.99=31631] [Intended-READ: Count=500061, Max=80255, Min=189, Avg=611.22, 50=507, 90=747, 99=3533, 99.9=7719, 99.99=32063] [Intended-CLEANUP: Count=256, Max=729, Min=13, Avg=33.4, 50=24, 90=50, 99=150, 99.9=729, 99.99=729] [Intended-UPDATE: Count=499939, Max=80191, Min=192, Avg=653.46, 50=526, 90=825, 99=3725, 99.9=8479, 99.99=31631] 
[OVERALL], RunTime(ms), 2781
[OVERALL], Throughput(ops/sec), 359582.88385472854
[TOTAL_GCS_G1_Young_Generation], Count, 24
[TOTAL_GC_TIME_G1_Young_Generation], Time(ms), 36
[TOTAL_GC_TIME_%_G1_Young_Generation], Time(%), 1.2944983818770228
[TOTAL_GCS_G1_Old_Generation], Count, 0
[TOTAL_GC_TIME_G1_Old_Generation], Time(ms), 0
[TOTAL_GC_TIME_%_G1_Old_Generation], Time(%), 0.0
[TOTAL_GCs], Count, 24
[TOTAL_GC_TIME], Time(ms), 36
[TOTAL_GC_TIME_%], Time(%), 1.2944983818770228
[READ], Operations, 500061
[READ], AverageLatency(us), 611.1837295849906
[READ], MinLatency(us), 189
[READ], MaxLatency(us), 80255
[READ], 50thPercentileLatency(us), 507
[READ], 95thPercentileLatency(us), 957
[READ], 99thPercentileLatency(us), 3533
[READ], 99.9PercentileLatency(us), 7719
[READ], 99.99PercentileLatency(us), 32063
[READ], Return=OK, 500061
[CLEANUP], Operations, 256
[CLEANUP], AverageLatency(us), 33.09765625
[CLEANUP], MinLatency(us), 13
[CLEANUP], MaxLatency(us), 728
[CLEANUP], 50thPercentileLatency(us), 24
[CLEANUP], 95thPercentileLatency(us), 75
[CLEANUP], 99thPercentileLatency(us), 149
[CLEANUP], 99.9PercentileLatency(us), 728
[CLEANUP], 99.99PercentileLatency(us), 728
[UPDATE], Operations, 499939
[UPDATE], AverageLatency(us), 653.4175049356021
[UPDATE], MinLatency(us), 192
[UPDATE], MaxLatency(us), 80191
[UPDATE], 50thPercentileLatency(us), 526
[UPDATE], 95thPercentileLatency(us), 1175
[UPDATE], 99thPercentileLatency(us), 3725
[UPDATE], 99.9PercentileLatency(us), 8479
[UPDATE], 99.99PercentileLatency(us), 31631
[UPDATE], Return=OK, 499939
[Intended-READ], Operations, 500061
[Intended-READ], AverageLatency(us), 611.2214149873715
[Intended-READ], MinLatency(us), 189
[Intended-READ], MaxLatency(us), 80255
[Intended-READ], 50thPercentileLatency(us), 507
[Intended-READ], 95thPercentileLatency(us), 957
[Intended-READ], 99thPercentileLatency(us), 3533
[Intended-READ], 99.9PercentileLatency(us), 7719
[Intended-READ], 99.99PercentileLatency(us), 32063
[Intended-CLEANUP], Operations, 256
[Intended-CLEANUP], AverageLatency(us), 33.3984375
[Intended-CLEANUP], MinLatency(us), 13
[Intended-CLEANUP], MaxLatency(us), 729
[Intended-CLEANUP], 50thPercentileLatency(us), 24
[Intended-CLEANUP], 95thPercentileLatency(us), 75
[Intended-CLEANUP], 99thPercentileLatency(us), 150
[Intended-CLEANUP], 99.9PercentileLatency(us), 729
[Intended-CLEANUP], 99.99PercentileLatency(us), 729
[Intended-UPDATE], Operations, 499939
[Intended-UPDATE], AverageLatency(us), 653.4567657254184
[Intended-UPDATE], MinLatency(us), 192
[Intended-UPDATE], MaxLatency(us), 80191
[Intended-UPDATE], 50thPercentileLatency(us), 526
[Intended-UPDATE], 95thPercentileLatency(us), 1175
[Intended-UPDATE], 99thPercentileLatency(us), 3725
[Intended-UPDATE], 99.9PercentileLatency(us), 8479
[Intended-UPDATE], 99.99PercentileLatency(us), 31631
