java -cp /mnt/dev/YCSB-hreplace-dist/redis-binding/conf:/mnt/dev/YCSB-hreplace-dist/conf:/mnt/dev/YCSB-hreplace-dist/lib/htrace-core4-4.1.0-incubating.jar:/mnt/dev/YCSB-hreplace-dist/lib/slf4j-api-1.7.25.jar:/mnt/dev/YCSB-hreplace-dist/lib/jackson-mapper-asl-1.9.4.jar:/mnt/dev/YCSB-hreplace-dist/lib/HdrHistogram-2.1.12.jar:/mnt/dev/YCSB-hreplace-dist/lib/jackson-core-asl-1.9.4.jar:/mnt/dev/YCSB-hreplace-dist/lib/jedis-3.9.0.jar:/mnt/dev/YCSB-hreplace-dist/lib/core-0.18.0-SNAPSHOT.jar:/mnt/dev/YCSB-hreplace-dist/lib/commons-pool2-2.11.1.jar:/mnt/dev/YCSB-hreplace-dist/lib/redis-binding-0.18.0-SNAPSHOT.jar site.ycsb.Client -db site.ycsb.db.RedisClient -s -threads 256 -P /mnt/dev/YCSB-hreplace-dist/workloads/workloada -target 100000 -p recordcount=100000000 -p operationcount=1000000 -p fieldcount=10 -p fieldlength=128 -p fieldlengthdistribution=constant -p readallfields=true -p writeallfields=true -p insertorder=hashed -p requestdistribution=uniform -p readproportion=0.5 -p updateproportion=0.5 -p insertproportion=0 -p scanproportion=0 -p readmodifywriteproportion=0 -p measurementtype=hdrhistogram -p measurement.interval=both -p hdrhistogram.percentiles=50,95,99,99.9,99.99 -p status.interval=10 -p redis.host=172.16.0.4 -p redis.port=16379 -p redis.scanindex=none -p redis.timeout=10000 -p redis.cluster=false -p redis.updatecommand=hmset -t
Command line: -db site.ycsb.db.RedisClient -s -threads 256 -P /mnt/dev/YCSB-hreplace-dist/workloads/workloada -target 100000 -p recordcount=100000000 -p operationcount=1000000 -p fieldcount=10 -p fieldlength=128 -p fieldlengthdistribution=constant -p readallfields=true -p writeallfields=true -p insertorder=hashed -p requestdistribution=uniform -p readproportion=0.5 -p updateproportion=0.5 -p insertproportion=0 -p scanproportion=0 -p readmodifywriteproportion=0 -p measurementtype=hdrhistogram -p measurement.interval=both -p hdrhistogram.percentiles=50,95,99,99.9,99.99 -p status.interval=10 -p redis.host=172.16.0.4 -p redis.port=16379 -p redis.scanindex=none -p redis.timeout=10000 -p redis.cluster=false -p redis.updatecommand=hmset -t
YCSB Client 0.18.0-SNAPSHOT

Loading workload...
Starting test.
SLF4J: Failed to load class "org.slf4j.impl.StaticLoggerBinder".
SLF4J: Defaulting to no-operation (NOP) logger implementation
SLF4J: See http://www.slf4j.org/codes.html#StaticLoggerBinder for further details.
2026-09-13 15:36:47:385 0 sec: 0 operations; est completion in 0 second 
DBWrapper: report latency for each error is false and specific error codes to track for latency are: []
2026-09-13 15:36:57:335 10 sec: 991706 operations; 99170.6 current ops/sec; est completion in 1 second [READ: Count=496167, Max=34975, Min=170, Avg=329.11, 50=296, 90=358, 99=1037, 99.9=4363, 99.99=11855] [UPDATE: Count=495831, Max=37375, Min=169, Avg=355.57, 50=303, 90=372, 99=1905, 99.9=5323, 99.99=18591] [Intended-READ: Count=496502, Max=165503, Min=224, Avg=694.14, 50=355, 90=423, 99=5395, 99.9=71551, 99.99=118655] [Intended-UPDATE: Count=496046, Max=163967, Min=229, Avg=723.63, 50=363, 90=434, 99=6339, 99.9=73151, 99.99=122943] 
2026-09-13 15:36:57:437 10 sec: 1000000 operations; 80524.27 current ops/sec; [READ: Count=4105, Max=516, Min=208, Avg=294.92, 50=291, 90=333, 99=397, 99.9=459, 99.99=516] [CLEANUP: Count=256, Max=619, Min=10, Avg=27.91, 50=16, 90=26, 99=542, 99.9=619, 99.99=619] [UPDATE: Count=3897, Max=1671, Min=225, Avg=302.73, 50=299, 90=342, 99=412, 99.9=498, 99.99=1671] [Intended-READ: Count=3770, Max=1010, Min=258, Avg=352.91, 50=350, 90=392, 99=458, 99.9=557, 99.99=1010] [Intended-CLEANUP: Count=256, Max=620, Min=10, Avg=28.11, 50=16, 90=26, 99=543, 99.9=620, 99.99=620] [Intended-UPDATE: Count=3682, Max=1734, Min=263, Avg=360.93, 50=357, 90=401, 99=472, 99.9=563, 99.99=1734] 
[OVERALL], RunTime(ms), 10102
[OVERALL], Throughput(ops/sec), 98990.29895070283
[TOTAL_GCS_G1_Young_Generation], Count, 30
[TOTAL_GC_TIME_G1_Young_Generation], Time(ms), 36
[TOTAL_GC_TIME_%_G1_Young_Generation], Time(%), 0.35636507622253016
[TOTAL_GCS_G1_Old_Generation], Count, 0
[TOTAL_GC_TIME_G1_Old_Generation], Time(ms), 0
[TOTAL_GC_TIME_%_G1_Old_Generation], Time(%), 0.0
[TOTAL_GCs], Count, 30
[TOTAL_GC_TIME], Time(ms), 36
[TOTAL_GC_TIME_%], Time(%), 0.35636507622253016
[READ], Operations, 500272
[READ], AverageLatency(us), 328.8283093996866
[READ], MinLatency(us), 170
[READ], MaxLatency(us), 34975
[READ], 50thPercentileLatency(us), 296
[READ], 95thPercentileLatency(us), 396
[READ], 99thPercentileLatency(us), 1027
[READ], 99.9PercentileLatency(us), 4347
[READ], 99.99PercentileLatency(us), 11791
[READ], Return=OK, 500272
[CLEANUP], Operations, 256
[CLEANUP], AverageLatency(us), 27.90625
[CLEANUP], MinLatency(us), 10
[CLEANUP], MaxLatency(us), 619
[CLEANUP], 50thPercentileLatency(us), 16
[CLEANUP], 95thPercentileLatency(us), 36
[CLEANUP], 99thPercentileLatency(us), 542
[CLEANUP], 99.9PercentileLatency(us), 619
[CLEANUP], 99.99PercentileLatency(us), 619
[UPDATE], Operations, 499728
[UPDATE], AverageLatency(us), 355.1562049755067
[UPDATE], MinLatency(us), 169
[UPDATE], MaxLatency(us), 37375
[UPDATE], 50thPercentileLatency(us), 303
[UPDATE], 95thPercentileLatency(us), 416
[UPDATE], 99thPercentileLatency(us), 1894
[UPDATE], 99.9PercentileLatency(us), 5307
[UPDATE], 99.99PercentileLatency(us), 18591
[UPDATE], Return=OK, 499728
[Intended-READ], Operations, 500272
[Intended-READ], AverageLatency(us), 691.567041529408
[Intended-READ], MinLatency(us), 224
[Intended-READ], MaxLatency(us), 165503
[Intended-READ], 50thPercentileLatency(us), 355
[Intended-READ], 95thPercentileLatency(us), 472
[Intended-READ], 99thPercentileLatency(us), 5315
[Intended-READ], 99.9PercentileLatency(us), 71295
[Intended-READ], 99.99PercentileLatency(us), 118591
[Intended-CLEANUP], Operations, 256
[Intended-CLEANUP], AverageLatency(us), 28.11328125
[Intended-CLEANUP], MinLatency(us), 10
[Intended-CLEANUP], MaxLatency(us), 620
[Intended-CLEANUP], 50thPercentileLatency(us), 16
[Intended-CLEANUP], 95thPercentileLatency(us), 37
[Intended-CLEANUP], 99thPercentileLatency(us), 543
[Intended-CLEANUP], 99.9PercentileLatency(us), 620
[Intended-CLEANUP], 99.99PercentileLatency(us), 620
[Intended-UPDATE], Operations, 499728
[Intended-UPDATE], AverageLatency(us), 720.9602063522557
[Intended-UPDATE], MinLatency(us), 229
[Intended-UPDATE], MaxLatency(us), 163967
[Intended-UPDATE], 50thPercentileLatency(us), 363
[Intended-UPDATE], 95thPercentileLatency(us), 486
[Intended-UPDATE], 99thPercentileLatency(us), 6255
[Intended-UPDATE], 99.9PercentileLatency(us), 73023
[Intended-UPDATE], 99.99PercentileLatency(us), 122943
