-- GLOB mismatch!
-- GLOB mismatch!
-- GLOB mismatch!
-- clang-format 23.1.0 not found; format targets are disabled
-- clang-format 23.1.0 not found; celer format targets are disabled
-- 
-- Architecture: x64
-- Disable transparent huge pages support (MI_NO_THP=ON)
-- 
-- Library name     : mimalloc
-- Version          : 3.4.5
-- Build type       : release
-- C Compiler       : /usr/bin/cc
-- Compiler flags   : -Wall;-Wextra;-Wno-unknown-pragmas;-fvisibility=hidden;-Wstrict-prototypes;-ftls-model=initial-exec
-- Compiler defines : MI_DEFAULT_ARENA_EAGER_COMMIT=1;MI_DEFAULT_ALLOW_THP=0;MI_CMAKE_BUILD_TYPE=release;MI_BUILD_RELEASE
-- Link libraries   : pthread;rt;atomic
-- Build targets    : static
-- 
-- C++ Standard: 23
-- Build type: Release
-- Build Install Prefix : /usr/local
-- ASIO include path: /mnt/dev/keylane/build/_keylane_nuraft_source/asio/asio/include
-- deps prefix is not given
-- OpenSSL library path: /usr/lib/x86_64-linux-gnu/libssl.a
-- OpenSSL include path: /usr/include
-- Output library file name: libnuraft.a
-- Configuring done (0.9s)
-- Generating done (0.7s)
-- Build files have been written to: /mnt/dev/keylane/build
[  0%] Built target keylane_lease_clock
[  9%] Built target keylane_lua
[ 11%] Built target absl_time_zone
[ 17%] Built target mimalloc-static
[ 19%] Built target absl_log_severity
[ 21%] Built target absl_spinlock_wait
[ 21%] Built target absl_strerror
[ 21%] Built target absl_utf8_for_code_point
[ 21%] Built target absl_leak_check
[ 21%] Built target absl_exponential_biased
[ 21%] Built target absl_civil_time
[ 23%] Built target celer_liburing_build
[ 23%] Built target absl_raw_logging_internal
[ 23%] Built target absl_cordz_functions
[ 25%] Built target absl_throw_delegate
[ 26%] Built target absl_debugging_internal
[ 28%] Built target absl_base
[ 28%] Built target absl_stacktrace
[ 30%] Built target absl_tracing_internal
[ 30%] Built target absl_crc_cpu_detect
[ 32%] Built target absl_malloc_internal
[ 34%] Built target absl_int128
[ 34%] Built target absl_strings_internal
[ 36%] Built target absl_string_view
[ 36%] Built target absl_decode_rust_punycode
[ 36%] Built target absl_graphcycles_internal
[ 36%] Built target absl_city
[ 36%] Built target absl_low_level_hash
[ 36%] Built target absl_crc_internal
[ 36%] Built target absl_demangle_rust
[ 40%] Built target absl_strings
[ 42%] Built target absl_demangle_internal
[ 44%] Built target absl_hash
[ 44%] Built target absl_symbolize
[ 46%] Built target absl_time
[ 48%] Built target absl_str_format_internal
[ 50%] Built target absl_kernel_timeout_internal
[ 51%] Built target absl_crc32c
[ 53%] Built target absl_crc_cord_state
[ 57%] Built target absl_synchronization
[ 59%] Built target absl_cord_internal
[ 61%] Built target absl_cordz_handle
[ 61%] Built target absl_hashtablez_sampler
[ 61%] Built target absl_cordz_info
[ 63%] Built target absl_cord
[ 65%] Built target absl_raw_hash_set
[ 67%] Built target absl_status
[ 67%] Built target absl_statusor
[ 67%] Built target keylane_control_protocol
[ 71%] Built target celer
[ 73%] Built target celer_rpc
[ 73%] Built target keylane_control_transport
[ 73%] Building CXX object CMakeFiles/keylane_module.dir/cmake_pch.hxx.gch
[ 73%] Building CXX object CMakeFiles/keylane_module.dir/src/cluster/meta_control.cpp.o
[ 75%] Building CXX object CMakeFiles/keylane_module.dir/src/cluster/authority.cpp.o
[ 73%] Building CXX object CMakeFiles/keylane_module.dir/src/cluster/meta_client.cpp.o
[ 75%] Building CXX object CMakeFiles/keylane_module.dir/src/cluster/node_control.cpp.o
[ 75%] Building CXX object CMakeFiles/keylane_module.dir/src/cluster/runtime.cpp.o
[ 75%] Building CXX object CMakeFiles/keylane_module.dir/src/cluster/topology.cpp.o
[ 75%] Building CXX object CMakeFiles/keylane_module.dir/src/config.cpp.o
[ 75%] Building CXX object CMakeFiles/keylane_module.dir/src/logging.cpp.o
[ 75%] Building CXX object CMakeFiles/keylane_module.dir/src/storage/buffer_pool.cpp.o
[ 76%] Building CXX object CMakeFiles/keylane_module.dir/src/storage/engine.cpp.o
[ 76%] Building CXX object CMakeFiles/keylane_module.dir/src/storage/engine/alloc.cpp.o
[ 76%] Building CXX object CMakeFiles/keylane_module.dir/src/storage/engine/backup.cpp.o
[ 76%] Building CXX object CMakeFiles/keylane_module.dir/src/storage/engine/checkpoint.cpp.o
[ 76%] Building CXX object CMakeFiles/keylane_module.dir/src/storage/engine/compact_api.cpp.o
[ 76%] Building CXX object CMakeFiles/keylane_module.dir/src/storage/engine/defrag.cpp.o
[ 78%] Building CXX object CMakeFiles/keylane_module.dir/src/storage/engine/expire.cpp.o
[ 78%] Building CXX object CMakeFiles/keylane_module.dir/src/storage/engine/flush.cpp.o
[ 78%] Building CXX object CMakeFiles/keylane_module.dir/src/storage/engine/flush_db.cpp.o
[ 78%] Building CXX object CMakeFiles/keylane_module.dir/src/storage/engine/hash_api.cpp.o
[ 78%] Building CXX object CMakeFiles/keylane_module.dir/src/storage/engine/hash_codec.cpp.o
[ 78%] Building CXX object CMakeFiles/keylane_module.dir/src/storage/engine/grouped_hash.cpp.o
[ 80%] Building CXX object CMakeFiles/keylane_module.dir/src/storage/engine/grouped_collection.cpp.o
[ 80%] Building CXX object CMakeFiles/keylane_module.dir/src/storage/engine/grouped_sorted_rewrite.cpp.o
[ 80%] Building CXX object CMakeFiles/keylane_module.dir/src/storage/engine/ordered_compact_codec.cpp.o
[ 80%] Building CXX object CMakeFiles/keylane_module.dir/src/storage/engine/collection_compact_stream.cpp.o
[ 80%] Building CXX object CMakeFiles/keylane_module.dir/src/storage/engine/grouped_replication_source.cpp.o
[ 80%] Building CXX object CMakeFiles/keylane_module.dir/src/storage/engine/grouped_write.cpp.o
[ 82%] Building CXX object CMakeFiles/keylane_module.dir/src/storage/engine/grouped_read.cpp.o
[ 82%] Building CXX object CMakeFiles/keylane_module.dir/src/storage/engine/grouped_ordered_io.cpp.o
/mnt/dev/keylane/src/storage/engine/grouped_write.cpp: In member function ‘celer::Task<absl::lts_20250512::StatusOr<keylane::storage::HashGroupLocation> > keylane::storage::StorageEngine::Impl::WriteHashGroupRecordLocked(WorkerStore&, WorkerStore::PartitionStore&, uint8_t, std::string_view, const keylane::storage::Digest&, const keylane::storage::HashGroupSnapshot&, uint64_t, keylane::storage::TxShardWrites&, keylane::storage::ValueType, uint64_t)’:
/mnt/dev/keylane/src/storage/engine/grouped_write.cpp:104:3: warning: missing initializer for member ‘keylane::storage::StorageEngine::Impl::GroupRecordWrite::prepare_root_’ [-Wmissing-field-initializers]
  104 |   };
      |   ^
/mnt/dev/keylane/src/storage/engine/grouped_write.cpp:104:3: warning: missing initializer for member ‘keylane::storage::StorageEngine::Impl::GroupRecordWrite::changed_groups_’ [-Wmissing-field-initializers]
[ 82%] Building CXX object CMakeFiles/keylane_module.dir/src/storage/engine/grouped_list.cpp.o
[ 82%] Building CXX object CMakeFiles/keylane_module.dir/src/storage/engine/grouped_zset.cpp.o
[ 82%] Building CXX object CMakeFiles/keylane_module.dir/src/storage/engine/grouped_zset_members.cpp.o
[ 82%] Building CXX object CMakeFiles/keylane_module.dir/src/storage/engine/grouped_hash_random.cpp.o
[ 84%] Building CXX object CMakeFiles/keylane_module.dir/src/storage/engine/sorted_set_api.cpp.o
[ 84%] Building CXX object CMakeFiles/keylane_module.dir/src/storage/engine/transfer_api.cpp.o
[ 84%] Building CXX object CMakeFiles/keylane_module.dir/src/storage/engine/grouped_restore.cpp.o
[ 84%] Building CXX object CMakeFiles/keylane_module.dir/src/storage/engine/collection_ingest.cpp.o
[ 84%] Building CXX object CMakeFiles/keylane_module.dir/src/storage/engine/grouped_mutation.cpp.o
[ 84%] Building CXX object CMakeFiles/keylane_module.dir/src/storage/engine/grouped_ordered_mutation.cpp.o
[ 84%] Building CXX object CMakeFiles/keylane_module.dir/src/storage/engine/grouped_metadata.cpp.o
/mnt/dev/keylane/src/storage/engine/grouped_mutation.cpp: In member function ‘absl::lts_20250512::StatusOr<keylane::storage::HashGroupMutationPlan> keylane::storage::StorageEngine::Impl::PrepareGroupedHashMutation(const keylane::storage::GroupedHashObject::Handle&, keylane::storage::HashValue, std::span<const keylane::storage::HashGroupId>, uint64_t, uint64_t)’:
/mnt/dev/keylane/src/storage/engine/grouped_mutation.cpp:67:50: warning: missing initializer for member ‘keylane::storage::HashGroupSnapshot::value_’ [-Wmissing-field-initializers]
   67 |                                         .id_ = id})
      |                                                  ^
/mnt/dev/keylane/src/storage/engine/grouped_mutation.cpp:95:29: warning: missing initializer for member ‘keylane::storage::HashGroupSnapshot::value_’ [-Wmissing-field-initializers]
   95 |       plan.writes_.push_back({.incarnation_ = plan.root_.incarnation_,
      |       ~~~~~~~~~~~~~~~~~~~~~~^~~~~~~~~~~~~~~~~~~~~~~~~~~~~~~~~~~~~~~~~~
   96 |                               .id_ = id,
      |                               ~~~~~~~~~~
   97 |                               .retired_ = true});
      |                               ~~~~~~~~~~~~~~~~~~
[ 86%] Building CXX object CMakeFiles/keylane_module.dir/src/storage/engine/replica_collection.cpp.o
[ 86%] Building CXX object CMakeFiles/keylane_module.dir/src/storage/engine/grouped_lifecycle.cpp.o
[ 86%] Building CXX object CMakeFiles/keylane_module.dir/src/storage/engine/grouped_object_index.cpp.o
[ 86%] Building CXX object CMakeFiles/keylane_module.dir/src/storage/engine/hash_tree.cpp.o
[ 86%] Building CXX object CMakeFiles/keylane_module.dir/src/storage/engine/init.cpp.o
[ 86%] Building CXX object CMakeFiles/keylane_module.dir/src/storage/engine/list_api.cpp.o
[ 88%] Building CXX object CMakeFiles/keylane_module.dir/src/storage/engine/list_tree.cpp.o
[ 88%] Building CXX object CMakeFiles/keylane_module.dir/src/storage/engine/metrics.cpp.o
[ 88%] Building CXX object CMakeFiles/keylane_module.dir/src/storage/engine/read.cpp.o
[ 88%] Building CXX object CMakeFiles/keylane_module.dir/src/storage/engine/recovery.cpp.o
[ 88%] Building CXX object CMakeFiles/keylane_module.dir/src/storage/engine/replication.cpp.o
[ 88%] Building CXX object CMakeFiles/keylane_module.dir/src/storage/engine/replication_log.cpp.o
/mnt/dev/keylane/src/storage/engine/replication.cpp: In member function ‘celer::Task<absl::lts_20250512::StatusOr<long unsigned int> > keylane::storage::StorageEngine::Impl::PinFullSyncValue(WorkerStore&, uint64_t, WorkerStore::PartitionStore&, keylane::storage::RecordLocation, keylane::storage::ExtentManifest, std::size_t)’:
/mnt/dev/keylane/src/storage/engine/replication.cpp:149:11: warning: missing initializer for member ‘keylane::storage::StorageEngine::Impl::WorkerStore::FullSyncCapture::PinnedValue::collection_’ [-Wmissing-field-initializers]
  149 |           });
      |           ^
[ 90%] Building CXX object CMakeFiles/keylane_module.dir/src/storage/engine/system_state.cpp.o
[ 90%] Building CXX object CMakeFiles/keylane_module.dir/src/storage/engine/tomb_raider.cpp.o
[ 90%] Building CXX object CMakeFiles/keylane_module.dir/src/storage/engine/tx_cleaner.cpp.o
[ 90%] Building CXX object CMakeFiles/keylane_module.dir/src/storage/engine/write.cpp.o
[ 90%] Building CXX object CMakeFiles/keylane_module.dir/src/storage/format.cpp.o
[ 90%] Building CXX object CMakeFiles/keylane_module.dir/src/memory.cpp.o
[ 92%] Building CXX object CMakeFiles/keylane_module.dir/src/metrics.cpp.o
[ 92%] Building CXX object CMakeFiles/keylane_module.dir/src/replication/command.cpp.o
[ 92%] Building CXX object CMakeFiles/keylane_module.dir/src/replication/replica_applied_frontier.cpp.o
[ 92%] Building CXX object CMakeFiles/keylane_module.dir/src/replication/replication_group.cpp.o
[ 92%] Building CXX object CMakeFiles/keylane_module.dir/src/replication/replication.cpp.o
[ 92%] Building CXX object CMakeFiles/keylane_module.dir/src/redis/resp.cpp.o
[ 94%] Building CXX object CMakeFiles/keylane_module.dir/src/redis/rdb.cpp.o
/mnt/dev/keylane/src/replication/replication.cpp: In member function ‘bool keylane::{anonymous}::RedisRdbStreamQueue::TryPush(std::string*, unsigned int)’:
/mnt/dev/keylane/src/replication/replication.cpp:1130:48: warning: unused parameter ‘owner’ [-Wunused-parameter]
 1130 |   bool TryPush(std::string* fragment, unsigned owner) {
      |                                       ~~~~~~~~~^~~~~
[ 94%] Building CXX object CMakeFiles/keylane_module.dir/src/redis/rdb_collection.cpp.o
[ 94%] Building CXX object CMakeFiles/keylane_module.dir/src/redis/rdb_import.cpp.o
[ 94%] Building CXX object CMakeFiles/keylane_module.dir/src/redis/backup.cpp.o
/mnt/dev/keylane/src/redis/backup.cpp: In member function ‘void keylane::{anonymous}::RdbOutputQueue::EndEntry(unsigned int)’:
/mnt/dev/keylane/src/redis/backup.cpp:66:26: warning: unused parameter ‘owner’ [-Wunused-parameter]
   66 |   void EndEntry(unsigned owner) {
      |                 ~~~~~~~~~^~~~~
[ 94%] Building CXX object CMakeFiles/keylane_module.dir/src/redis/blocking_wait.cpp.o
[ 94%] Building CXX object CMakeFiles/keylane_module.dir/src/redis/cluster_command.cpp.o
[ 96%] Building CXX object CMakeFiles/keylane_module.dir/src/redis/command.cpp.o
[ 96%] Building CXX object CMakeFiles/keylane_module.dir/src/redis/function_catalog.cpp.o
[ 96%] Building CXX object CMakeFiles/keylane_module.dir/src/redis/hash_command.cpp.o
[ 96%] Building CXX object CMakeFiles/keylane_module.dir/src/redis/list_command.cpp.o
[ 96%] Building CXX object CMakeFiles/keylane_module.dir/src/redis/lua_eval.cpp.o
[ 96%] Building CXX object CMakeFiles/keylane_module.dir/src/redis/monitor.cpp.o
[ 98%] Building CXX object CMakeFiles/keylane_module.dir/src/redis/pubsub.cpp.o
[ 98%] Building CXX object CMakeFiles/keylane_module.dir/src/redis/set_command.cpp.o
[ 98%] Building CXX object CMakeFiles/keylane_module.dir/src/redis/slowlog.cpp.o
[ 98%] Building CXX object CMakeFiles/keylane_module.dir/src/redis/sort_command.cpp.o
[ 98%] Building CXX object CMakeFiles/keylane_module.dir/src/redis/string_command.cpp.o
[ 98%] Building CXX object CMakeFiles/keylane_module.dir/src/redis/stream_command.cpp.o
[100%] Building CXX object CMakeFiles/keylane_module.dir/src/redis/zset_command.cpp.o
[100%] Building CXX object CMakeFiles/keylane_module.dir/src/redis/command_table.cpp.o
[100%] Building CXX object CMakeFiles/keylane_module.dir/src/redis/server.cpp.o
[100%] Building CXX object CMakeFiles/keylane_module.dir/src/tx/tx_shard.cpp.o
[100%] Building CXX object CMakeFiles/keylane_module.dir/src/tx/transaction.cpp.o
[100%] Linking CXX static library libkeylane_module.a
[100%] Built target keylane_module
[100%] Building CXX object CMakeFiles/keylane.dir/app/keylane.cpp.o
[100%] Building CXX object CMakeFiles/keylane.dir/app/mimalloc_new_delete.cpp.o
[100%] Linking CXX executable keylane
[100%] Built target keylane
[  0%] Built target keylane_lease_clock
[  8%] Built target keylane_lua
[  9%] Built target gtest
[ 11%] Built target absl_time_zone
[ 13%] Built target absl_log_severity
[ 13%] Built target absl_utf8_for_code_point
[ 14%] Built target absl_spinlock_wait
[ 14%] Built target absl_strerror
[ 14%] Built target absl_leak_check
[ 16%] Built target celer_liburing_build
[ 16%] Built target absl_exponential_biased
[ 16%] Built target absl_civil_time
[ 16%] Built target absl_raw_logging_internal
[ 16%] Built target gtest_main
[ 21%] Built target mimalloc-static
[ 22%] Built target absl_throw_delegate
[ 24%] Built target absl_debugging_internal
[ 24%] Built target absl_cordz_functions
[ 26%] Built target absl_base
[ 27%] Built target absl_stacktrace
[ 27%] Built target absl_tracing_internal
[ 27%] Built target absl_crc_cpu_detect
[ 29%] Built target absl_malloc_internal
[ 29%] Built target absl_int128
[ 32%] Built target absl_string_view
[ 32%] Built target absl_strings_internal
[ 32%] Built target absl_decode_rust_punycode
[ 32%] Built target absl_low_level_hash
[ 32%] Built target absl_graphcycles_internal
[ 32%] Built target absl_city
[ 32%] Built target absl_demangle_rust
[ 32%] Built target absl_crc_internal
[ 36%] Built target absl_strings
[ 37%] Built target absl_demangle_internal
[ 39%] Built target absl_hash
[ 40%] Built target absl_str_format_internal
[ 42%] Built target absl_time
[ 42%] Built target absl_symbolize
[ 44%] Built target absl_kernel_timeout_internal
[ 45%] Built target absl_crc32c
[ 47%] Built target absl_crc_cord_state
[ 50%] Built target absl_synchronization
[ 54%] Built target absl_cordz_handle
[ 54%] Built target absl_cord_internal
[ 54%] Built target absl_hashtablez_sampler
[ 54%] Built target absl_cordz_info
[ 55%] Built target absl_cord
[ 57%] Built target absl_raw_hash_set
[ 59%] Built target absl_status
[ 59%] Built target absl_statusor
[ 59%] Built target keylane_control_protocol
[ 62%] Built target celer
[ 62%] Built target celer_rpc
[ 63%] Built target keylane_control_transport
[ 86%] Built target keylane_module
[ 88%] Building CXX object CMakeFiles/keylane_unit_tests.dir/tests/cluster_command_test.cpp.o
[ 88%] Building CXX object CMakeFiles/keylane_unit_tests.dir/tests/cluster_authority_test.cpp.o
[ 88%] Building CXX object CMakeFiles/keylane_unit_tests.dir/tests/cluster_topology_test.cpp.o
[ 88%] Building CXX object CMakeFiles/keylane_unit_tests.dir/tests/config_test.cpp.o
[ 88%] Building CXX object CMakeFiles/keylane_unit_tests.dir/tests/grouped_hash_test.cpp.o
[ 88%] Building CXX object CMakeFiles/keylane_unit_tests.dir/tests/grouped_commit_decision_test.cpp.o
[ 90%] Building CXX object CMakeFiles/keylane_unit_tests.dir/tests/grouped_collection_test.cpp.o
[ 90%] Building CXX object CMakeFiles/keylane_unit_tests.dir/tests/grouped_sorted_rewrite_test.cpp.o
[ 90%] Building CXX object CMakeFiles/keylane_unit_tests.dir/tests/ordered_compact_codec_test.cpp.o
[ 90%] Building CXX object CMakeFiles/keylane_unit_tests.dir/tests/collection_compact_stream_test.cpp.o
[ 90%] Building CXX object CMakeFiles/keylane_unit_tests.dir/tests/grouped_ordered_object_test.cpp.o
[ 90%] Building CXX object CMakeFiles/keylane_unit_tests.dir/tests/record_payload_cursor_test.cpp.o
[ 91%] Building CXX object CMakeFiles/keylane_unit_tests.dir/tests/grouped_object_index_test.cpp.o
[ 91%] Building CXX object CMakeFiles/keylane_unit_tests.dir/tests/meta_control_test.cpp.o
[ 93%] Building CXX object CMakeFiles/keylane_unit_tests.dir/tests/meta_client_test.cpp.o
[ 93%] Building CXX object CMakeFiles/keylane_unit_tests.dir/tests/node_control_test.cpp.o
[ 93%] Building CXX object CMakeFiles/keylane_unit_tests.dir/tests/scan_hash_map_test.cpp.o
[ 93%] Building CXX object CMakeFiles/keylane_unit_tests.dir/tests/command_table_test.cpp.o
[ 93%] Building CXX object CMakeFiles/keylane_unit_tests.dir/tests/rdb_test.cpp.o
[ 93%] Building CXX object CMakeFiles/keylane_unit_tests.dir/tests/rdb_collection_test.cpp.o
[ 93%] Building CXX object CMakeFiles/keylane_unit_tests.dir/tests/record_location_test.cpp.o
[ 93%] Building CXX object CMakeFiles/keylane_unit_tests.dir/tests/replication_command_test.cpp.o
[ 93%] Building CXX object CMakeFiles/keylane_unit_tests.dir/tests/tx_lock_test.cpp.o
[ 93%] Building CXX object CMakeFiles/keylane_unit_tests.dir/tests/storage_format_test.cpp.o
[ 93%] Building CXX object CMakeFiles/keylane_unit_tests.dir/tests/storage_capacity_test.cpp.o
[ 93%] Linking CXX executable keylane_unit_tests
[100%] Built target keylane_unit_tests
[  0%] Built target keylane_lease_clock
[  1%] Built target gtest
[ 11%] Built target keylane_lua
[ 12%] Built target absl_time_zone
[ 14%] Built target absl_spinlock_wait
[ 16%] Built target absl_log_severity
[ 16%] Built target absl_strerror
[ 16%] Built target absl_utf8_for_code_point
[ 16%] Built target absl_leak_check
[ 16%] Built target absl_exponential_biased
[ 18%] Built target celer_liburing_build
[ 18%] Built target absl_civil_time
[ 18%] Built target absl_raw_logging_internal
[ 24%] Built target mimalloc-static
[ 25%] Built target absl_throw_delegate
[ 27%] Built target absl_debugging_internal
[ 29%] Built target absl_base
[ 29%] Built target absl_cordz_functions
[ 31%] Built target absl_tracing_internal
[ 31%] Built target absl_stacktrace
[ 33%] Built target absl_malloc_internal
[ 33%] Built target absl_crc_cpu_detect
[ 33%] Built target absl_int128
[ 35%] Built target absl_strings_internal
[ 37%] Built target absl_string_view
[ 37%] Built target absl_decode_rust_punycode
[ 37%] Built target absl_city
[ 37%] Built target absl_graphcycles_internal
[ 37%] Built target absl_low_level_hash
[ 37%] Built target absl_crc_internal
[ 37%] Built target absl_demangle_rust
[ 40%] Built target absl_strings
[ 42%] Built target absl_demangle_internal
[ 44%] Built target absl_hash
[ 48%] Built target absl_str_format_internal
[ 48%] Built target absl_time
[ 48%] Built target absl_symbolize
[ 50%] Built target absl_kernel_timeout_internal
[ 51%] Built target absl_crc32c
[ 53%] Built target absl_crc_cord_state
[ 57%] Built target absl_synchronization
[ 61%] Built target absl_cordz_handle
[ 61%] Built target absl_cord_internal
[ 61%] Built target absl_hashtablez_sampler
[ 61%] Built target absl_cordz_info
[ 62%] Built target absl_cord
[ 64%] Built target absl_raw_hash_set
[ 66%] Built target absl_status
[ 66%] Built target absl_statusor
[ 66%] Built target keylane_control_protocol
[ 70%] Built target celer
[ 72%] Built target keylane_control_transport
[ 72%] Built target celer_rpc
[ 98%] Built target keylane_module
[ 98%] Building CXX object CMakeFiles/keylane_grouped_hash_write_e2e_test.dir/tests/grouped_hash_write_e2e_test.cpp.o
[100%] Linking CXX executable keylane_grouped_hash_write_e2e_test
[100%] Built target keylane_grouped_hash_write_e2e_test
[  0%] Built target keylane_lease_clock
[  1%] Built target gtest
[ 11%] Built target keylane_lua
[ 12%] Built target absl_time_zone
[ 16%] Built target absl_log_severity
[ 16%] Built target absl_spinlock_wait
[ 16%] Built target absl_strerror
[ 16%] Built target absl_utf8_for_code_point
[ 16%] Built target absl_leak_check
[ 18%] Built target celer_liburing_build
[ 18%] Built target absl_exponential_biased
[ 18%] Built target absl_civil_time
[ 18%] Built target absl_raw_logging_internal
[ 24%] Built target mimalloc-static
[ 25%] Built target absl_throw_delegate
[ 27%] Built target absl_debugging_internal
[ 29%] Built target absl_base
[ 29%] Built target absl_cordz_functions
[ 31%] Built target absl_stacktrace
[ 31%] Built target absl_tracing_internal
[ 33%] Built target absl_malloc_internal
[ 33%] Built target absl_crc_cpu_detect
[ 35%] Built target absl_strings_internal
[ 35%] Built target absl_int128
[ 37%] Built target absl_string_view
[ 37%] Built target absl_decode_rust_punycode
[ 37%] Built target absl_graphcycles_internal
[ 37%] Built target absl_low_level_hash
[ 37%] Built target absl_city
[ 37%] Built target absl_crc_internal
[ 37%] Built target absl_demangle_rust
[ 40%] Built target absl_strings
[ 42%] Built target absl_demangle_internal
[ 44%] Built target absl_hash
[ 48%] Built target absl_str_format_internal
[ 48%] Built target absl_time
[ 48%] Built target absl_symbolize
[ 50%] Built target absl_kernel_timeout_internal
[ 51%] Built target absl_crc32c
[ 53%] Built target absl_crc_cord_state
[ 57%] Built target absl_synchronization
[ 61%] Built target absl_cordz_handle
[ 61%] Built target absl_cord_internal
[ 61%] Built target absl_hashtablez_sampler
[ 61%] Built target absl_cordz_info
[ 62%] Built target absl_cord
[ 64%] Built target absl_raw_hash_set
[ 66%] Built target absl_status
[ 66%] Built target absl_statusor
[ 66%] Built target keylane_control_protocol
[ 70%] Built target celer
[ 72%] Built target celer_rpc
[ 72%] Built target keylane_control_transport
[ 98%] Built target keylane_module
[ 98%] Building CXX object CMakeFiles/keylane_list_e2e_test.dir/tests/list_e2e_test.cpp.o
[100%] Linking CXX executable keylane_list_e2e_test
[100%] Built target keylane_list_e2e_test
