java -cp /mnt/dev/YCSB-aerospike-dist/aerospike-binding/conf:/mnt/dev/YCSB-aerospike-dist/conf:/mnt/dev/YCSB-aerospike-dist/lib/aerospike-client-3.1.2.jar:/mnt/dev/YCSB-aerospike-dist/lib/htrace-core4-4.1.0-incubating.jar:/mnt/dev/YCSB-aerospike-dist/lib/jbcrypt-0.3m.jar:/mnt/dev/YCSB-aerospike-dist/lib/jackson-mapper-asl-1.9.4.jar:/mnt/dev/YCSB-aerospike-dist/lib/aerospike-binding-0.18.0-SNAPSHOT.jar:/mnt/dev/YCSB-aerospike-dist/lib/HdrHistogram-2.1.12.jar:/mnt/dev/YCSB-aerospike-dist/lib/jackson-core-asl-1.9.4.jar:/mnt/dev/YCSB-aerospike-dist/lib/core-0.18.0-SNAPSHOT.jar:/mnt/dev/YCSB-aerospike-dist/lib/luaj-jse-3.0.jar:/mnt/dev/YCSB-aerospike-dist/lib/gnu-crypto-2.0.1.jar site.ycsb.Client -db site.ycsb.db.AerospikeClient -s -threads 256 -P /mnt/dev/YCSB-aerospike-dist/workloads/workloada -target 100000 -p recordcount=100000000 -p operationcount=1000000 -p fieldcount=10 -p fieldlength=128 -p fieldlengthdistribution=constant -p readallfields=true -p writeallfields=true -p insertorder=hashed -p requestdistribution=uniform -p readproportion=1 -p updateproportion=0 -p insertproportion=0 -p scanproportion=0 -p readmodifywriteproportion=0 -p measurementtype=hdrhistogram -p measurement.interval=both -p hdrhistogram.percentiles=50,95,99,99.9,99.99 -p status.interval=10 -p as.host=172.16.0.4 -p as.port=3000 -p as.namespace=ycsb -p as.timeout=10000 -t
Command line: -db site.ycsb.db.AerospikeClient -s -threads 256 -P /mnt/dev/YCSB-aerospike-dist/workloads/workloada -target 100000 -p recordcount=100000000 -p operationcount=1000000 -p fieldcount=10 -p fieldlength=128 -p fieldlengthdistribution=constant -p readallfields=true -p writeallfields=true -p insertorder=hashed -p requestdistribution=uniform -p readproportion=1 -p updateproportion=0 -p insertproportion=0 -p scanproportion=0 -p readmodifywriteproportion=0 -p measurementtype=hdrhistogram -p measurement.interval=both -p hdrhistogram.percentiles=50,95,99,99.9,99.99 -p status.interval=10 -p as.host=172.16.0.4 -p as.port=3000 -p as.namespace=ycsb -p as.timeout=10000 -t
YCSB Client 0.18.0-SNAPSHOT

Loading workload...
Starting test.
2026-09-13 16:41:25:795 0 sec: 0 operations; est completion in 0 second 
DBWrapper: report latency for each error is false and specific error codes to track for latency are: []
2026-09-13 16:41:35:748 10 sec: 956572 operations; 95647.64 current ops/sec; est completion in 1 second [READ: Count=956652, Max=103487, Min=160, Avg=303.69, 50=284, 90=369, 99=488, 99.9=1202, 99.99=5271] [Intended-READ: Count=957032, Max=168063, Min=191, Avg=533.63, 50=343, 90=431, 99=715, 99.9=65311, 99.99=121855] 
2026-09-13 16:41:36:239 10 sec: 1000000 operations; 88628.57 current ops/sec; [READ: Count=43348, Max=3617, Min=165, Avg=297.8, 50=283, 90=362, 99=470, 99.9=943, 99.99=3029] [CLEANUP: Count=256, Max=361, Min=19, Avg=40.13, 50=32, 90=60, 99=124, 99.9=361, 99.99=361] [Intended-READ: Count=42968, Max=3677, Min=216, Avg=367.55, 50=341, 90=423, 99=602, 99.9=3019, 99.99=3497] [Intended-CLEANUP: Count=256, Max=361, Min=19, Avg=40.35, 50=32, 90=60, 99=125, 99.9=361, 99.99=361] 
[OVERALL], RunTime(ms), 10490
[OVERALL], Throughput(ops/sec), 95328.88465204957
[TOTAL_GCS_G1_Young_Generation], Count, 17
[TOTAL_GC_TIME_G1_Young_Generation], Time(ms), 37
[TOTAL_GC_TIME_%_G1_Young_Generation], Time(%), 0.35271687321258344
[TOTAL_GCS_G1_Old_Generation], Count, 0
[TOTAL_GC_TIME_G1_Old_Generation], Time(ms), 0
[TOTAL_GC_TIME_%_G1_Old_Generation], Time(%), 0.0
[TOTAL_GCs], Count, 17
[TOTAL_GC_TIME], Time(ms), 37
[TOTAL_GC_TIME_%], Time(%), 0.35271687321258344
[READ], Operations, 1000000
[READ], AverageLatency(us), 303.43066
[READ], MinLatency(us), 160
[READ], MaxLatency(us), 103487
[READ], 50thPercentileLatency(us), 284
[READ], 95thPercentileLatency(us), 402
[READ], 99thPercentileLatency(us), 488
[READ], 99.9PercentileLatency(us), 1191
[READ], 99.99PercentileLatency(us), 5055
[READ], Return=OK, 1000000
[CLEANUP], Operations, 256
[CLEANUP], AverageLatency(us), 40.12890625
[CLEANUP], MinLatency(us), 19
[CLEANUP], MaxLatency(us), 361
[CLEANUP], 50thPercentileLatency(us), 32
[CLEANUP], 95thPercentileLatency(us), 78
[CLEANUP], 99thPercentileLatency(us), 124
[CLEANUP], 99.9PercentileLatency(us), 361
[CLEANUP], 99.99PercentileLatency(us), 361
[Intended-READ], Operations, 1000000
[Intended-READ], AverageLatency(us), 526.492811
[Intended-READ], MinLatency(us), 191
[Intended-READ], MaxLatency(us), 168063
[Intended-READ], 50thPercentileLatency(us), 343
[Intended-READ], 95thPercentileLatency(us), 468
[Intended-READ], 99thPercentileLatency(us), 706
[Intended-READ], 99.9PercentileLatency(us), 63487
[Intended-READ], 99.99PercentileLatency(us), 121407
[Intended-CLEANUP], Operations, 256
[Intended-CLEANUP], AverageLatency(us), 40.3515625
[Intended-CLEANUP], MinLatency(us), 19
[Intended-CLEANUP], MaxLatency(us), 361
[Intended-CLEANUP], 50thPercentileLatency(us), 32
[Intended-CLEANUP], 95thPercentileLatency(us), 79
[Intended-CLEANUP], 99thPercentileLatency(us), 125
[Intended-CLEANUP], 99.9PercentileLatency(us), 361
[Intended-CLEANUP], 99.99PercentileLatency(us), 361
