java -cp /mnt/dev/YCSB-hreplace-dist/redis-binding/conf:/mnt/dev/YCSB-hreplace-dist/conf:/mnt/dev/YCSB-hreplace-dist/lib/htrace-core4-4.1.0-incubating.jar:/mnt/dev/YCSB-hreplace-dist/lib/slf4j-api-1.7.25.jar:/mnt/dev/YCSB-hreplace-dist/lib/jackson-mapper-asl-1.9.4.jar:/mnt/dev/YCSB-hreplace-dist/lib/HdrHistogram-2.1.12.jar:/mnt/dev/YCSB-hreplace-dist/lib/jackson-core-asl-1.9.4.jar:/mnt/dev/YCSB-hreplace-dist/lib/jedis-3.9.0.jar:/mnt/dev/YCSB-hreplace-dist/lib/core-0.18.0-SNAPSHOT.jar:/mnt/dev/YCSB-hreplace-dist/lib/commons-pool2-2.11.1.jar:/mnt/dev/YCSB-hreplace-dist/lib/redis-binding-0.18.0-SNAPSHOT.jar site.ycsb.Client -db site.ycsb.db.RedisClient -s -threads 256 -P /mnt/dev/YCSB-hreplace-dist/workloads/workloada -p recordcount=100000000 -p operationcount=1000000 -p fieldcount=10 -p fieldlength=128 -p fieldlengthdistribution=constant -p readallfields=true -p writeallfields=true -p insertorder=hashed -p requestdistribution=uniform -p readproportion=0.5 -p updateproportion=0.5 -p insertproportion=0 -p scanproportion=0 -p readmodifywriteproportion=0 -p measurementtype=hdrhistogram -p measurement.interval=both -p hdrhistogram.percentiles=50,95,99,99.9,99.99 -p status.interval=10 -p redis.host=172.16.0.4 -p redis.port=16379 -p redis.scanindex=none -p redis.timeout=10000 -p redis.cluster=false -p redis.updatecommand=hmset -t
Command line: -db site.ycsb.db.RedisClient -s -threads 256 -P /mnt/dev/YCSB-hreplace-dist/workloads/workloada -p recordcount=100000000 -p operationcount=1000000 -p fieldcount=10 -p fieldlength=128 -p fieldlengthdistribution=constant -p readallfields=true -p writeallfields=true -p insertorder=hashed -p requestdistribution=uniform -p readproportion=0.5 -p updateproportion=0.5 -p insertproportion=0 -p scanproportion=0 -p readmodifywriteproportion=0 -p measurementtype=hdrhistogram -p measurement.interval=both -p hdrhistogram.percentiles=50,95,99,99.9,99.99 -p status.interval=10 -p redis.host=172.16.0.4 -p redis.port=16379 -p redis.scanindex=none -p redis.timeout=10000 -p redis.cluster=false -p redis.updatecommand=hmset -t
YCSB Client 0.18.0-SNAPSHOT

Loading workload...
Starting test.
SLF4J: Failed to load class "org.slf4j.impl.StaticLoggerBinder".
SLF4J: Defaulting to no-operation (NOP) logger implementation
SLF4J: See http://www.slf4j.org/codes.html#StaticLoggerBinder for further details.
2026-09-13 15:29:57:276 0 sec: 0 operations; est completion in 0 second 
DBWrapper: report latency for each error is false and specific error codes to track for latency are: []
2026-09-13 15:30:00:217 2 sec: 1000000 operations; 334448.16 current ops/sec; [READ: Count=501241, Max=80255, Min=198, Avg=626.43, 50=506, 90=769, 99=3517, 99.9=8495, 99.99=33951] [CLEANUP: Count=256, Max=721, Min=12, Avg=31.95, 50=23, 90=48, 99=140, 99.9=721, 99.99=721] [UPDATE: Count=498759, Max=88319, Min=208, Avg=719.32, 50=531, 90=1009, 99=3989, 99.9=10055, 99.99=44415] [Intended-READ: Count=501241, Max=80255, Min=198, Avg=626.47, 50=506, 90=769, 99=3517, 99.9=8495, 99.99=33951] [Intended-CLEANUP: Count=256, Max=722, Min=12, Avg=32.35, 50=23, 90=49, 99=140, 99.9=722, 99.99=722] [Intended-UPDATE: Count=498759, Max=88319, Min=208, Avg=719.35, 50=531, 90=1009, 99=3989, 99.9=10055, 99.99=44415] 
[OVERALL], RunTime(ms), 2990
[OVERALL], Throughput(ops/sec), 334448.16053511703
[TOTAL_GCS_G1_Young_Generation], Count, 22
[TOTAL_GC_TIME_G1_Young_Generation], Time(ms), 37
[TOTAL_GC_TIME_%_G1_Young_Generation], Time(%), 1.2374581939799332
[TOTAL_GCS_G1_Old_Generation], Count, 0
[TOTAL_GC_TIME_G1_Old_Generation], Time(ms), 0
[TOTAL_GC_TIME_%_G1_Old_Generation], Time(%), 0.0
[TOTAL_GCs], Count, 22
[TOTAL_GC_TIME], Time(ms), 37
[TOTAL_GC_TIME_%], Time(%), 1.2374581939799332
[READ], Operations, 501241
[READ], AverageLatency(us), 626.4269822301048
[READ], MinLatency(us), 198
[READ], MaxLatency(us), 80255
[READ], 50thPercentileLatency(us), 506
[READ], 95thPercentileLatency(us), 1081
[READ], 99thPercentileLatency(us), 3517
[READ], 99.9PercentileLatency(us), 8495
[READ], 99.99PercentileLatency(us), 33951
[READ], Return=OK, 501241
[CLEANUP], Operations, 256
[CLEANUP], AverageLatency(us), 31.953125
[CLEANUP], MinLatency(us), 12
[CLEANUP], MaxLatency(us), 721
[CLEANUP], 50thPercentileLatency(us), 23
[CLEANUP], 95thPercentileLatency(us), 64
[CLEANUP], 99thPercentileLatency(us), 140
[CLEANUP], 99.9PercentileLatency(us), 721
[CLEANUP], 99.99PercentileLatency(us), 721
[UPDATE], Operations, 498759
[UPDATE], AverageLatency(us), 719.3192944889215
[UPDATE], MinLatency(us), 208
[UPDATE], MaxLatency(us), 88319
[UPDATE], 50thPercentileLatency(us), 531
[UPDATE], 95thPercentileLatency(us), 1808
[UPDATE], 99thPercentileLatency(us), 3989
[UPDATE], 99.9PercentileLatency(us), 10055
[UPDATE], 99.99PercentileLatency(us), 44415
[UPDATE], Return=OK, 498759
[Intended-READ], Operations, 501241
[Intended-READ], AverageLatency(us), 626.4710348913995
[Intended-READ], MinLatency(us), 198
[Intended-READ], MaxLatency(us), 80255
[Intended-READ], 50thPercentileLatency(us), 506
[Intended-READ], 95thPercentileLatency(us), 1081
[Intended-READ], 99thPercentileLatency(us), 3517
[Intended-READ], 99.9PercentileLatency(us), 8495
[Intended-READ], 99.99PercentileLatency(us), 33951
[Intended-CLEANUP], Operations, 256
[Intended-CLEANUP], AverageLatency(us), 32.3515625
[Intended-CLEANUP], MinLatency(us), 12
[Intended-CLEANUP], MaxLatency(us), 722
[Intended-CLEANUP], 50thPercentileLatency(us), 23
[Intended-CLEANUP], 95thPercentileLatency(us), 65
[Intended-CLEANUP], 99thPercentileLatency(us), 140
[Intended-CLEANUP], 99.9PercentileLatency(us), 722
[Intended-CLEANUP], 99.99PercentileLatency(us), 722
[Intended-UPDATE], Operations, 498759
[Intended-UPDATE], AverageLatency(us), 719.3539404802721
[Intended-UPDATE], MinLatency(us), 208
[Intended-UPDATE], MaxLatency(us), 88319
[Intended-UPDATE], 50thPercentileLatency(us), 531
[Intended-UPDATE], 95thPercentileLatency(us), 1808
[Intended-UPDATE], 99thPercentileLatency(us), 3989
[Intended-UPDATE], 99.9PercentileLatency(us), 10055
[Intended-UPDATE], 99.99PercentileLatency(us), 44415
