java -cp /mnt/dev/YCSB-aerospike-dist/aerospike-binding/conf:/mnt/dev/YCSB-aerospike-dist/conf:/mnt/dev/YCSB-aerospike-dist/lib/aerospike-client-3.1.2.jar:/mnt/dev/YCSB-aerospike-dist/lib/htrace-core4-4.1.0-incubating.jar:/mnt/dev/YCSB-aerospike-dist/lib/jbcrypt-0.3m.jar:/mnt/dev/YCSB-aerospike-dist/lib/jackson-mapper-asl-1.9.4.jar:/mnt/dev/YCSB-aerospike-dist/lib/aerospike-binding-0.18.0-SNAPSHOT.jar:/mnt/dev/YCSB-aerospike-dist/lib/HdrHistogram-2.1.12.jar:/mnt/dev/YCSB-aerospike-dist/lib/jackson-core-asl-1.9.4.jar:/mnt/dev/YCSB-aerospike-dist/lib/core-0.18.0-SNAPSHOT.jar:/mnt/dev/YCSB-aerospike-dist/lib/luaj-jse-3.0.jar:/mnt/dev/YCSB-aerospike-dist/lib/gnu-crypto-2.0.1.jar site.ycsb.Client -db site.ycsb.db.AerospikeClient -s -threads 256 -P /mnt/dev/YCSB-aerospike-dist/workloads/workloada -p recordcount=100000000 -p operationcount=1000000 -p fieldcount=10 -p fieldlength=128 -p fieldlengthdistribution=constant -p readallfields=true -p writeallfields=true -p insertorder=hashed -p requestdistribution=uniform -p readproportion=1 -p updateproportion=0 -p insertproportion=0 -p scanproportion=0 -p readmodifywriteproportion=0 -p measurementtype=hdrhistogram -p measurement.interval=both -p hdrhistogram.percentiles=50,95,99,99.9,99.99 -p status.interval=10 -p as.host=172.16.0.4 -p as.port=3000 -p as.namespace=ycsb -p as.timeout=10000 -t
Command line: -db site.ycsb.db.AerospikeClient -s -threads 256 -P /mnt/dev/YCSB-aerospike-dist/workloads/workloada -p recordcount=100000000 -p operationcount=1000000 -p fieldcount=10 -p fieldlength=128 -p fieldlengthdistribution=constant -p readallfields=true -p writeallfields=true -p insertorder=hashed -p requestdistribution=uniform -p readproportion=1 -p updateproportion=0 -p insertproportion=0 -p scanproportion=0 -p readmodifywriteproportion=0 -p measurementtype=hdrhistogram -p measurement.interval=both -p hdrhistogram.percentiles=50,95,99,99.9,99.99 -p status.interval=10 -p as.host=172.16.0.4 -p as.port=3000 -p as.namespace=ycsb -p as.timeout=10000 -t
YCSB Client 0.18.0-SNAPSHOT

Loading workload...
Starting test.
2026-09-13 16:45:12:852 0 sec: 0 operations; est completion in 0 second 
DBWrapper: report latency for each error is false and specific error codes to track for latency are: []
2026-09-13 16:45:15:968 3 sec: 1000000 operations; 313381.39 current ops/sec; [READ: Count=1000000, Max=98367, Min=166, Avg=667.68, 50=451, 90=896, 99=4807, 99.9=13863, 99.99=37791] [CLEANUP: Count=256, Max=435, Min=24, Avg=55.61, 50=41, 90=96, 99=238, 99.9=435, 99.99=435] [Intended-READ: Count=1000000, Max=98367, Min=166, Avg=667.74, 50=451, 90=896, 99=4807, 99.9=13863, 99.99=37791] [Intended-CLEANUP: Count=256, Max=436, Min=24, Avg=55.93, 50=41, 90=96, 99=238, 99.9=436, 99.99=436] 
[OVERALL], RunTime(ms), 3190
[OVERALL], Throughput(ops/sec), 313479.6238244514
[TOTAL_GCS_G1_Young_Generation], Count, 15
[TOTAL_GC_TIME_G1_Young_Generation], Time(ms), 44
[TOTAL_GC_TIME_%_G1_Young_Generation], Time(%), 1.3793103448275863
[TOTAL_GCS_G1_Old_Generation], Count, 0
[TOTAL_GC_TIME_G1_Old_Generation], Time(ms), 0
[TOTAL_GC_TIME_%_G1_Old_Generation], Time(%), 0.0
[TOTAL_GCs], Count, 15
[TOTAL_GC_TIME], Time(ms), 44
[TOTAL_GC_TIME_%], Time(%), 1.3793103448275863
[READ], Operations, 1000000
[READ], AverageLatency(us), 667.675795
[READ], MinLatency(us), 166
[READ], MaxLatency(us), 98367
[READ], 50thPercentileLatency(us), 451
[READ], 95thPercentileLatency(us), 1548
[READ], 99thPercentileLatency(us), 4807
[READ], 99.9PercentileLatency(us), 13863
[READ], 99.99PercentileLatency(us), 37791
[READ], Return=OK, 1000000
[CLEANUP], Operations, 256
[CLEANUP], AverageLatency(us), 55.609375
[CLEANUP], MinLatency(us), 24
[CLEANUP], MaxLatency(us), 435
[CLEANUP], 50thPercentileLatency(us), 41
[CLEANUP], 95thPercentileLatency(us), 140
[CLEANUP], 99thPercentileLatency(us), 238
[CLEANUP], 99.9PercentileLatency(us), 435
[CLEANUP], 99.99PercentileLatency(us), 435
[Intended-READ], Operations, 1000000
[Intended-READ], AverageLatency(us), 667.743383
[Intended-READ], MinLatency(us), 166
[Intended-READ], MaxLatency(us), 98367
[Intended-READ], 50thPercentileLatency(us), 451
[Intended-READ], 95thPercentileLatency(us), 1548
[Intended-READ], 99thPercentileLatency(us), 4807
[Intended-READ], 99.9PercentileLatency(us), 13863
[Intended-READ], 99.99PercentileLatency(us), 37791
[Intended-CLEANUP], Operations, 256
[Intended-CLEANUP], AverageLatency(us), 55.93359375
[Intended-CLEANUP], MinLatency(us), 24
[Intended-CLEANUP], MaxLatency(us), 436
[Intended-CLEANUP], 50thPercentileLatency(us), 41
[Intended-CLEANUP], 95thPercentileLatency(us), 141
[Intended-CLEANUP], 99thPercentileLatency(us), 238
[Intended-CLEANUP], 99.9PercentileLatency(us), 436
[Intended-CLEANUP], 99.99PercentileLatency(us), 436
