java -cp /mnt/dev/YCSB-hreplace-dist/redis-binding/conf:/mnt/dev/YCSB-hreplace-dist/conf:/mnt/dev/YCSB-hreplace-dist/lib/htrace-core4-4.1.0-incubating.jar:/mnt/dev/YCSB-hreplace-dist/lib/slf4j-api-1.7.25.jar:/mnt/dev/YCSB-hreplace-dist/lib/jackson-mapper-asl-1.9.4.jar:/mnt/dev/YCSB-hreplace-dist/lib/HdrHistogram-2.1.12.jar:/mnt/dev/YCSB-hreplace-dist/lib/jackson-core-asl-1.9.4.jar:/mnt/dev/YCSB-hreplace-dist/lib/jedis-3.9.0.jar:/mnt/dev/YCSB-hreplace-dist/lib/core-0.18.0-SNAPSHOT.jar:/mnt/dev/YCSB-hreplace-dist/lib/commons-pool2-2.11.1.jar:/mnt/dev/YCSB-hreplace-dist/lib/redis-binding-0.18.0-SNAPSHOT.jar site.ycsb.Client -db site.ycsb.db.RedisClient -s -threads 256 -P /mnt/dev/YCSB-hreplace-dist/workloads/workloada -p recordcount=100000000 -p operationcount=5000000 -p fieldcount=10 -p fieldlength=128 -p fieldlengthdistribution=constant -p readallfields=true -p writeallfields=true -p insertorder=hashed -p requestdistribution=uniform -p readproportion=1 -p updateproportion=0 -p insertproportion=0 -p scanproportion=0 -p readmodifywriteproportion=0 -p measurementtype=hdrhistogram -p measurement.interval=both -p hdrhistogram.percentiles=50,95,99,99.9,99.99 -p status.interval=10 -p redis.host=172.16.0.4 -p redis.port=16379 -p redis.scanindex=none -p redis.timeout=10000 -p redis.cluster=false -p redis.updatecommand=keylane.hreplace -t
Command line: -db site.ycsb.db.RedisClient -s -threads 256 -P /mnt/dev/YCSB-hreplace-dist/workloads/workloada -p recordcount=100000000 -p operationcount=5000000 -p fieldcount=10 -p fieldlength=128 -p fieldlengthdistribution=constant -p readallfields=true -p writeallfields=true -p insertorder=hashed -p requestdistribution=uniform -p readproportion=1 -p updateproportion=0 -p insertproportion=0 -p scanproportion=0 -p readmodifywriteproportion=0 -p measurementtype=hdrhistogram -p measurement.interval=both -p hdrhistogram.percentiles=50,95,99,99.9,99.99 -p status.interval=10 -p redis.host=172.16.0.4 -p redis.port=16379 -p redis.scanindex=none -p redis.timeout=10000 -p redis.cluster=false -p redis.updatecommand=keylane.hreplace -t
YCSB Client 0.18.0-SNAPSHOT

Loading workload...
Starting test.
SLF4J: Failed to load class "org.slf4j.impl.StaticLoggerBinder".
SLF4J: Defaulting to no-operation (NOP) logger implementation
SLF4J: See http://www.slf4j.org/codes.html#StaticLoggerBinder for further details.
2026-09-13 16:20:51:577 0 sec: 0 operations; est completion in 0 second 
DBWrapper: report latency for each error is false and specific error codes to track for latency are: []
2026-09-13 16:21:01:515 10 sec: 4995483 operations; 499498.35 current ops/sec; est completion in 1 second [READ: Count=4995501, Max=41439, Min=219, Avg=465.88, 50=444, 90=572, 99=820, 99.9=3227, 99.99=6279] [CLEANUP: Count=248, Max=1084, Min=13, Avg=48.68, 50=32, 90=92, 99=147, 99.9=1084, 99.99=1084] [Intended-READ: Count=4995601, Max=41439, Min=219, Avg=465.91, 50=444, 90=572, 99=820, 99.9=3227, 99.99=6279] [Intended-CLEANUP: Count=248, Max=1085, Min=14, Avg=49.39, 50=32, 90=93, 99=154, 99.9=1085, 99.99=1085] 
2026-09-13 16:21:01:952 10 sec: 5000000 operations; 10336.38 current ops/sec; [READ: Count=4499, Max=524, Min=247, Avg=350.44, 50=344, 90=411, 99=470, 99.9=504, 99.99=524] [CLEANUP: Count=8, Max=56, Min=21, Avg=27.75, 50=23, 90=56, 99=56, 99.9=56, 99.99=56] [Intended-READ: Count=4399, Max=524, Min=247, Avg=350.47, 50=344, 90=412, 99=470, 99.9=504, 99.99=524] [Intended-CLEANUP: Count=8, Max=56, Min=21, Avg=28.25, 50=23, 90=56, 99=56, 99.9=56, 99.99=56] 
[OVERALL], RunTime(ms), 10437
[OVERALL], Throughput(ops/sec), 479064.8653827728
[TOTAL_GCS_G1_Young_Generation], Count, 75
[TOTAL_GC_TIME_G1_Young_Generation], Time(ms), 70
[TOTAL_GC_TIME_%_G1_Young_Generation], Time(%), 0.670690811535882
[TOTAL_GCS_G1_Old_Generation], Count, 0
[TOTAL_GC_TIME_G1_Old_Generation], Time(ms), 0
[TOTAL_GC_TIME_%_G1_Old_Generation], Time(%), 0.0
[TOTAL_GCs], Count, 75
[TOTAL_GC_TIME], Time(ms), 70
[TOTAL_GC_TIME_%], Time(%), 0.670690811535882
[READ], Operations, 5000000
[READ], AverageLatency(us), 465.772743
[READ], MinLatency(us), 219
[READ], MaxLatency(us), 41439
[READ], 50thPercentileLatency(us), 444
[READ], 95thPercentileLatency(us), 625
[READ], 99thPercentileLatency(us), 820
[READ], 99.9PercentileLatency(us), 3225
[READ], 99.99PercentileLatency(us), 6259
[READ], Return=OK, 5000000
[CLEANUP], Operations, 256
[CLEANUP], AverageLatency(us), 48.02734375
[CLEANUP], MinLatency(us), 13
[CLEANUP], MaxLatency(us), 1084
[CLEANUP], 50thPercentileLatency(us), 32
[CLEANUP], 95thPercentileLatency(us), 106
[CLEANUP], 99thPercentileLatency(us), 147
[CLEANUP], 99.9PercentileLatency(us), 1084
[CLEANUP], 99.99PercentileLatency(us), 1084
[Intended-READ], Operations, 5000000
[Intended-READ], AverageLatency(us), 465.8110426
[Intended-READ], MinLatency(us), 219
[Intended-READ], MaxLatency(us), 41439
[Intended-READ], 50thPercentileLatency(us), 444
[Intended-READ], 95thPercentileLatency(us), 626
[Intended-READ], 99thPercentileLatency(us), 820
[Intended-READ], 99.9PercentileLatency(us), 3225
[Intended-READ], 99.99PercentileLatency(us), 6259
[Intended-CLEANUP], Operations, 256
[Intended-CLEANUP], AverageLatency(us), 48.73046875
[Intended-CLEANUP], MinLatency(us), 14
[Intended-CLEANUP], MaxLatency(us), 1085
[Intended-CLEANUP], 50thPercentileLatency(us), 32
[Intended-CLEANUP], 95thPercentileLatency(us), 107
[Intended-CLEANUP], 99thPercentileLatency(us), 154
[Intended-CLEANUP], 99.9PercentileLatency(us), 1085
[Intended-CLEANUP], 99.99PercentileLatency(us), 1085
