java -cp /mnt/dev/YCSB-hreplace-dist/redis-binding/conf:/mnt/dev/YCSB-hreplace-dist/conf:/mnt/dev/YCSB-hreplace-dist/lib/htrace-core4-4.1.0-incubating.jar:/mnt/dev/YCSB-hreplace-dist/lib/slf4j-api-1.7.25.jar:/mnt/dev/YCSB-hreplace-dist/lib/jackson-mapper-asl-1.9.4.jar:/mnt/dev/YCSB-hreplace-dist/lib/HdrHistogram-2.1.12.jar:/mnt/dev/YCSB-hreplace-dist/lib/jackson-core-asl-1.9.4.jar:/mnt/dev/YCSB-hreplace-dist/lib/jedis-3.9.0.jar:/mnt/dev/YCSB-hreplace-dist/lib/core-0.18.0-SNAPSHOT.jar:/mnt/dev/YCSB-hreplace-dist/lib/commons-pool2-2.11.1.jar:/mnt/dev/YCSB-hreplace-dist/lib/redis-binding-0.18.0-SNAPSHOT.jar site.ycsb.Client -db site.ycsb.db.RedisClient -s -threads 256 -P /mnt/dev/YCSB-hreplace-dist/workloads/workloada -p recordcount=100000000 -p operationcount=1000000 -p fieldcount=10 -p fieldlength=128 -p fieldlengthdistribution=constant -p readallfields=true -p writeallfields=true -p insertorder=hashed -p requestdistribution=uniform -p readproportion=0.5 -p updateproportion=0.5 -p insertproportion=0 -p scanproportion=0 -p readmodifywriteproportion=0 -p measurementtype=hdrhistogram -p measurement.interval=both -p hdrhistogram.percentiles=50,95,99,99.9,99.99 -p status.interval=10 -p redis.host=172.16.0.4 -p redis.port=16379 -p redis.scanindex=none -p redis.timeout=10000 -p redis.cluster=false -p redis.updatecommand=hmset -t
Command line: -db site.ycsb.db.RedisClient -s -threads 256 -P /mnt/dev/YCSB-hreplace-dist/workloads/workloada -p recordcount=100000000 -p operationcount=1000000 -p fieldcount=10 -p fieldlength=128 -p fieldlengthdistribution=constant -p readallfields=true -p writeallfields=true -p insertorder=hashed -p requestdistribution=uniform -p readproportion=0.5 -p updateproportion=0.5 -p insertproportion=0 -p scanproportion=0 -p readmodifywriteproportion=0 -p measurementtype=hdrhistogram -p measurement.interval=both -p hdrhistogram.percentiles=50,95,99,99.9,99.99 -p status.interval=10 -p redis.host=172.16.0.4 -p redis.port=16379 -p redis.scanindex=none -p redis.timeout=10000 -p redis.cluster=false -p redis.updatecommand=hmset -t
YCSB Client 0.18.0-SNAPSHOT

Loading workload...
Starting test.
SLF4J: Failed to load class "org.slf4j.impl.StaticLoggerBinder".
SLF4J: Defaulting to no-operation (NOP) logger implementation
SLF4J: See http://www.slf4j.org/codes.html#StaticLoggerBinder for further details.
2026-09-13 15:37:48:515 0 sec: 0 operations; est completion in 0 second 
DBWrapper: report latency for each error is false and specific error codes to track for latency are: []
2026-09-13 15:37:51:370 2 sec: 1000000 operations; 343878.95 current ops/sec; [READ: Count=500289, Max=102015, Min=193, Avg=616.99, 50=503, 90=750, 99=3649, 99.9=8143, 99.99=37599] [CLEANUP: Count=256, Max=842, Min=13, Avg=32.32, 50=23, 90=55, 99=105, 99.9=842, 99.99=842] [UPDATE: Count=499711, Max=100863, Min=206, Avg=681.8, 50=522, 90=848, 99=4013, 99.9=10879, 99.99=48223] [Intended-READ: Count=500289, Max=102015, Min=193, Avg=617.03, 50=503, 90=750, 99=3649, 99.9=8143, 99.99=37599] [Intended-CLEANUP: Count=256, Max=843, Min=13, Avg=32.66, 50=23, 90=55, 99=106, 99.9=843, 99.99=843] [Intended-UPDATE: Count=499711, Max=100863, Min=206, Avg=681.85, 50=522, 90=848, 99=4013, 99.9=10879, 99.99=48223] 
[OVERALL], RunTime(ms), 2907
[OVERALL], Throughput(ops/sec), 343997.24802201585
[TOTAL_GCS_G1_Young_Generation], Count, 25
[TOTAL_GC_TIME_G1_Young_Generation], Time(ms), 38
[TOTAL_GC_TIME_%_G1_Young_Generation], Time(%), 1.3071895424836601
[TOTAL_GCS_G1_Old_Generation], Count, 0
[TOTAL_GC_TIME_G1_Old_Generation], Time(ms), 0
[TOTAL_GC_TIME_%_G1_Old_Generation], Time(%), 0.0
[TOTAL_GCs], Count, 25
[TOTAL_GC_TIME], Time(ms), 38
[TOTAL_GC_TIME_%], Time(%), 1.3071895424836601
[READ], Operations, 500289
[READ], AverageLatency(us), 616.9917847484154
[READ], MinLatency(us), 193
[READ], MaxLatency(us), 102015
[READ], 50thPercentileLatency(us), 503
[READ], 95thPercentileLatency(us), 998
[READ], 99thPercentileLatency(us), 3649
[READ], 99.9PercentileLatency(us), 8143
[READ], 99.99PercentileLatency(us), 37599
[READ], Return=OK, 500289
[CLEANUP], Operations, 256
[CLEANUP], AverageLatency(us), 32.3203125
[CLEANUP], MinLatency(us), 13
[CLEANUP], MaxLatency(us), 842
[CLEANUP], 50thPercentileLatency(us), 23
[CLEANUP], 95thPercentileLatency(us), 71
[CLEANUP], 99thPercentileLatency(us), 105
[CLEANUP], 99.9PercentileLatency(us), 842
[CLEANUP], 99.99PercentileLatency(us), 842
[UPDATE], Operations, 499711
[UPDATE], AverageLatency(us), 681.797158757762
[UPDATE], MinLatency(us), 206
[UPDATE], MaxLatency(us), 100863
[UPDATE], 50thPercentileLatency(us), 522
[UPDATE], 95thPercentileLatency(us), 1463
[UPDATE], 99thPercentileLatency(us), 4013
[UPDATE], 99.9PercentileLatency(us), 10879
[UPDATE], 99.99PercentileLatency(us), 48223
[UPDATE], Return=OK, 499711
[Intended-READ], Operations, 500289
[Intended-READ], AverageLatency(us), 617.0294129992864
[Intended-READ], MinLatency(us), 193
[Intended-READ], MaxLatency(us), 102015
[Intended-READ], 50thPercentileLatency(us), 503
[Intended-READ], 95thPercentileLatency(us), 998
[Intended-READ], 99thPercentileLatency(us), 3649
[Intended-READ], 99.9PercentileLatency(us), 8143
[Intended-READ], 99.99PercentileLatency(us), 37599
[Intended-CLEANUP], Operations, 256
[Intended-CLEANUP], AverageLatency(us), 32.6640625
[Intended-CLEANUP], MinLatency(us), 13
[Intended-CLEANUP], MaxLatency(us), 843
[Intended-CLEANUP], 50thPercentileLatency(us), 23
[Intended-CLEANUP], 95thPercentileLatency(us), 72
[Intended-CLEANUP], 99thPercentileLatency(us), 106
[Intended-CLEANUP], 99.9PercentileLatency(us), 843
[Intended-CLEANUP], 99.99PercentileLatency(us), 843
[Intended-UPDATE], Operations, 499711
[Intended-UPDATE], AverageLatency(us), 681.8492388600611
[Intended-UPDATE], MinLatency(us), 206
[Intended-UPDATE], MaxLatency(us), 100863
[Intended-UPDATE], 50thPercentileLatency(us), 522
[Intended-UPDATE], 95thPercentileLatency(us), 1463
[Intended-UPDATE], 99thPercentileLatency(us), 4013
[Intended-UPDATE], 99.9PercentileLatency(us), 10879
[Intended-UPDATE], 99.99PercentileLatency(us), 48223
