java -cp /mnt/dev/YCSB-hreplace-dist/redis-binding/conf:/mnt/dev/YCSB-hreplace-dist/conf:/mnt/dev/YCSB-hreplace-dist/lib/htrace-core4-4.1.0-incubating.jar:/mnt/dev/YCSB-hreplace-dist/lib/slf4j-api-1.7.25.jar:/mnt/dev/YCSB-hreplace-dist/lib/jackson-mapper-asl-1.9.4.jar:/mnt/dev/YCSB-hreplace-dist/lib/HdrHistogram-2.1.12.jar:/mnt/dev/YCSB-hreplace-dist/lib/jackson-core-asl-1.9.4.jar:/mnt/dev/YCSB-hreplace-dist/lib/jedis-3.9.0.jar:/mnt/dev/YCSB-hreplace-dist/lib/core-0.18.0-SNAPSHOT.jar:/mnt/dev/YCSB-hreplace-dist/lib/commons-pool2-2.11.1.jar:/mnt/dev/YCSB-hreplace-dist/lib/redis-binding-0.18.0-SNAPSHOT.jar site.ycsb.Client -db site.ycsb.db.RedisClient -s -threads 256 -P /mnt/dev/YCSB-hreplace-dist/workloads/workloada -p recordcount=100000000 -p operationcount=1000000 -p fieldcount=10 -p fieldlength=128 -p fieldlengthdistribution=constant -p readallfields=true -p writeallfields=true -p insertorder=hashed -p requestdistribution=uniform -p readproportion=0.5 -p updateproportion=0.5 -p insertproportion=0 -p scanproportion=0 -p readmodifywriteproportion=0 -p measurementtype=hdrhistogram -p measurement.interval=both -p hdrhistogram.percentiles=50,95,99,99.9,99.99 -p status.interval=10 -p redis.host=172.16.0.4 -p redis.port=16379 -p redis.scanindex=none -p redis.timeout=10000 -p redis.cluster=false -p redis.updatecommand=hmset -t
Command line: -db site.ycsb.db.RedisClient -s -threads 256 -P /mnt/dev/YCSB-hreplace-dist/workloads/workloada -p recordcount=100000000 -p operationcount=1000000 -p fieldcount=10 -p fieldlength=128 -p fieldlengthdistribution=constant -p readallfields=true -p writeallfields=true -p insertorder=hashed -p requestdistribution=uniform -p readproportion=0.5 -p updateproportion=0.5 -p insertproportion=0 -p scanproportion=0 -p readmodifywriteproportion=0 -p measurementtype=hdrhistogram -p measurement.interval=both -p hdrhistogram.percentiles=50,95,99,99.9,99.99 -p status.interval=10 -p redis.host=172.16.0.4 -p redis.port=16379 -p redis.scanindex=none -p redis.timeout=10000 -p redis.cluster=false -p redis.updatecommand=hmset -t
YCSB Client 0.18.0-SNAPSHOT

Loading workload...
Starting test.
SLF4J: Failed to load class "org.slf4j.impl.StaticLoggerBinder".
SLF4J: Defaulting to no-operation (NOP) logger implementation
SLF4J: See http://www.slf4j.org/codes.html#StaticLoggerBinder for further details.
2026-09-13 15:32:33:724 0 sec: 0 operations; est completion in 0 second 
DBWrapper: report latency for each error is false and specific error codes to track for latency are: []
2026-09-13 15:32:36:517 2 sec: 1000000 operations; 352733.69 current ops/sec; [READ: Count=499569, Max=31327, Min=199, Avg=607.95, 50=507, 90=765, 99=3543, 99.9=7527, 99.99=20607] [CLEANUP: Count=256, Max=929, Min=13, Avg=33, 50=24, 90=52, 99=121, 99.9=929, 99.99=929] [UPDATE: Count=500431, Max=33183, Min=201, Avg=660.88, 50=530, 90=892, 99=3751, 99.9=7979, 99.99=23359] [Intended-READ: Count=499569, Max=31327, Min=199, Avg=607.99, 50=507, 90=765, 99=3543, 99.9=7527, 99.99=20607] [Intended-CLEANUP: Count=256, Max=930, Min=13, Avg=33.28, 50=24, 90=52, 99=121, 99.9=930, 99.99=930] [Intended-UPDATE: Count=500431, Max=33183, Min=201, Avg=660.92, 50=530, 90=892, 99=3751, 99.9=7979, 99.99=23359] 
[OVERALL], RunTime(ms), 2835
[OVERALL], Throughput(ops/sec), 352733.6860670194
[TOTAL_GCS_G1_Young_Generation], Count, 24
[TOTAL_GC_TIME_G1_Young_Generation], Time(ms), 33
[TOTAL_GC_TIME_%_G1_Young_Generation], Time(%), 1.164021164021164
[TOTAL_GCS_G1_Old_Generation], Count, 0
[TOTAL_GC_TIME_G1_Old_Generation], Time(ms), 0
[TOTAL_GC_TIME_%_G1_Old_Generation], Time(%), 0.0
[TOTAL_GCs], Count, 24
[TOTAL_GC_TIME], Time(ms), 33
[TOTAL_GC_TIME_%], Time(%), 1.164021164021164
[READ], Operations, 499569
[READ], AverageLatency(us), 607.9473486145057
[READ], MinLatency(us), 199
[READ], MaxLatency(us), 31327
[READ], 50thPercentileLatency(us), 507
[READ], 95thPercentileLatency(us), 1016
[READ], 99thPercentileLatency(us), 3543
[READ], 99.9PercentileLatency(us), 7527
[READ], 99.99PercentileLatency(us), 20607
[READ], Return=OK, 499569
[CLEANUP], Operations, 256
[CLEANUP], AverageLatency(us), 33.0
[CLEANUP], MinLatency(us), 13
[CLEANUP], MaxLatency(us), 929
[CLEANUP], 50thPercentileLatency(us), 24
[CLEANUP], 95thPercentileLatency(us), 75
[CLEANUP], 99thPercentileLatency(us), 121
[CLEANUP], 99.9PercentileLatency(us), 929
[CLEANUP], 99.99PercentileLatency(us), 929
[UPDATE], Operations, 500431
[UPDATE], AverageLatency(us), 660.8831667102958
[UPDATE], MinLatency(us), 201
[UPDATE], MaxLatency(us), 33183
[UPDATE], 50thPercentileLatency(us), 530
[UPDATE], 95thPercentileLatency(us), 1299
[UPDATE], 99thPercentileLatency(us), 3751
[UPDATE], 99.9PercentileLatency(us), 7979
[UPDATE], 99.99PercentileLatency(us), 23359
[UPDATE], Return=OK, 500431
[Intended-READ], Operations, 499569
[Intended-READ], AverageLatency(us), 607.9863662477055
[Intended-READ], MinLatency(us), 199
[Intended-READ], MaxLatency(us), 31327
[Intended-READ], 50thPercentileLatency(us), 507
[Intended-READ], 95thPercentileLatency(us), 1016
[Intended-READ], 99thPercentileLatency(us), 3543
[Intended-READ], 99.9PercentileLatency(us), 7527
[Intended-READ], 99.99PercentileLatency(us), 20607
[Intended-CLEANUP], Operations, 256
[Intended-CLEANUP], AverageLatency(us), 33.27734375
[Intended-CLEANUP], MinLatency(us), 13
[Intended-CLEANUP], MaxLatency(us), 930
[Intended-CLEANUP], 50thPercentileLatency(us), 24
[Intended-CLEANUP], 95thPercentileLatency(us), 77
[Intended-CLEANUP], 99thPercentileLatency(us), 121
[Intended-CLEANUP], 99.9PercentileLatency(us), 930
[Intended-CLEANUP], 99.99PercentileLatency(us), 930
[Intended-UPDATE], Operations, 500431
[Intended-UPDATE], AverageLatency(us), 660.9240914331846
[Intended-UPDATE], MinLatency(us), 201
[Intended-UPDATE], MaxLatency(us), 33183
[Intended-UPDATE], 50thPercentileLatency(us), 530
[Intended-UPDATE], 95thPercentileLatency(us), 1299
[Intended-UPDATE], 99thPercentileLatency(us), 3751
[Intended-UPDATE], 99.9PercentileLatency(us), 7979
[Intended-UPDATE], 99.99PercentileLatency(us), 23359
