java -cp /mnt/dev/YCSB-hreplace-dist/redis-binding/conf:/mnt/dev/YCSB-hreplace-dist/conf:/mnt/dev/YCSB-hreplace-dist/lib/htrace-core4-4.1.0-incubating.jar:/mnt/dev/YCSB-hreplace-dist/lib/slf4j-api-1.7.25.jar:/mnt/dev/YCSB-hreplace-dist/lib/jackson-mapper-asl-1.9.4.jar:/mnt/dev/YCSB-hreplace-dist/lib/HdrHistogram-2.1.12.jar:/mnt/dev/YCSB-hreplace-dist/lib/jackson-core-asl-1.9.4.jar:/mnt/dev/YCSB-hreplace-dist/lib/jedis-3.9.0.jar:/mnt/dev/YCSB-hreplace-dist/lib/core-0.18.0-SNAPSHOT.jar:/mnt/dev/YCSB-hreplace-dist/lib/commons-pool2-2.11.1.jar:/mnt/dev/YCSB-hreplace-dist/lib/redis-binding-0.18.0-SNAPSHOT.jar site.ycsb.Client -db site.ycsb.db.RedisClient -s -threads 256 -P /mnt/dev/YCSB-hreplace-dist/workloads/workloada -p recordcount=100000000 -p operationcount=1000000 -p fieldcount=10 -p fieldlength=128 -p fieldlengthdistribution=constant -p readallfields=true -p writeallfields=true -p insertorder=hashed -p requestdistribution=uniform -p readproportion=0.5 -p updateproportion=0.5 -p insertproportion=0 -p scanproportion=0 -p readmodifywriteproportion=0 -p measurementtype=hdrhistogram -p measurement.interval=both -p hdrhistogram.percentiles=50,95,99,99.9,99.99 -p status.interval=10 -p redis.host=172.16.0.4 -p redis.port=16379 -p redis.scanindex=none -p redis.timeout=10000 -p redis.cluster=false -p redis.updatecommand=keylane.hreplace -t
Command line: -db site.ycsb.db.RedisClient -s -threads 256 -P /mnt/dev/YCSB-hreplace-dist/workloads/workloada -p recordcount=100000000 -p operationcount=1000000 -p fieldcount=10 -p fieldlength=128 -p fieldlengthdistribution=constant -p readallfields=true -p writeallfields=true -p insertorder=hashed -p requestdistribution=uniform -p readproportion=0.5 -p updateproportion=0.5 -p insertproportion=0 -p scanproportion=0 -p readmodifywriteproportion=0 -p measurementtype=hdrhistogram -p measurement.interval=both -p hdrhistogram.percentiles=50,95,99,99.9,99.99 -p status.interval=10 -p redis.host=172.16.0.4 -p redis.port=16379 -p redis.scanindex=none -p redis.timeout=10000 -p redis.cluster=false -p redis.updatecommand=keylane.hreplace -t
YCSB Client 0.18.0-SNAPSHOT

Loading workload...
Starting test.
SLF4J: Failed to load class "org.slf4j.impl.StaticLoggerBinder".
SLF4J: Defaulting to no-operation (NOP) logger implementation
SLF4J: See http://www.slf4j.org/codes.html#StaticLoggerBinder for further details.
2026-09-13 16:14:43:461 0 sec: 0 operations; est completion in 0 second 
DBWrapper: report latency for each error is false and specific error codes to track for latency are: []
2026-09-13 16:14:45:970 2 sec: 1000000 operations; 393081.76 current ops/sec; [READ: Count=499607, Max=80383, Min=181, Avg=622.05, 50=496, 90=749, 99=3487, 99.9=8759, 99.99=48991] [CLEANUP: Count=256, Max=1522, Min=13, Avg=37.88, 50=24, 90=57, 99=156, 99.9=1522, 99.99=1522] [UPDATE: Count=500393, Max=76927, Min=158, Avg=531.8, 50=383, 90=693, 99=3085, 99.9=9079, 99.99=55903] [Intended-READ: Count=499607, Max=80383, Min=181, Avg=622.09, 50=496, 90=749, 99=3487, 99.9=8759, 99.99=48991] [Intended-CLEANUP: Count=256, Max=1523, Min=13, Avg=38.59, 50=24, 90=60, 99=157, 99.9=1523, 99.99=1523] [Intended-UPDATE: Count=500393, Max=76927, Min=158, Avg=531.84, 50=383, 90=693, 99=3085, 99.9=9079, 99.99=55903] 
[OVERALL], RunTime(ms), 2543
[OVERALL], Throughput(ops/sec), 393236.33503735746
[TOTAL_GCS_G1_Young_Generation], Count, 19
[TOTAL_GC_TIME_G1_Young_Generation], Time(ms), 47
[TOTAL_GC_TIME_%_G1_Young_Generation], Time(%), 1.84821077467558
[TOTAL_GCS_G1_Old_Generation], Count, 0
[TOTAL_GC_TIME_G1_Old_Generation], Time(ms), 0
[TOTAL_GC_TIME_%_G1_Old_Generation], Time(%), 0.0
[TOTAL_GCs], Count, 19
[TOTAL_GC_TIME], Time(ms), 47
[TOTAL_GC_TIME_%], Time(%), 1.84821077467558
[READ], Operations, 499607
[READ], AverageLatency(us), 622.0451434827775
[READ], MinLatency(us), 181
[READ], MaxLatency(us), 80383
[READ], 50thPercentileLatency(us), 496
[READ], 95thPercentileLatency(us), 1142
[READ], 99thPercentileLatency(us), 3487
[READ], 99.9PercentileLatency(us), 8759
[READ], 99.99PercentileLatency(us), 48991
[READ], Return=OK, 499607
[CLEANUP], Operations, 256
[CLEANUP], AverageLatency(us), 37.875
[CLEANUP], MinLatency(us), 13
[CLEANUP], MaxLatency(us), 1522
[CLEANUP], 50thPercentileLatency(us), 24
[CLEANUP], 95thPercentileLatency(us), 90
[CLEANUP], 99thPercentileLatency(us), 156
[CLEANUP], 99.9PercentileLatency(us), 1522
[CLEANUP], 99.99PercentileLatency(us), 1522
[UPDATE], Operations, 500393
[UPDATE], AverageLatency(us), 531.80049081422
[UPDATE], MinLatency(us), 158
[UPDATE], MaxLatency(us), 76927
[UPDATE], 50thPercentileLatency(us), 383
[UPDATE], 95thPercentileLatency(us), 1354
[UPDATE], 99thPercentileLatency(us), 3085
[UPDATE], 99.9PercentileLatency(us), 9079
[UPDATE], 99.99PercentileLatency(us), 55903
[UPDATE], Return=OK, 500393
[Intended-READ], Operations, 499607
[Intended-READ], AverageLatency(us), 622.085245002572
[Intended-READ], MinLatency(us), 181
[Intended-READ], MaxLatency(us), 80383
[Intended-READ], 50thPercentileLatency(us), 496
[Intended-READ], 95thPercentileLatency(us), 1142
[Intended-READ], 99thPercentileLatency(us), 3487
[Intended-READ], 99.9PercentileLatency(us), 8759
[Intended-READ], 99.99PercentileLatency(us), 48991
[Intended-CLEANUP], Operations, 256
[Intended-CLEANUP], AverageLatency(us), 38.59375
[Intended-CLEANUP], MinLatency(us), 13
[Intended-CLEANUP], MaxLatency(us), 1523
[Intended-CLEANUP], 50thPercentileLatency(us), 24
[Intended-CLEANUP], 95thPercentileLatency(us), 90
[Intended-CLEANUP], 99thPercentileLatency(us), 157
[Intended-CLEANUP], 99.9PercentileLatency(us), 1523
[Intended-CLEANUP], 99.99PercentileLatency(us), 1523
[Intended-UPDATE], Operations, 500393
[Intended-UPDATE], AverageLatency(us), 531.8407151978545
[Intended-UPDATE], MinLatency(us), 158
[Intended-UPDATE], MaxLatency(us), 76927
[Intended-UPDATE], 50thPercentileLatency(us), 383
[Intended-UPDATE], 95thPercentileLatency(us), 1354
[Intended-UPDATE], 99thPercentileLatency(us), 3085
[Intended-UPDATE], 99.9PercentileLatency(us), 9079
[Intended-UPDATE], 99.99PercentileLatency(us), 55903
