java -cp /mnt/dev/YCSB-aerospike-dist/aerospike-binding/conf:/mnt/dev/YCSB-aerospike-dist/conf:/mnt/dev/YCSB-aerospike-dist/lib/aerospike-client-3.1.2.jar:/mnt/dev/YCSB-aerospike-dist/lib/htrace-core4-4.1.0-incubating.jar:/mnt/dev/YCSB-aerospike-dist/lib/jbcrypt-0.3m.jar:/mnt/dev/YCSB-aerospike-dist/lib/jackson-mapper-asl-1.9.4.jar:/mnt/dev/YCSB-aerospike-dist/lib/aerospike-binding-0.18.0-SNAPSHOT.jar:/mnt/dev/YCSB-aerospike-dist/lib/HdrHistogram-2.1.12.jar:/mnt/dev/YCSB-aerospike-dist/lib/jackson-core-asl-1.9.4.jar:/mnt/dev/YCSB-aerospike-dist/lib/core-0.18.0-SNAPSHOT.jar:/mnt/dev/YCSB-aerospike-dist/lib/luaj-jse-3.0.jar:/mnt/dev/YCSB-aerospike-dist/lib/gnu-crypto-2.0.1.jar site.ycsb.Client -db site.ycsb.db.AerospikeClient -s -threads 256 -P /mnt/dev/YCSB-aerospike-dist/workloads/workloada -p recordcount=100000000 -p operationcount=5000000 -p fieldcount=10 -p fieldlength=128 -p fieldlengthdistribution=constant -p readallfields=true -p writeallfields=true -p insertorder=hashed -p requestdistribution=uniform -p readproportion=0.5 -p updateproportion=0.5 -p insertproportion=0 -p scanproportion=0 -p readmodifywriteproportion=0 -p measurementtype=hdrhistogram -p measurement.interval=both -p hdrhistogram.percentiles=50,95,99,99.9,99.99 -p status.interval=10 -p as.host=172.16.0.4 -p as.port=3000 -p as.namespace=ycsb -p as.timeout=10000 -t
Command line: -db site.ycsb.db.AerospikeClient -s -threads 256 -P /mnt/dev/YCSB-aerospike-dist/workloads/workloada -p recordcount=100000000 -p operationcount=5000000 -p fieldcount=10 -p fieldlength=128 -p fieldlengthdistribution=constant -p readallfields=true -p writeallfields=true -p insertorder=hashed -p requestdistribution=uniform -p readproportion=0.5 -p updateproportion=0.5 -p insertproportion=0 -p scanproportion=0 -p readmodifywriteproportion=0 -p measurementtype=hdrhistogram -p measurement.interval=both -p hdrhistogram.percentiles=50,95,99,99.9,99.99 -p status.interval=10 -p as.host=172.16.0.4 -p as.port=3000 -p as.namespace=ycsb -p as.timeout=10000 -t
YCSB Client 0.18.0-SNAPSHOT

Loading workload...
Starting test.
2026-09-13 16:46:39:952 0 sec: 0 operations; est completion in 0 second 
DBWrapper: report latency for each error is false and specific error codes to track for latency are: []
2026-09-13 16:46:49:889 10 sec: 4705737 operations; 470573.7 current ops/sec; est completion in 1 second [READ: Count=2352623, Max=139775, Min=173, Avg=589.88, 50=466, 90=713, 99=3409, 99.9=13863, 99.99=33247] [CLEANUP: Count=25, Max=514, Min=49, Avg=155.52, 50=130, 90=319, 99=514, 99.9=514, 99.99=514] [UPDATE: Count=2357308, Max=123903, Min=153, Avg=462.16, 50=354, 90=576, 99=2817, 99.9=12375, 99.99=28559] [Intended-READ: Count=2358875, Max=139775, Min=173, Avg=589.92, 50=466, 90=713, 99=3415, 99.9=13847, 99.99=33247] [Intended-CLEANUP: Count=25, Max=516, Min=50, Avg=156.08, 50=130, 90=320, 99=516, 99.9=516, 99.99=516] [Intended-UPDATE: Count=2361622, Max=123903, Min=153, Avg=462.2, 50=354, 90=576, 99=2817, 99.9=12367, 99.99=28447] 
2026-09-13 16:46:51:188 11 sec: 5000000 operations; 226356.15 current ops/sec; [READ: Count=146466, Max=26127, Min=171, Avg=482.45, 50=373, 90=584, 99=2987, 99.9=9903, 99.99=17023] [CLEANUP: Count=231, Max=576, Min=26, Avg=56.58, 50=45, 90=86, 99=253, 99.9=576, 99.99=576] [UPDATE: Count=143603, Max=23695, Min=155, Avg=380.85, 50=282, 90=479, 99=2469, 99.9=9247, 99.99=18255] [Intended-READ: Count=140214, Max=26127, Min=171, Avg=477.79, 50=370, 90=576, 99=2917, 99.9=9903, 99.99=17023] [Intended-CLEANUP: Count=231, Max=576, Min=26, Avg=56.87, 50=45, 90=87, 99=253, 99.9=576, 99.99=576] [Intended-UPDATE: Count=139289, Max=23695, Min=155, Avg=378.51, 50=281, 90=473, 99=2461, 99.9=9247, 99.99=18271] 
[OVERALL], RunTime(ms), 11299
[OVERALL], Throughput(ops/sec), 442517.0369059209
[TOTAL_GCS_G1_Young_Generation], Count, 47
[TOTAL_GC_TIME_G1_Young_Generation], Time(ms), 70
[TOTAL_GC_TIME_%_G1_Young_Generation], Time(%), 0.6195238516682893
[TOTAL_GCS_G1_Old_Generation], Count, 0
[TOTAL_GC_TIME_G1_Old_Generation], Time(ms), 0
[TOTAL_GC_TIME_%_G1_Old_Generation], Time(%), 0.0
[TOTAL_GCs], Count, 47
[TOTAL_GC_TIME], Time(ms), 70
[TOTAL_GC_TIME_%], Time(%), 0.6195238516682893
[READ], Operations, 2499089
[READ], AverageLatency(us), 583.5859975375026
[READ], MinLatency(us), 171
[READ], MaxLatency(us), 139775
[READ], 50thPercentileLatency(us), 461
[READ], 95thPercentileLatency(us), 856
[READ], 99thPercentileLatency(us), 3379
[READ], 99.9PercentileLatency(us), 13639
[READ], 99.99PercentileLatency(us), 32831
[READ], Return=OK, 2499089
[CLEANUP], Operations, 256
[CLEANUP], AverageLatency(us), 66.23828125
[CLEANUP], MinLatency(us), 26
[CLEANUP], MaxLatency(us), 576
[CLEANUP], 50thPercentileLatency(us), 48
[CLEANUP], 95thPercentileLatency(us), 158
[CLEANUP], 99thPercentileLatency(us), 450
[CLEANUP], 99.9PercentileLatency(us), 576
[CLEANUP], 99.99PercentileLatency(us), 576
[UPDATE], Operations, 2500911
[UPDATE], AverageLatency(us), 457.49202590575993
[UPDATE], MinLatency(us), 153
[UPDATE], MaxLatency(us), 123903
[UPDATE], 50thPercentileLatency(us), 350
[UPDATE], 95thPercentileLatency(us), 710
[UPDATE], 99thPercentileLatency(us), 2793
[UPDATE], 99.9PercentileLatency(us), 12159
[UPDATE], 99.99PercentileLatency(us), 27951
[UPDATE], Return=OK, 2500911
[Intended-READ], Operations, 2499089
[Intended-READ], AverageLatency(us), 583.628008046132
[Intended-READ], MinLatency(us), 171
[Intended-READ], MaxLatency(us), 139775
[Intended-READ], 50thPercentileLatency(us), 461
[Intended-READ], 95thPercentileLatency(us), 856
[Intended-READ], 99thPercentileLatency(us), 3379
[Intended-READ], 99.9PercentileLatency(us), 13639
[Intended-READ], 99.99PercentileLatency(us), 32831
[Intended-CLEANUP], Operations, 256
[Intended-CLEANUP], AverageLatency(us), 66.5546875
[Intended-CLEANUP], MinLatency(us), 26
[Intended-CLEANUP], MaxLatency(us), 576
[Intended-CLEANUP], 50thPercentileLatency(us), 48
[Intended-CLEANUP], 95thPercentileLatency(us), 161
[Intended-CLEANUP], 99thPercentileLatency(us), 450
[Intended-CLEANUP], 99.9PercentileLatency(us), 576
[Intended-CLEANUP], 99.99PercentileLatency(us), 576
[Intended-UPDATE], Operations, 2500911
[Intended-UPDATE], AverageLatency(us), 457.5342913042487
[Intended-UPDATE], MinLatency(us), 153
[Intended-UPDATE], MaxLatency(us), 123903
[Intended-UPDATE], 50thPercentileLatency(us), 350
[Intended-UPDATE], 95thPercentileLatency(us), 710
[Intended-UPDATE], 99thPercentileLatency(us), 2793
[Intended-UPDATE], 99.9PercentileLatency(us), 12159
[Intended-UPDATE], 99.99PercentileLatency(us), 27951
