java -cp /mnt/dev/YCSB-hreplace-dist/redis-binding/conf:/mnt/dev/YCSB-hreplace-dist/conf:/mnt/dev/YCSB-hreplace-dist/lib/htrace-core4-4.1.0-incubating.jar:/mnt/dev/YCSB-hreplace-dist/lib/slf4j-api-1.7.25.jar:/mnt/dev/YCSB-hreplace-dist/lib/jackson-mapper-asl-1.9.4.jar:/mnt/dev/YCSB-hreplace-dist/lib/HdrHistogram-2.1.12.jar:/mnt/dev/YCSB-hreplace-dist/lib/jackson-core-asl-1.9.4.jar:/mnt/dev/YCSB-hreplace-dist/lib/jedis-3.9.0.jar:/mnt/dev/YCSB-hreplace-dist/lib/core-0.18.0-SNAPSHOT.jar:/mnt/dev/YCSB-hreplace-dist/lib/commons-pool2-2.11.1.jar:/mnt/dev/YCSB-hreplace-dist/lib/redis-binding-0.18.0-SNAPSHOT.jar site.ycsb.Client -db site.ycsb.db.RedisClient -s -threads 256 -P /mnt/dev/YCSB-hreplace-dist/workloads/workloada -p recordcount=100000000 -p operationcount=5000000 -p fieldcount=10 -p fieldlength=128 -p fieldlengthdistribution=constant -p readallfields=true -p writeallfields=true -p insertorder=hashed -p requestdistribution=uniform -p readproportion=0.5 -p updateproportion=0.5 -p insertproportion=0 -p scanproportion=0 -p readmodifywriteproportion=0 -p measurementtype=hdrhistogram -p measurement.interval=both -p hdrhistogram.percentiles=50,95,99,99.9,99.99 -p status.interval=10 -p redis.host=172.16.0.4 -p redis.port=16379 -p redis.scanindex=none -p redis.timeout=10000 -p redis.cluster=false -p redis.updatecommand=hmset -t
Command line: -db site.ycsb.db.RedisClient -s -threads 256 -P /mnt/dev/YCSB-hreplace-dist/workloads/workloada -p recordcount=100000000 -p operationcount=5000000 -p fieldcount=10 -p fieldlength=128 -p fieldlengthdistribution=constant -p readallfields=true -p writeallfields=true -p insertorder=hashed -p requestdistribution=uniform -p readproportion=0.5 -p updateproportion=0.5 -p insertproportion=0 -p scanproportion=0 -p readmodifywriteproportion=0 -p measurementtype=hdrhistogram -p measurement.interval=both -p hdrhistogram.percentiles=50,95,99,99.9,99.99 -p status.interval=10 -p redis.host=172.16.0.4 -p redis.port=16379 -p redis.scanindex=none -p redis.timeout=10000 -p redis.cluster=false -p redis.updatecommand=hmset -t
YCSB Client 0.18.0-SNAPSHOT

Loading workload...
Starting test.
SLF4J: Failed to load class "org.slf4j.impl.StaticLoggerBinder".
SLF4J: Defaulting to no-operation (NOP) logger implementation
SLF4J: See http://www.slf4j.org/codes.html#StaticLoggerBinder for further details.
2026-09-13 14:51:48:733 0 sec: 0 operations; est completion in 0 second 
DBWrapper: report latency for each error is false and specific error codes to track for latency are: []
2026-09-13 14:51:58:706 10 sec: 4180455 operations; 418003.7 current ops/sec; est completion in 2 second [READ: Count=2089807, Max=62751, Min=196, Avg=593.43, 50=516, 90=712, 99=3287, 99.9=6159, 99.99=15647] [UPDATE: Count=2093492, Max=65855, Min=191, Avg=612.82, 50=527, 90=731, 99=3399, 99.9=6215, 99.99=19167] [Intended-READ: Count=2093944, Max=62751, Min=196, Avg=593.47, 50=516, 90=712, 99=3285, 99.9=6159, 99.99=14351] [Intended-UPDATE: Count=2098047, Max=65855, Min=191, Avg=612.78, 50=527, 90=731, 99=3393, 99.9=6215, 99.99=19167] 
2026-09-13 14:52:01:337 12 sec: 5000000 operations; 311377.28 current ops/sec; [READ: Count=409379, Max=9543, Min=188, Avg=542.97, 50=480, 90=673, 99=2857, 99.9=5911, 99.99=7291] [CLEANUP: Count=256, Max=843, Min=14, Avg=42.94, 50=28, 90=83, 99=137, 99.9=843, 99.99=843] [UPDATE: Count=407322, Max=8647, Min=198, Avg=552.19, 50=489, 90=685, 99=2825, 99.9=5963, 99.99=7463] [Intended-READ: Count=405242, Max=9543, Min=188, Avg=542.48, 50=480, 90=673, 99=2845, 99.9=5923, 99.99=7291] [Intended-CLEANUP: Count=256, Max=844, Min=14, Avg=43.46, 50=29, 90=85, 99=138, 99.9=844, 99.99=844] [Intended-UPDATE: Count=402767, Max=8647, Min=198, Avg=551.96, 50=489, 90=684, 99=2855, 99.9=5971, 99.99=7463] 
[OVERALL], RunTime(ms), 12632
[OVERALL], Throughput(ops/sec), 395820.139328689
[TOTAL_GCS_G1_Young_Generation], Count, 89
[TOTAL_GC_TIME_G1_Young_Generation], Time(ms), 96
[TOTAL_GC_TIME_%_G1_Young_Generation], Time(%), 0.7599746675110829
[TOTAL_GCS_G1_Old_Generation], Count, 0
[TOTAL_GC_TIME_G1_Old_Generation], Time(ms), 0
[TOTAL_GC_TIME_%_G1_Old_Generation], Time(%), 0.0
[TOTAL_GCs], Count, 89
[TOTAL_GC_TIME], Time(ms), 96
[TOTAL_GC_TIME_%], Time(%), 0.7599746675110829
[READ], Operations, 2499186
[READ], AverageLatency(us), 585.1687057305859
[READ], MinLatency(us), 188
[READ], MaxLatency(us), 62751
[READ], 50thPercentileLatency(us), 510
[READ], 95thPercentileLatency(us), 819
[READ], 99thPercentileLatency(us), 3229
[READ], 99.9PercentileLatency(us), 6127
[READ], 99.99PercentileLatency(us), 11879
[READ], Return=OK, 2499186
[CLEANUP], Operations, 256
[CLEANUP], AverageLatency(us), 42.9375
[CLEANUP], MinLatency(us), 14
[CLEANUP], MaxLatency(us), 843
[CLEANUP], 50thPercentileLatency(us), 28
[CLEANUP], 95thPercentileLatency(us), 105
[CLEANUP], 99thPercentileLatency(us), 137
[CLEANUP], 99.9PercentileLatency(us), 843
[CLEANUP], 99.99PercentileLatency(us), 843
[UPDATE], Operations, 2500814
[UPDATE], AverageLatency(us), 602.9475210871341
[UPDATE], MinLatency(us), 191
[UPDATE], MaxLatency(us), 65855
[UPDATE], 50thPercentileLatency(us), 521
[UPDATE], 95thPercentileLatency(us), 856
[UPDATE], 99thPercentileLatency(us), 3329
[UPDATE], 99.9PercentileLatency(us), 6167
[UPDATE], 99.99PercentileLatency(us), 15439
[UPDATE], Return=OK, 2500814
[Intended-READ], Operations, 2499186
[Intended-READ], AverageLatency(us), 585.2035298693255
[Intended-READ], MinLatency(us), 188
[Intended-READ], MaxLatency(us), 62751
[Intended-READ], 50thPercentileLatency(us), 510
[Intended-READ], 95thPercentileLatency(us), 819
[Intended-READ], 99thPercentileLatency(us), 3229
[Intended-READ], 99.9PercentileLatency(us), 6127
[Intended-READ], 99.99PercentileLatency(us), 11879
[Intended-CLEANUP], Operations, 256
[Intended-CLEANUP], AverageLatency(us), 43.4609375
[Intended-CLEANUP], MinLatency(us), 14
[Intended-CLEANUP], MaxLatency(us), 844
[Intended-CLEANUP], 50thPercentileLatency(us), 29
[Intended-CLEANUP], 95thPercentileLatency(us), 108
[Intended-CLEANUP], 99thPercentileLatency(us), 138
[Intended-CLEANUP], 99.9PercentileLatency(us), 844
[Intended-CLEANUP], 99.99PercentileLatency(us), 844
[Intended-UPDATE], Operations, 2500814
[Intended-UPDATE], AverageLatency(us), 602.9827876043561
[Intended-UPDATE], MinLatency(us), 191
[Intended-UPDATE], MaxLatency(us), 65855
[Intended-UPDATE], 50thPercentileLatency(us), 521
[Intended-UPDATE], 95thPercentileLatency(us), 856
[Intended-UPDATE], 99thPercentileLatency(us), 3329
[Intended-UPDATE], 99.9PercentileLatency(us), 6167
[Intended-UPDATE], 99.99PercentileLatency(us), 15439
