java -cp /mnt/dev/YCSB-hreplace-dist/redis-binding/conf:/mnt/dev/YCSB-hreplace-dist/conf:/mnt/dev/YCSB-hreplace-dist/lib/htrace-core4-4.1.0-incubating.jar:/mnt/dev/YCSB-hreplace-dist/lib/slf4j-api-1.7.25.jar:/mnt/dev/YCSB-hreplace-dist/lib/jackson-mapper-asl-1.9.4.jar:/mnt/dev/YCSB-hreplace-dist/lib/HdrHistogram-2.1.12.jar:/mnt/dev/YCSB-hreplace-dist/lib/jackson-core-asl-1.9.4.jar:/mnt/dev/YCSB-hreplace-dist/lib/jedis-3.9.0.jar:/mnt/dev/YCSB-hreplace-dist/lib/core-0.18.0-SNAPSHOT.jar:/mnt/dev/YCSB-hreplace-dist/lib/commons-pool2-2.11.1.jar:/mnt/dev/YCSB-hreplace-dist/lib/redis-binding-0.18.0-SNAPSHOT.jar site.ycsb.Client -db site.ycsb.db.RedisClient -s -threads 256 -P /mnt/dev/YCSB-hreplace-dist/workloads/workloada -target 100000 -p recordcount=100000000 -p operationcount=5000000 -p fieldcount=10 -p fieldlength=128 -p fieldlengthdistribution=constant -p readallfields=true -p writeallfields=true -p insertorder=hashed -p requestdistribution=uniform -p readproportion=0.5 -p updateproportion=0.5 -p insertproportion=0 -p scanproportion=0 -p readmodifywriteproportion=0 -p measurementtype=hdrhistogram -p measurement.interval=both -p hdrhistogram.percentiles=50,95,99,99.9,99.99 -p status.interval=10 -p redis.host=172.16.0.4 -p redis.port=16379 -p redis.scanindex=none -p redis.timeout=10000 -p redis.cluster=false -p redis.updatecommand=keylane.hreplace -t
Command line: -db site.ycsb.db.RedisClient -s -threads 256 -P /mnt/dev/YCSB-hreplace-dist/workloads/workloada -target 100000 -p recordcount=100000000 -p operationcount=5000000 -p fieldcount=10 -p fieldlength=128 -p fieldlengthdistribution=constant -p readallfields=true -p writeallfields=true -p insertorder=hashed -p requestdistribution=uniform -p readproportion=0.5 -p updateproportion=0.5 -p insertproportion=0 -p scanproportion=0 -p readmodifywriteproportion=0 -p measurementtype=hdrhistogram -p measurement.interval=both -p hdrhistogram.percentiles=50,95,99,99.9,99.99 -p status.interval=10 -p redis.host=172.16.0.4 -p redis.port=16379 -p redis.scanindex=none -p redis.timeout=10000 -p redis.cluster=false -p redis.updatecommand=keylane.hreplace -t
YCSB Client 0.18.0-SNAPSHOT

Loading workload...
Starting test.
SLF4J: Failed to load class "org.slf4j.impl.StaticLoggerBinder".
SLF4J: Defaulting to no-operation (NOP) logger implementation
SLF4J: See http://www.slf4j.org/codes.html#StaticLoggerBinder for further details.
2026-09-13 16:29:03:540 0 sec: 0 operations; est completion in 0 second 
DBWrapper: report latency for each error is false and specific error codes to track for latency are: []
2026-09-13 16:29:13:501 10 sec: 992803 operations; 99280.3 current ops/sec; est completion in 41 seconds [READ: Count=497204, Max=30063, Min=170, Avg=340.7, 50=300, 90=370, 99=1240, 99.9=5139, 99.99=9271] [UPDATE: Count=495970, Max=26383, Min=151, Avg=250.45, 50=220, 90=283, 99=920, 99.9=3383, 99.99=9663] [Intended-READ: Count=497612, Max=98687, Min=195, Avg=490.46, 50=358, 90=432, 99=2563, 99.9=29167, 99.99=67199] [Intended-UPDATE: Count=496161, Max=97663, Min=171, Avg=398.75, 50=279, 90=345, 99=1906, 99.9=29199, 99.99=63967] 
2026-09-13 16:29:23:501 20 sec: 1992828 operations; 100002.5 current ops/sec; est completion in 31 seconds [READ: Count=500590, Max=10711, Min=164, Avg=336.4, 50=299, 90=364, 99=1071, 99.9=5375, 99.99=8495] [UPDATE: Count=499258, Max=7199, Min=150, Avg=238.69, 50=219, 90=278, 99=520, 99.9=2685, 99.99=4531] [Intended-READ: Count=500400, Max=11863, Min=226, Avg=401.86, 50=357, 90=424, 99=1399, 99.9=6143, 99.99=8975] [Intended-UPDATE: Count=499178, Max=9575, Min=170, Avg=304.74, 50=278, 90=338, 99=890, 99.9=3905, 99.99=6935] 
2026-09-13 16:29:33:501 30 sec: 2992811 operations; 99998.3 current ops/sec; est completion in 21 seconds [READ: Count=500750, Max=10911, Min=178, Avg=322.67, 50=298, 90=357, 99=737, 99.9=3807, 99.99=6851] [UPDATE: Count=499112, Max=5967, Min=148, Avg=235.95, 50=219, 90=273, 99=476, 99.9=2497, 99.99=4091] [Intended-READ: Count=500642, Max=10975, Min=204, Avg=383.49, 50=356, 90=417, 99=1000, 99.9=4095, 99.99=7295] [Intended-UPDATE: Count=499097, Max=8671, Min=170, Avg=297.07, 50=277, 90=333, 99=674, 99.9=2875, 99.99=5055] 
2026-09-13 16:29:43:501 40 sec: 3992807 operations; 99999.6 current ops/sec; est completion in 11 seconds [READ: Count=501029, Max=13503, Min=172, Avg=325.63, 50=298, 90=357, 99=780, 99.9=4583, 99.99=8527] [UPDATE: Count=498981, Max=6475, Min=150, Avg=235.69, 50=218, 90=274, 99=465, 99.9=2553, 99.99=4287] [Intended-READ: Count=501038, Max=14999, Min=212, Avg=389.08, 50=356, 90=417, 99=1072, 99.9=5435, 99.99=9783] [Intended-UPDATE: Count=498992, Max=12735, Min=169, Avg=299.4, 50=277, 90=334, 99=698, 99.9=3341, 99.99=7167] 
2026-09-13 16:29:53:501 50 sec: 4992782 operations; 99997.5 current ops/sec; est completion in 1 second [READ: Count=500189, Max=10431, Min=174, Avg=322.2, 50=297, 90=358, 99=695, 99.9=3831, 99.99=7051] [UPDATE: Count=499839, Max=6387, Min=150, Avg=235.89, 50=218, 90=275, 99=472, 99.9=2475, 99.99=3941] [Intended-READ: Count=500244, Max=10439, Min=211, Avg=383.22, 50=356, 90=417, 99=997, 99.9=4263, 99.99=7391] [Intended-UPDATE: Count=499832, Max=8043, Min=172, Avg=297.05, 50=277, 90=335, 99=673, 99.9=2835, 99.99=5123] 
2026-09-13 16:29:53:613 50 sec: 5000000 operations; 63876.11 current ops/sec; [READ: Count=3667, Max=3299, Min=208, Avg=310.03, 50=296, 90=342, 99=480, 99.9=2393, 99.99=3299] [CLEANUP: Count=256, Max=620, Min=10, Avg=26.64, 50=17, 90=28, 99=451, 99.9=620, 99.99=620] [UPDATE: Count=3411, Max=2847, Min=160, Avg=224.15, 50=218, 90=258, 99=340, 99.9=847, 99.99=2847] [Intended-READ: Count=3493, Max=3361, Min=260, Avg=359.25, 50=353, 90=399, 99=479, 99.9=1038, 99.99=3361] [Intended-CLEANUP: Count=256, Max=620, Min=10, Avg=26.9, 50=17, 90=28, 99=461, 99.9=620, 99.99=620] [Intended-UPDATE: Count=3311, Max=3331, Min=194, Avg=283.76, 50=276, 90=317, 99=407, 99.9=1013, 99.99=3331] 
[OVERALL], RunTime(ms), 50112
[OVERALL], Throughput(ops/sec), 99776.5006385696
[TOTAL_GCS_G1_Young_Generation], Count, 136
[TOTAL_GC_TIME_G1_Young_Generation], Time(ms), 104
[TOTAL_GC_TIME_%_G1_Young_Generation], Time(%), 0.20753512132822477
[TOTAL_GCS_G1_Old_Generation], Count, 0
[TOTAL_GC_TIME_G1_Old_Generation], Time(ms), 0
[TOTAL_GC_TIME_%_G1_Old_Generation], Time(%), 0.0
[TOTAL_GCs], Count, 136
[TOTAL_GC_TIME], Time(ms), 104
[TOTAL_GC_TIME_%], Time(%), 0.20753512132822477
[READ], Operations, 2503429
[READ], AverageLatency(us), 329.4777271494418
[READ], MinLatency(us), 164
[READ], MaxLatency(us), 30063
[READ], 50thPercentileLatency(us), 298
[READ], 95thPercentileLatency(us), 402
[READ], 99thPercentileLatency(us), 947
[READ], 99.9PercentileLatency(us), 4591
[READ], 99.99PercentileLatency(us), 8151
[READ], Return=OK, 2503429
[CLEANUP], Operations, 256
[CLEANUP], AverageLatency(us), 26.64453125
[CLEANUP], MinLatency(us), 10
[CLEANUP], MaxLatency(us), 620
[CLEANUP], 50thPercentileLatency(us), 17
[CLEANUP], 95thPercentileLatency(us), 36
[CLEANUP], 99thPercentileLatency(us), 451
[CLEANUP], 99.9PercentileLatency(us), 620
[CLEANUP], 99.99PercentileLatency(us), 620
[UPDATE], Operations, 2496571
[UPDATE], AverageLatency(us), 239.29585940075407
[UPDATE], MinLatency(us), 148
[UPDATE], MaxLatency(us), 26383
[UPDATE], 50thPercentileLatency(us), 219
[UPDATE], 95thPercentileLatency(us), 314
[UPDATE], 99thPercentileLatency(us), 529
[UPDATE], 99.9PercentileLatency(us), 2761
[UPDATE], 99.99PercentileLatency(us), 4723
[UPDATE], Return=OK, 2496571
[Intended-READ], Operations, 2503429
[Intended-READ], AverageLatency(us), 409.4549240262057
[Intended-READ], MinLatency(us), 195
[Intended-READ], MaxLatency(us), 98687
[Intended-READ], 50thPercentileLatency(us), 357
[Intended-READ], 95thPercentileLatency(us), 466
[Intended-READ], 99thPercentileLatency(us), 1297
[Intended-READ], 99.9PercentileLatency(us), 6879
[Intended-READ], 99.99PercentileLatency(us), 39423
[Intended-CLEANUP], Operations, 256
[Intended-CLEANUP], AverageLatency(us), 26.90234375
[Intended-CLEANUP], MinLatency(us), 10
[Intended-CLEANUP], MaxLatency(us), 620
[Intended-CLEANUP], 50thPercentileLatency(us), 17
[Intended-CLEANUP], 95thPercentileLatency(us), 36
[Intended-CLEANUP], 99thPercentileLatency(us), 461
[Intended-CLEANUP], 99.9PercentileLatency(us), 620
[Intended-CLEANUP], 99.99PercentileLatency(us), 620
[Intended-UPDATE], Operations, 2496571
[Intended-UPDATE], AverageLatency(us), 319.2520901668729
[Intended-UPDATE], MinLatency(us), 169
[Intended-UPDATE], MaxLatency(us), 97663
[Intended-UPDATE], 50thPercentileLatency(us), 277
[Intended-UPDATE], 95thPercentileLatency(us), 377
[Intended-UPDATE], 99thPercentileLatency(us), 924
[Intended-UPDATE], 99.9PercentileLatency(us), 5271
[Intended-UPDATE], 99.99PercentileLatency(us), 39839
