java -cp /mnt/dev/YCSB-hreplace-dist/redis-binding/conf:/mnt/dev/YCSB-hreplace-dist/conf:/mnt/dev/YCSB-hreplace-dist/lib/htrace-core4-4.1.0-incubating.jar:/mnt/dev/YCSB-hreplace-dist/lib/slf4j-api-1.7.25.jar:/mnt/dev/YCSB-hreplace-dist/lib/jackson-mapper-asl-1.9.4.jar:/mnt/dev/YCSB-hreplace-dist/lib/HdrHistogram-2.1.12.jar:/mnt/dev/YCSB-hreplace-dist/lib/jackson-core-asl-1.9.4.jar:/mnt/dev/YCSB-hreplace-dist/lib/jedis-3.9.0.jar:/mnt/dev/YCSB-hreplace-dist/lib/core-0.18.0-SNAPSHOT.jar:/mnt/dev/YCSB-hreplace-dist/lib/commons-pool2-2.11.1.jar:/mnt/dev/YCSB-hreplace-dist/lib/redis-binding-0.18.0-SNAPSHOT.jar site.ycsb.Client -db site.ycsb.db.RedisClient -s -threads 256 -P /mnt/dev/YCSB-hreplace-dist/workloads/workloada -p recordcount=100000000 -p operationcount=5000000 -p fieldcount=10 -p fieldlength=128 -p fieldlengthdistribution=constant -p readallfields=true -p writeallfields=true -p insertorder=hashed -p requestdistribution=uniform -p readproportion=1 -p updateproportion=0 -p insertproportion=0 -p scanproportion=0 -p readmodifywriteproportion=0 -p measurementtype=hdrhistogram -p measurement.interval=both -p hdrhistogram.percentiles=50,95,99,99.9,99.99 -p status.interval=10 -p redis.host=172.16.0.4 -p redis.port=16379 -p redis.scanindex=none -p redis.timeout=10000 -p redis.cluster=false -p redis.updatecommand=hmset -t
Command line: -db site.ycsb.db.RedisClient -s -threads 256 -P /mnt/dev/YCSB-hreplace-dist/workloads/workloada -p recordcount=100000000 -p operationcount=5000000 -p fieldcount=10 -p fieldlength=128 -p fieldlengthdistribution=constant -p readallfields=true -p writeallfields=true -p insertorder=hashed -p requestdistribution=uniform -p readproportion=1 -p updateproportion=0 -p insertproportion=0 -p scanproportion=0 -p readmodifywriteproportion=0 -p measurementtype=hdrhistogram -p measurement.interval=both -p hdrhistogram.percentiles=50,95,99,99.9,99.99 -p status.interval=10 -p redis.host=172.16.0.4 -p redis.port=16379 -p redis.scanindex=none -p redis.timeout=10000 -p redis.cluster=false -p redis.updatecommand=hmset -t
YCSB Client 0.18.0-SNAPSHOT

Loading workload...
Starting test.
SLF4J: Failed to load class "org.slf4j.impl.StaticLoggerBinder".
SLF4J: Defaulting to no-operation (NOP) logger implementation
SLF4J: See http://www.slf4j.org/codes.html#StaticLoggerBinder for further details.
2026-09-13 15:39:13:878 0 sec: 0 operations; est completion in 0 second 
DBWrapper: report latency for each error is false and specific error codes to track for latency are: []
2026-09-13 15:39:23:838 10 sec: 4998795 operations; 499879.5 current ops/sec; est completion in 1 second [READ: Count=4998804, Max=89855, Min=217, Avg=466.18, 50=443, 90=568, 99=895, 99.9=3193, 99.99=7983] [CLEANUP: Count=251, Max=753, Min=14, Avg=47.13, 50=31, 90=95, 99=161, 99.9=753, 99.99=753] [Intended-READ: Count=4998862, Max=89855, Min=217, Avg=466.22, 50=443, 90=568, 99=895, 99.9=3193, 99.99=7983] [Intended-CLEANUP: Count=251, Max=754, Min=14, Avg=47.68, 50=31, 90=95, 99=162, 99.9=754, 99.99=754] 
2026-09-13 15:39:23:986 10 sec: 5000000 operations; 8141.89 current ops/sec; [READ: Count=1196, Max=474, Min=269, Avg=324.57, 50=313, 90=374, 99=412, 99.9=454, 99.99=474] [CLEANUP: Count=5, Max=57, Min=18, Avg=27, 50=20, 90=57, 99=57, 99.9=57, 99.99=57] [Intended-READ: Count=1138, Max=474, Min=269, Avg=324.28, 50=312, 90=373, 99=412, 99.9=454, 99.99=474] [Intended-CLEANUP: Count=5, Max=57, Min=18, Avg=27.4, 50=21, 90=57, 99=57, 99.9=57, 99.99=57] 
[OVERALL], RunTime(ms), 10148
[OVERALL], Throughput(ops/sec), 492707.9227433977
[TOTAL_GCS_G1_Young_Generation], Count, 75
[TOTAL_GC_TIME_G1_Young_Generation], Time(ms), 69
[TOTAL_GC_TIME_%_G1_Young_Generation], Time(%), 0.6799369333858889
[TOTAL_GCS_G1_Old_Generation], Count, 0
[TOTAL_GC_TIME_G1_Old_Generation], Time(ms), 0
[TOTAL_GC_TIME_%_G1_Old_Generation], Time(%), 0.0
[TOTAL_GCs], Count, 75
[TOTAL_GC_TIME], Time(ms), 69
[TOTAL_GC_TIME_%], Time(%), 0.6799369333858889
[READ], Operations, 5000000
[READ], AverageLatency(us), 466.1504616
[READ], MinLatency(us), 217
[READ], MaxLatency(us), 89855
[READ], 50thPercentileLatency(us), 443
[READ], 95thPercentileLatency(us), 622
[READ], 99thPercentileLatency(us), 895
[READ], 99.9PercentileLatency(us), 3193
[READ], 99.99PercentileLatency(us), 7979
[READ], Return=OK, 5000000
[CLEANUP], Operations, 256
[CLEANUP], AverageLatency(us), 46.73828125
[CLEANUP], MinLatency(us), 14
[CLEANUP], MaxLatency(us), 753
[CLEANUP], 50thPercentileLatency(us), 31
[CLEANUP], 95thPercentileLatency(us), 111
[CLEANUP], 99thPercentileLatency(us), 161
[CLEANUP], 99.9PercentileLatency(us), 753
[CLEANUP], 99.99PercentileLatency(us), 753
[Intended-READ], Operations, 5000000
[Intended-READ], AverageLatency(us), 466.188325
[Intended-READ], MinLatency(us), 217
[Intended-READ], MaxLatency(us), 89855
[Intended-READ], 50thPercentileLatency(us), 443
[Intended-READ], 95thPercentileLatency(us), 622
[Intended-READ], 99thPercentileLatency(us), 895
[Intended-READ], 99.9PercentileLatency(us), 3193
[Intended-READ], 99.99PercentileLatency(us), 7979
[Intended-CLEANUP], Operations, 256
[Intended-CLEANUP], AverageLatency(us), 47.28515625
[Intended-CLEANUP], MinLatency(us), 14
[Intended-CLEANUP], MaxLatency(us), 754
[Intended-CLEANUP], 50thPercentileLatency(us), 31
[Intended-CLEANUP], 95thPercentileLatency(us), 111
[Intended-CLEANUP], 99thPercentileLatency(us), 162
[Intended-CLEANUP], 99.9PercentileLatency(us), 754
[Intended-CLEANUP], 99.99PercentileLatency(us), 754
