java -cp /mnt/dev/YCSB-hreplace-dist/redis-binding/conf:/mnt/dev/YCSB-hreplace-dist/conf:/mnt/dev/YCSB-hreplace-dist/lib/htrace-core4-4.1.0-incubating.jar:/mnt/dev/YCSB-hreplace-dist/lib/slf4j-api-1.7.25.jar:/mnt/dev/YCSB-hreplace-dist/lib/jackson-mapper-asl-1.9.4.jar:/mnt/dev/YCSB-hreplace-dist/lib/HdrHistogram-2.1.12.jar:/mnt/dev/YCSB-hreplace-dist/lib/jackson-core-asl-1.9.4.jar:/mnt/dev/YCSB-hreplace-dist/lib/jedis-3.9.0.jar:/mnt/dev/YCSB-hreplace-dist/lib/core-0.18.0-SNAPSHOT.jar:/mnt/dev/YCSB-hreplace-dist/lib/commons-pool2-2.11.1.jar:/mnt/dev/YCSB-hreplace-dist/lib/redis-binding-0.18.0-SNAPSHOT.jar site.ycsb.Client -db site.ycsb.db.RedisClient -s -threads 256 -P /mnt/dev/YCSB-hreplace-dist/workloads/workloada -p recordcount=100000000 -p operationcount=5000000 -p fieldcount=10 -p fieldlength=128 -p fieldlengthdistribution=constant -p readallfields=true -p writeallfields=true -p insertorder=hashed -p requestdistribution=uniform -p readproportion=1 -p updateproportion=0 -p insertproportion=0 -p scanproportion=0 -p readmodifywriteproportion=0 -p measurementtype=hdrhistogram -p measurement.interval=both -p hdrhistogram.percentiles=50,95,99,99.9,99.99 -p status.interval=10 -p redis.host=172.16.0.4 -p redis.port=16379 -p redis.scanindex=none -p redis.timeout=10000 -p redis.cluster=false -p redis.updatecommand=hmset -t
Command line: -db site.ycsb.db.RedisClient -s -threads 256 -P /mnt/dev/YCSB-hreplace-dist/workloads/workloada -p recordcount=100000000 -p operationcount=5000000 -p fieldcount=10 -p fieldlength=128 -p fieldlengthdistribution=constant -p readallfields=true -p writeallfields=true -p insertorder=hashed -p requestdistribution=uniform -p readproportion=1 -p updateproportion=0 -p insertproportion=0 -p scanproportion=0 -p readmodifywriteproportion=0 -p measurementtype=hdrhistogram -p measurement.interval=both -p hdrhistogram.percentiles=50,95,99,99.9,99.99 -p status.interval=10 -p redis.host=172.16.0.4 -p redis.port=16379 -p redis.scanindex=none -p redis.timeout=10000 -p redis.cluster=false -p redis.updatecommand=hmset -t
YCSB Client 0.18.0-SNAPSHOT

Loading workload...
Starting test.
SLF4J: Failed to load class "org.slf4j.impl.StaticLoggerBinder".
SLF4J: Defaulting to no-operation (NOP) logger implementation
SLF4J: See http://www.slf4j.org/codes.html#StaticLoggerBinder for further details.
2026-09-13 14:48:00:931 0 sec: 0 operations; est completion in 0 second 
DBWrapper: report latency for each error is false and specific error codes to track for latency are: []
2026-09-13 14:48:10:881 10 sec: 4925282 operations; 492528.2 current ops/sec; est completion in 1 second [READ: Count=4925443, Max=71039, Min=216, Avg=499.42, 50=457, 90=614, 99=1279, 99.9=4089, 99.99=16351] [CLEANUP: Count=156, Max=852, Min=16, Avg=61.83, 50=46, 90=105, 99=350, 99.9=852, 99.99=852] [Intended-READ: Count=4927446, Max=71039, Min=216, Avg=499.4, 50=457, 90=614, 99=1279, 99.9=4089, 99.99=16351] [Intended-CLEANUP: Count=159, Max=853, Min=17, Avg=61.8, 50=44, 90=106, 99=351, 99.9=853, 99.99=853] 
2026-09-13 14:48:11:940 11 sec: 5000000 operations; 70555.24 current ops/sec; [READ: Count=74557, Max=1142, Min=224, Avg=358.1, 50=349, 90=439, 99=504, 99.9=564, 99.99=655] [CLEANUP: Count=100, Max=58, Min=13, Avg=23.36, 50=21, 90=32, 99=52, 99.9=58, 99.99=58] [Intended-READ: Count=72554, Max=1142, Min=224, Avg=357.57, 50=349, 90=437, 99=500, 99.9=552, 99.99=650] [Intended-CLEANUP: Count=97, Max=58, Min=13, Avg=23.54, 50=21, 90=32, 99=58, 99.9=58, 99.99=58] 
[OVERALL], RunTime(ms), 11059
[OVERALL], Throughput(ops/sec), 452120.44488651777
[TOTAL_GCS_G1_Young_Generation], Count, 47
[TOTAL_GC_TIME_G1_Young_Generation], Time(ms), 57
[TOTAL_GC_TIME_%_G1_Young_Generation], Time(%), 0.5154173071706303
[TOTAL_GCS_G1_Old_Generation], Count, 0
[TOTAL_GC_TIME_G1_Old_Generation], Time(ms), 0
[TOTAL_GC_TIME_%_G1_Old_Generation], Time(%), 0.0
[TOTAL_GCs], Count, 47
[TOTAL_GC_TIME], Time(ms), 57
[TOTAL_GC_TIME_%], Time(%), 0.5154173071706303
[READ], Operations, 5000000
[READ], AverageLatency(us), 497.3104842
[READ], MinLatency(us), 216
[READ], MaxLatency(us), 71039
[READ], 50thPercentileLatency(us), 456
[READ], 95thPercentileLatency(us), 729
[READ], 99thPercentileLatency(us), 1274
[READ], 99.9PercentileLatency(us), 4071
[READ], 99.99PercentileLatency(us), 16231
[READ], Return=OK, 5000000
[CLEANUP], Operations, 256
[CLEANUP], AverageLatency(us), 46.80078125
[CLEANUP], MinLatency(us), 13
[CLEANUP], MaxLatency(us), 852
[CLEANUP], 50thPercentileLatency(us), 31
[CLEANUP], 95thPercentileLatency(us), 116
[CLEANUP], 99thPercentileLatency(us), 269
[CLEANUP], 99.9PercentileLatency(us), 852
[CLEANUP], 99.99PercentileLatency(us), 852
[Intended-READ], Operations, 5000000
[Intended-READ], AverageLatency(us), 497.3465398
[Intended-READ], MinLatency(us), 216
[Intended-READ], MaxLatency(us), 71039
[Intended-READ], 50thPercentileLatency(us), 456
[Intended-READ], 95thPercentileLatency(us), 729
[Intended-READ], 99thPercentileLatency(us), 1274
[Intended-READ], 99.9PercentileLatency(us), 4071
[Intended-READ], 99.99PercentileLatency(us), 16231
[Intended-CLEANUP], Operations, 256
[Intended-CLEANUP], AverageLatency(us), 47.30078125
[Intended-CLEANUP], MinLatency(us), 13
[Intended-CLEANUP], MaxLatency(us), 853
[Intended-CLEANUP], 50thPercentileLatency(us), 31
[Intended-CLEANUP], 95thPercentileLatency(us), 117
[Intended-CLEANUP], 99thPercentileLatency(us), 269
[Intended-CLEANUP], 99.9PercentileLatency(us), 853
[Intended-CLEANUP], 99.99PercentileLatency(us), 853
