java -cp /mnt/dev/YCSB-hreplace-dist/redis-binding/conf:/mnt/dev/YCSB-hreplace-dist/conf:/mnt/dev/YCSB-hreplace-dist/lib/htrace-core4-4.1.0-incubating.jar:/mnt/dev/YCSB-hreplace-dist/lib/slf4j-api-1.7.25.jar:/mnt/dev/YCSB-hreplace-dist/lib/jackson-mapper-asl-1.9.4.jar:/mnt/dev/YCSB-hreplace-dist/lib/HdrHistogram-2.1.12.jar:/mnt/dev/YCSB-hreplace-dist/lib/jackson-core-asl-1.9.4.jar:/mnt/dev/YCSB-hreplace-dist/lib/jedis-3.9.0.jar:/mnt/dev/YCSB-hreplace-dist/lib/core-0.18.0-SNAPSHOT.jar:/mnt/dev/YCSB-hreplace-dist/lib/commons-pool2-2.11.1.jar:/mnt/dev/YCSB-hreplace-dist/lib/redis-binding-0.18.0-SNAPSHOT.jar site.ycsb.Client -db site.ycsb.db.RedisClient -s -threads 256 -P /mnt/dev/YCSB-hreplace-dist/workloads/workloada -target 100000 -p recordcount=100000000 -p operationcount=1000000 -p fieldcount=10 -p fieldlength=128 -p fieldlengthdistribution=constant -p readallfields=true -p writeallfields=true -p insertorder=hashed -p requestdistribution=uniform -p readproportion=0.5 -p updateproportion=0.5 -p insertproportion=0 -p scanproportion=0 -p readmodifywriteproportion=0 -p measurementtype=hdrhistogram -p measurement.interval=both -p hdrhistogram.percentiles=50,95,99,99.9,99.99 -p status.interval=10 -p redis.host=172.16.0.4 -p redis.port=16379 -p redis.scanindex=none -p redis.timeout=10000 -p redis.cluster=false -p redis.updatecommand=keylane.hreplace -t
Command line: -db site.ycsb.db.RedisClient -s -threads 256 -P /mnt/dev/YCSB-hreplace-dist/workloads/workloada -target 100000 -p recordcount=100000000 -p operationcount=1000000 -p fieldcount=10 -p fieldlength=128 -p fieldlengthdistribution=constant -p readallfields=true -p writeallfields=true -p insertorder=hashed -p requestdistribution=uniform -p readproportion=0.5 -p updateproportion=0.5 -p insertproportion=0 -p scanproportion=0 -p readmodifywriteproportion=0 -p measurementtype=hdrhistogram -p measurement.interval=both -p hdrhistogram.percentiles=50,95,99,99.9,99.99 -p status.interval=10 -p redis.host=172.16.0.4 -p redis.port=16379 -p redis.scanindex=none -p redis.timeout=10000 -p redis.cluster=false -p redis.updatecommand=keylane.hreplace -t
YCSB Client 0.18.0-SNAPSHOT

Loading workload...
Starting test.
SLF4J: Failed to load class "org.slf4j.impl.StaticLoggerBinder".
SLF4J: Defaulting to no-operation (NOP) logger implementation
SLF4J: See http://www.slf4j.org/codes.html#StaticLoggerBinder for further details.
2026-09-13 16:08:30:044 0 sec: 0 operations; est completion in 0 second 
DBWrapper: report latency for each error is false and specific error codes to track for latency are: []
2026-09-13 16:08:39:987 10 sec: 991618 operations; 99161.8 current ops/sec; est completion in 1 second [READ: Count=495314, Max=45791, Min=160, Avg=352.36, 50=300, 90=366, 99=1879, 99.9=5239, 99.99=12207] [UPDATE: Count=496601, Max=48767, Min=150, Avg=310.48, 50=221, 90=290, 99=3193, 99.9=6343, 99.99=21567] [Intended-READ: Count=495652, Max=162175, Min=196, Avg=1140.32, 50=359, 90=432, 99=28351, 99.9=93951, 99.99=128319] [Intended-UPDATE: Count=496842, Max=157311, Min=171, Avg=1080.44, 50=280, 90=352, 99=28671, 99.9=94719, 99.99=129535] 
2026-09-13 16:08:40:089 10 sec: 1000000 operations; 82990.1 current ops/sec; [READ: Count=4121, Max=1210, Min=201, Avg=299.62, 50=294, 90=336, 99=426, 99.9=571, 99.99=1210] [CLEANUP: Count=256, Max=701, Min=10, Avg=27.38, 50=16, 90=29, 99=279, 99.9=701, 99.99=701] [UPDATE: Count=3964, Max=1419, Min=162, Avg=224.33, 50=217, 90=257, 99=377, 99.9=596, 99.99=1419] [Intended-READ: Count=3783, Max=1270, Min=233, Avg=356.47, 50=353, 90=395, 99=482, 99.9=633, 99.99=1270] [Intended-CLEANUP: Count=256, Max=701, Min=10, Avg=27.67, 50=16, 90=29, 99=279, 99.9=701, 99.99=701] [Intended-UPDATE: Count=3723, Max=1482, Min=187, Avg=282.41, 50=276, 90=316, 99=440, 99.9=752, 99.99=1482] 
[OVERALL], RunTime(ms), 10101
[OVERALL], Throughput(ops/sec), 99000.099000099
[TOTAL_GCS_G1_Young_Generation], Count, 29
[TOTAL_GC_TIME_G1_Young_Generation], Time(ms), 30
[TOTAL_GC_TIME_%_G1_Young_Generation], Time(%), 0.297000297000297
[TOTAL_GCS_G1_Old_Generation], Count, 0
[TOTAL_GC_TIME_G1_Old_Generation], Time(ms), 0
[TOTAL_GC_TIME_%_G1_Old_Generation], Time(%), 0.0
[TOTAL_GCs], Count, 29
[TOTAL_GC_TIME], Time(ms), 30
[TOTAL_GC_TIME_%], Time(%), 0.297000297000297
[READ], Operations, 499435
[READ], AverageLatency(us), 351.92105679417745
[READ], MinLatency(us), 160
[READ], MaxLatency(us), 45791
[READ], 50thPercentileLatency(us), 300
[READ], 95thPercentileLatency(us), 420
[READ], 99thPercentileLatency(us), 1867
[READ], 99.9PercentileLatency(us), 5235
[READ], 99.99PercentileLatency(us), 12207
[READ], Return=OK, 499435
[CLEANUP], Operations, 256
[CLEANUP], AverageLatency(us), 27.3828125
[CLEANUP], MinLatency(us), 10
[CLEANUP], MaxLatency(us), 701
[CLEANUP], 50thPercentileLatency(us), 16
[CLEANUP], 95thPercentileLatency(us), 49
[CLEANUP], 99thPercentileLatency(us), 279
[CLEANUP], 99.9PercentileLatency(us), 701
[CLEANUP], 99.99PercentileLatency(us), 701
[UPDATE], Operations, 500565
[UPDATE], AverageLatency(us), 309.79516346528425
[UPDATE], MinLatency(us), 150
[UPDATE], MaxLatency(us), 48767
[UPDATE], 50thPercentileLatency(us), 221
[UPDATE], 95thPercentileLatency(us), 365
[UPDATE], 99thPercentileLatency(us), 3183
[UPDATE], 99.9PercentileLatency(us), 6331
[UPDATE], 99.99PercentileLatency(us), 21263
[UPDATE], Return=OK, 500565
[Intended-READ], Operations, 499435
[Intended-READ], AverageLatency(us), 1134.381653268193
[Intended-READ], MinLatency(us), 196
[Intended-READ], MaxLatency(us), 162175
[Intended-READ], 50thPercentileLatency(us), 359
[Intended-READ], 95thPercentileLatency(us), 535
[Intended-READ], 99thPercentileLatency(us), 28223
[Intended-READ], 99.9PercentileLatency(us), 93759
[Intended-READ], 99.99PercentileLatency(us), 128319
[Intended-CLEANUP], Operations, 256
[Intended-CLEANUP], AverageLatency(us), 27.66796875
[Intended-CLEANUP], MinLatency(us), 10
[Intended-CLEANUP], MaxLatency(us), 701
[Intended-CLEANUP], 50thPercentileLatency(us), 16
[Intended-CLEANUP], 95thPercentileLatency(us), 49
[Intended-CLEANUP], 99thPercentileLatency(us), 279
[Intended-CLEANUP], 99.9PercentileLatency(us), 701
[Intended-CLEANUP], 99.99PercentileLatency(us), 701
[Intended-UPDATE], Operations, 500565
[Intended-UPDATE], AverageLatency(us), 1074.503049554004
[Intended-UPDATE], MinLatency(us), 171
[Intended-UPDATE], MaxLatency(us), 157311
[Intended-UPDATE], 50thPercentileLatency(us), 280
[Intended-UPDATE], 95thPercentileLatency(us), 457
[Intended-UPDATE], 99thPercentileLatency(us), 28463
[Intended-UPDATE], 99.9PercentileLatency(us), 94527
[Intended-UPDATE], 99.99PercentileLatency(us), 129279
