java -cp /mnt/dev/YCSB-hreplace-dist/redis-binding/conf:/mnt/dev/YCSB-hreplace-dist/conf:/mnt/dev/YCSB-hreplace-dist/lib/htrace-core4-4.1.0-incubating.jar:/mnt/dev/YCSB-hreplace-dist/lib/slf4j-api-1.7.25.jar:/mnt/dev/YCSB-hreplace-dist/lib/jackson-mapper-asl-1.9.4.jar:/mnt/dev/YCSB-hreplace-dist/lib/HdrHistogram-2.1.12.jar:/mnt/dev/YCSB-hreplace-dist/lib/jackson-core-asl-1.9.4.jar:/mnt/dev/YCSB-hreplace-dist/lib/jedis-3.9.0.jar:/mnt/dev/YCSB-hreplace-dist/lib/core-0.18.0-SNAPSHOT.jar:/mnt/dev/YCSB-hreplace-dist/lib/commons-pool2-2.11.1.jar:/mnt/dev/YCSB-hreplace-dist/lib/redis-binding-0.18.0-SNAPSHOT.jar site.ycsb.Client -db site.ycsb.db.RedisClient -s -threads 256 -P /mnt/dev/YCSB-hreplace-dist/workloads/workloada -p recordcount=100000000 -p operationcount=1000000 -p fieldcount=10 -p fieldlength=128 -p fieldlengthdistribution=constant -p readallfields=true -p writeallfields=true -p insertorder=hashed -p requestdistribution=uniform -p readproportion=0.5 -p updateproportion=0.5 -p insertproportion=0 -p scanproportion=0 -p readmodifywriteproportion=0 -p measurementtype=hdrhistogram -p measurement.interval=op -p hdrhistogram.percentiles=50,95,99,99.9,99.99 -p status.interval=10 -p redis.host=172.16.0.4 -p redis.port=16379 -p redis.scanindex=none -p redis.timeout=10000 -p redis.cluster=false -p redis.updatecommand=keylane.hreplace -t
Command line: -db site.ycsb.db.RedisClient -s -threads 256 -P /mnt/dev/YCSB-hreplace-dist/workloads/workloada -p recordcount=100000000 -p operationcount=1000000 -p fieldcount=10 -p fieldlength=128 -p fieldlengthdistribution=constant -p readallfields=true -p writeallfields=true -p insertorder=hashed -p requestdistribution=uniform -p readproportion=0.5 -p updateproportion=0.5 -p insertproportion=0 -p scanproportion=0 -p readmodifywriteproportion=0 -p measurementtype=hdrhistogram -p measurement.interval=op -p hdrhistogram.percentiles=50,95,99,99.9,99.99 -p status.interval=10 -p redis.host=172.16.0.4 -p redis.port=16379 -p redis.scanindex=none -p redis.timeout=10000 -p redis.cluster=false -p redis.updatecommand=keylane.hreplace -t
YCSB Client 0.18.0-SNAPSHOT

Loading workload...
Starting test.
SLF4J: Failed to load class "org.slf4j.impl.StaticLoggerBinder".
SLF4J: Defaulting to no-operation (NOP) logger implementation
SLF4J: See http://www.slf4j.org/codes.html#StaticLoggerBinder for further details.
2026-09-13 16:35:21:449 0 sec: 0 operations; est completion in 0 second 
DBWrapper: report latency for each error is false and specific error codes to track for latency are: []
2026-09-13 16:35:24:118 2 sec: 1000000 operations; 366568.91 current ops/sec; [READ: Count=500009, Max=134399, Min=202, Avg=647.87, 50=510, 90=759, 99=3351, 99.9=6343, 99.99=89983] [CLEANUP: Count=256, Max=736, Min=13, Avg=34.37, 50=26, 90=56, 99=121, 99.9=736, 99.99=736] [UPDATE: Count=499991, Max=133375, Min=161, Avg=526.66, 50=383, 90=614, 99=2841, 99.9=6643, 99.99=86015] 
[OVERALL], RunTime(ms), 2727
[OVERALL], Throughput(ops/sec), 366703.3370003667
[TOTAL_GCS_G1_Young_Generation], Count, 22
[TOTAL_GC_TIME_G1_Young_Generation], Time(ms), 39
[TOTAL_GC_TIME_%_G1_Young_Generation], Time(%), 1.4301430143014302
[TOTAL_GCS_G1_Old_Generation], Count, 0
[TOTAL_GC_TIME_G1_Old_Generation], Time(ms), 0
[TOTAL_GC_TIME_%_G1_Old_Generation], Time(%), 0.0
[TOTAL_GCs], Count, 22
[TOTAL_GC_TIME], Time(ms), 39
[TOTAL_GC_TIME_%], Time(%), 1.4301430143014302
[READ], Operations, 500009
[READ], AverageLatency(us), 647.8699423410378
[READ], MinLatency(us), 202
[READ], MaxLatency(us), 134399
[READ], 50thPercentileLatency(us), 510
[READ], 95thPercentileLatency(us), 1164
[READ], 99thPercentileLatency(us), 3351
[READ], 99.9PercentileLatency(us), 6343
[READ], 99.99PercentileLatency(us), 89983
[READ], Return=OK, 500009
[CLEANUP], Operations, 256
[CLEANUP], AverageLatency(us), 34.3671875
[CLEANUP], MinLatency(us), 13
[CLEANUP], MaxLatency(us), 736
[CLEANUP], 50thPercentileLatency(us), 26
[CLEANUP], 95thPercentileLatency(us), 73
[CLEANUP], 99thPercentileLatency(us), 121
[CLEANUP], 99.9PercentileLatency(us), 736
[CLEANUP], 99.99PercentileLatency(us), 736
[UPDATE], Operations, 499991
[UPDATE], AverageLatency(us), 526.66049388889
[UPDATE], MinLatency(us), 161
[UPDATE], MaxLatency(us), 133375
[UPDATE], 50thPercentileLatency(us), 383
[UPDATE], 95thPercentileLatency(us), 1065
[UPDATE], 99thPercentileLatency(us), 2841
[UPDATE], 99.9PercentileLatency(us), 6643
[UPDATE], 99.99PercentileLatency(us), 86015
[UPDATE], Return=OK, 499991
