java -cp /mnt/dev/YCSB-aerospike-dist/aerospike-binding/conf:/mnt/dev/YCSB-aerospike-dist/conf:/mnt/dev/YCSB-aerospike-dist/lib/aerospike-client-3.1.2.jar:/mnt/dev/YCSB-aerospike-dist/lib/htrace-core4-4.1.0-incubating.jar:/mnt/dev/YCSB-aerospike-dist/lib/jbcrypt-0.3m.jar:/mnt/dev/YCSB-aerospike-dist/lib/jackson-mapper-asl-1.9.4.jar:/mnt/dev/YCSB-aerospike-dist/lib/aerospike-binding-0.18.0-SNAPSHOT.jar:/mnt/dev/YCSB-aerospike-dist/lib/HdrHistogram-2.1.12.jar:/mnt/dev/YCSB-aerospike-dist/lib/jackson-core-asl-1.9.4.jar:/mnt/dev/YCSB-aerospike-dist/lib/core-0.18.0-SNAPSHOT.jar:/mnt/dev/YCSB-aerospike-dist/lib/luaj-jse-3.0.jar:/mnt/dev/YCSB-aerospike-dist/lib/gnu-crypto-2.0.1.jar site.ycsb.Client -db site.ycsb.db.AerospikeClient -s -threads 256 -P /mnt/dev/YCSB-aerospike-dist/workloads/workloada -p recordcount=100000000 -p operationcount=5000000 -p fieldcount=10 -p fieldlength=128 -p fieldlengthdistribution=constant -p readallfields=true -p writeallfields=true -p insertorder=hashed -p requestdistribution=uniform -p readproportion=0.5 -p updateproportion=0.5 -p insertproportion=0 -p scanproportion=0 -p readmodifywriteproportion=0 -p measurementtype=hdrhistogram -p measurement.interval=both -p hdrhistogram.percentiles=50,95,99,99.9,99.99 -p status.interval=10 -p as.host=172.16.0.4 -p as.port=3000 -p as.namespace=ycsb -p as.timeout=10000 -t
Command line: -db site.ycsb.db.AerospikeClient -s -threads 256 -P /mnt/dev/YCSB-aerospike-dist/workloads/workloada -p recordcount=100000000 -p operationcount=5000000 -p fieldcount=10 -p fieldlength=128 -p fieldlengthdistribution=constant -p readallfields=true -p writeallfields=true -p insertorder=hashed -p requestdistribution=uniform -p readproportion=0.5 -p updateproportion=0.5 -p insertproportion=0 -p scanproportion=0 -p readmodifywriteproportion=0 -p measurementtype=hdrhistogram -p measurement.interval=both -p hdrhistogram.percentiles=50,95,99,99.9,99.99 -p status.interval=10 -p as.host=172.16.0.4 -p as.port=3000 -p as.namespace=ycsb -p as.timeout=10000 -t
YCSB Client 0.18.0-SNAPSHOT

Loading workload...
Starting test.
2026-09-13 16:41:12:810 0 sec: 0 operations; est completion in 0 second 
DBWrapper: report latency for each error is false and specific error codes to track for latency are: []
2026-09-13 16:41:22:749 10 sec: 4495571 operations; 449557.1 current ops/sec; est completion in 2 second [READ: Count=2247978, Max=143615, Min=164, Avg=598.5, 50=466, 90=732, 99=3593, 99.9=14623, 99.99=31599] [CLEANUP: Count=4, Max=1342, Min=113, Avg=522.25, 50=140, 90=1342, 99=1342, 99.9=1342, 99.99=1342] [UPDATE: Count=2252821, Max=146303, Min=153, Avg=471.59, 50=353, 90=592, 99=3021, 99.9=13239, 99.99=28767] [Intended-READ: Count=2254975, Max=143615, Min=164, Avg=598.76, 50=466, 90=732, 99=3605, 99.9=14615, 99.99=31583] [Intended-CLEANUP: Count=4, Max=1343, Min=114, Avg=528.75, 50=141, 90=1343, 99=1343, 99.9=1343, 99.99=1343] [Intended-UPDATE: Count=2256590, Max=146303, Min=153, Avg=471.61, 50=353, 90=592, 99=3023, 99.9=13231, 99.99=28767] 
2026-09-13 16:41:24:426 11 sec: 5000000 operations; 300792.49 current ops/sec; [READ: Count=252164, Max=32575, Min=182, Avg=513.17, 50=416, 90=646, 99=2537, 99.9=10831, 99.99=23295] [CLEANUP: Count=252, Max=413, Min=25, Avg=54.12, 50=43, 90=83, 99=197, 99.9=413, 99.99=413] [UPDATE: Count=247037, Max=32223, Min=152, Avg=400.81, 50=316, 90=519, 99=1936, 99.9=10023, 99.99=23359] [Intended-READ: Count=245167, Max=32575, Min=183, Avg=508.73, 50=415, 90=643, 99=2351, 99.9=10911, 99.99=23455] [Intended-CLEANUP: Count=252, Max=413, Min=25, Avg=54.47, 50=44, 90=84, 99=198, 99.9=413, 99.99=413] [Intended-UPDATE: Count=243268, Max=32223, Min=152, Avg=399.87, 50=315, 90=519, 99=1914, 99.9=10103, 99.99=23359] 
[OVERALL], RunTime(ms), 11677
[OVERALL], Throughput(ops/sec), 428192.172647084
[TOTAL_GCS_G1_Young_Generation], Count, 49
[TOTAL_GC_TIME_G1_Young_Generation], Time(ms), 80
[TOTAL_GC_TIME_%_G1_Young_Generation], Time(%), 0.6851074762353344
[TOTAL_GCS_G1_Old_Generation], Count, 0
[TOTAL_GC_TIME_G1_Old_Generation], Time(ms), 0
[TOTAL_GC_TIME_%_G1_Old_Generation], Time(%), 0.0
[TOTAL_GCs], Count, 49
[TOTAL_GC_TIME], Time(ms), 80
[TOTAL_GC_TIME_%], Time(%), 0.6851074762353344
[READ], Operations, 2500142
[READ], AverageLatency(us), 589.8918217445249
[READ], MinLatency(us), 164
[READ], MaxLatency(us), 143615
[READ], 50thPercentileLatency(us), 461
[READ], 95thPercentileLatency(us), 891
[READ], 99thPercentileLatency(us), 3469
[READ], 99.9PercentileLatency(us), 14407
[READ], 99.99PercentileLatency(us), 30527
[READ], Return=OK, 2500142
[CLEANUP], Operations, 256
[CLEANUP], AverageLatency(us), 61.43359375
[CLEANUP], MinLatency(us), 25
[CLEANUP], MaxLatency(us), 1342
[CLEANUP], 50thPercentileLatency(us), 44
[CLEANUP], 95thPercentileLatency(us), 127
[CLEANUP], 99thPercentileLatency(us), 413
[CLEANUP], 99.9PercentileLatency(us), 1342
[CLEANUP], 99.99PercentileLatency(us), 1342
[UPDATE], Operations, 2499858
[UPDATE], AverageLatency(us), 464.5913915910424
[UPDATE], MinLatency(us), 152
[UPDATE], MaxLatency(us), 146303
[UPDATE], 50thPercentileLatency(us), 349
[UPDATE], 95thPercentileLatency(us), 747
[UPDATE], 99thPercentileLatency(us), 2913
[UPDATE], 99.9PercentileLatency(us), 13015
[UPDATE], 99.99PercentileLatency(us), 28527
[UPDATE], Return=OK, 2499858
[Intended-READ], Operations, 2500142
[Intended-READ], AverageLatency(us), 589.9332433917754
[Intended-READ], MinLatency(us), 164
[Intended-READ], MaxLatency(us), 143615
[Intended-READ], 50thPercentileLatency(us), 461
[Intended-READ], 95thPercentileLatency(us), 891
[Intended-READ], 99thPercentileLatency(us), 3469
[Intended-READ], 99.9PercentileLatency(us), 14407
[Intended-READ], 99.99PercentileLatency(us), 30527
[Intended-CLEANUP], Operations, 256
[Intended-CLEANUP], AverageLatency(us), 61.87890625
[Intended-CLEANUP], MinLatency(us), 25
[Intended-CLEANUP], MaxLatency(us), 1343
[Intended-CLEANUP], 50thPercentileLatency(us), 44
[Intended-CLEANUP], 95thPercentileLatency(us), 128
[Intended-CLEANUP], 99thPercentileLatency(us), 413
[Intended-CLEANUP], 99.9PercentileLatency(us), 1343
[Intended-CLEANUP], 99.99PercentileLatency(us), 1343
[Intended-UPDATE], Operations, 2499858
[Intended-UPDATE], AverageLatency(us), 464.63183268809667
[Intended-UPDATE], MinLatency(us), 152
[Intended-UPDATE], MaxLatency(us), 146303
[Intended-UPDATE], 50thPercentileLatency(us), 349
[Intended-UPDATE], 95thPercentileLatency(us), 747
[Intended-UPDATE], 99thPercentileLatency(us), 2913
[Intended-UPDATE], 99.9PercentileLatency(us), 13015
[Intended-UPDATE], 99.99PercentileLatency(us), 28527
