java -cp /mnt/dev/YCSB-hreplace-dist/redis-binding/conf:/mnt/dev/YCSB-hreplace-dist/conf:/mnt/dev/YCSB-hreplace-dist/lib/htrace-core4-4.1.0-incubating.jar:/mnt/dev/YCSB-hreplace-dist/lib/slf4j-api-1.7.25.jar:/mnt/dev/YCSB-hreplace-dist/lib/jackson-mapper-asl-1.9.4.jar:/mnt/dev/YCSB-hreplace-dist/lib/HdrHistogram-2.1.12.jar:/mnt/dev/YCSB-hreplace-dist/lib/jackson-core-asl-1.9.4.jar:/mnt/dev/YCSB-hreplace-dist/lib/jedis-3.9.0.jar:/mnt/dev/YCSB-hreplace-dist/lib/core-0.18.0-SNAPSHOT.jar:/mnt/dev/YCSB-hreplace-dist/lib/commons-pool2-2.11.1.jar:/mnt/dev/YCSB-hreplace-dist/lib/redis-binding-0.18.0-SNAPSHOT.jar site.ycsb.Client -db site.ycsb.db.RedisClient -s -threads 256 -P /mnt/dev/YCSB-hreplace-dist/workloads/workloada -target 100000 -p recordcount=100000000 -p operationcount=5000000 -p fieldcount=10 -p fieldlength=128 -p fieldlengthdistribution=constant -p readallfields=true -p writeallfields=true -p insertorder=hashed -p requestdistribution=uniform -p readproportion=1 -p updateproportion=0 -p insertproportion=0 -p scanproportion=0 -p readmodifywriteproportion=0 -p measurementtype=hdrhistogram -p measurement.interval=both -p hdrhistogram.percentiles=50,95,99,99.9,99.99 -p status.interval=10 -p redis.host=172.16.0.4 -p redis.port=16379 -p redis.scanindex=none -p redis.timeout=10000 -p redis.cluster=false -p redis.updatecommand=keylane.hreplace -t
Command line: -db site.ycsb.db.RedisClient -s -threads 256 -P /mnt/dev/YCSB-hreplace-dist/workloads/workloada -target 100000 -p recordcount=100000000 -p operationcount=5000000 -p fieldcount=10 -p fieldlength=128 -p fieldlengthdistribution=constant -p readallfields=true -p writeallfields=true -p insertorder=hashed -p requestdistribution=uniform -p readproportion=1 -p updateproportion=0 -p insertproportion=0 -p scanproportion=0 -p readmodifywriteproportion=0 -p measurementtype=hdrhistogram -p measurement.interval=both -p hdrhistogram.percentiles=50,95,99,99.9,99.99 -p status.interval=10 -p redis.host=172.16.0.4 -p redis.port=16379 -p redis.scanindex=none -p redis.timeout=10000 -p redis.cluster=false -p redis.updatecommand=keylane.hreplace -t
YCSB Client 0.18.0-SNAPSHOT

Loading workload...
Starting test.
SLF4J: Failed to load class "org.slf4j.impl.StaticLoggerBinder".
SLF4J: Defaulting to no-operation (NOP) logger implementation
SLF4J: See http://www.slf4j.org/codes.html#StaticLoggerBinder for further details.
2026-09-13 16:30:25:184 0 sec: 0 operations; est completion in 0 second 
DBWrapper: report latency for each error is false and specific error codes to track for latency are: []
2026-09-13 16:30:35:138 10 sec: 992170 operations; 99207.08 current ops/sec; est completion in 41 seconds [READ: Count=992252, Max=35647, Min=208, Avg=312.58, 50=296, 90=372, 99=477, 99.9=1478, 99.99=10007] [Intended-READ: Count=992749, Max=90623, Min=227, Avg=536.12, 50=355, 90=432, 99=996, 99.9=49727, 99.99=78591] 
2026-09-13 16:30:45:138 20 sec: 1992177 operations; 100000.7 current ops/sec; est completion in 31 seconds [READ: Count=999960, Max=3081, Min=212, Avg=307.66, 50=297, 90=371, 99=451, 99.9=574, 99.99=1180] [Intended-READ: Count=999602, Max=3147, Min=226, Avg=366.18, 50=355, 90=431, 99=515, 99.9=1010, 99.99=1301] 
2026-09-13 16:30:55:138 30 sec: 2992160 operations; 100008.3 current ops/sec; est completion in 21 seconds [READ: Count=999994, Max=1522, Min=209, Avg=306.89, 50=296, 90=370, 99=452, 99.9=577, 99.99=1104] [Intended-READ: Count=1000029, Max=1696, Min=228, Avg=365.31, 50=355, 90=429, 99=515, 99.9=976, 99.99=1246] 
2026-09-13 16:31:05:139 40 sec: 3992155 operations; 99989.5 current ops/sec; est completion in 11 seconds [READ: Count=1000085, Max=1927, Min=208, Avg=309.02, 50=297, 90=375, 99=458, 99.9=587, 99.99=1177] [Intended-READ: Count=1000071, Max=1984, Min=233, Avg=367.59, 50=356, 90=435, 99=521, 99.9=1010, 99.99=1301] 
2026-09-13 16:31:15:138 50 sec: 4992170 operations; 100011.5 current ops/sec; est completion in 1 second [READ: Count=999926, Max=1567, Min=209, Avg=309.52, 50=298, 90=375, 99=456, 99.9=582, 99.99=1153] [Intended-READ: Count=999820, Max=1579, Min=228, Avg=367.92, 50=357, 90=434, 99=519, 99.9=979, 99.99=1301] 
2026-09-13 16:31:15:236 50 sec: 5000000 operations; 79090.91 current ops/sec; [READ: Count=7783, Max=2807, Min=216, Avg=307.11, 50=297, 90=370, 99=446, 99.9=595, 99.99=2807] [CLEANUP: Count=256, Max=676, Min=11, Avg=27.64, 50=15, 90=25, 99=563, 99.9=676, 99.99=676] [Intended-READ: Count=7729, Max=2867, Min=253, Avg=364.85, 50=356, 90=429, 99=505, 99.9=661, 99.99=2867] [Intended-CLEANUP: Count=256, Max=676, Min=11, Avg=27.85, 50=15, 90=25, 99=563, 99.9=676, 99.99=676] 
[OVERALL], RunTime(ms), 50098
[OVERALL], Throughput(ops/sec), 99804.38340851931
[TOTAL_GCS_G1_Young_Generation], Count, 91
[TOTAL_GC_TIME_G1_Young_Generation], Time(ms), 70
[TOTAL_GC_TIME_%_G1_Young_Generation], Time(%), 0.13972613677192702
[TOTAL_GCS_G1_Old_Generation], Count, 0
[TOTAL_GC_TIME_G1_Old_Generation], Time(ms), 0
[TOTAL_GC_TIME_%_G1_Old_Generation], Time(%), 0.0
[TOTAL_GCs], Count, 91
[TOTAL_GC_TIME], Time(ms), 70
[TOTAL_GC_TIME_%], Time(%), 0.13972613677192702
[READ], Operations, 5000000
[READ], AverageLatency(us), 309.1254372
[READ], MinLatency(us), 208
[READ], MaxLatency(us), 35647
[READ], 50thPercentileLatency(us), 297
[READ], 95thPercentileLatency(us), 399
[READ], 99thPercentileLatency(us), 457
[READ], 99.9PercentileLatency(us), 866
[READ], 99.99PercentileLatency(us), 2045
[READ], Return=OK, 5000000
[CLEANUP], Operations, 256
[CLEANUP], AverageLatency(us), 27.63671875
[CLEANUP], MinLatency(us), 11
[CLEANUP], MaxLatency(us), 676
[CLEANUP], 50thPercentileLatency(us), 15
[CLEANUP], 95thPercentileLatency(us), 31
[CLEANUP], 99thPercentileLatency(us), 563
[CLEANUP], 99.9PercentileLatency(us), 676
[CLEANUP], 99.99PercentileLatency(us), 676
[Intended-READ], Operations, 5000000
[Intended-READ], AverageLatency(us), 400.3762932
[Intended-READ], MinLatency(us), 226
[Intended-READ], MaxLatency(us), 90623
[Intended-READ], 50thPercentileLatency(us), 355
[Intended-READ], 95thPercentileLatency(us), 459
[Intended-READ], 99thPercentileLatency(us), 526
[Intended-READ], 99.9PercentileLatency(us), 7419
[Intended-READ], 99.99PercentileLatency(us), 61535
[Intended-CLEANUP], Operations, 256
[Intended-CLEANUP], AverageLatency(us), 27.84765625
[Intended-CLEANUP], MinLatency(us), 11
[Intended-CLEANUP], MaxLatency(us), 676
[Intended-CLEANUP], 50thPercentileLatency(us), 15
[Intended-CLEANUP], 95thPercentileLatency(us), 32
[Intended-CLEANUP], 99thPercentileLatency(us), 563
[Intended-CLEANUP], 99.9PercentileLatency(us), 676
[Intended-CLEANUP], 99.99PercentileLatency(us), 676
