java -cp /mnt/dev/YCSB-hreplace-dist/redis-binding/conf:/mnt/dev/YCSB-hreplace-dist/conf:/mnt/dev/YCSB-hreplace-dist/lib/htrace-core4-4.1.0-incubating.jar:/mnt/dev/YCSB-hreplace-dist/lib/slf4j-api-1.7.25.jar:/mnt/dev/YCSB-hreplace-dist/lib/jackson-mapper-asl-1.9.4.jar:/mnt/dev/YCSB-hreplace-dist/lib/HdrHistogram-2.1.12.jar:/mnt/dev/YCSB-hreplace-dist/lib/jackson-core-asl-1.9.4.jar:/mnt/dev/YCSB-hreplace-dist/lib/jedis-3.9.0.jar:/mnt/dev/YCSB-hreplace-dist/lib/core-0.18.0-SNAPSHOT.jar:/mnt/dev/YCSB-hreplace-dist/lib/commons-pool2-2.11.1.jar:/mnt/dev/YCSB-hreplace-dist/lib/redis-binding-0.18.0-SNAPSHOT.jar site.ycsb.Client -db site.ycsb.db.RedisClient -s -threads 256 -P /mnt/dev/YCSB-hreplace-dist/workloads/workloada -target 100000 -p recordcount=100000000 -p operationcount=1000000 -p fieldcount=10 -p fieldlength=128 -p fieldlengthdistribution=constant -p readallfields=true -p writeallfields=true -p insertorder=hashed -p requestdistribution=uniform -p readproportion=0.5 -p updateproportion=0.5 -p insertproportion=0 -p scanproportion=0 -p readmodifywriteproportion=0 -p measurementtype=hdrhistogram -p measurement.interval=both -p hdrhistogram.percentiles=50,95,99,99.9,99.99 -p status.interval=10 -p redis.host=172.16.0.4 -p redis.port=16379 -p redis.scanindex=none -p redis.timeout=10000 -p redis.cluster=false -p redis.updatecommand=keylane.hreplace -t
Command line: -db site.ycsb.db.RedisClient -s -threads 256 -P /mnt/dev/YCSB-hreplace-dist/workloads/workloada -target 100000 -p recordcount=100000000 -p operationcount=1000000 -p fieldcount=10 -p fieldlength=128 -p fieldlengthdistribution=constant -p readallfields=true -p writeallfields=true -p insertorder=hashed -p requestdistribution=uniform -p readproportion=0.5 -p updateproportion=0.5 -p insertproportion=0 -p scanproportion=0 -p readmodifywriteproportion=0 -p measurementtype=hdrhistogram -p measurement.interval=both -p hdrhistogram.percentiles=50,95,99,99.9,99.99 -p status.interval=10 -p redis.host=172.16.0.4 -p redis.port=16379 -p redis.scanindex=none -p redis.timeout=10000 -p redis.cluster=false -p redis.updatecommand=keylane.hreplace -t
YCSB Client 0.18.0-SNAPSHOT

Loading workload...
Starting test.
SLF4J: Failed to load class "org.slf4j.impl.StaticLoggerBinder".
SLF4J: Defaulting to no-operation (NOP) logger implementation
SLF4J: See http://www.slf4j.org/codes.html#StaticLoggerBinder for further details.
2026-09-13 16:11:05:971 0 sec: 0 operations; est completion in 0 second 
DBWrapper: report latency for each error is false and specific error codes to track for latency are: []
2026-09-13 16:11:15:897 10 sec: 990691 operations; 99069.1 current ops/sec; est completion in 1 second [READ: Count=495477, Max=11447, Min=183, Avg=323.3, 50=297, 90=359, 99=756, 99.9=4155, 99.99=7191] [UPDATE: Count=495504, Max=12983, Min=151, Avg=241.02, 50=219, 90=280, 99=613, 99.9=2815, 99.99=4883] [Intended-READ: Count=495848, Max=71999, Min=206, Avg=463.64, 50=355, 90=421, 99=1623, 99.9=31711, 99.99=53663] [Intended-UPDATE: Count=495702, Max=75263, Min=167, Avg=383.25, 50=277, 90=342, 99=1374, 99.9=32111, 99.99=55519] 
2026-09-13 16:11:16:008 10 sec: 1000000 operations; 83864.86 current ops/sec; [READ: Count=4628, Max=2189, Min=221, Avg=312.5, 50=295, 90=355, 99=744, 99.9=1613, 99.99=2189] [CLEANUP: Count=256, Max=564, Min=10, Avg=24.78, 50=17, 90=31, 99=348, 99.9=564, 99.99=564] [UPDATE: Count=4391, Max=1955, Min=158, Avg=235.48, 50=217, 90=275, 99=641, 99.9=1649, 99.99=1955] [Intended-READ: Count=4257, Max=2249, Min=242, Avg=371.57, 50=354, 90=419, 99=901, 99.9=1673, 99.99=2249] [Intended-CLEANUP: Count=256, Max=565, Min=10, Avg=25.02, 50=17, 90=31, 99=349, 99.9=565, 99.99=565] [Intended-UPDATE: Count=4193, Max=2014, Min=189, Avg=293.94, 50=276, 90=336, 99=720, 99.9=1697, 99.99=2014] 
[OVERALL], RunTime(ms), 10110
[OVERALL], Throughput(ops/sec), 98911.96834817012
[TOTAL_GCS_G1_Young_Generation], Count, 29
[TOTAL_GC_TIME_G1_Young_Generation], Time(ms), 32
[TOTAL_GC_TIME_%_G1_Young_Generation], Time(%), 0.3165182987141444
[TOTAL_GCS_G1_Old_Generation], Count, 0
[TOTAL_GC_TIME_G1_Old_Generation], Time(ms), 0
[TOTAL_GC_TIME_%_G1_Old_Generation], Time(%), 0.0
[TOTAL_GCs], Count, 29
[TOTAL_GC_TIME], Time(ms), 32
[TOTAL_GC_TIME_%], Time(%), 0.3165182987141444
[READ], Operations, 500105
[READ], AverageLatency(us), 323.2022335309585
[READ], MinLatency(us), 183
[READ], MaxLatency(us), 11447
[READ], 50thPercentileLatency(us), 297
[READ], 95thPercentileLatency(us), 397
[READ], 99thPercentileLatency(us), 756
[READ], 99.9PercentileLatency(us), 4115
[READ], 99.99PercentileLatency(us), 7143
[READ], Return=OK, 500105
[CLEANUP], Operations, 256
[CLEANUP], AverageLatency(us), 24.78125
[CLEANUP], MinLatency(us), 10
[CLEANUP], MaxLatency(us), 564
[CLEANUP], 50thPercentileLatency(us), 17
[CLEANUP], 95thPercentileLatency(us), 34
[CLEANUP], 99thPercentileLatency(us), 348
[CLEANUP], 99.9PercentileLatency(us), 564
[CLEANUP], 99.99PercentileLatency(us), 564
[UPDATE], Operations, 499895
[UPDATE], AverageLatency(us), 240.97555686694207
[UPDATE], MinLatency(us), 151
[UPDATE], MaxLatency(us), 12983
[UPDATE], 50thPercentileLatency(us), 219
[UPDATE], 95thPercentileLatency(us), 317
[UPDATE], 99thPercentileLatency(us), 614
[UPDATE], 99.9PercentileLatency(us), 2809
[UPDATE], 99.99PercentileLatency(us), 4883
[UPDATE], Return=OK, 499895
[Intended-READ], Operations, 500105
[Intended-READ], AverageLatency(us), 462.85825376670897
[Intended-READ], MinLatency(us), 206
[Intended-READ], MaxLatency(us), 71999
[Intended-READ], 50thPercentileLatency(us), 355
[Intended-READ], 95thPercentileLatency(us), 465
[Intended-READ], 99thPercentileLatency(us), 1611
[Intended-READ], 99.9PercentileLatency(us), 31567
[Intended-READ], 99.99PercentileLatency(us), 53535
[Intended-CLEANUP], Operations, 256
[Intended-CLEANUP], AverageLatency(us), 25.0234375
[Intended-CLEANUP], MinLatency(us), 10
[Intended-CLEANUP], MaxLatency(us), 565
[Intended-CLEANUP], 50thPercentileLatency(us), 17
[Intended-CLEANUP], 95thPercentileLatency(us), 35
[Intended-CLEANUP], 99thPercentileLatency(us), 349
[Intended-CLEANUP], 99.9PercentileLatency(us), 565
[Intended-CLEANUP], 99.99PercentileLatency(us), 565
[Intended-UPDATE], Operations, 499895
[Intended-UPDATE], AverageLatency(us), 382.49900079016595
[Intended-UPDATE], MinLatency(us), 167
[Intended-UPDATE], MaxLatency(us), 75263
[Intended-UPDATE], 50thPercentileLatency(us), 277
[Intended-UPDATE], 95thPercentileLatency(us), 384
[Intended-UPDATE], 99thPercentileLatency(us), 1364
[Intended-UPDATE], 99.9PercentileLatency(us), 31983
[Intended-UPDATE], 99.99PercentileLatency(us), 55519
