java -cp /mnt/dev/YCSB-hreplace-dist/redis-binding/conf:/mnt/dev/YCSB-hreplace-dist/conf:/mnt/dev/YCSB-hreplace-dist/lib/htrace-core4-4.1.0-incubating.jar:/mnt/dev/YCSB-hreplace-dist/lib/slf4j-api-1.7.25.jar:/mnt/dev/YCSB-hreplace-dist/lib/jackson-mapper-asl-1.9.4.jar:/mnt/dev/YCSB-hreplace-dist/lib/HdrHistogram-2.1.12.jar:/mnt/dev/YCSB-hreplace-dist/lib/jackson-core-asl-1.9.4.jar:/mnt/dev/YCSB-hreplace-dist/lib/jedis-3.9.0.jar:/mnt/dev/YCSB-hreplace-dist/lib/core-0.18.0-SNAPSHOT.jar:/mnt/dev/YCSB-hreplace-dist/lib/commons-pool2-2.11.1.jar:/mnt/dev/YCSB-hreplace-dist/lib/redis-binding-0.18.0-SNAPSHOT.jar site.ycsb.Client -db site.ycsb.db.RedisClient -s -threads 256 -P /mnt/dev/YCSB-hreplace-dist/workloads/workloada -target 100000 -p recordcount=100000000 -p operationcount=1000000 -p fieldcount=10 -p fieldlength=128 -p fieldlengthdistribution=constant -p readallfields=true -p writeallfields=true -p insertorder=hashed -p requestdistribution=uniform -p readproportion=0.5 -p updateproportion=0.5 -p insertproportion=0 -p scanproportion=0 -p readmodifywriteproportion=0 -p measurementtype=hdrhistogram -p measurement.interval=both -p hdrhistogram.percentiles=50,95,99,99.9,99.99 -p status.interval=10 -p redis.host=172.16.0.4 -p redis.port=16379 -p redis.scanindex=none -p redis.timeout=10000 -p redis.cluster=false -p redis.updatecommand=hmset -t
Command line: -db site.ycsb.db.RedisClient -s -threads 256 -P /mnt/dev/YCSB-hreplace-dist/workloads/workloada -target 100000 -p recordcount=100000000 -p operationcount=1000000 -p fieldcount=10 -p fieldlength=128 -p fieldlengthdistribution=constant -p readallfields=true -p writeallfields=true -p insertorder=hashed -p requestdistribution=uniform -p readproportion=0.5 -p updateproportion=0.5 -p insertproportion=0 -p scanproportion=0 -p readmodifywriteproportion=0 -p measurementtype=hdrhistogram -p measurement.interval=both -p hdrhistogram.percentiles=50,95,99,99.9,99.99 -p status.interval=10 -p redis.host=172.16.0.4 -p redis.port=16379 -p redis.scanindex=none -p redis.timeout=10000 -p redis.cluster=false -p redis.updatecommand=hmset -t
YCSB Client 0.18.0-SNAPSHOT

Loading workload...
Starting test.
SLF4J: Failed to load class "org.slf4j.impl.StaticLoggerBinder".
SLF4J: Defaulting to no-operation (NOP) logger implementation
SLF4J: See http://www.slf4j.org/codes.html#StaticLoggerBinder for further details.
2026-09-13 15:31:32:704 0 sec: 0 operations; est completion in 0 second 
DBWrapper: report latency for each error is false and specific error codes to track for latency are: []
2026-09-13 15:31:42:648 10 sec: 991494 operations; 99149.4 current ops/sec; est completion in 1 second [READ: Count=496102, Max=11327, Min=165, Avg=317.81, 50=297, 90=351, 99=566, 99.9=3723, 99.99=6991] [UPDATE: Count=495709, Max=12087, Min=173, Avg=328.26, 50=304, 90=359, 99=785, 99.9=3917, 99.99=7019] [Intended-READ: Count=496465, Max=50655, Min=218, Avg=420.91, 50=356, 90=412, 99=1468, 99.9=15567, 99.99=39551] [Intended-UPDATE: Count=495882, Max=53823, Min=208, Avg=434.53, 50=363, 90=420, 99=1617, 99.9=17983, 99.99=41375] 
2026-09-13 15:31:42:754 10 sec: 1000000 operations; 79495.33 current ops/sec; [READ: Count=4276, Max=1561, Min=223, Avg=302.79, 50=295, 90=354, 99=424, 99.9=537, 99.99=1561] [CLEANUP: Count=256, Max=828, Min=10, Avg=31.62, 50=16, 90=26, 99=631, 99.9=828, 99.99=828] [UPDATE: Count=3913, Max=1329, Min=211, Avg=309.36, 50=302, 90=359, 99=425, 99.9=740, 99.99=1329] [Intended-READ: Count=3913, Max=1625, Min=252, Avg=360.89, 50=354, 90=412, 99=484, 99.9=691, 99.99=1625] [Intended-CLEANUP: Count=256, Max=828, Min=11, Avg=31.85, 50=16, 90=26, 99=632, 99.9=828, 99.99=828] [Intended-UPDATE: Count=3740, Max=1376, Min=257, Avg=366.85, 50=361, 90=417, 99=486, 99.9=614, 99.99=1376] 
[OVERALL], RunTime(ms), 10106
[OVERALL], Throughput(ops/sec), 98951.11814763506
[TOTAL_GCS_G1_Young_Generation], Count, 30
[TOTAL_GC_TIME_G1_Young_Generation], Time(ms), 29
[TOTAL_GC_TIME_%_G1_Young_Generation], Time(%), 0.28695824262814174
[TOTAL_GCS_G1_Old_Generation], Count, 0
[TOTAL_GC_TIME_G1_Old_Generation], Time(ms), 0
[TOTAL_GC_TIME_%_G1_Old_Generation], Time(%), 0.0
[TOTAL_GCs], Count, 30
[TOTAL_GC_TIME], Time(ms), 29
[TOTAL_GC_TIME_%], Time(%), 0.28695824262814174
[READ], Operations, 500378
[READ], AverageLatency(us), 317.68212831099686
[READ], MinLatency(us), 165
[READ], MaxLatency(us), 11327
[READ], 50thPercentileLatency(us), 297
[READ], 95thPercentileLatency(us), 381
[READ], 99thPercentileLatency(us), 561
[READ], 99.9PercentileLatency(us), 3715
[READ], 99.99PercentileLatency(us), 6991
[READ], Return=OK, 500378
[CLEANUP], Operations, 256
[CLEANUP], AverageLatency(us), 31.625
[CLEANUP], MinLatency(us), 10
[CLEANUP], MaxLatency(us), 828
[CLEANUP], 50thPercentileLatency(us), 16
[CLEANUP], 95thPercentileLatency(us), 40
[CLEANUP], 99thPercentileLatency(us), 631
[CLEANUP], 99.9PercentileLatency(us), 828
[CLEANUP], 99.99PercentileLatency(us), 828
[UPDATE], Operations, 499622
[UPDATE], AverageLatency(us), 328.11171045310255
[UPDATE], MinLatency(us), 173
[UPDATE], MaxLatency(us), 12087
[UPDATE], 50thPercentileLatency(us), 304
[UPDATE], 95thPercentileLatency(us), 393
[UPDATE], 99thPercentileLatency(us), 777
[UPDATE], 99.9PercentileLatency(us), 3907
[UPDATE], 99.99PercentileLatency(us), 7019
[UPDATE], Return=OK, 499622
[Intended-READ], Operations, 500378
[Intended-READ], AverageLatency(us), 420.4381927262989
[Intended-READ], MinLatency(us), 218
[Intended-READ], MaxLatency(us), 50655
[Intended-READ], 50thPercentileLatency(us), 356
[Intended-READ], 95thPercentileLatency(us), 447
[Intended-READ], 99thPercentileLatency(us), 1458
[Intended-READ], 99.9PercentileLatency(us), 15383
[Intended-READ], 99.99PercentileLatency(us), 39519
[Intended-CLEANUP], Operations, 256
[Intended-CLEANUP], AverageLatency(us), 31.84765625
[Intended-CLEANUP], MinLatency(us), 11
[Intended-CLEANUP], MaxLatency(us), 828
[Intended-CLEANUP], 50thPercentileLatency(us), 16
[Intended-CLEANUP], 95thPercentileLatency(us), 40
[Intended-CLEANUP], 99thPercentileLatency(us), 632
[Intended-CLEANUP], 99.9PercentileLatency(us), 828
[Intended-CLEANUP], 99.99PercentileLatency(us), 828
[Intended-UPDATE], Operations, 499622
[Intended-UPDATE], AverageLatency(us), 434.02802118401513
[Intended-UPDATE], MinLatency(us), 208
[Intended-UPDATE], MaxLatency(us), 53823
[Intended-UPDATE], 50thPercentileLatency(us), 363
[Intended-UPDATE], 95thPercentileLatency(us), 458
[Intended-UPDATE], 99thPercentileLatency(us), 1604
[Intended-UPDATE], 99.9PercentileLatency(us), 17823
[Intended-UPDATE], 99.99PercentileLatency(us), 41375
