java -cp /mnt/dev/YCSB-hreplace-dist/redis-binding/conf:/mnt/dev/YCSB-hreplace-dist/conf:/mnt/dev/YCSB-hreplace-dist/lib/htrace-core4-4.1.0-incubating.jar:/mnt/dev/YCSB-hreplace-dist/lib/slf4j-api-1.7.25.jar:/mnt/dev/YCSB-hreplace-dist/lib/jackson-mapper-asl-1.9.4.jar:/mnt/dev/YCSB-hreplace-dist/lib/HdrHistogram-2.1.12.jar:/mnt/dev/YCSB-hreplace-dist/lib/jackson-core-asl-1.9.4.jar:/mnt/dev/YCSB-hreplace-dist/lib/jedis-3.9.0.jar:/mnt/dev/YCSB-hreplace-dist/lib/core-0.18.0-SNAPSHOT.jar:/mnt/dev/YCSB-hreplace-dist/lib/commons-pool2-2.11.1.jar:/mnt/dev/YCSB-hreplace-dist/lib/redis-binding-0.18.0-SNAPSHOT.jar site.ycsb.Client -db site.ycsb.db.RedisClient -s -threads 256 -P /mnt/dev/YCSB-hreplace-dist/workloads/workloada -target 100000 -p recordcount=100000000 -p operationcount=5000000 -p fieldcount=10 -p fieldlength=128 -p fieldlengthdistribution=constant -p readallfields=true -p writeallfields=true -p insertorder=hashed -p requestdistribution=uniform -p readproportion=1 -p updateproportion=0 -p insertproportion=0 -p scanproportion=0 -p readmodifywriteproportion=0 -p measurementtype=hdrhistogram -p measurement.interval=both -p hdrhistogram.percentiles=50,95,99,99.9,99.99 -p status.interval=10 -p redis.host=172.16.0.4 -p redis.port=16379 -p redis.scanindex=none -p redis.timeout=10000 -p redis.cluster=false -p redis.updatecommand=keylane.hreplace -t
Command line: -db site.ycsb.db.RedisClient -s -threads 256 -P /mnt/dev/YCSB-hreplace-dist/workloads/workloada -target 100000 -p recordcount=100000000 -p operationcount=5000000 -p fieldcount=10 -p fieldlength=128 -p fieldlengthdistribution=constant -p readallfields=true -p writeallfields=true -p insertorder=hashed -p requestdistribution=uniform -p readproportion=1 -p updateproportion=0 -p insertproportion=0 -p scanproportion=0 -p readmodifywriteproportion=0 -p measurementtype=hdrhistogram -p measurement.interval=both -p hdrhistogram.percentiles=50,95,99,99.9,99.99 -p status.interval=10 -p redis.host=172.16.0.4 -p redis.port=16379 -p redis.scanindex=none -p redis.timeout=10000 -p redis.cluster=false -p redis.updatecommand=keylane.hreplace -t
YCSB Client 0.18.0-SNAPSHOT

Loading workload...
Starting test.
SLF4J: Failed to load class "org.slf4j.impl.StaticLoggerBinder".
SLF4J: Defaulting to no-operation (NOP) logger implementation
SLF4J: See http://www.slf4j.org/codes.html#StaticLoggerBinder for further details.
2026-09-13 16:12:37:944 0 sec: 0 operations; est completion in 0 second 
DBWrapper: report latency for each error is false and specific error codes to track for latency are: []
2026-09-13 16:12:47:903 10 sec: 991009 operations; 99090.99 current ops/sec; est completion in 41 seconds [READ: Count=991079, Max=24159, Min=211, Avg=314.85, 50=298, 90=381, 99=486, 99.9=1368, 99.99=2931] [Intended-READ: Count=991576, Max=76287, Min=236, Avg=469.8, 50=357, 90=442, 99=598, 99.9=37183, 99.99=63327] 
2026-09-13 16:12:57:903 20 sec: 1991014 operations; 100000.5 current ops/sec; est completion in 31 seconds [READ: Count=999973, Max=1482, Min=209, Avg=314.26, 50=301, 90=384, 99=471, 99.9=578, 99.99=1068] [Intended-READ: Count=999577, Max=2517, Min=232, Avg=372.87, 50=359, 90=444, 99=536, 99.9=946, 99.99=1249] 
2026-09-13 16:13:07:903 30 sec: 2991001 operations; 99998.7 current ops/sec; est completion in 21 seconds [READ: Count=999987, Max=1359, Min=207, Avg=316.79, 50=303, 90=388, 99=476, 99.9=585, 99.99=1035] [Intended-READ: Count=999940, Max=1642, Min=231, Avg=375.3, 50=362, 90=448, 99=541, 99.9=925, 99.99=1224] 
2026-09-13 16:13:17:903 40 sec: 3990998 operations; 99999.7 current ops/sec; est completion in 11 seconds [READ: Count=999997, Max=1608, Min=211, Avg=316.8, 50=303, 90=388, 99=478, 99.9=589, 99.99=1039] [Intended-READ: Count=1000017, Max=1677, Min=236, Avg=375.41, 50=362, 90=448, 99=543, 99.9=953, 99.99=1254] 
2026-09-13 16:13:27:903 50 sec: 4991005 operations; 100000.7 current ops/sec; est completion in 1 second [READ: Count=1000017, Max=1495, Min=211, Avg=316.61, 50=303, 90=388, 99=475, 99.9=582, 99.99=1039] [Intended-READ: Count=1000102, Max=1556, Min=229, Avg=375.24, 50=362, 90=447, 99=540, 99.9=931, 99.99=1218] 
2026-09-13 16:13:28:016 50 sec: 5000000 operations; 79601.77 current ops/sec; [READ: Count=8947, Max=734, Min=224, Avg=312.52, 50=300, 90=380, 99=465, 99.9=559, 99.99=734] [CLEANUP: Count=256, Max=751, Min=10, Avg=37.5, 50=16, 90=30, 99=659, 99.9=751, 99.99=751] [Intended-READ: Count=8788, Max=809, Min=259, Avg=371.13, 50=359, 90=440, 99=529, 99.9=632, 99.99=809] [Intended-CLEANUP: Count=256, Max=751, Min=10, Avg=37.71, 50=17, 90=30, 99=661, 99.9=751, 99.99=751] 
[OVERALL], RunTime(ms), 50113
[OVERALL], Throughput(ops/sec), 99774.50960828527
[TOTAL_GCS_G1_Young_Generation], Count, 91
[TOTAL_GC_TIME_G1_Young_Generation], Time(ms), 83
[TOTAL_GC_TIME_%_G1_Young_Generation], Time(%), 0.16562568594975355
[TOTAL_GCS_G1_Old_Generation], Count, 0
[TOTAL_GC_TIME_G1_Old_Generation], Time(ms), 0
[TOTAL_GC_TIME_%_G1_Old_Generation], Time(%), 0.0
[TOTAL_GCs], Count, 91
[TOTAL_GC_TIME], Time(ms), 83
[TOTAL_GC_TIME_%], Time(%), 0.16562568594975355
[READ], Operations, 5000000
[READ], AverageLatency(us), 315.8561592
[READ], MinLatency(us), 207
[READ], MaxLatency(us), 24159
[READ], 50thPercentileLatency(us), 301
[READ], 95thPercentileLatency(us), 412
[READ], 99thPercentileLatency(us), 477
[READ], 99.9PercentileLatency(us), 704
[READ], 99.99PercentileLatency(us), 1709
[READ], Return=OK, 5000000
[CLEANUP], Operations, 256
[CLEANUP], AverageLatency(us), 37.50390625
[CLEANUP], MinLatency(us), 10
[CLEANUP], MaxLatency(us), 751
[CLEANUP], 50thPercentileLatency(us), 16
[CLEANUP], 95thPercentileLatency(us), 91
[CLEANUP], 99thPercentileLatency(us), 659
[CLEANUP], 99.9PercentileLatency(us), 751
[CLEANUP], 99.99PercentileLatency(us), 751
[Intended-READ], Operations, 5000000
[Intended-READ], AverageLatency(us), 393.5588386
[Intended-READ], MinLatency(us), 229
[Intended-READ], MaxLatency(us), 76287
[Intended-READ], 50thPercentileLatency(us), 360
[Intended-READ], 95thPercentileLatency(us), 473
[Intended-READ], 99thPercentileLatency(us), 546
[Intended-READ], 99.9PercentileLatency(us), 1573
[Intended-READ], 99.99PercentileLatency(us), 48127
[Intended-CLEANUP], Operations, 256
[Intended-CLEANUP], AverageLatency(us), 37.71484375
[Intended-CLEANUP], MinLatency(us), 10
[Intended-CLEANUP], MaxLatency(us), 751
[Intended-CLEANUP], 50thPercentileLatency(us), 17
[Intended-CLEANUP], 95thPercentileLatency(us), 91
[Intended-CLEANUP], 99thPercentileLatency(us), 661
[Intended-CLEANUP], 99.9PercentileLatency(us), 751
[Intended-CLEANUP], 99.99PercentileLatency(us), 751
