java -cp /mnt/dev/YCSB-hreplace-dist/redis-binding/conf:/mnt/dev/YCSB-hreplace-dist/conf:/mnt/dev/YCSB-hreplace-dist/lib/htrace-core4-4.1.0-incubating.jar:/mnt/dev/YCSB-hreplace-dist/lib/slf4j-api-1.7.25.jar:/mnt/dev/YCSB-hreplace-dist/lib/jackson-mapper-asl-1.9.4.jar:/mnt/dev/YCSB-hreplace-dist/lib/HdrHistogram-2.1.12.jar:/mnt/dev/YCSB-hreplace-dist/lib/jackson-core-asl-1.9.4.jar:/mnt/dev/YCSB-hreplace-dist/lib/jedis-3.9.0.jar:/mnt/dev/YCSB-hreplace-dist/lib/core-0.18.0-SNAPSHOT.jar:/mnt/dev/YCSB-hreplace-dist/lib/commons-pool2-2.11.1.jar:/mnt/dev/YCSB-hreplace-dist/lib/redis-binding-0.18.0-SNAPSHOT.jar site.ycsb.Client -db site.ycsb.db.RedisClient -s -threads 256 -P /mnt/dev/YCSB-hreplace-dist/workloads/workloada -p recordcount=100000000 -p operationcount=1000000 -p fieldcount=10 -p fieldlength=128 -p fieldlengthdistribution=constant -p readallfields=true -p writeallfields=true -p insertorder=hashed -p requestdistribution=uniform -p readproportion=0.5 -p updateproportion=0.5 -p insertproportion=0 -p scanproportion=0 -p readmodifywriteproportion=0 -p measurementtype=hdrhistogram -p measurement.interval=both -p hdrhistogram.percentiles=50,95,99,99.9,99.99 -p status.interval=10 -p redis.host=172.16.0.4 -p redis.port=16379 -p redis.scanindex=none -p redis.timeout=10000 -p redis.cluster=false -p redis.updatecommand=hmset -t
Command line: -db site.ycsb.db.RedisClient -s -threads 256 -P /mnt/dev/YCSB-hreplace-dist/workloads/workloada -p recordcount=100000000 -p operationcount=1000000 -p fieldcount=10 -p fieldlength=128 -p fieldlengthdistribution=constant -p readallfields=true -p writeallfields=true -p insertorder=hashed -p requestdistribution=uniform -p readproportion=0.5 -p updateproportion=0.5 -p insertproportion=0 -p scanproportion=0 -p readmodifywriteproportion=0 -p measurementtype=hdrhistogram -p measurement.interval=both -p hdrhistogram.percentiles=50,95,99,99.9,99.99 -p status.interval=10 -p redis.host=172.16.0.4 -p redis.port=16379 -p redis.scanindex=none -p redis.timeout=10000 -p redis.cluster=false -p redis.updatecommand=hmset -t
YCSB Client 0.18.0-SNAPSHOT

Loading workload...
Starting test.
SLF4J: Failed to load class "org.slf4j.impl.StaticLoggerBinder".
SLF4J: Defaulting to no-operation (NOP) logger implementation
SLF4J: See http://www.slf4j.org/codes.html#StaticLoggerBinder for further details.
2026-09-13 14:54:17:600 0 sec: 0 operations; est completion in 0 second 
DBWrapper: report latency for each error is false and specific error codes to track for latency are: []
2026-09-13 14:54:20:438 2 sec: 1000000 operations; 342231.35 current ops/sec; [READ: Count=498889, Max=163327, Min=189, Avg=627.11, 50=507, 90=748, 99=3657, 99.9=8647, 99.99=41279] [CLEANUP: Count=256, Max=878, Min=13, Avg=33.93, 50=24, 90=48, 99=143, 99.9=878, 99.99=878] [UPDATE: Count=501111, Max=169983, Min=217, Avg=697.7, 50=526, 90=850, 99=3975, 99.9=11231, 99.99=79679] [Intended-READ: Count=498889, Max=163327, Min=189, Avg=627.16, 50=507, 90=748, 99=3657, 99.9=8647, 99.99=41279] [Intended-CLEANUP: Count=256, Max=880, Min=13, Avg=34.33, 50=25, 90=49, 99=144, 99.9=880, 99.99=880] [Intended-UPDATE: Count=501111, Max=169983, Min=217, Avg=697.74, 50=526, 90=850, 99=3975, 99.9=11231, 99.99=79679] 
[OVERALL], RunTime(ms), 2921
[OVERALL], Throughput(ops/sec), 342348.5107839781
[TOTAL_GCS_G1_Young_Generation], Count, 24
[TOTAL_GC_TIME_G1_Young_Generation], Time(ms), 33
[TOTAL_GC_TIME_%_G1_Young_Generation], Time(%), 1.1297500855871276
[TOTAL_GCS_G1_Old_Generation], Count, 0
[TOTAL_GC_TIME_G1_Old_Generation], Time(ms), 0
[TOTAL_GC_TIME_%_G1_Old_Generation], Time(%), 0.0
[TOTAL_GCs], Count, 24
[TOTAL_GC_TIME], Time(ms), 33
[TOTAL_GC_TIME_%], Time(%), 1.1297500855871276
[READ], Operations, 498889
[READ], AverageLatency(us), 627.1132696852407
[READ], MinLatency(us), 189
[READ], MaxLatency(us), 163327
[READ], 50thPercentileLatency(us), 507
[READ], 95thPercentileLatency(us), 998
[READ], 99thPercentileLatency(us), 3657
[READ], 99.9PercentileLatency(us), 8647
[READ], 99.99PercentileLatency(us), 41279
[READ], Return=OK, 498889
[CLEANUP], Operations, 256
[CLEANUP], AverageLatency(us), 33.9296875
[CLEANUP], MinLatency(us), 13
[CLEANUP], MaxLatency(us), 878
[CLEANUP], 50thPercentileLatency(us), 24
[CLEANUP], 95thPercentileLatency(us), 72
[CLEANUP], 99thPercentileLatency(us), 143
[CLEANUP], 99.9PercentileLatency(us), 878
[CLEANUP], 99.99PercentileLatency(us), 878
[UPDATE], Operations, 501111
[UPDATE], AverageLatency(us), 697.698264456378
[UPDATE], MinLatency(us), 217
[UPDATE], MaxLatency(us), 169983
[UPDATE], 50thPercentileLatency(us), 526
[UPDATE], 95thPercentileLatency(us), 1563
[UPDATE], 99thPercentileLatency(us), 3975
[UPDATE], 99.9PercentileLatency(us), 11231
[UPDATE], 99.99PercentileLatency(us), 79679
[UPDATE], Return=OK, 501111
[Intended-READ], Operations, 498889
[Intended-READ], AverageLatency(us), 627.1623347077206
[Intended-READ], MinLatency(us), 189
[Intended-READ], MaxLatency(us), 163327
[Intended-READ], 50thPercentileLatency(us), 507
[Intended-READ], 95thPercentileLatency(us), 998
[Intended-READ], 99thPercentileLatency(us), 3657
[Intended-READ], 99.9PercentileLatency(us), 8647
[Intended-READ], 99.99PercentileLatency(us), 41279
[Intended-CLEANUP], Operations, 256
[Intended-CLEANUP], AverageLatency(us), 34.33203125
[Intended-CLEANUP], MinLatency(us), 13
[Intended-CLEANUP], MaxLatency(us), 880
[Intended-CLEANUP], 50thPercentileLatency(us), 25
[Intended-CLEANUP], 95thPercentileLatency(us), 73
[Intended-CLEANUP], 99thPercentileLatency(us), 144
[Intended-CLEANUP], 99.9PercentileLatency(us), 880
[Intended-CLEANUP], 99.99PercentileLatency(us), 880
[Intended-UPDATE], Operations, 501111
[Intended-UPDATE], AverageLatency(us), 697.7360904071154
[Intended-UPDATE], MinLatency(us), 217
[Intended-UPDATE], MaxLatency(us), 169983
[Intended-UPDATE], 50thPercentileLatency(us), 526
[Intended-UPDATE], 95thPercentileLatency(us), 1563
[Intended-UPDATE], 99thPercentileLatency(us), 3975
[Intended-UPDATE], 99.9PercentileLatency(us), 11231
[Intended-UPDATE], 99.99PercentileLatency(us), 79679
