java -cp /mnt/dev/YCSB-hreplace-dist/redis-binding/conf:/mnt/dev/YCSB-hreplace-dist/conf:/mnt/dev/YCSB-hreplace-dist/lib/htrace-core4-4.1.0-incubating.jar:/mnt/dev/YCSB-hreplace-dist/lib/slf4j-api-1.7.25.jar:/mnt/dev/YCSB-hreplace-dist/lib/jackson-mapper-asl-1.9.4.jar:/mnt/dev/YCSB-hreplace-dist/lib/HdrHistogram-2.1.12.jar:/mnt/dev/YCSB-hreplace-dist/lib/jackson-core-asl-1.9.4.jar:/mnt/dev/YCSB-hreplace-dist/lib/jedis-3.9.0.jar:/mnt/dev/YCSB-hreplace-dist/lib/core-0.18.0-SNAPSHOT.jar:/mnt/dev/YCSB-hreplace-dist/lib/commons-pool2-2.11.1.jar:/mnt/dev/YCSB-hreplace-dist/lib/redis-binding-0.18.0-SNAPSHOT.jar site.ycsb.Client -db site.ycsb.db.RedisClient -s -threads 256 -P /mnt/dev/YCSB-hreplace-dist/workloads/workloada -target 100000 -p recordcount=100000000 -p operationcount=5000000 -p fieldcount=10 -p fieldlength=128 -p fieldlengthdistribution=constant -p readallfields=true -p writeallfields=true -p insertorder=hashed -p requestdistribution=uniform -p readproportion=1 -p updateproportion=0 -p insertproportion=0 -p scanproportion=0 -p readmodifywriteproportion=0 -p measurementtype=hdrhistogram -p measurement.interval=both -p hdrhistogram.percentiles=50,95,99,99.9,99.99 -p status.interval=10 -p redis.host=172.16.0.4 -p redis.port=16379 -p redis.scanindex=none -p redis.timeout=10000 -p redis.cluster=false -p redis.updatecommand=hmset -t
Command line: -db site.ycsb.db.RedisClient -s -threads 256 -P /mnt/dev/YCSB-hreplace-dist/workloads/workloada -target 100000 -p recordcount=100000000 -p operationcount=5000000 -p fieldcount=10 -p fieldlength=128 -p fieldlengthdistribution=constant -p readallfields=true -p writeallfields=true -p insertorder=hashed -p requestdistribution=uniform -p readproportion=1 -p updateproportion=0 -p insertproportion=0 -p scanproportion=0 -p readmodifywriteproportion=0 -p measurementtype=hdrhistogram -p measurement.interval=both -p hdrhistogram.percentiles=50,95,99,99.9,99.99 -p status.interval=10 -p redis.host=172.16.0.4 -p redis.port=16379 -p redis.scanindex=none -p redis.timeout=10000 -p redis.cluster=false -p redis.updatecommand=hmset -t
YCSB Client 0.18.0-SNAPSHOT

Loading workload...
Starting test.
SLF4J: Failed to load class "org.slf4j.impl.StaticLoggerBinder".
SLF4J: Defaulting to no-operation (NOP) logger implementation
SLF4J: See http://www.slf4j.org/codes.html#StaticLoggerBinder for further details.
2026-09-13 15:38:20:550 0 sec: 0 operations; est completion in 0 second 
DBWrapper: report latency for each error is false and specific error codes to track for latency are: []
2026-09-13 15:38:30:522 10 sec: 993288 operations; 99328.8 current ops/sec; est completion in 41 seconds [READ: Count=993343, Max=35199, Min=209, Avg=314.83, 50=297, 90=379, 99=489, 99.9=1203, 99.99=13135] [Intended-READ: Count=993659, Max=90111, Min=227, Avg=532.4, 50=356, 90=440, 99=674, 99.9=48703, 99.99=75263] 
2026-09-13 15:38:40:522 20 sec: 1993279 operations; 99999.1 current ops/sec; est completion in 31 seconds [READ: Count=999962, Max=3779, Min=209, Avg=311.92, 50=299, 90=380, 99=474, 99.9=597, 99.99=1158] [Intended-READ: Count=999782, Max=4211, Min=233, Avg=370.2, 50=357, 90=439, 99=536, 99.9=1008, 99.99=1445] 
2026-09-13 15:38:50:522 30 sec: 2993252 operations; 99997.3 current ops/sec; est completion in 21 seconds [READ: Count=999987, Max=1553, Min=209, Avg=313.38, 50=300, 90=383, 99=477, 99.9=592, 99.99=1087] [Intended-READ: Count=999947, Max=1573, Min=230, Avg=371.5, 50=358, 90=442, 99=539, 99.9=998, 99.99=1222] 
2026-09-13 15:39:00:522 40 sec: 3993264 operations; 100001.2 current ops/sec; est completion in 11 seconds [READ: Count=1000039, Max=1625, Min=209, Avg=312.49, 50=299, 90=381, 99=475, 99.9=600, 99.99=1178] [Intended-READ: Count=999984, Max=1827, Min=236, Avg=370.63, 50=358, 90=440, 99=538, 99.9=984, 99.99=1312] 
2026-09-13 15:39:10:522 50 sec: 4993280 operations; 100001.6 current ops/sec; est completion in 1 second [READ: Count=999981, Max=1481, Min=211, Avg=313.53, 50=300, 90=383, 99=476, 99.9=588, 99.99=1090] [Intended-READ: Count=999975, Max=1680, Min=225, Avg=371.8, 50=359, 90=442, 99=539, 99.9=1001, 99.99=1282] 
2026-09-13 15:39:10:611 50 sec: 5000000 operations; 75505.62 current ops/sec; [READ: Count=6688, Max=653, Min=221, Avg=313.91, 50=300, 90=385, 99=481, 99.9=555, 99.99=653] [CLEANUP: Count=256, Max=632, Min=10, Avg=25.94, 50=16, 90=29, 99=411, 99.9=632, 99.99=632] [Intended-READ: Count=6653, Max=683, Min=257, Avg=371.38, 50=359, 90=443, 99=539, 99.9=614, 99.99=683] [Intended-CLEANUP: Count=256, Max=632, Min=11, Avg=26.26, 50=16, 90=30, 99=411, 99.9=632, 99.99=632] 
[OVERALL], RunTime(ms), 50088
[OVERALL], Throughput(ops/sec), 99824.30921578023
[TOTAL_GCS_G1_Young_Generation], Count, 91
[TOTAL_GC_TIME_G1_Young_Generation], Time(ms), 66
[TOTAL_GC_TIME_%_G1_Young_Generation], Time(%), 0.1317680881648299
[TOTAL_GCS_G1_Old_Generation], Count, 0
[TOTAL_GC_TIME_G1_Old_Generation], Time(ms), 0
[TOTAL_GC_TIME_%_G1_Old_Generation], Time(%), 0.0
[TOTAL_GCs], Count, 91
[TOTAL_GC_TIME], Time(ms), 66
[TOTAL_GC_TIME_%], Time(%), 0.1317680881648299
[READ], Operations, 5000000
[READ], AverageLatency(us), 313.2280412
[READ], MinLatency(us), 209
[READ], MaxLatency(us), 35199
[READ], 50thPercentileLatency(us), 299
[READ], 95thPercentileLatency(us), 410
[READ], 99thPercentileLatency(us), 478
[READ], 99.9PercentileLatency(us), 688
[READ], 99.99PercentileLatency(us), 1686
[READ], Return=OK, 5000000
[CLEANUP], Operations, 256
[CLEANUP], AverageLatency(us), 25.9375
[CLEANUP], MinLatency(us), 10
[CLEANUP], MaxLatency(us), 632
[CLEANUP], 50thPercentileLatency(us), 16
[CLEANUP], 95thPercentileLatency(us), 41
[CLEANUP], 99thPercentileLatency(us), 411
[CLEANUP], 99.9PercentileLatency(us), 632
[CLEANUP], 99.99PercentileLatency(us), 632
[Intended-READ], Operations, 5000000
[Intended-READ], AverageLatency(us), 403.0996116
[Intended-READ], MinLatency(us), 225
[Intended-READ], MaxLatency(us), 90111
[Intended-READ], 50thPercentileLatency(us), 358
[Intended-READ], 95thPercentileLatency(us), 470
[Intended-READ], 99thPercentileLatency(us), 546
[Intended-READ], 99.9PercentileLatency(us), 6779
[Intended-READ], 99.99PercentileLatency(us), 59103
[Intended-CLEANUP], Operations, 256
[Intended-CLEANUP], AverageLatency(us), 26.26171875
[Intended-CLEANUP], MinLatency(us), 11
[Intended-CLEANUP], MaxLatency(us), 632
[Intended-CLEANUP], 50thPercentileLatency(us), 16
[Intended-CLEANUP], 95thPercentileLatency(us), 42
[Intended-CLEANUP], 99thPercentileLatency(us), 411
[Intended-CLEANUP], 99.9PercentileLatency(us), 632
[Intended-CLEANUP], 99.99PercentileLatency(us), 632
