java -cp /mnt/dev/YCSB-hreplace-dist/redis-binding/conf:/mnt/dev/YCSB-hreplace-dist/conf:/mnt/dev/YCSB-hreplace-dist/lib/htrace-core4-4.1.0-incubating.jar:/mnt/dev/YCSB-hreplace-dist/lib/slf4j-api-1.7.25.jar:/mnt/dev/YCSB-hreplace-dist/lib/jackson-mapper-asl-1.9.4.jar:/mnt/dev/YCSB-hreplace-dist/lib/HdrHistogram-2.1.12.jar:/mnt/dev/YCSB-hreplace-dist/lib/jackson-core-asl-1.9.4.jar:/mnt/dev/YCSB-hreplace-dist/lib/jedis-3.9.0.jar:/mnt/dev/YCSB-hreplace-dist/lib/core-0.18.0-SNAPSHOT.jar:/mnt/dev/YCSB-hreplace-dist/lib/commons-pool2-2.11.1.jar:/mnt/dev/YCSB-hreplace-dist/lib/redis-binding-0.18.0-SNAPSHOT.jar site.ycsb.Client -db site.ycsb.db.RedisClient -s -threads 256 -P /mnt/dev/YCSB-hreplace-dist/workloads/workloada -target 100000 -p recordcount=100000000 -p operationcount=1000000 -p fieldcount=10 -p fieldlength=128 -p fieldlengthdistribution=constant -p readallfields=true -p writeallfields=true -p insertorder=hashed -p requestdistribution=uniform -p readproportion=1 -p updateproportion=0 -p insertproportion=0 -p scanproportion=0 -p readmodifywriteproportion=0 -p measurementtype=hdrhistogram -p measurement.interval=both -p hdrhistogram.percentiles=50,95,99,99.9,99.99 -p status.interval=10 -p redis.host=172.16.0.4 -p redis.port=16379 -p redis.scanindex=none -p redis.timeout=10000 -p redis.cluster=false -p redis.updatecommand=keylane.hreplace -t
Command line: -db site.ycsb.db.RedisClient -s -threads 256 -P /mnt/dev/YCSB-hreplace-dist/workloads/workloada -target 100000 -p recordcount=100000000 -p operationcount=1000000 -p fieldcount=10 -p fieldlength=128 -p fieldlengthdistribution=constant -p readallfields=true -p writeallfields=true -p insertorder=hashed -p requestdistribution=uniform -p readproportion=1 -p updateproportion=0 -p insertproportion=0 -p scanproportion=0 -p readmodifywriteproportion=0 -p measurementtype=hdrhistogram -p measurement.interval=both -p hdrhistogram.percentiles=50,95,99,99.9,99.99 -p status.interval=10 -p redis.host=172.16.0.4 -p redis.port=16379 -p redis.scanindex=none -p redis.timeout=10000 -p redis.cluster=false -p redis.updatecommand=keylane.hreplace -t
YCSB Client 0.18.0-SNAPSHOT

Loading workload...
Starting test.
SLF4J: Failed to load class "org.slf4j.impl.StaticLoggerBinder".
SLF4J: Defaulting to no-operation (NOP) logger implementation
SLF4J: See http://www.slf4j.org/codes.html#StaticLoggerBinder for further details.
2026-09-13 16:27:37:873 0 sec: 0 operations; est completion in 0 second 
DBWrapper: report latency for each error is false and specific error codes to track for latency are: []
2026-09-13 16:27:47:838 10 sec: 993305 operations; 99330.5 current ops/sec; est completion in 1 second [READ: Count=993359, Max=41631, Min=188, Avg=398.39, 50=336, 90=533, 99=1303, 99.9=2867, 99.99=17567] [Intended-READ: Count=993941, Max=84031, Min=212, Avg=547.25, 50=395, 90=603, 99=1667, 99.9=31823, 99.99=56863] 
2026-09-13 16:27:47:948 10 sec: 1000000 operations; 60863.64 current ops/sec; [READ: Count=6641, Max=1617, Min=220, Avg=320.26, 50=304, 90=393, 99=567, 99.9=914, 99.99=1617] [CLEANUP: Count=256, Max=563, Min=10, Avg=27.76, 50=15, 90=28, 99=470, 99.9=563, 99.99=563] [Intended-READ: Count=6059, Max=1677, Min=248, Avg=377.23, 50=362, 90=448, 99=627, 99.9=984, 99.99=1677] [Intended-CLEANUP: Count=256, Max=564, Min=10, Avg=27.96, 50=16, 90=29, 99=470, 99.9=564, 99.99=564] 
[OVERALL], RunTime(ms), 10110
[OVERALL], Throughput(ops/sec), 98911.96834817012
[TOTAL_GCS_G1_Young_Generation], Count, 20
[TOTAL_GC_TIME_G1_Young_Generation], Time(ms), 20
[TOTAL_GC_TIME_%_G1_Young_Generation], Time(%), 0.19782393669634024
[TOTAL_GCS_G1_Old_Generation], Count, 0
[TOTAL_GC_TIME_G1_Old_Generation], Time(ms), 0
[TOTAL_GC_TIME_%_G1_Old_Generation], Time(%), 0.0
[TOTAL_GCs], Count, 20
[TOTAL_GC_TIME], Time(ms), 20
[TOTAL_GC_TIME_%], Time(%), 0.19782393669634024
[READ], Operations, 1000000
[READ], AverageLatency(us), 397.875368
[READ], MinLatency(us), 188
[READ], MaxLatency(us), 41631
[READ], 50thPercentileLatency(us), 336
[READ], 95thPercentileLatency(us), 730
[READ], 99thPercentileLatency(us), 1301
[READ], 99.9PercentileLatency(us), 2861
[READ], 99.99PercentileLatency(us), 17503
[READ], Return=OK, 1000000
[CLEANUP], Operations, 256
[CLEANUP], AverageLatency(us), 27.7578125
[CLEANUP], MinLatency(us), 10
[CLEANUP], MaxLatency(us), 563
[CLEANUP], 50thPercentileLatency(us), 15
[CLEANUP], 95thPercentileLatency(us), 46
[CLEANUP], 99thPercentileLatency(us), 470
[CLEANUP], 99.9PercentileLatency(us), 563
[CLEANUP], 99.99PercentileLatency(us), 563
[Intended-READ], Operations, 1000000
[Intended-READ], AverageLatency(us), 546.220338
[Intended-READ], MinLatency(us), 212
[Intended-READ], MaxLatency(us), 84031
[Intended-READ], 50thPercentileLatency(us), 395
[Intended-READ], 95thPercentileLatency(us), 831
[Intended-READ], 99thPercentileLatency(us), 1662
[Intended-READ], 99.9PercentileLatency(us), 31727
[Intended-READ], 99.99PercentileLatency(us), 56863
[Intended-CLEANUP], Operations, 256
[Intended-CLEANUP], AverageLatency(us), 27.96484375
[Intended-CLEANUP], MinLatency(us), 10
[Intended-CLEANUP], MaxLatency(us), 564
[Intended-CLEANUP], 50thPercentileLatency(us), 16
[Intended-CLEANUP], 95thPercentileLatency(us), 46
[Intended-CLEANUP], 99thPercentileLatency(us), 470
[Intended-CLEANUP], 99.9PercentileLatency(us), 564
[Intended-CLEANUP], 99.99PercentileLatency(us), 564
