java -cp /mnt/dev/YCSB-hreplace-dist/redis-binding/conf:/mnt/dev/YCSB-hreplace-dist/conf:/mnt/dev/YCSB-hreplace-dist/lib/htrace-core4-4.1.0-incubating.jar:/mnt/dev/YCSB-hreplace-dist/lib/slf4j-api-1.7.25.jar:/mnt/dev/YCSB-hreplace-dist/lib/jackson-mapper-asl-1.9.4.jar:/mnt/dev/YCSB-hreplace-dist/lib/HdrHistogram-2.1.12.jar:/mnt/dev/YCSB-hreplace-dist/lib/jackson-core-asl-1.9.4.jar:/mnt/dev/YCSB-hreplace-dist/lib/jedis-3.9.0.jar:/mnt/dev/YCSB-hreplace-dist/lib/core-0.18.0-SNAPSHOT.jar:/mnt/dev/YCSB-hreplace-dist/lib/commons-pool2-2.11.1.jar:/mnt/dev/YCSB-hreplace-dist/lib/redis-binding-0.18.0-SNAPSHOT.jar site.ycsb.Client -db site.ycsb.db.RedisClient -s -threads 256 -P /mnt/dev/YCSB-hreplace-dist/workloads/workloada -p recordcount=100000000 -p operationcount=1000000 -p fieldcount=10 -p fieldlength=128 -p fieldlengthdistribution=constant -p readallfields=true -p writeallfields=true -p insertorder=hashed -p requestdistribution=uniform -p readproportion=0.5 -p updateproportion=0.5 -p insertproportion=0 -p scanproportion=0 -p readmodifywriteproportion=0 -p measurementtype=hdrhistogram -p measurement.interval=both -p hdrhistogram.percentiles=50,95,99,99.9,99.99 -p status.interval=10 -p redis.host=172.16.0.4 -p redis.port=16379 -p redis.scanindex=none -p redis.timeout=10000 -p redis.cluster=false -p redis.updatecommand=keylane.hreplace -t
Command line: -db site.ycsb.db.RedisClient -s -threads 256 -P /mnt/dev/YCSB-hreplace-dist/workloads/workloada -p recordcount=100000000 -p operationcount=1000000 -p fieldcount=10 -p fieldlength=128 -p fieldlengthdistribution=constant -p readallfields=true -p writeallfields=true -p insertorder=hashed -p requestdistribution=uniform -p readproportion=0.5 -p updateproportion=0.5 -p insertproportion=0 -p scanproportion=0 -p readmodifywriteproportion=0 -p measurementtype=hdrhistogram -p measurement.interval=both -p hdrhistogram.percentiles=50,95,99,99.9,99.99 -p status.interval=10 -p redis.host=172.16.0.4 -p redis.port=16379 -p redis.scanindex=none -p redis.timeout=10000 -p redis.cluster=false -p redis.updatecommand=keylane.hreplace -t
YCSB Client 0.18.0-SNAPSHOT

Loading workload...
Starting test.
SLF4J: Failed to load class "org.slf4j.impl.StaticLoggerBinder".
SLF4J: Defaulting to no-operation (NOP) logger implementation
SLF4J: See http://www.slf4j.org/codes.html#StaticLoggerBinder for further details.
2026-09-13 16:12:07:076 0 sec: 0 operations; est completion in 0 second 
DBWrapper: report latency for each error is false and specific error codes to track for latency are: []
2026-09-13 16:12:09:732 2 sec: 1000000 operations; 369276.22 current ops/sec; [READ: Count=501032, Max=60799, Min=198, Avg=645.9, 50=494, 90=802, 99=3861, 99.9=8975, 99.99=49663] [CLEANUP: Count=256, Max=767, Min=14, Avg=33.46, 50=23, 90=51, 99=150, 99.9=767, 99.99=767] [UPDATE: Count=498968, Max=61311, Min=150, Avg=551.44, 50=381, 90=758, 99=3373, 99.9=10167, 99.99=47295] [Intended-READ: Count=501032, Max=60799, Min=198, Avg=645.94, 50=494, 90=802, 99=3861, 99.9=8975, 99.99=49663] [Intended-CLEANUP: Count=256, Max=769, Min=14, Avg=33.95, 50=24, 90=54, 99=150, 99.9=769, 99.99=769] [Intended-UPDATE: Count=498968, Max=61311, Min=150, Avg=551.49, 50=381, 90=758, 99=3373, 99.9=10167, 99.99=47295] 
[OVERALL], RunTime(ms), 2709
[OVERALL], Throughput(ops/sec), 369139.90402362496
[TOTAL_GCS_G1_Young_Generation], Count, 21
[TOTAL_GC_TIME_G1_Young_Generation], Time(ms), 38
[TOTAL_GC_TIME_%_G1_Young_Generation], Time(%), 1.402731635289775
[TOTAL_GCS_G1_Old_Generation], Count, 0
[TOTAL_GC_TIME_G1_Old_Generation], Time(ms), 0
[TOTAL_GC_TIME_%_G1_Old_Generation], Time(%), 0.0
[TOTAL_GCs], Count, 21
[TOTAL_GC_TIME], Time(ms), 38
[TOTAL_GC_TIME_%], Time(%), 1.402731635289775
[READ], Operations, 501032
[READ], AverageLatency(us), 645.8987370068179
[READ], MinLatency(us), 198
[READ], MaxLatency(us), 60799
[READ], 50thPercentileLatency(us), 494
[READ], 95thPercentileLatency(us), 1299
[READ], 99thPercentileLatency(us), 3861
[READ], 99.9PercentileLatency(us), 8975
[READ], 99.99PercentileLatency(us), 49663
[READ], Return=OK, 501032
[CLEANUP], Operations, 256
[CLEANUP], AverageLatency(us), 33.45703125
[CLEANUP], MinLatency(us), 14
[CLEANUP], MaxLatency(us), 767
[CLEANUP], 50thPercentileLatency(us), 23
[CLEANUP], 95thPercentileLatency(us), 81
[CLEANUP], 99thPercentileLatency(us), 150
[CLEANUP], 99.9PercentileLatency(us), 767
[CLEANUP], 99.99PercentileLatency(us), 767
[UPDATE], Operations, 498968
[UPDATE], AverageLatency(us), 551.4411906174344
[UPDATE], MinLatency(us), 150
[UPDATE], MaxLatency(us), 61311
[UPDATE], 50thPercentileLatency(us), 381
[UPDATE], 95thPercentileLatency(us), 1507
[UPDATE], 99thPercentileLatency(us), 3373
[UPDATE], 99.9PercentileLatency(us), 10167
[UPDATE], 99.99PercentileLatency(us), 47295
[UPDATE], Return=OK, 498968
[Intended-READ], Operations, 501032
[Intended-READ], AverageLatency(us), 645.9393272286002
[Intended-READ], MinLatency(us), 198
[Intended-READ], MaxLatency(us), 60799
[Intended-READ], 50thPercentileLatency(us), 494
[Intended-READ], 95thPercentileLatency(us), 1299
[Intended-READ], 99thPercentileLatency(us), 3861
[Intended-READ], 99.9PercentileLatency(us), 8975
[Intended-READ], 99.99PercentileLatency(us), 49663
[Intended-CLEANUP], Operations, 256
[Intended-CLEANUP], AverageLatency(us), 33.9453125
[Intended-CLEANUP], MinLatency(us), 14
[Intended-CLEANUP], MaxLatency(us), 769
[Intended-CLEANUP], 50thPercentileLatency(us), 24
[Intended-CLEANUP], 95thPercentileLatency(us), 81
[Intended-CLEANUP], 99thPercentileLatency(us), 150
[Intended-CLEANUP], 99.9PercentileLatency(us), 769
[Intended-CLEANUP], 99.99PercentileLatency(us), 769
[Intended-UPDATE], Operations, 498968
[Intended-UPDATE], AverageLatency(us), 551.4870492696926
[Intended-UPDATE], MinLatency(us), 150
[Intended-UPDATE], MaxLatency(us), 61311
[Intended-UPDATE], 50thPercentileLatency(us), 381
[Intended-UPDATE], 95thPercentileLatency(us), 1507
[Intended-UPDATE], 99thPercentileLatency(us), 3373
[Intended-UPDATE], 99.9PercentileLatency(us), 10167
[Intended-UPDATE], 99.99PercentileLatency(us), 47295
