{
  "pid": 72704,
  "cgroup": "0::/keylane.slice/keylane-bench.slice/keylane-ycsb-cpu12.service",
  "affinities": {
    "72704": [
      0,
      1,
      2,
      3,
      4,
      5,
      6,
      7,
      8,
      9,
      10,
      11
    ],
    "72710": [
      0
    ],
    "72711": [
      1
    ],
    "72712": [
      2
    ],
    "72713": [
      3
    ],
    "72714": [
      4
    ],
    "72715": [
      5
    ],
    "72716": [
      6
    ],
    "72717": [
      7
    ],
    "72718": [
      8
    ],
    "72719": [
      9
    ],
    "72720": [
      10
    ],
    "72721": [
      11
    ],
    "72722": [
      0
    ],
    "72723": [
      9
    ],
    "72725": [
      8
    ],
    "72724": [
      10
    ],
    "72726": [
      2
    ],
    "72727": [
      3
    ],
    "72728": [
      1
    ],
    "72729": [
      7
    ],
    "72730": [
      11
    ],
    "72731": [
      6
    ],
    "72732": [
      4
    ],
    "72733": [
      5
    ]
  },
  "defrag": "paused=0 max_active_per_device=8 block_sleep_ms=0 record_sleep_us=0 active_total=0 pending_total=0",
  "dbsize": 100605038,
  "keyspace": "# Keyspace\ndb0:keys=100605038"
}
