java -cp /mnt/dev/YCSB-hreplace-dist/redis-binding/conf:/mnt/dev/YCSB-hreplace-dist/conf:/mnt/dev/YCSB-hreplace-dist/lib/htrace-core4-4.1.0-incubating.jar:/mnt/dev/YCSB-hreplace-dist/lib/slf4j-api-1.7.25.jar:/mnt/dev/YCSB-hreplace-dist/lib/jackson-mapper-asl-1.9.4.jar:/mnt/dev/YCSB-hreplace-dist/lib/HdrHistogram-2.1.12.jar:/mnt/dev/YCSB-hreplace-dist/lib/jackson-core-asl-1.9.4.jar:/mnt/dev/YCSB-hreplace-dist/lib/jedis-3.9.0.jar:/mnt/dev/YCSB-hreplace-dist/lib/core-0.18.0-SNAPSHOT.jar:/mnt/dev/YCSB-hreplace-dist/lib/commons-pool2-2.11.1.jar:/mnt/dev/YCSB-hreplace-dist/lib/redis-binding-0.18.0-SNAPSHOT.jar site.ycsb.Client -db site.ycsb.db.RedisClient -s -threads 256 -P /mnt/dev/YCSB-hreplace-dist/workloads/workloada -target 100000 -p recordcount=100000000 -p operationcount=5000000 -p fieldcount=10 -p fieldlength=128 -p fieldlengthdistribution=constant -p readallfields=true -p writeallfields=true -p insertorder=hashed -p requestdistribution=uniform -p readproportion=1 -p updateproportion=0 -p insertproportion=0 -p scanproportion=0 -p readmodifywriteproportion=0 -p measurementtype=hdrhistogram -p measurement.interval=both -p hdrhistogram.percentiles=50,95,99,99.9,99.99 -p status.interval=10 -p redis.host=172.16.0.4 -p redis.port=16379 -p redis.scanindex=none -p redis.timeout=10000 -p redis.cluster=false -p redis.updatecommand=keylane.hreplace -t
Command line: -db site.ycsb.db.RedisClient -s -threads 256 -P /mnt/dev/YCSB-hreplace-dist/workloads/workloada -target 100000 -p recordcount=100000000 -p operationcount=5000000 -p fieldcount=10 -p fieldlength=128 -p fieldlengthdistribution=constant -p readallfields=true -p writeallfields=true -p insertorder=hashed -p requestdistribution=uniform -p readproportion=1 -p updateproportion=0 -p insertproportion=0 -p scanproportion=0 -p readmodifywriteproportion=0 -p measurementtype=hdrhistogram -p measurement.interval=both -p hdrhistogram.percentiles=50,95,99,99.9,99.99 -p status.interval=10 -p redis.host=172.16.0.4 -p redis.port=16379 -p redis.scanindex=none -p redis.timeout=10000 -p redis.cluster=false -p redis.updatecommand=keylane.hreplace -t
YCSB Client 0.18.0-SNAPSHOT

Loading workload...
Starting test.
SLF4J: Failed to load class "org.slf4j.impl.StaticLoggerBinder".
SLF4J: Defaulting to no-operation (NOP) logger implementation
SLF4J: See http://www.slf4j.org/codes.html#StaticLoggerBinder for further details.
2026-09-13 16:02:14:243 0 sec: 0 operations; est completion in 0 second 
DBWrapper: report latency for each error is false and specific error codes to track for latency are: []
2026-09-13 16:02:24:214 10 sec: 992508 operations; 99250.8 current ops/sec; est completion in 41 seconds [READ: Count=992570, Max=37887, Min=210, Avg=315.11, 50=297, 90=377, 99=503, 99.9=1280, 99.99=12583] [Intended-READ: Count=993045, Max=95103, Min=229, Avg=570.08, 50=357, 90=438, 99=977, 99.9=53183, 99.99=78527] 
2026-09-13 16:02:34:213 20 sec: 1992471 operations; 99996.3 current ops/sec; est completion in 31 seconds [READ: Count=999936, Max=2315, Min=209, Avg=310.63, 50=299, 90=376, 99=463, 99.9=605, 99.99=1088] [Intended-READ: Count=999546, Max=2349, Min=232, Avg=369.39, 50=358, 90=436, 99=529, 99.9=958, 99.99=1245] 
2026-09-13 16:02:44:213 30 sec: 2992450 operations; 99997.9 current ops/sec; est completion in 21 seconds [READ: Count=999980, Max=1677, Min=206, Avg=310.85, 50=299, 90=377, 99=465, 99.9=610, 99.99=1103] [Intended-READ: Count=999952, Max=1716, Min=234, Avg=369.47, 50=358, 90=437, 99=531, 99.9=945, 99.99=1235] 
2026-09-13 16:02:54:213 40 sec: 3992452 operations; 100000.2 current ops/sec; est completion in 11 seconds [READ: Count=999994, Max=1605, Min=205, Avg=310.61, 50=298, 90=377, 99=469, 99.9=610, 99.99=1122] [Intended-READ: Count=1000109, Max=1658, Min=231, Avg=369.17, 50=357, 90=436, 99=535, 99.9=940, 99.99=1271] 
2026-09-13 16:03:04:213 50 sec: 4992449 operations; 99999.7 current ops/sec; est completion in 1 second [READ: Count=1000006, Max=1666, Min=198, Avg=306.18, 50=295, 90=369, 99=460, 99.9=607, 99.99=1166] [Intended-READ: Count=1000005, Max=1703, Min=233, Avg=364.89, 50=354, 90=428, 99=525, 99.9=963, 99.99=1310] 
2026-09-13 16:03:04:311 50 sec: 5000000 operations; 77051.02 current ops/sec; [READ: Count=7514, Max=642, Min=216, Avg=303.35, 50=293, 90=365, 99=460, 99.9=563, 99.99=642] [CLEANUP: Count=256, Max=560, Min=9, Avg=25.6, 50=15, 90=26, 99=556, 99.9=560, 99.99=560] [Intended-READ: Count=7343, Max=909, Min=247, Avg=360.92, 50=352, 90=424, 99=517, 99.9=623, 99.99=909] [Intended-CLEANUP: Count=256, Max=560, Min=9, Avg=25.82, 50=16, 90=26, 99=557, 99.9=560, 99.99=560] 
[OVERALL], RunTime(ms), 50097
[OVERALL], Throughput(ops/sec), 99806.37563127532
[TOTAL_GCS_G1_Young_Generation], Count, 91
[TOTAL_GC_TIME_G1_Young_Generation], Time(ms), 68
[TOTAL_GC_TIME_%_G1_Young_Generation], Time(%), 0.13573667085853444
[TOTAL_GCS_G1_Old_Generation], Count, 0
[TOTAL_GC_TIME_G1_Old_Generation], Time(ms), 0
[TOTAL_GC_TIME_%_G1_Old_Generation], Time(%), 0.0
[TOTAL_GCs], Count, 91
[TOTAL_GC_TIME], Time(ms), 68
[TOTAL_GC_TIME_%], Time(%), 0.13573667085853444
[READ], Operations, 5000000
[READ], AverageLatency(us), 310.6581668
[READ], MinLatency(us), 198
[READ], MaxLatency(us), 37887
[READ], 50thPercentileLatency(us), 297
[READ], 95thPercentileLatency(us), 402
[READ], 99thPercentileLatency(us), 470
[READ], 99.9PercentileLatency(us), 735
[READ], 99.99PercentileLatency(us), 1795
[READ], Return=OK, 5000000
[CLEANUP], Operations, 256
[CLEANUP], AverageLatency(us), 25.59765625
[CLEANUP], MinLatency(us), 9
[CLEANUP], MaxLatency(us), 560
[CLEANUP], 50thPercentileLatency(us), 15
[CLEANUP], 95thPercentileLatency(us), 37
[CLEANUP], 99thPercentileLatency(us), 556
[CLEANUP], 99.9PercentileLatency(us), 560
[CLEANUP], 99.99PercentileLatency(us), 560
[Intended-READ], Operations, 5000000
[Intended-READ], AverageLatency(us), 408.307261
[Intended-READ], MinLatency(us), 229
[Intended-READ], MaxLatency(us), 95103
[Intended-READ], 50thPercentileLatency(us), 357
[Intended-READ], 95thPercentileLatency(us), 462
[Intended-READ], 99thPercentileLatency(us), 546
[Intended-READ], 99.9PercentileLatency(us), 13663
[Intended-READ], 99.99PercentileLatency(us), 63519
[Intended-CLEANUP], Operations, 256
[Intended-CLEANUP], AverageLatency(us), 25.8203125
[Intended-CLEANUP], MinLatency(us), 9
[Intended-CLEANUP], MaxLatency(us), 560
[Intended-CLEANUP], 50thPercentileLatency(us), 16
[Intended-CLEANUP], 95thPercentileLatency(us), 37
[Intended-CLEANUP], 99thPercentileLatency(us), 557
[Intended-CLEANUP], 99.9PercentileLatency(us), 560
[Intended-CLEANUP], 99.99PercentileLatency(us), 560
