java -cp /mnt/dev/YCSB-hreplace-dist/redis-binding/conf:/mnt/dev/YCSB-hreplace-dist/conf:/mnt/dev/YCSB-hreplace-dist/lib/htrace-core4-4.1.0-incubating.jar:/mnt/dev/YCSB-hreplace-dist/lib/slf4j-api-1.7.25.jar:/mnt/dev/YCSB-hreplace-dist/lib/jackson-mapper-asl-1.9.4.jar:/mnt/dev/YCSB-hreplace-dist/lib/HdrHistogram-2.1.12.jar:/mnt/dev/YCSB-hreplace-dist/lib/jackson-core-asl-1.9.4.jar:/mnt/dev/YCSB-hreplace-dist/lib/jedis-3.9.0.jar:/mnt/dev/YCSB-hreplace-dist/lib/core-0.18.0-SNAPSHOT.jar:/mnt/dev/YCSB-hreplace-dist/lib/commons-pool2-2.11.1.jar:/mnt/dev/YCSB-hreplace-dist/lib/redis-binding-0.18.0-SNAPSHOT.jar site.ycsb.Client -db site.ycsb.db.RedisClient -s -threads 256 -P /mnt/dev/YCSB-hreplace-dist/workloads/workloada -target 100000 -p recordcount=100000000 -p operationcount=1000000 -p fieldcount=10 -p fieldlength=128 -p fieldlengthdistribution=constant -p readallfields=true -p writeallfields=true -p insertorder=hashed -p requestdistribution=uniform -p readproportion=1 -p updateproportion=0 -p insertproportion=0 -p scanproportion=0 -p readmodifywriteproportion=0 -p measurementtype=hdrhistogram -p measurement.interval=both -p hdrhistogram.percentiles=50,95,99,99.9,99.99 -p status.interval=10 -p redis.host=172.16.0.4 -p redis.port=16379 -p redis.scanindex=none -p redis.timeout=10000 -p redis.cluster=false -p redis.updatecommand=hmset -t
Command line: -db site.ycsb.db.RedisClient -s -threads 256 -P /mnt/dev/YCSB-hreplace-dist/workloads/workloada -target 100000 -p recordcount=100000000 -p operationcount=1000000 -p fieldcount=10 -p fieldlength=128 -p fieldlengthdistribution=constant -p readallfields=true -p writeallfields=true -p insertorder=hashed -p requestdistribution=uniform -p readproportion=1 -p updateproportion=0 -p insertproportion=0 -p scanproportion=0 -p readmodifywriteproportion=0 -p measurementtype=hdrhistogram -p measurement.interval=both -p hdrhistogram.percentiles=50,95,99,99.9,99.99 -p status.interval=10 -p redis.host=172.16.0.4 -p redis.port=16379 -p redis.scanindex=none -p redis.timeout=10000 -p redis.cluster=false -p redis.updatecommand=hmset -t
YCSB Client 0.18.0-SNAPSHOT

Loading workload...
Starting test.
SLF4J: Failed to load class "org.slf4j.impl.StaticLoggerBinder".
SLF4J: Defaulting to no-operation (NOP) logger implementation
SLF4J: See http://www.slf4j.org/codes.html#StaticLoggerBinder for further details.
2026-09-13 15:38:10:094 0 sec: 0 operations; est completion in 0 second 
DBWrapper: report latency for each error is false and specific error codes to track for latency are: []
2026-09-13 15:38:20:067 10 sec: 993797 operations; 99379.7 current ops/sec; est completion in 1 second [READ: Count=993859, Max=41087, Min=203, Avg=316.14, 50=294, 90=381, 99=545, 99.9=1388, 99.99=18495] [Intended-READ: Count=994345, Max=124799, Min=223, Avg=751.77, 50=353, 90=442, 99=2481, 99.9=79039, 99.99=109695] 
2026-09-13 15:38:20:160 10 sec: 1000000 operations; 65989.36 current ops/sec; [READ: Count=6141, Max=1153, Min=211, Avg=306.8, 50=293, 90=375, 99=492, 99.9=691, 99.99=1153] [CLEANUP: Count=256, Max=612, Min=9, Avg=31.49, 50=17, 90=28, 99=554, 99.9=612, 99.99=612] [Intended-READ: Count=5655, Max=1215, Min=253, Avg=366.73, 50=353, 90=435, 99=583, 99.9=846, 99.99=1215] [Intended-CLEANUP: Count=256, Max=613, Min=10, Avg=31.73, 50=17, 90=28, 99=555, 99.9=613, 99.99=613] 
[OVERALL], RunTime(ms), 10093
[OVERALL], Throughput(ops/sec), 99078.56930545923
[TOTAL_GCS_G1_Young_Generation], Count, 21
[TOTAL_GC_TIME_G1_Young_Generation], Time(ms), 23
[TOTAL_GC_TIME_%_G1_Young_Generation], Time(%), 0.22788070940255623
[TOTAL_GCS_G1_Old_Generation], Count, 0
[TOTAL_GC_TIME_G1_Old_Generation], Time(ms), 0
[TOTAL_GC_TIME_%_G1_Old_Generation], Time(%), 0.0
[TOTAL_GCs], Count, 21
[TOTAL_GC_TIME], Time(ms), 23
[TOTAL_GC_TIME_%], Time(%), 0.22788070940255623
[READ], Operations, 1000000
[READ], AverageLatency(us), 316.08312
[READ], MinLatency(us), 203
[READ], MaxLatency(us), 41087
[READ], 50thPercentileLatency(us), 294
[READ], 95thPercentileLatency(us), 413
[READ], 99thPercentileLatency(us), 544
[READ], 99.9PercentileLatency(us), 1386
[READ], 99.99PercentileLatency(us), 18303
[READ], Return=OK, 1000000
[CLEANUP], Operations, 256
[CLEANUP], AverageLatency(us), 31.4921875
[CLEANUP], MinLatency(us), 9
[CLEANUP], MaxLatency(us), 612
[CLEANUP], 50thPercentileLatency(us), 17
[CLEANUP], 95thPercentileLatency(us), 43
[CLEANUP], 99thPercentileLatency(us), 554
[CLEANUP], 99.9PercentileLatency(us), 612
[CLEANUP], 99.99PercentileLatency(us), 612
[Intended-READ], Operations, 1000000
[Intended-READ], AverageLatency(us), 749.590426
[Intended-READ], MinLatency(us), 223
[Intended-READ], MaxLatency(us), 124799
[Intended-READ], 50thPercentileLatency(us), 353
[Intended-READ], 95thPercentileLatency(us), 478
[Intended-READ], 99thPercentileLatency(us), 2357
[Intended-READ], 99.9PercentileLatency(us), 78975
[Intended-READ], 99.99PercentileLatency(us), 109567
[Intended-CLEANUP], Operations, 256
[Intended-CLEANUP], AverageLatency(us), 31.7265625
[Intended-CLEANUP], MinLatency(us), 10
[Intended-CLEANUP], MaxLatency(us), 613
[Intended-CLEANUP], 50thPercentileLatency(us), 17
[Intended-CLEANUP], 95thPercentileLatency(us), 43
[Intended-CLEANUP], 99thPercentileLatency(us), 555
[Intended-CLEANUP], 99.9PercentileLatency(us), 613
[Intended-CLEANUP], 99.99PercentileLatency(us), 613
