java -cp /mnt/dev/YCSB-hreplace-dist/redis-binding/conf:/mnt/dev/YCSB-hreplace-dist/conf:/mnt/dev/YCSB-hreplace-dist/lib/htrace-core4-4.1.0-incubating.jar:/mnt/dev/YCSB-hreplace-dist/lib/slf4j-api-1.7.25.jar:/mnt/dev/YCSB-hreplace-dist/lib/jackson-mapper-asl-1.9.4.jar:/mnt/dev/YCSB-hreplace-dist/lib/HdrHistogram-2.1.12.jar:/mnt/dev/YCSB-hreplace-dist/lib/jackson-core-asl-1.9.4.jar:/mnt/dev/YCSB-hreplace-dist/lib/jedis-3.9.0.jar:/mnt/dev/YCSB-hreplace-dist/lib/core-0.18.0-SNAPSHOT.jar:/mnt/dev/YCSB-hreplace-dist/lib/commons-pool2-2.11.1.jar:/mnt/dev/YCSB-hreplace-dist/lib/redis-binding-0.18.0-SNAPSHOT.jar site.ycsb.Client -db site.ycsb.db.RedisClient -s -threads 256 -P /mnt/dev/YCSB-hreplace-dist/workloads/workloada -p recordcount=100000000 -p operationcount=1000000 -p fieldcount=10 -p fieldlength=128 -p fieldlengthdistribution=constant -p readallfields=true -p writeallfields=true -p insertorder=hashed -p requestdistribution=uniform -p readproportion=0.5 -p updateproportion=0.5 -p insertproportion=0 -p scanproportion=0 -p readmodifywriteproportion=0 -p measurementtype=hdrhistogram -p measurement.interval=both -p hdrhistogram.percentiles=50,95,99,99.9,99.99 -p status.interval=10 -p redis.host=172.16.0.4 -p redis.port=16379 -p redis.scanindex=none -p redis.timeout=10000 -p redis.cluster=false -p redis.updatecommand=keylane.hreplace -t
Command line: -db site.ycsb.db.RedisClient -s -threads 256 -P /mnt/dev/YCSB-hreplace-dist/workloads/workloada -p recordcount=100000000 -p operationcount=1000000 -p fieldcount=10 -p fieldlength=128 -p fieldlengthdistribution=constant -p readallfields=true -p writeallfields=true -p insertorder=hashed -p requestdistribution=uniform -p readproportion=0.5 -p updateproportion=0.5 -p insertproportion=0 -p scanproportion=0 -p readmodifywriteproportion=0 -p measurementtype=hdrhistogram -p measurement.interval=both -p hdrhistogram.percentiles=50,95,99,99.9,99.99 -p status.interval=10 -p redis.host=172.16.0.4 -p redis.port=16379 -p redis.scanindex=none -p redis.timeout=10000 -p redis.cluster=false -p redis.updatecommand=keylane.hreplace -t
YCSB Client 0.18.0-SNAPSHOT

Loading workload...
Starting test.
SLF4J: Failed to load class "org.slf4j.impl.StaticLoggerBinder".
SLF4J: Defaulting to no-operation (NOP) logger implementation
SLF4J: See http://www.slf4j.org/codes.html#StaticLoggerBinder for further details.
2026-09-13 16:04:19:892 0 sec: 0 operations; est completion in 0 second 
DBWrapper: report latency for each error is false and specific error codes to track for latency are: []
2026-09-13 16:04:22:337 2 sec: 1000000 operations; 401929.26 current ops/sec; [READ: Count=499567, Max=71871, Min=185, Avg=620.08, 50=500, 90=753, 99=3607, 99.9=7167, 99.99=41727] [CLEANUP: Count=256, Max=767, Min=13, Avg=34.05, 50=23, 90=54, 99=147, 99.9=767, 99.99=767] [UPDATE: Count=500433, Max=72511, Min=162, Avg=495.75, 50=380, 90=626, 99=2891, 99.9=6663, 99.99=44639] [Intended-READ: Count=499567, Max=71871, Min=185, Avg=620.12, 50=500, 90=753, 99=3607, 99.9=7167, 99.99=41727] [Intended-CLEANUP: Count=256, Max=768, Min=13, Avg=34.38, 50=24, 90=55, 99=148, 99.9=768, 99.99=768] [Intended-UPDATE: Count=500433, Max=72511, Min=162, Avg=495.79, 50=380, 90=626, 99=2891, 99.9=6663, 99.99=44639] 
[OVERALL], RunTime(ms), 2487
[OVERALL], Throughput(ops/sec), 402090.8725371934
[TOTAL_GCS_G1_Young_Generation], Count, 22
[TOTAL_GC_TIME_G1_Young_Generation], Time(ms), 32
[TOTAL_GC_TIME_%_G1_Young_Generation], Time(%), 1.286690792119019
[TOTAL_GCS_G1_Old_Generation], Count, 0
[TOTAL_GC_TIME_G1_Old_Generation], Time(ms), 0
[TOTAL_GC_TIME_%_G1_Old_Generation], Time(%), 0.0
[TOTAL_GCs], Count, 22
[TOTAL_GC_TIME], Time(ms), 32
[TOTAL_GC_TIME_%], Time(%), 1.286690792119019
[READ], Operations, 499567
[READ], AverageLatency(us), 620.0842069231954
[READ], MinLatency(us), 185
[READ], MaxLatency(us), 71871
[READ], 50thPercentileLatency(us), 500
[READ], 95thPercentileLatency(us), 1092
[READ], 99thPercentileLatency(us), 3607
[READ], 99.9PercentileLatency(us), 7167
[READ], 99.99PercentileLatency(us), 41727
[READ], Return=OK, 499567
[CLEANUP], Operations, 256
[CLEANUP], AverageLatency(us), 34.046875
[CLEANUP], MinLatency(us), 13
[CLEANUP], MaxLatency(us), 767
[CLEANUP], 50thPercentileLatency(us), 23
[CLEANUP], 95thPercentileLatency(us), 83
[CLEANUP], 99thPercentileLatency(us), 147
[CLEANUP], 99.9PercentileLatency(us), 767
[CLEANUP], 99.99PercentileLatency(us), 767
[UPDATE], Operations, 500433
[UPDATE], AverageLatency(us), 495.75420086205344
[UPDATE], MinLatency(us), 162
[UPDATE], MaxLatency(us), 72511
[UPDATE], 50thPercentileLatency(us), 380
[UPDATE], 95thPercentileLatency(us), 1013
[UPDATE], 99thPercentileLatency(us), 2891
[UPDATE], 99.9PercentileLatency(us), 6663
[UPDATE], 99.99PercentileLatency(us), 44639
[UPDATE], Return=OK, 500433
[Intended-READ], Operations, 499567
[Intended-READ], AverageLatency(us), 620.1239373297276
[Intended-READ], MinLatency(us), 185
[Intended-READ], MaxLatency(us), 71871
[Intended-READ], 50thPercentileLatency(us), 500
[Intended-READ], 95thPercentileLatency(us), 1092
[Intended-READ], 99thPercentileLatency(us), 3607
[Intended-READ], 99.9PercentileLatency(us), 7167
[Intended-READ], 99.99PercentileLatency(us), 41727
[Intended-CLEANUP], Operations, 256
[Intended-CLEANUP], AverageLatency(us), 34.3828125
[Intended-CLEANUP], MinLatency(us), 13
[Intended-CLEANUP], MaxLatency(us), 768
[Intended-CLEANUP], 50thPercentileLatency(us), 24
[Intended-CLEANUP], 95thPercentileLatency(us), 83
[Intended-CLEANUP], 99thPercentileLatency(us), 148
[Intended-CLEANUP], 99.9PercentileLatency(us), 768
[Intended-CLEANUP], 99.99PercentileLatency(us), 768
[Intended-UPDATE], Operations, 500433
[Intended-UPDATE], AverageLatency(us), 495.7920780603997
[Intended-UPDATE], MinLatency(us), 162
[Intended-UPDATE], MaxLatency(us), 72511
[Intended-UPDATE], 50thPercentileLatency(us), 380
[Intended-UPDATE], 95thPercentileLatency(us), 1013
[Intended-UPDATE], 99thPercentileLatency(us), 2891
[Intended-UPDATE], 99.9PercentileLatency(us), 6663
[Intended-UPDATE], 99.99PercentileLatency(us), 44639
