java -cp /mnt/dev/YCSB-hreplace-dist/redis-binding/conf:/mnt/dev/YCSB-hreplace-dist/conf:/mnt/dev/YCSB-hreplace-dist/lib/htrace-core4-4.1.0-incubating.jar:/mnt/dev/YCSB-hreplace-dist/lib/slf4j-api-1.7.25.jar:/mnt/dev/YCSB-hreplace-dist/lib/jackson-mapper-asl-1.9.4.jar:/mnt/dev/YCSB-hreplace-dist/lib/HdrHistogram-2.1.12.jar:/mnt/dev/YCSB-hreplace-dist/lib/jackson-core-asl-1.9.4.jar:/mnt/dev/YCSB-hreplace-dist/lib/jedis-3.9.0.jar:/mnt/dev/YCSB-hreplace-dist/lib/core-0.18.0-SNAPSHOT.jar:/mnt/dev/YCSB-hreplace-dist/lib/commons-pool2-2.11.1.jar:/mnt/dev/YCSB-hreplace-dist/lib/redis-binding-0.18.0-SNAPSHOT.jar site.ycsb.Client -db site.ycsb.db.RedisClient -s -threads 256 -P /mnt/dev/YCSB-hreplace-dist/workloads/workloada -target 100000 -p recordcount=100000000 -p operationcount=5000000 -p fieldcount=10 -p fieldlength=128 -p fieldlengthdistribution=constant -p readallfields=true -p writeallfields=true -p insertorder=hashed -p requestdistribution=uniform -p readproportion=0.5 -p updateproportion=0.5 -p insertproportion=0 -p scanproportion=0 -p readmodifywriteproportion=0 -p measurementtype=hdrhistogram -p measurement.interval=both -p hdrhistogram.percentiles=50,95,99,99.9,99.99 -p status.interval=10 -p redis.host=172.16.0.4 -p redis.port=16379 -p redis.scanindex=none -p redis.timeout=10000 -p redis.cluster=false -p redis.updatecommand=keylane.hreplace -t
Command line: -db site.ycsb.db.RedisClient -s -threads 256 -P /mnt/dev/YCSB-hreplace-dist/workloads/workloada -target 100000 -p recordcount=100000000 -p operationcount=5000000 -p fieldcount=10 -p fieldlength=128 -p fieldlengthdistribution=constant -p readallfields=true -p writeallfields=true -p insertorder=hashed -p requestdistribution=uniform -p readproportion=0.5 -p updateproportion=0.5 -p insertproportion=0 -p scanproportion=0 -p readmodifywriteproportion=0 -p measurementtype=hdrhistogram -p measurement.interval=both -p hdrhistogram.percentiles=50,95,99,99.9,99.99 -p status.interval=10 -p redis.host=172.16.0.4 -p redis.port=16379 -p redis.scanindex=none -p redis.timeout=10000 -p redis.cluster=false -p redis.updatecommand=keylane.hreplace -t
YCSB Client 0.18.0-SNAPSHOT

Loading workload...
Starting test.
SLF4J: Failed to load class "org.slf4j.impl.StaticLoggerBinder".
SLF4J: Defaulting to no-operation (NOP) logger implementation
SLF4J: See http://www.slf4j.org/codes.html#StaticLoggerBinder for further details.
2026-09-13 16:08:40:533 0 sec: 0 operations; est completion in 0 second 
DBWrapper: report latency for each error is false and specific error codes to track for latency are: []
2026-09-13 16:08:50:487 10 sec: 992247 operations; 99214.78 current ops/sec; est completion in 41 seconds [READ: Count=496549, Max=28031, Min=169, Avg=326.17, 50=296, 90=355, 99=946, 99.9=4459, 99.99=11311] [UPDATE: Count=496005, Max=32863, Min=152, Avg=253.67, 50=217, 90=275, 99=1235, 99.9=4085, 99.99=13775] [Intended-READ: Count=496885, Max=96191, Min=220, Avg=567.34, 50=355, 90=418, 99=3027, 99.9=48383, 99.99=78527] [Intended-UPDATE: Count=496220, Max=95807, Min=170, Avg=493.66, 50=276, 90=337, 99=2865, 99.9=49471, 99.99=78527] 
2026-09-13 16:09:00:487 20 sec: 1992236 operations; 99998.9 current ops/sec; est completion in 31 seconds [READ: Count=500295, Max=11791, Min=169, Avg=317.43, 50=296, 90=352, 99=585, 99.9=3825, 99.99=6931] [UPDATE: Count=499550, Max=5347, Min=149, Avg=232.38, 50=217, 90=270, 99=416, 99.9=2465, 99.99=3903] [Intended-READ: Count=500105, Max=11855, Min=208, Avg=378.93, 50=354, 90=412, 99=875, 99.9=4167, 99.99=7339] [Intended-UPDATE: Count=499425, Max=9551, Min=171, Avg=294.34, 50=276, 90=330, 99=597, 99.9=2831, 99.99=5043] 
2026-09-13 16:09:10:487 30 sec: 2992230 operations; 99999.4 current ops/sec; est completion in 21 seconds [READ: Count=499959, Max=9823, Min=175, Avg=316.05, 50=295, 90=348, 99=578, 99.9=3563, 99.99=5923] [UPDATE: Count=499985, Max=6075, Min=151, Avg=230.7, 50=216, 90=266, 99=402, 99.9=2395, 99.99=4067] [Intended-READ: Count=499893, Max=9887, Min=218, Avg=376.97, 50=354, 90=409, 99=869, 99.9=3895, 99.99=6683] [Intended-UPDATE: Count=499993, Max=7339, Min=170, Avg=292.01, 50=275, 90=326, 99=551, 99.9=2711, 99.99=4795] 
2026-09-13 16:09:20:487 40 sec: 3992238 operations; 100000.8 current ops/sec; est completion in 11 seconds [READ: Count=499787, Max=11207, Min=169, Avg=318.4, 50=295, 90=350, 99=601, 99.9=3963, 99.99=7875] [UPDATE: Count=500201, Max=5943, Min=151, Avg=231.02, 50=217, 90=267, 99=408, 99.9=2259, 99.99=3701] [Intended-READ: Count=499795, Max=11263, Min=229, Avg=380.81, 50=354, 90=410, 99=947, 99.9=4747, 99.99=8159] [Intended-UPDATE: Count=500207, Max=8983, Min=175, Avg=293.41, 50=276, 90=328, 99=585, 99.9=2843, 99.99=5651] 
2026-09-13 16:09:30:487 50 sec: 4992238 operations; 100000 current ops/sec; est completion in 1 second [READ: Count=500290, Max=11103, Min=168, Avg=317.23, 50=296, 90=351, 99=571, 99.9=3735, 99.99=7483] [UPDATE: Count=499702, Max=4823, Min=149, Avg=231.19, 50=217, 90=269, 99=408, 99.9=2205, 99.99=3435] [Intended-READ: Count=500297, Max=11167, Min=211, Avg=378.77, 50=354, 90=411, 99=856, 99.9=4151, 99.99=7767] [Intended-UPDATE: Count=499697, Max=9207, Min=170, Avg=292.95, 50=276, 90=329, 99=565, 99.9=2621, 99.99=5415] 
2026-09-13 16:09:30:581 50 sec: 5000000 operations; 82574.47 current ops/sec; [READ: Count=3855, Max=7919, Min=225, Avg=416.33, 50=297, 90=377, 99=3749, 99.9=6111, 99.99=7919] [CLEANUP: Count=256, Max=561, Min=10, Avg=25.5, 50=16, 90=26, 99=289, 99.9=561, 99.99=561] [UPDATE: Count=3822, Max=5551, Min=158, Avg=270.07, 50=216, 90=272, 99=2002, 99.9=3825, 99.99=5551] [Intended-READ: Count=3760, Max=7979, Min=269, Avg=490.4, 50=355, 90=447, 99=3915, 99.9=6171, 99.99=7979] [Intended-CLEANUP: Count=256, Max=561, Min=10, Avg=25.73, 50=16, 90=26, 99=290, 99.9=561, 99.99=561] [Intended-UPDATE: Count=3723, Max=5663, Min=188, Avg=354.26, 50=275, 90=339, 99=2645, 99.9=5035, 99.99=5663] 
[OVERALL], RunTime(ms), 50094
[OVERALL], Throughput(ops/sec), 99812.35277677965
[TOTAL_GCS_G1_Young_Generation], Count, 136
[TOTAL_GC_TIME_G1_Young_Generation], Time(ms), 104
[TOTAL_GC_TIME_%_G1_Young_Generation], Time(%), 0.20760969377570168
[TOTAL_GCS_G1_Old_Generation], Count, 0
[TOTAL_GC_TIME_G1_Old_Generation], Time(ms), 0
[TOTAL_GC_TIME_%_G1_Old_Generation], Time(%), 0.0
[TOTAL_GCs], Count, 136
[TOTAL_GC_TIME], Time(ms), 104
[TOTAL_GC_TIME_%], Time(%), 0.20760969377570168
[READ], Operations, 2500735
[READ], AverageLatency(us), 319.1939849684193
[READ], MinLatency(us), 168
[READ], MaxLatency(us), 28031
[READ], 50thPercentileLatency(us), 295
[READ], 95thPercentileLatency(us), 384
[READ], 99thPercentileLatency(us), 662
[READ], 99.9PercentileLatency(us), 3895
[READ], 99.99PercentileLatency(us), 7591
[READ], Return=OK, 2500735
[CLEANUP], Operations, 256
[CLEANUP], AverageLatency(us), 25.5
[CLEANUP], MinLatency(us), 10
[CLEANUP], MaxLatency(us), 561
[CLEANUP], 50thPercentileLatency(us), 16
[CLEANUP], 95thPercentileLatency(us), 33
[CLEANUP], 99thPercentileLatency(us), 289
[CLEANUP], 99.9PercentileLatency(us), 561
[CLEANUP], 99.99PercentileLatency(us), 561
[UPDATE], Operations, 2499265
[UPDATE], AverageLatency(us), 235.81484716506654
[UPDATE], MinLatency(us), 149
[UPDATE], MaxLatency(us), 32863
[UPDATE], 50thPercentileLatency(us), 217
[UPDATE], 95thPercentileLatency(us), 303
[UPDATE], 99thPercentileLatency(us), 462
[UPDATE], 99.9PercentileLatency(us), 2845
[UPDATE], 99.99PercentileLatency(us), 5251
[UPDATE], Return=OK, 2499265
[Intended-READ], Operations, 2500735
[Intended-READ], AverageLatency(us), 416.4850853848968
[Intended-READ], MinLatency(us), 208
[Intended-READ], MaxLatency(us), 96191
[Intended-READ], 50thPercentileLatency(us), 354
[Intended-READ], 95thPercentileLatency(us), 447
[Intended-READ], 99thPercentileLatency(us), 1103
[Intended-READ], 99.9PercentileLatency(us), 11207
[Intended-READ], 99.99PercentileLatency(us), 60959
[Intended-CLEANUP], Operations, 256
[Intended-CLEANUP], AverageLatency(us), 25.7265625
[Intended-CLEANUP], MinLatency(us), 10
[Intended-CLEANUP], MaxLatency(us), 561
[Intended-CLEANUP], 50thPercentileLatency(us), 16
[Intended-CLEANUP], 95thPercentileLatency(us), 33
[Intended-CLEANUP], 99thPercentileLatency(us), 290
[Intended-CLEANUP], 99.9PercentileLatency(us), 561
[Intended-CLEANUP], 99.99PercentileLatency(us), 561
[Intended-UPDATE], Operations, 2499265
[Intended-UPDATE], AverageLatency(us), 333.0732947486561
[Intended-UPDATE], MinLatency(us), 170
[Intended-UPDATE], MaxLatency(us), 95807
[Intended-UPDATE], 50thPercentileLatency(us), 276
[Intended-UPDATE], 95thPercentileLatency(us), 365
[Intended-UPDATE], 99thPercentileLatency(us), 828
[Intended-UPDATE], 99.9PercentileLatency(us), 11983
[Intended-UPDATE], 99.99PercentileLatency(us), 62431
