java -cp /mnt/dev/YCSB-hreplace-dist/redis-binding/conf:/mnt/dev/YCSB-hreplace-dist/conf:/mnt/dev/YCSB-hreplace-dist/lib/htrace-core4-4.1.0-incubating.jar:/mnt/dev/YCSB-hreplace-dist/lib/slf4j-api-1.7.25.jar:/mnt/dev/YCSB-hreplace-dist/lib/jackson-mapper-asl-1.9.4.jar:/mnt/dev/YCSB-hreplace-dist/lib/HdrHistogram-2.1.12.jar:/mnt/dev/YCSB-hreplace-dist/lib/jackson-core-asl-1.9.4.jar:/mnt/dev/YCSB-hreplace-dist/lib/jedis-3.9.0.jar:/mnt/dev/YCSB-hreplace-dist/lib/core-0.18.0-SNAPSHOT.jar:/mnt/dev/YCSB-hreplace-dist/lib/commons-pool2-2.11.1.jar:/mnt/dev/YCSB-hreplace-dist/lib/redis-binding-0.18.0-SNAPSHOT.jar site.ycsb.Client -db site.ycsb.db.RedisClient -s -threads 256 -P /mnt/dev/YCSB-hreplace-dist/workloads/workloada -target 100000 -p recordcount=100000000 -p operationcount=1000000 -p fieldcount=10 -p fieldlength=128 -p fieldlengthdistribution=constant -p readallfields=true -p writeallfields=true -p insertorder=hashed -p requestdistribution=uniform -p readproportion=1 -p updateproportion=0 -p insertproportion=0 -p scanproportion=0 -p readmodifywriteproportion=0 -p measurementtype=hdrhistogram -p measurement.interval=both -p hdrhistogram.percentiles=50,95,99,99.9,99.99 -p status.interval=10 -p redis.host=172.16.0.4 -p redis.port=16379 -p redis.scanindex=none -p redis.timeout=10000 -p redis.cluster=false -p redis.updatecommand=keylane.hreplace -t
Command line: -db site.ycsb.db.RedisClient -s -threads 256 -P /mnt/dev/YCSB-hreplace-dist/workloads/workloada -target 100000 -p recordcount=100000000 -p operationcount=1000000 -p fieldcount=10 -p fieldlength=128 -p fieldlengthdistribution=constant -p readallfields=true -p writeallfields=true -p insertorder=hashed -p requestdistribution=uniform -p readproportion=1 -p updateproportion=0 -p insertproportion=0 -p scanproportion=0 -p readmodifywriteproportion=0 -p measurementtype=hdrhistogram -p measurement.interval=both -p hdrhistogram.percentiles=50,95,99,99.9,99.99 -p status.interval=10 -p redis.host=172.16.0.4 -p redis.port=16379 -p redis.scanindex=none -p redis.timeout=10000 -p redis.cluster=false -p redis.updatecommand=keylane.hreplace -t
YCSB Client 0.18.0-SNAPSHOT

Loading workload...
Starting test.
SLF4J: Failed to load class "org.slf4j.impl.StaticLoggerBinder".
SLF4J: Defaulting to no-operation (NOP) logger implementation
SLF4J: See http://www.slf4j.org/codes.html#StaticLoggerBinder for further details.
2026-09-13 16:24:59:906 0 sec: 0 operations; est completion in 0 second 
DBWrapper: report latency for each error is false and specific error codes to track for latency are: []
2026-09-13 16:25:09:868 10 sec: 993084 operations; 99308.4 current ops/sec; est completion in 1 second [READ: Count=993176, Max=19631, Min=211, Avg=321.69, 50=299, 90=394, 99=556, 99.9=1661, 99.99=9911] [Intended-READ: Count=993553, Max=84607, Min=225, Avg=488.77, 50=358, 90=454, 99=703, 99.9=39327, 99.99=65855] 
2026-09-13 16:25:09:970 10 sec: 1000000 operations; 67145.63 current ops/sec; [READ: Count=6824, Max=2837, Min=211, Avg=317.51, 50=299, 90=394, 99=521, 99.9=871, 99.99=2837] [CLEANUP: Count=256, Max=773, Min=11, Avg=36.18, 50=17, 90=37, 99=552, 99.9=773, 99.99=773] [Intended-READ: Count=6447, Max=2885, Min=246, Avg=376.94, 50=359, 90=456, 99=596, 99.9=1073, 99.99=2885] [Intended-CLEANUP: Count=256, Max=774, Min=11, Avg=36.44, 50=17, 90=37, 99=553, 99.9=774, 99.99=774] 
[OVERALL], RunTime(ms), 10102
[OVERALL], Throughput(ops/sec), 98990.29895070283
[TOTAL_GCS_G1_Young_Generation], Count, 20
[TOTAL_GC_TIME_G1_Young_Generation], Time(ms), 21
[TOTAL_GC_TIME_%_G1_Young_Generation], Time(%), 0.20787962779647595
[TOTAL_GCS_G1_Old_Generation], Count, 0
[TOTAL_GC_TIME_G1_Old_Generation], Time(ms), 0
[TOTAL_GC_TIME_%_G1_Old_Generation], Time(%), 0.0
[TOTAL_GCs], Count, 20
[TOTAL_GC_TIME], Time(ms), 21
[TOTAL_GC_TIME_%], Time(%), 0.20787962779647595
[READ], Operations, 1000000
[READ], AverageLatency(us), 321.661592
[READ], MinLatency(us), 211
[READ], MaxLatency(us), 19631
[READ], 50thPercentileLatency(us), 299
[READ], 95thPercentileLatency(us), 434
[READ], 99thPercentileLatency(us), 556
[READ], 99.9PercentileLatency(us), 1657
[READ], 99.99PercentileLatency(us), 9815
[READ], Return=OK, 1000000
[CLEANUP], Operations, 256
[CLEANUP], AverageLatency(us), 36.17578125
[CLEANUP], MinLatency(us), 11
[CLEANUP], MaxLatency(us), 773
[CLEANUP], 50thPercentileLatency(us), 17
[CLEANUP], 95thPercentileLatency(us), 66
[CLEANUP], 99thPercentileLatency(us), 552
[CLEANUP], 99.9PercentileLatency(us), 773
[CLEANUP], 99.99PercentileLatency(us), 773
[Intended-READ], Operations, 1000000
[Intended-READ], AverageLatency(us), 488.049779
[Intended-READ], MinLatency(us), 225
[Intended-READ], MaxLatency(us), 84607
[Intended-READ], 50thPercentileLatency(us), 358
[Intended-READ], 95thPercentileLatency(us), 498
[Intended-READ], 99thPercentileLatency(us), 701
[Intended-READ], 99.9PercentileLatency(us), 39231
[Intended-READ], 99.99PercentileLatency(us), 65855
[Intended-CLEANUP], Operations, 256
[Intended-CLEANUP], AverageLatency(us), 36.44140625
[Intended-CLEANUP], MinLatency(us), 11
[Intended-CLEANUP], MaxLatency(us), 774
[Intended-CLEANUP], 50thPercentileLatency(us), 17
[Intended-CLEANUP], 95thPercentileLatency(us), 66
[Intended-CLEANUP], 99thPercentileLatency(us), 553
[Intended-CLEANUP], 99.9PercentileLatency(us), 774
[Intended-CLEANUP], 99.99PercentileLatency(us), 774
