java -cp /mnt/dev/YCSB-hreplace-dist/redis-binding/conf:/mnt/dev/YCSB-hreplace-dist/conf:/mnt/dev/YCSB-hreplace-dist/lib/htrace-core4-4.1.0-incubating.jar:/mnt/dev/YCSB-hreplace-dist/lib/slf4j-api-1.7.25.jar:/mnt/dev/YCSB-hreplace-dist/lib/jackson-mapper-asl-1.9.4.jar:/mnt/dev/YCSB-hreplace-dist/lib/HdrHistogram-2.1.12.jar:/mnt/dev/YCSB-hreplace-dist/lib/jackson-core-asl-1.9.4.jar:/mnt/dev/YCSB-hreplace-dist/lib/jedis-3.9.0.jar:/mnt/dev/YCSB-hreplace-dist/lib/core-0.18.0-SNAPSHOT.jar:/mnt/dev/YCSB-hreplace-dist/lib/commons-pool2-2.11.1.jar:/mnt/dev/YCSB-hreplace-dist/lib/redis-binding-0.18.0-SNAPSHOT.jar site.ycsb.Client -db site.ycsb.db.RedisClient -s -threads 256 -P /mnt/dev/YCSB-hreplace-dist/workloads/workloada -target 100000 -p recordcount=100000000 -p operationcount=5000000 -p fieldcount=10 -p fieldlength=128 -p fieldlengthdistribution=constant -p readallfields=true -p writeallfields=true -p insertorder=hashed -p requestdistribution=uniform -p readproportion=0.5 -p updateproportion=0.5 -p insertproportion=0 -p scanproportion=0 -p readmodifywriteproportion=0 -p measurementtype=hdrhistogram -p measurement.interval=both -p hdrhistogram.percentiles=50,95,99,99.9,99.99 -p status.interval=10 -p redis.host=172.16.0.4 -p redis.port=16379 -p redis.scanindex=none -p redis.timeout=10000 -p redis.cluster=false -p redis.updatecommand=hmset -t
Command line: -db site.ycsb.db.RedisClient -s -threads 256 -P /mnt/dev/YCSB-hreplace-dist/workloads/workloada -target 100000 -p recordcount=100000000 -p operationcount=5000000 -p fieldcount=10 -p fieldlength=128 -p fieldlengthdistribution=constant -p readallfields=true -p writeallfields=true -p insertorder=hashed -p requestdistribution=uniform -p readproportion=0.5 -p updateproportion=0.5 -p insertproportion=0 -p scanproportion=0 -p readmodifywriteproportion=0 -p measurementtype=hdrhistogram -p measurement.interval=both -p hdrhistogram.percentiles=50,95,99,99.9,99.99 -p status.interval=10 -p redis.host=172.16.0.4 -p redis.port=16379 -p redis.scanindex=none -p redis.timeout=10000 -p redis.cluster=false -p redis.updatecommand=hmset -t
YCSB Client 0.18.0-SNAPSHOT

Loading workload...
Starting test.
SLF4J: Failed to load class "org.slf4j.impl.StaticLoggerBinder".
SLF4J: Defaulting to no-operation (NOP) logger implementation
SLF4J: See http://www.slf4j.org/codes.html#StaticLoggerBinder for further details.
2026-09-13 15:39:34:844 0 sec: 0 operations; est completion in 0 second 
DBWrapper: report latency for each error is false and specific error codes to track for latency are: []
2026-09-13 15:39:44:807 10 sec: 992484 operations; 99248.4 current ops/sec; est completion in 41 seconds [READ: Count=495546, Max=19567, Min=168, Avg=318.86, 50=298, 90=352, 99=582, 99.9=3609, 99.99=9367] [UPDATE: Count=497253, Max=20015, Min=179, Avg=329.68, 50=304, 90=362, 99=749, 99.9=4019, 99.99=9623] [Intended-READ: Count=495866, Max=95871, Min=214, Avg=509.93, 50=356, 90=414, 99=1901, 99.9=40351, 99.99=73279] [Intended-UPDATE: Count=497470, Max=97855, Min=234, Avg=523.98, 50=363, 90=424, 99=2055, 99.9=40895, 99.99=72959] 
2026-09-13 15:39:54:807 20 sec: 1992487 operations; 100000.3 current ops/sec; est completion in 31 seconds [READ: Count=499866, Max=8343, Min=166, Avg=314.85, 50=298, 90=351, 99=499, 99.9=3117, 99.99=6227] [UPDATE: Count=499987, Max=8543, Min=174, Avg=322.57, 50=304, 90=361, 99=517, 99.9=3217, 99.99=6335] [Intended-READ: Count=499703, Max=9439, Min=197, Avg=376.64, 50=356, 90=412, 99=713, 99.9=3569, 99.99=6555] [Intended-UPDATE: Count=499942, Max=9175, Min=211, Avg=384.53, 50=363, 90=421, 99=724, 99.9=3677, 99.99=6587] 
2026-09-13 15:40:04:807 30 sec: 2992494 operations; 100000.7 current ops/sec; est completion in 21 seconds [READ: Count=499335, Max=6495, Min=171, Avg=311.86, 50=297, 90=348, 99=486, 99.9=2801, 99.99=4531] [UPDATE: Count=500660, Max=6559, Min=171, Avg=318.96, 50=304, 90=358, 99=496, 99.9=2817, 99.99=4435] [Intended-READ: Count=499316, Max=6563, Min=228, Avg=372.02, 50=356, 90=409, 99=614, 99.9=2973, 99.99=4691] [Intended-UPDATE: Count=500567, Max=6619, Min=219, Avg=379.24, 50=363, 90=418, 99=624, 99.9=2931, 99.99=4607] 
2026-09-13 15:40:14:807 40 sec: 3992507 operations; 100001.3 current ops/sec; est completion in 11 seconds [READ: Count=500049, Max=11039, Min=176, Avg=315.25, 50=298, 90=350, 99=498, 99.9=3351, 99.99=6463] [UPDATE: Count=499885, Max=9919, Min=173, Avg=322.84, 50=304, 90=360, 99=514, 99.9=3403, 99.99=6451] [Intended-READ: Count=500034, Max=11103, Min=210, Avg=378.06, 50=356, 90=411, 99=717, 99.9=4037, 99.99=7107] [Intended-UPDATE: Count=499888, Max=9975, Min=231, Avg=385.72, 50=363, 90=420, 99=766, 99.9=4015, 99.99=6795] 
2026-09-13 15:40:24:807 50 sec: 4992479 operations; 99997.2 current ops/sec; est completion in 1 second [READ: Count=500167, Max=8391, Min=171, Avg=314.68, 50=297, 90=348, 99=498, 99.9=3431, 99.99=5939] [UPDATE: Count=499874, Max=10567, Min=169, Avg=322.23, 50=304, 90=358, 99=516, 99.9=3363, 99.99=5955] [Intended-READ: Count=500220, Max=9727, Min=218, Avg=376.9, 50=356, 90=409, 99=752, 99.9=3829, 99.99=6675] [Intended-UPDATE: Count=499894, Max=10615, Min=219, Avg=384.47, 50=363, 90=418, 99=806, 99.9=3781, 99.99=6579] 
2026-09-13 15:40:24:906 50 sec: 5000000 operations; 75969.7 current ops/sec; [READ: Count=3668, Max=849, Min=219, Avg=301.4, 50=294, 90=347, 99=453, 99.9=572, 99.99=849] [CLEANUP: Count=256, Max=613, Min=11, Avg=27.54, 50=16, 90=29, 99=409, 99.9=613, 99.99=613] [UPDATE: Count=3710, Max=1731, Min=220, Avg=310.31, 50=302, 90=360, 99=465, 99.9=607, 99.99=1731] [Intended-READ: Count=3492, Max=881, Min=260, Avg=359.29, 50=353, 90=407, 99=520, 99.9=684, 99.99=881] [Intended-CLEANUP: Count=256, Max=614, Min=11, Avg=27.75, 50=16, 90=29, 99=410, 99.9=614, 99.99=614] [Intended-UPDATE: Count=3608, Max=1793, Min=238, Avg=368.85, 50=361, 90=420, 99=530, 99.9=644, 99.99=1793] 
[OVERALL], RunTime(ms), 50099
[OVERALL], Throughput(ops/sec), 99802.39126529472
[TOTAL_GCS_G1_Young_Generation], Count, 141
[TOTAL_GC_TIME_G1_Young_Generation], Time(ms), 102
[TOTAL_GC_TIME_%_G1_Young_Generation], Time(%), 0.20359687818120123
[TOTAL_GCS_G1_Old_Generation], Count, 0
[TOTAL_GC_TIME_G1_Old_Generation], Time(ms), 0
[TOTAL_GC_TIME_%_G1_Old_Generation], Time(%), 0.0
[TOTAL_GCs], Count, 141
[TOTAL_GC_TIME], Time(ms), 102
[TOTAL_GC_TIME_%], Time(%), 0.20359687818120123
[READ], Operations, 2498631
[READ], AverageLatency(us), 315.0725249146433
[READ], MinLatency(us), 166
[READ], MaxLatency(us), 19567
[READ], 50thPercentileLatency(us), 297
[READ], 95thPercentileLatency(us), 378
[READ], 99thPercentileLatency(us), 506
[READ], 99.9PercentileLatency(us), 3237
[READ], 99.99PercentileLatency(us), 6583
[READ], Return=OK, 2498631
[CLEANUP], Operations, 256
[CLEANUP], AverageLatency(us), 27.5390625
[CLEANUP], MinLatency(us), 11
[CLEANUP], MaxLatency(us), 613
[CLEANUP], 50thPercentileLatency(us), 16
[CLEANUP], 95thPercentileLatency(us), 41
[CLEANUP], 99thPercentileLatency(us), 409
[CLEANUP], 99.9PercentileLatency(us), 613
[CLEANUP], 99.99PercentileLatency(us), 613
[UPDATE], Operations, 2501369
[UPDATE], AverageLatency(us), 323.22796516627494
[UPDATE], MinLatency(us), 169
[UPDATE], MaxLatency(us), 20015
[UPDATE], 50thPercentileLatency(us), 304
[UPDATE], 95thPercentileLatency(us), 390
[UPDATE], 99thPercentileLatency(us), 533
[UPDATE], 99.9PercentileLatency(us), 3315
[UPDATE], 99.99PercentileLatency(us), 6767
[UPDATE], Return=OK, 2501369
[Intended-READ], Operations, 2498631
[Intended-READ], AverageLatency(us), 402.48060918158785
[Intended-READ], MinLatency(us), 197
[Intended-READ], MaxLatency(us), 95871
[Intended-READ], 50thPercentileLatency(us), 356
[Intended-READ], 95thPercentileLatency(us), 441
[Intended-READ], 99thPercentileLatency(us), 893
[Intended-READ], 99.9PercentileLatency(us), 7095
[Intended-READ], 99.99PercentileLatency(us), 51679
[Intended-CLEANUP], Operations, 256
[Intended-CLEANUP], AverageLatency(us), 27.75390625
[Intended-CLEANUP], MinLatency(us), 11
[Intended-CLEANUP], MaxLatency(us), 614
[Intended-CLEANUP], 50thPercentileLatency(us), 16
[Intended-CLEANUP], 95thPercentileLatency(us), 41
[Intended-CLEANUP], 99thPercentileLatency(us), 410
[Intended-CLEANUP], 99.9PercentileLatency(us), 614
[Intended-CLEANUP], 99.99PercentileLatency(us), 614
[Intended-UPDATE], Operations, 2501369
[Intended-UPDATE], AverageLatency(us), 411.40832959871176
[Intended-UPDATE], MinLatency(us), 211
[Intended-UPDATE], MaxLatency(us), 97855
[Intended-UPDATE], 50thPercentileLatency(us), 363
[Intended-UPDATE], 95thPercentileLatency(us), 453
[Intended-UPDATE], 99thPercentileLatency(us), 933
[Intended-UPDATE], 99.9PercentileLatency(us), 7479
[Intended-UPDATE], 99.99PercentileLatency(us), 51711
