java -cp /mnt/dev/YCSB-hreplace-dist/redis-binding/conf:/mnt/dev/YCSB-hreplace-dist/conf:/mnt/dev/YCSB-hreplace-dist/lib/htrace-core4-4.1.0-incubating.jar:/mnt/dev/YCSB-hreplace-dist/lib/slf4j-api-1.7.25.jar:/mnt/dev/YCSB-hreplace-dist/lib/jackson-mapper-asl-1.9.4.jar:/mnt/dev/YCSB-hreplace-dist/lib/HdrHistogram-2.1.12.jar:/mnt/dev/YCSB-hreplace-dist/lib/jackson-core-asl-1.9.4.jar:/mnt/dev/YCSB-hreplace-dist/lib/jedis-3.9.0.jar:/mnt/dev/YCSB-hreplace-dist/lib/core-0.18.0-SNAPSHOT.jar:/mnt/dev/YCSB-hreplace-dist/lib/commons-pool2-2.11.1.jar:/mnt/dev/YCSB-hreplace-dist/lib/redis-binding-0.18.0-SNAPSHOT.jar site.ycsb.Client -db site.ycsb.db.RedisClient -s -threads 256 -P /mnt/dev/YCSB-hreplace-dist/workloads/workloada -p recordcount=100000000 -p operationcount=5000000 -p fieldcount=10 -p fieldlength=128 -p fieldlengthdistribution=constant -p readallfields=true -p writeallfields=true -p insertorder=hashed -p requestdistribution=uniform -p readproportion=0.5 -p updateproportion=0.5 -p insertproportion=0 -p scanproportion=0 -p readmodifywriteproportion=0 -p measurementtype=hdrhistogram -p measurement.interval=both -p hdrhistogram.percentiles=50,95,99,99.9,99.99 -p status.interval=10 -p redis.host=172.16.0.4 -p redis.port=16379 -p redis.scanindex=none -p redis.timeout=10000 -p redis.cluster=false -p redis.updatecommand=hmset -t
Command line: -db site.ycsb.db.RedisClient -s -threads 256 -P /mnt/dev/YCSB-hreplace-dist/workloads/workloada -p recordcount=100000000 -p operationcount=5000000 -p fieldcount=10 -p fieldlength=128 -p fieldlengthdistribution=constant -p readallfields=true -p writeallfields=true -p insertorder=hashed -p requestdistribution=uniform -p readproportion=0.5 -p updateproportion=0.5 -p insertproportion=0 -p scanproportion=0 -p readmodifywriteproportion=0 -p measurementtype=hdrhistogram -p measurement.interval=both -p hdrhistogram.percentiles=50,95,99,99.9,99.99 -p status.interval=10 -p redis.host=172.16.0.4 -p redis.port=16379 -p redis.scanindex=none -p redis.timeout=10000 -p redis.cluster=false -p redis.updatecommand=hmset -t
YCSB Client 0.18.0-SNAPSHOT

Loading workload...
Starting test.
SLF4J: Failed to load class "org.slf4j.impl.StaticLoggerBinder".
SLF4J: Defaulting to no-operation (NOP) logger implementation
SLF4J: See http://www.slf4j.org/codes.html#StaticLoggerBinder for further details.
2026-09-13 14:54:20:837 0 sec: 0 operations; est completion in 0 second 
DBWrapper: report latency for each error is false and specific error codes to track for latency are: []
2026-09-13 14:54:30:809 10 sec: 4199388 operations; 419938.8 current ops/sec; est completion in 2 second [READ: Count=2100692, Max=58815, Min=188, Avg=593.23, 50=517, 90=716, 99=3179, 99.9=6163, 99.99=14383] [UPDATE: Count=2101973, Max=56095, Min=189, Avg=606.29, 50=527, 90=731, 99=3209, 99.9=6155, 99.99=12471] [Intended-READ: Count=2104389, Max=58815, Min=188, Avg=593.19, 50=517, 90=716, 99=3175, 99.9=6159, 99.99=14383] [Intended-UPDATE: Count=2103300, Max=56095, Min=189, Avg=606.3, 50=527, 90=731, 99=3209, 99.9=6155, 99.99=12471] 
2026-09-13 14:54:33:372 12 sec: 5000000 operations; 312373 current ops/sec; [READ: Count=400337, Max=11135, Min=213, Avg=537.49, 50=469, 90=674, 99=2837, 99.9=5823, 99.99=7083] [CLEANUP: Count=256, Max=944, Min=14, Avg=45.76, 50=28, 90=88, 99=158, 99.9=944, 99.99=944] [UPDATE: Count=396998, Max=11151, Min=191, Avg=545.78, 50=478, 90=684, 99=2771, 99.9=5879, 99.99=7095] [Intended-READ: Count=396640, Max=11135, Min=213, Avg=537.42, 50=469, 90=674, 99=2863, 99.9=5831, 99.99=7119] [Intended-CLEANUP: Count=256, Max=946, Min=14, Avg=46.35, 50=29, 90=89, 99=159, 99.9=946, 99.99=946] [Intended-UPDATE: Count=395671, Max=11151, Min=191, Avg=545.75, 50=478, 90=684, 99=2759, 99.9=5879, 99.99=7095] 
[OVERALL], RunTime(ms), 12562
[OVERALL], Throughput(ops/sec), 398025.7920713262
[TOTAL_GCS_G1_Young_Generation], Count, 115
[TOTAL_GC_TIME_G1_Young_Generation], Time(ms), 106
[TOTAL_GC_TIME_%_G1_Young_Generation], Time(%), 0.8438146791912117
[TOTAL_GCS_G1_Old_Generation], Count, 0
[TOTAL_GC_TIME_G1_Old_Generation], Time(ms), 0
[TOTAL_GC_TIME_%_G1_Old_Generation], Time(%), 0.0
[TOTAL_GCs], Count, 115
[TOTAL_GC_TIME], Time(ms), 106
[TOTAL_GC_TIME_%], Time(%), 0.8438146791912117
[READ], Operations, 2501029
[READ], AverageLatency(us), 584.3099700163413
[READ], MinLatency(us), 188
[READ], MaxLatency(us), 58815
[READ], 50thPercentileLatency(us), 510
[READ], 95thPercentileLatency(us), 829
[READ], 99thPercentileLatency(us), 3133
[READ], 99.9PercentileLatency(us), 6103
[READ], 99.99PercentileLatency(us), 12039
[READ], Return=OK, 2501029
[CLEANUP], Operations, 256
[CLEANUP], AverageLatency(us), 45.7578125
[CLEANUP], MinLatency(us), 14
[CLEANUP], MaxLatency(us), 944
[CLEANUP], 50thPercentileLatency(us), 28
[CLEANUP], 95thPercentileLatency(us), 100
[CLEANUP], 99thPercentileLatency(us), 158
[CLEANUP], 99.9PercentileLatency(us), 944
[CLEANUP], 99.99PercentileLatency(us), 944
[UPDATE], Operations, 2498971
[UPDATE], AverageLatency(us), 596.6803684396498
[UPDATE], MinLatency(us), 189
[UPDATE], MaxLatency(us), 56095
[UPDATE], 50thPercentileLatency(us), 520
[UPDATE], 95thPercentileLatency(us), 853
[UPDATE], 99thPercentileLatency(us), 3151
[UPDATE], 99.9PercentileLatency(us), 6111
[UPDATE], 99.99PercentileLatency(us), 11151
[UPDATE], Return=OK, 2498971
[Intended-READ], Operations, 2501029
[Intended-READ], AverageLatency(us), 584.3446989219237
[Intended-READ], MinLatency(us), 188
[Intended-READ], MaxLatency(us), 58815
[Intended-READ], 50thPercentileLatency(us), 510
[Intended-READ], 95thPercentileLatency(us), 829
[Intended-READ], 99thPercentileLatency(us), 3133
[Intended-READ], 99.9PercentileLatency(us), 6103
[Intended-READ], 99.99PercentileLatency(us), 12039
[Intended-CLEANUP], Operations, 256
[Intended-CLEANUP], AverageLatency(us), 46.3515625
[Intended-CLEANUP], MinLatency(us), 14
[Intended-CLEANUP], MaxLatency(us), 946
[Intended-CLEANUP], 50thPercentileLatency(us), 29
[Intended-CLEANUP], 95thPercentileLatency(us), 102
[Intended-CLEANUP], 99thPercentileLatency(us), 159
[Intended-CLEANUP], 99.9PercentileLatency(us), 946
[Intended-CLEANUP], 99.99PercentileLatency(us), 946
[Intended-UPDATE], Operations, 2498971
[Intended-UPDATE], AverageLatency(us), 596.7173052428379
[Intended-UPDATE], MinLatency(us), 189
[Intended-UPDATE], MaxLatency(us), 56095
[Intended-UPDATE], 50thPercentileLatency(us), 520
[Intended-UPDATE], 95thPercentileLatency(us), 853
[Intended-UPDATE], 99thPercentileLatency(us), 3151
[Intended-UPDATE], 99.9PercentileLatency(us), 6111
[Intended-UPDATE], 99.99PercentileLatency(us), 11151
