java -cp /mnt/dev/YCSB-hreplace-dist/redis-binding/conf:/mnt/dev/YCSB-hreplace-dist/conf:/mnt/dev/YCSB-hreplace-dist/lib/htrace-core4-4.1.0-incubating.jar:/mnt/dev/YCSB-hreplace-dist/lib/slf4j-api-1.7.25.jar:/mnt/dev/YCSB-hreplace-dist/lib/jackson-mapper-asl-1.9.4.jar:/mnt/dev/YCSB-hreplace-dist/lib/HdrHistogram-2.1.12.jar:/mnt/dev/YCSB-hreplace-dist/lib/jackson-core-asl-1.9.4.jar:/mnt/dev/YCSB-hreplace-dist/lib/jedis-3.9.0.jar:/mnt/dev/YCSB-hreplace-dist/lib/core-0.18.0-SNAPSHOT.jar:/mnt/dev/YCSB-hreplace-dist/lib/commons-pool2-2.11.1.jar:/mnt/dev/YCSB-hreplace-dist/lib/redis-binding-0.18.0-SNAPSHOT.jar site.ycsb.Client -db site.ycsb.db.RedisClient -s -threads 256 -P /mnt/dev/YCSB-hreplace-dist/workloads/workloada -p recordcount=100000000 -p operationcount=1000000 -p fieldcount=10 -p fieldlength=128 -p fieldlengthdistribution=constant -p readallfields=true -p writeallfields=true -p insertorder=hashed -p requestdistribution=uniform -p readproportion=0.5 -p updateproportion=0.5 -p insertproportion=0 -p scanproportion=0 -p readmodifywriteproportion=0 -p measurementtype=hdrhistogram -p measurement.interval=op -p hdrhistogram.percentiles=50,95,99,99.9,99.99 -p status.interval=10 -p redis.host=172.16.0.4 -p redis.port=16379 -p redis.scanindex=none -p redis.timeout=10000 -p redis.cluster=false -p redis.updatecommand=hmset -t
Command line: -db site.ycsb.db.RedisClient -s -threads 256 -P /mnt/dev/YCSB-hreplace-dist/workloads/workloada -p recordcount=100000000 -p operationcount=1000000 -p fieldcount=10 -p fieldlength=128 -p fieldlengthdistribution=constant -p readallfields=true -p writeallfields=true -p insertorder=hashed -p requestdistribution=uniform -p readproportion=0.5 -p updateproportion=0.5 -p insertproportion=0 -p scanproportion=0 -p readmodifywriteproportion=0 -p measurementtype=hdrhistogram -p measurement.interval=op -p hdrhistogram.percentiles=50,95,99,99.9,99.99 -p status.interval=10 -p redis.host=172.16.0.4 -p redis.port=16379 -p redis.scanindex=none -p redis.timeout=10000 -p redis.cluster=false -p redis.updatecommand=hmset -t
YCSB Client 0.18.0-SNAPSHOT

Loading workload...
Starting test.
SLF4J: Failed to load class "org.slf4j.impl.StaticLoggerBinder".
SLF4J: Defaulting to no-operation (NOP) logger implementation
SLF4J: See http://www.slf4j.org/codes.html#StaticLoggerBinder for further details.
2026-09-13 15:16:37:146 0 sec: 0 operations; est completion in 0 second 
DBWrapper: report latency for each error is false and specific error codes to track for latency are: []
2026-09-13 15:16:40:060 2 sec: 1000000 operations; 337495.78 current ops/sec; [READ: Count=500217, Max=61855, Min=177, Avg=657.32, 50=516, 90=875, 99=3799, 99.9=9623, 99.99=30095] [CLEANUP: Count=256, Max=913, Min=13, Avg=32.09, 50=23, 90=47, 99=112, 99.9=913, 99.99=913] [UPDATE: Count=499783, Max=62463, Min=178, Avg=681.61, 50=527, 90=924, 99=3845, 99.9=10399, 99.99=45823] 
[OVERALL], RunTime(ms), 2962
[OVERALL], Throughput(ops/sec), 337609.723160027
[TOTAL_GCS_G1_Young_Generation], Count, 18
[TOTAL_GC_TIME_G1_Young_Generation], Time(ms), 34
[TOTAL_GC_TIME_%_G1_Young_Generation], Time(%), 1.1478730587440917
[TOTAL_GCS_G1_Old_Generation], Count, 0
[TOTAL_GC_TIME_G1_Old_Generation], Time(ms), 0
[TOTAL_GC_TIME_%_G1_Old_Generation], Time(%), 0.0
[TOTAL_GCs], Count, 18
[TOTAL_GC_TIME], Time(ms), 34
[TOTAL_GC_TIME_%], Time(%), 1.1478730587440917
[READ], Operations, 500217
[READ], AverageLatency(us), 657.3234336298046
[READ], MinLatency(us), 177
[READ], MaxLatency(us), 61855
[READ], 50thPercentileLatency(us), 516
[READ], 95thPercentileLatency(us), 1320
[READ], 99thPercentileLatency(us), 3799
[READ], 99.9PercentileLatency(us), 9623
[READ], 99.99PercentileLatency(us), 30095
[READ], Return=OK, 500217
[CLEANUP], Operations, 256
[CLEANUP], AverageLatency(us), 32.0859375
[CLEANUP], MinLatency(us), 13
[CLEANUP], MaxLatency(us), 913
[CLEANUP], 50thPercentileLatency(us), 23
[CLEANUP], 95thPercentileLatency(us), 63
[CLEANUP], 99thPercentileLatency(us), 112
[CLEANUP], 99.9PercentileLatency(us), 913
[CLEANUP], 99.99PercentileLatency(us), 913
[UPDATE], Operations, 499783
[UPDATE], AverageLatency(us), 681.6074616383511
[UPDATE], MinLatency(us), 178
[UPDATE], MaxLatency(us), 62463
[UPDATE], 50thPercentileLatency(us), 527
[UPDATE], 95thPercentileLatency(us), 1431
[UPDATE], 99thPercentileLatency(us), 3845
[UPDATE], 99.9PercentileLatency(us), 10399
[UPDATE], 99.99PercentileLatency(us), 45823
[UPDATE], Return=OK, 499783
