java -cp /mnt/dev/YCSB-hreplace-dist/redis-binding/conf:/mnt/dev/YCSB-hreplace-dist/conf:/mnt/dev/YCSB-hreplace-dist/lib/htrace-core4-4.1.0-incubating.jar:/mnt/dev/YCSB-hreplace-dist/lib/slf4j-api-1.7.25.jar:/mnt/dev/YCSB-hreplace-dist/lib/jackson-mapper-asl-1.9.4.jar:/mnt/dev/YCSB-hreplace-dist/lib/HdrHistogram-2.1.12.jar:/mnt/dev/YCSB-hreplace-dist/lib/jackson-core-asl-1.9.4.jar:/mnt/dev/YCSB-hreplace-dist/lib/jedis-3.9.0.jar:/mnt/dev/YCSB-hreplace-dist/lib/core-0.18.0-SNAPSHOT.jar:/mnt/dev/YCSB-hreplace-dist/lib/commons-pool2-2.11.1.jar:/mnt/dev/YCSB-hreplace-dist/lib/redis-binding-0.18.0-SNAPSHOT.jar site.ycsb.Client -db site.ycsb.db.RedisClient -s -threads 256 -P /mnt/dev/YCSB-hreplace-dist/workloads/workloada -p recordcount=100000000 -p operationcount=1000000 -p fieldcount=10 -p fieldlength=128 -p fieldlengthdistribution=constant -p readallfields=true -p writeallfields=true -p insertorder=hashed -p requestdistribution=uniform -p readproportion=0.5 -p updateproportion=0.5 -p insertproportion=0 -p scanproportion=0 -p readmodifywriteproportion=0 -p measurementtype=hdrhistogram -p measurement.interval=both -p hdrhistogram.percentiles=50,95,99,99.9,99.99 -p status.interval=10 -p redis.host=172.16.0.4 -p redis.port=16379 -p redis.scanindex=none -p redis.timeout=10000 -p redis.cluster=false -p redis.updatecommand=keylane.hreplace -t
Command line: -db site.ycsb.db.RedisClient -s -threads 256 -P /mnt/dev/YCSB-hreplace-dist/workloads/workloada -p recordcount=100000000 -p operationcount=1000000 -p fieldcount=10 -p fieldlength=128 -p fieldlengthdistribution=constant -p readallfields=true -p writeallfields=true -p insertorder=hashed -p requestdistribution=uniform -p readproportion=0.5 -p updateproportion=0.5 -p insertproportion=0 -p scanproportion=0 -p readmodifywriteproportion=0 -p measurementtype=hdrhistogram -p measurement.interval=both -p hdrhistogram.percentiles=50,95,99,99.9,99.99 -p status.interval=10 -p redis.host=172.16.0.4 -p redis.port=16379 -p redis.scanindex=none -p redis.timeout=10000 -p redis.cluster=false -p redis.updatecommand=keylane.hreplace -t
YCSB Client 0.18.0-SNAPSHOT

Loading workload...
Starting test.
SLF4J: Failed to load class "org.slf4j.impl.StaticLoggerBinder".
SLF4J: Defaulting to no-operation (NOP) logger implementation
SLF4J: See http://www.slf4j.org/codes.html#StaticLoggerBinder for further details.
2026-09-13 15:50:55:307 0 sec: 0 operations; est completion in 0 second 
DBWrapper: report latency for each error is false and specific error codes to track for latency are: []
2026-09-13 15:50:58:019 2 sec: 1000000 operations; 363901.02 current ops/sec; [READ: Count=500516, Max=298751, Min=202, Avg=710.23, 50=511, 90=956, 99=3851, 99.9=10719, 99.99=124351] [CLEANUP: Count=256, Max=915, Min=13, Avg=33.76, 50=23, 90=49, 99=151, 99.9=915, 99.99=915] [UPDATE: Count=499484, Max=150655, Min=159, Avg=552.55, 50=386, 90=767, 99=3193, 99.9=8399, 99.99=89535] [Intended-READ: Count=500516, Max=298751, Min=202, Avg=710.28, 50=511, 90=956, 99=3851, 99.9=10719, 99.99=124351] [Intended-CLEANUP: Count=256, Max=918, Min=13, Avg=34.07, 50=23, 90=49, 99=153, 99.9=918, 99.99=918] [Intended-UPDATE: Count=499484, Max=150655, Min=159, Avg=552.58, 50=386, 90=767, 99=3193, 99.9=8399, 99.99=89535] 
[OVERALL], RunTime(ms), 2748
[OVERALL], Throughput(ops/sec), 363901.018922853
[TOTAL_GCS_G1_Young_Generation], Count, 16
[TOTAL_GC_TIME_G1_Young_Generation], Time(ms), 30
[TOTAL_GC_TIME_%_G1_Young_Generation], Time(%), 1.0917030567685588
[TOTAL_GCS_G1_Old_Generation], Count, 0
[TOTAL_GC_TIME_G1_Old_Generation], Time(ms), 0
[TOTAL_GC_TIME_%_G1_Old_Generation], Time(%), 0.0
[TOTAL_GCs], Count, 16
[TOTAL_GC_TIME], Time(ms), 30
[TOTAL_GC_TIME_%], Time(%), 1.0917030567685588
[READ], Operations, 500516
[READ], AverageLatency(us), 710.2339545588952
[READ], MinLatency(us), 202
[READ], MaxLatency(us), 298751
[READ], 50thPercentileLatency(us), 511
[READ], 95thPercentileLatency(us), 1562
[READ], 99thPercentileLatency(us), 3851
[READ], 99.9PercentileLatency(us), 10719
[READ], 99.99PercentileLatency(us), 124351
[READ], Return=OK, 500516
[CLEANUP], Operations, 256
[CLEANUP], AverageLatency(us), 33.76171875
[CLEANUP], MinLatency(us), 13
[CLEANUP], MaxLatency(us), 915
[CLEANUP], 50thPercentileLatency(us), 23
[CLEANUP], 95thPercentileLatency(us), 72
[CLEANUP], 99thPercentileLatency(us), 151
[CLEANUP], 99.9PercentileLatency(us), 915
[CLEANUP], 99.99PercentileLatency(us), 915
[UPDATE], Operations, 499484
[UPDATE], AverageLatency(us), 552.5458533206269
[UPDATE], MinLatency(us), 159
[UPDATE], MaxLatency(us), 150655
[UPDATE], 50thPercentileLatency(us), 386
[UPDATE], 95thPercentileLatency(us), 1318
[UPDATE], 99thPercentileLatency(us), 3193
[UPDATE], 99.9PercentileLatency(us), 8399
[UPDATE], 99.99PercentileLatency(us), 89535
[UPDATE], Return=OK, 499484
[Intended-READ], Operations, 500516
[Intended-READ], AverageLatency(us), 710.2801368987206
[Intended-READ], MinLatency(us), 202
[Intended-READ], MaxLatency(us), 298751
[Intended-READ], 50thPercentileLatency(us), 511
[Intended-READ], 95thPercentileLatency(us), 1563
[Intended-READ], 99thPercentileLatency(us), 3851
[Intended-READ], 99.9PercentileLatency(us), 10719
[Intended-READ], 99.99PercentileLatency(us), 124351
[Intended-CLEANUP], Operations, 256
[Intended-CLEANUP], AverageLatency(us), 34.0703125
[Intended-CLEANUP], MinLatency(us), 13
[Intended-CLEANUP], MaxLatency(us), 918
[Intended-CLEANUP], 50thPercentileLatency(us), 23
[Intended-CLEANUP], 95thPercentileLatency(us), 72
[Intended-CLEANUP], 99thPercentileLatency(us), 153
[Intended-CLEANUP], 99.9PercentileLatency(us), 918
[Intended-CLEANUP], 99.99PercentileLatency(us), 918
[Intended-UPDATE], Operations, 499484
[Intended-UPDATE], AverageLatency(us), 552.5842249201175
[Intended-UPDATE], MinLatency(us), 159
[Intended-UPDATE], MaxLatency(us), 150655
[Intended-UPDATE], 50thPercentileLatency(us), 386
[Intended-UPDATE], 95thPercentileLatency(us), 1318
[Intended-UPDATE], 99thPercentileLatency(us), 3193
[Intended-UPDATE], 99.9PercentileLatency(us), 8399
[Intended-UPDATE], 99.99PercentileLatency(us), 89535
