java -cp /mnt/dev/YCSB-hreplace-dist/redis-binding/conf:/mnt/dev/YCSB-hreplace-dist/conf:/mnt/dev/YCSB-hreplace-dist/lib/htrace-core4-4.1.0-incubating.jar:/mnt/dev/YCSB-hreplace-dist/lib/slf4j-api-1.7.25.jar:/mnt/dev/YCSB-hreplace-dist/lib/jackson-mapper-asl-1.9.4.jar:/mnt/dev/YCSB-hreplace-dist/lib/HdrHistogram-2.1.12.jar:/mnt/dev/YCSB-hreplace-dist/lib/jackson-core-asl-1.9.4.jar:/mnt/dev/YCSB-hreplace-dist/lib/jedis-3.9.0.jar:/mnt/dev/YCSB-hreplace-dist/lib/core-0.18.0-SNAPSHOT.jar:/mnt/dev/YCSB-hreplace-dist/lib/commons-pool2-2.11.1.jar:/mnt/dev/YCSB-hreplace-dist/lib/redis-binding-0.18.0-SNAPSHOT.jar site.ycsb.Client -db site.ycsb.db.RedisClient -s -threads 256 -P /mnt/dev/YCSB-hreplace-dist/workloads/workloada -p recordcount=100000000 -p operationcount=1000000 -p fieldcount=10 -p fieldlength=128 -p fieldlengthdistribution=constant -p readallfields=true -p writeallfields=true -p insertorder=hashed -p requestdistribution=uniform -p readproportion=1 -p updateproportion=0 -p insertproportion=0 -p scanproportion=0 -p readmodifywriteproportion=0 -p measurementtype=hdrhistogram -p measurement.interval=both -p hdrhistogram.percentiles=50,95,99,99.9,99.99 -p status.interval=10 -p redis.host=172.16.0.4 -p redis.port=16379 -p redis.scanindex=none -p redis.timeout=10000 -p redis.cluster=false -p redis.updatecommand=hmset -t
Command line: -db site.ycsb.db.RedisClient -s -threads 256 -P /mnt/dev/YCSB-hreplace-dist/workloads/workloada -p recordcount=100000000 -p operationcount=1000000 -p fieldcount=10 -p fieldlength=128 -p fieldlengthdistribution=constant -p readallfields=true -p writeallfields=true -p insertorder=hashed -p requestdistribution=uniform -p readproportion=1 -p updateproportion=0 -p insertproportion=0 -p scanproportion=0 -p readmodifywriteproportion=0 -p measurementtype=hdrhistogram -p measurement.interval=both -p hdrhistogram.percentiles=50,95,99,99.9,99.99 -p status.interval=10 -p redis.host=172.16.0.4 -p redis.port=16379 -p redis.scanindex=none -p redis.timeout=10000 -p redis.cluster=false -p redis.updatecommand=hmset -t
YCSB Client 0.18.0-SNAPSHOT

Loading workload...
Starting test.
SLF4J: Failed to load class "org.slf4j.impl.StaticLoggerBinder".
SLF4J: Defaulting to no-operation (NOP) logger implementation
SLF4J: See http://www.slf4j.org/codes.html#StaticLoggerBinder for further details.
2026-09-13 15:39:11:160 0 sec: 0 operations; est completion in 0 second 
DBWrapper: report latency for each error is false and specific error codes to track for latency are: []
2026-09-13 15:39:13:466 2 sec: 1000000 operations; 427899.02 current ops/sec; [READ: Count=1000000, Max=39807, Min=223, Avg=510.24, 50=446, 90=619, 99=1630, 99.9=5875, 99.99=19055] [CLEANUP: Count=256, Max=772, Min=13, Avg=31.12, 50=22, 90=48, 99=136, 99.9=772, 99.99=772] [Intended-READ: Count=1000000, Max=39807, Min=223, Avg=510.28, 50=446, 90=619, 99=1630, 99.9=5875, 99.99=19055] [Intended-CLEANUP: Count=256, Max=773, Min=13, Avg=31.44, 50=22, 90=49, 99=137, 99.9=773, 99.99=773] 
[OVERALL], RunTime(ms), 2336
[OVERALL], Throughput(ops/sec), 428082.19178082194
[TOTAL_GCS_G1_Young_Generation], Count, 17
[TOTAL_GC_TIME_G1_Young_Generation], Time(ms), 30
[TOTAL_GC_TIME_%_G1_Young_Generation], Time(%), 1.2842465753424657
[TOTAL_GCS_G1_Old_Generation], Count, 0
[TOTAL_GC_TIME_G1_Old_Generation], Time(ms), 0
[TOTAL_GC_TIME_%_G1_Old_Generation], Time(%), 0.0
[TOTAL_GCs], Count, 17
[TOTAL_GC_TIME], Time(ms), 30
[TOTAL_GC_TIME_%], Time(%), 1.2842465753424657
[READ], Operations, 1000000
[READ], AverageLatency(us), 510.241352
[READ], MinLatency(us), 223
[READ], MaxLatency(us), 39807
[READ], 50thPercentileLatency(us), 446
[READ], 95thPercentileLatency(us), 869
[READ], 99thPercentileLatency(us), 1630
[READ], 99.9PercentileLatency(us), 5875
[READ], 99.99PercentileLatency(us), 19055
[READ], Return=OK, 1000000
[CLEANUP], Operations, 256
[CLEANUP], AverageLatency(us), 31.125
[CLEANUP], MinLatency(us), 13
[CLEANUP], MaxLatency(us), 772
[CLEANUP], 50thPercentileLatency(us), 22
[CLEANUP], 95thPercentileLatency(us), 68
[CLEANUP], 99thPercentileLatency(us), 136
[CLEANUP], 99.9PercentileLatency(us), 772
[CLEANUP], 99.99PercentileLatency(us), 772
[Intended-READ], Operations, 1000000
[Intended-READ], AverageLatency(us), 510.280296
[Intended-READ], MinLatency(us), 223
[Intended-READ], MaxLatency(us), 39807
[Intended-READ], 50thPercentileLatency(us), 446
[Intended-READ], 95thPercentileLatency(us), 869
[Intended-READ], 99thPercentileLatency(us), 1630
[Intended-READ], 99.9PercentileLatency(us), 5875
[Intended-READ], 99.99PercentileLatency(us), 19055
[Intended-CLEANUP], Operations, 256
[Intended-CLEANUP], AverageLatency(us), 31.4375
[Intended-CLEANUP], MinLatency(us), 13
[Intended-CLEANUP], MaxLatency(us), 773
[Intended-CLEANUP], 50thPercentileLatency(us), 22
[Intended-CLEANUP], 95thPercentileLatency(us), 69
[Intended-CLEANUP], 99thPercentileLatency(us), 137
[Intended-CLEANUP], 99.9PercentileLatency(us), 773
[Intended-CLEANUP], 99.99PercentileLatency(us), 773
