java -cp /mnt/dev/YCSB-hreplace-dist/redis-binding/conf:/mnt/dev/YCSB-hreplace-dist/conf:/mnt/dev/YCSB-hreplace-dist/lib/htrace-core4-4.1.0-incubating.jar:/mnt/dev/YCSB-hreplace-dist/lib/slf4j-api-1.7.25.jar:/mnt/dev/YCSB-hreplace-dist/lib/jackson-mapper-asl-1.9.4.jar:/mnt/dev/YCSB-hreplace-dist/lib/HdrHistogram-2.1.12.jar:/mnt/dev/YCSB-hreplace-dist/lib/jackson-core-asl-1.9.4.jar:/mnt/dev/YCSB-hreplace-dist/lib/jedis-3.9.0.jar:/mnt/dev/YCSB-hreplace-dist/lib/core-0.18.0-SNAPSHOT.jar:/mnt/dev/YCSB-hreplace-dist/lib/commons-pool2-2.11.1.jar:/mnt/dev/YCSB-hreplace-dist/lib/redis-binding-0.18.0-SNAPSHOT.jar site.ycsb.Client -db site.ycsb.db.RedisClient -s -threads 256 -P /mnt/dev/YCSB-hreplace-dist/workloads/workloada -p recordcount=100000000 -p operationcount=1000000 -p fieldcount=10 -p fieldlength=128 -p fieldlengthdistribution=constant -p readallfields=true -p writeallfields=true -p insertorder=hashed -p requestdistribution=uniform -p readproportion=1 -p updateproportion=0 -p insertproportion=0 -p scanproportion=0 -p readmodifywriteproportion=0 -p measurementtype=hdrhistogram -p measurement.interval=both -p hdrhistogram.percentiles=50,95,99,99.9,99.99 -p status.interval=10 -p redis.host=172.16.0.4 -p redis.port=16379 -p redis.scanindex=none -p redis.timeout=10000 -p redis.cluster=false -p redis.updatecommand=keylane.hreplace -t
Command line: -db site.ycsb.db.RedisClient -s -threads 256 -P /mnt/dev/YCSB-hreplace-dist/workloads/workloada -p recordcount=100000000 -p operationcount=1000000 -p fieldcount=10 -p fieldlength=128 -p fieldlengthdistribution=constant -p readallfields=true -p writeallfields=true -p insertorder=hashed -p requestdistribution=uniform -p readproportion=1 -p updateproportion=0 -p insertproportion=0 -p scanproportion=0 -p readmodifywriteproportion=0 -p measurementtype=hdrhistogram -p measurement.interval=both -p hdrhistogram.percentiles=50,95,99,99.9,99.99 -p status.interval=10 -p redis.host=172.16.0.4 -p redis.port=16379 -p redis.scanindex=none -p redis.timeout=10000 -p redis.cluster=false -p redis.updatecommand=keylane.hreplace -t
YCSB Client 0.18.0-SNAPSHOT

Loading workload...
Starting test.
SLF4J: Failed to load class "org.slf4j.impl.StaticLoggerBinder".
SLF4J: Defaulting to no-operation (NOP) logger implementation
SLF4J: See http://www.slf4j.org/codes.html#StaticLoggerBinder for further details.
2026-09-13 16:33:51:635 0 sec: 0 operations; est completion in 0 second 
DBWrapper: report latency for each error is false and specific error codes to track for latency are: []
2026-09-13 16:33:54:297 2 sec: 1000000 operations; 369959.3 current ops/sec; [READ: Count=1000000, Max=62815, Min=223, Avg=601.38, 50=460, 90=1006, 99=2038, 99.9=6839, 99.99=46783] [CLEANUP: Count=256, Max=733, Min=13, Avg=33.07, 50=24, 90=54, 99=148, 99.9=733, 99.99=733] [Intended-READ: Count=1000000, Max=62815, Min=223, Avg=601.42, 50=460, 90=1006, 99=2038, 99.9=6839, 99.99=46783] [Intended-CLEANUP: Count=256, Max=743, Min=13, Avg=33.46, 50=24, 90=54, 99=158, 99.9=743, 99.99=743] 
[OVERALL], RunTime(ms), 2703
[OVERALL], Throughput(ops/sec), 369959.3044765076
[TOTAL_GCS_G1_Young_Generation], Count, 18
[TOTAL_GC_TIME_G1_Young_Generation], Time(ms), 29
[TOTAL_GC_TIME_%_G1_Young_Generation], Time(%), 1.0728819829818719
[TOTAL_GCS_G1_Old_Generation], Count, 0
[TOTAL_GC_TIME_G1_Old_Generation], Time(ms), 0
[TOTAL_GC_TIME_%_G1_Old_Generation], Time(%), 0.0
[TOTAL_GCs], Count, 18
[TOTAL_GC_TIME], Time(ms), 29
[TOTAL_GC_TIME_%], Time(%), 1.0728819829818719
[READ], Operations, 1000000
[READ], AverageLatency(us), 601.382207
[READ], MinLatency(us), 223
[READ], MaxLatency(us), 62815
[READ], 50thPercentileLatency(us), 460
[READ], 95thPercentileLatency(us), 1263
[READ], 99thPercentileLatency(us), 2038
[READ], 99.9PercentileLatency(us), 6839
[READ], 99.99PercentileLatency(us), 46783
[READ], Return=OK, 1000000
[CLEANUP], Operations, 256
[CLEANUP], AverageLatency(us), 33.06640625
[CLEANUP], MinLatency(us), 13
[CLEANUP], MaxLatency(us), 733
[CLEANUP], 50thPercentileLatency(us), 24
[CLEANUP], 95thPercentileLatency(us), 68
[CLEANUP], 99thPercentileLatency(us), 148
[CLEANUP], 99.9PercentileLatency(us), 733
[CLEANUP], 99.99PercentileLatency(us), 733
[Intended-READ], Operations, 1000000
[Intended-READ], AverageLatency(us), 601.420036
[Intended-READ], MinLatency(us), 223
[Intended-READ], MaxLatency(us), 62815
[Intended-READ], 50thPercentileLatency(us), 460
[Intended-READ], 95thPercentileLatency(us), 1263
[Intended-READ], 99thPercentileLatency(us), 2038
[Intended-READ], 99.9PercentileLatency(us), 6839
[Intended-READ], 99.99PercentileLatency(us), 46783
[Intended-CLEANUP], Operations, 256
[Intended-CLEANUP], AverageLatency(us), 33.45703125
[Intended-CLEANUP], MinLatency(us), 13
[Intended-CLEANUP], MaxLatency(us), 743
[Intended-CLEANUP], 50thPercentileLatency(us), 24
[Intended-CLEANUP], 95thPercentileLatency(us), 69
[Intended-CLEANUP], 99thPercentileLatency(us), 158
[Intended-CLEANUP], 99.9PercentileLatency(us), 743
[Intended-CLEANUP], 99.99PercentileLatency(us), 743
