java -cp /mnt/dev/YCSB-hreplace-dist/redis-binding/conf:/mnt/dev/YCSB-hreplace-dist/conf:/mnt/dev/YCSB-hreplace-dist/lib/htrace-core4-4.1.0-incubating.jar:/mnt/dev/YCSB-hreplace-dist/lib/slf4j-api-1.7.25.jar:/mnt/dev/YCSB-hreplace-dist/lib/jackson-mapper-asl-1.9.4.jar:/mnt/dev/YCSB-hreplace-dist/lib/HdrHistogram-2.1.12.jar:/mnt/dev/YCSB-hreplace-dist/lib/jackson-core-asl-1.9.4.jar:/mnt/dev/YCSB-hreplace-dist/lib/jedis-3.9.0.jar:/mnt/dev/YCSB-hreplace-dist/lib/core-0.18.0-SNAPSHOT.jar:/mnt/dev/YCSB-hreplace-dist/lib/commons-pool2-2.11.1.jar:/mnt/dev/YCSB-hreplace-dist/lib/redis-binding-0.18.0-SNAPSHOT.jar site.ycsb.Client -db site.ycsb.db.RedisClient -s -threads 256 -P /mnt/dev/YCSB-hreplace-dist/workloads/workloada -target 100000 -p recordcount=100000000 -p operationcount=1000000 -p fieldcount=10 -p fieldlength=128 -p fieldlengthdistribution=constant -p readallfields=true -p writeallfields=true -p insertorder=hashed -p requestdistribution=uniform -p readproportion=0.5 -p updateproportion=0.5 -p insertproportion=0 -p scanproportion=0 -p readmodifywriteproportion=0 -p measurementtype=hdrhistogram -p measurement.interval=both -p hdrhistogram.percentiles=50,95,99,99.9,99.99 -p status.interval=10 -p redis.host=172.16.0.4 -p redis.port=16379 -p redis.scanindex=none -p redis.timeout=10000 -p redis.cluster=false -p redis.updatecommand=keylane.hreplace -t
Command line: -db site.ycsb.db.RedisClient -s -threads 256 -P /mnt/dev/YCSB-hreplace-dist/workloads/workloada -target 100000 -p recordcount=100000000 -p operationcount=1000000 -p fieldcount=10 -p fieldlength=128 -p fieldlengthdistribution=constant -p readallfields=true -p writeallfields=true -p insertorder=hashed -p requestdistribution=uniform -p readproportion=0.5 -p updateproportion=0.5 -p insertproportion=0 -p scanproportion=0 -p readmodifywriteproportion=0 -p measurementtype=hdrhistogram -p measurement.interval=both -p hdrhistogram.percentiles=50,95,99,99.9,99.99 -p status.interval=10 -p redis.host=172.16.0.4 -p redis.port=16379 -p redis.scanindex=none -p redis.timeout=10000 -p redis.cluster=false -p redis.updatecommand=keylane.hreplace -t
YCSB Client 0.18.0-SNAPSHOT

Loading workload...
Starting test.
SLF4J: Failed to load class "org.slf4j.impl.StaticLoggerBinder".
SLF4J: Defaulting to no-operation (NOP) logger implementation
SLF4J: See http://www.slf4j.org/codes.html#StaticLoggerBinder for further details.
2026-09-13 16:34:05:345 0 sec: 0 operations; est completion in 0 second 
DBWrapper: report latency for each error is false and specific error codes to track for latency are: []
2026-09-13 16:34:15:312 10 sec: 995154 operations; 99505.45 current ops/sec; est completion in 1 second [READ: Count=497416, Max=38495, Min=167, Avg=330.56, 50=296, 90=354, 99=1022, 99.9=4959, 99.99=18255] [UPDATE: Count=498045, Max=41663, Min=150, Avg=249.84, 50=217, 90=273, 99=1016, 99.9=3333, 99.99=22815] [Intended-READ: Count=497767, Max=128447, Min=225, Avg=746.05, 50=355, 90=417, 99=6767, 99.9=74687, 99.99=104191] [Intended-UPDATE: Count=498317, Max=130367, Min=170, Avg=668.95, 50=276, 90=335, 99=6227, 99.9=75711, 99.99=103551] 
2026-09-13 16:34:15:382 10 sec: 1000000 operations; 69228.57 current ops/sec; [READ: Count=2385, Max=591, Min=210, Avg=297.42, 50=292, 90=336, 99=420, 99.9=521, 99.99=591] [CLEANUP: Count=256, Max=796, Min=10, Avg=39.5, 50=17, 90=32, 99=696, 99.9=796, 99.99=796] [UPDATE: Count=2154, Max=722, Min=160, Avg=220.9, 50=215, 90=258, 99=342, 99.9=456, 99.99=722] [Intended-READ: Count=2034, Max=653, Min=256, Avg=355.61, 50=350, 90=398, 99=482, 99.9=603, 99.99=653] [Intended-CLEANUP: Count=256, Max=796, Min=11, Avg=39.72, 50=17, 90=32, 99=697, 99.9=796, 99.99=796] [Intended-UPDATE: Count=1882, Max=785, Min=183, Avg=279.74, 50=275, 90=317, 99=412, 99.9=780, 99.99=785] 
[OVERALL], RunTime(ms), 10070
[OVERALL], Throughput(ops/sec), 99304.86593843099
[TOTAL_GCS_G1_Young_Generation], Count, 30
[TOTAL_GC_TIME_G1_Young_Generation], Time(ms), 29
[TOTAL_GC_TIME_%_G1_Young_Generation], Time(%), 0.28798411122144985
[TOTAL_GCS_G1_Old_Generation], Count, 0
[TOTAL_GC_TIME_G1_Old_Generation], Time(ms), 0
[TOTAL_GC_TIME_%_G1_Old_Generation], Time(%), 0.0
[TOTAL_GCs], Count, 30
[TOTAL_GC_TIME], Time(ms), 29
[TOTAL_GC_TIME_%], Time(%), 0.28798411122144985
[READ], Operations, 499801
[READ], AverageLatency(us), 330.401889952201
[READ], MinLatency(us), 167
[READ], MaxLatency(us), 38495
[READ], 50thPercentileLatency(us), 296
[READ], 95thPercentileLatency(us), 393
[READ], 99thPercentileLatency(us), 1019
[READ], 99.9PercentileLatency(us), 4955
[READ], 99.99PercentileLatency(us), 18255
[READ], Return=OK, 499801
[CLEANUP], Operations, 256
[CLEANUP], AverageLatency(us), 39.49609375
[CLEANUP], MinLatency(us), 10
[CLEANUP], MaxLatency(us), 796
[CLEANUP], 50thPercentileLatency(us), 17
[CLEANUP], 95thPercentileLatency(us), 67
[CLEANUP], 99thPercentileLatency(us), 696
[CLEANUP], 99.9PercentileLatency(us), 796
[CLEANUP], 99.99PercentileLatency(us), 796
[UPDATE], Operations, 500199
[UPDATE], AverageLatency(us), 249.71258838982084
[UPDATE], MinLatency(us), 150
[UPDATE], MaxLatency(us), 41663
[UPDATE], 50thPercentileLatency(us), 217
[UPDATE], 95thPercentileLatency(us), 313
[UPDATE], 99thPercentileLatency(us), 1012
[UPDATE], 99.9PercentileLatency(us), 3325
[UPDATE], 99.99PercentileLatency(us), 22783
[UPDATE], Return=OK, 500199
[Intended-READ], Operations, 499801
[Intended-READ], AverageLatency(us), 744.4627221634211
[Intended-READ], MinLatency(us), 225
[Intended-READ], MaxLatency(us), 128447
[Intended-READ], 50thPercentileLatency(us), 355
[Intended-READ], 95thPercentileLatency(us), 465
[Intended-READ], 99thPercentileLatency(us), 6671
[Intended-READ], 99.9PercentileLatency(us), 74623
[Intended-READ], 99.99PercentileLatency(us), 104191
[Intended-CLEANUP], Operations, 256
[Intended-CLEANUP], AverageLatency(us), 39.72265625
[Intended-CLEANUP], MinLatency(us), 11
[Intended-CLEANUP], MaxLatency(us), 796
[Intended-CLEANUP], 50thPercentileLatency(us), 17
[Intended-CLEANUP], 95thPercentileLatency(us), 67
[Intended-CLEANUP], 99thPercentileLatency(us), 697
[Intended-CLEANUP], 99.9PercentileLatency(us), 796
[Intended-CLEANUP], 99.99PercentileLatency(us), 796
[Intended-UPDATE], Operations, 500199
[Intended-UPDATE], AverageLatency(us), 667.4827858512313
[Intended-UPDATE], MinLatency(us), 170
[Intended-UPDATE], MaxLatency(us), 130367
[Intended-UPDATE], 50thPercentileLatency(us), 276
[Intended-UPDATE], 95thPercentileLatency(us), 381
[Intended-UPDATE], 99thPercentileLatency(us), 6087
[Intended-UPDATE], 99.9PercentileLatency(us), 75711
[Intended-UPDATE], 99.99PercentileLatency(us), 103487
