java -cp /mnt/dev/YCSB-hreplace-dist/redis-binding/conf:/mnt/dev/YCSB-hreplace-dist/conf:/mnt/dev/YCSB-hreplace-dist/lib/htrace-core4-4.1.0-incubating.jar:/mnt/dev/YCSB-hreplace-dist/lib/slf4j-api-1.7.25.jar:/mnt/dev/YCSB-hreplace-dist/lib/jackson-mapper-asl-1.9.4.jar:/mnt/dev/YCSB-hreplace-dist/lib/HdrHistogram-2.1.12.jar:/mnt/dev/YCSB-hreplace-dist/lib/jackson-core-asl-1.9.4.jar:/mnt/dev/YCSB-hreplace-dist/lib/jedis-3.9.0.jar:/mnt/dev/YCSB-hreplace-dist/lib/core-0.18.0-SNAPSHOT.jar:/mnt/dev/YCSB-hreplace-dist/lib/commons-pool2-2.11.1.jar:/mnt/dev/YCSB-hreplace-dist/lib/redis-binding-0.18.0-SNAPSHOT.jar site.ycsb.Client -db site.ycsb.db.RedisClient -s -threads 256 -P /mnt/dev/YCSB-hreplace-dist/workloads/workloada -target 100000 -p recordcount=100000000 -p operationcount=5000000 -p fieldcount=10 -p fieldlength=128 -p fieldlengthdistribution=constant -p readallfields=true -p writeallfields=true -p insertorder=hashed -p requestdistribution=uniform -p readproportion=1 -p updateproportion=0 -p insertproportion=0 -p scanproportion=0 -p readmodifywriteproportion=0 -p measurementtype=hdrhistogram -p measurement.interval=both -p hdrhistogram.percentiles=50,95,99,99.9,99.99 -p status.interval=10 -p redis.host=172.16.0.4 -p redis.port=16379 -p redis.scanindex=none -p redis.timeout=10000 -p redis.cluster=false -p redis.updatecommand=hmset -t
Command line: -db site.ycsb.db.RedisClient -s -threads 256 -P /mnt/dev/YCSB-hreplace-dist/workloads/workloada -target 100000 -p recordcount=100000000 -p operationcount=5000000 -p fieldcount=10 -p fieldlength=128 -p fieldlengthdistribution=constant -p readallfields=true -p writeallfields=true -p insertorder=hashed -p requestdistribution=uniform -p readproportion=1 -p updateproportion=0 -p insertproportion=0 -p scanproportion=0 -p readmodifywriteproportion=0 -p measurementtype=hdrhistogram -p measurement.interval=both -p hdrhistogram.percentiles=50,95,99,99.9,99.99 -p status.interval=10 -p redis.host=172.16.0.4 -p redis.port=16379 -p redis.scanindex=none -p redis.timeout=10000 -p redis.cluster=false -p redis.updatecommand=hmset -t
YCSB Client 0.18.0-SNAPSHOT

Loading workload...
Starting test.
SLF4J: Failed to load class "org.slf4j.impl.StaticLoggerBinder".
SLF4J: Defaulting to no-operation (NOP) logger implementation
SLF4J: See http://www.slf4j.org/codes.html#StaticLoggerBinder for further details.
2026-09-13 15:30:28:939 0 sec: 0 operations; est completion in 0 second 
DBWrapper: report latency for each error is false and specific error codes to track for latency are: []
2026-09-13 15:30:38:907 10 sec: 992849 operations; 99284.9 current ops/sec; est completion in 41 seconds [READ: Count=992940, Max=32111, Min=210, Avg=313.67, 50=296, 90=381, 99=495, 99.9=1167, 99.99=19039] [Intended-READ: Count=993404, Max=71167, Min=227, Avg=478.28, 50=355, 90=442, 99=642, 99.9=35519, 99.99=64031] 
2026-09-13 15:30:48:907 20 sec: 1992861 operations; 100001.2 current ops/sec; est completion in 31 seconds [READ: Count=999975, Max=1412, Min=208, Avg=313.2, 50=298, 90=386, 99=484, 99.9=638, 99.99=1042] [Intended-READ: Count=999576, Max=1492, Min=225, Avg=371.73, 50=357, 90=446, 99=547, 99.9=951, 99.99=1182] 
2026-09-13 15:30:58:907 30 sec: 2992864 operations; 100000.3 current ops/sec; est completion in 21 seconds [READ: Count=999977, Max=1627, Min=208, Avg=312.11, 50=297, 90=385, 99=484, 99.9=640, 99.99=1206] [Intended-READ: Count=999958, Max=1688, Min=229, Avg=370.65, 50=356, 90=444, 99=547, 99.9=990, 99.99=1311] 
2026-09-13 15:31:08:907 40 sec: 3992845 operations; 99998.1 current ops/sec; est completion in 11 seconds [READ: Count=999986, Max=1654, Min=207, Avg=313.39, 50=298, 90=387, 99=483, 99.9=643, 99.99=1121] [Intended-READ: Count=1000014, Max=1717, Min=231, Avg=371.93, 50=357, 90=446, 99=546, 99.9=984, 99.99=1250] 
2026-09-13 15:31:18:907 50 sec: 4992846 operations; 100000.1 current ops/sec; est completion in 1 second [READ: Count=1000020, Max=1598, Min=208, Avg=314.86, 50=300, 90=389, 99=486, 99.9=646, 99.99=1157] [Intended-READ: Count=1000024, Max=1657, Min=233, Avg=373.4, 50=359, 90=448, 99=549, 99.9=987, 99.99=1305] 
2026-09-13 15:31:18:997 50 sec: 5000000 operations; 78615.38 current ops/sec; [READ: Count=7102, Max=627, Min=217, Avg=310.77, 50=296, 90=382, 99=481, 99.9=581, 99.99=627] [CLEANUP: Count=256, Max=610, Min=10, Avg=22.87, 50=15, 90=29, 99=79, 99.9=610, 99.99=610] [Intended-READ: Count=7024, Max=687, Min=249, Avg=368.9, 50=356, 90=442, 99=536, 99.9=635, 99.99=687] [Intended-CLEANUP: Count=256, Max=614, Min=11, Avg=23.09, 50=16, 90=29, 99=80, 99.9=614, 99.99=614] 
[OVERALL], RunTime(ms), 50090
[OVERALL], Throughput(ops/sec), 99820.32341784787
[TOTAL_GCS_G1_Young_Generation], Count, 91
[TOTAL_GC_TIME_G1_Young_Generation], Time(ms), 76
[TOTAL_GC_TIME_%_G1_Young_Generation], Time(%), 0.15172689159512878
[TOTAL_GCS_G1_Old_Generation], Count, 0
[TOTAL_GC_TIME_G1_Old_Generation], Time(ms), 0
[TOTAL_GC_TIME_%_G1_Old_Generation], Time(%), 0.0
[TOTAL_GCs], Count, 91
[TOTAL_GC_TIME], Time(ms), 76
[TOTAL_GC_TIME_%], Time(%), 0.15172689159512878
[READ], Operations, 5000000
[READ], AverageLatency(us), 313.4403622
[READ], MinLatency(us), 207
[READ], MaxLatency(us), 32111
[READ], 50thPercentileLatency(us), 298
[READ], 95thPercentileLatency(us), 415
[READ], 99thPercentileLatency(us), 486
[READ], 99.9PercentileLatency(us), 700
[READ], 99.99PercentileLatency(us), 1599
[READ], Return=OK, 5000000
[CLEANUP], Operations, 256
[CLEANUP], AverageLatency(us), 22.8671875
[CLEANUP], MinLatency(us), 10
[CLEANUP], MaxLatency(us), 610
[CLEANUP], 50thPercentileLatency(us), 15
[CLEANUP], 95thPercentileLatency(us), 38
[CLEANUP], 99thPercentileLatency(us), 79
[CLEANUP], 99.9PercentileLatency(us), 610
[CLEANUP], 99.99PercentileLatency(us), 610
[Intended-READ], Operations, 5000000
[Intended-READ], AverageLatency(us), 393.0515144
[Intended-READ], MinLatency(us), 225
[Intended-READ], MaxLatency(us), 71167
[Intended-READ], 50thPercentileLatency(us), 357
[Intended-READ], 95thPercentileLatency(us), 476
[Intended-READ], 99thPercentileLatency(us), 555
[Intended-READ], 99.9PercentileLatency(us), 2029
[Intended-READ], 99.99PercentileLatency(us), 47743
[Intended-CLEANUP], Operations, 256
[Intended-CLEANUP], AverageLatency(us), 23.09375
[Intended-CLEANUP], MinLatency(us), 11
[Intended-CLEANUP], MaxLatency(us), 614
[Intended-CLEANUP], 50thPercentileLatency(us), 16
[Intended-CLEANUP], 95thPercentileLatency(us), 38
[Intended-CLEANUP], 99thPercentileLatency(us), 80
[Intended-CLEANUP], 99.9PercentileLatency(us), 614
[Intended-CLEANUP], 99.99PercentileLatency(us), 614
