java -cp /mnt/dev/YCSB-hreplace-dist/redis-binding/conf:/mnt/dev/YCSB-hreplace-dist/conf:/mnt/dev/YCSB-hreplace-dist/lib/htrace-core4-4.1.0-incubating.jar:/mnt/dev/YCSB-hreplace-dist/lib/slf4j-api-1.7.25.jar:/mnt/dev/YCSB-hreplace-dist/lib/jackson-mapper-asl-1.9.4.jar:/mnt/dev/YCSB-hreplace-dist/lib/HdrHistogram-2.1.12.jar:/mnt/dev/YCSB-hreplace-dist/lib/jackson-core-asl-1.9.4.jar:/mnt/dev/YCSB-hreplace-dist/lib/jedis-3.9.0.jar:/mnt/dev/YCSB-hreplace-dist/lib/core-0.18.0-SNAPSHOT.jar:/mnt/dev/YCSB-hreplace-dist/lib/commons-pool2-2.11.1.jar:/mnt/dev/YCSB-hreplace-dist/lib/redis-binding-0.18.0-SNAPSHOT.jar site.ycsb.Client -db site.ycsb.db.RedisClient -s -threads 256 -P /mnt/dev/YCSB-hreplace-dist/workloads/workloada -target 100000 -p recordcount=100000000 -p operationcount=5000000 -p fieldcount=10 -p fieldlength=128 -p fieldlengthdistribution=constant -p readallfields=true -p writeallfields=true -p insertorder=hashed -p requestdistribution=uniform -p readproportion=0.5 -p updateproportion=0.5 -p insertproportion=0 -p scanproportion=0 -p readmodifywriteproportion=0 -p measurementtype=hdrhistogram -p measurement.interval=both -p hdrhistogram.percentiles=50,95,99,99.9,99.99 -p status.interval=10 -p redis.host=172.16.0.4 -p redis.port=16379 -p redis.scanindex=none -p redis.timeout=10000 -p redis.cluster=false -p redis.updatecommand=keylane.hreplace -t
Command line: -db site.ycsb.db.RedisClient -s -threads 256 -P /mnt/dev/YCSB-hreplace-dist/workloads/workloada -target 100000 -p recordcount=100000000 -p operationcount=5000000 -p fieldcount=10 -p fieldlength=128 -p fieldlengthdistribution=constant -p readallfields=true -p writeallfields=true -p insertorder=hashed -p requestdistribution=uniform -p readproportion=0.5 -p updateproportion=0.5 -p insertproportion=0 -p scanproportion=0 -p readmodifywriteproportion=0 -p measurementtype=hdrhistogram -p measurement.interval=both -p hdrhistogram.percentiles=50,95,99,99.9,99.99 -p status.interval=10 -p redis.host=172.16.0.4 -p redis.port=16379 -p redis.scanindex=none -p redis.timeout=10000 -p redis.cluster=false -p redis.updatecommand=keylane.hreplace -t
YCSB Client 0.18.0-SNAPSHOT

Loading workload...
Starting test.
SLF4J: Failed to load class "org.slf4j.impl.StaticLoggerBinder".
SLF4J: Defaulting to no-operation (NOP) logger implementation
SLF4J: See http://www.slf4j.org/codes.html#StaticLoggerBinder for further details.
2026-09-13 16:11:16:454 0 sec: 0 operations; est completion in 0 second 
DBWrapper: report latency for each error is false and specific error codes to track for latency are: []
2026-09-13 16:11:26:396 10 sec: 991114 operations; 99111.4 current ops/sec; est completion in 41 seconds [READ: Count=495427, Max=10575, Min=165, Avg=326.98, 50=295, 90=356, 99=1053, 99.9=4495, 99.99=8423] [UPDATE: Count=495968, Max=17439, Min=152, Avg=255.91, 50=217, 90=278, 99=1513, 99.9=3967, 99.99=7239] [Intended-READ: Count=495800, Max=90431, Min=221, Avg=559.36, 50=354, 90=419, 99=2993, 99.9=50495, 99.99=74751] [Intended-UPDATE: Count=496253, Max=92671, Min=171, Avg=500.43, 50=276, 90=339, 99=3067, 99.9=53727, 99.99=75519] 
2026-09-13 16:11:36:396 20 sec: 1991133 operations; 100001.9 current ops/sec; est completion in 31 seconds [READ: Count=500123, Max=10775, Min=169, Avg=316.69, 50=294, 90=349, 99=587, 99.9=3953, 99.99=7511] [UPDATE: Count=499798, Max=6383, Min=150, Avg=231.87, 50=216, 90=268, 99=402, 99.9=2601, 99.99=4235] [Intended-READ: Count=499941, Max=10847, Min=214, Avg=378.94, 50=353, 90=409, 99=920, 99.9=4563, 99.99=8043] [Intended-UPDATE: Count=499618, Max=9415, Min=169, Avg=294.61, 50=275, 90=328, 99=623, 99.9=3139, 99.99=6251] 
2026-09-13 16:11:46:396 30 sec: 2991131 operations; 99999.8 current ops/sec; est completion in 21 seconds [READ: Count=499372, Max=10239, Min=168, Avg=317.23, 50=294, 90=351, 99=568, 99.9=3917, 99.99=7267] [UPDATE: Count=500530, Max=5303, Min=151, Avg=231.27, 50=216, 90=270, 99=397, 99.9=2423, 99.99=3835] [Intended-READ: Count=499298, Max=10263, Min=201, Avg=378.85, 50=353, 90=411, 99=890, 99.9=4287, 99.99=7635] [Intended-UPDATE: Count=500604, Max=8703, Min=171, Avg=293.28, 50=275, 90=330, 99=559, 99.9=2871, 99.99=5311] 
2026-09-13 16:11:56:395 40 sec: 3991129 operations; 99999.8 current ops/sec; est completion in 11 seconds [READ: Count=499721, Max=10679, Min=164, Avg=316.14, 50=294, 90=348, 99=560, 99.9=4011, 99.99=7327] [UPDATE: Count=500280, Max=5391, Min=147, Avg=230.69, 50=216, 90=267, 99=398, 99.9=2373, 99.99=3925] [Intended-READ: Count=499714, Max=12015, Min=222, Avg=378.28, 50=353, 90=408, 99=892, 99.9=4619, 99.99=7915] [Intended-UPDATE: Count=500195, Max=9735, Min=171, Avg=292.9, 50=275, 90=327, 99=578, 99.9=2997, 99.99=5399] 
2026-09-13 16:12:06:395 50 sec: 4991116 operations; 99998.7 current ops/sec; est completion in 1 second [READ: Count=499555, Max=10679, Min=169, Avg=315.06, 50=294, 90=349, 99=543, 99.9=3583, 99.99=6939] [UPDATE: Count=500454, Max=6195, Min=150, Avg=231.08, 50=216, 90=268, 99=397, 99.9=2421, 99.99=3965] [Intended-READ: Count=499533, Max=10743, Min=198, Avg=376.47, 50=353, 90=409, 99=868, 99.9=4007, 99.99=7283] [Intended-UPDATE: Count=500443, Max=10983, Min=174, Avg=292.53, 50=275, 90=328, 99=553, 99.9=2807, 99.99=5307] 
2026-09-13 16:12:06:502 50 sec: 5000000 operations; 83028.04 current ops/sec; [READ: Count=4474, Max=10343, Min=222, Avg=436.85, 50=294, 90=354, 99=5147, 99.9=9431, 99.99=10343] [CLEANUP: Count=256, Max=632, Min=9, Avg=28.5, 50=16, 90=28, 99=495, 99.9=632, 99.99=632] [UPDATE: Count=4298, Max=4931, Min=160, Avg=241.97, 50=214, 90=252, 99=1072, 99.9=3553, 99.99=4931] [Intended-READ: Count=4386, Max=11047, Min=248, Avg=558.86, 50=353, 90=419, 99=6679, 99.9=9767, 99.99=11047] [Intended-CLEANUP: Count=256, Max=635, Min=9, Avg=28.73, 50=16, 90=28, 99=495, 99.9=635, 99.99=635] [Intended-UPDATE: Count=4215, Max=8239, Min=186, Avg=353.93, 50=273, 90=317, 99=3093, 99.9=6731, 99.99=8239] 
[OVERALL], RunTime(ms), 50106
[OVERALL], Throughput(ops/sec), 99788.44848920288
[TOTAL_GCS_G1_Young_Generation], Count, 136
[TOTAL_GC_TIME_G1_Young_Generation], Time(ms), 111
[TOTAL_GC_TIME_%_G1_Young_Generation], Time(%), 0.2215303556460304
[TOTAL_GCS_G1_Old_Generation], Count, 0
[TOTAL_GC_TIME_G1_Old_Generation], Time(ms), 0
[TOTAL_GC_TIME_%_G1_Old_Generation], Time(%), 0.0
[TOTAL_GCs], Count, 136
[TOTAL_GC_TIME], Time(ms), 111
[TOTAL_GC_TIME_%], Time(%), 0.2215303556460304
[READ], Operations, 2498672
[READ], AverageLatency(us), 318.61729950949945
[READ], MinLatency(us), 164
[READ], MaxLatency(us), 10775
[READ], 50thPercentileLatency(us), 294
[READ], 95thPercentileLatency(us), 385
[READ], 99thPercentileLatency(us), 673
[READ], 99.9PercentileLatency(us), 4013
[READ], 99.99PercentileLatency(us), 7579
[READ], Return=OK, 2498672
[CLEANUP], Operations, 256
[CLEANUP], AverageLatency(us), 28.49609375
[CLEANUP], MinLatency(us), 9
[CLEANUP], MaxLatency(us), 632
[CLEANUP], 50thPercentileLatency(us), 16
[CLEANUP], 95thPercentileLatency(us), 39
[CLEANUP], 99thPercentileLatency(us), 495
[CLEANUP], 99.9PercentileLatency(us), 632
[CLEANUP], 99.99PercentileLatency(us), 632
[UPDATE], Operations, 2501328
[UPDATE], AverageLatency(us), 236.14032106145217
[UPDATE], MinLatency(us), 147
[UPDATE], MaxLatency(us), 17439
[UPDATE], 50thPercentileLatency(us), 216
[UPDATE], 95thPercentileLatency(us), 305
[UPDATE], 99thPercentileLatency(us), 476
[UPDATE], 99.9PercentileLatency(us), 2989
[UPDATE], 99.99PercentileLatency(us), 4711
[UPDATE], Return=OK, 2501328
[Intended-READ], Operations, 2498672
[Intended-READ], AverageLatency(us), 414.410193894997
[Intended-READ], MinLatency(us), 198
[Intended-READ], MaxLatency(us), 90431
[Intended-READ], 50thPercentileLatency(us), 353
[Intended-READ], 95thPercentileLatency(us), 448
[Intended-READ], 99thPercentileLatency(us), 1116
[Intended-READ], 99.9PercentileLatency(us), 8415
[Intended-READ], 99.99PercentileLatency(us), 60127
[Intended-CLEANUP], Operations, 256
[Intended-CLEANUP], AverageLatency(us), 28.7265625
[Intended-CLEANUP], MinLatency(us), 9
[Intended-CLEANUP], MaxLatency(us), 635
[Intended-CLEANUP], 50thPercentileLatency(us), 16
[Intended-CLEANUP], 95thPercentileLatency(us), 39
[Intended-CLEANUP], 99thPercentileLatency(us), 495
[Intended-CLEANUP], 99.9PercentileLatency(us), 635
[Intended-CLEANUP], 99.99PercentileLatency(us), 635
[Intended-UPDATE], Operations, 2501328
[Intended-UPDATE], AverageLatency(us), 334.5197702980177
[Intended-UPDATE], MinLatency(us), 169
[Intended-UPDATE], MaxLatency(us), 92671
[Intended-UPDATE], 50thPercentileLatency(us), 275
[Intended-UPDATE], 95thPercentileLatency(us), 367
[Intended-UPDATE], 99thPercentileLatency(us), 888
[Intended-UPDATE], 99.9PercentileLatency(us), 9567
[Intended-UPDATE], 99.99PercentileLatency(us), 61855
