java -cp /mnt/dev/YCSB-hreplace-dist/redis-binding/conf:/mnt/dev/YCSB-hreplace-dist/conf:/mnt/dev/YCSB-hreplace-dist/lib/htrace-core4-4.1.0-incubating.jar:/mnt/dev/YCSB-hreplace-dist/lib/slf4j-api-1.7.25.jar:/mnt/dev/YCSB-hreplace-dist/lib/jackson-mapper-asl-1.9.4.jar:/mnt/dev/YCSB-hreplace-dist/lib/HdrHistogram-2.1.12.jar:/mnt/dev/YCSB-hreplace-dist/lib/jackson-core-asl-1.9.4.jar:/mnt/dev/YCSB-hreplace-dist/lib/jedis-3.9.0.jar:/mnt/dev/YCSB-hreplace-dist/lib/core-0.18.0-SNAPSHOT.jar:/mnt/dev/YCSB-hreplace-dist/lib/commons-pool2-2.11.1.jar:/mnt/dev/YCSB-hreplace-dist/lib/redis-binding-0.18.0-SNAPSHOT.jar site.ycsb.Client -db site.ycsb.db.RedisClient -s -threads 256 -P /mnt/dev/YCSB-hreplace-dist/workloads/workloada -p recordcount=100000000 -p operationcount=1000000 -p fieldcount=10 -p fieldlength=128 -p fieldlengthdistribution=constant -p readallfields=true -p writeallfields=true -p insertorder=hashed -p requestdistribution=uniform -p readproportion=1 -p updateproportion=0 -p insertproportion=0 -p scanproportion=0 -p readmodifywriteproportion=0 -p measurementtype=hdrhistogram -p measurement.interval=both -p hdrhistogram.percentiles=50,95,99,99.9,99.99 -p status.interval=10 -p redis.host=172.16.0.4 -p redis.port=16379 -p redis.scanindex=none -p redis.timeout=10000 -p redis.cluster=false -p redis.updatecommand=hmset -t
Command line: -db site.ycsb.db.RedisClient -s -threads 256 -P /mnt/dev/YCSB-hreplace-dist/workloads/workloada -p recordcount=100000000 -p operationcount=1000000 -p fieldcount=10 -p fieldlength=128 -p fieldlengthdistribution=constant -p readallfields=true -p writeallfields=true -p insertorder=hashed -p requestdistribution=uniform -p readproportion=1 -p updateproportion=0 -p insertproportion=0 -p scanproportion=0 -p readmodifywriteproportion=0 -p measurementtype=hdrhistogram -p measurement.interval=both -p hdrhistogram.percentiles=50,95,99,99.9,99.99 -p status.interval=10 -p redis.host=172.16.0.4 -p redis.port=16379 -p redis.scanindex=none -p redis.timeout=10000 -p redis.cluster=false -p redis.updatecommand=hmset -t
YCSB Client 0.18.0-SNAPSHOT

Loading workload...
Starting test.
SLF4J: Failed to load class "org.slf4j.impl.StaticLoggerBinder".
SLF4J: Defaulting to no-operation (NOP) logger implementation
SLF4J: See http://www.slf4j.org/codes.html#StaticLoggerBinder for further details.
2026-09-13 15:33:56:560 0 sec: 0 operations; est completion in 0 second 
DBWrapper: report latency for each error is false and specific error codes to track for latency are: []
2026-09-13 15:33:58:831 2 sec: 1000000 operations; 423190.86 current ops/sec; [READ: Count=1000000, Max=105087, Min=231, Avg=503.09, 50=448, 90=595, 99=1437, 99.9=5159, 99.99=30719] [CLEANUP: Count=256, Max=785, Min=13, Avg=31.55, 50=22, 90=52, 99=176, 99.9=785, 99.99=785] [Intended-READ: Count=1000000, Max=105087, Min=231, Avg=503.13, 50=448, 90=595, 99=1437, 99.9=5159, 99.99=30719] [Intended-CLEANUP: Count=256, Max=796, Min=13, Avg=31.97, 50=22, 90=52, 99=176, 99.9=796, 99.99=796] 
[OVERALL], RunTime(ms), 2363
[OVERALL], Throughput(ops/sec), 423190.85907744395
[TOTAL_GCS_G1_Young_Generation], Count, 17
[TOTAL_GC_TIME_G1_Young_Generation], Time(ms), 24
[TOTAL_GC_TIME_%_G1_Young_Generation], Time(%), 1.0156580617858655
[TOTAL_GCS_G1_Old_Generation], Count, 0
[TOTAL_GC_TIME_G1_Old_Generation], Time(ms), 0
[TOTAL_GC_TIME_%_G1_Old_Generation], Time(%), 0.0
[TOTAL_GCs], Count, 17
[TOTAL_GC_TIME], Time(ms), 24
[TOTAL_GC_TIME_%], Time(%), 1.0156580617858655
[READ], Operations, 1000000
[READ], AverageLatency(us), 503.093613
[READ], MinLatency(us), 231
[READ], MaxLatency(us), 105087
[READ], 50thPercentileLatency(us), 448
[READ], 95thPercentileLatency(us), 714
[READ], 99thPercentileLatency(us), 1437
[READ], 99.9PercentileLatency(us), 5159
[READ], 99.99PercentileLatency(us), 30719
[READ], Return=OK, 1000000
[CLEANUP], Operations, 256
[CLEANUP], AverageLatency(us), 31.5546875
[CLEANUP], MinLatency(us), 13
[CLEANUP], MaxLatency(us), 785
[CLEANUP], 50thPercentileLatency(us), 22
[CLEANUP], 95thPercentileLatency(us), 73
[CLEANUP], 99thPercentileLatency(us), 176
[CLEANUP], 99.9PercentileLatency(us), 785
[CLEANUP], 99.99PercentileLatency(us), 785
[Intended-READ], Operations, 1000000
[Intended-READ], AverageLatency(us), 503.132146
[Intended-READ], MinLatency(us), 231
[Intended-READ], MaxLatency(us), 105087
[Intended-READ], 50thPercentileLatency(us), 448
[Intended-READ], 95thPercentileLatency(us), 714
[Intended-READ], 99thPercentileLatency(us), 1437
[Intended-READ], 99.9PercentileLatency(us), 5159
[Intended-READ], 99.99PercentileLatency(us), 30719
[Intended-CLEANUP], Operations, 256
[Intended-CLEANUP], AverageLatency(us), 31.97265625
[Intended-CLEANUP], MinLatency(us), 13
[Intended-CLEANUP], MaxLatency(us), 796
[Intended-CLEANUP], 50thPercentileLatency(us), 22
[Intended-CLEANUP], 95thPercentileLatency(us), 73
[Intended-CLEANUP], 99thPercentileLatency(us), 176
[Intended-CLEANUP], 99.9PercentileLatency(us), 796
[Intended-CLEANUP], 99.99PercentileLatency(us), 796
