java -cp /mnt/dev/YCSB-hreplace-dist/redis-binding/conf:/mnt/dev/YCSB-hreplace-dist/conf:/mnt/dev/YCSB-hreplace-dist/lib/htrace-core4-4.1.0-incubating.jar:/mnt/dev/YCSB-hreplace-dist/lib/slf4j-api-1.7.25.jar:/mnt/dev/YCSB-hreplace-dist/lib/jackson-mapper-asl-1.9.4.jar:/mnt/dev/YCSB-hreplace-dist/lib/HdrHistogram-2.1.12.jar:/mnt/dev/YCSB-hreplace-dist/lib/jackson-core-asl-1.9.4.jar:/mnt/dev/YCSB-hreplace-dist/lib/jedis-3.9.0.jar:/mnt/dev/YCSB-hreplace-dist/lib/core-0.18.0-SNAPSHOT.jar:/mnt/dev/YCSB-hreplace-dist/lib/commons-pool2-2.11.1.jar:/mnt/dev/YCSB-hreplace-dist/lib/redis-binding-0.18.0-SNAPSHOT.jar site.ycsb.Client -db site.ycsb.db.RedisClient -s -threads 256 -P /mnt/dev/YCSB-hreplace-dist/workloads/workloada -target 100000 -p recordcount=100000000 -p operationcount=1000000 -p fieldcount=10 -p fieldlength=128 -p fieldlengthdistribution=constant -p readallfields=true -p writeallfields=true -p insertorder=hashed -p requestdistribution=uniform -p readproportion=0.5 -p updateproportion=0.5 -p insertproportion=0 -p scanproportion=0 -p readmodifywriteproportion=0 -p measurementtype=hdrhistogram -p measurement.interval=both -p hdrhistogram.percentiles=50,95,99,99.9,99.99 -p status.interval=10 -p redis.host=172.16.0.4 -p redis.port=16379 -p redis.scanindex=none -p redis.timeout=10000 -p redis.cluster=false -p redis.updatecommand=hmset -t
Command line: -db site.ycsb.db.RedisClient -s -threads 256 -P /mnt/dev/YCSB-hreplace-dist/workloads/workloada -target 100000 -p recordcount=100000000 -p operationcount=1000000 -p fieldcount=10 -p fieldlength=128 -p fieldlengthdistribution=constant -p readallfields=true -p writeallfields=true -p insertorder=hashed -p requestdistribution=uniform -p readproportion=0.5 -p updateproportion=0.5 -p insertproportion=0 -p scanproportion=0 -p readmodifywriteproportion=0 -p measurementtype=hdrhistogram -p measurement.interval=both -p hdrhistogram.percentiles=50,95,99,99.9,99.99 -p status.interval=10 -p redis.host=172.16.0.4 -p redis.port=16379 -p redis.scanindex=none -p redis.timeout=10000 -p redis.cluster=false -p redis.updatecommand=hmset -t
YCSB Client 0.18.0-SNAPSHOT

Loading workload...
Starting test.
SLF4J: Failed to load class "org.slf4j.impl.StaticLoggerBinder".
SLF4J: Defaulting to no-operation (NOP) logger implementation
SLF4J: See http://www.slf4j.org/codes.html#StaticLoggerBinder for further details.
2026-09-13 14:53:16:470 0 sec: 0 operations; est completion in 0 second 
DBWrapper: report latency for each error is false and specific error codes to track for latency are: []
2026-09-13 14:53:26:446 10 sec: 993619 operations; 99351.96 current ops/sec; est completion in 1 second [READ: Count=496789, Max=41407, Min=165, Avg=323.75, 50=296, 90=352, 99=916, 99.9=3625, 99.99=12335] [UPDATE: Count=497077, Max=64543, Min=174, Avg=349.04, 50=303, 90=363, 99=1609, 99.9=4943, 99.99=27615] [Intended-READ: Count=497094, Max=117439, Min=212, Avg=602.59, 50=355, 90=415, 99=3235, 99.9=55327, 99.99=91135] [Intended-UPDATE: Count=497259, Max=121599, Min=233, Avg=621.21, 50=362, 90=425, 99=3925, 99.9=55903, 99.99=92735] 
2026-09-13 14:53:26:537 10 sec: 1000000 operations; 70120.88 current ops/sec; [READ: Count=3187, Max=3125, Min=174, Avg=325, 50=294, 90=352, 99=1474, 99.9=2821, 99.99=3125] [CLEANUP: Count=256, Max=568, Min=10, Avg=22.97, 50=16, 90=28, 99=134, 99.9=568, 99.99=568] [UPDATE: Count=2947, Max=3245, Min=211, Avg=341.63, 50=301, 90=377, 99=1601, 99.9=3063, 99.99=3245] [Intended-READ: Count=2882, Max=3185, Min=232, Avg=388.19, 50=353, 90=416, 99=1658, 99.9=3001, 99.99=3185] [Intended-CLEANUP: Count=256, Max=568, Min=10, Avg=23.21, 50=16, 90=29, 99=135, 99.9=568, 99.99=568] [Intended-UPDATE: Count=2765, Max=3307, Min=267, Avg=404.24, 50=361, 90=441, 99=1668, 99.9=3123, 99.99=3307] 
[OVERALL], RunTime(ms), 10092
[OVERALL], Throughput(ops/sec), 99088.38684106222
[TOTAL_GCS_G1_Young_Generation], Count, 30
[TOTAL_GC_TIME_G1_Young_Generation], Time(ms), 30
[TOTAL_GC_TIME_%_G1_Young_Generation], Time(%), 0.2972651605231867
[TOTAL_GCS_G1_Old_Generation], Count, 0
[TOTAL_GC_TIME_G1_Old_Generation], Time(ms), 0
[TOTAL_GC_TIME_%_G1_Old_Generation], Time(%), 0.0
[TOTAL_GCs], Count, 30
[TOTAL_GC_TIME], Time(ms), 30
[TOTAL_GC_TIME_%], Time(%), 0.2972651605231867
[READ], Operations, 499976
[READ], AverageLatency(us), 323.76209058034783
[READ], MinLatency(us), 165
[READ], MaxLatency(us), 41407
[READ], 50thPercentileLatency(us), 296
[READ], 95thPercentileLatency(us), 389
[READ], 99thPercentileLatency(us), 919
[READ], 99.9PercentileLatency(us), 3615
[READ], 99.99PercentileLatency(us), 12335
[READ], Return=OK, 499976
[CLEANUP], Operations, 256
[CLEANUP], AverageLatency(us), 22.97265625
[CLEANUP], MinLatency(us), 10
[CLEANUP], MaxLatency(us), 568
[CLEANUP], 50thPercentileLatency(us), 16
[CLEANUP], 95thPercentileLatency(us), 35
[CLEANUP], 99thPercentileLatency(us), 134
[CLEANUP], 99.9PercentileLatency(us), 568
[CLEANUP], 99.99PercentileLatency(us), 568
[UPDATE], Operations, 500024
[UPDATE], AverageLatency(us), 348.99541022030945
[UPDATE], MinLatency(us), 174
[UPDATE], MaxLatency(us), 64543
[UPDATE], 50thPercentileLatency(us), 303
[UPDATE], 95thPercentileLatency(us), 404
[UPDATE], 99thPercentileLatency(us), 1608
[UPDATE], 99.9PercentileLatency(us), 4935
[UPDATE], 99.99PercentileLatency(us), 27599
[UPDATE], Return=OK, 500024
[Intended-READ], Operations, 499976
[Intended-READ], AverageLatency(us), 601.3509048434324
[Intended-READ], MinLatency(us), 212
[Intended-READ], MaxLatency(us), 117439
[Intended-READ], 50thPercentileLatency(us), 355
[Intended-READ], 95thPercentileLatency(us), 460
[Intended-READ], 99thPercentileLatency(us), 3209
[Intended-READ], 99.9PercentileLatency(us), 55327
[Intended-READ], 99.99PercentileLatency(us), 91135
[Intended-CLEANUP], Operations, 256
[Intended-CLEANUP], AverageLatency(us), 23.2109375
[Intended-CLEANUP], MinLatency(us), 10
[Intended-CLEANUP], MaxLatency(us), 568
[Intended-CLEANUP], 50thPercentileLatency(us), 16
[Intended-CLEANUP], 95thPercentileLatency(us), 36
[Intended-CLEANUP], 99thPercentileLatency(us), 135
[Intended-CLEANUP], 99.9PercentileLatency(us), 568
[Intended-CLEANUP], 99.99PercentileLatency(us), 568
[Intended-UPDATE], Operations, 500024
[Intended-UPDATE], AverageLatency(us), 620.0109114762491
[Intended-UPDATE], MinLatency(us), 233
[Intended-UPDATE], MaxLatency(us), 121599
[Intended-UPDATE], 50thPercentileLatency(us), 362
[Intended-UPDATE], 95thPercentileLatency(us), 471
[Intended-UPDATE], 99thPercentileLatency(us), 3891
[Intended-UPDATE], 99.9PercentileLatency(us), 55839
[Intended-UPDATE], 99.99PercentileLatency(us), 92735
