java -cp /mnt/dev/YCSB-hreplace-dist/redis-binding/conf:/mnt/dev/YCSB-hreplace-dist/conf:/mnt/dev/YCSB-hreplace-dist/lib/htrace-core4-4.1.0-incubating.jar:/mnt/dev/YCSB-hreplace-dist/lib/slf4j-api-1.7.25.jar:/mnt/dev/YCSB-hreplace-dist/lib/jackson-mapper-asl-1.9.4.jar:/mnt/dev/YCSB-hreplace-dist/lib/HdrHistogram-2.1.12.jar:/mnt/dev/YCSB-hreplace-dist/lib/jackson-core-asl-1.9.4.jar:/mnt/dev/YCSB-hreplace-dist/lib/jedis-3.9.0.jar:/mnt/dev/YCSB-hreplace-dist/lib/core-0.18.0-SNAPSHOT.jar:/mnt/dev/YCSB-hreplace-dist/lib/commons-pool2-2.11.1.jar:/mnt/dev/YCSB-hreplace-dist/lib/redis-binding-0.18.0-SNAPSHOT.jar site.ycsb.Client -db site.ycsb.db.RedisClient -s -threads 256 -P /mnt/dev/YCSB-hreplace-dist/workloads/workloada -p recordcount=100000000 -p operationcount=1000000 -p fieldcount=10 -p fieldlength=128 -p fieldlengthdistribution=constant -p readallfields=true -p writeallfields=true -p insertorder=hashed -p requestdistribution=uniform -p readproportion=1 -p updateproportion=0 -p insertproportion=0 -p scanproportion=0 -p readmodifywriteproportion=0 -p measurementtype=hdrhistogram -p measurement.interval=both -p hdrhistogram.percentiles=50,95,99,99.9,99.99 -p status.interval=10 -p redis.host=172.16.0.4 -p redis.port=16379 -p redis.scanindex=none -p redis.timeout=10000 -p redis.cluster=false -p redis.updatecommand=keylane.hreplace -t
Command line: -db site.ycsb.db.RedisClient -s -threads 256 -P /mnt/dev/YCSB-hreplace-dist/workloads/workloada -p recordcount=100000000 -p operationcount=1000000 -p fieldcount=10 -p fieldlength=128 -p fieldlengthdistribution=constant -p readallfields=true -p writeallfields=true -p insertorder=hashed -p requestdistribution=uniform -p readproportion=1 -p updateproportion=0 -p insertproportion=0 -p scanproportion=0 -p readmodifywriteproportion=0 -p measurementtype=hdrhistogram -p measurement.interval=both -p hdrhistogram.percentiles=50,95,99,99.9,99.99 -p status.interval=10 -p redis.host=172.16.0.4 -p redis.port=16379 -p redis.scanindex=none -p redis.timeout=10000 -p redis.cluster=false -p redis.updatecommand=keylane.hreplace -t
YCSB Client 0.18.0-SNAPSHOT

Loading workload...
Starting test.
SLF4J: Failed to load class "org.slf4j.impl.StaticLoggerBinder".
SLF4J: Defaulting to no-operation (NOP) logger implementation
SLF4J: See http://www.slf4j.org/codes.html#StaticLoggerBinder for further details.
2026-09-13 16:28:39:048 0 sec: 0 operations; est completion in 0 second 
DBWrapper: report latency for each error is false and specific error codes to track for latency are: []
2026-09-13 16:28:41:475 2 sec: 1000000 operations; 403063.28 current ops/sec; [READ: Count=1000000, Max=95871, Min=213, Avg=551.85, 50=454, 90=760, 99=1799, 99.9=6379, 99.99=41407] [CLEANUP: Count=256, Max=788, Min=12, Avg=32.66, 50=23, 90=60, 99=125, 99.9=788, 99.99=788] [Intended-READ: Count=1000000, Max=95871, Min=213, Avg=551.89, 50=454, 90=760, 99=1799, 99.9=6379, 99.99=41407] [Intended-CLEANUP: Count=256, Max=789, Min=12, Avg=32.97, 50=23, 90=60, 99=127, 99.9=789, 99.99=789] 
[OVERALL], RunTime(ms), 2481
[OVERALL], Throughput(ops/sec), 403063.2809351068
[TOTAL_GCS_G1_Young_Generation], Count, 18
[TOTAL_GC_TIME_G1_Young_Generation], Time(ms), 25
[TOTAL_GC_TIME_%_G1_Young_Generation], Time(%), 1.007658202337767
[TOTAL_GCS_G1_Old_Generation], Count, 0
[TOTAL_GC_TIME_G1_Old_Generation], Time(ms), 0
[TOTAL_GC_TIME_%_G1_Old_Generation], Time(%), 0.0
[TOTAL_GCs], Count, 18
[TOTAL_GC_TIME], Time(ms), 25
[TOTAL_GC_TIME_%], Time(%), 1.007658202337767
[READ], Operations, 1000000
[READ], AverageLatency(us), 551.853134
[READ], MinLatency(us), 213
[READ], MaxLatency(us), 95871
[READ], 50thPercentileLatency(us), 454
[READ], 95thPercentileLatency(us), 1050
[READ], 99thPercentileLatency(us), 1799
[READ], 99.9PercentileLatency(us), 6379
[READ], 99.99PercentileLatency(us), 41407
[READ], Return=OK, 1000000
[CLEANUP], Operations, 256
[CLEANUP], AverageLatency(us), 32.65625
[CLEANUP], MinLatency(us), 12
[CLEANUP], MaxLatency(us), 788
[CLEANUP], 50thPercentileLatency(us), 23
[CLEANUP], 95thPercentileLatency(us), 73
[CLEANUP], 99thPercentileLatency(us), 125
[CLEANUP], 99.9PercentileLatency(us), 788
[CLEANUP], 99.99PercentileLatency(us), 788
[Intended-READ], Operations, 1000000
[Intended-READ], AverageLatency(us), 551.890889
[Intended-READ], MinLatency(us), 213
[Intended-READ], MaxLatency(us), 95871
[Intended-READ], 50thPercentileLatency(us), 454
[Intended-READ], 95thPercentileLatency(us), 1050
[Intended-READ], 99thPercentileLatency(us), 1799
[Intended-READ], 99.9PercentileLatency(us), 6379
[Intended-READ], 99.99PercentileLatency(us), 41407
[Intended-CLEANUP], Operations, 256
[Intended-CLEANUP], AverageLatency(us), 32.96875
[Intended-CLEANUP], MinLatency(us), 12
[Intended-CLEANUP], MaxLatency(us), 789
[Intended-CLEANUP], 50thPercentileLatency(us), 23
[Intended-CLEANUP], 95thPercentileLatency(us), 74
[Intended-CLEANUP], 99thPercentileLatency(us), 127
[Intended-CLEANUP], 99.9PercentileLatency(us), 789
[Intended-CLEANUP], 99.99PercentileLatency(us), 789
