java -cp /mnt/dev/YCSB-hreplace-dist/redis-binding/conf:/mnt/dev/YCSB-hreplace-dist/conf:/mnt/dev/YCSB-hreplace-dist/lib/htrace-core4-4.1.0-incubating.jar:/mnt/dev/YCSB-hreplace-dist/lib/slf4j-api-1.7.25.jar:/mnt/dev/YCSB-hreplace-dist/lib/jackson-mapper-asl-1.9.4.jar:/mnt/dev/YCSB-hreplace-dist/lib/HdrHistogram-2.1.12.jar:/mnt/dev/YCSB-hreplace-dist/lib/jackson-core-asl-1.9.4.jar:/mnt/dev/YCSB-hreplace-dist/lib/jedis-3.9.0.jar:/mnt/dev/YCSB-hreplace-dist/lib/core-0.18.0-SNAPSHOT.jar:/mnt/dev/YCSB-hreplace-dist/lib/commons-pool2-2.11.1.jar:/mnt/dev/YCSB-hreplace-dist/lib/redis-binding-0.18.0-SNAPSHOT.jar site.ycsb.Client -db site.ycsb.db.RedisClient -s -threads 256 -P /mnt/dev/YCSB-hreplace-dist/workloads/workloada -p recordcount=100000000 -p operationcount=1000000 -p fieldcount=10 -p fieldlength=128 -p fieldlengthdistribution=constant -p readallfields=true -p writeallfields=true -p insertorder=hashed -p requestdistribution=uniform -p readproportion=1 -p updateproportion=0 -p insertproportion=0 -p scanproportion=0 -p readmodifywriteproportion=0 -p measurementtype=hdrhistogram -p measurement.interval=both -p hdrhistogram.percentiles=50,95,99,99.9,99.99 -p status.interval=10 -p redis.host=172.16.0.4 -p redis.port=16379 -p redis.scanindex=none -p redis.timeout=10000 -p redis.cluster=false -p redis.updatecommand=keylane.hreplace -t
Command line: -db site.ycsb.db.RedisClient -s -threads 256 -P /mnt/dev/YCSB-hreplace-dist/workloads/workloada -p recordcount=100000000 -p operationcount=1000000 -p fieldcount=10 -p fieldlength=128 -p fieldlengthdistribution=constant -p readallfields=true -p writeallfields=true -p insertorder=hashed -p requestdistribution=uniform -p readproportion=1 -p updateproportion=0 -p insertproportion=0 -p scanproportion=0 -p readmodifywriteproportion=0 -p measurementtype=hdrhistogram -p measurement.interval=both -p hdrhistogram.percentiles=50,95,99,99.9,99.99 -p status.interval=10 -p redis.host=172.16.0.4 -p redis.port=16379 -p redis.scanindex=none -p redis.timeout=10000 -p redis.cluster=false -p redis.updatecommand=keylane.hreplace -t
YCSB Client 0.18.0-SNAPSHOT

Loading workload...
Starting test.
SLF4J: Failed to load class "org.slf4j.impl.StaticLoggerBinder".
SLF4J: Defaulting to no-operation (NOP) logger implementation
SLF4J: See http://www.slf4j.org/codes.html#StaticLoggerBinder for further details.
2026-09-13 16:00:28:969 0 sec: 0 operations; est completion in 0 second 
DBWrapper: report latency for each error is false and specific error codes to track for latency are: []
2026-09-13 16:00:31:319 2 sec: 1000000 operations; 420875.42 current ops/sec; [READ: Count=1000000, Max=45951, Min=221, Avg=501.59, 50=453, 90=608, 99=1449, 99.9=4891, 99.99=26191] [CLEANUP: Count=256, Max=822, Min=13, Avg=34.56, 50=23, 90=58, 99=128, 99.9=822, 99.99=822] [Intended-READ: Count=1000000, Max=45951, Min=221, Avg=501.63, 50=453, 90=609, 99=1449, 99.9=4891, 99.99=26191] [Intended-CLEANUP: Count=256, Max=825, Min=14, Avg=34.9, 50=23, 90=59, 99=129, 99.9=825, 99.99=825] 
[OVERALL], RunTime(ms), 2375
[OVERALL], Throughput(ops/sec), 421052.63157894736
[TOTAL_GCS_G1_Young_Generation], Count, 18
[TOTAL_GC_TIME_G1_Young_Generation], Time(ms), 25
[TOTAL_GC_TIME_%_G1_Young_Generation], Time(%), 1.0526315789473684
[TOTAL_GCS_G1_Old_Generation], Count, 0
[TOTAL_GC_TIME_G1_Old_Generation], Time(ms), 0
[TOTAL_GC_TIME_%_G1_Old_Generation], Time(%), 0.0
[TOTAL_GCs], Count, 18
[TOTAL_GC_TIME], Time(ms), 25
[TOTAL_GC_TIME_%], Time(%), 1.0526315789473684
[READ], Operations, 1000000
[READ], AverageLatency(us), 501.594325
[READ], MinLatency(us), 221
[READ], MaxLatency(us), 45951
[READ], 50thPercentileLatency(us), 453
[READ], 95thPercentileLatency(us), 704
[READ], 99thPercentileLatency(us), 1449
[READ], 99.9PercentileLatency(us), 4891
[READ], 99.99PercentileLatency(us), 26191
[READ], Return=OK, 1000000
[CLEANUP], Operations, 256
[CLEANUP], AverageLatency(us), 34.5625
[CLEANUP], MinLatency(us), 13
[CLEANUP], MaxLatency(us), 822
[CLEANUP], 50thPercentileLatency(us), 23
[CLEANUP], 95thPercentileLatency(us), 80
[CLEANUP], 99thPercentileLatency(us), 128
[CLEANUP], 99.9PercentileLatency(us), 822
[CLEANUP], 99.99PercentileLatency(us), 822
[Intended-READ], Operations, 1000000
[Intended-READ], AverageLatency(us), 501.632189
[Intended-READ], MinLatency(us), 221
[Intended-READ], MaxLatency(us), 45951
[Intended-READ], 50thPercentileLatency(us), 453
[Intended-READ], 95thPercentileLatency(us), 704
[Intended-READ], 99thPercentileLatency(us), 1449
[Intended-READ], 99.9PercentileLatency(us), 4891
[Intended-READ], 99.99PercentileLatency(us), 26191
[Intended-CLEANUP], Operations, 256
[Intended-CLEANUP], AverageLatency(us), 34.90234375
[Intended-CLEANUP], MinLatency(us), 14
[Intended-CLEANUP], MaxLatency(us), 825
[Intended-CLEANUP], 50thPercentileLatency(us), 23
[Intended-CLEANUP], 95thPercentileLatency(us), 80
[Intended-CLEANUP], 99thPercentileLatency(us), 129
[Intended-CLEANUP], 99.9PercentileLatency(us), 825
[Intended-CLEANUP], 99.99PercentileLatency(us), 825
