java -cp /mnt/dev/YCSB-aerospike-dist/aerospike-binding/conf:/mnt/dev/YCSB-aerospike-dist/conf:/mnt/dev/YCSB-aerospike-dist/lib/aerospike-client-3.1.2.jar:/mnt/dev/YCSB-aerospike-dist/lib/htrace-core4-4.1.0-incubating.jar:/mnt/dev/YCSB-aerospike-dist/lib/jbcrypt-0.3m.jar:/mnt/dev/YCSB-aerospike-dist/lib/jackson-mapper-asl-1.9.4.jar:/mnt/dev/YCSB-aerospike-dist/lib/aerospike-binding-0.18.0-SNAPSHOT.jar:/mnt/dev/YCSB-aerospike-dist/lib/HdrHistogram-2.1.12.jar:/mnt/dev/YCSB-aerospike-dist/lib/jackson-core-asl-1.9.4.jar:/mnt/dev/YCSB-aerospike-dist/lib/core-0.18.0-SNAPSHOT.jar:/mnt/dev/YCSB-aerospike-dist/lib/luaj-jse-3.0.jar:/mnt/dev/YCSB-aerospike-dist/lib/gnu-crypto-2.0.1.jar site.ycsb.Client -db site.ycsb.db.AerospikeClient -s -threads 256 -P /mnt/dev/YCSB-aerospike-dist/workloads/workloada -target 100000 -p recordcount=100000000 -p operationcount=1000000 -p fieldcount=10 -p fieldlength=128 -p fieldlengthdistribution=constant -p readallfields=true -p writeallfields=true -p insertorder=hashed -p requestdistribution=uniform -p readproportion=0.5 -p updateproportion=0.5 -p insertproportion=0 -p scanproportion=0 -p readmodifywriteproportion=0 -p measurementtype=hdrhistogram -p measurement.interval=both -p hdrhistogram.percentiles=50,95,99,99.9,99.99 -p status.interval=10 -p as.host=172.16.0.4 -p as.port=3000 -p as.namespace=ycsb -p as.timeout=10000 -t
Command line: -db site.ycsb.db.AerospikeClient -s -threads 256 -P /mnt/dev/YCSB-aerospike-dist/workloads/workloada -target 100000 -p recordcount=100000000 -p operationcount=1000000 -p fieldcount=10 -p fieldlength=128 -p fieldlengthdistribution=constant -p readallfields=true -p writeallfields=true -p insertorder=hashed -p requestdistribution=uniform -p readproportion=0.5 -p updateproportion=0.5 -p insertproportion=0 -p scanproportion=0 -p readmodifywriteproportion=0 -p measurementtype=hdrhistogram -p measurement.interval=both -p hdrhistogram.percentiles=50,95,99,99.9,99.99 -p status.interval=10 -p as.host=172.16.0.4 -p as.port=3000 -p as.namespace=ycsb -p as.timeout=10000 -t
YCSB Client 0.18.0-SNAPSHOT

Loading workload...
Starting test.
2026-09-13 16:45:32:376 0 sec: 0 operations; est completion in 0 second 
DBWrapper: report latency for each error is false and specific error codes to track for latency are: []
2026-09-13 16:45:42:305 10 sec: 965665 operations; 96566.5 current ops/sec; est completion in 1 second [READ: Count=482925, Max=233855, Min=158, Avg=305.5, 50=281, 90=348, 99=479, 99.9=1878, 99.99=9807] [UPDATE: Count=483052, Max=224895, Min=144, Avg=226.64, 50=204, 90=266, 99=394, 99.9=1387, 99.99=7991] [Intended-READ: Count=483289, Max=316159, Min=191, Avg=1815.97, 50=339, 90=411, 99=46175, 99.9=236287, 99.99=295423] [Intended-UPDATE: Count=483261, Max=318207, Min=163, Avg=1723.43, 50=262, 90=329, 99=43103, 99.9=239615, 99.99=294399] 
2026-09-13 16:45:42:764 10 sec: 1000000 operations; 74803.92 current ops/sec; [READ: Count=17233, Max=654, Min=169, Avg=282.64, 50=275, 90=329, 99=415, 99.9=519, 99.99=631] [CLEANUP: Count=256, Max=323, Min=16, Avg=36.73, 50=31, 90=52, 99=117, 99.9=323, 99.99=323] [UPDATE: Count=16790, Max=503, Min=148, Avg=206.12, 50=198, 90=250, 99=324, 99.9=402, 99.99=465] [Intended-READ: Count=16869, Max=704, Min=196, Avg=339.51, 50=333, 90=387, 99=473, 99.9=576, 99.99=673] [Intended-CLEANUP: Count=256, Max=324, Min=16, Avg=37.01, 50=31, 90=52, 99=117, 99.9=324, 99.99=324] [Intended-UPDATE: Count=16581, Max=566, Min=168, Avg=263.46, 50=257, 90=308, 99=385, 99.9=461, 99.99=531] 
[OVERALL], RunTime(ms), 10458
[OVERALL], Throughput(ops/sec), 95620.57754828839
[TOTAL_GCS_G1_Young_Generation], Count, 16
[TOTAL_GC_TIME_G1_Young_Generation], Time(ms), 36
[TOTAL_GC_TIME_%_G1_Young_Generation], Time(%), 0.34423407917383825
[TOTAL_GCS_G1_Old_Generation], Count, 0
[TOTAL_GC_TIME_G1_Old_Generation], Time(ms), 0
[TOTAL_GC_TIME_%_G1_Old_Generation], Time(%), 0.0
[TOTAL_GCs], Count, 16
[TOTAL_GC_TIME], Time(ms), 36
[TOTAL_GC_TIME_%], Time(%), 0.34423407917383825
[READ], Operations, 500158
[READ], AverageLatency(us), 304.71663554316837
[READ], MinLatency(us), 158
[READ], MaxLatency(us), 233855
[READ], 50thPercentileLatency(us), 281
[READ], 95thPercentileLatency(us), 379
[READ], 99thPercentileLatency(us), 476
[READ], 99.9PercentileLatency(us), 1782
[READ], 99.99PercentileLatency(us), 9071
[READ], Return=OK, 500158
[CLEANUP], Operations, 256
[CLEANUP], AverageLatency(us), 36.73046875
[CLEANUP], MinLatency(us), 16
[CLEANUP], MaxLatency(us), 323
[CLEANUP], 50thPercentileLatency(us), 31
[CLEANUP], 95thPercentileLatency(us), 68
[CLEANUP], 99thPercentileLatency(us), 117
[CLEANUP], 99.9PercentileLatency(us), 323
[CLEANUP], 99.99PercentileLatency(us), 323
[UPDATE], Operations, 499842
[UPDATE], AverageLatency(us), 225.9511325578883
[UPDATE], MinLatency(us), 144
[UPDATE], MaxLatency(us), 224895
[UPDATE], 50thPercentileLatency(us), 204
[UPDATE], 95thPercentileLatency(us), 296
[UPDATE], 99thPercentileLatency(us), 391
[UPDATE], 99.9PercentileLatency(us), 1344
[UPDATE], 99.99PercentileLatency(us), 7875
[UPDATE], Return=OK, 499842
[Intended-READ], Operations, 500158
[Intended-READ], AverageLatency(us), 1766.1732372570268
[Intended-READ], MinLatency(us), 191
[Intended-READ], MaxLatency(us), 316159
[Intended-READ], 50thPercentileLatency(us), 339
[Intended-READ], 95thPercentileLatency(us), 450
[Intended-READ], 99thPercentileLatency(us), 41119
[Intended-READ], 99.9PercentileLatency(us), 234495
[Intended-READ], 99.99PercentileLatency(us), 295167
[Intended-CLEANUP], Operations, 256
[Intended-CLEANUP], AverageLatency(us), 37.0078125
[Intended-CLEANUP], MinLatency(us), 16
[Intended-CLEANUP], MaxLatency(us), 324
[Intended-CLEANUP], 50thPercentileLatency(us), 31
[Intended-CLEANUP], 95thPercentileLatency(us), 68
[Intended-CLEANUP], 99thPercentileLatency(us), 117
[Intended-CLEANUP], 99.9PercentileLatency(us), 324
[Intended-CLEANUP], 99.99PercentileLatency(us), 324
[Intended-UPDATE], Operations, 499842
[Intended-UPDATE], AverageLatency(us), 1674.9946002936929
[Intended-UPDATE], MinLatency(us), 163
[Intended-UPDATE], MaxLatency(us), 318207
[Intended-UPDATE], 50thPercentileLatency(us), 262
[Intended-UPDATE], 95thPercentileLatency(us), 367
[Intended-UPDATE], 99thPercentileLatency(us), 37663
[Intended-UPDATE], 99.9PercentileLatency(us), 238463
[Intended-UPDATE], 99.99PercentileLatency(us), 294143
