java -cp /mnt/dev/YCSB-hreplace-dist/redis-binding/conf:/mnt/dev/YCSB-hreplace-dist/conf:/mnt/dev/YCSB-hreplace-dist/lib/htrace-core4-4.1.0-incubating.jar:/mnt/dev/YCSB-hreplace-dist/lib/slf4j-api-1.7.25.jar:/mnt/dev/YCSB-hreplace-dist/lib/jackson-mapper-asl-1.9.4.jar:/mnt/dev/YCSB-hreplace-dist/lib/HdrHistogram-2.1.12.jar:/mnt/dev/YCSB-hreplace-dist/lib/jackson-core-asl-1.9.4.jar:/mnt/dev/YCSB-hreplace-dist/lib/jedis-3.9.0.jar:/mnt/dev/YCSB-hreplace-dist/lib/core-0.18.0-SNAPSHOT.jar:/mnt/dev/YCSB-hreplace-dist/lib/commons-pool2-2.11.1.jar:/mnt/dev/YCSB-hreplace-dist/lib/redis-binding-0.18.0-SNAPSHOT.jar site.ycsb.Client -db site.ycsb.db.RedisClient -s -threads 256 -P /mnt/dev/YCSB-hreplace-dist/workloads/workloada -target 100000 -p recordcount=100000000 -p operationcount=1000000 -p fieldcount=10 -p fieldlength=128 -p fieldlengthdistribution=constant -p readallfields=true -p writeallfields=true -p insertorder=hashed -p requestdistribution=uniform -p readproportion=1 -p updateproportion=0 -p insertproportion=0 -p scanproportion=0 -p readmodifywriteproportion=0 -p measurementtype=hdrhistogram -p measurement.interval=both -p hdrhistogram.percentiles=50,95,99,99.9,99.99 -p status.interval=10 -p redis.host=172.16.0.4 -p redis.port=16379 -p redis.scanindex=none -p redis.timeout=10000 -p redis.cluster=false -p redis.updatecommand=keylane.hreplace -t
Command line: -db site.ycsb.db.RedisClient -s -threads 256 -P /mnt/dev/YCSB-hreplace-dist/workloads/workloada -target 100000 -p recordcount=100000000 -p operationcount=1000000 -p fieldcount=10 -p fieldlength=128 -p fieldlengthdistribution=constant -p readallfields=true -p writeallfields=true -p insertorder=hashed -p requestdistribution=uniform -p readproportion=1 -p updateproportion=0 -p insertproportion=0 -p scanproportion=0 -p readmodifywriteproportion=0 -p measurementtype=hdrhistogram -p measurement.interval=both -p hdrhistogram.percentiles=50,95,99,99.9,99.99 -p status.interval=10 -p redis.host=172.16.0.4 -p redis.port=16379 -p redis.scanindex=none -p redis.timeout=10000 -p redis.cluster=false -p redis.updatecommand=keylane.hreplace -t
YCSB Client 0.18.0-SNAPSHOT

Loading workload...
Starting test.
SLF4J: Failed to load class "org.slf4j.impl.StaticLoggerBinder".
SLF4J: Defaulting to no-operation (NOP) logger implementation
SLF4J: See http://www.slf4j.org/codes.html#StaticLoggerBinder for further details.
2026-09-13 16:07:15:598 0 sec: 0 operations; est completion in 0 second 
DBWrapper: report latency for each error is false and specific error codes to track for latency are: []
2026-09-13 16:07:25:544 10 sec: 991088 operations; 99108.8 current ops/sec; est completion in 1 second [READ: Count=991145, Max=25407, Min=207, Avg=318.87, 50=296, 90=386, 99=526, 99.9=1829, 99.99=14823] [Intended-READ: Count=991490, Max=74687, Min=220, Avg=486.47, 50=355, 90=448, 99=1235, 99.9=35423, 99.99=60383] 
2026-09-13 16:07:25:654 10 sec: 1000000 operations; 81761.47 current ops/sec; [READ: Count=8855, Max=1155, Min=213, Avg=308, 50=293, 90=381, 99=496, 99.9=563, 99.99=1155] [CLEANUP: Count=256, Max=590, Min=10, Avg=28.11, 50=17, 90=39, 99=392, 99.9=590, 99.99=590] [Intended-READ: Count=8510, Max=1217, Min=230, Avg=366.18, 50=352, 90=441, 99=557, 99.9=635, 99.99=1217] [Intended-CLEANUP: Count=256, Max=591, Min=10, Avg=28.3, 50=17, 90=40, 99=393, 99.9=591, 99.99=591] 
[OVERALL], RunTime(ms), 10109
[OVERALL], Throughput(ops/sec), 98921.75289346128
[TOTAL_GCS_G1_Young_Generation], Count, 20
[TOTAL_GC_TIME_G1_Young_Generation], Time(ms), 35
[TOTAL_GC_TIME_%_G1_Young_Generation], Time(%), 0.3462261351271144
[TOTAL_GCS_G1_Old_Generation], Count, 0
[TOTAL_GC_TIME_G1_Old_Generation], Time(ms), 0
[TOTAL_GC_TIME_%_G1_Old_Generation], Time(%), 0.0
[TOTAL_GCs], Count, 20
[TOTAL_GC_TIME], Time(ms), 35
[TOTAL_GC_TIME_%], Time(%), 0.3462261351271144
[READ], Operations, 1000000
[READ], AverageLatency(us), 318.774214
[READ], MinLatency(us), 207
[READ], MaxLatency(us), 25407
[READ], 50thPercentileLatency(us), 296
[READ], 95thPercentileLatency(us), 425
[READ], 99thPercentileLatency(us), 525
[READ], 99.9PercentileLatency(us), 1826
[READ], 99.99PercentileLatency(us), 14767
[READ], Return=OK, 1000000
[CLEANUP], Operations, 256
[CLEANUP], AverageLatency(us), 28.109375
[CLEANUP], MinLatency(us), 10
[CLEANUP], MaxLatency(us), 590
[CLEANUP], 50thPercentileLatency(us), 17
[CLEANUP], 95thPercentileLatency(us), 60
[CLEANUP], 99thPercentileLatency(us), 392
[CLEANUP], 99.9PercentileLatency(us), 590
[CLEANUP], 99.99PercentileLatency(us), 590
[Intended-READ], Operations, 1000000
[Intended-READ], AverageLatency(us), 485.450727
[Intended-READ], MinLatency(us), 220
[Intended-READ], MaxLatency(us), 74687
[Intended-READ], 50thPercentileLatency(us), 355
[Intended-READ], 95thPercentileLatency(us), 491
[Intended-READ], 99thPercentileLatency(us), 1219
[Intended-READ], 99.9PercentileLatency(us), 35263
[Intended-READ], 99.99PercentileLatency(us), 60383
[Intended-CLEANUP], Operations, 256
[Intended-CLEANUP], AverageLatency(us), 28.3046875
[Intended-CLEANUP], MinLatency(us), 10
[Intended-CLEANUP], MaxLatency(us), 591
[Intended-CLEANUP], 50thPercentileLatency(us), 17
[Intended-CLEANUP], 95thPercentileLatency(us), 60
[Intended-CLEANUP], 99thPercentileLatency(us), 393
[Intended-CLEANUP], 99.9PercentileLatency(us), 591
[Intended-CLEANUP], 99.99PercentileLatency(us), 591
