java -cp /mnt/dev/YCSB-hreplace-dist/redis-binding/conf:/mnt/dev/YCSB-hreplace-dist/conf:/mnt/dev/YCSB-hreplace-dist/lib/htrace-core4-4.1.0-incubating.jar:/mnt/dev/YCSB-hreplace-dist/lib/slf4j-api-1.7.25.jar:/mnt/dev/YCSB-hreplace-dist/lib/jackson-mapper-asl-1.9.4.jar:/mnt/dev/YCSB-hreplace-dist/lib/HdrHistogram-2.1.12.jar:/mnt/dev/YCSB-hreplace-dist/lib/jackson-core-asl-1.9.4.jar:/mnt/dev/YCSB-hreplace-dist/lib/jedis-3.9.0.jar:/mnt/dev/YCSB-hreplace-dist/lib/core-0.18.0-SNAPSHOT.jar:/mnt/dev/YCSB-hreplace-dist/lib/commons-pool2-2.11.1.jar:/mnt/dev/YCSB-hreplace-dist/lib/redis-binding-0.18.0-SNAPSHOT.jar site.ycsb.Client -db site.ycsb.db.RedisClient -s -threads 256 -P /mnt/dev/YCSB-hreplace-dist/workloads/workloada -target 100000 -p recordcount=100000000 -p operationcount=5000000 -p fieldcount=10 -p fieldlength=128 -p fieldlengthdistribution=constant -p readallfields=true -p writeallfields=true -p insertorder=hashed -p requestdistribution=uniform -p readproportion=1 -p updateproportion=0 -p insertproportion=0 -p scanproportion=0 -p readmodifywriteproportion=0 -p measurementtype=hdrhistogram -p measurement.interval=both -p hdrhistogram.percentiles=50,95,99,99.9,99.99 -p status.interval=10 -p redis.host=172.16.0.4 -p redis.port=16379 -p redis.scanindex=none -p redis.timeout=10000 -p redis.cluster=false -p redis.updatecommand=hmset -t
Command line: -db site.ycsb.db.RedisClient -s -threads 256 -P /mnt/dev/YCSB-hreplace-dist/workloads/workloada -target 100000 -p recordcount=100000000 -p operationcount=5000000 -p fieldcount=10 -p fieldlength=128 -p fieldlengthdistribution=constant -p readallfields=true -p writeallfields=true -p insertorder=hashed -p requestdistribution=uniform -p readproportion=1 -p updateproportion=0 -p insertproportion=0 -p scanproportion=0 -p readmodifywriteproportion=0 -p measurementtype=hdrhistogram -p measurement.interval=both -p hdrhistogram.percentiles=50,95,99,99.9,99.99 -p status.interval=10 -p redis.host=172.16.0.4 -p redis.port=16379 -p redis.scanindex=none -p redis.timeout=10000 -p redis.cluster=false -p redis.updatecommand=hmset -t
YCSB Client 0.18.0-SNAPSHOT

Loading workload...
Starting test.
SLF4J: Failed to load class "org.slf4j.impl.StaticLoggerBinder".
SLF4J: Defaulting to no-operation (NOP) logger implementation
SLF4J: See http://www.slf4j.org/codes.html#StaticLoggerBinder for further details.
2026-09-13 14:47:07:623 0 sec: 0 operations; est completion in 0 second 
DBWrapper: report latency for each error is false and specific error codes to track for latency are: []
2026-09-13 14:47:17:553 10 sec: 988820 operations; 98862.23 current ops/sec; est completion in 41 seconds [READ: Count=988891, Max=16703, Min=205, Avg=319.81, 50=300, 90=383, 99=510, 99.9=2053, 99.99=4427] [Intended-READ: Count=989407, Max=88255, Min=228, Avg=451.98, 50=359, 90=443, 99=981, 99.9=27359, 99.99=67903] 
2026-09-13 14:47:27:551 20 sec: 1988645 operations; 100002.5 current ops/sec; est completion in 31 seconds [READ: Count=999801, Max=1479, Min=204, Avg=314.09, 50=302, 90=382, 99=456, 99.9=553, 99.99=1065] [Intended-READ: Count=999385, Max=1593, Min=216, Avg=372.72, 50=361, 90=441, 99=519, 99.9=989, 99.99=1252] 
2026-09-13 14:47:37:551 30 sec: 2988661 operations; 100001.6 current ops/sec; est completion in 21 seconds [READ: Count=999994, Max=1548, Min=202, Avg=314.77, 50=302, 90=383, 99=459, 99.9=555, 99.99=1140] [Intended-READ: Count=999940, Max=1750, Min=232, Avg=373.43, 50=361, 90=443, 99=524, 99.9=998, 99.99=1331] 
2026-09-13 14:47:47:551 40 sec: 3988645 operations; 99998.4 current ops/sec; est completion in 11 seconds [READ: Count=999995, Max=1756, Min=203, Avg=313.2, 50=301, 90=381, 99=456, 99.9=552, 99.99=1149] [Intended-READ: Count=1000128, Max=1816, Min=236, Avg=371.8, 50=360, 90=440, 99=520, 99.9=978, 99.99=1301] 
2026-09-13 14:47:57:551 50 sec: 4988640 operations; 99999.5 current ops/sec; est completion in 1 second [READ: Count=1000001, Max=1494, Min=210, Avg=314.28, 50=302, 90=382, 99=459, 99.9=559, 99.99=1134] [Intended-READ: Count=999885, Max=1557, Min=231, Avg=372.81, 50=361, 90=441, 99=524, 99.9=994, 99.99=1288] 
2026-09-13 14:47:57:683 50 sec: 5000000 operations; 86060.61 current ops/sec; [READ: Count=11318, Max=2313, Min=217, Avg=308, 50=295, 90=370, 99=447, 99.9=1367, 99.99=2233] [CLEANUP: Count=256, Max=594, Min=10, Avg=22.05, 50=16, 90=25, 99=120, 99.9=594, 99.99=594] [Intended-READ: Count=11255, Max=2369, Min=245, Avg=365.89, 50=354, 90=430, 99=503, 99.9=1426, 99.99=2291] [Intended-CLEANUP: Count=256, Max=594, Min=10, Avg=22.24, 50=16, 90=25, 99=120, 99.9=594, 99.99=594] 
[OVERALL], RunTime(ms), 50131
[OVERALL], Throughput(ops/sec), 99738.68464622689
[TOTAL_GCS_G1_Young_Generation], Count, 91
[TOTAL_GC_TIME_G1_Young_Generation], Time(ms), 70
[TOTAL_GC_TIME_%_G1_Young_Generation], Time(%), 0.13963415850471764
[TOTAL_GCS_G1_Old_Generation], Count, 0
[TOTAL_GC_TIME_G1_Old_Generation], Time(ms), 0
[TOTAL_GC_TIME_%_G1_Old_Generation], Time(%), 0.0
[TOTAL_GCs], Count, 91
[TOTAL_GC_TIME], Time(ms), 70
[TOTAL_GC_TIME_%], Time(%), 0.13963415850471764
[READ], Operations, 5000000
[READ], AverageLatency(us), 315.2050796
[READ], MinLatency(us), 202
[READ], MaxLatency(us), 16703
[READ], 50thPercentileLatency(us), 301
[READ], 95thPercentileLatency(us), 405
[READ], 99thPercentileLatency(us), 465
[READ], 99.9PercentileLatency(us), 1006
[READ], 99.99PercentileLatency(us), 2553
[READ], Return=OK, 5000000
[CLEANUP], Operations, 256
[CLEANUP], AverageLatency(us), 22.05078125
[CLEANUP], MinLatency(us), 10
[CLEANUP], MaxLatency(us), 594
[CLEANUP], 50thPercentileLatency(us), 16
[CLEANUP], 95thPercentileLatency(us), 31
[CLEANUP], 99thPercentileLatency(us), 120
[CLEANUP], 99.9PercentileLatency(us), 594
[CLEANUP], 99.99PercentileLatency(us), 594
[Intended-READ], Operations, 5000000
[Intended-READ], AverageLatency(us), 388.3648574
[Intended-READ], MinLatency(us), 216
[Intended-READ], MaxLatency(us), 88255
[Intended-READ], 50thPercentileLatency(us), 360
[Intended-READ], 95thPercentileLatency(us), 466
[Intended-READ], 99thPercentileLatency(us), 534
[Intended-READ], 99.9PercentileLatency(us), 1977
[Intended-READ], 99.99PercentileLatency(us), 41887
[Intended-CLEANUP], Operations, 256
[Intended-CLEANUP], AverageLatency(us), 22.23828125
[Intended-CLEANUP], MinLatency(us), 10
[Intended-CLEANUP], MaxLatency(us), 594
[Intended-CLEANUP], 50thPercentileLatency(us), 16
[Intended-CLEANUP], 95thPercentileLatency(us), 31
[Intended-CLEANUP], 99thPercentileLatency(us), 120
[Intended-CLEANUP], 99.9PercentileLatency(us), 594
[Intended-CLEANUP], 99.99PercentileLatency(us), 594
