java -cp /mnt/dev/YCSB-hreplace-dist/redis-binding/conf:/mnt/dev/YCSB-hreplace-dist/conf:/mnt/dev/YCSB-hreplace-dist/lib/htrace-core4-4.1.0-incubating.jar:/mnt/dev/YCSB-hreplace-dist/lib/slf4j-api-1.7.25.jar:/mnt/dev/YCSB-hreplace-dist/lib/jackson-mapper-asl-1.9.4.jar:/mnt/dev/YCSB-hreplace-dist/lib/HdrHistogram-2.1.12.jar:/mnt/dev/YCSB-hreplace-dist/lib/jackson-core-asl-1.9.4.jar:/mnt/dev/YCSB-hreplace-dist/lib/jedis-3.9.0.jar:/mnt/dev/YCSB-hreplace-dist/lib/core-0.18.0-SNAPSHOT.jar:/mnt/dev/YCSB-hreplace-dist/lib/commons-pool2-2.11.1.jar:/mnt/dev/YCSB-hreplace-dist/lib/redis-binding-0.18.0-SNAPSHOT.jar site.ycsb.Client -db site.ycsb.db.RedisClient -s -threads 256 -P /mnt/dev/YCSB-hreplace-dist/workloads/workloada -p recordcount=100000000 -p operationcount=5000000 -p fieldcount=10 -p fieldlength=128 -p fieldlengthdistribution=constant -p readallfields=true -p writeallfields=true -p insertorder=hashed -p requestdistribution=uniform -p readproportion=1 -p updateproportion=0 -p insertproportion=0 -p scanproportion=0 -p readmodifywriteproportion=0 -p measurementtype=hdrhistogram -p measurement.interval=both -p hdrhistogram.percentiles=50,95,99,99.9,99.99 -p status.interval=10 -p redis.host=172.16.0.4 -p redis.port=16379 -p redis.scanindex=none -p redis.timeout=10000 -p redis.cluster=false -p redis.updatecommand=keylane.hreplace -t
Command line: -db site.ycsb.db.RedisClient -s -threads 256 -P /mnt/dev/YCSB-hreplace-dist/workloads/workloada -p recordcount=100000000 -p operationcount=5000000 -p fieldcount=10 -p fieldlength=128 -p fieldlengthdistribution=constant -p readallfields=true -p writeallfields=true -p insertorder=hashed -p requestdistribution=uniform -p readproportion=1 -p updateproportion=0 -p insertproportion=0 -p scanproportion=0 -p readmodifywriteproportion=0 -p measurementtype=hdrhistogram -p measurement.interval=both -p hdrhistogram.percentiles=50,95,99,99.9,99.99 -p status.interval=10 -p redis.host=172.16.0.4 -p redis.port=16379 -p redis.scanindex=none -p redis.timeout=10000 -p redis.cluster=false -p redis.updatecommand=keylane.hreplace -t
YCSB Client 0.18.0-SNAPSHOT

Loading workload...
Starting test.
SLF4J: Failed to load class "org.slf4j.impl.StaticLoggerBinder".
SLF4J: Defaulting to no-operation (NOP) logger implementation
SLF4J: See http://www.slf4j.org/codes.html#StaticLoggerBinder for further details.
2026-09-13 16:08:19:442 0 sec: 0 operations; est completion in 0 second 
DBWrapper: report latency for each error is false and specific error codes to track for latency are: []
2026-09-13 16:08:29:425 10 sec: 4998385 operations; 499838.5 current ops/sec; est completion in 1 second [READ: Count=4998394, Max=44479, Min=222, Avg=473.01, 50=448, 90=577, 99=988, 99.9=3199, 99.99=8175] [CLEANUP: Count=250, Max=859, Min=14, Avg=44.13, 50=29, 90=83, 99=133, 99.9=859, 99.99=859] [Intended-READ: Count=4998471, Max=44479, Min=222, Avg=473.04, 50=448, 90=577, 99=988, 99.9=3199, 99.99=8187] [Intended-CLEANUP: Count=250, Max=861, Min=14, Avg=44.57, 50=29, 90=84, 99=133, 99.9=861, 99.99=861] 
2026-09-13 16:08:29:581 10 sec: 5000000 operations; 10352.56 current ops/sec; [READ: Count=1606, Max=433, Min=269, Avg=325.29, 50=324, 90=359, 99=393, 99.9=433, 99.99=433] [CLEANUP: Count=6, Max=63, Min=16, Avg=28.17, 50=22, 90=63, 99=63, 99.9=63, 99.99=63] [Intended-READ: Count=1529, Max=433, Min=269, Avg=325.13, 50=324, 90=359, 99=394, 99.9=433, 99.99=433] [Intended-CLEANUP: Count=6, Max=64, Min=17, Avg=28.67, 50=22, 90=64, 99=64, 99.9=64, 99.99=64] 
[OVERALL], RunTime(ms), 10155
[OVERALL], Throughput(ops/sec), 492368.29148202855
[TOTAL_GCS_G1_Young_Generation], Count, 75
[TOTAL_GC_TIME_G1_Young_Generation], Time(ms), 71
[TOTAL_GC_TIME_%_G1_Young_Generation], Time(%), 0.6991629739044806
[TOTAL_GCS_G1_Old_Generation], Count, 0
[TOTAL_GC_TIME_G1_Old_Generation], Time(ms), 0
[TOTAL_GC_TIME_%_G1_Old_Generation], Time(%), 0.0
[TOTAL_GCs], Count, 75
[TOTAL_GC_TIME], Time(ms), 71
[TOTAL_GC_TIME_%], Time(%), 0.6991629739044806
[READ], Operations, 5000000
[READ], AverageLatency(us), 472.9605166
[READ], MinLatency(us), 222
[READ], MaxLatency(us), 44479
[READ], 50thPercentileLatency(us), 448
[READ], 95thPercentileLatency(us), 632
[READ], 99thPercentileLatency(us), 988
[READ], 99.9PercentileLatency(us), 3199
[READ], 99.99PercentileLatency(us), 8175
[READ], Return=OK, 5000000
[CLEANUP], Operations, 256
[CLEANUP], AverageLatency(us), 43.75390625
[CLEANUP], MinLatency(us), 14
[CLEANUP], MaxLatency(us), 859
[CLEANUP], 50thPercentileLatency(us), 28
[CLEANUP], 95thPercentileLatency(us), 103
[CLEANUP], 99thPercentileLatency(us), 133
[CLEANUP], 99.9PercentileLatency(us), 859
[CLEANUP], 99.99PercentileLatency(us), 859
[Intended-READ], Operations, 5000000
[Intended-READ], AverageLatency(us), 472.9973042
[Intended-READ], MinLatency(us), 222
[Intended-READ], MaxLatency(us), 44479
[Intended-READ], 50thPercentileLatency(us), 448
[Intended-READ], 95thPercentileLatency(us), 632
[Intended-READ], 99thPercentileLatency(us), 988
[Intended-READ], 99.9PercentileLatency(us), 3199
[Intended-READ], 99.99PercentileLatency(us), 8175
[Intended-CLEANUP], Operations, 256
[Intended-CLEANUP], AverageLatency(us), 44.19921875
[Intended-CLEANUP], MinLatency(us), 14
[Intended-CLEANUP], MaxLatency(us), 861
[Intended-CLEANUP], 50thPercentileLatency(us), 29
[Intended-CLEANUP], 95thPercentileLatency(us), 104
[Intended-CLEANUP], 99thPercentileLatency(us), 133
[Intended-CLEANUP], 99.9PercentileLatency(us), 861
[Intended-CLEANUP], 99.99PercentileLatency(us), 861
