java -cp /mnt/dev/YCSB-hreplace-dist/redis-binding/conf:/mnt/dev/YCSB-hreplace-dist/conf:/mnt/dev/YCSB-hreplace-dist/lib/htrace-core4-4.1.0-incubating.jar:/mnt/dev/YCSB-hreplace-dist/lib/slf4j-api-1.7.25.jar:/mnt/dev/YCSB-hreplace-dist/lib/jackson-mapper-asl-1.9.4.jar:/mnt/dev/YCSB-hreplace-dist/lib/HdrHistogram-2.1.12.jar:/mnt/dev/YCSB-hreplace-dist/lib/jackson-core-asl-1.9.4.jar:/mnt/dev/YCSB-hreplace-dist/lib/jedis-3.9.0.jar:/mnt/dev/YCSB-hreplace-dist/lib/core-0.18.0-SNAPSHOT.jar:/mnt/dev/YCSB-hreplace-dist/lib/commons-pool2-2.11.1.jar:/mnt/dev/YCSB-hreplace-dist/lib/redis-binding-0.18.0-SNAPSHOT.jar site.ycsb.Client -db site.ycsb.db.RedisClient -s -threads 256 -P /mnt/dev/YCSB-hreplace-dist/workloads/workloada -p recordcount=100000000 -p operationcount=20000000 -p fieldcount=10 -p fieldlength=128 -p fieldlengthdistribution=constant -p readallfields=true -p writeallfields=true -p insertorder=hashed -p requestdistribution=uniform -p readproportion=0.5 -p updateproportion=0.5 -p insertproportion=0 -p scanproportion=0 -p readmodifywriteproportion=0 -p measurementtype=hdrhistogram -p measurement.interval=op -p hdrhistogram.percentiles=50,95,99,99.9,99.99 -p status.interval=10 -p redis.host=172.16.0.4 -p redis.port=16379 -p redis.scanindex=none -p redis.timeout=10000 -p redis.cluster=false -p redis.updatecommand=keylane.hreplace -t
Command line: -db site.ycsb.db.RedisClient -s -threads 256 -P /mnt/dev/YCSB-hreplace-dist/workloads/workloada -p recordcount=100000000 -p operationcount=20000000 -p fieldcount=10 -p fieldlength=128 -p fieldlengthdistribution=constant -p readallfields=true -p writeallfields=true -p insertorder=hashed -p requestdistribution=uniform -p readproportion=0.5 -p updateproportion=0.5 -p insertproportion=0 -p scanproportion=0 -p readmodifywriteproportion=0 -p measurementtype=hdrhistogram -p measurement.interval=op -p hdrhistogram.percentiles=50,95,99,99.9,99.99 -p status.interval=10 -p redis.host=172.16.0.4 -p redis.port=16379 -p redis.scanindex=none -p redis.timeout=10000 -p redis.cluster=false -p redis.updatecommand=keylane.hreplace -t
YCSB Client 0.18.0-SNAPSHOT

Loading workload...
Starting test.
SLF4J: Failed to load class "org.slf4j.impl.StaticLoggerBinder".
SLF4J: Defaulting to no-operation (NOP) logger implementation
SLF4J: See http://www.slf4j.org/codes.html#StaticLoggerBinder for further details.
2026-09-13 16:35:24:589 0 sec: 0 operations; est completion in 0 second 
DBWrapper: report latency for each error is false and specific error codes to track for latency are: []
2026-09-13 16:35:34:510 10 sec: 4606292 operations; 460629.2 current ops/sec; est completion in 34 seconds [READ: Count=2302665, Max=82559, Min=184, Avg=626.47, 50=517, 90=749, 99=3451, 99.9=6155, 99.99=9895] [UPDATE: Count=2308244, Max=80959, Min=157, Avg=463.52, 50=384, 90=566, 99=2579, 99.9=5103, 99.99=16591] 
2026-09-13 16:35:44:511 20 sec: 9434217 operations; 482792.5 current ops/sec; est completion in 23 seconds [READ: Count=2415100, Max=11519, Min=191, Avg=614.63, 50=516, 90=731, 99=3411, 99.9=5915, 99.99=7251] [UPDATE: Count=2410511, Max=10463, Min=159, Avg=442.5, 50=382, 90=545, 99=2281, 99.9=4875, 99.99=6023] 
2026-09-13 16:35:54:510 30 sec: 14249908 operations; 481569.1 current ops/sec; est completion in 13 seconds [READ: Count=2405466, Max=12007, Min=180, Avg=617.17, 50=517, 90=735, 99=3407, 99.9=5935, 99.99=7431] [UPDATE: Count=2409232, Max=9759, Min=158, Avg=443.15, 50=382, 90=546, 99=2283, 99.9=4851, 99.99=6111] 
2026-09-13 16:36:04:510 40 sec: 19051295 operations; 480138.7 current ops/sec; est completion in 2 second [READ: Count=2400590, Max=10783, Min=189, Avg=612.85, 50=514, 90=731, 99=3375, 99.9=5911, 99.99=7443] [CLEANUP: Count=42, Max=762, Min=54, Avg=118.05, 50=103, 90=135, 99=762, 99.9=762, 99.99=762] [UPDATE: Count=2400434, Max=9943, Min=157, Avg=440.12, 50=380, 90=543, 99=2247, 99.9=4803, 99.99=6139] 
2026-09-13 16:36:08:802 44 sec: 20000000 operations; 221040.31 current ops/sec; [READ: Count=474197, Max=9679, Min=178, Avg=436.18, 50=379, 90=537, 99=1882, 99.9=4899, 99.99=6319] [CLEANUP: Count=214, Max=376, Min=19, Avg=65.96, 50=61, 90=109, 99=196, 99.9=376, 99.99=376] [UPDATE: Count=473561, Max=7591, Min=157, Avg=330.21, 50=289, 90=420, 99=1171, 99.9=4087, 99.99=5335] 
[OVERALL], RunTime(ms), 44292
[OVERALL], Throughput(ops/sec), 451548.8124266233
[TOTAL_GCS_G1_Young_Generation], Count, 359
[TOTAL_GC_TIME_G1_Young_Generation], Time(ms), 303
[TOTAL_GC_TIME_%_G1_Young_Generation], Time(%), 0.6840964508263343
[TOTAL_GCS_G1_Old_Generation], Count, 0
[TOTAL_GC_TIME_G1_Old_Generation], Time(ms), 0
[TOTAL_GC_TIME_%_G1_Old_Generation], Time(%), 0.0
[TOTAL_GCs], Count, 359
[TOTAL_GC_TIME], Time(ms), 303
[TOTAL_GC_TIME_%], Time(%), 0.6840964508263343
[READ], Operations, 9998018
[READ], AverageLatency(us), 609.0753252294605
[READ], MinLatency(us), 178
[READ], MaxLatency(us), 82559
[READ], 50thPercentileLatency(us), 510
[READ], 95thPercentileLatency(us), 1000
[READ], 99thPercentileLatency(us), 3375
[READ], 99.9PercentileLatency(us), 5947
[READ], 99.99PercentileLatency(us), 7703
[READ], Return=OK, 9998018
[CLEANUP], Operations, 256
[CLEANUP], AverageLatency(us), 74.5078125
[CLEANUP], MinLatency(us), 19
[CLEANUP], MaxLatency(us), 762
[CLEANUP], 50thPercentileLatency(us), 67
[CLEANUP], 95thPercentileLatency(us), 135
[CLEANUP], 99thPercentileLatency(us), 231
[CLEANUP], 99.9PercentileLatency(us), 762
[CLEANUP], 99.99PercentileLatency(us), 762
[UPDATE], Operations, 10001982
[UPDATE], AverageLatency(us), 441.61921217214746
[UPDATE], MinLatency(us), 157
[UPDATE], MaxLatency(us), 80959
[UPDATE], 50thPercentileLatency(us), 378
[UPDATE], 95thPercentileLatency(us), 679
[UPDATE], 99thPercentileLatency(us), 2325
[UPDATE], 99.9PercentileLatency(us), 4883
[UPDATE], 99.99PercentileLatency(us), 6479
[UPDATE], Return=OK, 10001982
