java -cp /mnt/dev/YCSB-aerospike-dist/aerospike-binding/conf:/mnt/dev/YCSB-aerospike-dist/conf:/mnt/dev/YCSB-aerospike-dist/lib/aerospike-client-3.1.2.jar:/mnt/dev/YCSB-aerospike-dist/lib/htrace-core4-4.1.0-incubating.jar:/mnt/dev/YCSB-aerospike-dist/lib/jbcrypt-0.3m.jar:/mnt/dev/YCSB-aerospike-dist/lib/jackson-mapper-asl-1.9.4.jar:/mnt/dev/YCSB-aerospike-dist/lib/aerospike-binding-0.18.0-SNAPSHOT.jar:/mnt/dev/YCSB-aerospike-dist/lib/HdrHistogram-2.1.12.jar:/mnt/dev/YCSB-aerospike-dist/lib/jackson-core-asl-1.9.4.jar:/mnt/dev/YCSB-aerospike-dist/lib/core-0.18.0-SNAPSHOT.jar:/mnt/dev/YCSB-aerospike-dist/lib/luaj-jse-3.0.jar:/mnt/dev/YCSB-aerospike-dist/lib/gnu-crypto-2.0.1.jar site.ycsb.Client -db site.ycsb.db.AerospikeClient -s -threads 256 -P /mnt/dev/YCSB-aerospike-dist/workloads/workloada -target 100000 -p recordcount=100000000 -p operationcount=5000000 -p fieldcount=10 -p fieldlength=128 -p fieldlengthdistribution=constant -p readallfields=true -p writeallfields=true -p insertorder=hashed -p requestdistribution=uniform -p readproportion=1 -p updateproportion=0 -p insertproportion=0 -p scanproportion=0 -p readmodifywriteproportion=0 -p measurementtype=hdrhistogram -p measurement.interval=both -p hdrhistogram.percentiles=50,95,99,99.9,99.99 -p status.interval=10 -p as.host=172.16.0.4 -p as.port=3000 -p as.namespace=ycsb -p as.timeout=10000 -t
Command line: -db site.ycsb.db.AerospikeClient -s -threads 256 -P /mnt/dev/YCSB-aerospike-dist/workloads/workloada -target 100000 -p recordcount=100000000 -p operationcount=5000000 -p fieldcount=10 -p fieldlength=128 -p fieldlengthdistribution=constant -p readallfields=true -p writeallfields=true -p insertorder=hashed -p requestdistribution=uniform -p readproportion=1 -p updateproportion=0 -p insertproportion=0 -p scanproportion=0 -p readmodifywriteproportion=0 -p measurementtype=hdrhistogram -p measurement.interval=both -p hdrhistogram.percentiles=50,95,99,99.9,99.99 -p status.interval=10 -p as.host=172.16.0.4 -p as.port=3000 -p as.namespace=ycsb -p as.timeout=10000 -t
YCSB Client 0.18.0-SNAPSHOT

Loading workload...
Starting test.
2026-09-13 16:41:37:597 0 sec: 0 operations; est completion in 0 second 
DBWrapper: report latency for each error is false and specific error codes to track for latency are: []
2026-09-13 16:41:47:525 10 sec: 975389 operations; 97529.15 current ops/sec; est completion in 42 seconds [READ: Count=975451, Max=51551, Min=158, Avg=300.8, 50=283, 90=363, 99=478, 99.9=959, 99.99=17695] [Intended-READ: Count=975940, Max=115199, Min=179, Avg=446.39, 50=342, 90=425, 99=651, 99.9=29663, 99.99=78847] 
2026-09-13 16:41:57:525 20 sec: 1975381 operations; 99999.2 current ops/sec; est completion in 31 seconds [READ: Count=999972, Max=2971, Min=158, Avg=296.86, 50=284, 90=362, 99=471, 99.9=603, 99.99=1419] [Intended-READ: Count=999625, Max=3031, Min=176, Avg=355.53, 50=343, 90=421, 99=535, 99.9=1253, 99.99=1952] 
2026-09-13 16:42:07:525 30 sec: 2975375 operations; 99999.4 current ops/sec; est completion in 21 seconds [READ: Count=999988, Max=1827, Min=156, Avg=296.91, 50=284, 90=363, 99=471, 99.9=612, 99.99=1247] [Intended-READ: Count=999930, Max=1981, Min=176, Avg=355.35, 50=343, 90=422, 99=536, 99.9=1116, 99.99=1497] 
2026-09-13 16:42:17:525 40 sec: 3975372 operations; 100009.7 current ops/sec; est completion in 11 seconds [READ: Count=1000020, Max=1813, Min=159, Avg=297.48, 50=284, 90=365, 99=476, 99.9=612, 99.99=1284] [Intended-READ: Count=999980, Max=2223, Min=188, Avg=355.96, 50=343, 90=424, 99=540, 99.9=1131, 99.99=1516] 
2026-09-13 16:42:27:525 50 sec: 4975381 operations; 100000.9 current ops/sec; est completion in 1 second [READ: Count=999981, Max=1865, Min=160, Avg=297.27, 50=284, 90=363, 99=474, 99.9=613, 99.99=1233] [Intended-READ: Count=999993, Max=3027, Min=176, Avg=355.65, 50=343, 90=422, 99=537, 99.9=1076, 99.99=1507] 
2026-09-13 16:42:27:800 50 sec: 5000000 operations; 89199.28 current ops/sec; [READ: Count=24588, Max=1369, Min=158, Avg=298.25, 50=285, 90=365, 99=466, 99.9=812, 99.99=1311] [CLEANUP: Count=256, Max=318, Min=25, Avg=40.69, 50=34, 90=54, 99=135, 99.9=318, 99.99=318] [Intended-READ: Count=24532, Max=1615, Min=216, Avg=357.46, 50=344, 90=423, 99=537, 99.9=1171, 99.99=1472] [Intended-CLEANUP: Count=256, Max=321, Min=25, Avg=41.04, 50=35, 90=54, 99=136, 99.9=321, 99.99=321] 
[OVERALL], RunTime(ms), 50275
[OVERALL], Throughput(ops/sec), 99453.00845350572
[TOTAL_GCS_G1_Young_Generation], Count, 72
[TOTAL_GC_TIME_G1_Young_Generation], Time(ms), 86
[TOTAL_GC_TIME_%_G1_Young_Generation], Time(%), 0.17105917454002983
[TOTAL_GCS_G1_Old_Generation], Count, 0
[TOTAL_GC_TIME_G1_Old_Generation], Time(ms), 0
[TOTAL_GC_TIME_%_G1_Old_Generation], Time(%), 0.0
[TOTAL_GCs], Count, 72
[TOTAL_GC_TIME], Time(ms), 86
[TOTAL_GC_TIME_%], Time(%), 0.17105917454002983
[READ], Operations, 5000000
[READ], AverageLatency(us), 297.8500738
[READ], MinLatency(us), 156
[READ], MaxLatency(us), 51551
[READ], 50thPercentileLatency(us), 284
[READ], 95thPercentileLatency(us), 396
[READ], 99thPercentileLatency(us), 474
[READ], 99.9PercentileLatency(us), 635
[READ], 99.99PercentileLatency(us), 2335
[READ], Return=OK, 5000000
[CLEANUP], Operations, 256
[CLEANUP], AverageLatency(us), 40.6875
[CLEANUP], MinLatency(us), 25
[CLEANUP], MaxLatency(us), 318
[CLEANUP], 50thPercentileLatency(us), 34
[CLEANUP], 95thPercentileLatency(us), 70
[CLEANUP], 99thPercentileLatency(us), 135
[CLEANUP], 99.9PercentileLatency(us), 318
[CLEANUP], 99.99PercentileLatency(us), 318
[Intended-READ], Operations, 5000000
[Intended-READ], AverageLatency(us), 373.348638
[Intended-READ], MinLatency(us), 176
[Intended-READ], MaxLatency(us), 115199
[Intended-READ], 50thPercentileLatency(us), 343
[Intended-READ], 95thPercentileLatency(us), 456
[Intended-READ], 99thPercentileLatency(us), 546
[Intended-READ], 99.9PercentileLatency(us), 2609
[Intended-READ], 99.99PercentileLatency(us), 49023
[Intended-CLEANUP], Operations, 256
[Intended-CLEANUP], AverageLatency(us), 41.0390625
[Intended-CLEANUP], MinLatency(us), 25
[Intended-CLEANUP], MaxLatency(us), 321
[Intended-CLEANUP], 50thPercentileLatency(us), 35
[Intended-CLEANUP], 95thPercentileLatency(us), 70
[Intended-CLEANUP], 99thPercentileLatency(us), 136
[Intended-CLEANUP], 99.9PercentileLatency(us), 321
[Intended-CLEANUP], 99.99PercentileLatency(us), 321
