java -cp /mnt/dev/YCSB-hreplace-dist/redis-binding/conf:/mnt/dev/YCSB-hreplace-dist/conf:/mnt/dev/YCSB-hreplace-dist/lib/htrace-core4-4.1.0-incubating.jar:/mnt/dev/YCSB-hreplace-dist/lib/slf4j-api-1.7.25.jar:/mnt/dev/YCSB-hreplace-dist/lib/jackson-mapper-asl-1.9.4.jar:/mnt/dev/YCSB-hreplace-dist/lib/HdrHistogram-2.1.12.jar:/mnt/dev/YCSB-hreplace-dist/lib/jackson-core-asl-1.9.4.jar:/mnt/dev/YCSB-hreplace-dist/lib/jedis-3.9.0.jar:/mnt/dev/YCSB-hreplace-dist/lib/core-0.18.0-SNAPSHOT.jar:/mnt/dev/YCSB-hreplace-dist/lib/commons-pool2-2.11.1.jar:/mnt/dev/YCSB-hreplace-dist/lib/redis-binding-0.18.0-SNAPSHOT.jar site.ycsb.Client -db site.ycsb.db.RedisClient -s -threads 256 -P /mnt/dev/YCSB-hreplace-dist/workloads/workloada -target 100000 -p recordcount=100000000 -p operationcount=1000000 -p fieldcount=10 -p fieldlength=128 -p fieldlengthdistribution=constant -p readallfields=true -p writeallfields=true -p insertorder=hashed -p requestdistribution=uniform -p readproportion=1 -p updateproportion=0 -p insertproportion=0 -p scanproportion=0 -p readmodifywriteproportion=0 -p measurementtype=hdrhistogram -p measurement.interval=both -p hdrhistogram.percentiles=50,95,99,99.9,99.99 -p status.interval=10 -p redis.host=172.16.0.4 -p redis.port=16379 -p redis.scanindex=none -p redis.timeout=10000 -p redis.cluster=false -p redis.updatecommand=hmset -t
Command line: -db site.ycsb.db.RedisClient -s -threads 256 -P /mnt/dev/YCSB-hreplace-dist/workloads/workloada -target 100000 -p recordcount=100000000 -p operationcount=1000000 -p fieldcount=10 -p fieldlength=128 -p fieldlengthdistribution=constant -p readallfields=true -p writeallfields=true -p insertorder=hashed -p requestdistribution=uniform -p readproportion=1 -p updateproportion=0 -p insertproportion=0 -p scanproportion=0 -p readmodifywriteproportion=0 -p measurementtype=hdrhistogram -p measurement.interval=both -p hdrhistogram.percentiles=50,95,99,99.9,99.99 -p status.interval=10 -p redis.host=172.16.0.4 -p redis.port=16379 -p redis.scanindex=none -p redis.timeout=10000 -p redis.cluster=false -p redis.updatecommand=hmset -t
YCSB Client 0.18.0-SNAPSHOT

Loading workload...
Starting test.
SLF4J: Failed to load class "org.slf4j.impl.StaticLoggerBinder".
SLF4J: Defaulting to no-operation (NOP) logger implementation
SLF4J: See http://www.slf4j.org/codes.html#StaticLoggerBinder for further details.
2026-09-13 14:46:57:104 0 sec: 0 operations; est completion in 0 second 
DBWrapper: report latency for each error is false and specific error codes to track for latency are: []
2026-09-13 14:47:07:049 10 sec: 990774 operations; 99077.4 current ops/sec; est completion in 1 second [READ: Count=990831, Max=32927, Min=210, Avg=311.53, 50=296, 90=372, 99=484, 99.9=1137, 99.99=7079] [Intended-READ: Count=991183, Max=74111, Min=225, Avg=465.4, 50=356, 90=434, 99=630, 99.9=32959, 99.99=52031] 
2026-09-13 14:47:07:163 10 sec: 1000000 operations; 80929.82 current ops/sec; [READ: Count=9169, Max=1457, Min=219, Avg=308.13, 50=296, 90=372, 99=477, 99.9=568, 99.99=1457] [CLEANUP: Count=256, Max=780, Min=10, Avg=32.05, 50=16, 90=27, 99=590, 99.9=780, 99.99=780] [Intended-READ: Count=8817, Max=1520, Min=234, Avg=366.28, 50=355, 90=431, 99=538, 99.9=690, 99.99=1520] [Intended-CLEANUP: Count=256, Max=781, Min=10, Avg=32.3, 50=16, 90=27, 99=592, 99.9=781, 99.99=781] 
[OVERALL], RunTime(ms), 10114
[OVERALL], Throughput(ops/sec), 98872.84951552303
[TOTAL_GCS_G1_Young_Generation], Count, 20
[TOTAL_GC_TIME_G1_Young_Generation], Time(ms), 27
[TOTAL_GC_TIME_%_G1_Young_Generation], Time(%), 0.2669566936919122
[TOTAL_GCS_G1_Old_Generation], Count, 0
[TOTAL_GC_TIME_G1_Old_Generation], Time(ms), 0
[TOTAL_GC_TIME_%_G1_Old_Generation], Time(%), 0.0
[TOTAL_GCs], Count, 20
[TOTAL_GC_TIME], Time(ms), 27
[TOTAL_GC_TIME_%], Time(%), 0.2669566936919122
[READ], Operations, 1000000
[READ], AverageLatency(us), 311.497977
[READ], MinLatency(us), 210
[READ], MaxLatency(us), 32927
[READ], 50thPercentileLatency(us), 296
[READ], 95thPercentileLatency(us), 405
[READ], 99thPercentileLatency(us), 484
[READ], 99.9PercentileLatency(us), 1123
[READ], 99.99PercentileLatency(us), 6991
[READ], Return=OK, 1000000
[CLEANUP], Operations, 256
[CLEANUP], AverageLatency(us), 32.05078125
[CLEANUP], MinLatency(us), 10
[CLEANUP], MaxLatency(us), 780
[CLEANUP], 50thPercentileLatency(us), 16
[CLEANUP], 95thPercentileLatency(us), 45
[CLEANUP], 99thPercentileLatency(us), 590
[CLEANUP], 99.9PercentileLatency(us), 780
[CLEANUP], 99.99PercentileLatency(us), 780
[Intended-READ], Operations, 1000000
[Intended-READ], AverageLatency(us), 464.529729
[Intended-READ], MinLatency(us), 225
[Intended-READ], MaxLatency(us), 74111
[Intended-READ], 50thPercentileLatency(us), 356
[Intended-READ], 95thPercentileLatency(us), 471
[Intended-READ], 99thPercentileLatency(us), 626
[Intended-READ], 99.9PercentileLatency(us), 32863
[Intended-READ], 99.99PercentileLatency(us), 52031
[Intended-CLEANUP], Operations, 256
[Intended-CLEANUP], AverageLatency(us), 32.30078125
[Intended-CLEANUP], MinLatency(us), 10
[Intended-CLEANUP], MaxLatency(us), 781
[Intended-CLEANUP], 50thPercentileLatency(us), 16
[Intended-CLEANUP], 95thPercentileLatency(us), 45
[Intended-CLEANUP], 99thPercentileLatency(us), 592
[Intended-CLEANUP], 99.9PercentileLatency(us), 781
[Intended-CLEANUP], 99.99PercentileLatency(us), 781
