java -cp /mnt/dev/YCSB-hreplace-dist/redis-binding/conf:/mnt/dev/YCSB-hreplace-dist/conf:/mnt/dev/YCSB-hreplace-dist/lib/htrace-core4-4.1.0-incubating.jar:/mnt/dev/YCSB-hreplace-dist/lib/slf4j-api-1.7.25.jar:/mnt/dev/YCSB-hreplace-dist/lib/jackson-mapper-asl-1.9.4.jar:/mnt/dev/YCSB-hreplace-dist/lib/HdrHistogram-2.1.12.jar:/mnt/dev/YCSB-hreplace-dist/lib/jackson-core-asl-1.9.4.jar:/mnt/dev/YCSB-hreplace-dist/lib/jedis-3.9.0.jar:/mnt/dev/YCSB-hreplace-dist/lib/core-0.18.0-SNAPSHOT.jar:/mnt/dev/YCSB-hreplace-dist/lib/commons-pool2-2.11.1.jar:/mnt/dev/YCSB-hreplace-dist/lib/redis-binding-0.18.0-SNAPSHOT.jar site.ycsb.Client -db site.ycsb.db.RedisClient -s -threads 256 -P /mnt/dev/YCSB-hreplace-dist/workloads/workloada -p recordcount=100000000 -p operationcount=5000000 -p fieldcount=10 -p fieldlength=128 -p fieldlengthdistribution=constant -p readallfields=true -p writeallfields=true -p insertorder=hashed -p requestdistribution=uniform -p readproportion=1 -p updateproportion=0 -p insertproportion=0 -p scanproportion=0 -p readmodifywriteproportion=0 -p measurementtype=hdrhistogram -p measurement.interval=both -p hdrhistogram.percentiles=50,95,99,99.9,99.99 -p status.interval=10 -p redis.host=172.16.0.4 -p redis.port=16379 -p redis.scanindex=none -p redis.timeout=10000 -p redis.cluster=false -p redis.updatecommand=hmset -t
Command line: -db site.ycsb.db.RedisClient -s -threads 256 -P /mnt/dev/YCSB-hreplace-dist/workloads/workloada -p recordcount=100000000 -p operationcount=5000000 -p fieldcount=10 -p fieldlength=128 -p fieldlengthdistribution=constant -p readallfields=true -p writeallfields=true -p insertorder=hashed -p requestdistribution=uniform -p readproportion=1 -p updateproportion=0 -p insertproportion=0 -p scanproportion=0 -p readmodifywriteproportion=0 -p measurementtype=hdrhistogram -p measurement.interval=both -p hdrhistogram.percentiles=50,95,99,99.9,99.99 -p status.interval=10 -p redis.host=172.16.0.4 -p redis.port=16379 -p redis.scanindex=none -p redis.timeout=10000 -p redis.cluster=false -p redis.updatecommand=hmset -t
YCSB Client 0.18.0-SNAPSHOT

Loading workload...
Starting test.
SLF4J: Failed to load class "org.slf4j.impl.StaticLoggerBinder".
SLF4J: Defaulting to no-operation (NOP) logger implementation
SLF4J: See http://www.slf4j.org/codes.html#StaticLoggerBinder for further details.
2026-09-13 15:26:08:160 0 sec: 0 operations; est completion in 0 second 
DBWrapper: report latency for each error is false and specific error codes to track for latency are: []
2026-09-13 15:26:18:117 10 sec: 4989163 operations; 498866.41 current ops/sec; est completion in 1 second [READ: Count=4989220, Max=106367, Min=221, Avg=476.55, 50=448, 90=577, 99=1108, 99.9=3421, 99.99=11063] [CLEANUP: Count=230, Max=902, Min=13, Avg=47.84, 50=32, 90=83, 99=123, 99.9=902, 99.99=902] [Intended-READ: Count=4989718, Max=106367, Min=221, Avg=476.57, 50=448, 90=577, 99=1108, 99.9=3421, 99.99=11063] [Intended-CLEANUP: Count=231, Max=904, Min=13, Avg=48.21, 50=32, 90=85, 99=124, 99.9=904, 99.99=904] 
2026-09-13 15:26:18:564 10 sec: 5000000 operations; 24243.85 current ops/sec; [READ: Count=10780, Max=587, Min=244, Avg=354.22, 50=349, 90=419, 99=477, 99.9=556, 99.99=586] [CLEANUP: Count=26, Max=64, Min=13, Avg=20.88, 50=20, 90=23, 99=64, 99.9=64, 99.99=64] [Intended-READ: Count=10282, Max=587, Min=244, Avg=355.41, 50=351, 90=420, 99=478, 99.9=556, 99.99=586] [Intended-CLEANUP: Count=25, Max=64, Min=13, Avg=21.36, 50=21, 90=23, 99=64, 99.9=64, 99.99=64] 
[OVERALL], RunTime(ms), 10448
[OVERALL], Throughput(ops/sec), 478560.4900459418
[TOTAL_GCS_G1_Young_Generation], Count, 72
[TOTAL_GC_TIME_G1_Young_Generation], Time(ms), 73
[TOTAL_GC_TIME_%_G1_Young_Generation], Time(%), 0.6986983154670751
[TOTAL_GCS_G1_Old_Generation], Count, 0
[TOTAL_GC_TIME_G1_Old_Generation], Time(ms), 0
[TOTAL_GC_TIME_%_G1_Old_Generation], Time(%), 0.0
[TOTAL_GCs], Count, 72
[TOTAL_GC_TIME], Time(ms), 73
[TOTAL_GC_TIME_%], Time(%), 0.6986983154670751
[READ], Operations, 5000000
[READ], AverageLatency(us), 476.2850354
[READ], MinLatency(us), 221
[READ], MaxLatency(us), 106367
[READ], 50thPercentileLatency(us), 447
[READ], 95thPercentileLatency(us), 635
[READ], 99thPercentileLatency(us), 1106
[READ], 99.9PercentileLatency(us), 3419
[READ], 99.99PercentileLatency(us), 11055
[READ], Return=OK, 5000000
[CLEANUP], Operations, 256
[CLEANUP], AverageLatency(us), 45.10546875
[CLEANUP], MinLatency(us), 13
[CLEANUP], MaxLatency(us), 902
[CLEANUP], 50thPercentileLatency(us), 31
[CLEANUP], 95thPercentileLatency(us), 101
[CLEANUP], 99thPercentileLatency(us), 123
[CLEANUP], 99.9PercentileLatency(us), 902
[CLEANUP], 99.99PercentileLatency(us), 902
[Intended-READ], Operations, 5000000
[Intended-READ], AverageLatency(us), 476.321954
[Intended-READ], MinLatency(us), 221
[Intended-READ], MaxLatency(us), 106367
[Intended-READ], 50thPercentileLatency(us), 447
[Intended-READ], 95thPercentileLatency(us), 635
[Intended-READ], 99thPercentileLatency(us), 1106
[Intended-READ], 99.9PercentileLatency(us), 3419
[Intended-READ], 99.99PercentileLatency(us), 11055
[Intended-CLEANUP], Operations, 256
[Intended-CLEANUP], AverageLatency(us), 45.58984375
[Intended-CLEANUP], MinLatency(us), 13
[Intended-CLEANUP], MaxLatency(us), 904
[Intended-CLEANUP], 50thPercentileLatency(us), 31
[Intended-CLEANUP], 95thPercentileLatency(us), 103
[Intended-CLEANUP], 99thPercentileLatency(us), 124
[Intended-CLEANUP], 99.9PercentileLatency(us), 904
[Intended-CLEANUP], 99.99PercentileLatency(us), 904
