java -cp /mnt/dev/YCSB-aerospike-dist/aerospike-binding/conf:/mnt/dev/YCSB-aerospike-dist/conf:/mnt/dev/YCSB-aerospike-dist/lib/aerospike-client-3.1.2.jar:/mnt/dev/YCSB-aerospike-dist/lib/htrace-core4-4.1.0-incubating.jar:/mnt/dev/YCSB-aerospike-dist/lib/jbcrypt-0.3m.jar:/mnt/dev/YCSB-aerospike-dist/lib/jackson-mapper-asl-1.9.4.jar:/mnt/dev/YCSB-aerospike-dist/lib/aerospike-binding-0.18.0-SNAPSHOT.jar:/mnt/dev/YCSB-aerospike-dist/lib/HdrHistogram-2.1.12.jar:/mnt/dev/YCSB-aerospike-dist/lib/jackson-core-asl-1.9.4.jar:/mnt/dev/YCSB-aerospike-dist/lib/core-0.18.0-SNAPSHOT.jar:/mnt/dev/YCSB-aerospike-dist/lib/luaj-jse-3.0.jar:/mnt/dev/YCSB-aerospike-dist/lib/gnu-crypto-2.0.1.jar site.ycsb.Client -db site.ycsb.db.AerospikeClient -s -threads 256 -P /mnt/dev/YCSB-aerospike-dist/workloads/workloada -p recordcount=100000000 -p operationcount=5000000 -p fieldcount=10 -p fieldlength=128 -p fieldlengthdistribution=constant -p readallfields=true -p writeallfields=true -p insertorder=hashed -p requestdistribution=uniform -p readproportion=1 -p updateproportion=0 -p insertproportion=0 -p scanproportion=0 -p readmodifywriteproportion=0 -p measurementtype=hdrhistogram -p measurement.interval=both -p hdrhistogram.percentiles=50,95,99,99.9,99.99 -p status.interval=10 -p as.host=172.16.0.4 -p as.port=3000 -p as.namespace=ycsb -p as.timeout=10000 -t
Command line: -db site.ycsb.db.AerospikeClient -s -threads 256 -P /mnt/dev/YCSB-aerospike-dist/workloads/workloada -p recordcount=100000000 -p operationcount=5000000 -p fieldcount=10 -p fieldlength=128 -p fieldlengthdistribution=constant -p readallfields=true -p writeallfields=true -p insertorder=hashed -p requestdistribution=uniform -p readproportion=1 -p updateproportion=0 -p insertproportion=0 -p scanproportion=0 -p readmodifywriteproportion=0 -p measurementtype=hdrhistogram -p measurement.interval=both -p hdrhistogram.percentiles=50,95,99,99.9,99.99 -p status.interval=10 -p as.host=172.16.0.4 -p as.port=3000 -p as.namespace=ycsb -p as.timeout=10000 -t
YCSB Client 0.18.0-SNAPSHOT

Loading workload...
Starting test.
2026-09-13 16:39:50:089 0 sec: 0 operations; est completion in 0 second 
DBWrapper: report latency for each error is false and specific error codes to track for latency are: []
2026-09-13 16:39:59:952 10 sec: 3783112 operations; 378273.37 current ops/sec; est completion in 4 second [READ: Count=3783498, Max=167935, Min=218, Avg=636.8, 50=436, 90=756, 99=4923, 99.9=10543, 99.99=22959] [Intended-READ: Count=3789565, Max=167935, Min=218, Avg=636.87, 50=436, 90=756, 99=4919, 99.9=10527, 99.99=22959] 
2026-09-13 16:40:03:855 13 sec: 5000000 operations; 311862.63 current ops/sec; [READ: Count=1216502, Max=26463, Min=216, Avg=585.91, 50=425, 90=711, 99=4239, 99.9=8639, 99.99=13591] [CLEANUP: Count=256, Max=825, Min=26, Avg=58.66, 50=44, 90=96, 99=246, 99.9=825, 99.99=825] [Intended-READ: Count=1210435, Max=26463, Min=216, Avg=585.57, 50=425, 90=710, 99=4243, 99.9=8647, 99.99=13591] [Intended-CLEANUP: Count=256, Max=826, Min=26, Avg=59.06, 50=44, 90=97, 99=247, 99.9=826, 99.99=826] 
[OVERALL], RunTime(ms), 13903
[OVERALL], Throughput(ops/sec), 359634.61123498523
[TOTAL_GCS_G1_Young_Generation], Count, 58
[TOTAL_GC_TIME_G1_Young_Generation], Time(ms), 73
[TOTAL_GC_TIME_%_G1_Young_Generation], Time(%), 0.5250665324030784
[TOTAL_GCS_G1_Old_Generation], Count, 0
[TOTAL_GC_TIME_G1_Old_Generation], Time(ms), 0
[TOTAL_GC_TIME_%_G1_Old_Generation], Time(%), 0.0
[TOTAL_GCs], Count, 58
[TOTAL_GC_TIME], Time(ms), 73
[TOTAL_GC_TIME_%], Time(%), 0.5250665324030784
[READ], Operations, 5000000
[READ], AverageLatency(us), 624.4156494
[READ], MinLatency(us), 216
[READ], MaxLatency(us), 167935
[READ], 50thPercentileLatency(us), 434
[READ], 95thPercentileLatency(us), 1556
[READ], 99thPercentileLatency(us), 4767
[READ], 99.9PercentileLatency(us), 10071
[READ], 99.99PercentileLatency(us), 20239
[READ], Return=OK, 5000000
[CLEANUP], Operations, 256
[CLEANUP], AverageLatency(us), 58.65625
[CLEANUP], MinLatency(us), 26
[CLEANUP], MaxLatency(us), 825
[CLEANUP], 50thPercentileLatency(us), 44
[CLEANUP], 95thPercentileLatency(us), 129
[CLEANUP], 99thPercentileLatency(us), 246
[CLEANUP], 99.9PercentileLatency(us), 825
[CLEANUP], 99.99PercentileLatency(us), 825
[Intended-READ], Operations, 5000000
[Intended-READ], AverageLatency(us), 624.4507846
[Intended-READ], MinLatency(us), 216
[Intended-READ], MaxLatency(us), 167935
[Intended-READ], 50thPercentileLatency(us), 434
[Intended-READ], 95thPercentileLatency(us), 1556
[Intended-READ], 99thPercentileLatency(us), 4767
[Intended-READ], 99.9PercentileLatency(us), 10071
[Intended-READ], 99.99PercentileLatency(us), 20239
[Intended-CLEANUP], Operations, 256
[Intended-CLEANUP], AverageLatency(us), 59.0625
[Intended-CLEANUP], MinLatency(us), 26
[Intended-CLEANUP], MaxLatency(us), 826
[Intended-CLEANUP], 50thPercentileLatency(us), 44
[Intended-CLEANUP], 95thPercentileLatency(us), 130
[Intended-CLEANUP], 99thPercentileLatency(us), 247
[Intended-CLEANUP], 99.9PercentileLatency(us), 826
[Intended-CLEANUP], 99.99PercentileLatency(us), 826
