java -cp /mnt/dev/YCSB-hreplace-dist/redis-binding/conf:/mnt/dev/YCSB-hreplace-dist/conf:/mnt/dev/YCSB-hreplace-dist/lib/htrace-core4-4.1.0-incubating.jar:/mnt/dev/YCSB-hreplace-dist/lib/slf4j-api-1.7.25.jar:/mnt/dev/YCSB-hreplace-dist/lib/jackson-mapper-asl-1.9.4.jar:/mnt/dev/YCSB-hreplace-dist/lib/HdrHistogram-2.1.12.jar:/mnt/dev/YCSB-hreplace-dist/lib/jackson-core-asl-1.9.4.jar:/mnt/dev/YCSB-hreplace-dist/lib/jedis-3.9.0.jar:/mnt/dev/YCSB-hreplace-dist/lib/core-0.18.0-SNAPSHOT.jar:/mnt/dev/YCSB-hreplace-dist/lib/commons-pool2-2.11.1.jar:/mnt/dev/YCSB-hreplace-dist/lib/redis-binding-0.18.0-SNAPSHOT.jar site.ycsb.Client -db site.ycsb.db.RedisClient -s -threads 256 -P /mnt/dev/YCSB-hreplace-dist/workloads/workloada -p recordcount=100000000 -p operationcount=5000000 -p fieldcount=10 -p fieldlength=128 -p fieldlengthdistribution=constant -p readallfields=true -p writeallfields=true -p insertorder=hashed -p requestdistribution=uniform -p readproportion=1 -p updateproportion=0 -p insertproportion=0 -p scanproportion=0 -p readmodifywriteproportion=0 -p measurementtype=hdrhistogram -p measurement.interval=both -p hdrhistogram.percentiles=50,95,99,99.9,99.99 -p status.interval=10 -p redis.host=172.16.0.4 -p redis.port=16379 -p redis.scanindex=none -p redis.timeout=10000 -p redis.cluster=false -p redis.updatecommand=keylane.hreplace -t
Command line: -db site.ycsb.db.RedisClient -s -threads 256 -P /mnt/dev/YCSB-hreplace-dist/workloads/workloada -p recordcount=100000000 -p operationcount=5000000 -p fieldcount=10 -p fieldlength=128 -p fieldlengthdistribution=constant -p readallfields=true -p writeallfields=true -p insertorder=hashed -p requestdistribution=uniform -p readproportion=1 -p updateproportion=0 -p insertproportion=0 -p scanproportion=0 -p readmodifywriteproportion=0 -p measurementtype=hdrhistogram -p measurement.interval=both -p hdrhistogram.percentiles=50,95,99,99.9,99.99 -p status.interval=10 -p redis.host=172.16.0.4 -p redis.port=16379 -p redis.scanindex=none -p redis.timeout=10000 -p redis.cluster=false -p redis.updatecommand=keylane.hreplace -t
YCSB Client 0.18.0-SNAPSHOT

Loading workload...
Starting test.
SLF4J: Failed to load class "org.slf4j.impl.StaticLoggerBinder".
SLF4J: Defaulting to no-operation (NOP) logger implementation
SLF4J: See http://www.slf4j.org/codes.html#StaticLoggerBinder for further details.
2026-09-13 16:31:18:338 0 sec: 0 operations; est completion in 0 second 
DBWrapper: report latency for each error is false and specific error codes to track for latency are: []
2026-09-13 16:31:28:274 10 sec: 4978961 operations; 497846.32 current ops/sec; est completion in 1 second [READ: Count=4979039, Max=46495, Min=222, Avg=480.36, 50=448, 90=582, 99=1286, 99.9=3575, 99.99=8455] [CLEANUP: Count=218, Max=730, Min=14, Avg=47.12, 50=36, 90=88, 99=147, 99.9=730, 99.99=730] [Intended-READ: Count=4979529, Max=46495, Min=222, Avg=480.38, 50=448, 90=582, 99=1286, 99.9=3575, 99.99=8455] [Intended-CLEANUP: Count=220, Max=731, Min=14, Avg=47.43, 50=35, 90=88, 99=147, 99.9=731, 99.99=731] 
2026-09-13 16:31:28:847 10 sec: 5000000 operations; 36717.28 current ops/sec; [READ: Count=20961, Max=682, Min=229, Avg=341.35, 50=329, 90=415, 99=486, 99.9=539, 99.99=673] [CLEANUP: Count=38, Max=41, Min=14, Avg=20.58, 50=19, 90=27, 99=41, 99.9=41, 99.99=41] [Intended-READ: Count=20471, Max=682, Min=229, Avg=341.04, 50=329, 90=414, 99=486, 99.9=539, 99.99=673] [Intended-CLEANUP: Count=36, Max=41, Min=14, Avg=20.75, 50=19, 90=26, 99=41, 99.9=41, 99.99=41] 
[OVERALL], RunTime(ms), 10573
[OVERALL], Throughput(ops/sec), 472902.6766291497
[TOTAL_GCS_G1_Young_Generation], Count, 75
[TOTAL_GC_TIME_G1_Young_Generation], Time(ms), 74
[TOTAL_GC_TIME_%_G1_Young_Generation], Time(%), 0.6998959614111416
[TOTAL_GCS_G1_Old_Generation], Count, 0
[TOTAL_GC_TIME_G1_Old_Generation], Time(ms), 0
[TOTAL_GC_TIME_%_G1_Old_Generation], Time(%), 0.0
[TOTAL_GCs], Count, 75
[TOTAL_GC_TIME], Time(ms), 74
[TOTAL_GC_TIME_%], Time(%), 0.6998959614111416
[READ], Operations, 5000000
[READ], AverageLatency(us), 479.7743666
[READ], MinLatency(us), 222
[READ], MaxLatency(us), 46495
[READ], 50thPercentileLatency(us), 447
[READ], 95thPercentileLatency(us), 649
[READ], 99thPercentileLatency(us), 1284
[READ], 99.9PercentileLatency(us), 3573
[READ], 99.99PercentileLatency(us), 8447
[READ], Return=OK, 5000000
[CLEANUP], Operations, 256
[CLEANUP], AverageLatency(us), 43.18359375
[CLEANUP], MinLatency(us), 14
[CLEANUP], MaxLatency(us), 730
[CLEANUP], 50thPercentileLatency(us), 32
[CLEANUP], 95thPercentileLatency(us), 95
[CLEANUP], 99thPercentileLatency(us), 147
[CLEANUP], 99.9PercentileLatency(us), 730
[CLEANUP], 99.99PercentileLatency(us), 730
[Intended-READ], Operations, 5000000
[Intended-READ], AverageLatency(us), 479.8128432
[Intended-READ], MinLatency(us), 222
[Intended-READ], MaxLatency(us), 46495
[Intended-READ], 50thPercentileLatency(us), 447
[Intended-READ], 95thPercentileLatency(us), 649
[Intended-READ], 99thPercentileLatency(us), 1284
[Intended-READ], 99.9PercentileLatency(us), 3573
[Intended-READ], 99.99PercentileLatency(us), 8447
[Intended-CLEANUP], Operations, 256
[Intended-CLEANUP], AverageLatency(us), 43.67578125
[Intended-CLEANUP], MinLatency(us), 14
[Intended-CLEANUP], MaxLatency(us), 731
[Intended-CLEANUP], 50thPercentileLatency(us), 32
[Intended-CLEANUP], 95thPercentileLatency(us), 96
[Intended-CLEANUP], 99thPercentileLatency(us), 147
[Intended-CLEANUP], 99.9PercentileLatency(us), 731
[Intended-CLEANUP], 99.99PercentileLatency(us), 731
