java -cp /mnt/dev/YCSB-hreplace-dist/redis-binding/conf:/mnt/dev/YCSB-hreplace-dist/conf:/mnt/dev/YCSB-hreplace-dist/lib/htrace-core4-4.1.0-incubating.jar:/mnt/dev/YCSB-hreplace-dist/lib/slf4j-api-1.7.25.jar:/mnt/dev/YCSB-hreplace-dist/lib/jackson-mapper-asl-1.9.4.jar:/mnt/dev/YCSB-hreplace-dist/lib/HdrHistogram-2.1.12.jar:/mnt/dev/YCSB-hreplace-dist/lib/jackson-core-asl-1.9.4.jar:/mnt/dev/YCSB-hreplace-dist/lib/jedis-3.9.0.jar:/mnt/dev/YCSB-hreplace-dist/lib/core-0.18.0-SNAPSHOT.jar:/mnt/dev/YCSB-hreplace-dist/lib/commons-pool2-2.11.1.jar:/mnt/dev/YCSB-hreplace-dist/lib/redis-binding-0.18.0-SNAPSHOT.jar site.ycsb.Client -db site.ycsb.db.RedisClient -s -threads 256 -P /mnt/dev/YCSB-hreplace-dist/workloads/workloada -target 100000 -p recordcount=100000000 -p operationcount=5000000 -p fieldcount=10 -p fieldlength=128 -p fieldlengthdistribution=constant -p readallfields=true -p writeallfields=true -p insertorder=hashed -p requestdistribution=uniform -p readproportion=1 -p updateproportion=0 -p insertproportion=0 -p scanproportion=0 -p readmodifywriteproportion=0 -p measurementtype=hdrhistogram -p measurement.interval=both -p hdrhistogram.percentiles=50,95,99,99.9,99.99 -p status.interval=10 -p redis.host=172.16.0.4 -p redis.port=16379 -p redis.scanindex=none -p redis.timeout=10000 -p redis.cluster=false -p redis.updatecommand=keylane.hreplace -t
Command line: -db site.ycsb.db.RedisClient -s -threads 256 -P /mnt/dev/YCSB-hreplace-dist/workloads/workloada -target 100000 -p recordcount=100000000 -p operationcount=5000000 -p fieldcount=10 -p fieldlength=128 -p fieldlengthdistribution=constant -p readallfields=true -p writeallfields=true -p insertorder=hashed -p requestdistribution=uniform -p readproportion=1 -p updateproportion=0 -p insertproportion=0 -p scanproportion=0 -p readmodifywriteproportion=0 -p measurementtype=hdrhistogram -p measurement.interval=both -p hdrhistogram.percentiles=50,95,99,99.9,99.99 -p status.interval=10 -p redis.host=172.16.0.4 -p redis.port=16379 -p redis.scanindex=none -p redis.timeout=10000 -p redis.cluster=false -p redis.updatecommand=keylane.hreplace -t
YCSB Client 0.18.0-SNAPSHOT

Loading workload...
Starting test.
SLF4J: Failed to load class "org.slf4j.impl.StaticLoggerBinder".
SLF4J: Defaulting to no-operation (NOP) logger implementation
SLF4J: See http://www.slf4j.org/codes.html#StaticLoggerBinder for further details.
2026-09-13 16:33:01:029 0 sec: 0 operations; est completion in 0 second 
DBWrapper: report latency for each error is false and specific error codes to track for latency are: []
2026-09-13 16:33:10:976 10 sec: 992400 operations; 99240 current ops/sec; est completion in 41 seconds [READ: Count=992466, Max=37343, Min=209, Avg=308.46, 50=292, 90=367, 99=476, 99.9=1264, 99.99=10071] [Intended-READ: Count=992965, Max=82687, Min=231, Avg=548.49, 50=352, 90=428, 99=987, 99.9=48671, 99.99=71935] 
2026-09-13 16:33:20:976 20 sec: 1992395 operations; 99999.5 current ops/sec; est completion in 31 seconds [READ: Count=999960, Max=2557, Min=204, Avg=306.09, 50=294, 90=370, 99=460, 99.9=568, 99.99=1172] [Intended-READ: Count=999551, Max=2619, Min=231, Avg=365.05, 50=354, 90=429, 99=523, 99.9=976, 99.99=1327] 
2026-09-13 16:33:30:976 30 sec: 2992397 operations; 100000.2 current ops/sec; est completion in 21 seconds [READ: Count=1000000, Max=1688, Min=210, Avg=305.63, 50=295, 90=368, 99=456, 99.9=562, 99.99=1166] [Intended-READ: Count=999979, Max=1746, Min=230, Avg=364.67, 50=354, 90=427, 99=519, 99.9=956, 99.99=1284] 
2026-09-13 16:33:40:976 40 sec: 3992384 operations; 99998.7 current ops/sec; est completion in 11 seconds [READ: Count=1000006, Max=3887, Min=209, Avg=306.47, 50=295, 90=370, 99=462, 99.9=568, 99.99=1201] [Intended-READ: Count=1000109, Max=3985, Min=232, Avg=365.48, 50=354, 90=429, 99=525, 99.9=971, 99.99=1391] 
2026-09-13 16:33:50:976 50 sec: 4992386 operations; 100000.2 current ops/sec; est completion in 1 second [READ: Count=999996, Max=1569, Min=207, Avg=304.63, 50=294, 90=366, 99=452, 99.9=557, 99.99=1142] [Intended-READ: Count=999876, Max=1632, Min=234, Avg=363.44, 50=353, 90=425, 99=515, 99.9=939, 99.99=1256] 
2026-09-13 16:33:51:079 50 sec: 5000000 operations; 73922.33 current ops/sec; [READ: Count=7572, Max=587, Min=218, Avg=304, 50=293, 90=367, 99=453, 99.9=548, 99.99=587] [CLEANUP: Count=256, Max=614, Min=11, Avg=20.18, 50=15, 90=26, 99=78, 99.9=614, 99.99=614] [Intended-READ: Count=7520, Max=1166, Min=241, Avg=362.24, 50=352, 90=425, 99=511, 99.9=598, 99.99=1166] [Intended-CLEANUP: Count=256, Max=615, Min=11, Avg=20.46, 50=15, 90=26, 99=78, 99.9=615, 99.99=615] 
[OVERALL], RunTime(ms), 50102
[OVERALL], Throughput(ops/sec), 99796.41531276196
[TOTAL_GCS_G1_Young_Generation], Count, 91
[TOTAL_GC_TIME_G1_Young_Generation], Time(ms), 69
[TOTAL_GC_TIME_%_G1_Young_Generation], Time(%), 0.1377190531316115
[TOTAL_GCS_G1_Old_Generation], Count, 0
[TOTAL_GC_TIME_G1_Old_Generation], Time(ms), 0
[TOTAL_GC_TIME_%_G1_Old_Generation], Time(%), 0.0
[TOTAL_GCs], Count, 91
[TOTAL_GC_TIME], Time(ms), 69
[TOTAL_GC_TIME_%], Time(%), 0.1377190531316115
[READ], Operations, 5000000
[READ], AverageLatency(us), 306.2485738
[READ], MinLatency(us), 204
[READ], MaxLatency(us), 37343
[READ], 50thPercentileLatency(us), 294
[READ], 95thPercentileLatency(us), 395
[READ], 99thPercentileLatency(us), 460
[READ], 99.9PercentileLatency(us), 676
[READ], 99.99PercentileLatency(us), 1730
[READ], Return=OK, 5000000
[CLEANUP], Operations, 256
[CLEANUP], AverageLatency(us), 20.1796875
[CLEANUP], MinLatency(us), 11
[CLEANUP], MaxLatency(us), 614
[CLEANUP], 50thPercentileLatency(us), 15
[CLEANUP], 95thPercentileLatency(us), 30
[CLEANUP], 99thPercentileLatency(us), 78
[CLEANUP], 99.9PercentileLatency(us), 614
[CLEANUP], 99.99PercentileLatency(us), 614
[Intended-READ], Operations, 5000000
[Intended-READ], AverageLatency(us), 401.1634688
[Intended-READ], MinLatency(us), 230
[Intended-READ], MaxLatency(us), 82687
[Intended-READ], 50thPercentileLatency(us), 353
[Intended-READ], 95thPercentileLatency(us), 455
[Intended-READ], 99thPercentileLatency(us), 530
[Intended-READ], 99.9PercentileLatency(us), 11671
[Intended-READ], 99.99PercentileLatency(us), 57215
[Intended-CLEANUP], Operations, 256
[Intended-CLEANUP], AverageLatency(us), 20.45703125
[Intended-CLEANUP], MinLatency(us), 11
[Intended-CLEANUP], MaxLatency(us), 615
[Intended-CLEANUP], 50thPercentileLatency(us), 15
[Intended-CLEANUP], 95thPercentileLatency(us), 30
[Intended-CLEANUP], 99thPercentileLatency(us), 78
[Intended-CLEANUP], 99.9PercentileLatency(us), 615
[Intended-CLEANUP], 99.99PercentileLatency(us), 615
