java -cp /mnt/dev/YCSB-hreplace-dist/redis-binding/conf:/mnt/dev/YCSB-hreplace-dist/conf:/mnt/dev/YCSB-hreplace-dist/lib/htrace-core4-4.1.0-incubating.jar:/mnt/dev/YCSB-hreplace-dist/lib/slf4j-api-1.7.25.jar:/mnt/dev/YCSB-hreplace-dist/lib/jackson-mapper-asl-1.9.4.jar:/mnt/dev/YCSB-hreplace-dist/lib/HdrHistogram-2.1.12.jar:/mnt/dev/YCSB-hreplace-dist/lib/jackson-core-asl-1.9.4.jar:/mnt/dev/YCSB-hreplace-dist/lib/jedis-3.9.0.jar:/mnt/dev/YCSB-hreplace-dist/lib/core-0.18.0-SNAPSHOT.jar:/mnt/dev/YCSB-hreplace-dist/lib/commons-pool2-2.11.1.jar:/mnt/dev/YCSB-hreplace-dist/lib/redis-binding-0.18.0-SNAPSHOT.jar site.ycsb.Client -db site.ycsb.db.RedisClient -s -threads 256 -P /mnt/dev/YCSB-hreplace-dist/workloads/workloada -target 100000 -p recordcount=100000000 -p operationcount=5000000 -p fieldcount=10 -p fieldlength=128 -p fieldlengthdistribution=constant -p readallfields=true -p writeallfields=true -p insertorder=hashed -p requestdistribution=uniform -p readproportion=1 -p updateproportion=0 -p insertproportion=0 -p scanproportion=0 -p readmodifywriteproportion=0 -p measurementtype=hdrhistogram -p measurement.interval=both -p hdrhistogram.percentiles=50,95,99,99.9,99.99 -p status.interval=10 -p redis.host=172.16.0.4 -p redis.port=16379 -p redis.scanindex=none -p redis.timeout=10000 -p redis.cluster=false -p redis.updatecommand=keylane.hreplace -t
Command line: -db site.ycsb.db.RedisClient -s -threads 256 -P /mnt/dev/YCSB-hreplace-dist/workloads/workloada -target 100000 -p recordcount=100000000 -p operationcount=5000000 -p fieldcount=10 -p fieldlength=128 -p fieldlengthdistribution=constant -p readallfields=true -p writeallfields=true -p insertorder=hashed -p requestdistribution=uniform -p readproportion=1 -p updateproportion=0 -p insertproportion=0 -p scanproportion=0 -p readmodifywriteproportion=0 -p measurementtype=hdrhistogram -p measurement.interval=both -p hdrhistogram.percentiles=50,95,99,99.9,99.99 -p status.interval=10 -p redis.host=172.16.0.4 -p redis.port=16379 -p redis.scanindex=none -p redis.timeout=10000 -p redis.cluster=false -p redis.updatecommand=keylane.hreplace -t
YCSB Client 0.18.0-SNAPSHOT

Loading workload...
Starting test.
SLF4J: Failed to load class "org.slf4j.impl.StaticLoggerBinder".
SLF4J: Defaulting to no-operation (NOP) logger implementation
SLF4J: See http://www.slf4j.org/codes.html#StaticLoggerBinder for further details.
2026-09-13 16:07:26:104 0 sec: 0 operations; est completion in 0 second 
DBWrapper: report latency for each error is false and specific error codes to track for latency are: []
2026-09-13 16:07:36:046 10 sec: 990631 operations; 99063.1 current ops/sec; est completion in 41 seconds [READ: Count=990700, Max=36927, Min=210, Avg=314.97, 50=297, 90=379, 99=478, 99.9=1271, 99.99=18367] [Intended-READ: Count=991192, Max=75391, Min=226, Avg=491.62, 50=357, 90=440, 99=648, 99.9=38495, 99.99=61599] 
2026-09-13 16:07:46:046 20 sec: 1990635 operations; 100000.4 current ops/sec; est completion in 31 seconds [READ: Count=999978, Max=2293, Min=210, Avg=312.44, 50=300, 90=381, 99=464, 99.9=558, 99.99=1081] [Intended-READ: Count=999705, Max=2337, Min=231, Avg=371.17, 50=359, 90=441, 99=529, 99.9=929, 99.99=1275] 
2026-09-13 16:07:56:046 30 sec: 2990631 operations; 99999.6 current ops/sec; est completion in 21 seconds [READ: Count=999988, Max=1675, Min=208, Avg=312.89, 50=300, 90=382, 99=467, 99.9=569, 99.99=1146] [Intended-READ: Count=999840, Max=1909, Min=228, Avg=371.53, 50=359, 90=442, 99=531, 99.9=992, 99.99=1357] 
2026-09-13 16:08:06:046 40 sec: 3990636 operations; 100000.5 current ops/sec; est completion in 11 seconds [READ: Count=1000009, Max=1389, Min=205, Avg=310.43, 50=298, 90=377, 99=457, 99.9=558, 99.99=1064] [Intended-READ: Count=999979, Max=1835, Min=227, Avg=369.16, 50=357, 90=437, 99=523, 99.9=975, 99.99=1309] 
2026-09-13 16:08:16:046 50 sec: 4990631 operations; 99999.5 current ops/sec; est completion in 1 second [READ: Count=999996, Max=2591, Min=209, Avg=312.31, 50=299, 90=380, 99=461, 99.9=586, 99.99=1609] [Intended-READ: Count=1000136, Max=2655, Min=232, Avg=370.94, 50=359, 90=440, 99=526, 99.9=1024, 99.99=1670] 
2026-09-13 16:08:16:159 50 sec: 5000000 operations; 82911.5 current ops/sec; [READ: Count=9329, Max=1303, Min=215, Avg=310.65, 50=297, 90=380, 99=472, 99.9=580, 99.99=1303] [CLEANUP: Count=256, Max=725, Min=10, Avg=29.53, 50=15, 90=24, 99=709, 99.9=725, 99.99=725] [Intended-READ: Count=9148, Max=1363, Min=242, Avg=368.59, 50=356, 90=438, 99=531, 99.9=641, 99.99=1363] [Intended-CLEANUP: Count=256, Max=725, Min=10, Avg=29.7, 50=15, 90=24, 99=709, 99.9=725, 99.99=725] 
[OVERALL], RunTime(ms), 50112
[OVERALL], Throughput(ops/sec), 99776.5006385696
[TOTAL_GCS_G1_Young_Generation], Count, 91
[TOTAL_GC_TIME_G1_Young_Generation], Time(ms), 71
[TOTAL_GC_TIME_%_G1_Young_Generation], Time(%), 0.14168263090676886
[TOTAL_GCS_G1_Old_Generation], Count, 0
[TOTAL_GC_TIME_G1_Old_Generation], Time(ms), 0
[TOTAL_GC_TIME_%_G1_Old_Generation], Time(%), 0.0
[TOTAL_GCs], Count, 91
[TOTAL_GC_TIME], Time(ms), 71
[TOTAL_GC_TIME_%], Time(%), 0.14168263090676886
[READ], Operations, 5000000
[READ], AverageLatency(us), 312.600242
[READ], MinLatency(us), 205
[READ], MaxLatency(us), 36927
[READ], 50thPercentileLatency(us), 299
[READ], 95thPercentileLatency(us), 405
[READ], 99thPercentileLatency(us), 465
[READ], 99.9PercentileLatency(us), 657
[READ], 99.99PercentileLatency(us), 1938
[READ], Return=OK, 5000000
[CLEANUP], Operations, 256
[CLEANUP], AverageLatency(us), 29.52734375
[CLEANUP], MinLatency(us), 10
[CLEANUP], MaxLatency(us), 725
[CLEANUP], 50thPercentileLatency(us), 15
[CLEANUP], 95thPercentileLatency(us), 36
[CLEANUP], 99thPercentileLatency(us), 709
[CLEANUP], 99.9PercentileLatency(us), 725
[CLEANUP], 99.99PercentileLatency(us), 725
[Intended-READ], Operations, 5000000
[Intended-READ], AverageLatency(us), 394.6658042
[Intended-READ], MinLatency(us), 226
[Intended-READ], MaxLatency(us), 75391
[Intended-READ], 50thPercentileLatency(us), 358
[Intended-READ], 95thPercentileLatency(us), 466
[Intended-READ], 99thPercentileLatency(us), 535
[Intended-READ], 99.9PercentileLatency(us), 3141
[Intended-READ], 99.99PercentileLatency(us), 47455
[Intended-CLEANUP], Operations, 256
[Intended-CLEANUP], AverageLatency(us), 29.6953125
[Intended-CLEANUP], MinLatency(us), 10
[Intended-CLEANUP], MaxLatency(us), 725
[Intended-CLEANUP], 50thPercentileLatency(us), 15
[Intended-CLEANUP], 95thPercentileLatency(us), 36
[Intended-CLEANUP], 99thPercentileLatency(us), 709
[Intended-CLEANUP], 99.9PercentileLatency(us), 725
[Intended-CLEANUP], 99.99PercentileLatency(us), 725
