java -cp /mnt/dev/YCSB-hreplace-dist/redis-binding/conf:/mnt/dev/YCSB-hreplace-dist/conf:/mnt/dev/YCSB-hreplace-dist/lib/htrace-core4-4.1.0-incubating.jar:/mnt/dev/YCSB-hreplace-dist/lib/slf4j-api-1.7.25.jar:/mnt/dev/YCSB-hreplace-dist/lib/jackson-mapper-asl-1.9.4.jar:/mnt/dev/YCSB-hreplace-dist/lib/HdrHistogram-2.1.12.jar:/mnt/dev/YCSB-hreplace-dist/lib/jackson-core-asl-1.9.4.jar:/mnt/dev/YCSB-hreplace-dist/lib/jedis-3.9.0.jar:/mnt/dev/YCSB-hreplace-dist/lib/core-0.18.0-SNAPSHOT.jar:/mnt/dev/YCSB-hreplace-dist/lib/commons-pool2-2.11.1.jar:/mnt/dev/YCSB-hreplace-dist/lib/redis-binding-0.18.0-SNAPSHOT.jar site.ycsb.Client -db site.ycsb.db.RedisClient -s -threads 256 -P /mnt/dev/YCSB-hreplace-dist/workloads/workloada -p recordcount=100000000 -p operationcount=1000000 -p fieldcount=10 -p fieldlength=128 -p fieldlengthdistribution=constant -p readallfields=true -p writeallfields=true -p insertorder=hashed -p requestdistribution=uniform -p readproportion=0.5 -p updateproportion=0.5 -p insertproportion=0 -p scanproportion=0 -p readmodifywriteproportion=0 -p measurementtype=hdrhistogram -p measurement.interval=both -p hdrhistogram.percentiles=50,95,99,99.9,99.99 -p status.interval=10 -p redis.host=172.16.0.4 -p redis.port=16379 -p redis.scanindex=none -p redis.timeout=10000 -p redis.cluster=false -p redis.updatecommand=keylane.hreplace -t
Command line: -db site.ycsb.db.RedisClient -s -threads 256 -P /mnt/dev/YCSB-hreplace-dist/workloads/workloada -p recordcount=100000000 -p operationcount=1000000 -p fieldcount=10 -p fieldlength=128 -p fieldlengthdistribution=constant -p readallfields=true -p writeallfields=true -p insertorder=hashed -p requestdistribution=uniform -p readproportion=0.5 -p updateproportion=0.5 -p insertproportion=0 -p scanproportion=0 -p readmodifywriteproportion=0 -p measurementtype=hdrhistogram -p measurement.interval=both -p hdrhistogram.percentiles=50,95,99,99.9,99.99 -p status.interval=10 -p redis.host=172.16.0.4 -p redis.port=16379 -p redis.scanindex=none -p redis.timeout=10000 -p redis.cluster=false -p redis.updatecommand=keylane.hreplace -t
YCSB Client 0.18.0-SNAPSHOT

Loading workload...
Starting test.
SLF4J: Failed to load class "org.slf4j.impl.StaticLoggerBinder".
SLF4J: Defaulting to no-operation (NOP) logger implementation
SLF4J: See http://www.slf4j.org/codes.html#StaticLoggerBinder for further details.
2026-09-13 16:22:03:545 0 sec: 0 operations; est completion in 0 second 
DBWrapper: report latency for each error is false and specific error codes to track for latency are: []
2026-09-13 16:22:06:013 2 sec: 1000000 operations; 393700.79 current ops/sec; [READ: Count=500592, Max=56895, Min=188, Avg=652.93, 50=498, 90=751, 99=3863, 99.9=19935, 99.99=50303] [CLEANUP: Count=256, Max=799, Min=13, Avg=33.5, 50=25, 90=50, 99=109, 99.9=799, 99.99=799] [UPDATE: Count=499408, Max=50239, Min=156, Avg=482.17, 50=378, 90=606, 99=2809, 99.9=6447, 99.99=32191] [Intended-READ: Count=500592, Max=56895, Min=188, Avg=652.99, 50=498, 90=751, 99=3863, 99.9=19935, 99.99=50303] [Intended-CLEANUP: Count=256, Max=800, Min=13, Avg=33.93, 50=25, 90=50, 99=110, 99.9=800, 99.99=800] [Intended-UPDATE: Count=499408, Max=50239, Min=156, Avg=482.21, 50=378, 90=606, 99=2809, 99.9=6447, 99.99=32191] 
[OVERALL], RunTime(ms), 2539
[OVERALL], Throughput(ops/sec), 393855.8487593541
[TOTAL_GCS_G1_Young_Generation], Count, 23
[TOTAL_GC_TIME_G1_Young_Generation], Time(ms), 32
[TOTAL_GC_TIME_%_G1_Young_Generation], Time(%), 1.260338716029933
[TOTAL_GCS_G1_Old_Generation], Count, 0
[TOTAL_GC_TIME_G1_Old_Generation], Time(ms), 0
[TOTAL_GC_TIME_%_G1_Old_Generation], Time(%), 0.0
[TOTAL_GCs], Count, 23
[TOTAL_GC_TIME], Time(ms), 32
[TOTAL_GC_TIME_%], Time(%), 1.260338716029933
[READ], Operations, 500592
[READ], AverageLatency(us), 652.9292777351616
[READ], MinLatency(us), 188
[READ], MaxLatency(us), 56895
[READ], 50thPercentileLatency(us), 498
[READ], 95thPercentileLatency(us), 1131
[READ], 99thPercentileLatency(us), 3863
[READ], 99.9PercentileLatency(us), 19935
[READ], 99.99PercentileLatency(us), 50303
[READ], Return=OK, 500592
[CLEANUP], Operations, 256
[CLEANUP], AverageLatency(us), 33.5
[CLEANUP], MinLatency(us), 13
[CLEANUP], MaxLatency(us), 799
[CLEANUP], 50thPercentileLatency(us), 25
[CLEANUP], 95thPercentileLatency(us), 66
[CLEANUP], 99thPercentileLatency(us), 109
[CLEANUP], 99.9PercentileLatency(us), 799
[CLEANUP], 99.99PercentileLatency(us), 799
[UPDATE], Operations, 499408
[UPDATE], AverageLatency(us), 482.17177337968155
[UPDATE], MinLatency(us), 156
[UPDATE], MaxLatency(us), 50239
[UPDATE], 50thPercentileLatency(us), 378
[UPDATE], 95thPercentileLatency(us), 960
[UPDATE], 99thPercentileLatency(us), 2809
[UPDATE], 99.9PercentileLatency(us), 6447
[UPDATE], 99.99PercentileLatency(us), 32191
[UPDATE], Return=OK, 499408
[Intended-READ], Operations, 500592
[Intended-READ], AverageLatency(us), 652.9859805989709
[Intended-READ], MinLatency(us), 188
[Intended-READ], MaxLatency(us), 56895
[Intended-READ], 50thPercentileLatency(us), 498
[Intended-READ], 95thPercentileLatency(us), 1131
[Intended-READ], 99thPercentileLatency(us), 3863
[Intended-READ], 99.9PercentileLatency(us), 19935
[Intended-READ], 99.99PercentileLatency(us), 50303
[Intended-CLEANUP], Operations, 256
[Intended-CLEANUP], AverageLatency(us), 33.92578125
[Intended-CLEANUP], MinLatency(us), 13
[Intended-CLEANUP], MaxLatency(us), 800
[Intended-CLEANUP], 50thPercentileLatency(us), 25
[Intended-CLEANUP], 95thPercentileLatency(us), 66
[Intended-CLEANUP], 99thPercentileLatency(us), 110
[Intended-CLEANUP], 99.9PercentileLatency(us), 800
[Intended-CLEANUP], 99.99PercentileLatency(us), 800
[Intended-UPDATE], Operations, 499408
[Intended-UPDATE], AverageLatency(us), 482.21255566590844
[Intended-UPDATE], MinLatency(us), 156
[Intended-UPDATE], MaxLatency(us), 50239
[Intended-UPDATE], 50thPercentileLatency(us), 378
[Intended-UPDATE], 95thPercentileLatency(us), 960
[Intended-UPDATE], 99thPercentileLatency(us), 2809
[Intended-UPDATE], 99.9PercentileLatency(us), 6447
[Intended-UPDATE], 99.99PercentileLatency(us), 32191
