java -cp /mnt/dev/YCSB-aerospike-dist/aerospike-binding/conf:/mnt/dev/YCSB-aerospike-dist/conf:/mnt/dev/YCSB-aerospike-dist/lib/aerospike-client-3.1.2.jar:/mnt/dev/YCSB-aerospike-dist/lib/htrace-core4-4.1.0-incubating.jar:/mnt/dev/YCSB-aerospike-dist/lib/jbcrypt-0.3m.jar:/mnt/dev/YCSB-aerospike-dist/lib/jackson-mapper-asl-1.9.4.jar:/mnt/dev/YCSB-aerospike-dist/lib/aerospike-binding-0.18.0-SNAPSHOT.jar:/mnt/dev/YCSB-aerospike-dist/lib/HdrHistogram-2.1.12.jar:/mnt/dev/YCSB-aerospike-dist/lib/jackson-core-asl-1.9.4.jar:/mnt/dev/YCSB-aerospike-dist/lib/core-0.18.0-SNAPSHOT.jar:/mnt/dev/YCSB-aerospike-dist/lib/luaj-jse-3.0.jar:/mnt/dev/YCSB-aerospike-dist/lib/gnu-crypto-2.0.1.jar site.ycsb.Client -db site.ycsb.db.AerospikeClient -s -threads 256 -P /mnt/dev/YCSB-aerospike-dist/workloads/workloada -p recordcount=100000000 -p operationcount=1000000 -p fieldcount=10 -p fieldlength=128 -p fieldlengthdistribution=constant -p readallfields=true -p writeallfields=true -p insertorder=hashed -p requestdistribution=uniform -p readproportion=1 -p updateproportion=0 -p insertproportion=0 -p scanproportion=0 -p readmodifywriteproportion=0 -p measurementtype=hdrhistogram -p measurement.interval=both -p hdrhistogram.percentiles=50,95,99,99.9,99.99 -p status.interval=10 -p as.host=172.16.0.4 -p as.port=3000 -p as.namespace=ycsb -p as.timeout=10000 -t
Command line: -db site.ycsb.db.AerospikeClient -s -threads 256 -P /mnt/dev/YCSB-aerospike-dist/workloads/workloada -p recordcount=100000000 -p operationcount=1000000 -p fieldcount=10 -p fieldlength=128 -p fieldlengthdistribution=constant -p readallfields=true -p writeallfields=true -p insertorder=hashed -p requestdistribution=uniform -p readproportion=1 -p updateproportion=0 -p insertproportion=0 -p scanproportion=0 -p readmodifywriteproportion=0 -p measurementtype=hdrhistogram -p measurement.interval=both -p hdrhistogram.percentiles=50,95,99,99.9,99.99 -p status.interval=10 -p as.host=172.16.0.4 -p as.port=3000 -p as.namespace=ycsb -p as.timeout=10000 -t
YCSB Client 0.18.0-SNAPSHOT

Loading workload...
Starting test.
2026-09-13 16:42:29:319 0 sec: 0 operations; est completion in 0 second 
DBWrapper: report latency for each error is false and specific error codes to track for latency are: []
2026-09-13 16:42:32:420 3 sec: 1000000 operations; 313577.92 current ops/sec; [READ: Count=1000000, Max=97471, Min=163, Avg=650.34, 50=441, 90=815, 99=4831, 99.9=13239, 99.99=39071] [CLEANUP: Count=256, Max=919, Min=24, Avg=58.18, 50=41, 90=101, 99=219, 99.9=919, 99.99=919] [Intended-READ: Count=1000000, Max=97471, Min=163, Avg=650.38, 50=441, 90=815, 99=4831, 99.9=13239, 99.99=39071] [Intended-CLEANUP: Count=256, Max=920, Min=24, Avg=58.55, 50=41, 90=102, 99=221, 99.9=920, 99.99=920] 
[OVERALL], RunTime(ms), 3189
[OVERALL], Throughput(ops/sec), 313577.92411414237
[TOTAL_GCS_G1_Young_Generation], Count, 14
[TOTAL_GC_TIME_G1_Young_Generation], Time(ms), 27
[TOTAL_GC_TIME_%_G1_Young_Generation], Time(%), 0.8466603951081844
[TOTAL_GCS_G1_Old_Generation], Count, 0
[TOTAL_GC_TIME_G1_Old_Generation], Time(ms), 0
[TOTAL_GC_TIME_%_G1_Old_Generation], Time(%), 0.0
[TOTAL_GCs], Count, 14
[TOTAL_GC_TIME], Time(ms), 27
[TOTAL_GC_TIME_%], Time(%), 0.8466603951081844
[READ], Operations, 1000000
[READ], AverageLatency(us), 650.336052
[READ], MinLatency(us), 163
[READ], MaxLatency(us), 97471
[READ], 50thPercentileLatency(us), 441
[READ], 95thPercentileLatency(us), 1548
[READ], 99thPercentileLatency(us), 4831
[READ], 99.9PercentileLatency(us), 13239
[READ], 99.99PercentileLatency(us), 39071
[READ], Return=OK, 1000000
[CLEANUP], Operations, 256
[CLEANUP], AverageLatency(us), 58.18359375
[CLEANUP], MinLatency(us), 24
[CLEANUP], MaxLatency(us), 919
[CLEANUP], 50thPercentileLatency(us), 41
[CLEANUP], 95thPercentileLatency(us), 155
[CLEANUP], 99thPercentileLatency(us), 219
[CLEANUP], 99.9PercentileLatency(us), 919
[CLEANUP], 99.99PercentileLatency(us), 919
[Intended-READ], Operations, 1000000
[Intended-READ], AverageLatency(us), 650.379604
[Intended-READ], MinLatency(us), 163
[Intended-READ], MaxLatency(us), 97471
[Intended-READ], 50thPercentileLatency(us), 441
[Intended-READ], 95thPercentileLatency(us), 1548
[Intended-READ], 99thPercentileLatency(us), 4831
[Intended-READ], 99.9PercentileLatency(us), 13239
[Intended-READ], 99.99PercentileLatency(us), 39071
[Intended-CLEANUP], Operations, 256
[Intended-CLEANUP], AverageLatency(us), 58.546875
[Intended-CLEANUP], MinLatency(us), 24
[Intended-CLEANUP], MaxLatency(us), 920
[Intended-CLEANUP], 50thPercentileLatency(us), 41
[Intended-CLEANUP], 95thPercentileLatency(us), 156
[Intended-CLEANUP], 99thPercentileLatency(us), 221
[Intended-CLEANUP], 99.9PercentileLatency(us), 920
[Intended-CLEANUP], 99.99PercentileLatency(us), 920
