java -cp /mnt/dev/YCSB-hreplace-dist/redis-binding/conf:/mnt/dev/YCSB-hreplace-dist/conf:/mnt/dev/YCSB-hreplace-dist/lib/htrace-core4-4.1.0-incubating.jar:/mnt/dev/YCSB-hreplace-dist/lib/slf4j-api-1.7.25.jar:/mnt/dev/YCSB-hreplace-dist/lib/jackson-mapper-asl-1.9.4.jar:/mnt/dev/YCSB-hreplace-dist/lib/HdrHistogram-2.1.12.jar:/mnt/dev/YCSB-hreplace-dist/lib/jackson-core-asl-1.9.4.jar:/mnt/dev/YCSB-hreplace-dist/lib/jedis-3.9.0.jar:/mnt/dev/YCSB-hreplace-dist/lib/core-0.18.0-SNAPSHOT.jar:/mnt/dev/YCSB-hreplace-dist/lib/commons-pool2-2.11.1.jar:/mnt/dev/YCSB-hreplace-dist/lib/redis-binding-0.18.0-SNAPSHOT.jar site.ycsb.Client -db site.ycsb.db.RedisClient -s -threads 256 -P /mnt/dev/YCSB-hreplace-dist/workloads/workloada -target 100000 -p recordcount=100000000 -p operationcount=1000000 -p fieldcount=10 -p fieldlength=128 -p fieldlengthdistribution=constant -p readallfields=true -p writeallfields=true -p insertorder=hashed -p requestdistribution=uniform -p readproportion=0.5 -p updateproportion=0.5 -p insertproportion=0 -p scanproportion=0 -p readmodifywriteproportion=0 -p measurementtype=hdrhistogram -p measurement.interval=both -p hdrhistogram.percentiles=50,95,99,99.9,99.99 -p status.interval=10 -p redis.host=172.16.0.4 -p redis.port=16379 -p redis.scanindex=none -p redis.timeout=10000 -p redis.cluster=false -p redis.updatecommand=hmset -t
Command line: -db site.ycsb.db.RedisClient -s -threads 256 -P /mnt/dev/YCSB-hreplace-dist/workloads/workloada -target 100000 -p recordcount=100000000 -p operationcount=1000000 -p fieldcount=10 -p fieldlength=128 -p fieldlengthdistribution=constant -p readallfields=true -p writeallfields=true -p insertorder=hashed -p requestdistribution=uniform -p readproportion=0.5 -p updateproportion=0.5 -p insertproportion=0 -p scanproportion=0 -p readmodifywriteproportion=0 -p measurementtype=hdrhistogram -p measurement.interval=both -p hdrhistogram.percentiles=50,95,99,99.9,99.99 -p status.interval=10 -p redis.host=172.16.0.4 -p redis.port=16379 -p redis.scanindex=none -p redis.timeout=10000 -p redis.cluster=false -p redis.updatecommand=hmset -t
YCSB Client 0.18.0-SNAPSHOT

Loading workload...
Starting test.
SLF4J: Failed to load class "org.slf4j.impl.StaticLoggerBinder".
SLF4J: Defaulting to no-operation (NOP) logger implementation
SLF4J: See http://www.slf4j.org/codes.html#StaticLoggerBinder for further details.
2026-09-13 15:39:24:381 0 sec: 0 operations; est completion in 0 second 
DBWrapper: report latency for each error is false and specific error codes to track for latency are: []
2026-09-13 15:39:34:349 10 sec: 994506 operations; 99450.6 current ops/sec; est completion in 1 second [READ: Count=497599, Max=23391, Min=174, Avg=319.85, 50=296, 90=353, 99=652, 99.9=3439, 99.99=13895] [UPDATE: Count=497179, Max=25999, Min=178, Avg=333.91, 50=303, 90=364, 99=1062, 99.9=3859, 99.99=12647] [Intended-READ: Count=497903, Max=95615, Min=201, Avg=565.81, 50=355, 90=415, 99=2453, 99.9=48895, 99.99=78207] [Intended-UPDATE: Count=497459, Max=95615, Min=196, Avg=582.47, 50=362, 90=425, 99=2877, 99.9=49631, 99.99=79487] 
2026-09-13 15:39:34:432 10 sec: 1000000 operations; 65404.76 current ops/sec; [READ: Count=2730, Max=502, Min=180, Avg=298.52, 50=293, 90=340, 99=415, 99.9=496, 99.99=502] [CLEANUP: Count=256, Max=553, Min=10, Avg=22.21, 50=17, 90=29, 99=77, 99.9=553, 99.99=553] [UPDATE: Count=2492, Max=893, Min=236, Avg=306.03, 50=299, 90=349, 99=437, 99.9=579, 99.99=893] [Intended-READ: Count=2426, Max=1272, Min=234, Avg=356.48, 50=352, 90=400, 99=484, 99.9=582, 99.99=1272] [Intended-CLEANUP: Count=256, Max=553, Min=10, Avg=22.48, 50=17, 90=29, 99=77, 99.9=553, 99.99=553] [Intended-UPDATE: Count=2212, Max=1420, Min=259, Avg=364.29, 50=357, 90=410, 99=500, 99.9=1125, 99.99=1420] 
[OVERALL], RunTime(ms), 10083
[OVERALL], Throughput(ops/sec), 99176.83229197659
[TOTAL_GCS_G1_Young_Generation], Count, 30
[TOTAL_GC_TIME_G1_Young_Generation], Time(ms), 30
[TOTAL_GC_TIME_%_G1_Young_Generation], Time(%), 0.2975304968759298
[TOTAL_GCS_G1_Old_Generation], Count, 0
[TOTAL_GC_TIME_G1_Old_Generation], Time(ms), 0
[TOTAL_GC_TIME_%_G1_Old_Generation], Time(%), 0.0
[TOTAL_GCs], Count, 30
[TOTAL_GC_TIME], Time(ms), 30
[TOTAL_GC_TIME_%], Time(%), 0.2975304968759298
[READ], Operations, 500329
[READ], AverageLatency(us), 319.73243006101984
[READ], MinLatency(us), 174
[READ], MaxLatency(us), 23391
[READ], 50thPercentileLatency(us), 296
[READ], 95thPercentileLatency(us), 387
[READ], 99thPercentileLatency(us), 649
[READ], 99.9PercentileLatency(us), 3431
[READ], 99.99PercentileLatency(us), 13719
[READ], Return=OK, 500329
[CLEANUP], Operations, 256
[CLEANUP], AverageLatency(us), 22.20703125
[CLEANUP], MinLatency(us), 10
[CLEANUP], MaxLatency(us), 553
[CLEANUP], 50thPercentileLatency(us), 17
[CLEANUP], 95thPercentileLatency(us), 37
[CLEANUP], 99thPercentileLatency(us), 77
[CLEANUP], 99.9PercentileLatency(us), 553
[CLEANUP], 99.99PercentileLatency(us), 553
[UPDATE], Operations, 499671
[UPDATE], AverageLatency(us), 333.76934022586863
[UPDATE], MinLatency(us), 178
[UPDATE], MaxLatency(us), 25999
[UPDATE], 50thPercentileLatency(us), 303
[UPDATE], 95thPercentileLatency(us), 402
[UPDATE], 99thPercentileLatency(us), 1056
[UPDATE], 99.9PercentileLatency(us), 3853
[UPDATE], 99.99PercentileLatency(us), 12647
[UPDATE], Return=OK, 499671
[Intended-READ], Operations, 500329
[Intended-READ], AverageLatency(us), 564.7902240325866
[Intended-READ], MinLatency(us), 201
[Intended-READ], MaxLatency(us), 95615
[Intended-READ], 50thPercentileLatency(us), 355
[Intended-READ], 95thPercentileLatency(us), 454
[Intended-READ], 99thPercentileLatency(us), 2441
[Intended-READ], 99.9PercentileLatency(us), 48831
[Intended-READ], 99.99PercentileLatency(us), 78015
[Intended-CLEANUP], Operations, 256
[Intended-CLEANUP], AverageLatency(us), 22.48046875
[Intended-CLEANUP], MinLatency(us), 10
[Intended-CLEANUP], MaxLatency(us), 553
[Intended-CLEANUP], 50thPercentileLatency(us), 17
[Intended-CLEANUP], 95thPercentileLatency(us), 37
[Intended-CLEANUP], 99thPercentileLatency(us), 77
[Intended-CLEANUP], 99.9PercentileLatency(us), 553
[Intended-CLEANUP], 99.99PercentileLatency(us), 553
[Intended-UPDATE], Operations, 499671
[Intended-UPDATE], AverageLatency(us), 581.5079542338859
[Intended-UPDATE], MinLatency(us), 196
[Intended-UPDATE], MaxLatency(us), 95615
[Intended-UPDATE], 50thPercentileLatency(us), 362
[Intended-UPDATE], 95thPercentileLatency(us), 468
[Intended-UPDATE], 99thPercentileLatency(us), 2847
[Intended-UPDATE], 99.9PercentileLatency(us), 49599
[Intended-UPDATE], 99.99PercentileLatency(us), 79487
