java -cp /mnt/dev/YCSB-aerospike-dist/aerospike-binding/conf:/mnt/dev/YCSB-aerospike-dist/conf:/mnt/dev/YCSB-aerospike-dist/lib/aerospike-client-3.1.2.jar:/mnt/dev/YCSB-aerospike-dist/lib/htrace-core4-4.1.0-incubating.jar:/mnt/dev/YCSB-aerospike-dist/lib/jbcrypt-0.3m.jar:/mnt/dev/YCSB-aerospike-dist/lib/jackson-mapper-asl-1.9.4.jar:/mnt/dev/YCSB-aerospike-dist/lib/aerospike-binding-0.18.0-SNAPSHOT.jar:/mnt/dev/YCSB-aerospike-dist/lib/HdrHistogram-2.1.12.jar:/mnt/dev/YCSB-aerospike-dist/lib/jackson-core-asl-1.9.4.jar:/mnt/dev/YCSB-aerospike-dist/lib/core-0.18.0-SNAPSHOT.jar:/mnt/dev/YCSB-aerospike-dist/lib/luaj-jse-3.0.jar:/mnt/dev/YCSB-aerospike-dist/lib/gnu-crypto-2.0.1.jar site.ycsb.Client -db site.ycsb.db.AerospikeClient -s -threads 256 -P /mnt/dev/YCSB-aerospike-dist/workloads/workloada -p recordcount=100000000 -p operationcount=1000000 -p fieldcount=10 -p fieldlength=128 -p fieldlengthdistribution=constant -p readallfields=true -p writeallfields=true -p insertorder=hashed -p requestdistribution=uniform -p readproportion=0.5 -p updateproportion=0.5 -p insertproportion=0 -p scanproportion=0 -p readmodifywriteproportion=0 -p measurementtype=hdrhistogram -p measurement.interval=both -p hdrhistogram.percentiles=50,95,99,99.9,99.99 -p status.interval=10 -p as.host=172.16.0.4 -p as.port=3000 -p as.namespace=ycsb -p as.timeout=10000 -t
Command line: -db site.ycsb.db.AerospikeClient -s -threads 256 -P /mnt/dev/YCSB-aerospike-dist/workloads/workloada -p recordcount=100000000 -p operationcount=1000000 -p fieldcount=10 -p fieldlength=128 -p fieldlengthdistribution=constant -p readallfields=true -p writeallfields=true -p insertorder=hashed -p requestdistribution=uniform -p readproportion=0.5 -p updateproportion=0.5 -p insertproportion=0 -p scanproportion=0 -p readmodifywriteproportion=0 -p measurementtype=hdrhistogram -p measurement.interval=both -p hdrhistogram.percentiles=50,95,99,99.9,99.99 -p status.interval=10 -p as.host=172.16.0.4 -p as.port=3000 -p as.namespace=ycsb -p as.timeout=10000 -t
YCSB Client 0.18.0-SNAPSHOT

Loading workload...
Starting test.
2026-09-13 16:43:52:192 0 sec: 0 operations; est completion in 0 second 
DBWrapper: report latency for each error is false and specific error codes to track for latency are: []
2026-09-13 16:43:55:004 2 sec: 1000000 operations; 348553.5 current ops/sec; [READ: Count=499840, Max=115839, Min=181, Avg=650.17, 50=473, 90=867, 99=3751, 99.9=17327, 99.99=48479] [CLEANUP: Count=256, Max=1402, Min=23, Avg=90.15, 50=44, 90=165, 99=982, 99.9=1402, 99.99=1402] [UPDATE: Count=500160, Max=80575, Min=155, Avg=526.38, 50=365, 90=775, 99=3417, 99.9=12847, 99.99=30319] [Intended-READ: Count=499840, Max=115839, Min=181, Avg=650.23, 50=473, 90=867, 99=3751, 99.9=17327, 99.99=48479] [Intended-CLEANUP: Count=256, Max=1403, Min=23, Avg=90.54, 50=44, 90=166, 99=983, 99.9=1403, 99.99=1403] [Intended-UPDATE: Count=500160, Max=80575, Min=155, Avg=526.44, 50=365, 90=775, 99=3417, 99.9=12847, 99.99=30319] 
[OVERALL], RunTime(ms), 2868
[OVERALL], Throughput(ops/sec), 348675.0348675035
[TOTAL_GCS_G1_Young_Generation], Count, 13
[TOTAL_GC_TIME_G1_Young_Generation], Time(ms), 44
[TOTAL_GC_TIME_%_G1_Young_Generation], Time(%), 1.5341701534170153
[TOTAL_GCS_G1_Old_Generation], Count, 0
[TOTAL_GC_TIME_G1_Old_Generation], Time(ms), 0
[TOTAL_GC_TIME_%_G1_Old_Generation], Time(%), 0.0
[TOTAL_GCs], Count, 13
[TOTAL_GC_TIME], Time(ms), 44
[TOTAL_GC_TIME_%], Time(%), 1.5341701534170153
[READ], Operations, 499840
[READ], AverageLatency(us), 650.1706386043534
[READ], MinLatency(us), 181
[READ], MaxLatency(us), 115839
[READ], 50thPercentileLatency(us), 473
[READ], 95thPercentileLatency(us), 1186
[READ], 99thPercentileLatency(us), 3751
[READ], 99.9PercentileLatency(us), 17327
[READ], 99.99PercentileLatency(us), 48479
[READ], Return=OK, 499840
[CLEANUP], Operations, 256
[CLEANUP], AverageLatency(us), 90.1484375
[CLEANUP], MinLatency(us), 23
[CLEANUP], MaxLatency(us), 1402
[CLEANUP], 50thPercentileLatency(us), 44
[CLEANUP], 95thPercentileLatency(us), 251
[CLEANUP], 99thPercentileLatency(us), 982
[CLEANUP], 99.9PercentileLatency(us), 1402
[CLEANUP], 99.99PercentileLatency(us), 1402
[UPDATE], Operations, 500160
[UPDATE], AverageLatency(us), 526.37509796865
[UPDATE], MinLatency(us), 155
[UPDATE], MaxLatency(us), 80575
[UPDATE], 50thPercentileLatency(us), 365
[UPDATE], 95thPercentileLatency(us), 1118
[UPDATE], 99thPercentileLatency(us), 3417
[UPDATE], 99.9PercentileLatency(us), 12847
[UPDATE], 99.99PercentileLatency(us), 30319
[UPDATE], Return=OK, 500160
[Intended-READ], Operations, 499840
[Intended-READ], AverageLatency(us), 650.2250060019206
[Intended-READ], MinLatency(us), 181
[Intended-READ], MaxLatency(us), 115839
[Intended-READ], 50thPercentileLatency(us), 473
[Intended-READ], 95thPercentileLatency(us), 1186
[Intended-READ], 99thPercentileLatency(us), 3751
[Intended-READ], 99.9PercentileLatency(us), 17327
[Intended-READ], 99.99PercentileLatency(us), 48479
[Intended-CLEANUP], Operations, 256
[Intended-CLEANUP], AverageLatency(us), 90.54296875
[Intended-CLEANUP], MinLatency(us), 23
[Intended-CLEANUP], MaxLatency(us), 1403
[Intended-CLEANUP], 50thPercentileLatency(us), 44
[Intended-CLEANUP], 95thPercentileLatency(us), 252
[Intended-CLEANUP], 99thPercentileLatency(us), 983
[Intended-CLEANUP], 99.9PercentileLatency(us), 1403
[Intended-CLEANUP], 99.99PercentileLatency(us), 1403
[Intended-UPDATE], Operations, 500160
[Intended-UPDATE], AverageLatency(us), 526.4434361004479
[Intended-UPDATE], MinLatency(us), 155
[Intended-UPDATE], MaxLatency(us), 80575
[Intended-UPDATE], 50thPercentileLatency(us), 365
[Intended-UPDATE], 95thPercentileLatency(us), 1118
[Intended-UPDATE], 99thPercentileLatency(us), 3417
[Intended-UPDATE], 99.9PercentileLatency(us), 12847
[Intended-UPDATE], 99.99PercentileLatency(us), 30319
