java -cp /mnt/dev/YCSB-hreplace-dist/redis-binding/conf:/mnt/dev/YCSB-hreplace-dist/conf:/mnt/dev/YCSB-hreplace-dist/lib/htrace-core4-4.1.0-incubating.jar:/mnt/dev/YCSB-hreplace-dist/lib/slf4j-api-1.7.25.jar:/mnt/dev/YCSB-hreplace-dist/lib/jackson-mapper-asl-1.9.4.jar:/mnt/dev/YCSB-hreplace-dist/lib/HdrHistogram-2.1.12.jar:/mnt/dev/YCSB-hreplace-dist/lib/jackson-core-asl-1.9.4.jar:/mnt/dev/YCSB-hreplace-dist/lib/jedis-3.9.0.jar:/mnt/dev/YCSB-hreplace-dist/lib/core-0.18.0-SNAPSHOT.jar:/mnt/dev/YCSB-hreplace-dist/lib/commons-pool2-2.11.1.jar:/mnt/dev/YCSB-hreplace-dist/lib/redis-binding-0.18.0-SNAPSHOT.jar site.ycsb.Client -db site.ycsb.db.RedisClient -s -threads 256 -P /mnt/dev/YCSB-hreplace-dist/workloads/workloada -target 100000 -p recordcount=100000000 -p operationcount=1000000 -p fieldcount=10 -p fieldlength=128 -p fieldlengthdistribution=constant -p readallfields=true -p writeallfields=true -p insertorder=hashed -p requestdistribution=uniform -p readproportion=0.5 -p updateproportion=0.5 -p insertproportion=0 -p scanproportion=0 -p readmodifywriteproportion=0 -p measurementtype=hdrhistogram -p measurement.interval=both -p hdrhistogram.percentiles=50,95,99,99.9,99.99 -p status.interval=10 -p redis.host=172.16.0.4 -p redis.port=16379 -p redis.scanindex=none -p redis.timeout=10000 -p redis.cluster=false -p redis.updatecommand=hmset -t
Command line: -db site.ycsb.db.RedisClient -s -threads 256 -P /mnt/dev/YCSB-hreplace-dist/workloads/workloada -target 100000 -p recordcount=100000000 -p operationcount=1000000 -p fieldcount=10 -p fieldlength=128 -p fieldlengthdistribution=constant -p readallfields=true -p writeallfields=true -p insertorder=hashed -p requestdistribution=uniform -p readproportion=0.5 -p updateproportion=0.5 -p insertproportion=0 -p scanproportion=0 -p readmodifywriteproportion=0 -p measurementtype=hdrhistogram -p measurement.interval=both -p hdrhistogram.percentiles=50,95,99,99.9,99.99 -p status.interval=10 -p redis.host=172.16.0.4 -p redis.port=16379 -p redis.scanindex=none -p redis.timeout=10000 -p redis.cluster=false -p redis.updatecommand=hmset -t
YCSB Client 0.18.0-SNAPSHOT

Loading workload...
Starting test.
SLF4J: Failed to load class "org.slf4j.impl.StaticLoggerBinder".
SLF4J: Defaulting to no-operation (NOP) logger implementation
SLF4J: See http://www.slf4j.org/codes.html#StaticLoggerBinder for further details.
2026-09-13 14:50:44:517 0 sec: 0 operations; est completion in 0 second 
DBWrapper: report latency for each error is false and specific error codes to track for latency are: []
2026-09-13 14:50:54:472 10 sec: 993248 operations; 99324.8 current ops/sec; est completion in 1 second [READ: Count=496076, Max=20271, Min=171, Avg=327.02, 50=301, 90=374, 99=647, 99.9=3149, 99.99=8503] [UPDATE: Count=497419, Max=21391, Min=177, Avg=337.4, 50=308, 90=385, 99=796, 99.9=3343, 99.99=11647] [Intended-READ: Count=496349, Max=98559, Min=209, Avg=582.96, 50=360, 90=437, 99=2247, 99.9=50943, 99.99=85055] [Intended-UPDATE: Count=497650, Max=99583, Min=229, Avg=591.42, 50=367, 90=446, 99=2237, 99.9=51615, 99.99=84287] 
2026-09-13 14:50:54:562 10 sec: 1000000 operations; 75022.22 current ops/sec; [READ: Count=3312, Max=5851, Min=201, Avg=373.61, 50=303, 90=400, 99=2349, 99.9=4695, 99.99=5851] [CLEANUP: Count=256, Max=532, Min=11, Avg=27.36, 50=17, 90=30, 99=352, 99.9=532, 99.99=532] [UPDATE: Count=3193, Max=5851, Min=197, Avg=382.76, 50=309, 90=409, 99=2663, 99.9=3803, 99.99=5851] [Intended-READ: Count=3039, Max=6011, Min=259, Avg=448.18, 50=363, 90=477, 99=2761, 99.9=4755, 99.99=6011] [Intended-CLEANUP: Count=256, Max=533, Min=11, Avg=27.54, 50=18, 90=30, 99=353, 99.9=533, 99.99=533] [Intended-UPDATE: Count=2962, Max=5883, Min=262, Avg=458.26, 50=369, 90=490, 99=2851, 99.9=5327, 99.99=5883] 
[OVERALL], RunTime(ms), 10090
[OVERALL], Throughput(ops/sec), 99108.02775024777
[TOTAL_GCS_G1_Young_Generation], Count, 30
[TOTAL_GC_TIME_G1_Young_Generation], Time(ms), 29
[TOTAL_GC_TIME_%_G1_Young_Generation], Time(%), 0.28741328047571857
[TOTAL_GCS_G1_Old_Generation], Count, 0
[TOTAL_GC_TIME_G1_Old_Generation], Time(ms), 0
[TOTAL_GC_TIME_%_G1_Old_Generation], Time(%), 0.0
[TOTAL_GCs], Count, 30
[TOTAL_GC_TIME], Time(ms), 29
[TOTAL_GC_TIME_%], Time(%), 0.28741328047571857
[READ], Operations, 499388
[READ], AverageLatency(us), 327.32912084391296
[READ], MinLatency(us), 171
[READ], MaxLatency(us), 20271
[READ], 50thPercentileLatency(us), 301
[READ], 95thPercentileLatency(us), 423
[READ], 99thPercentileLatency(us), 653
[READ], 99.9PercentileLatency(us), 3171
[READ], 99.99PercentileLatency(us), 8503
[READ], Return=OK, 499388
[CLEANUP], Operations, 256
[CLEANUP], AverageLatency(us), 27.36328125
[CLEANUP], MinLatency(us), 11
[CLEANUP], MaxLatency(us), 532
[CLEANUP], 50thPercentileLatency(us), 17
[CLEANUP], 95thPercentileLatency(us), 53
[CLEANUP], 99thPercentileLatency(us), 352
[CLEANUP], 99.9PercentileLatency(us), 532
[CLEANUP], 99.99PercentileLatency(us), 532
[UPDATE], Operations, 500612
[UPDATE], AverageLatency(us), 337.6904808514378
[UPDATE], MinLatency(us), 177
[UPDATE], MaxLatency(us), 21391
[UPDATE], 50thPercentileLatency(us), 308
[UPDATE], 95thPercentileLatency(us), 438
[UPDATE], 99thPercentileLatency(us), 810
[UPDATE], 99.9PercentileLatency(us), 3349
[UPDATE], 99.99PercentileLatency(us), 11199
[UPDATE], Return=OK, 500612
[Intended-READ], Operations, 499388
[Intended-READ], AverageLatency(us), 582.1360345062357
[Intended-READ], MinLatency(us), 209
[Intended-READ], MaxLatency(us), 98559
[Intended-READ], 50thPercentileLatency(us), 360
[Intended-READ], 95thPercentileLatency(us), 500
[Intended-READ], 99thPercentileLatency(us), 2255
[Intended-READ], 99.9PercentileLatency(us), 50783
[Intended-READ], 99.99PercentileLatency(us), 85055
[Intended-CLEANUP], Operations, 256
[Intended-CLEANUP], AverageLatency(us), 27.54296875
[Intended-CLEANUP], MinLatency(us), 11
[Intended-CLEANUP], MaxLatency(us), 533
[Intended-CLEANUP], 50thPercentileLatency(us), 18
[Intended-CLEANUP], 95thPercentileLatency(us), 53
[Intended-CLEANUP], 99thPercentileLatency(us), 353
[Intended-CLEANUP], 99.9PercentileLatency(us), 533
[Intended-CLEANUP], 99.99PercentileLatency(us), 533
[Intended-UPDATE], Operations, 500612
[Intended-UPDATE], AverageLatency(us), 590.6370602382683
[Intended-UPDATE], MinLatency(us), 229
[Intended-UPDATE], MaxLatency(us), 99583
[Intended-UPDATE], 50thPercentileLatency(us), 367
[Intended-UPDATE], 95thPercentileLatency(us), 511
[Intended-UPDATE], 99thPercentileLatency(us), 2253
[Intended-UPDATE], 99.9PercentileLatency(us), 51391
[Intended-UPDATE], 99.99PercentileLatency(us), 84095
