java -cp /mnt/dev/YCSB-hreplace-dist/redis-binding/conf:/mnt/dev/YCSB-hreplace-dist/conf:/mnt/dev/YCSB-hreplace-dist/lib/htrace-core4-4.1.0-incubating.jar:/mnt/dev/YCSB-hreplace-dist/lib/slf4j-api-1.7.25.jar:/mnt/dev/YCSB-hreplace-dist/lib/jackson-mapper-asl-1.9.4.jar:/mnt/dev/YCSB-hreplace-dist/lib/HdrHistogram-2.1.12.jar:/mnt/dev/YCSB-hreplace-dist/lib/jackson-core-asl-1.9.4.jar:/mnt/dev/YCSB-hreplace-dist/lib/jedis-3.9.0.jar:/mnt/dev/YCSB-hreplace-dist/lib/core-0.18.0-SNAPSHOT.jar:/mnt/dev/YCSB-hreplace-dist/lib/commons-pool2-2.11.1.jar:/mnt/dev/YCSB-hreplace-dist/lib/redis-binding-0.18.0-SNAPSHOT.jar site.ycsb.Client -db site.ycsb.db.RedisClient -s -threads 256 -P /mnt/dev/YCSB-hreplace-dist/workloads/workloada -target 100000 -p recordcount=100000000 -p operationcount=1000000 -p fieldcount=10 -p fieldlength=128 -p fieldlengthdistribution=constant -p readallfields=true -p writeallfields=true -p insertorder=hashed -p requestdistribution=uniform -p readproportion=1 -p updateproportion=0 -p insertproportion=0 -p scanproportion=0 -p readmodifywriteproportion=0 -p measurementtype=hdrhistogram -p measurement.interval=both -p hdrhistogram.percentiles=50,95,99,99.9,99.99 -p status.interval=10 -p redis.host=172.16.0.4 -p redis.port=16379 -p redis.scanindex=none -p redis.timeout=10000 -p redis.cluster=false -p redis.updatecommand=hmset -t
Command line: -db site.ycsb.db.RedisClient -s -threads 256 -P /mnt/dev/YCSB-hreplace-dist/workloads/workloada -target 100000 -p recordcount=100000000 -p operationcount=1000000 -p fieldcount=10 -p fieldlength=128 -p fieldlengthdistribution=constant -p readallfields=true -p writeallfields=true -p insertorder=hashed -p requestdistribution=uniform -p readproportion=1 -p updateproportion=0 -p insertproportion=0 -p scanproportion=0 -p readmodifywriteproportion=0 -p measurementtype=hdrhistogram -p measurement.interval=both -p hdrhistogram.percentiles=50,95,99,99.9,99.99 -p status.interval=10 -p redis.host=172.16.0.4 -p redis.port=16379 -p redis.scanindex=none -p redis.timeout=10000 -p redis.cluster=false -p redis.updatecommand=hmset -t
YCSB Client 0.18.0-SNAPSHOT

Loading workload...
Starting test.
SLF4J: Failed to load class "org.slf4j.impl.StaticLoggerBinder".
SLF4J: Defaulting to no-operation (NOP) logger implementation
SLF4J: See http://www.slf4j.org/codes.html#StaticLoggerBinder for further details.
2026-09-13 15:27:41:498 0 sec: 0 operations; est completion in 0 second 
DBWrapper: report latency for each error is false and specific error codes to track for latency are: []
2026-09-13 15:27:51:401 10 sec: 987666 operations; 98766.6 current ops/sec; est completion in 1 second [READ: Count=987734, Max=24927, Min=210, Avg=319.49, 50=297, 90=380, 99=573, 99.9=1586, 99.99=17583] [Intended-READ: Count=988208, Max=141951, Min=223, Avg=1034.52, 50=356, 90=442, 99=22511, 99.9=105343, 99.99=129855] 
2026-09-13 15:27:51:533 10 sec: 1000000 operations; 93439.39 current ops/sec; [READ: Count=12266, Max=3421, Min=220, Avg=307.06, 50=296, 90=367, 99=479, 99.9=699, 99.99=1946] [CLEANUP: Count=256, Max=891, Min=10, Avg=39.77, 50=16, 90=31, 99=861, 99.9=891, 99.99=891] [Intended-READ: Count=11792, Max=3479, Min=246, Avg=365.11, 50=354, 90=425, 99=545, 99.9=891, 99.99=2005] [Intended-CLEANUP: Count=256, Max=892, Min=10, Avg=40.04, 50=16, 90=31, 99=862, 99.9=892, 99.99=892] 
[OVERALL], RunTime(ms), 10132
[OVERALL], Throughput(ops/sec), 98697.1969996052
[TOTAL_GCS_G1_Young_Generation], Count, 20
[TOTAL_GC_TIME_G1_Young_Generation], Time(ms), 28
[TOTAL_GC_TIME_%_G1_Young_Generation], Time(%), 0.2763521515988946
[TOTAL_GCS_G1_Old_Generation], Count, 0
[TOTAL_GC_TIME_G1_Old_Generation], Time(ms), 0
[TOTAL_GC_TIME_%_G1_Old_Generation], Time(%), 0.0
[TOTAL_GCs], Count, 20
[TOTAL_GC_TIME], Time(ms), 28
[TOTAL_GC_TIME_%], Time(%), 0.2763521515988946
[READ], Operations, 1000000
[READ], AverageLatency(us), 319.335387
[READ], MinLatency(us), 210
[READ], MaxLatency(us), 24927
[READ], 50thPercentileLatency(us), 297
[READ], 95thPercentileLatency(us), 416
[READ], 99thPercentileLatency(us), 572
[READ], 99.9PercentileLatency(us), 1584
[READ], 99.99PercentileLatency(us), 17535
[READ], Return=OK, 1000000
[CLEANUP], Operations, 256
[CLEANUP], AverageLatency(us), 39.76953125
[CLEANUP], MinLatency(us), 10
[CLEANUP], MaxLatency(us), 891
[CLEANUP], 50thPercentileLatency(us), 16
[CLEANUP], 95thPercentileLatency(us), 83
[CLEANUP], 99thPercentileLatency(us), 861
[CLEANUP], 99.9PercentileLatency(us), 891
[CLEANUP], 99.99PercentileLatency(us), 891
[Intended-READ], Operations, 1000000
[Intended-READ], AverageLatency(us), 1026.623111
[Intended-READ], MinLatency(us), 223
[Intended-READ], MaxLatency(us), 141951
[Intended-READ], 50thPercentileLatency(us), 356
[Intended-READ], 95thPercentileLatency(us), 486
[Intended-READ], 99thPercentileLatency(us), 21679
[Intended-READ], 99.9PercentileLatency(us), 105087
[Intended-READ], 99.99PercentileLatency(us), 129727
[Intended-CLEANUP], Operations, 256
[Intended-CLEANUP], AverageLatency(us), 40.0390625
[Intended-CLEANUP], MinLatency(us), 10
[Intended-CLEANUP], MaxLatency(us), 892
[Intended-CLEANUP], 50thPercentileLatency(us), 16
[Intended-CLEANUP], 95thPercentileLatency(us), 84
[Intended-CLEANUP], 99thPercentileLatency(us), 862
[Intended-CLEANUP], 99.9PercentileLatency(us), 892
[Intended-CLEANUP], 99.99PercentileLatency(us), 892
