java -cp /mnt/dev/YCSB-hreplace-dist/redis-binding/conf:/mnt/dev/YCSB-hreplace-dist/conf:/mnt/dev/YCSB-hreplace-dist/lib/htrace-core4-4.1.0-incubating.jar:/mnt/dev/YCSB-hreplace-dist/lib/slf4j-api-1.7.25.jar:/mnt/dev/YCSB-hreplace-dist/lib/jackson-mapper-asl-1.9.4.jar:/mnt/dev/YCSB-hreplace-dist/lib/HdrHistogram-2.1.12.jar:/mnt/dev/YCSB-hreplace-dist/lib/jackson-core-asl-1.9.4.jar:/mnt/dev/YCSB-hreplace-dist/lib/jedis-3.9.0.jar:/mnt/dev/YCSB-hreplace-dist/lib/core-0.18.0-SNAPSHOT.jar:/mnt/dev/YCSB-hreplace-dist/lib/commons-pool2-2.11.1.jar:/mnt/dev/YCSB-hreplace-dist/lib/redis-binding-0.18.0-SNAPSHOT.jar site.ycsb.Client -db site.ycsb.db.RedisClient -s -threads 256 -P /mnt/dev/YCSB-hreplace-dist/workloads/workloada -p recordcount=100000000 -p operationcount=20000000 -p fieldcount=10 -p fieldlength=128 -p fieldlengthdistribution=constant -p readallfields=true -p writeallfields=true -p insertorder=hashed -p requestdistribution=uniform -p readproportion=1 -p updateproportion=0 -p insertproportion=0 -p scanproportion=0 -p readmodifywriteproportion=0 -p measurementtype=hdrhistogram -p measurement.interval=op -p hdrhistogram.percentiles=50,95,99,99.9,99.99 -p status.interval=10 -p redis.host=172.16.0.4 -p redis.port=16379 -p redis.scanindex=none -p redis.timeout=10000 -p redis.cluster=false -p redis.updatecommand=hmset -t
Command line: -db site.ycsb.db.RedisClient -s -threads 256 -P /mnt/dev/YCSB-hreplace-dist/workloads/workloada -p recordcount=100000000 -p operationcount=20000000 -p fieldcount=10 -p fieldlength=128 -p fieldlengthdistribution=constant -p readallfields=true -p writeallfields=true -p insertorder=hashed -p requestdistribution=uniform -p readproportion=1 -p updateproportion=0 -p insertproportion=0 -p scanproportion=0 -p readmodifywriteproportion=0 -p measurementtype=hdrhistogram -p measurement.interval=op -p hdrhistogram.percentiles=50,95,99,99.9,99.99 -p status.interval=10 -p redis.host=172.16.0.4 -p redis.port=16379 -p redis.scanindex=none -p redis.timeout=10000 -p redis.cluster=false -p redis.updatecommand=hmset -t
YCSB Client 0.18.0-SNAPSHOT

Loading workload...
Starting test.
SLF4J: Failed to load class "org.slf4j.impl.StaticLoggerBinder".
SLF4J: Defaulting to no-operation (NOP) logger implementation
SLF4J: See http://www.slf4j.org/codes.html#StaticLoggerBinder for further details.
2026-09-13 15:18:48:563 0 sec: 0 operations; est completion in 0 second 
DBWrapper: report latency for each error is false and specific error codes to track for latency are: []
2026-09-13 15:18:58:526 10 sec: 5224906 operations; 522490.6 current ops/sec; est completion in 29 seconds [READ: Count=5225383, Max=40223, Min=222, Avg=481.57, 50=456, 90=593, 99=927, 99.9=3387, 99.99=9359] 
2026-09-13 15:19:08:526 20 sec: 10608878 operations; 538397.2 current ops/sec; est completion in 18 seconds [READ: Count=5383694, Max=5227, Min=219, Avg=473.75, 50=457, 90=585, 99=770, 99.9=2631, 99.99=4215] 
2026-09-13 15:19:18:526 30 sec: 16016241 operations; 540736.3 current ops/sec; est completion in 8 second [READ: Count=5407432, Max=5407, Min=225, Avg=471.74, 50=456, 90=580, 99=755, 99.9=2625, 99.99=4195] 
2026-09-13 15:19:28:525 40 sec: 19997454 operations; 398121.3 current ops/sec; est completion in 1 second [READ: Count=3980949, Max=5355, Min=220, Avg=447.98, 50=434, 90=561, 99=733, 99.9=2271, 99.99=4065] [CLEANUP: Count=252, Max=727, Min=16, Avg=66.4, 50=59, 90=110, 99=169, 99.9=727, 99.99=727] 
2026-09-13 15:19:29:083 40 sec: 20000000 operations; 4562.72 current ops/sec; [READ: Count=2542, Max=464, Min=269, Avg=323.9, 50=320, 90=360, 99=390, 99.9=428, 99.99=464] [CLEANUP: Count=4, Max=30, Min=18, Avg=22.25, 50=20, 90=30, 99=30, 99.9=30, 99.99=30] 
[OVERALL], RunTime(ms), 40557
[OVERALL], Throughput(ops/sec), 493133.12128609116
[TOTAL_GCS_G1_Young_Generation], Count, 244
[TOTAL_GC_TIME_G1_Young_Generation], Time(ms), 203
[TOTAL_GC_TIME_%_G1_Young_Generation], Time(%), 0.5005301181053826
[TOTAL_GCS_G1_Old_Generation], Count, 0
[TOTAL_GC_TIME_G1_Old_Generation], Time(ms), 0
[TOTAL_GC_TIME_%_G1_Old_Generation], Time(%), 0.0
[TOTAL_GCs], Count, 244
[TOTAL_GC_TIME], Time(ms), 203
[TOTAL_GC_TIME_%], Time(%), 0.5005301181053826
[READ], Operations, 20000000
[READ], AverageLatency(us), 470.098231
[READ], MinLatency(us), 219
[READ], MaxLatency(us), 40223
[READ], 50thPercentileLatency(us), 452
[READ], 95thPercentileLatency(us), 633
[READ], 99thPercentileLatency(us), 787
[READ], 99.9PercentileLatency(us), 2779
[READ], 99.99PercentileLatency(us), 4527
[READ], Return=OK, 20000000
[CLEANUP], Operations, 256
[CLEANUP], AverageLatency(us), 65.71484375
[CLEANUP], MinLatency(us), 16
[CLEANUP], MaxLatency(us), 727
[CLEANUP], 50thPercentileLatency(us), 59
[CLEANUP], 95thPercentileLatency(us), 127
[CLEANUP], 99thPercentileLatency(us), 169
[CLEANUP], 99.9PercentileLatency(us), 727
[CLEANUP], 99.99PercentileLatency(us), 727
