java -cp /mnt/dev/YCSB-hreplace-dist/redis-binding/conf:/mnt/dev/YCSB-hreplace-dist/conf:/mnt/dev/YCSB-hreplace-dist/lib/htrace-core4-4.1.0-incubating.jar:/mnt/dev/YCSB-hreplace-dist/lib/slf4j-api-1.7.25.jar:/mnt/dev/YCSB-hreplace-dist/lib/jackson-mapper-asl-1.9.4.jar:/mnt/dev/YCSB-hreplace-dist/lib/HdrHistogram-2.1.12.jar:/mnt/dev/YCSB-hreplace-dist/lib/jackson-core-asl-1.9.4.jar:/mnt/dev/YCSB-hreplace-dist/lib/jedis-3.9.0.jar:/mnt/dev/YCSB-hreplace-dist/lib/core-0.18.0-SNAPSHOT.jar:/mnt/dev/YCSB-hreplace-dist/lib/commons-pool2-2.11.1.jar:/mnt/dev/YCSB-hreplace-dist/lib/redis-binding-0.18.0-SNAPSHOT.jar site.ycsb.Client -db site.ycsb.db.RedisClient -s -threads 256 -P /mnt/dev/YCSB-hreplace-dist/workloads/workloada -p recordcount=100000000 -p operationcount=1000000 -p fieldcount=10 -p fieldlength=128 -p fieldlengthdistribution=constant -p readallfields=true -p writeallfields=true -p insertorder=hashed -p requestdistribution=uniform -p readproportion=0.5 -p updateproportion=0.5 -p insertproportion=0 -p scanproportion=0 -p readmodifywriteproportion=0 -p measurementtype=hdrhistogram -p measurement.interval=both -p hdrhistogram.percentiles=50,95,99,99.9,99.99 -p status.interval=10 -p redis.host=172.16.0.4 -p redis.port=16379 -p redis.scanindex=none -p redis.timeout=10000 -p redis.cluster=false -p redis.updatecommand=keylane.hreplace -t
Command line: -db site.ycsb.db.RedisClient -s -threads 256 -P /mnt/dev/YCSB-hreplace-dist/workloads/workloada -p recordcount=100000000 -p operationcount=1000000 -p fieldcount=10 -p fieldlength=128 -p fieldlengthdistribution=constant -p readallfields=true -p writeallfields=true -p insertorder=hashed -p requestdistribution=uniform -p readproportion=0.5 -p updateproportion=0.5 -p insertproportion=0 -p scanproportion=0 -p readmodifywriteproportion=0 -p measurementtype=hdrhistogram -p measurement.interval=both -p hdrhistogram.percentiles=50,95,99,99.9,99.99 -p status.interval=10 -p redis.host=172.16.0.4 -p redis.port=16379 -p redis.scanindex=none -p redis.timeout=10000 -p redis.cluster=false -p redis.updatecommand=keylane.hreplace -t
YCSB Client 0.18.0-SNAPSHOT

Loading workload...
Starting test.
SLF4J: Failed to load class "org.slf4j.impl.StaticLoggerBinder".
SLF4J: Defaulting to no-operation (NOP) logger implementation
SLF4J: See http://www.slf4j.org/codes.html#StaticLoggerBinder for further details.
2026-09-13 16:09:31:174 0 sec: 0 operations; est completion in 0 second 
DBWrapper: report latency for each error is false and specific error codes to track for latency are: []
2026-09-13 16:09:33:658 2 sec: 1000000 operations; 391849.53 current ops/sec; [READ: Count=499988, Max=42495, Min=192, Avg=615.6, 50=500, 90=758, 99=3499, 99.9=7811, 99.99=19679] [CLEANUP: Count=256, Max=801, Min=12, Avg=32.43, 50=23, 90=52, 99=115, 99.9=801, 99.99=801] [UPDATE: Count=500012, Max=37247, Min=159, Avg=497.54, 50=382, 90=640, 99=2905, 99.9=6643, 99.99=20223] [Intended-READ: Count=499988, Max=42495, Min=193, Avg=615.64, 50=500, 90=758, 99=3499, 99.9=7811, 99.99=19679] [Intended-CLEANUP: Count=256, Max=802, Min=12, Avg=32.87, 50=23, 90=52, 99=121, 99.9=802, 99.99=802] [Intended-UPDATE: Count=500012, Max=37247, Min=159, Avg=497.59, 50=382, 90=640, 99=2905, 99.9=6643, 99.99=20223] 
[OVERALL], RunTime(ms), 2551
[OVERALL], Throughput(ops/sec), 392003.1360250882
[TOTAL_GCS_G1_Young_Generation], Count, 22
[TOTAL_GC_TIME_G1_Young_Generation], Time(ms), 34
[TOTAL_GC_TIME_%_G1_Young_Generation], Time(%), 1.3328106624852998
[TOTAL_GCS_G1_Old_Generation], Count, 0
[TOTAL_GC_TIME_G1_Old_Generation], Time(ms), 0
[TOTAL_GC_TIME_%_G1_Old_Generation], Time(%), 0.0
[TOTAL_GCs], Count, 22
[TOTAL_GC_TIME], Time(ms), 34
[TOTAL_GC_TIME_%], Time(%), 1.3328106624852998
[READ], Operations, 499988
[READ], AverageLatency(us), 615.5962143091434
[READ], MinLatency(us), 192
[READ], MaxLatency(us), 42495
[READ], 50thPercentileLatency(us), 500
[READ], 95thPercentileLatency(us), 1084
[READ], 99thPercentileLatency(us), 3499
[READ], 99.9PercentileLatency(us), 7811
[READ], 99.99PercentileLatency(us), 19679
[READ], Return=OK, 499988
[CLEANUP], Operations, 256
[CLEANUP], AverageLatency(us), 32.42578125
[CLEANUP], MinLatency(us), 12
[CLEANUP], MaxLatency(us), 801
[CLEANUP], 50thPercentileLatency(us), 23
[CLEANUP], 95thPercentileLatency(us), 75
[CLEANUP], 99thPercentileLatency(us), 115
[CLEANUP], 99.9PercentileLatency(us), 801
[CLEANUP], 99.99PercentileLatency(us), 801
[UPDATE], Operations, 500012
[UPDATE], AverageLatency(us), 497.54481692439384
[UPDATE], MinLatency(us), 159
[UPDATE], MaxLatency(us), 37247
[UPDATE], 50thPercentileLatency(us), 382
[UPDATE], 95thPercentileLatency(us), 1100
[UPDATE], 99thPercentileLatency(us), 2905
[UPDATE], 99.9PercentileLatency(us), 6643
[UPDATE], 99.99PercentileLatency(us), 20223
[UPDATE], Return=OK, 500012
[Intended-READ], Operations, 499988
[Intended-READ], AverageLatency(us), 615.6439694552669
[Intended-READ], MinLatency(us), 193
[Intended-READ], MaxLatency(us), 42495
[Intended-READ], 50thPercentileLatency(us), 500
[Intended-READ], 95thPercentileLatency(us), 1084
[Intended-READ], 99thPercentileLatency(us), 3499
[Intended-READ], 99.9PercentileLatency(us), 7811
[Intended-READ], 99.99PercentileLatency(us), 19679
[Intended-CLEANUP], Operations, 256
[Intended-CLEANUP], AverageLatency(us), 32.8671875
[Intended-CLEANUP], MinLatency(us), 12
[Intended-CLEANUP], MaxLatency(us), 802
[Intended-CLEANUP], 50thPercentileLatency(us), 23
[Intended-CLEANUP], 95thPercentileLatency(us), 81
[Intended-CLEANUP], 99thPercentileLatency(us), 121
[Intended-CLEANUP], 99.9PercentileLatency(us), 802
[Intended-CLEANUP], 99.99PercentileLatency(us), 802
[Intended-UPDATE], Operations, 500012
[Intended-UPDATE], AverageLatency(us), 497.5884238778269
[Intended-UPDATE], MinLatency(us), 159
[Intended-UPDATE], MaxLatency(us), 37247
[Intended-UPDATE], 50thPercentileLatency(us), 382
[Intended-UPDATE], 95thPercentileLatency(us), 1100
[Intended-UPDATE], 99thPercentileLatency(us), 2905
[Intended-UPDATE], 99.9PercentileLatency(us), 6643
[Intended-UPDATE], 99.99PercentileLatency(us), 20223
