java -cp /mnt/dev/YCSB-hreplace-dist/redis-binding/conf:/mnt/dev/YCSB-hreplace-dist/conf:/mnt/dev/YCSB-hreplace-dist/lib/htrace-core4-4.1.0-incubating.jar:/mnt/dev/YCSB-hreplace-dist/lib/slf4j-api-1.7.25.jar:/mnt/dev/YCSB-hreplace-dist/lib/jackson-mapper-asl-1.9.4.jar:/mnt/dev/YCSB-hreplace-dist/lib/HdrHistogram-2.1.12.jar:/mnt/dev/YCSB-hreplace-dist/lib/jackson-core-asl-1.9.4.jar:/mnt/dev/YCSB-hreplace-dist/lib/jedis-3.9.0.jar:/mnt/dev/YCSB-hreplace-dist/lib/core-0.18.0-SNAPSHOT.jar:/mnt/dev/YCSB-hreplace-dist/lib/commons-pool2-2.11.1.jar:/mnt/dev/YCSB-hreplace-dist/lib/redis-binding-0.18.0-SNAPSHOT.jar site.ycsb.Client -db site.ycsb.db.RedisClient -s -threads 256 -P /mnt/dev/YCSB-hreplace-dist/workloads/workloada -target 100000 -p recordcount=100000000 -p operationcount=1000000 -p fieldcount=10 -p fieldlength=128 -p fieldlengthdistribution=constant -p readallfields=true -p writeallfields=true -p insertorder=hashed -p requestdistribution=uniform -p readproportion=1 -p updateproportion=0 -p insertproportion=0 -p scanproportion=0 -p readmodifywriteproportion=0 -p measurementtype=hdrhistogram -p measurement.interval=both -p hdrhistogram.percentiles=50,95,99,99.9,99.99 -p status.interval=10 -p redis.host=172.16.0.4 -p redis.port=16379 -p redis.scanindex=none -p redis.timeout=10000 -p redis.cluster=false -p redis.updatecommand=keylane.hreplace -t
Command line: -db site.ycsb.db.RedisClient -s -threads 256 -P /mnt/dev/YCSB-hreplace-dist/workloads/workloada -target 100000 -p recordcount=100000000 -p operationcount=1000000 -p fieldcount=10 -p fieldlength=128 -p fieldlengthdistribution=constant -p readallfields=true -p writeallfields=true -p insertorder=hashed -p requestdistribution=uniform -p readproportion=1 -p updateproportion=0 -p insertproportion=0 -p scanproportion=0 -p readmodifywriteproportion=0 -p measurementtype=hdrhistogram -p measurement.interval=both -p hdrhistogram.percentiles=50,95,99,99.9,99.99 -p status.interval=10 -p redis.host=172.16.0.4 -p redis.port=16379 -p redis.scanindex=none -p redis.timeout=10000 -p redis.cluster=false -p redis.updatecommand=keylane.hreplace -t
YCSB Client 0.18.0-SNAPSHOT

Loading workload...
Starting test.
SLF4J: Failed to load class "org.slf4j.impl.StaticLoggerBinder".
SLF4J: Defaulting to no-operation (NOP) logger implementation
SLF4J: See http://www.slf4j.org/codes.html#StaticLoggerBinder for further details.
2026-09-13 16:32:50:496 0 sec: 0 operations; est completion in 0 second 
DBWrapper: report latency for each error is false and specific error codes to track for latency are: []
2026-09-13 16:33:00:477 10 sec: 992659 operations; 99265.9 current ops/sec; est completion in 1 second [READ: Count=992727, Max=48095, Min=208, Avg=315.78, 50=296, 90=376, 99=509, 99.9=1373, 99.99=18431] [Intended-READ: Count=993174, Max=93375, Min=232, Avg=575.4, 50=355, 90=437, 99=1029, 99.9=53887, 99.99=80831] 
2026-09-13 16:33:00:583 10 sec: 1000000 operations; 68607.48 current ops/sec; [READ: Count=7273, Max=4331, Min=222, Avg=314.33, 50=297, 90=382, 99=518, 99.9=780, 99.99=4331] [CLEANUP: Count=256, Max=557, Min=10, Avg=28.69, 50=16, 90=32, 99=437, 99.9=557, 99.99=557] [Intended-READ: Count=6826, Max=4415, Min=242, Avg=373.09, 50=356, 90=441, 99=587, 99.9=1083, 99.99=4415] [Intended-CLEANUP: Count=256, Max=557, Min=11, Avg=28.91, 50=17, 90=32, 99=438, 99.9=557, 99.99=557] 
[OVERALL], RunTime(ms), 10106
[OVERALL], Throughput(ops/sec), 98951.11814763506
[TOTAL_GCS_G1_Young_Generation], Count, 20
[TOTAL_GC_TIME_G1_Young_Generation], Time(ms), 21
[TOTAL_GC_TIME_%_G1_Young_Generation], Time(%), 0.20779734811003364
[TOTAL_GCS_G1_Old_Generation], Count, 0
[TOTAL_GC_TIME_G1_Old_Generation], Time(ms), 0
[TOTAL_GC_TIME_%_G1_Old_Generation], Time(%), 0.0
[TOTAL_GCs], Count, 20
[TOTAL_GC_TIME], Time(ms), 21
[TOTAL_GC_TIME_%], Time(%), 0.20779734811003364
[READ], Operations, 1000000
[READ], AverageLatency(us), 315.773754
[READ], MinLatency(us), 208
[READ], MaxLatency(us), 48095
[READ], 50thPercentileLatency(us), 296
[READ], 95thPercentileLatency(us), 405
[READ], 99thPercentileLatency(us), 509
[READ], 99.9PercentileLatency(us), 1368
[READ], 99.99PercentileLatency(us), 18383
[READ], Return=OK, 1000000
[CLEANUP], Operations, 256
[CLEANUP], AverageLatency(us), 28.69140625
[CLEANUP], MinLatency(us), 10
[CLEANUP], MaxLatency(us), 557
[CLEANUP], 50thPercentileLatency(us), 16
[CLEANUP], 95thPercentileLatency(us), 59
[CLEANUP], 99thPercentileLatency(us), 437
[CLEANUP], 99.9PercentileLatency(us), 557
[CLEANUP], 99.99PercentileLatency(us), 557
[Intended-READ], Operations, 1000000
[Intended-READ], AverageLatency(us), 574.014495
[Intended-READ], MinLatency(us), 232
[Intended-READ], MaxLatency(us), 93375
[Intended-READ], 50thPercentileLatency(us), 355
[Intended-READ], 95thPercentileLatency(us), 469
[Intended-READ], 99thPercentileLatency(us), 999
[Intended-READ], 99.9PercentileLatency(us), 53759
[Intended-READ], 99.99PercentileLatency(us), 80767
[Intended-CLEANUP], Operations, 256
[Intended-CLEANUP], AverageLatency(us), 28.9140625
[Intended-CLEANUP], MinLatency(us), 11
[Intended-CLEANUP], MaxLatency(us), 557
[Intended-CLEANUP], 50thPercentileLatency(us), 17
[Intended-CLEANUP], 95thPercentileLatency(us), 60
[Intended-CLEANUP], 99thPercentileLatency(us), 438
[Intended-CLEANUP], 99.9PercentileLatency(us), 557
[Intended-CLEANUP], 99.99PercentileLatency(us), 557
