java -cp /mnt/dev/YCSB-hreplace-dist/redis-binding/conf:/mnt/dev/YCSB-hreplace-dist/conf:/mnt/dev/YCSB-hreplace-dist/lib/htrace-core4-4.1.0-incubating.jar:/mnt/dev/YCSB-hreplace-dist/lib/slf4j-api-1.7.25.jar:/mnt/dev/YCSB-hreplace-dist/lib/jackson-mapper-asl-1.9.4.jar:/mnt/dev/YCSB-hreplace-dist/lib/HdrHistogram-2.1.12.jar:/mnt/dev/YCSB-hreplace-dist/lib/jackson-core-asl-1.9.4.jar:/mnt/dev/YCSB-hreplace-dist/lib/jedis-3.9.0.jar:/mnt/dev/YCSB-hreplace-dist/lib/core-0.18.0-SNAPSHOT.jar:/mnt/dev/YCSB-hreplace-dist/lib/commons-pool2-2.11.1.jar:/mnt/dev/YCSB-hreplace-dist/lib/redis-binding-0.18.0-SNAPSHOT.jar site.ycsb.Client -db site.ycsb.db.RedisClient -s -threads 256 -P /mnt/dev/YCSB-hreplace-dist/workloads/workloada -p recordcount=100000000 -p operationcount=1000000 -p fieldcount=10 -p fieldlength=128 -p fieldlengthdistribution=constant -p readallfields=true -p writeallfields=true -p insertorder=hashed -p requestdistribution=uniform -p readproportion=1 -p updateproportion=0 -p insertproportion=0 -p scanproportion=0 -p readmodifywriteproportion=0 -p measurementtype=hdrhistogram -p measurement.interval=op -p hdrhistogram.percentiles=50,95,99,99.9,99.99 -p status.interval=10 -p redis.host=172.16.0.4 -p redis.port=16379 -p redis.scanindex=none -p redis.timeout=10000 -p redis.cluster=false -p redis.updatecommand=hmset -t
Command line: -db site.ycsb.db.RedisClient -s -threads 256 -P /mnt/dev/YCSB-hreplace-dist/workloads/workloada -p recordcount=100000000 -p operationcount=1000000 -p fieldcount=10 -p fieldlength=128 -p fieldlengthdistribution=constant -p readallfields=true -p writeallfields=true -p insertorder=hashed -p requestdistribution=uniform -p readproportion=1 -p updateproportion=0 -p insertproportion=0 -p scanproportion=0 -p readmodifywriteproportion=0 -p measurementtype=hdrhistogram -p measurement.interval=op -p hdrhistogram.percentiles=50,95,99,99.9,99.99 -p status.interval=10 -p redis.host=172.16.0.4 -p redis.port=16379 -p redis.scanindex=none -p redis.timeout=10000 -p redis.cluster=false -p redis.updatecommand=hmset -t
YCSB Client 0.18.0-SNAPSHOT

Loading workload...
Starting test.
SLF4J: Failed to load class "org.slf4j.impl.StaticLoggerBinder".
SLF4J: Defaulting to no-operation (NOP) logger implementation
SLF4J: See http://www.slf4j.org/codes.html#StaticLoggerBinder for further details.
2026-09-13 15:18:45:905 0 sec: 0 operations; est completion in 0 second 
DBWrapper: report latency for each error is false and specific error codes to track for latency are: []
2026-09-13 15:18:48:127 2 sec: 1000000 operations; 442477.88 current ops/sec; [READ: Count=1000000, Max=34143, Min=219, Avg=501.6, 50=452, 90=605, 99=1476, 99.9=4627, 99.99=19535] [CLEANUP: Count=256, Max=969, Min=12, Avg=32.84, 50=21, 90=54, 99=142, 99.9=969, 99.99=969] 
[OVERALL], RunTime(ms), 2259
[OVERALL], Throughput(ops/sec), 442673.74944665784
[TOTAL_GCS_G1_Young_Generation], Count, 18
[TOTAL_GC_TIME_G1_Young_Generation], Time(ms), 23
[TOTAL_GC_TIME_%_G1_Young_Generation], Time(%), 1.018149623727313
[TOTAL_GCS_G1_Old_Generation], Count, 0
[TOTAL_GC_TIME_G1_Old_Generation], Time(ms), 0
[TOTAL_GC_TIME_%_G1_Old_Generation], Time(%), 0.0
[TOTAL_GCs], Count, 18
[TOTAL_GC_TIME], Time(ms), 23
[TOTAL_GC_TIME_%], Time(%), 1.018149623727313
[READ], Operations, 1000000
[READ], AverageLatency(us), 501.601442
[READ], MinLatency(us), 219
[READ], MaxLatency(us), 34143
[READ], 50thPercentileLatency(us), 452
[READ], 95thPercentileLatency(us), 725
[READ], 99thPercentileLatency(us), 1476
[READ], 99.9PercentileLatency(us), 4627
[READ], 99.99PercentileLatency(us), 19535
[READ], Return=OK, 1000000
[CLEANUP], Operations, 256
[CLEANUP], AverageLatency(us), 32.83984375
[CLEANUP], MinLatency(us), 12
[CLEANUP], MaxLatency(us), 969
[CLEANUP], 50thPercentileLatency(us), 21
[CLEANUP], 95thPercentileLatency(us), 71
[CLEANUP], 99thPercentileLatency(us), 142
[CLEANUP], 99.9PercentileLatency(us), 969
[CLEANUP], 99.99PercentileLatency(us), 969
