java -cp /mnt/dev/YCSB-hreplace-dist/redis-binding/conf:/mnt/dev/YCSB-hreplace-dist/conf:/mnt/dev/YCSB-hreplace-dist/lib/htrace-core4-4.1.0-incubating.jar:/mnt/dev/YCSB-hreplace-dist/lib/slf4j-api-1.7.25.jar:/mnt/dev/YCSB-hreplace-dist/lib/jackson-mapper-asl-1.9.4.jar:/mnt/dev/YCSB-hreplace-dist/lib/HdrHistogram-2.1.12.jar:/mnt/dev/YCSB-hreplace-dist/lib/jackson-core-asl-1.9.4.jar:/mnt/dev/YCSB-hreplace-dist/lib/jedis-3.9.0.jar:/mnt/dev/YCSB-hreplace-dist/lib/core-0.18.0-SNAPSHOT.jar:/mnt/dev/YCSB-hreplace-dist/lib/commons-pool2-2.11.1.jar:/mnt/dev/YCSB-hreplace-dist/lib/redis-binding-0.18.0-SNAPSHOT.jar site.ycsb.Client -db site.ycsb.db.RedisClient -s -threads 256 -P /mnt/dev/YCSB-hreplace-dist/workloads/workloada -p recordcount=100000000 -p operationcount=5000000 -p fieldcount=10 -p fieldlength=128 -p fieldlengthdistribution=constant -p readallfields=true -p writeallfields=true -p insertorder=hashed -p requestdistribution=uniform -p readproportion=1 -p updateproportion=0 -p insertproportion=0 -p scanproportion=0 -p readmodifywriteproportion=0 -p measurementtype=hdrhistogram -p measurement.interval=both -p hdrhistogram.percentiles=50,95,99,99.9,99.99 -p status.interval=10 -p redis.host=172.16.0.4 -p redis.port=16379 -p redis.scanindex=none -p redis.timeout=10000 -p redis.cluster=false -p redis.updatecommand=keylane.hreplace -t
Command line: -db site.ycsb.db.RedisClient -s -threads 256 -P /mnt/dev/YCSB-hreplace-dist/workloads/workloada -p recordcount=100000000 -p operationcount=5000000 -p fieldcount=10 -p fieldlength=128 -p fieldlengthdistribution=constant -p readallfields=true -p writeallfields=true -p insertorder=hashed -p requestdistribution=uniform -p readproportion=1 -p updateproportion=0 -p insertproportion=0 -p scanproportion=0 -p readmodifywriteproportion=0 -p measurementtype=hdrhistogram -p measurement.interval=both -p hdrhistogram.percentiles=50,95,99,99.9,99.99 -p status.interval=10 -p redis.host=172.16.0.4 -p redis.port=16379 -p redis.scanindex=none -p redis.timeout=10000 -p redis.cluster=false -p redis.updatecommand=keylane.hreplace -t
YCSB Client 0.18.0-SNAPSHOT

Loading workload...
Starting test.
SLF4J: Failed to load class "org.slf4j.impl.StaticLoggerBinder".
SLF4J: Defaulting to no-operation (NOP) logger implementation
SLF4J: See http://www.slf4j.org/codes.html#StaticLoggerBinder for further details.
2026-09-13 16:28:41:953 0 sec: 0 operations; est completion in 0 second 
DBWrapper: report latency for each error is false and specific error codes to track for latency are: []
2026-09-13 16:28:51:873 10 sec: 4931985 operations; 493149.19 current ops/sec; est completion in 1 second [READ: Count=4932192, Max=49279, Min=218, Avg=496.46, 50=451, 90=608, 99=1371, 99.9=3853, 99.99=18015] [CLEANUP: Count=160, Max=792, Min=14, Avg=57.74, 50=44, 90=99, 99=140, 99.9=792, 99.99=792] [Intended-READ: Count=4933856, Max=49279, Min=218, Avg=496.45, 50=451, 90=608, 99=1371, 99.9=3853, 99.99=18015] [Intended-CLEANUP: Count=162, Max=794, Min=14, Avg=58.5, 50=45, 90=101, 99=140, 99.9=794, 99.99=794] 
2026-09-13 16:28:52:614 10 sec: 5000000 operations; 91788.12 current ops/sec; [READ: Count=67808, Max=1141, Min=219, Avg=350.73, 50=342, 90=421, 99=493, 99.9=781, 99.99=1002] [CLEANUP: Count=96, Max=56, Min=13, Avg=21.61, 50=19, 90=31, 99=56, 99.9=56, 99.99=56] [Intended-READ: Count=66144, Max=1141, Min=219, Avg=350.55, 50=342, 90=421, 99=492, 99.9=781, 99.99=1002] [Intended-CLEANUP: Count=94, Max=43, Min=13, Avg=21.36, 50=19, 90=30, 99=43, 99.9=43, 99.99=43] 
[OVERALL], RunTime(ms), 10741
[OVERALL], Throughput(ops/sec), 465506.0050274649
[TOTAL_GCS_G1_Young_Generation], Count, 73
[TOTAL_GC_TIME_G1_Young_Generation], Time(ms), 82
[TOTAL_GC_TIME_%_G1_Young_Generation], Time(%), 0.7634298482450423
[TOTAL_GCS_G1_Old_Generation], Count, 0
[TOTAL_GC_TIME_G1_Old_Generation], Time(ms), 0
[TOTAL_GC_TIME_%_G1_Old_Generation], Time(%), 0.0
[TOTAL_GCs], Count, 73
[TOTAL_GC_TIME], Time(ms), 82
[TOTAL_GC_TIME_%], Time(%), 0.7634298482450423
[READ], Operations, 5000000
[READ], AverageLatency(us), 494.4836432
[READ], MinLatency(us), 218
[READ], MaxLatency(us), 49279
[READ], 50thPercentileLatency(us), 450
[READ], 95thPercentileLatency(us), 738
[READ], 99thPercentileLatency(us), 1367
[READ], 99.9PercentileLatency(us), 3835
[READ], 99.99PercentileLatency(us), 17759
[READ], Return=OK, 5000000
[CLEANUP], Operations, 256
[CLEANUP], AverageLatency(us), 44.19140625
[CLEANUP], MinLatency(us), 13
[CLEANUP], MaxLatency(us), 792
[CLEANUP], 50thPercentileLatency(us), 30
[CLEANUP], 95thPercentileLatency(us), 108
[CLEANUP], 99thPercentileLatency(us), 130
[CLEANUP], 99.9PercentileLatency(us), 792
[CLEANUP], 99.99PercentileLatency(us), 792
[Intended-READ], Operations, 5000000
[Intended-READ], AverageLatency(us), 494.5201046
[Intended-READ], MinLatency(us), 218
[Intended-READ], MaxLatency(us), 49279
[Intended-READ], 50thPercentileLatency(us), 450
[Intended-READ], 95thPercentileLatency(us), 738
[Intended-READ], 99thPercentileLatency(us), 1367
[Intended-READ], 99.9PercentileLatency(us), 3835
[Intended-READ], 99.99PercentileLatency(us), 17759
[Intended-CLEANUP], Operations, 256
[Intended-CLEANUP], AverageLatency(us), 44.86328125
[Intended-CLEANUP], MinLatency(us), 13
[Intended-CLEANUP], MaxLatency(us), 794
[Intended-CLEANUP], 50thPercentileLatency(us), 30
[Intended-CLEANUP], 95thPercentileLatency(us), 108
[Intended-CLEANUP], 99thPercentileLatency(us), 130
[Intended-CLEANUP], 99.9PercentileLatency(us), 794
[Intended-CLEANUP], 99.99PercentileLatency(us), 794
