java -cp /mnt/dev/YCSB-hreplace-dist/redis-binding/conf:/mnt/dev/YCSB-hreplace-dist/conf:/mnt/dev/YCSB-hreplace-dist/lib/htrace-core4-4.1.0-incubating.jar:/mnt/dev/YCSB-hreplace-dist/lib/slf4j-api-1.7.25.jar:/mnt/dev/YCSB-hreplace-dist/lib/jackson-mapper-asl-1.9.4.jar:/mnt/dev/YCSB-hreplace-dist/lib/HdrHistogram-2.1.12.jar:/mnt/dev/YCSB-hreplace-dist/lib/jackson-core-asl-1.9.4.jar:/mnt/dev/YCSB-hreplace-dist/lib/jedis-3.9.0.jar:/mnt/dev/YCSB-hreplace-dist/lib/core-0.18.0-SNAPSHOT.jar:/mnt/dev/YCSB-hreplace-dist/lib/commons-pool2-2.11.1.jar:/mnt/dev/YCSB-hreplace-dist/lib/redis-binding-0.18.0-SNAPSHOT.jar site.ycsb.Client -db site.ycsb.db.RedisClient -s -threads 256 -P /mnt/dev/YCSB-hreplace-dist/workloads/workloada -p recordcount=100000000 -p operationcount=5000000 -p fieldcount=10 -p fieldlength=128 -p fieldlengthdistribution=constant -p readallfields=true -p writeallfields=true -p insertorder=hashed -p requestdistribution=uniform -p readproportion=0.5 -p updateproportion=0.5 -p insertproportion=0 -p scanproportion=0 -p readmodifywriteproportion=0 -p measurementtype=hdrhistogram -p measurement.interval=both -p hdrhistogram.percentiles=50,95,99,99.9,99.99 -p status.interval=10 -p redis.host=172.16.0.4 -p redis.port=16379 -p redis.scanindex=none -p redis.timeout=10000 -p redis.cluster=false -p redis.updatecommand=keylane.hreplace -t
Command line: -db site.ycsb.db.RedisClient -s -threads 256 -P /mnt/dev/YCSB-hreplace-dist/workloads/workloada -p recordcount=100000000 -p operationcount=5000000 -p fieldcount=10 -p fieldlength=128 -p fieldlengthdistribution=constant -p readallfields=true -p writeallfields=true -p insertorder=hashed -p requestdistribution=uniform -p readproportion=0.5 -p updateproportion=0.5 -p insertproportion=0 -p scanproportion=0 -p readmodifywriteproportion=0 -p measurementtype=hdrhistogram -p measurement.interval=both -p hdrhistogram.percentiles=50,95,99,99.9,99.99 -p status.interval=10 -p redis.host=172.16.0.4 -p redis.port=16379 -p redis.scanindex=none -p redis.timeout=10000 -p redis.cluster=false -p redis.updatecommand=keylane.hreplace -t
YCSB Client 0.18.0-SNAPSHOT

Loading workload...
Starting test.
SLF4J: Failed to load class "org.slf4j.impl.StaticLoggerBinder".
SLF4J: Defaulting to no-operation (NOP) logger implementation
SLF4J: See http://www.slf4j.org/codes.html#StaticLoggerBinder for further details.
2026-09-13 16:12:10:174 0 sec: 0 operations; est completion in 0 second 
DBWrapper: report latency for each error is false and specific error codes to track for latency are: []
2026-09-13 16:12:20:106 10 sec: 4722220 operations; 472174.78 current ops/sec; est completion in 1 second [READ: Count=2358782, Max=51391, Min=192, Avg=606.87, 50=506, 90=720, 99=3497, 99.9=6307, 99.99=14343] [CLEANUP: Count=28, Max=854, Min=38, Avg=133.54, 50=110, 90=200, 99=854, 99.9=854, 99.99=854] [UPDATE: Count=2368862, Max=47135, Min=158, Avg=454.36, 50=381, 90=556, 99=2457, 99.9=5355, 99.99=14583] [Intended-READ: Count=2364806, Max=51391, Min=192, Avg=606.77, 50=506, 90=720, 99=3497, 99.9=6307, 99.99=14335] [Intended-CLEANUP: Count=30, Max=855, Min=38, Avg=134.13, 50=111, 90=160, 99=855, 99.9=855, 99.99=855] [Intended-UPDATE: Count=2371463, Max=47135, Min=158, Avg=454.41, 50=381, 90=556, 99=2457, 99.9=5355, 99.99=14567] 
2026-09-13 16:12:21:432 11 sec: 5000000 operations; 209487.18 current ops/sec; [READ: Count=138945, Max=8527, Min=206, Avg=460.27, 50=395, 90=572, 99=2191, 99.9=5203, 99.99=6391] [CLEANUP: Count=228, Max=293, Min=13, Avg=40.45, 50=28, 90=77, 99=140, 99.9=293, 99.99=293] [UPDATE: Count=133411, Max=6743, Min=162, Avg=345.76, 50=298, 90=441, 99=1528, 99.9=4163, 99.99=5391] [Intended-READ: Count=132921, Max=8527, Min=206, Avg=456.11, 50=392, 90=566, 99=2147, 99.9=4975, 99.99=6115] [Intended-CLEANUP: Count=226, Max=295, Min=13, Avg=40.12, 50=29, 90=74, 99=140, 99.9=295, 99.99=295] [Intended-UPDATE: Count=130810, Max=6743, Min=162, Avg=343.41, 50=298, 90=440, 99=1465, 99.9=4059, 99.99=5303] 
[OVERALL], RunTime(ms), 11326
[OVERALL], Throughput(ops/sec), 441462.12254988524
[TOTAL_GCS_G1_Young_Generation], Count, 85
[TOTAL_GC_TIME_G1_Young_Generation], Time(ms), 99
[TOTAL_GC_TIME_%_G1_Young_Generation], Time(%), 0.8740950026487728
[TOTAL_GCS_G1_Old_Generation], Count, 0
[TOTAL_GC_TIME_G1_Old_Generation], Time(ms), 0
[TOTAL_GC_TIME_%_G1_Old_Generation], Time(%), 0.0
[TOTAL_GCs], Count, 85
[TOTAL_GC_TIME], Time(ms), 99
[TOTAL_GC_TIME_%], Time(%), 0.8740950026487728
[READ], Operations, 2497727
[READ], AverageLatency(us), 598.7159741637097
[READ], MinLatency(us), 192
[READ], MaxLatency(us), 51391
[READ], 50thPercentileLatency(us), 500
[READ], 95thPercentileLatency(us), 932
[READ], 99thPercentileLatency(us), 3439
[READ], 99.9PercentileLatency(us), 6259
[READ], 99.99PercentileLatency(us), 13719
[READ], Return=OK, 2497727
[CLEANUP], Operations, 256
[CLEANUP], AverageLatency(us), 50.62890625
[CLEANUP], MinLatency(us), 13
[CLEANUP], MaxLatency(us), 854
[CLEANUP], 50thPercentileLatency(us), 31
[CLEANUP], 95thPercentileLatency(us), 129
[CLEANUP], 99thPercentileLatency(us), 221
[CLEANUP], 99.9PercentileLatency(us), 854
[CLEANUP], 99.99PercentileLatency(us), 854
[UPDATE], Operations, 2502273
[UPDATE], AverageLatency(us), 448.57159590500316
[UPDATE], MinLatency(us), 158
[UPDATE], MaxLatency(us), 47135
[UPDATE], 50thPercentileLatency(us), 377
[UPDATE], 95thPercentileLatency(us), 704
[UPDATE], 99thPercentileLatency(us), 2413
[UPDATE], 99.9PercentileLatency(us), 5303
[UPDATE], 99.99PercentileLatency(us), 14279
[UPDATE], Return=OK, 2502273
[Intended-READ], Operations, 2497727
[Intended-READ], AverageLatency(us), 598.7528000458017
[Intended-READ], MinLatency(us), 192
[Intended-READ], MaxLatency(us), 51391
[Intended-READ], 50thPercentileLatency(us), 500
[Intended-READ], 95thPercentileLatency(us), 932
[Intended-READ], 99thPercentileLatency(us), 3439
[Intended-READ], 99.9PercentileLatency(us), 6259
[Intended-READ], 99.99PercentileLatency(us), 13719
[Intended-CLEANUP], Operations, 256
[Intended-CLEANUP], AverageLatency(us), 51.13671875
[Intended-CLEANUP], MinLatency(us), 13
[Intended-CLEANUP], MaxLatency(us), 855
[Intended-CLEANUP], 50thPercentileLatency(us), 31
[Intended-CLEANUP], 95thPercentileLatency(us), 130
[Intended-CLEANUP], 99thPercentileLatency(us), 221
[Intended-CLEANUP], 99.9PercentileLatency(us), 855
[Intended-CLEANUP], 99.99PercentileLatency(us), 855
[Intended-UPDATE], Operations, 2502273
[Intended-UPDATE], AverageLatency(us), 448.6078681262996
[Intended-UPDATE], MinLatency(us), 158
[Intended-UPDATE], MaxLatency(us), 47135
[Intended-UPDATE], 50thPercentileLatency(us), 377
[Intended-UPDATE], 95thPercentileLatency(us), 704
[Intended-UPDATE], 99thPercentileLatency(us), 2413
[Intended-UPDATE], 99.9PercentileLatency(us), 5303
[Intended-UPDATE], 99.99PercentileLatency(us), 14279
