java -cp /mnt/dev/YCSB-hreplace-dist/redis-binding/conf:/mnt/dev/YCSB-hreplace-dist/conf:/mnt/dev/YCSB-hreplace-dist/lib/htrace-core4-4.1.0-incubating.jar:/mnt/dev/YCSB-hreplace-dist/lib/slf4j-api-1.7.25.jar:/mnt/dev/YCSB-hreplace-dist/lib/jackson-mapper-asl-1.9.4.jar:/mnt/dev/YCSB-hreplace-dist/lib/HdrHistogram-2.1.12.jar:/mnt/dev/YCSB-hreplace-dist/lib/jackson-core-asl-1.9.4.jar:/mnt/dev/YCSB-hreplace-dist/lib/jedis-3.9.0.jar:/mnt/dev/YCSB-hreplace-dist/lib/core-0.18.0-SNAPSHOT.jar:/mnt/dev/YCSB-hreplace-dist/lib/commons-pool2-2.11.1.jar:/mnt/dev/YCSB-hreplace-dist/lib/redis-binding-0.18.0-SNAPSHOT.jar site.ycsb.Client -db site.ycsb.db.RedisClient -s -threads 256 -P /mnt/dev/YCSB-hreplace-dist/workloads/workloada -target 100000 -p recordcount=100000000 -p operationcount=1000000 -p fieldcount=10 -p fieldlength=128 -p fieldlengthdistribution=constant -p readallfields=true -p writeallfields=true -p insertorder=hashed -p requestdistribution=uniform -p readproportion=0.5 -p updateproportion=0.5 -p insertproportion=0 -p scanproportion=0 -p readmodifywriteproportion=0 -p measurementtype=hdrhistogram -p measurement.interval=both -p hdrhistogram.percentiles=50,95,99,99.9,99.99 -p status.interval=10 -p redis.host=172.16.0.4 -p redis.port=16379 -p redis.scanindex=none -p redis.timeout=10000 -p redis.cluster=false -p redis.updatecommand=keylane.hreplace -t
Command line: -db site.ycsb.db.RedisClient -s -threads 256 -P /mnt/dev/YCSB-hreplace-dist/workloads/workloada -target 100000 -p recordcount=100000000 -p operationcount=1000000 -p fieldcount=10 -p fieldlength=128 -p fieldlengthdistribution=constant -p readallfields=true -p writeallfields=true -p insertorder=hashed -p requestdistribution=uniform -p readproportion=0.5 -p updateproportion=0.5 -p insertproportion=0 -p scanproportion=0 -p readmodifywriteproportion=0 -p measurementtype=hdrhistogram -p measurement.interval=both -p hdrhistogram.percentiles=50,95,99,99.9,99.99 -p status.interval=10 -p redis.host=172.16.0.4 -p redis.port=16379 -p redis.scanindex=none -p redis.timeout=10000 -p redis.cluster=false -p redis.updatecommand=keylane.hreplace -t
YCSB Client 0.18.0-SNAPSHOT

Loading workload...
Starting test.
SLF4J: Failed to load class "org.slf4j.impl.StaticLoggerBinder".
SLF4J: Defaulting to no-operation (NOP) logger implementation
SLF4J: See http://www.slf4j.org/codes.html#StaticLoggerBinder for further details.
2026-09-13 16:13:42:375 0 sec: 0 operations; est completion in 0 second 
DBWrapper: report latency for each error is false and specific error codes to track for latency are: []
2026-09-13 16:13:52:290 10 sec: 988592 operations; 98859.2 current ops/sec; est completion in 1 second [READ: Count=494313, Max=20255, Min=171, Avg=327.02, 50=299, 90=359, 99=934, 99.9=4089, 99.99=9271] [UPDATE: Count=494550, Max=21247, Min=149, Avg=249.36, 50=220, 90=281, 99=1024, 99.9=2963, 99.99=10911] [Intended-READ: Count=494581, Max=105279, Min=206, Avg=605.27, 50=357, 90=422, 99=3151, 99.9=52895, 99.99=88831] [Intended-UPDATE: Count=494789, Max=106303, Min=172, Avg=521.5, 50=280, 90=343, 99=2507, 99.9=51839, 99.99=89983] 
2026-09-13 16:13:52:420 10 sec: 1000000 operations; 87753.85 current ops/sec; [READ: Count=5694, Max=747, Min=223, Avg=306.4, 50=297, 90=358, 99=495, 99.9=609, 99.99=747] [CLEANUP: Count=256, Max=707, Min=11, Avg=37.59, 50=17, 90=38, 99=556, 99.9=707, 99.99=707] [UPDATE: Count=5443, Max=1003, Min=158, Avg=228.62, 50=218, 90=280, 99=397, 99.9=524, 99.99=1003] [Intended-READ: Count=5426, Max=810, Min=252, Avg=364.46, 50=356, 90=418, 99=553, 99.9=671, 99.99=810] [Intended-CLEANUP: Count=256, Max=707, Min=11, Avg=37.84, 50=18, 90=38, 99=557, 99.9=707, 99.99=707] [Intended-UPDATE: Count=5204, Max=881, Min=192, Avg=286.52, 50=277, 90=340, 99=454, 99.9=562, 99.99=881] 
[OVERALL], RunTime(ms), 10130
[OVERALL], Throughput(ops/sec), 98716.68311944719
[TOTAL_GCS_G1_Young_Generation], Count, 29
[TOTAL_GC_TIME_G1_Young_Generation], Time(ms), 30
[TOTAL_GC_TIME_%_G1_Young_Generation], Time(%), 0.29615004935834155
[TOTAL_GCS_G1_Old_Generation], Count, 0
[TOTAL_GC_TIME_G1_Old_Generation], Time(ms), 0
[TOTAL_GC_TIME_%_G1_Old_Generation], Time(%), 0.0
[TOTAL_GCs], Count, 29
[TOTAL_GC_TIME], Time(ms), 30
[TOTAL_GC_TIME_%], Time(%), 0.29615004935834155
[READ], Operations, 500007
[READ], AverageLatency(us), 326.7853490051139
[READ], MinLatency(us), 171
[READ], MaxLatency(us), 20255
[READ], 50thPercentileLatency(us), 299
[READ], 95thPercentileLatency(us), 395
[READ], 99thPercentileLatency(us), 923
[READ], 99.9PercentileLatency(us), 4073
[READ], 99.99PercentileLatency(us), 9231
[READ], Return=OK, 500007
[CLEANUP], Operations, 256
[CLEANUP], AverageLatency(us), 37.58984375
[CLEANUP], MinLatency(us), 11
[CLEANUP], MaxLatency(us), 707
[CLEANUP], 50thPercentileLatency(us), 17
[CLEANUP], 95thPercentileLatency(us), 112
[CLEANUP], 99thPercentileLatency(us), 556
[CLEANUP], 99.9PercentileLatency(us), 707
[CLEANUP], 99.99PercentileLatency(us), 707
[UPDATE], Operations, 499993
[UPDATE], AverageLatency(us), 249.13818793463108
[UPDATE], MinLatency(us), 149
[UPDATE], MaxLatency(us), 21247
[UPDATE], 50thPercentileLatency(us), 220
[UPDATE], 95thPercentileLatency(us), 318
[UPDATE], 99thPercentileLatency(us), 1014
[UPDATE], 99.9PercentileLatency(us), 2951
[UPDATE], 99.99PercentileLatency(us), 10911
[UPDATE], Return=OK, 499993
[Intended-READ], Operations, 500007
[Intended-READ], AverageLatency(us), 602.6607767491255
[Intended-READ], MinLatency(us), 206
[Intended-READ], MaxLatency(us), 105279
[Intended-READ], 50thPercentileLatency(us), 357
[Intended-READ], 95thPercentileLatency(us), 466
[Intended-READ], 99thPercentileLatency(us), 3071
[Intended-READ], 99.9PercentileLatency(us), 52511
[Intended-READ], 99.99PercentileLatency(us), 88511
[Intended-CLEANUP], Operations, 256
[Intended-CLEANUP], AverageLatency(us), 37.84375
[Intended-CLEANUP], MinLatency(us), 11
[Intended-CLEANUP], MaxLatency(us), 707
[Intended-CLEANUP], 50thPercentileLatency(us), 18
[Intended-CLEANUP], 95thPercentileLatency(us), 112
[Intended-CLEANUP], 99thPercentileLatency(us), 557
[Intended-CLEANUP], 99.9PercentileLatency(us), 707
[Intended-CLEANUP], 99.99PercentileLatency(us), 707
[Intended-UPDATE], Operations, 499993
[Intended-UPDATE], AverageLatency(us), 519.0572348012872
[Intended-UPDATE], MinLatency(us), 172
[Intended-UPDATE], MaxLatency(us), 106303
[Intended-UPDATE], 50thPercentileLatency(us), 279
[Intended-UPDATE], 95thPercentileLatency(us), 385
[Intended-UPDATE], 99thPercentileLatency(us), 2465
[Intended-UPDATE], 99.9PercentileLatency(us), 51679
[Intended-UPDATE], 99.99PercentileLatency(us), 89983
