java -cp /mnt/dev/YCSB-hreplace-dist/redis-binding/conf:/mnt/dev/YCSB-hreplace-dist/conf:/mnt/dev/YCSB-hreplace-dist/lib/htrace-core4-4.1.0-incubating.jar:/mnt/dev/YCSB-hreplace-dist/lib/slf4j-api-1.7.25.jar:/mnt/dev/YCSB-hreplace-dist/lib/jackson-mapper-asl-1.9.4.jar:/mnt/dev/YCSB-hreplace-dist/lib/HdrHistogram-2.1.12.jar:/mnt/dev/YCSB-hreplace-dist/lib/jackson-core-asl-1.9.4.jar:/mnt/dev/YCSB-hreplace-dist/lib/jedis-3.9.0.jar:/mnt/dev/YCSB-hreplace-dist/lib/core-0.18.0-SNAPSHOT.jar:/mnt/dev/YCSB-hreplace-dist/lib/commons-pool2-2.11.1.jar:/mnt/dev/YCSB-hreplace-dist/lib/redis-binding-0.18.0-SNAPSHOT.jar site.ycsb.Client -db site.ycsb.db.RedisClient -s -threads 256 -P /mnt/dev/YCSB-hreplace-dist/workloads/workloada -p recordcount=100000000 -p operationcount=1000000 -p fieldcount=10 -p fieldlength=128 -p fieldlengthdistribution=constant -p readallfields=true -p writeallfields=true -p insertorder=hashed -p requestdistribution=uniform -p readproportion=0.5 -p updateproportion=0.5 -p insertproportion=0 -p scanproportion=0 -p readmodifywriteproportion=0 -p measurementtype=hdrhistogram -p measurement.interval=both -p hdrhistogram.percentiles=50,95,99,99.9,99.99 -p status.interval=10 -p redis.host=172.16.0.4 -p redis.port=16379 -p redis.scanindex=none -p redis.timeout=10000 -p redis.cluster=false -p redis.updatecommand=hmset -t
Command line: -db site.ycsb.db.RedisClient -s -threads 256 -P /mnt/dev/YCSB-hreplace-dist/workloads/workloada -p recordcount=100000000 -p operationcount=1000000 -p fieldcount=10 -p fieldlength=128 -p fieldlengthdistribution=constant -p readallfields=true -p writeallfields=true -p insertorder=hashed -p requestdistribution=uniform -p readproportion=0.5 -p updateproportion=0.5 -p insertproportion=0 -p scanproportion=0 -p readmodifywriteproportion=0 -p measurementtype=hdrhistogram -p measurement.interval=both -p hdrhistogram.percentiles=50,95,99,99.9,99.99 -p status.interval=10 -p redis.host=172.16.0.4 -p redis.port=16379 -p redis.scanindex=none -p redis.timeout=10000 -p redis.cluster=false -p redis.updatecommand=hmset -t
YCSB Client 0.18.0-SNAPSHOT

Loading workload...
Starting test.
SLF4J: Failed to load class "org.slf4j.impl.StaticLoggerBinder".
SLF4J: Defaulting to no-operation (NOP) logger implementation
SLF4J: See http://www.slf4j.org/codes.html#StaticLoggerBinder for further details.
2026-09-13 15:35:11:509 0 sec: 0 operations; est completion in 0 second 
DBWrapper: report latency for each error is false and specific error codes to track for latency are: []
2026-09-13 15:35:14:196 2 sec: 1000000 operations; 366032.21 current ops/sec; [READ: Count=500327, Max=50943, Min=209, Avg=603.14, 50=502, 90=732, 99=3559, 99.9=7719, 99.99=29887] [CLEANUP: Count=256, Max=877, Min=12, Avg=31.48, 50=22, 90=49, 99=109, 99.9=877, 99.99=877] [UPDATE: Count=499673, Max=52255, Min=213, Avg=640.54, 50=519, 90=800, 99=3707, 99.9=8131, 99.99=34399] [Intended-READ: Count=500327, Max=50943, Min=209, Avg=603.18, 50=502, 90=732, 99=3559, 99.9=7719, 99.99=29887] [Intended-CLEANUP: Count=256, Max=878, Min=12, Avg=31.81, 50=22, 90=49, 99=110, 99.9=878, 99.99=878] [Intended-UPDATE: Count=499673, Max=52255, Min=213, Avg=640.58, 50=519, 90=800, 99=3707, 99.9=8131, 99.99=34399] 
[OVERALL], RunTime(ms), 2731
[OVERALL], Throughput(ops/sec), 366166.2394727206
[TOTAL_GCS_G1_Young_Generation], Count, 22
[TOTAL_GC_TIME_G1_Young_Generation], Time(ms), 34
[TOTAL_GC_TIME_%_G1_Young_Generation], Time(%), 1.2449652142072503
[TOTAL_GCS_G1_Old_Generation], Count, 0
[TOTAL_GC_TIME_G1_Old_Generation], Time(ms), 0
[TOTAL_GC_TIME_%_G1_Old_Generation], Time(%), 0.0
[TOTAL_GCs], Count, 22
[TOTAL_GC_TIME], Time(ms), 34
[TOTAL_GC_TIME_%], Time(%), 1.2449652142072503
[READ], Operations, 500327
[READ], AverageLatency(us), 603.1419911377959
[READ], MinLatency(us), 209
[READ], MaxLatency(us), 50943
[READ], 50thPercentileLatency(us), 502
[READ], 95thPercentileLatency(us), 951
[READ], 99thPercentileLatency(us), 3559
[READ], 99.9PercentileLatency(us), 7719
[READ], 99.99PercentileLatency(us), 29887
[READ], Return=OK, 500327
[CLEANUP], Operations, 256
[CLEANUP], AverageLatency(us), 31.4765625
[CLEANUP], MinLatency(us), 12
[CLEANUP], MaxLatency(us), 877
[CLEANUP], 50thPercentileLatency(us), 22
[CLEANUP], 95thPercentileLatency(us), 73
[CLEANUP], 99thPercentileLatency(us), 109
[CLEANUP], 99.9PercentileLatency(us), 877
[CLEANUP], 99.99PercentileLatency(us), 877
[UPDATE], Operations, 499673
[UPDATE], AverageLatency(us), 640.5408537183318
[UPDATE], MinLatency(us), 213
[UPDATE], MaxLatency(us), 52255
[UPDATE], 50thPercentileLatency(us), 519
[UPDATE], 95thPercentileLatency(us), 1146
[UPDATE], 99thPercentileLatency(us), 3707
[UPDATE], 99.9PercentileLatency(us), 8131
[UPDATE], 99.99PercentileLatency(us), 34399
[UPDATE], Return=OK, 499673
[Intended-READ], Operations, 500327
[Intended-READ], AverageLatency(us), 603.1806678432305
[Intended-READ], MinLatency(us), 209
[Intended-READ], MaxLatency(us), 50943
[Intended-READ], 50thPercentileLatency(us), 502
[Intended-READ], 95thPercentileLatency(us), 951
[Intended-READ], 99thPercentileLatency(us), 3559
[Intended-READ], 99.9PercentileLatency(us), 7719
[Intended-READ], 99.99PercentileLatency(us), 29887
[Intended-CLEANUP], Operations, 256
[Intended-CLEANUP], AverageLatency(us), 31.8125
[Intended-CLEANUP], MinLatency(us), 12
[Intended-CLEANUP], MaxLatency(us), 878
[Intended-CLEANUP], 50thPercentileLatency(us), 22
[Intended-CLEANUP], 95thPercentileLatency(us), 73
[Intended-CLEANUP], 99thPercentileLatency(us), 110
[Intended-CLEANUP], 99.9PercentileLatency(us), 878
[Intended-CLEANUP], 99.99PercentileLatency(us), 878
[Intended-UPDATE], Operations, 499673
[Intended-UPDATE], AverageLatency(us), 640.5778299007551
[Intended-UPDATE], MinLatency(us), 213
[Intended-UPDATE], MaxLatency(us), 52255
[Intended-UPDATE], 50thPercentileLatency(us), 519
[Intended-UPDATE], 95thPercentileLatency(us), 1146
[Intended-UPDATE], 99thPercentileLatency(us), 3707
[Intended-UPDATE], 99.9PercentileLatency(us), 8131
[Intended-UPDATE], 99.99PercentileLatency(us), 34399
