java -cp /mnt/dev/YCSB-hreplace-dist/redis-binding/conf:/mnt/dev/YCSB-hreplace-dist/conf:/mnt/dev/YCSB-hreplace-dist/lib/htrace-core4-4.1.0-incubating.jar:/mnt/dev/YCSB-hreplace-dist/lib/slf4j-api-1.7.25.jar:/mnt/dev/YCSB-hreplace-dist/lib/jackson-mapper-asl-1.9.4.jar:/mnt/dev/YCSB-hreplace-dist/lib/HdrHistogram-2.1.12.jar:/mnt/dev/YCSB-hreplace-dist/lib/jackson-core-asl-1.9.4.jar:/mnt/dev/YCSB-hreplace-dist/lib/jedis-3.9.0.jar:/mnt/dev/YCSB-hreplace-dist/lib/core-0.18.0-SNAPSHOT.jar:/mnt/dev/YCSB-hreplace-dist/lib/commons-pool2-2.11.1.jar:/mnt/dev/YCSB-hreplace-dist/lib/redis-binding-0.18.0-SNAPSHOT.jar site.ycsb.Client -db site.ycsb.db.RedisClient -s -threads 256 -P /mnt/dev/YCSB-hreplace-dist/workloads/workloada -p recordcount=100000000 -p operationcount=5000000 -p fieldcount=10 -p fieldlength=128 -p fieldlengthdistribution=constant -p readallfields=true -p writeallfields=true -p insertorder=hashed -p requestdistribution=uniform -p readproportion=1 -p updateproportion=0 -p insertproportion=0 -p scanproportion=0 -p readmodifywriteproportion=0 -p measurementtype=hdrhistogram -p measurement.interval=both -p hdrhistogram.percentiles=50,95,99,99.9,99.99 -p status.interval=10 -p redis.host=172.16.0.4 -p redis.port=16379 -p redis.scanindex=none -p redis.timeout=10000 -p redis.cluster=false -p redis.updatecommand=keylane.hreplace -t
Command line: -db site.ycsb.db.RedisClient -s -threads 256 -P /mnt/dev/YCSB-hreplace-dist/workloads/workloada -p recordcount=100000000 -p operationcount=5000000 -p fieldcount=10 -p fieldlength=128 -p fieldlengthdistribution=constant -p readallfields=true -p writeallfields=true -p insertorder=hashed -p requestdistribution=uniform -p readproportion=1 -p updateproportion=0 -p insertproportion=0 -p scanproportion=0 -p readmodifywriteproportion=0 -p measurementtype=hdrhistogram -p measurement.interval=both -p hdrhistogram.percentiles=50,95,99,99.9,99.99 -p status.interval=10 -p redis.host=172.16.0.4 -p redis.port=16379 -p redis.scanindex=none -p redis.timeout=10000 -p redis.cluster=false -p redis.updatecommand=keylane.hreplace -t
YCSB Client 0.18.0-SNAPSHOT

Loading workload...
Starting test.
SLF4J: Failed to load class "org.slf4j.impl.StaticLoggerBinder".
SLF4J: Defaulting to no-operation (NOP) logger implementation
SLF4J: See http://www.slf4j.org/codes.html#StaticLoggerBinder for further details.
2026-09-13 16:33:54:730 0 sec: 0 operations; est completion in 0 second 
DBWrapper: report latency for each error is false and specific error codes to track for latency are: []
2026-09-13 16:34:04:694 10 sec: 4996624 operations; 499662.4 current ops/sec; est completion in 1 second [READ: Count=4996640, Max=81279, Min=225, Avg=468.68, 50=446, 90=569, 99=898, 99.9=3193, 99.99=7031] [CLEANUP: Count=248, Max=701, Min=13, Avg=43.03, 50=29, 90=82, 99=136, 99.9=701, 99.99=701] [Intended-READ: Count=4996755, Max=81279, Min=225, Avg=468.71, 50=446, 90=569, 99=898, 99.9=3193, 99.99=7031] [Intended-CLEANUP: Count=248, Max=702, Min=13, Avg=43.72, 50=29, 90=83, 99=137, 99.9=702, 99.99=702] 
2026-09-13 16:34:04:938 10 sec: 5000000 operations; 13836.07 current ops/sec; [READ: Count=3360, Max=550, Min=261, Avg=333.4, 50=327, 90=380, 99=439, 99.9=507, 99.99=550] [CLEANUP: Count=8, Max=35, Min=16, Avg=21.75, 50=21, 90=35, 99=35, 99.9=35, 99.99=35] [Intended-READ: Count=3245, Max=550, Min=261, Avg=333.89, 50=328, 90=381, 99=440, 99.9=507, 99.99=550] [Intended-CLEANUP: Count=8, Max=35, Min=17, Avg=21.88, 50=21, 90=35, 99=35, 99.9=35, 99.99=35] 
[OVERALL], RunTime(ms), 10244
[OVERALL], Throughput(ops/sec), 488090.58961343224
[TOTAL_GCS_G1_Young_Generation], Count, 67
[TOTAL_GC_TIME_G1_Young_Generation], Time(ms), 70
[TOTAL_GC_TIME_%_G1_Young_Generation], Time(%), 0.6833268254588051
[TOTAL_GCS_G1_Old_Generation], Count, 0
[TOTAL_GC_TIME_G1_Old_Generation], Time(ms), 0
[TOTAL_GC_TIME_%_G1_Old_Generation], Time(%), 0.0
[TOTAL_GCs], Count, 67
[TOTAL_GC_TIME], Time(ms), 70
[TOTAL_GC_TIME_%], Time(%), 0.6833268254588051
[READ], Operations, 5000000
[READ], AverageLatency(us), 468.585505
[READ], MinLatency(us), 225
[READ], MaxLatency(us), 81279
[READ], 50thPercentileLatency(us), 446
[READ], 95thPercentileLatency(us), 621
[READ], 99thPercentileLatency(us), 897
[READ], 99.9PercentileLatency(us), 3191
[READ], 99.99PercentileLatency(us), 7027
[READ], Return=OK, 5000000
[CLEANUP], Operations, 256
[CLEANUP], AverageLatency(us), 42.3671875
[CLEANUP], MinLatency(us), 13
[CLEANUP], MaxLatency(us), 701
[CLEANUP], 50thPercentileLatency(us), 29
[CLEANUP], 95thPercentileLatency(us), 100
[CLEANUP], 99thPercentileLatency(us), 136
[CLEANUP], 99.9PercentileLatency(us), 701
[CLEANUP], 99.99PercentileLatency(us), 701
[Intended-READ], Operations, 5000000
[Intended-READ], AverageLatency(us), 468.6219106
[Intended-READ], MinLatency(us), 225
[Intended-READ], MaxLatency(us), 81279
[Intended-READ], 50thPercentileLatency(us), 446
[Intended-READ], 95thPercentileLatency(us), 621
[Intended-READ], 99thPercentileLatency(us), 898
[Intended-READ], 99.9PercentileLatency(us), 3191
[Intended-READ], 99.99PercentileLatency(us), 7027
[Intended-CLEANUP], Operations, 256
[Intended-CLEANUP], AverageLatency(us), 43.0390625
[Intended-CLEANUP], MinLatency(us), 13
[Intended-CLEANUP], MaxLatency(us), 702
[Intended-CLEANUP], 50thPercentileLatency(us), 29
[Intended-CLEANUP], 95thPercentileLatency(us), 100
[Intended-CLEANUP], 99thPercentileLatency(us), 137
[Intended-CLEANUP], 99.9PercentileLatency(us), 702
[Intended-CLEANUP], 99.99PercentileLatency(us), 702
