java -cp /mnt/dev/YCSB-hreplace-dist/redis-binding/conf:/mnt/dev/YCSB-hreplace-dist/conf:/mnt/dev/YCSB-hreplace-dist/lib/htrace-core4-4.1.0-incubating.jar:/mnt/dev/YCSB-hreplace-dist/lib/slf4j-api-1.7.25.jar:/mnt/dev/YCSB-hreplace-dist/lib/jackson-mapper-asl-1.9.4.jar:/mnt/dev/YCSB-hreplace-dist/lib/HdrHistogram-2.1.12.jar:/mnt/dev/YCSB-hreplace-dist/lib/jackson-core-asl-1.9.4.jar:/mnt/dev/YCSB-hreplace-dist/lib/jedis-3.9.0.jar:/mnt/dev/YCSB-hreplace-dist/lib/core-0.18.0-SNAPSHOT.jar:/mnt/dev/YCSB-hreplace-dist/lib/commons-pool2-2.11.1.jar:/mnt/dev/YCSB-hreplace-dist/lib/redis-binding-0.18.0-SNAPSHOT.jar site.ycsb.Client -db site.ycsb.db.RedisClient -s -threads 256 -P /mnt/dev/YCSB-hreplace-dist/workloads/workloada -p recordcount=100000000 -p operationcount=5000000 -p fieldcount=10 -p fieldlength=128 -p fieldlengthdistribution=constant -p readallfields=true -p writeallfields=true -p insertorder=hashed -p requestdistribution=uniform -p readproportion=0.5 -p updateproportion=0.5 -p insertproportion=0 -p scanproportion=0 -p readmodifywriteproportion=0 -p measurementtype=hdrhistogram -p measurement.interval=both -p hdrhistogram.percentiles=50,95,99,99.9,99.99 -p status.interval=10 -p redis.host=172.16.0.4 -p redis.port=16379 -p redis.scanindex=none -p redis.timeout=10000 -p redis.cluster=false -p redis.updatecommand=keylane.hreplace -t
Command line: -db site.ycsb.db.RedisClient -s -threads 256 -P /mnt/dev/YCSB-hreplace-dist/workloads/workloada -p recordcount=100000000 -p operationcount=5000000 -p fieldcount=10 -p fieldlength=128 -p fieldlengthdistribution=constant -p readallfields=true -p writeallfields=true -p insertorder=hashed -p requestdistribution=uniform -p readproportion=0.5 -p updateproportion=0.5 -p insertproportion=0 -p scanproportion=0 -p readmodifywriteproportion=0 -p measurementtype=hdrhistogram -p measurement.interval=both -p hdrhistogram.percentiles=50,95,99,99.9,99.99 -p status.interval=10 -p redis.host=172.16.0.4 -p redis.port=16379 -p redis.scanindex=none -p redis.timeout=10000 -p redis.cluster=false -p redis.updatecommand=keylane.hreplace -t
YCSB Client 0.18.0-SNAPSHOT

Loading workload...
Starting test.
SLF4J: Failed to load class "org.slf4j.impl.StaticLoggerBinder".
SLF4J: Defaulting to no-operation (NOP) logger implementation
SLF4J: See http://www.slf4j.org/codes.html#StaticLoggerBinder for further details.
2026-09-13 16:01:46:923 0 sec: 0 operations; est completion in 0 second 
DBWrapper: report latency for each error is false and specific error codes to track for latency are: []
2026-09-13 16:01:56:869 10 sec: 4763542 operations; 476354.2 current ops/sec; est completion in 1 second [READ: Count=2382678, Max=31071, Min=186, Avg=602.72, 50=506, 90=712, 99=3441, 99.9=6135, 99.99=12071] [CLEANUP: Count=41, Max=789, Min=32, Avg=96.63, 50=77, 90=119, 99=789, 99.9=789, 99.99=789] [UPDATE: Count=2384007, Max=29759, Min=157, Avg=449.55, 50=381, 90=546, 99=2467, 99.9=5207, 99.99=10719] [Intended-READ: Count=2387892, Max=31071, Min=186, Avg=602.62, 50=506, 90=712, 99=3439, 99.9=6135, 99.99=12071] [Intended-CLEANUP: Count=42, Max=791, Min=33, Avg=97.4, 50=78, 90=120, 99=791, 99.9=791, 99.99=791] [Intended-UPDATE: Count=2387557, Max=29759, Min=157, Avg=449.54, 50=381, 90=546, 99=2465, 99.9=5203, 99.99=10719] 
2026-09-13 16:01:57:889 11 sec: 5000000 operations; 231821.57 current ops/sec; [READ: Count=118257, Max=5899, Min=211, Avg=424.42, 50=376, 90=515, 99=1628, 99.9=4475, 99.99=5143] [CLEANUP: Count=215, Max=269, Min=14, Avg=34.93, 50=29, 90=56, 99=114, 99.9=269, 99.99=269] [UPDATE: Count=115058, Max=5455, Min=162, Avg=323.41, 50=288, 90=401, 99=1100, 99.9=3805, 99.99=4807] [Intended-READ: Count=113043, Max=5899, Min=211, Avg=419.16, 50=374, 90=508, 99=1508, 99.9=4475, 99.99=5099] [Intended-CLEANUP: Count=214, Max=270, Min=14, Avg=34.98, 50=29, 90=56, 99=114, 99.9=270, 99.99=270] [Intended-UPDATE: Count=111508, Max=5455, Min=163, Avg=320.59, 50=287, 90=398, 99=1021, 99.9=3805, 99.99=4807] 
[OVERALL], RunTime(ms), 11020
[OVERALL], Throughput(ops/sec), 453720.5081669692
[TOTAL_GCS_G1_Young_Generation], Count, 92
[TOTAL_GC_TIME_G1_Young_Generation], Time(ms), 91
[TOTAL_GC_TIME_%_G1_Young_Generation], Time(%), 0.8257713248638838
[TOTAL_GCS_G1_Old_Generation], Count, 0
[TOTAL_GC_TIME_G1_Old_Generation], Time(ms), 0
[TOTAL_GC_TIME_%_G1_Old_Generation], Time(%), 0.0
[TOTAL_GCs], Count, 92
[TOTAL_GC_TIME], Time(ms), 91
[TOTAL_GC_TIME_%], Time(%), 0.8257713248638838
[READ], Operations, 2500935
[READ], AverageLatency(us), 594.2898108107568
[READ], MinLatency(us), 186
[READ], MaxLatency(us), 31071
[READ], 50thPercentileLatency(us), 501
[READ], 95thPercentileLatency(us), 901
[READ], 99thPercentileLatency(us), 3389
[READ], 99.9PercentileLatency(us), 6095
[READ], 99.99PercentileLatency(us), 11799
[READ], Return=OK, 2500935
[CLEANUP], Operations, 256
[CLEANUP], AverageLatency(us), 44.81640625
[CLEANUP], MinLatency(us), 14
[CLEANUP], MaxLatency(us), 789
[CLEANUP], 50thPercentileLatency(us), 32
[CLEANUP], 95thPercentileLatency(us), 99
[CLEANUP], 99thPercentileLatency(us), 190
[CLEANUP], 99.9PercentileLatency(us), 789
[CLEANUP], 99.99PercentileLatency(us), 789
[UPDATE], Operations, 2499065
[UPDATE], AverageLatency(us), 443.7445344558865
[UPDATE], MinLatency(us), 157
[UPDATE], MaxLatency(us), 29759
[UPDATE], 50thPercentileLatency(us), 376
[UPDATE], 95thPercentileLatency(us), 667
[UPDATE], 99thPercentileLatency(us), 2423
[UPDATE], 99.9PercentileLatency(us), 5171
[UPDATE], 99.99PercentileLatency(us), 10519
[UPDATE], Return=OK, 2499065
[Intended-READ], Operations, 2500935
[Intended-READ], AverageLatency(us), 594.3266182447765
[Intended-READ], MinLatency(us), 186
[Intended-READ], MaxLatency(us), 31071
[Intended-READ], 50thPercentileLatency(us), 501
[Intended-READ], 95thPercentileLatency(us), 901
[Intended-READ], 99thPercentileLatency(us), 3389
[Intended-READ], 99.9PercentileLatency(us), 6095
[Intended-READ], 99.99PercentileLatency(us), 11799
[Intended-CLEANUP], Operations, 256
[Intended-CLEANUP], AverageLatency(us), 45.21875
[Intended-CLEANUP], MinLatency(us), 14
[Intended-CLEANUP], MaxLatency(us), 791
[Intended-CLEANUP], 50thPercentileLatency(us), 33
[Intended-CLEANUP], 95thPercentileLatency(us), 99
[Intended-CLEANUP], 99thPercentileLatency(us), 190
[Intended-CLEANUP], 99.9PercentileLatency(us), 791
[Intended-CLEANUP], 99.99PercentileLatency(us), 791
[Intended-UPDATE], Operations, 2499065
[Intended-UPDATE], AverageLatency(us), 443.7819740582978
[Intended-UPDATE], MinLatency(us), 157
[Intended-UPDATE], MaxLatency(us), 29759
[Intended-UPDATE], 50thPercentileLatency(us), 376
[Intended-UPDATE], 95thPercentileLatency(us), 667
[Intended-UPDATE], 99thPercentileLatency(us), 2423
[Intended-UPDATE], 99.9PercentileLatency(us), 5171
[Intended-UPDATE], 99.99PercentileLatency(us), 10519
