java -cp /mnt/dev/YCSB-aerospike-dist/aerospike-binding/conf:/mnt/dev/YCSB-aerospike-dist/conf:/mnt/dev/YCSB-aerospike-dist/lib/aerospike-client-3.1.2.jar:/mnt/dev/YCSB-aerospike-dist/lib/htrace-core4-4.1.0-incubating.jar:/mnt/dev/YCSB-aerospike-dist/lib/jbcrypt-0.3m.jar:/mnt/dev/YCSB-aerospike-dist/lib/jackson-mapper-asl-1.9.4.jar:/mnt/dev/YCSB-aerospike-dist/lib/aerospike-binding-0.18.0-SNAPSHOT.jar:/mnt/dev/YCSB-aerospike-dist/lib/HdrHistogram-2.1.12.jar:/mnt/dev/YCSB-aerospike-dist/lib/jackson-core-asl-1.9.4.jar:/mnt/dev/YCSB-aerospike-dist/lib/core-0.18.0-SNAPSHOT.jar:/mnt/dev/YCSB-aerospike-dist/lib/luaj-jse-3.0.jar:/mnt/dev/YCSB-aerospike-dist/lib/gnu-crypto-2.0.1.jar site.ycsb.Client -db site.ycsb.db.AerospikeClient -s -threads 256 -P /mnt/dev/YCSB-aerospike-dist/workloads/workloada -target 100000 -p recordcount=100000000 -p operationcount=5000000 -p fieldcount=10 -p fieldlength=128 -p fieldlengthdistribution=constant -p readallfields=true -p writeallfields=true -p insertorder=hashed -p requestdistribution=uniform -p readproportion=0.5 -p updateproportion=0.5 -p insertproportion=0 -p scanproportion=0 -p readmodifywriteproportion=0 -p measurementtype=hdrhistogram -p measurement.interval=both -p hdrhistogram.percentiles=50,95,99,99.9,99.99 -p status.interval=10 -p as.host=172.16.0.4 -p as.port=3000 -p as.namespace=ycsb -p as.timeout=10000 -t
Command line: -db site.ycsb.db.AerospikeClient -s -threads 256 -P /mnt/dev/YCSB-aerospike-dist/workloads/workloada -target 100000 -p recordcount=100000000 -p operationcount=5000000 -p fieldcount=10 -p fieldlength=128 -p fieldlengthdistribution=constant -p readallfields=true -p writeallfields=true -p insertorder=hashed -p requestdistribution=uniform -p readproportion=0.5 -p updateproportion=0.5 -p insertproportion=0 -p scanproportion=0 -p readmodifywriteproportion=0 -p measurementtype=hdrhistogram -p measurement.interval=both -p hdrhistogram.percentiles=50,95,99,99.9,99.99 -p status.interval=10 -p as.host=172.16.0.4 -p as.port=3000 -p as.namespace=ycsb -p as.timeout=10000 -t
YCSB Client 0.18.0-SNAPSHOT

Loading workload...
Starting test.
2026-09-13 16:43:00:398 0 sec: 0 operations; est completion in 0 second 
DBWrapper: report latency for each error is false and specific error codes to track for latency are: []
2026-09-13 16:43:10:329 10 sec: 967835 operations; 96783.5 current ops/sec; est completion in 42 seconds [READ: Count=484419, Max=40095, Min=156, Avg=295.95, 50=281, 90=348, 99=448, 99.9=745, 99.99=19855] [UPDATE: Count=483687, Max=35295, Min=148, Avg=218.11, 50=205, 90=268, 99=365, 99.9=610, 99.99=19343] [Intended-READ: Count=484736, Max=59775, Min=182, Avg=379.77, 50=339, 90=407, 99=535, 99.9=12775, 99.99=27423] [Intended-UPDATE: Count=483899, Max=54143, Min=167, Avg=304.01, 50=263, 90=327, 99=454, 99.9=12959, 99.99=28111] 
2026-09-13 16:43:20:329 20 sec: 1967834 operations; 99999.9 current ops/sec; est completion in 31 seconds [READ: Count=500612, Max=2463, Min=163, Avg=292.33, 50=282, 90=348, 99=443, 99.9=575, 99.99=1460] [UPDATE: Count=499272, Max=1943, Min=148, Avg=215.34, 50=205, 90=268, 99=360, 99.9=481, 99.99=1355] [Intended-READ: Count=500441, Max=2683, Min=189, Avg=349.84, 50=340, 90=406, 99=506, 99.9=1301, 99.99=1888] [Intended-UPDATE: Count=499123, Max=2405, Min=164, Avg=273.19, 50=263, 90=326, 99=424, 99.9=1195, 99.99=1786] 
2026-09-13 16:43:30:329 30 sec: 2967828 operations; 99999.4 current ops/sec; est completion in 21 seconds [READ: Count=500349, Max=2119, Min=157, Avg=292.45, 50=282, 90=349, 99=441, 99.9=564, 99.99=1348] [UPDATE: Count=499544, Max=1987, Min=148, Avg=215.53, 50=206, 90=269, 99=358, 99.9=469, 99.99=1237] [Intended-READ: Count=500260, Max=2255, Min=189, Avg=349.79, 50=340, 90=407, 99=504, 99.9=1157, 99.99=1548] [Intended-UPDATE: Count=499590, Max=2051, Min=164, Avg=273.1, 50=264, 90=328, 99=421, 99.9=1025, 99.99=1434] 
2026-09-13 16:43:40:329 40 sec: 3967817 operations; 99998.9 current ops/sec; est completion in 11 seconds [READ: Count=500303, Max=2000, Min=160, Avg=292.04, 50=282, 90=348, 99=443, 99.9=578, 99.99=1307] [UPDATE: Count=499758, Max=1842, Min=148, Avg=215.06, 50=205, 90=268, 99=360, 99.9=482, 99.99=1186] [Intended-READ: Count=500340, Max=2083, Min=186, Avg=349.23, 50=340, 90=406, 99=505, 99.9=1081, 99.99=1487] [Intended-UPDATE: Count=499688, Max=1904, Min=165, Avg=272.46, 50=263, 90=326, 99=423, 99.9=940, 99.99=1405] 
2026-09-13 16:43:50:329 50 sec: 4967817 operations; 100000 current ops/sec; est completion in 1 second [READ: Count=499329, Max=2002, Min=163, Avg=291.55, 50=282, 90=346, 99=438, 99.9=557, 99.99=1348] [UPDATE: Count=500627, Max=1792, Min=147, Avg=214.62, 50=205, 90=266, 99=354, 99.9=460, 99.99=1195] [Intended-READ: Count=499274, Max=2081, Min=191, Avg=348.68, 50=339, 90=404, 99=500, 99.9=1046, 99.99=1498] [Intended-UPDATE: Count=500630, Max=1851, Min=168, Avg=271.87, 50=263, 90=324, 99=416, 99.9=851, 99.99=1392] 
2026-09-13 16:43:50:673 50 sec: 5000000 operations; 93555.23 current ops/sec; [READ: Count=15940, Max=1596, Min=168, Avg=293.09, 50=282, 90=351, 99=442, 99.9=626, 99.99=1186] [CLEANUP: Count=256, Max=356, Min=21, Avg=37.96, 50=31, 90=54, 99=103, 99.9=356, 99.99=356] [UPDATE: Count=16160, Max=1438, Min=151, Avg=215.83, 50=205, 90=272, 99=362, 99.9=487, 99.99=1074] [Intended-READ: Count=15901, Max=1653, Min=226, Avg=351.01, 50=340, 90=410, 99=511, 99.9=1110, 99.99=1486] [Intended-CLEANUP: Count=256, Max=357, Min=22, Avg=38.17, 50=31, 90=55, 99=104, 99.9=357, 99.99=357] [Intended-UPDATE: Count=16118, Max=1501, Min=173, Avg=274.49, 50=263, 90=331, 99=439, 99.9=1102, 99.99=1271] 
[OVERALL], RunTime(ms), 50344
[OVERALL], Throughput(ops/sec), 99316.70109645638
[TOTAL_GCS_G1_Young_Generation], Count, 67
[TOTAL_GC_TIME_G1_Young_Generation], Time(ms), 69
[TOTAL_GC_TIME_%_G1_Young_Generation], Time(%), 0.13705704751310982
[TOTAL_GCS_G1_Old_Generation], Count, 0
[TOTAL_GC_TIME_G1_Old_Generation], Time(ms), 0
[TOTAL_GC_TIME_%_G1_Old_Generation], Time(%), 0.0
[TOTAL_GCs], Count, 67
[TOTAL_GC_TIME], Time(ms), 69
[TOTAL_GC_TIME_%], Time(%), 0.13705704751310982
[READ], Operations, 2500952
[READ], AverageLatency(us), 292.8470362485965
[READ], MinLatency(us), 156
[READ], MaxLatency(us), 40095
[READ], 50thPercentileLatency(us), 282
[READ], 95thPercentileLatency(us), 376
[READ], 99thPercentileLatency(us), 442
[READ], 99.9PercentileLatency(us), 586
[READ], 99.99PercentileLatency(us), 1561
[READ], Return=OK, 2500952
[CLEANUP], Operations, 256
[CLEANUP], AverageLatency(us), 37.9609375
[CLEANUP], MinLatency(us), 21
[CLEANUP], MaxLatency(us), 356
[CLEANUP], 50thPercentileLatency(us), 31
[CLEANUP], 95thPercentileLatency(us), 71
[CLEANUP], 99thPercentileLatency(us), 103
[CLEANUP], 99.9PercentileLatency(us), 356
[CLEANUP], 99.99PercentileLatency(us), 356
[UPDATE], Operations, 2499048
[UPDATE], AverageLatency(us), 215.7169742237844
[UPDATE], MinLatency(us), 147
[UPDATE], MaxLatency(us), 35295
[UPDATE], 50thPercentileLatency(us), 205
[UPDATE], 95thPercentileLatency(us), 296
[UPDATE], 99thPercentileLatency(us), 359
[UPDATE], 99.9PercentileLatency(us), 487
[UPDATE], 99.99PercentileLatency(us), 1396
[UPDATE], Return=OK, 2499048
[Intended-READ], Operations, 2500952
[Intended-READ], AverageLatency(us), 355.2826423697856
[Intended-READ], MinLatency(us), 182
[Intended-READ], MaxLatency(us), 59775
[Intended-READ], 50thPercentileLatency(us), 340
[Intended-READ], 95thPercentileLatency(us), 435
[Intended-READ], 99thPercentileLatency(us), 508
[Intended-READ], 99.9PercentileLatency(us), 1430
[Intended-READ], 99.99PercentileLatency(us), 17679
[Intended-CLEANUP], Operations, 256
[Intended-CLEANUP], AverageLatency(us), 38.171875
[Intended-CLEANUP], MinLatency(us), 22
[Intended-CLEANUP], MaxLatency(us), 357
[Intended-CLEANUP], 50thPercentileLatency(us), 31
[Intended-CLEANUP], 95thPercentileLatency(us), 71
[Intended-CLEANUP], 99thPercentileLatency(us), 104
[Intended-CLEANUP], 99.9PercentileLatency(us), 357
[Intended-CLEANUP], 99.99PercentileLatency(us), 357
[Intended-UPDATE], Operations, 2499048
[Intended-UPDATE], AverageLatency(us), 278.73757006668137
[Intended-UPDATE], MinLatency(us), 164
[Intended-UPDATE], MaxLatency(us), 54143
[Intended-UPDATE], 50thPercentileLatency(us), 263
[Intended-UPDATE], 95thPercentileLatency(us), 355
[Intended-UPDATE], 99thPercentileLatency(us), 426
[Intended-UPDATE], 99.9PercentileLatency(us), 1358
[Intended-UPDATE], 99.99PercentileLatency(us), 17391
