java -cp /mnt/dev/YCSB-hreplace-dist/redis-binding/conf:/mnt/dev/YCSB-hreplace-dist/conf:/mnt/dev/YCSB-hreplace-dist/lib/htrace-core4-4.1.0-incubating.jar:/mnt/dev/YCSB-hreplace-dist/lib/slf4j-api-1.7.25.jar:/mnt/dev/YCSB-hreplace-dist/lib/jackson-mapper-asl-1.9.4.jar:/mnt/dev/YCSB-hreplace-dist/lib/HdrHistogram-2.1.12.jar:/mnt/dev/YCSB-hreplace-dist/lib/jackson-core-asl-1.9.4.jar:/mnt/dev/YCSB-hreplace-dist/lib/jedis-3.9.0.jar:/mnt/dev/YCSB-hreplace-dist/lib/core-0.18.0-SNAPSHOT.jar:/mnt/dev/YCSB-hreplace-dist/lib/commons-pool2-2.11.1.jar:/mnt/dev/YCSB-hreplace-dist/lib/redis-binding-0.18.0-SNAPSHOT.jar site.ycsb.Client -db site.ycsb.db.RedisClient -s -threads 256 -P /mnt/dev/YCSB-hreplace-dist/workloads/workloada -target 100000 -p recordcount=100000000 -p operationcount=1000000 -p fieldcount=10 -p fieldlength=128 -p fieldlengthdistribution=constant -p readallfields=true -p writeallfields=true -p insertorder=hashed -p requestdistribution=uniform -p readproportion=0.5 -p updateproportion=0.5 -p insertproportion=0 -p scanproportion=0 -p readmodifywriteproportion=0 -p measurementtype=hdrhistogram -p measurement.interval=both -p hdrhistogram.percentiles=50,95,99,99.9,99.99 -p status.interval=10 -p redis.host=172.16.0.4 -p redis.port=16379 -p redis.scanindex=none -p redis.timeout=10000 -p redis.cluster=false -p redis.updatecommand=keylane.hreplace -t
Command line: -db site.ycsb.db.RedisClient -s -threads 256 -P /mnt/dev/YCSB-hreplace-dist/workloads/workloada -target 100000 -p recordcount=100000000 -p operationcount=1000000 -p fieldcount=10 -p fieldlength=128 -p fieldlengthdistribution=constant -p readallfields=true -p writeallfields=true -p insertorder=hashed -p requestdistribution=uniform -p readproportion=0.5 -p updateproportion=0.5 -p insertproportion=0 -p scanproportion=0 -p readmodifywriteproportion=0 -p measurementtype=hdrhistogram -p measurement.interval=both -p hdrhistogram.percentiles=50,95,99,99.9,99.99 -p status.interval=10 -p redis.host=172.16.0.4 -p redis.port=16379 -p redis.scanindex=none -p redis.timeout=10000 -p redis.cluster=false -p redis.updatecommand=keylane.hreplace -t
YCSB Client 0.18.0-SNAPSHOT

Loading workload...
Starting test.
SLF4J: Failed to load class "org.slf4j.impl.StaticLoggerBinder".
SLF4J: Defaulting to no-operation (NOP) logger implementation
SLF4J: See http://www.slf4j.org/codes.html#StaticLoggerBinder for further details.
2026-09-13 16:03:18:769 0 sec: 0 operations; est completion in 0 second 
DBWrapper: report latency for each error is false and specific error codes to track for latency are: []
2026-09-13 16:03:28:730 10 sec: 992072 operations; 99197.28 current ops/sec; est completion in 1 second [READ: Count=495938, Max=15967, Min=162, Avg=329.37, 50=299, 90=360, 99=894, 99.9=4675, 99.99=8991] [UPDATE: Count=496417, Max=25295, Min=150, Avg=245.54, 50=221, 90=279, 99=719, 99.9=3125, 99.99=10583] [Intended-READ: Count=496285, Max=93951, Min=202, Avg=523.54, 50=358, 90=422, 99=2431, 99.9=43391, 99.99=76927] [Intended-UPDATE: Count=496628, Max=96127, Min=169, Avg=436.29, 50=280, 90=341, 99=1711, 99.9=43423, 99.99=75007] 
2026-09-13 16:03:28:828 10 sec: 1000000 operations; 80897.96 current ops/sec; [READ: Count=3951, Max=823, Min=222, Avg=299.37, 50=294, 90=338, 99=413, 99.9=623, 99.99=823] [CLEANUP: Count=256, Max=673, Min=10, Avg=33.51, 50=16, 90=36, 99=513, 99.9=673, 99.99=673] [UPDATE: Count=3694, Max=903, Min=162, Avg=222.06, 50=217, 90=256, 99=334, 99.9=437, 99.99=903] [Intended-READ: Count=3604, Max=884, Min=259, Avg=356.76, 50=353, 90=399, 99=476, 99.9=684, 99.99=884] [Intended-CLEANUP: Count=256, Max=674, Min=10, Avg=33.75, 50=17, 90=36, 99=513, 99.9=674, 99.99=674] [Intended-UPDATE: Count=3483, Max=1172, Min=191, Avg=280.23, 50=276, 90=316, 99=398, 99.9=504, 99.99=1172] 
[OVERALL], RunTime(ms), 10098
[OVERALL], Throughput(ops/sec), 99029.51079421668
[TOTAL_GCS_G1_Young_Generation], Count, 29
[TOTAL_GC_TIME_G1_Young_Generation], Time(ms), 35
[TOTAL_GC_TIME_%_G1_Young_Generation], Time(%), 0.34660328777975835
[TOTAL_GCS_G1_Old_Generation], Count, 0
[TOTAL_GC_TIME_G1_Old_Generation], Time(ms), 0
[TOTAL_GC_TIME_%_G1_Old_Generation], Time(%), 0.0
[TOTAL_GCs], Count, 29
[TOTAL_GC_TIME], Time(ms), 35
[TOTAL_GC_TIME_%], Time(%), 0.34660328777975835
[READ], Operations, 499889
[READ], AverageLatency(us), 329.1292686976509
[READ], MinLatency(us), 162
[READ], MaxLatency(us), 15967
[READ], 50thPercentileLatency(us), 299
[READ], 95thPercentileLatency(us), 394
[READ], 99thPercentileLatency(us), 886
[READ], 99.9PercentileLatency(us), 4663
[READ], 99.99PercentileLatency(us), 8991
[READ], Return=OK, 499889
[CLEANUP], Operations, 256
[CLEANUP], AverageLatency(us), 33.51171875
[CLEANUP], MinLatency(us), 10
[CLEANUP], MaxLatency(us), 673
[CLEANUP], 50thPercentileLatency(us), 16
[CLEANUP], 95thPercentileLatency(us), 70
[CLEANUP], 99thPercentileLatency(us), 513
[CLEANUP], 99.9PercentileLatency(us), 673
[CLEANUP], 99.99PercentileLatency(us), 673
[UPDATE], Operations, 500111
[UPDATE], AverageLatency(us), 245.3666666000148
[UPDATE], MinLatency(us), 150
[UPDATE], MaxLatency(us), 25295
[UPDATE], 50thPercentileLatency(us), 221
[UPDATE], 95thPercentileLatency(us), 315
[UPDATE], 99thPercentileLatency(us), 711
[UPDATE], 99.9PercentileLatency(us), 3113
[UPDATE], 99.99PercentileLatency(us), 10415
[UPDATE], Return=OK, 500111
[Intended-READ], Operations, 499889
[Intended-READ], AverageLatency(us), 522.3370828323888
[Intended-READ], MinLatency(us), 202
[Intended-READ], MaxLatency(us), 93951
[Intended-READ], 50thPercentileLatency(us), 358
[Intended-READ], 95thPercentileLatency(us), 462
[Intended-READ], 99thPercentileLatency(us), 2401
[Intended-READ], 99.9PercentileLatency(us), 43327
[Intended-READ], 99.99PercentileLatency(us), 76927
[Intended-CLEANUP], Operations, 256
[Intended-CLEANUP], AverageLatency(us), 33.75
[Intended-CLEANUP], MinLatency(us), 10
[Intended-CLEANUP], MaxLatency(us), 674
[Intended-CLEANUP], 50thPercentileLatency(us), 17
[Intended-CLEANUP], 95thPercentileLatency(us), 70
[Intended-CLEANUP], 99thPercentileLatency(us), 513
[Intended-CLEANUP], 99.9PercentileLatency(us), 674
[Intended-CLEANUP], 99.99PercentileLatency(us), 674
[Intended-UPDATE], Operations, 500111
[Intended-UPDATE], AverageLatency(us), 435.2032268836318
[Intended-UPDATE], MinLatency(us), 169
[Intended-UPDATE], MaxLatency(us), 96127
[Intended-UPDATE], 50thPercentileLatency(us), 280
[Intended-UPDATE], 95thPercentileLatency(us), 380
[Intended-UPDATE], 99thPercentileLatency(us), 1693
[Intended-UPDATE], 99.9PercentileLatency(us), 43167
[Intended-UPDATE], 99.99PercentileLatency(us), 74943
