java -cp /mnt/dev/YCSB-hreplace-dist/redis-binding/conf:/mnt/dev/YCSB-hreplace-dist/conf:/mnt/dev/YCSB-hreplace-dist/lib/htrace-core4-4.1.0-incubating.jar:/mnt/dev/YCSB-hreplace-dist/lib/slf4j-api-1.7.25.jar:/mnt/dev/YCSB-hreplace-dist/lib/jackson-mapper-asl-1.9.4.jar:/mnt/dev/YCSB-hreplace-dist/lib/HdrHistogram-2.1.12.jar:/mnt/dev/YCSB-hreplace-dist/lib/jackson-core-asl-1.9.4.jar:/mnt/dev/YCSB-hreplace-dist/lib/jedis-3.9.0.jar:/mnt/dev/YCSB-hreplace-dist/lib/core-0.18.0-SNAPSHOT.jar:/mnt/dev/YCSB-hreplace-dist/lib/commons-pool2-2.11.1.jar:/mnt/dev/YCSB-hreplace-dist/lib/redis-binding-0.18.0-SNAPSHOT.jar site.ycsb.Client -db site.ycsb.db.RedisClient -s -threads 256 -P /mnt/dev/YCSB-hreplace-dist/workloads/workloada -p recordcount=100000000 -p operationcount=5000000 -p fieldcount=10 -p fieldlength=128 -p fieldlengthdistribution=constant -p readallfields=true -p writeallfields=true -p insertorder=hashed -p requestdistribution=uniform -p readproportion=0.5 -p updateproportion=0.5 -p insertproportion=0 -p scanproportion=0 -p readmodifywriteproportion=0 -p measurementtype=hdrhistogram -p measurement.interval=both -p hdrhistogram.percentiles=50,95,99,99.9,99.99 -p status.interval=10 -p redis.host=172.16.0.4 -p redis.port=16379 -p redis.scanindex=none -p redis.timeout=10000 -p redis.cluster=false -p redis.updatecommand=keylane.hreplace -t
Command line: -db site.ycsb.db.RedisClient -s -threads 256 -P /mnt/dev/YCSB-hreplace-dist/workloads/workloada -p recordcount=100000000 -p operationcount=5000000 -p fieldcount=10 -p fieldlength=128 -p fieldlengthdistribution=constant -p readallfields=true -p writeallfields=true -p insertorder=hashed -p requestdistribution=uniform -p readproportion=0.5 -p updateproportion=0.5 -p insertproportion=0 -p scanproportion=0 -p readmodifywriteproportion=0 -p measurementtype=hdrhistogram -p measurement.interval=both -p hdrhistogram.percentiles=50,95,99,99.9,99.99 -p status.interval=10 -p redis.host=172.16.0.4 -p redis.port=16379 -p redis.scanindex=none -p redis.timeout=10000 -p redis.cluster=false -p redis.updatecommand=keylane.hreplace -t
YCSB Client 0.18.0-SNAPSHOT

Loading workload...
Starting test.
SLF4J: Failed to load class "org.slf4j.impl.StaticLoggerBinder".
SLF4J: Defaulting to no-operation (NOP) logger implementation
SLF4J: See http://www.slf4j.org/codes.html#StaticLoggerBinder for further details.
2026-09-13 15:50:58:455 0 sec: 0 operations; est completion in 0 second 
DBWrapper: report latency for each error is false and specific error codes to track for latency are: []
2026-09-13 15:51:08:413 10 sec: 4730461 operations; 473046.1 current ops/sec; est completion in 1 second [READ: Count=2363773, Max=69311, Min=180, Avg=608.16, 50=511, 90=730, 99=3379, 99.9=5943, 99.99=10823] [CLEANUP: Count=25, Max=760, Min=56, Avg=125.84, 50=97, 90=146, 99=760, 99.9=760, 99.99=760] [UPDATE: Count=2369454, Max=69503, Min=153, Avg=453.62, 50=383, 90=559, 99=2373, 99.9=5043, 99.99=12183] [Intended-READ: Count=2367163, Max=69311, Min=180, Avg=608.26, 50=511, 90=730, 99=3381, 99.9=5943, 99.99=10823] [Intended-CLEANUP: Count=28, Max=762, Min=54, Avg=121.96, 50=97, 90=147, 99=762, 99.9=762, 99.99=762] [Intended-UPDATE: Count=2372726, Max=69503, Min=153, Avg=453.69, 50=383, 90=560, 99=2373, 99.9=5043, 99.99=12095] 
2026-09-13 15:51:09:474 11 sec: 5000000 operations; 254042.41 current ops/sec; [READ: Count=134975, Max=12335, Min=217, Avg=453.74, 50=388, 90=559, 99=2183, 99.9=5475, 99.99=7663] [CLEANUP: Count=231, Max=304, Min=14, Avg=41.23, 50=29, 90=75, 99=218, 99.9=304, 99.99=304] [UPDATE: Count=131798, Max=6451, Min=160, Avg=342.69, 50=296, 90=439, 99=1343, 99.9=4439, 99.99=5451] [Intended-READ: Count=131585, Max=12335, Min=217, Avg=448.72, 50=386, 90=555, 99=2012, 99.9=5487, 99.99=7663] [Intended-CLEANUP: Count=228, Max=304, Min=14, Avg=41.16, 50=29, 90=75, 99=219, 99.9=304, 99.99=304] [Intended-UPDATE: Count=128526, Max=6451, Min=160, Avg=339.27, 50=295, 90=435, 99=1236, 99.9=4399, 99.99=5463] 
[OVERALL], RunTime(ms), 11061
[OVERALL], Throughput(ops/sec), 452038.69451225025
[TOTAL_GCS_G1_Young_Generation], Count, 93
[TOTAL_GC_TIME_G1_Young_Generation], Time(ms), 91
[TOTAL_GC_TIME_%_G1_Young_Generation], Time(%), 0.8227104240122955
[TOTAL_GCS_G1_Old_Generation], Count, 0
[TOTAL_GC_TIME_G1_Old_Generation], Time(ms), 0
[TOTAL_GC_TIME_%_G1_Old_Generation], Time(%), 0.0
[TOTAL_GCs], Count, 93
[TOTAL_GC_TIME], Time(ms), 91
[TOTAL_GC_TIME_%], Time(%), 0.8227104240122955
[READ], Operations, 2498748
[READ], AverageLatency(us), 599.822506711361
[READ], MinLatency(us), 180
[READ], MaxLatency(us), 69311
[READ], 50thPercentileLatency(us), 505
[READ], 95thPercentileLatency(us), 954
[READ], 99thPercentileLatency(us), 3341
[READ], 99.9PercentileLatency(us), 5923
[READ], 99.99PercentileLatency(us), 10615
[READ], Return=OK, 2498748
[CLEANUP], Operations, 256
[CLEANUP], AverageLatency(us), 49.48828125
[CLEANUP], MinLatency(us), 14
[CLEANUP], MaxLatency(us), 760
[CLEANUP], 50thPercentileLatency(us), 32
[CLEANUP], 95thPercentileLatency(us), 110
[CLEANUP], 99thPercentileLatency(us), 260
[CLEANUP], 99.9PercentileLatency(us), 760
[CLEANUP], 99.99PercentileLatency(us), 760
[UPDATE], Operations, 2501252
[UPDATE], AverageLatency(us), 447.77501427285216
[UPDATE], MinLatency(us), 153
[UPDATE], MaxLatency(us), 69503
[UPDATE], 50thPercentileLatency(us), 378
[UPDATE], 95thPercentileLatency(us), 712
[UPDATE], 99thPercentileLatency(us), 2337
[UPDATE], 99.9PercentileLatency(us), 5007
[UPDATE], 99.99PercentileLatency(us), 11511
[UPDATE], Return=OK, 2501252
[Intended-READ], Operations, 2498748
[Intended-READ], AverageLatency(us), 599.8597133444429
[Intended-READ], MinLatency(us), 180
[Intended-READ], MaxLatency(us), 69311
[Intended-READ], 50thPercentileLatency(us), 505
[Intended-READ], 95thPercentileLatency(us), 954
[Intended-READ], 99thPercentileLatency(us), 3341
[Intended-READ], 99.9PercentileLatency(us), 5923
[Intended-READ], 99.99PercentileLatency(us), 10615
[Intended-CLEANUP], Operations, 256
[Intended-CLEANUP], AverageLatency(us), 49.99609375
[Intended-CLEANUP], MinLatency(us), 14
[Intended-CLEANUP], MaxLatency(us), 762
[Intended-CLEANUP], 50thPercentileLatency(us), 33
[Intended-CLEANUP], 95thPercentileLatency(us), 113
[Intended-CLEANUP], 99thPercentileLatency(us), 260
[Intended-CLEANUP], 99.9PercentileLatency(us), 762
[Intended-CLEANUP], 99.99PercentileLatency(us), 762
[Intended-UPDATE], Operations, 2501252
[Intended-UPDATE], AverageLatency(us), 447.8123291855439
[Intended-UPDATE], MinLatency(us), 153
[Intended-UPDATE], MaxLatency(us), 69503
[Intended-UPDATE], 50thPercentileLatency(us), 378
[Intended-UPDATE], 95thPercentileLatency(us), 712
[Intended-UPDATE], 99thPercentileLatency(us), 2337
[Intended-UPDATE], 99.9PercentileLatency(us), 5007
[Intended-UPDATE], 99.99PercentileLatency(us), 11511
