java -cp /mnt/dev/YCSB-hreplace-dist/redis-binding/conf:/mnt/dev/YCSB-hreplace-dist/conf:/mnt/dev/YCSB-hreplace-dist/lib/htrace-core4-4.1.0-incubating.jar:/mnt/dev/YCSB-hreplace-dist/lib/slf4j-api-1.7.25.jar:/mnt/dev/YCSB-hreplace-dist/lib/jackson-mapper-asl-1.9.4.jar:/mnt/dev/YCSB-hreplace-dist/lib/HdrHistogram-2.1.12.jar:/mnt/dev/YCSB-hreplace-dist/lib/jackson-core-asl-1.9.4.jar:/mnt/dev/YCSB-hreplace-dist/lib/jedis-3.9.0.jar:/mnt/dev/YCSB-hreplace-dist/lib/core-0.18.0-SNAPSHOT.jar:/mnt/dev/YCSB-hreplace-dist/lib/commons-pool2-2.11.1.jar:/mnt/dev/YCSB-hreplace-dist/lib/redis-binding-0.18.0-SNAPSHOT.jar site.ycsb.Client -db site.ycsb.db.RedisClient -s -threads 256 -P /mnt/dev/YCSB-hreplace-dist/workloads/workloada -p recordcount=100000000 -p operationcount=5000000 -p fieldcount=10 -p fieldlength=128 -p fieldlengthdistribution=constant -p readallfields=true -p writeallfields=true -p insertorder=hashed -p requestdistribution=uniform -p readproportion=0.5 -p updateproportion=0.5 -p insertproportion=0 -p scanproportion=0 -p readmodifywriteproportion=0 -p measurementtype=hdrhistogram -p measurement.interval=both -p hdrhistogram.percentiles=50,95,99,99.9,99.99 -p status.interval=10 -p redis.host=172.16.0.4 -p redis.port=16379 -p redis.scanindex=none -p redis.timeout=10000 -p redis.cluster=false -p redis.updatecommand=keylane.hreplace -t
Command line: -db site.ycsb.db.RedisClient -s -threads 256 -P /mnt/dev/YCSB-hreplace-dist/workloads/workloada -p recordcount=100000000 -p operationcount=5000000 -p fieldcount=10 -p fieldlength=128 -p fieldlengthdistribution=constant -p readallfields=true -p writeallfields=true -p insertorder=hashed -p requestdistribution=uniform -p readproportion=0.5 -p updateproportion=0.5 -p insertproportion=0 -p scanproportion=0 -p readmodifywriteproportion=0 -p measurementtype=hdrhistogram -p measurement.interval=both -p hdrhistogram.percentiles=50,95,99,99.9,99.99 -p status.interval=10 -p redis.host=172.16.0.4 -p redis.port=16379 -p redis.scanindex=none -p redis.timeout=10000 -p redis.cluster=false -p redis.updatecommand=keylane.hreplace -t
YCSB Client 0.18.0-SNAPSHOT

Loading workload...
Starting test.
SLF4J: Failed to load class "org.slf4j.impl.StaticLoggerBinder".
SLF4J: Defaulting to no-operation (NOP) logger implementation
SLF4J: See http://www.slf4j.org/codes.html#StaticLoggerBinder for further details.
2026-09-13 16:32:33:503 0 sec: 0 operations; est completion in 0 second 
DBWrapper: report latency for each error is false and specific error codes to track for latency are: []
2026-09-13 16:32:43:434 10 sec: 4686654 operations; 468665.4 current ops/sec; est completion in 1 second [READ: Count=2343494, Max=70783, Min=186, Avg=617.66, 50=517, 90=750, 99=3345, 99.9=5987, 99.99=9903] [CLEANUP: Count=20, Max=846, Min=74, Avg=149.2, 50=103, 90=153, 99=846, 99.9=846, 99.99=846] [UPDATE: Count=2348818, Max=40511, Min=158, Avg=453.01, 50=385, 90=567, 99=2341, 99.9=4899, 99.99=8367] [Intended-READ: Count=2349035, Max=70783, Min=186, Avg=617.47, 50=517, 90=749, 99=3343, 99.9=5987, 99.99=9903] [Intended-CLEANUP: Count=20, Max=848, Min=75, Avg=150.3, 50=104, 90=154, 99=848, 99.9=848, 99.99=848] [Intended-UPDATE: Count=2352399, Max=40511, Min=158, Avg=453, 50=385, 90=567, 99=2341, 99.9=4899, 99.99=8359] 
2026-09-13 16:32:44:883 11 sec: 5000000 operations; 216249.83 current ops/sec; [READ: Count=156274, Max=6867, Min=195, Avg=452.07, 50=388, 90=580, 99=1961, 99.9=4495, 99.99=6255] [CLEANUP: Count=236, Max=590, Min=14, Avg=42.62, 50=29, 90=77, 99=211, 99.9=590, 99.99=590] [UPDATE: Count=151414, Max=6495, Min=163, Avg=340.48, 50=293, 90=444, 99=1365, 99.9=3769, 99.99=5303] [Intended-READ: Count=150733, Max=6867, Min=195, Avg=449.64, 50=385, 90=575, 99=1997, 99.9=4531, 99.99=6255] [Intended-CLEANUP: Count=236, Max=590, Min=14, Avg=43.13, 50=30, 90=79, 99=224, 99.9=590, 99.99=590] [Intended-UPDATE: Count=147833, Max=6495, Min=163, Avg=338.6, 50=291, 90=442, 99=1330, 99.9=3759, 99.99=5303] 
[OVERALL], RunTime(ms), 11449
[OVERALL], Throughput(ops/sec), 436719.3641366058
[TOTAL_GCS_G1_Young_Generation], Count, 91
[TOTAL_GC_TIME_G1_Young_Generation], Time(ms), 88
[TOTAL_GC_TIME_%_G1_Young_Generation], Time(%), 0.7686260808804263
[TOTAL_GCS_G1_Old_Generation], Count, 0
[TOTAL_GC_TIME_G1_Old_Generation], Time(ms), 0
[TOTAL_GC_TIME_%_G1_Old_Generation], Time(%), 0.0
[TOTAL_GCs], Count, 91
[TOTAL_GC_TIME], Time(ms), 88
[TOTAL_GC_TIME_%], Time(%), 0.7686260808804263
[READ], Operations, 2499768
[READ], AverageLatency(us), 607.3113016887967
[READ], MinLatency(us), 186
[READ], MaxLatency(us), 70783
[READ], 50thPercentileLatency(us), 510
[READ], 95thPercentileLatency(us), 1007
[READ], 99thPercentileLatency(us), 3289
[READ], 99.9PercentileLatency(us), 5943
[READ], 99.99PercentileLatency(us), 9695
[READ], Return=OK, 2499768
[CLEANUP], Operations, 256
[CLEANUP], AverageLatency(us), 50.9453125
[CLEANUP], MinLatency(us), 14
[CLEANUP], MaxLatency(us), 846
[CLEANUP], 50thPercentileLatency(us), 31
[CLEANUP], 95thPercentileLatency(us), 126
[CLEANUP], 99thPercentileLatency(us), 258
[CLEANUP], 99.9PercentileLatency(us), 846
[CLEANUP], 99.99PercentileLatency(us), 846
[UPDATE], Operations, 2500232
[UPDATE], AverageLatency(us), 446.1970121172755
[UPDATE], MinLatency(us), 158
[UPDATE], MaxLatency(us), 40511
[UPDATE], 50thPercentileLatency(us), 380
[UPDATE], 95thPercentileLatency(us), 720
[UPDATE], 99thPercentileLatency(us), 2299
[UPDATE], 99.9PercentileLatency(us), 4859
[UPDATE], 99.99PercentileLatency(us), 8139
[UPDATE], Return=OK, 2500232
[Intended-READ], Operations, 2499768
[Intended-READ], AverageLatency(us), 607.3475918565243
[Intended-READ], MinLatency(us), 186
[Intended-READ], MaxLatency(us), 70783
[Intended-READ], 50thPercentileLatency(us), 510
[Intended-READ], 95thPercentileLatency(us), 1007
[Intended-READ], 99thPercentileLatency(us), 3289
[Intended-READ], 99.9PercentileLatency(us), 5943
[Intended-READ], 99.99PercentileLatency(us), 9695
[Intended-CLEANUP], Operations, 256
[Intended-CLEANUP], AverageLatency(us), 51.5
[Intended-CLEANUP], MinLatency(us), 14
[Intended-CLEANUP], MaxLatency(us), 848
[Intended-CLEANUP], 50thPercentileLatency(us), 31
[Intended-CLEANUP], 95thPercentileLatency(us), 128
[Intended-CLEANUP], 99thPercentileLatency(us), 258
[Intended-CLEANUP], 99.9PercentileLatency(us), 848
[Intended-CLEANUP], 99.99PercentileLatency(us), 848
[Intended-UPDATE], Operations, 2500232
[Intended-UPDATE], AverageLatency(us), 446.2335435271607
[Intended-UPDATE], MinLatency(us), 158
[Intended-UPDATE], MaxLatency(us), 40511
[Intended-UPDATE], 50thPercentileLatency(us), 380
[Intended-UPDATE], 95thPercentileLatency(us), 720
[Intended-UPDATE], 99thPercentileLatency(us), 2299
[Intended-UPDATE], 99.9PercentileLatency(us), 4859
[Intended-UPDATE], 99.99PercentileLatency(us), 8139
