java -cp /mnt/dev/YCSB-hreplace-dist/redis-binding/conf:/mnt/dev/YCSB-hreplace-dist/conf:/mnt/dev/YCSB-hreplace-dist/lib/htrace-core4-4.1.0-incubating.jar:/mnt/dev/YCSB-hreplace-dist/lib/slf4j-api-1.7.25.jar:/mnt/dev/YCSB-hreplace-dist/lib/jackson-mapper-asl-1.9.4.jar:/mnt/dev/YCSB-hreplace-dist/lib/HdrHistogram-2.1.12.jar:/mnt/dev/YCSB-hreplace-dist/lib/jackson-core-asl-1.9.4.jar:/mnt/dev/YCSB-hreplace-dist/lib/jedis-3.9.0.jar:/mnt/dev/YCSB-hreplace-dist/lib/core-0.18.0-SNAPSHOT.jar:/mnt/dev/YCSB-hreplace-dist/lib/commons-pool2-2.11.1.jar:/mnt/dev/YCSB-hreplace-dist/lib/redis-binding-0.18.0-SNAPSHOT.jar site.ycsb.Client -db site.ycsb.db.RedisClient -s -threads 256 -P /mnt/dev/YCSB-hreplace-dist/workloads/workloada -target 100000 -p recordcount=100000000 -p operationcount=1000000 -p fieldcount=10 -p fieldlength=128 -p fieldlengthdistribution=constant -p readallfields=true -p writeallfields=true -p insertorder=hashed -p requestdistribution=uniform -p readproportion=1 -p updateproportion=0 -p insertproportion=0 -p scanproportion=0 -p readmodifywriteproportion=0 -p measurementtype=hdrhistogram -p measurement.interval=both -p hdrhistogram.percentiles=50,95,99,99.9,99.99 -p status.interval=10 -p redis.host=172.16.0.4 -p redis.port=16379 -p redis.scanindex=none -p redis.timeout=10000 -p redis.cluster=false -p redis.updatecommand=keylane.hreplace -t
Command line: -db site.ycsb.db.RedisClient -s -threads 256 -P /mnt/dev/YCSB-hreplace-dist/workloads/workloada -target 100000 -p recordcount=100000000 -p operationcount=1000000 -p fieldcount=10 -p fieldlength=128 -p fieldlengthdistribution=constant -p readallfields=true -p writeallfields=true -p insertorder=hashed -p requestdistribution=uniform -p readproportion=1 -p updateproportion=0 -p insertproportion=0 -p scanproportion=0 -p readmodifywriteproportion=0 -p measurementtype=hdrhistogram -p measurement.interval=both -p hdrhistogram.percentiles=50,95,99,99.9,99.99 -p status.interval=10 -p redis.host=172.16.0.4 -p redis.port=16379 -p redis.scanindex=none -p redis.timeout=10000 -p redis.cluster=false -p redis.updatecommand=keylane.hreplace -t
YCSB Client 0.18.0-SNAPSHOT

Loading workload...
Starting test.
SLF4J: Failed to load class "org.slf4j.impl.StaticLoggerBinder".
SLF4J: Defaulting to no-operation (NOP) logger implementation
SLF4J: See http://www.slf4j.org/codes.html#StaticLoggerBinder for further details.
2026-09-13 16:12:27:440 0 sec: 0 operations; est completion in 0 second 
DBWrapper: report latency for each error is false and specific error codes to track for latency are: []
2026-09-13 16:12:37:394 10 sec: 991106 operations; 99110.6 current ops/sec; est completion in 1 second [READ: Count=991175, Max=36639, Min=204, Avg=311.77, 50=296, 90=369, 99=492, 99.9=1214, 99.99=16895] [Intended-READ: Count=991693, Max=78207, Min=233, Avg=523.79, 50=355, 90=429, 99=709, 99.9=45247, 99.99=66495] 
2026-09-13 16:12:37:510 10 sec: 1000000 operations; 76672.41 current ops/sec; [READ: Count=8825, Max=2649, Min=218, Avg=312.47, 50=298, 90=375, 99=524, 99.9=1080, 99.99=2649] [CLEANUP: Count=256, Max=617, Min=11, Avg=29.86, 50=17, 90=30, 99=360, 99.9=617, 99.99=617] [Intended-READ: Count=8307, Max=2717, Min=236, Avg=371.87, 50=357, 90=435, 99=598, 99.9=1595, 99.99=2717] [Intended-CLEANUP: Count=256, Max=618, Min=12, Avg=30.11, 50=17, 90=30, 99=360, 99.9=618, 99.99=618] 
[OVERALL], RunTime(ms), 10116
[OVERALL], Throughput(ops/sec), 98853.30170027679
[TOTAL_GCS_G1_Young_Generation], Count, 20
[TOTAL_GC_TIME_G1_Young_Generation], Time(ms), 29
[TOTAL_GC_TIME_%_G1_Young_Generation], Time(%), 0.28667457493080273
[TOTAL_GCS_G1_Old_Generation], Count, 0
[TOTAL_GC_TIME_G1_Old_Generation], Time(ms), 0
[TOTAL_GC_TIME_%_G1_Old_Generation], Time(%), 0.0
[TOTAL_GCs], Count, 20
[TOTAL_GC_TIME], Time(ms), 29
[TOTAL_GC_TIME_%], Time(%), 0.28667457493080273
[READ], Operations, 1000000
[READ], AverageLatency(us), 311.775432
[READ], MinLatency(us), 204
[READ], MaxLatency(us), 36639
[READ], 50thPercentileLatency(us), 296
[READ], 95thPercentileLatency(us), 400
[READ], 99thPercentileLatency(us), 492
[READ], 99.9PercentileLatency(us), 1213
[READ], 99.99PercentileLatency(us), 16863
[READ], Return=OK, 1000000
[CLEANUP], Operations, 256
[CLEANUP], AverageLatency(us), 29.859375
[CLEANUP], MinLatency(us), 11
[CLEANUP], MaxLatency(us), 617
[CLEANUP], 50thPercentileLatency(us), 17
[CLEANUP], 95thPercentileLatency(us), 48
[CLEANUP], 99thPercentileLatency(us), 360
[CLEANUP], 99.9PercentileLatency(us), 617
[CLEANUP], 99.99PercentileLatency(us), 617
[Intended-READ], Operations, 1000000
[Intended-READ], AverageLatency(us), 522.532522
[Intended-READ], MinLatency(us), 233
[Intended-READ], MaxLatency(us), 78207
[Intended-READ], 50thPercentileLatency(us), 355
[Intended-READ], 95thPercentileLatency(us), 463
[Intended-READ], 99thPercentileLatency(us), 703
[Intended-READ], 99.9PercentileLatency(us), 45151
[Intended-READ], 99.99PercentileLatency(us), 66431
[Intended-CLEANUP], Operations, 256
[Intended-CLEANUP], AverageLatency(us), 30.109375
[Intended-CLEANUP], MinLatency(us), 12
[Intended-CLEANUP], MaxLatency(us), 618
[Intended-CLEANUP], 50thPercentileLatency(us), 17
[Intended-CLEANUP], 95thPercentileLatency(us), 48
[Intended-CLEANUP], 99thPercentileLatency(us), 360
[Intended-CLEANUP], 99.9PercentileLatency(us), 618
[Intended-CLEANUP], 99.99PercentileLatency(us), 618
