java -cp /mnt/dev/YCSB-hreplace-dist/redis-binding/conf:/mnt/dev/YCSB-hreplace-dist/conf:/mnt/dev/YCSB-hreplace-dist/lib/htrace-core4-4.1.0-incubating.jar:/mnt/dev/YCSB-hreplace-dist/lib/slf4j-api-1.7.25.jar:/mnt/dev/YCSB-hreplace-dist/lib/jackson-mapper-asl-1.9.4.jar:/mnt/dev/YCSB-hreplace-dist/lib/HdrHistogram-2.1.12.jar:/mnt/dev/YCSB-hreplace-dist/lib/jackson-core-asl-1.9.4.jar:/mnt/dev/YCSB-hreplace-dist/lib/jedis-3.9.0.jar:/mnt/dev/YCSB-hreplace-dist/lib/core-0.18.0-SNAPSHOT.jar:/mnt/dev/YCSB-hreplace-dist/lib/commons-pool2-2.11.1.jar:/mnt/dev/YCSB-hreplace-dist/lib/redis-binding-0.18.0-SNAPSHOT.jar site.ycsb.Client -db site.ycsb.db.RedisClient -s -threads 256 -P /mnt/dev/YCSB-hreplace-dist/workloads/workloada -target 100000 -p recordcount=100000000 -p operationcount=1000000 -p fieldcount=10 -p fieldlength=128 -p fieldlengthdistribution=constant -p readallfields=true -p writeallfields=true -p insertorder=hashed -p requestdistribution=uniform -p readproportion=0.5 -p updateproportion=0.5 -p insertproportion=0 -p scanproportion=0 -p readmodifywriteproportion=0 -p measurementtype=hdrhistogram -p measurement.interval=both -p hdrhistogram.percentiles=50,95,99,99.9,99.99 -p status.interval=10 -p redis.host=172.16.0.4 -p redis.port=16379 -p redis.scanindex=none -p redis.timeout=10000 -p redis.cluster=false -p redis.updatecommand=keylane.hreplace -t
Command line: -db site.ycsb.db.RedisClient -s -threads 256 -P /mnt/dev/YCSB-hreplace-dist/workloads/workloada -target 100000 -p recordcount=100000000 -p operationcount=1000000 -p fieldcount=10 -p fieldlength=128 -p fieldlengthdistribution=constant -p readallfields=true -p writeallfields=true -p insertorder=hashed -p requestdistribution=uniform -p readproportion=0.5 -p updateproportion=0.5 -p insertproportion=0 -p scanproportion=0 -p readmodifywriteproportion=0 -p measurementtype=hdrhistogram -p measurement.interval=both -p hdrhistogram.percentiles=50,95,99,99.9,99.99 -p status.interval=10 -p redis.host=172.16.0.4 -p redis.port=16379 -p redis.scanindex=none -p redis.timeout=10000 -p redis.cluster=false -p redis.updatecommand=keylane.hreplace -t
YCSB Client 0.18.0-SNAPSHOT

Loading workload...
Starting test.
SLF4J: Failed to load class "org.slf4j.impl.StaticLoggerBinder".
SLF4J: Defaulting to no-operation (NOP) logger implementation
SLF4J: See http://www.slf4j.org/codes.html#StaticLoggerBinder for further details.
2026-09-14 16:11:52:374 0 sec: 0 operations; est completion in 0 second 
DBWrapper: report latency for each error is false and specific error codes to track for latency are: []
2026-09-14 16:12:02:291 10 sec: 988045 operations; 98804.5 current ops/sec; est completion in 1 second [READ: Count=494423, Max=19039, Min=184, Avg=311.15, 50=296, 90=354, 99=620, 99.9=1432, 99.99=5535] [UPDATE: Count=493912, Max=26271, Min=151, Avg=236.99, 50=218, 90=273, 99=561, 99.9=1889, 99.99=14943] [Intended-READ: Count=494744, Max=87487, Min=223, Avg=470.81, 50=355, 90=416, 99=1036, 99.9=34367, 99.99=66623] [Intended-UPDATE: Count=494119, Max=89023, Min=169, Avg=398.41, 50=277, 90=334, 99=1000, 99.9=34239, 99.99=68351] 
2026-09-14 16:12:02:430 10 sec: 1000000 operations; 86007.19 current ops/sec; [READ: Count=5997, Max=1546, Min=222, Avg=310.44, 50=296, 90=361, 99=596, 99.9=1221, 99.99=1546] [CLEANUP: Count=256, Max=692, Min=11, Avg=32.9, 50=16, 90=28, 99=626, 99.9=692, 99.99=692] [UPDATE: Count=5668, Max=1139, Min=161, Avg=229.13, 50=218, 90=275, 99=453, 99.9=849, 99.99=1139] [Intended-READ: Count=5676, Max=1606, Min=261, Avg=368.75, 50=355, 90=421, 99=685, 99.9=1275, 99.99=1606] [Intended-CLEANUP: Count=256, Max=694, Min=11, Avg=33.11, 50=17, 90=29, 99=626, 99.9=694, 99.99=694] [Intended-UPDATE: Count=5461, Max=2291, Min=182, Avg=287.14, 50=277, 90=334, 99=518, 99.9=930, 99.99=2291] 
[OVERALL], RunTime(ms), 10138
[OVERALL], Throughput(ops/sec), 98638.78477017164
[TOTAL_GCS_G1_Young_Generation], Count, 29
[TOTAL_GC_TIME_G1_Young_Generation], Time(ms), 28
[TOTAL_GC_TIME_%_G1_Young_Generation], Time(%), 0.27618859735648055
[TOTAL_GCS_G1_Old_Generation], Count, 0
[TOTAL_GC_TIME_G1_Old_Generation], Time(ms), 0
[TOTAL_GC_TIME_%_G1_Old_Generation], Time(%), 0.0
[TOTAL_GCs], Count, 29
[TOTAL_GC_TIME], Time(ms), 28
[TOTAL_GC_TIME_%], Time(%), 0.27618859735648055
[READ], Operations, 500420
[READ], AverageLatency(us), 311.14013428719875
[READ], MinLatency(us), 184
[READ], MaxLatency(us), 19039
[READ], 50thPercentileLatency(us), 296
[READ], 95thPercentileLatency(us), 392
[READ], 99thPercentileLatency(us), 620
[READ], 99.9PercentileLatency(us), 1426
[READ], 99.99PercentileLatency(us), 5067
[READ], Return=OK, 500420
[CLEANUP], Operations, 256
[CLEANUP], AverageLatency(us), 32.90234375
[CLEANUP], MinLatency(us), 11
[CLEANUP], MaxLatency(us), 692
[CLEANUP], 50thPercentileLatency(us), 16
[CLEANUP], 95thPercentileLatency(us), 47
[CLEANUP], 99thPercentileLatency(us), 626
[CLEANUP], 99.9PercentileLatency(us), 692
[CLEANUP], 99.99PercentileLatency(us), 692
[UPDATE], Operations, 499580
[UPDATE], AverageLatency(us), 236.90439969574442
[UPDATE], MinLatency(us), 151
[UPDATE], MaxLatency(us), 26271
[UPDATE], 50thPercentileLatency(us), 218
[UPDATE], 95thPercentileLatency(us), 311
[UPDATE], 99thPercentileLatency(us), 559
[UPDATE], 99.9PercentileLatency(us), 1880
[UPDATE], 99.99PercentileLatency(us), 14943
[UPDATE], Return=OK, 499580
[Intended-READ], Operations, 500420
[Intended-READ], AverageLatency(us), 469.653509052396
[Intended-READ], MinLatency(us), 223
[Intended-READ], MaxLatency(us), 87487
[Intended-READ], 50thPercentileLatency(us), 355
[Intended-READ], 95thPercentileLatency(us), 460
[Intended-READ], 99thPercentileLatency(us), 1030
[Intended-READ], 99.9PercentileLatency(us), 34143
[Intended-READ], 99.99PercentileLatency(us), 66431
[Intended-CLEANUP], Operations, 256
[Intended-CLEANUP], AverageLatency(us), 33.11328125
[Intended-CLEANUP], MinLatency(us), 11
[Intended-CLEANUP], MaxLatency(us), 694
[Intended-CLEANUP], 50thPercentileLatency(us), 17
[Intended-CLEANUP], 95thPercentileLatency(us), 47
[Intended-CLEANUP], 99thPercentileLatency(us), 626
[Intended-CLEANUP], 99.9PercentileLatency(us), 694
[Intended-CLEANUP], 99.99PercentileLatency(us), 694
[Intended-UPDATE], Operations, 499580
[Intended-UPDATE], AverageLatency(us), 397.18963729532805
[Intended-UPDATE], MinLatency(us), 169
[Intended-UPDATE], MaxLatency(us), 89023
[Intended-UPDATE], 50thPercentileLatency(us), 277
[Intended-UPDATE], 95thPercentileLatency(us), 375
[Intended-UPDATE], 99thPercentileLatency(us), 991
[Intended-UPDATE], 99.9PercentileLatency(us), 33983
[Intended-UPDATE], 99.99PercentileLatency(us), 68351
