java -cp /mnt/dev/YCSB-hreplace-dist/redis-binding/conf:/mnt/dev/YCSB-hreplace-dist/conf:/mnt/dev/YCSB-hreplace-dist/lib/htrace-core4-4.1.0-incubating.jar:/mnt/dev/YCSB-hreplace-dist/lib/slf4j-api-1.7.25.jar:/mnt/dev/YCSB-hreplace-dist/lib/jackson-mapper-asl-1.9.4.jar:/mnt/dev/YCSB-hreplace-dist/lib/HdrHistogram-2.1.12.jar:/mnt/dev/YCSB-hreplace-dist/lib/jackson-core-asl-1.9.4.jar:/mnt/dev/YCSB-hreplace-dist/lib/jedis-3.9.0.jar:/mnt/dev/YCSB-hreplace-dist/lib/core-0.18.0-SNAPSHOT.jar:/mnt/dev/YCSB-hreplace-dist/lib/commons-pool2-2.11.1.jar:/mnt/dev/YCSB-hreplace-dist/lib/redis-binding-0.18.0-SNAPSHOT.jar site.ycsb.Client -db site.ycsb.db.RedisClient -s -threads 256 -P /mnt/dev/YCSB-hreplace-dist/workloads/workloada -p recordcount=104000000000 -p operationcount=1000000 -p fieldcount=10 -p fieldlength=128 -p fieldlengthdistribution=constant -p readallfields=true -p writeallfields=true -p insertorder=hashed -p requestdistribution=uniform -p readproportion=0.95 -p updateproportion=0 -p insertproportion=0.05 -p scanproportion=0 -p readmodifywriteproportion=0 -p measurementtype=hdrhistogram -p measurement.interval=both -p hdrhistogram.percentiles=50,95,99,99.9,99.99 -p status.interval=10 -p insertstart=0 -p insertcount=100000000 -p redis.host=172.16.0.4 -p redis.port=16379 -p redis.scanindex=none -p redis.timeout=10000 -p redis.cluster=false -p redis.updatecommand=keylane.hreplace -t
Command line: -db site.ycsb.db.RedisClient -s -threads 256 -P /mnt/dev/YCSB-hreplace-dist/workloads/workloada -p recordcount=104000000000 -p operationcount=1000000 -p fieldcount=10 -p fieldlength=128 -p fieldlengthdistribution=constant -p readallfields=true -p writeallfields=true -p insertorder=hashed -p requestdistribution=uniform -p readproportion=0.95 -p updateproportion=0 -p insertproportion=0.05 -p scanproportion=0 -p readmodifywriteproportion=0 -p measurementtype=hdrhistogram -p measurement.interval=both -p hdrhistogram.percentiles=50,95,99,99.9,99.99 -p status.interval=10 -p insertstart=0 -p insertcount=100000000 -p redis.host=172.16.0.4 -p redis.port=16379 -p redis.scanindex=none -p redis.timeout=10000 -p redis.cluster=false -p redis.updatecommand=keylane.hreplace -t
YCSB Client 0.18.0-SNAPSHOT

Loading workload...
Starting test.
SLF4J: Failed to load class "org.slf4j.impl.StaticLoggerBinder".
SLF4J: Defaulting to no-operation (NOP) logger implementation
SLF4J: See http://www.slf4j.org/codes.html#StaticLoggerBinder for further details.
2026-09-14 16:37:35:682 0 sec: 0 operations; est completion in 0 second 
DBWrapper: report latency for each error is false and specific error codes to track for latency are: []
2026-09-14 16:37:38:026 2 sec: 1000000 operations; 408163.27 current ops/sec; [READ: Count=950210, Max=86783, Min=220, Avg=544.52, 50=457, 90=671, 99=2105, 99.9=6887, 99.99=28815] [CLEANUP: Count=256, Max=823, Min=12, Avg=36.96, 50=23, 90=58, 99=248, 99.9=823, 99.99=823] [INSERT: Count=49790, Max=79615, Min=176, Avg=548.13, 50=363, 90=594, 99=3067, 99.9=23375, 99.99=65855] [Intended-READ: Count=950210, Max=86783, Min=220, Avg=544.56, 50=457, 90=671, 99=2105, 99.9=6887, 99.99=28815] [Intended-CLEANUP: Count=256, Max=825, Min=12, Avg=37.4, 50=23, 90=59, 99=248, 99.9=825, 99.99=825] [Intended-INSERT: Count=49790, Max=79615, Min=176, Avg=548.18, 50=363, 90=594, 99=3067, 99.9=23375, 99.99=65855] 
[OVERALL], RunTime(ms), 2449
[OVERALL], Throughput(ops/sec), 408329.9305839118
[TOTAL_GCS_G1_Young_Generation], Count, 18
[TOTAL_GC_TIME_G1_Young_Generation], Time(ms), 27
[TOTAL_GC_TIME_%_G1_Young_Generation], Time(%), 1.1024908125765618
[TOTAL_GCS_G1_Old_Generation], Count, 0
[TOTAL_GC_TIME_G1_Old_Generation], Time(ms), 0
[TOTAL_GC_TIME_%_G1_Old_Generation], Time(%), 0.0
[TOTAL_GCs], Count, 18
[TOTAL_GC_TIME], Time(ms), 27
[TOTAL_GC_TIME_%], Time(%), 1.1024908125765618
[READ], Operations, 950210
[READ], AverageLatency(us), 544.5239715431326
[READ], MinLatency(us), 220
[READ], MaxLatency(us), 86783
[READ], 50thPercentileLatency(us), 457
[READ], 95thPercentileLatency(us), 1020
[READ], 99thPercentileLatency(us), 2105
[READ], 99.9PercentileLatency(us), 6887
[READ], 99.99PercentileLatency(us), 28815
[READ], Return=OK, 950210
[CLEANUP], Operations, 256
[CLEANUP], AverageLatency(us), 36.96484375
[CLEANUP], MinLatency(us), 12
[CLEANUP], MaxLatency(us), 823
[CLEANUP], 50thPercentileLatency(us), 23
[CLEANUP], 95thPercentileLatency(us), 106
[CLEANUP], 99thPercentileLatency(us), 248
[CLEANUP], 99.9PercentileLatency(us), 823
[CLEANUP], 99.99PercentileLatency(us), 823
[INSERT], Operations, 49790
[INSERT], AverageLatency(us), 548.134525005021
[INSERT], MinLatency(us), 176
[INSERT], MaxLatency(us), 79615
[INSERT], 50thPercentileLatency(us), 363
[INSERT], 95thPercentileLatency(us), 1148
[INSERT], 99thPercentileLatency(us), 3067
[INSERT], 99.9PercentileLatency(us), 23375
[INSERT], 99.99PercentileLatency(us), 65855
[INSERT], Return=OK, 49790
[Intended-READ], Operations, 950210
[Intended-READ], AverageLatency(us), 544.5632186569285
[Intended-READ], MinLatency(us), 220
[Intended-READ], MaxLatency(us), 86783
[Intended-READ], 50thPercentileLatency(us), 457
[Intended-READ], 95thPercentileLatency(us), 1021
[Intended-READ], 99thPercentileLatency(us), 2105
[Intended-READ], 99.9PercentileLatency(us), 6887
[Intended-READ], 99.99PercentileLatency(us), 28815
[Intended-CLEANUP], Operations, 256
[Intended-CLEANUP], AverageLatency(us), 37.40234375
[Intended-CLEANUP], MinLatency(us), 12
[Intended-CLEANUP], MaxLatency(us), 825
[Intended-CLEANUP], 50thPercentileLatency(us), 23
[Intended-CLEANUP], 95thPercentileLatency(us), 106
[Intended-CLEANUP], 99thPercentileLatency(us), 248
[Intended-CLEANUP], 99.9PercentileLatency(us), 825
[Intended-CLEANUP], 99.99PercentileLatency(us), 825
[Intended-INSERT], Operations, 49790
[Intended-INSERT], AverageLatency(us), 548.1755372564772
[Intended-INSERT], MinLatency(us), 176
[Intended-INSERT], MaxLatency(us), 79615
[Intended-INSERT], 50thPercentileLatency(us), 363
[Intended-INSERT], 95thPercentileLatency(us), 1148
[Intended-INSERT], 99thPercentileLatency(us), 3067
[Intended-INSERT], 99.9PercentileLatency(us), 23375
[Intended-INSERT], 99.99PercentileLatency(us), 65855
