java -cp /mnt/dev/YCSB-hreplace-dist/redis-binding/conf:/mnt/dev/YCSB-hreplace-dist/conf:/mnt/dev/YCSB-hreplace-dist/lib/htrace-core4-4.1.0-incubating.jar:/mnt/dev/YCSB-hreplace-dist/lib/slf4j-api-1.7.25.jar:/mnt/dev/YCSB-hreplace-dist/lib/jackson-mapper-asl-1.9.4.jar:/mnt/dev/YCSB-hreplace-dist/lib/HdrHistogram-2.1.12.jar:/mnt/dev/YCSB-hreplace-dist/lib/jackson-core-asl-1.9.4.jar:/mnt/dev/YCSB-hreplace-dist/lib/jedis-3.9.0.jar:/mnt/dev/YCSB-hreplace-dist/lib/core-0.18.0-SNAPSHOT.jar:/mnt/dev/YCSB-hreplace-dist/lib/commons-pool2-2.11.1.jar:/mnt/dev/YCSB-hreplace-dist/lib/redis-binding-0.18.0-SNAPSHOT.jar site.ycsb.Client -db site.ycsb.db.RedisClient -s -threads 256 -P /mnt/dev/YCSB-hreplace-dist/workloads/workloada -p recordcount=100000000 -p operationcount=2000000000 -p fieldcount=10 -p fieldlength=128 -p fieldlengthdistribution=constant -p readallfields=true -p writeallfields=true -p insertorder=hashed -p requestdistribution=uniform -p readproportion=0.5 -p updateproportion=0.5 -p insertproportion=0 -p scanproportion=0 -p readmodifywriteproportion=0 -p measurementtype=hdrhistogram -p measurement.interval=both -p hdrhistogram.percentiles=50,95,99,99.9,99.99 -p status.interval=10 -p maxexecutiontime=300 -p redis.host=172.16.0.4 -p redis.port=16379 -p redis.scanindex=none -p redis.timeout=10000 -p redis.cluster=false -p redis.updatecommand=keylane.hreplace -t
Command line: -db site.ycsb.db.RedisClient -s -threads 256 -P /mnt/dev/YCSB-hreplace-dist/workloads/workloada -p recordcount=100000000 -p operationcount=2000000000 -p fieldcount=10 -p fieldlength=128 -p fieldlengthdistribution=constant -p readallfields=true -p writeallfields=true -p insertorder=hashed -p requestdistribution=uniform -p readproportion=0.5 -p updateproportion=0.5 -p insertproportion=0 -p scanproportion=0 -p readmodifywriteproportion=0 -p measurementtype=hdrhistogram -p measurement.interval=both -p hdrhistogram.percentiles=50,95,99,99.9,99.99 -p status.interval=10 -p maxexecutiontime=300 -p redis.host=172.16.0.4 -p redis.port=16379 -p redis.scanindex=none -p redis.timeout=10000 -p redis.cluster=false -p redis.updatecommand=keylane.hreplace -t
YCSB Client 0.18.0-SNAPSHOT

Loading workload...
Starting test.
SLF4J: Failed to load class "org.slf4j.impl.StaticLoggerBinder".
SLF4J: Defaulting to no-operation (NOP) logger implementation
SLF4J: See http://www.slf4j.org/codes.html#StaticLoggerBinder for further details.
Maximum execution time specified as: 300 secs
2026-09-14 16:17:07:255 0 sec: 0 operations; est completion in 0 second 
DBWrapper: report latency for each error is false and specific error codes to track for latency are: []
2026-09-14 16:17:17:196 10 sec: 4640491 operations; 464049.1 current ops/sec; est completion in 1 hour 11 minutes [READ: Count=2321740, Max=31759, Min=195, Avg=631.78, 50=535, 90=785, 99=2927, 99.9=5231, 99.99=9367] [UPDATE: Count=2321249, Max=32015, Min=154, Avg=453.35, 50=395, 90=577, 99=1999, 99.9=3453, 99.99=8647] [Intended-READ: Count=2324811, Max=31759, Min=195, Avg=631.95, 50=535, 90=786, 99=2929, 99.9=5231, 99.99=9367] [Intended-UPDATE: Count=2323357, Max=32015, Min=154, Avg=453.44, 50=395, 90=577, 99=2000, 99.9=3455, 99.99=8647] 
2026-09-14 16:17:27:197 20 sec: 9385312 operations; 474482.1 current ops/sec; est completion in 1 hour 10 minutes [READ: Count=2372883, Max=9999, Min=218, Avg=628.97, 50=535, 90=778, 99=2935, 99.9=4927, 99.99=6495] [UPDATE: Count=2370945, Max=7179, Min=156, Avg=446.6, 50=394, 90=566, 99=1966, 99.9=3239, 99.99=4447] [Intended-READ: Count=2372169, Max=9999, Min=218, Avg=628.86, 50=535, 90=778, 99=2931, 99.9=4923, 99.99=6495] [Intended-UPDATE: Count=2370340, Max=7179, Min=156, Avg=446.57, 50=394, 90=566, 99=1965, 99.9=3239, 99.99=4447] 
2026-09-14 16:17:37:196 30 sec: 14128227 operations; 474291.5 current ops/sec; est completion in 1 hour 10 minutes [READ: Count=2371271, Max=9287, Min=192, Avg=629.76, 50=535, 90=778, 99=2945, 99.9=4843, 99.99=6667] [UPDATE: Count=2370764, Max=6583, Min=160, Avg=446.32, 50=393, 90=565, 99=1976, 99.9=3231, 99.99=4407] [Intended-READ: Count=2369817, Max=9287, Min=192, Avg=629.78, 50=535, 90=778, 99=2945, 99.9=4843, 99.99=6671] [Intended-UPDATE: Count=2370286, Max=6583, Min=160, Avg=446.36, 50=393, 90=565, 99=1976, 99.9=3231, 99.99=4407] 
2026-09-14 16:17:47:196 40 sec: 18866967 operations; 473874 current ops/sec; est completion in 1 hour 10 minutes [READ: Count=2368776, Max=9055, Min=201, Avg=630.04, 50=535, 90=778, 99=2953, 99.9=5075, 99.99=6871] [UPDATE: Count=2370177, Max=6419, Min=161, Avg=447.05, 50=393, 90=566, 99=1990, 99.9=3237, 99.99=4303] [Intended-READ: Count=2368918, Max=9055, Min=201, Avg=630.07, 50=535, 90=778, 99=2953, 99.9=5075, 99.99=6871] [Intended-UPDATE: Count=2370382, Max=6419, Min=161, Avg=447.1, 50=393, 90=566, 99=1991, 99.9=3237, 99.99=4303] 
2026-09-14 16:17:57:196 50 sec: 23602833 operations; 473586.6 current ops/sec; est completion in 1 hour 9 minutes [READ: Count=2366645, Max=9815, Min=203, Avg=631.13, 50=535, 90=786, 99=2939, 99.9=4919, 99.99=6767] [UPDATE: Count=2369392, Max=6575, Min=156, Avg=446.69, 50=393, 90=569, 99=1947, 99.9=3189, 99.99=4307] [Intended-READ: Count=2367079, Max=9815, Min=203, Avg=631.16, 50=535, 90=786, 99=2939, 99.9=4919, 99.99=6767] [Intended-UPDATE: Count=2369586, Max=6575, Min=156, Avg=446.72, 50=393, 90=569, 99=1947, 99.9=3189, 99.99=4307] 
2026-09-14 16:18:07:196 60 sec: 28349040 operations; 474620.7 current ops/sec; est completion in 1 hour 9 minutes [READ: Count=2373463, Max=8319, Min=200, Avg=629.72, 50=535, 90=779, 99=2935, 99.9=4891, 99.99=6303] [UPDATE: Count=2372283, Max=6579, Min=158, Avg=445.59, 50=393, 90=565, 99=1948, 99.9=3193, 99.99=4335] [Intended-READ: Count=2372699, Max=8319, Min=200, Avg=629.85, 50=535, 90=779, 99=2935, 99.9=4891, 99.99=6303] [Intended-UPDATE: Count=2371580, Max=6579, Min=158, Avg=445.64, 50=393, 90=565, 99=1949, 99.9=3193, 99.99=4335] 
2026-09-14 16:18:17:196 70 sec: 33089123 operations; 474008.3 current ops/sec; est completion in 1 hour 9 minutes [READ: Count=2372107, Max=9119, Min=194, Avg=630.27, 50=534, 90=781, 99=2915, 99.9=5283, 99.99=7119] [UPDATE: Count=2368356, Max=7443, Min=158, Avg=446.35, 50=393, 90=567, 99=1946, 99.9=3191, 99.99=5043] [Intended-READ: Count=2372534, Max=9119, Min=194, Avg=630.24, 50=534, 90=781, 99=2915, 99.9=5283, 99.99=7119] [Intended-UPDATE: Count=2368467, Max=7443, Min=158, Avg=446.38, 50=393, 90=567, 99=1946, 99.9=3191, 99.99=5043] 
2026-09-14 16:18:27:196 80 sec: 37815372 operations; 472624.9 current ops/sec; est completion in 1 hour 9 minutes [READ: Count=2362729, Max=9999, Min=182, Avg=632.23, 50=537, 90=786, 99=2943, 99.9=4935, 99.99=6663] [UPDATE: Count=2363097, Max=6143, Min=157, Avg=447.69, 50=394, 90=568, 99=1977, 99.9=3233, 99.99=4303] [Intended-READ: Count=2362054, Max=9999, Min=182, Avg=632.25, 50=537, 90=786, 99=2943, 99.9=4935, 99.99=6663] [Intended-UPDATE: Count=2362970, Max=6143, Min=157, Avg=447.73, 50=394, 90=568, 99=1978, 99.9=3233, 99.99=4303] 
2026-09-14 16:18:37:196 90 sec: 42591730 operations; 477635.8 current ops/sec; est completion in 1 hour 8 minutes [READ: Count=2388731, Max=10935, Min=194, Avg=623.54, 50=532, 90=771, 99=2889, 99.9=4731, 99.99=6663] [UPDATE: Count=2387548, Max=7307, Min=160, Avg=445, 50=391, 90=563, 99=1988, 99.9=3219, 99.99=4431] [Intended-READ: Count=2388966, Max=10935, Min=194, Avg=623.61, 50=532, 90=771, 99=2889, 99.9=4731, 99.99=6663] [Intended-UPDATE: Count=2387617, Max=7307, Min=160, Avg=445.03, 50=391, 90=563, 99=1987, 99.9=3219, 99.99=4431] 
2026-09-14 16:18:47:197 100 sec: 47325597 operations; 473386.7 current ops/sec; est completion in 1 hour 8 minutes [READ: Count=2368267, Max=10783, Min=218, Avg=631.49, 50=535, 90=783, 99=2933, 99.9=5091, 99.99=7035] [UPDATE: Count=2365982, Max=6151, Min=158, Avg=446.66, 50=393, 90=567, 99=1969, 99.9=3209, 99.99=4363] [Intended-READ: Count=2368459, Max=10783, Min=218, Avg=631.49, 50=535, 90=783, 99=2933, 99.9=5091, 99.99=7035] [Intended-UPDATE: Count=2365704, Max=6151, Min=158, Avg=446.68, 50=393, 90=567, 99=1969, 99.9=3209, 99.99=4363] 
2026-09-14 16:18:57:196 110 sec: 52050746 operations; 472514.9 current ops/sec; est completion in 1 hour 8 minutes [READ: Count=2360959, Max=10023, Min=212, Avg=633.61, 50=536, 90=787, 99=2975, 99.9=5015, 99.99=6931] [UPDATE: Count=2363792, Max=6327, Min=154, Avg=446.64, 50=393, 90=568, 99=1965, 99.9=3195, 99.99=4231] [Intended-READ: Count=2360412, Max=10023, Min=212, Avg=633.65, 50=536, 90=787, 99=2975, 99.9=5015, 99.99=6931] [Intended-UPDATE: Count=2363752, Max=6327, Min=154, Avg=446.7, 50=393, 90=568, 99=1966, 99.9=3195, 99.99=4231] 
2026-09-14 16:19:07:196 120 sec: 56812435 operations; 476168.9 current ops/sec; est completion in 1 hour 8 minutes [READ: Count=2379976, Max=10383, Min=196, Avg=628.01, 50=532, 90=777, 99=2945, 99.9=5003, 99.99=6723] [UPDATE: Count=2381740, Max=6303, Min=159, Avg=443.94, 50=391, 90=563, 99=1946, 99.9=3175, 99.99=4211] [Intended-READ: Count=2380079, Max=10383, Min=196, Avg=628.05, 50=532, 90=777, 99=2945, 99.9=5003, 99.99=6723] [Intended-UPDATE: Count=2381778, Max=6303, Min=159, Avg=443.95, 50=391, 90=563, 99=1945, 99.9=3175, 99.99=4211] 
2026-09-14 16:19:17:196 130 sec: 61572807 operations; 476037.2 current ops/sec; est completion in 1 hour 8 minutes [READ: Count=2380536, Max=9471, Min=184, Avg=627.37, 50=532, 90=780, 99=2917, 99.9=4723, 99.99=6531] [UPDATE: Count=2380176, Max=5727, Min=158, Avg=444.78, 50=391, 90=565, 99=1974, 99.9=3183, 99.99=4179] [Intended-READ: Count=2381710, Max=9471, Min=184, Avg=627.36, 50=532, 90=780, 99=2917, 99.9=4723, 99.99=6531] [Intended-UPDATE: Count=2381155, Max=5727, Min=158, Avg=444.79, 50=391, 90=565, 99=1973, 99.9=3181, 99.99=4179] 
2026-09-14 16:19:27:196 140 sec: 66311661 operations; 473885.4 current ops/sec; est completion in 1 hour 8 minutes [READ: Count=2366746, Max=9479, Min=210, Avg=630.96, 50=533, 90=788, 99=2943, 99.9=4883, 99.99=6491] [UPDATE: Count=2371773, Max=6271, Min=161, Avg=446.28, 50=392, 90=570, 99=1953, 99.9=3183, 99.99=4211] [Intended-READ: Count=2365615, Max=9479, Min=210, Avg=631.03, 50=533, 90=788, 99=2943, 99.9=4883, 99.99=6491] [Intended-UPDATE: Count=2370742, Max=6271, Min=161, Avg=446.34, 50=392, 90=570, 99=1953, 99.9=3183, 99.99=4211] 
2026-09-14 16:19:37:196 150 sec: 71046342 operations; 473468.1 current ops/sec; est completion in 1 hour 7 minutes [READ: Count=2366644, Max=10503, Min=191, Avg=631.69, 50=534, 90=782, 99=2957, 99.9=5071, 99.99=6747] [UPDATE: Count=2368403, Max=6847, Min=154, Avg=446.37, 50=393, 90=566, 99=1975, 99.9=3213, 99.99=4355] [Intended-READ: Count=2366968, Max=10503, Min=191, Avg=631.71, 50=534, 90=782, 99=2957, 99.9=5071, 99.99=6747] [Intended-UPDATE: Count=2368492, Max=6847, Min=154, Avg=446.41, 50=393, 90=566, 99=1975, 99.9=3213, 99.99=4355] 
2026-09-14 16:19:47:196 160 sec: 75773401 operations; 472705.9 current ops/sec; est completion in 1 hour 7 minutes [READ: Count=2364837, Max=8799, Min=204, Avg=632.18, 50=534, 90=788, 99=2979, 99.9=4883, 99.99=6483] [UPDATE: Count=2361789, Max=6483, Min=160, Avg=447.46, 50=392, 90=571, 99=1983, 99.9=3255, 99.99=4323] [Intended-READ: Count=2364394, Max=8799, Min=204, Avg=632.23, 50=534, 90=789, 99=2979, 99.9=4883, 99.99=6483] [Intended-UPDATE: Count=2361643, Max=6483, Min=160, Avg=447.5, 50=392, 90=571, 99=1983, 99.9=3255, 99.99=4323] 
2026-09-14 16:19:57:196 170 sec: 80533438 operations; 476003.7 current ops/sec; est completion in 1 hour 7 minutes [READ: Count=2379990, Max=8239, Min=192, Avg=627.43, 50=530, 90=779, 99=2947, 99.9=4775, 99.99=6163] [UPDATE: Count=2380138, Max=6407, Min=159, Avg=444.8, 50=390, 90=565, 99=1976, 99.9=3193, 99.99=4267] [Intended-READ: Count=2380023, Max=8239, Min=192, Avg=627.45, 50=530, 90=779, 99=2949, 99.9=4775, 99.99=6163] [Intended-UPDATE: Count=2380167, Max=6407, Min=159, Avg=444.89, 50=390, 90=565, 99=1977, 99.9=3193, 99.99=4267] 
2026-09-14 16:20:07:196 180 sec: 85271842 operations; 473840.4 current ops/sec; est completion in 1 hour 7 minutes [READ: Count=2368980, Max=9255, Min=212, Avg=630.9, 50=533, 90=785, 99=2949, 99.9=4943, 99.99=6483] [UPDATE: Count=2369361, Max=6243, Min=158, Avg=446.24, 50=391, 90=567, 99=1973, 99.9=3199, 99.99=4271] [Intended-READ: Count=2369149, Max=9255, Min=212, Avg=630.98, 50=533, 90=785, 99=2951, 99.9=4943, 99.99=6483] [Intended-UPDATE: Count=2369751, Max=6243, Min=158, Avg=446.24, 50=391, 90=567, 99=1972, 99.9=3197, 99.99=4271] 
2026-09-14 16:20:17:196 190 sec: 90005334 operations; 473349.2 current ops/sec; est completion in 1 hour 7 minutes [READ: Count=2366930, Max=10479, Min=194, Avg=631.92, 50=533, 90=785, 99=2965, 99.9=5195, 99.99=6931] [UPDATE: Count=2367103, Max=6031, Min=159, Avg=446.37, 50=392, 90=568, 99=1979, 99.9=3183, 99.99=4187] [Intended-READ: Count=2367463, Max=10479, Min=194, Avg=631.89, 50=534, 90=784, 99=2963, 99.9=5195, 99.99=6931] [Intended-UPDATE: Count=2367031, Max=6031, Min=159, Avg=446.39, 50=392, 90=568, 99=1979, 99.9=3183, 99.99=4187] 
2026-09-14 16:20:27:196 200 sec: 94756962 operations; 475162.8 current ops/sec; est completion in 1 hour 7 minutes [READ: Count=2377196, Max=9031, Min=200, Avg=628.19, 50=532, 90=782, 99=2929, 99.9=4815, 99.99=6659] [UPDATE: Count=2373979, Max=6607, Min=155, Avg=445.89, 50=391, 90=568, 99=1964, 99.9=3215, 99.99=4375] [Intended-READ: Count=2376605, Max=9031, Min=200, Avg=628.27, 50=532, 90=783, 99=2929, 99.9=4815, 99.99=6659] [Intended-UPDATE: Count=2373753, Max=6607, Min=155, Avg=445.94, 50=391, 90=568, 99=1965, 99.9=3215, 99.99=4375] 
2026-09-14 16:20:37:196 210 sec: 99482072 operations; 472511 current ops/sec; est completion in 1 hour 6 minutes [READ: Count=2361281, Max=10599, Min=221, Avg=632.83, 50=535, 90=789, 99=2963, 99.9=4971, 99.99=6795] [UPDATE: Count=2363728, Max=7131, Min=160, Avg=447.46, 50=393, 90=570, 99=1972, 99.9=3227, 99.99=4535] [Intended-READ: Count=2361286, Max=10599, Min=221, Avg=632.89, 50=535, 90=789, 99=2963, 99.9=4971, 99.99=6795] [Intended-UPDATE: Count=2363879, Max=7131, Min=160, Avg=447.5, 50=393, 90=570, 99=1972, 99.9=3227, 99.99=4535] 
2026-09-14 16:20:47:196 220 sec: 104216728 operations; 473465.6 current ops/sec; est completion in 1 hour 6 minutes [READ: Count=2366979, Max=9759, Min=188, Avg=630.23, 50=534, 90=785, 99=2939, 99.9=4859, 99.99=6719] [UPDATE: Count=2367995, Max=5739, Min=154, Avg=447.82, 50=393, 90=570, 99=2003, 99.9=3227, 99.99=4227] [Intended-READ: Count=2367225, Max=9759, Min=188, Avg=630.23, 50=534, 90=785, 99=2937, 99.9=4859, 99.99=6719] [Intended-UPDATE: Count=2367779, Max=5739, Min=154, Avg=447.86, 50=393, 90=570, 99=2003, 99.9=3229, 99.99=4227] 
2026-09-14 16:20:57:197 230 sec: 108934920 operations; 471819.2 current ops/sec; est completion in 1 hour 6 minutes [READ: Count=2358509, Max=9519, Min=202, Avg=634.22, 50=535, 90=794, 99=2969, 99.9=4931, 99.99=6391] [UPDATE: Count=2359502, Max=6279, Min=153, Avg=447.64, 50=392, 90=570, 99=1993, 99.9=3175, 99.99=4171] [Intended-READ: Count=2358388, Max=9519, Min=202, Avg=634.37, 50=535, 90=794, 99=2971, 99.9=4931, 99.99=6391] [Intended-UPDATE: Count=2359382, Max=6279, Min=153, Avg=447.67, 50=392, 90=570, 99=1993, 99.9=3175, 99.99=4171] 
2026-09-14 16:21:07:196 240 sec: 113665036 operations; 473011.6 current ops/sec; est completion in 1 hour 6 minutes [READ: Count=2363499, Max=8951, Min=215, Avg=632.69, 50=533, 90=786, 99=2997, 99.9=4955, 99.99=6675] [UPDATE: Count=2366756, Max=6643, Min=158, Avg=446.47, 50=391, 90=567, 99=1994, 99.9=3215, 99.99=4367] [Intended-READ: Count=2363462, Max=8951, Min=215, Avg=632.6, 50=533, 90=786, 99=2995, 99.9=4955, 99.99=6675] [Intended-UPDATE: Count=2366744, Max=6643, Min=158, Avg=446.51, 50=391, 90=567, 99=1994, 99.9=3215, 99.99=4367] 
2026-09-14 16:21:17:196 250 sec: 118399354 operations; 473431.8 current ops/sec; est completion in 1 hour 6 minutes [READ: Count=2367537, Max=10151, Min=177, Avg=631.63, 50=533, 90=787, 99=2951, 99.9=4999, 99.99=6919] [UPDATE: Count=2366921, Max=6907, Min=157, Avg=446.46, 50=391, 90=568, 99=1981, 99.9=3167, 99.99=4203] [Intended-READ: Count=2367931, Max=10151, Min=177, Avg=631.67, 50=533, 90=787, 99=2951, 99.9=4999, 99.99=6919] [Intended-UPDATE: Count=2367270, Max=6907, Min=157, Avg=446.51, 50=392, 90=568, 99=1981, 99.9=3167, 99.99=4203] 
2026-09-14 16:21:27:197 260 sec: 123143235 operations; 474388.1 current ops/sec; est completion in 1 hour 6 minutes [READ: Count=2371772, Max=8919, Min=213, Avg=630.72, 50=531, 90=787, 99=2973, 99.9=4951, 99.99=6539] [UPDATE: Count=2372871, Max=6747, Min=157, Avg=445.18, 50=390, 90=568, 99=1961, 99.9=3155, 99.99=4227] [Intended-READ: Count=2372154, Max=8919, Min=213, Avg=630.73, 50=532, 90=787, 99=2973, 99.9=4951, 99.99=6539] [Intended-UPDATE: Count=2373123, Max=6747, Min=157, Avg=445.2, 50=390, 90=568, 99=1961, 99.9=3155, 99.99=4227] 
2026-09-14 16:21:37:196 270 sec: 127857382 operations; 471414.7 current ops/sec; est completion in 1 hour 5 minutes [READ: Count=2355814, Max=47583, Min=212, Avg=633.4, 50=530, 90=791, 99=2997, 99.9=5111, 99.99=7315] [UPDATE: Count=2357755, Max=43039, Min=155, Avg=449.23, 50=390, 90=572, 99=2015, 99.9=3277, 99.99=5587] [Intended-READ: Count=2355620, Max=47583, Min=212, Avg=633.45, 50=530, 90=791, 99=2999, 99.9=5111, 99.99=7315] [Intended-UPDATE: Count=2357667, Max=43039, Min=155, Avg=449.26, 50=390, 90=572, 99=2015, 99.9=3277, 99.99=5595] 
2026-09-14 16:21:47:196 280 sec: 132568142 operations; 471076 current ops/sec; est completion in 1 hour 5 minutes [READ: Count=2355495, Max=9719, Min=196, Avg=634.91, 50=534, 90=795, 99=2973, 99.9=5079, 99.99=6971] [UPDATE: Count=2354659, Max=7003, Min=160, Avg=448.57, 50=392, 90=572, 99=1993, 99.9=3197, 99.99=4343] [Intended-READ: Count=2355133, Max=9719, Min=196, Avg=634.95, 50=534, 90=795, 99=2973, 99.9=5079, 99.99=6971] [Intended-UPDATE: Count=2354688, Max=7003, Min=160, Avg=448.6, 50=392, 90=572, 99=1993, 99.9=3197, 99.99=4343] 
2026-09-14 16:21:57:196 290 sec: 137308285 operations; 474014.3 current ops/sec; est completion in 1 hour 5 minutes [READ: Count=2369963, Max=8991, Min=206, Avg=630.94, 50=532, 90=782, 99=2991, 99.9=5003, 99.99=6563] [UPDATE: Count=2370269, Max=7059, Min=156, Avg=445.84, 50=391, 90=565, 99=1992, 99.9=3237, 99.99=4391] [Intended-READ: Count=2369687, Max=8991, Min=206, Avg=630.98, 50=532, 90=782, 99=2991, 99.9=5003, 99.99=6563] [Intended-UPDATE: Count=2369904, Max=7059, Min=156, Avg=445.88, 50=391, 90=565, 99=1992, 99.9=3237, 99.99=4391] 
2026-09-14 16:22:07:196 300 sec: 142046786 operations; 473850.1 current ops/sec; est completion in 1 hour 5 minutes [READ: Count=2370752, Max=10471, Min=179, Avg=631.57, 50=531, 90=785, 99=3003, 99.9=5031, 99.99=6999] [UPDATE: Count=2367883, Max=10343, Min=156, Avg=445.41, 50=390, 90=566, 99=1982, 99.9=3229, 99.99=4399] [Intended-READ: Count=2370950, Max=10471, Min=179, Avg=631.64, 50=531, 90=785, 99=3003, 99.9=5031, 99.99=6999] [Intended-UPDATE: Count=2368084, Max=10343, Min=156, Avg=445.46, 50=390, 90=566, 99=1982, 99.9=3229, 99.99=4399] 
Maximum time elapsed. Requesting stop for the workload.
Stop requested for workload. Now Joining!
2026-09-14 16:22:07:246 300 sec: 142069750 operations; 459280 current ops/sec; est completion in 1 hour 5 minutes [READ: Count=11289, Max=4983, Min=263, Avg=620.42, 50=515, 90=757, 99=3275, 99.9=4679, 99.99=4983] [CLEANUP: Count=256, Max=2239, Min=9, Avg=643.12, 50=96, 90=1843, 99=2231, 99.9=2239, 99.99=2239] [UPDATE: Count=11068, Max=4843, Min=172, Avg=450.25, 50=383, 90=554, 99=2295, 99.9=4203, 99.99=4743] [Intended-READ: Count=10536, Max=4983, Min=263, Avg=615.62, 50=516, 90=747, 99=3217, 99.9=4679, 99.99=4859] [Intended-CLEANUP: Count=256, Max=2239, Min=9, Avg=643.26, 50=96, 90=1843, 99=2233, 99.9=2239, 99.99=2239] [Intended-UPDATE: Count=10381, Max=4843, Min=172, Avg=447.79, 50=383, 90=551, 99=2277, 99.9=4307, 99.99=4743] 
[OVERALL], RunTime(ms), 300056
[OVERALL], Throughput(ops/sec), 473477.4508758365
[TOTAL_GCS_G1_Young_Generation], Count, 2315
[TOTAL_GC_TIME_G1_Young_Generation], Time(ms), 2004
[TOTAL_GC_TIME_%_G1_Young_Generation], Time(%), 0.6678753299384115
[TOTAL_GCS_G1_Old_Generation], Count, 0
[TOTAL_GC_TIME_G1_Old_Generation], Time(ms), 0
[TOTAL_GC_TIME_%_G1_Old_Generation], Time(%), 0.0
[TOTAL_GCs], Count, 2315
[TOTAL_GC_TIME], Time(ms), 2004
[TOTAL_GC_TIME_%], Time(%), 0.6678753299384115
[READ], Operations, 71032296
[READ], AverageLatency(us), 630.8023318435321
[READ], MinLatency(us), 177
[READ], MaxLatency(us), 47583
[READ], 50thPercentileLatency(us), 534
[READ], 95thPercentileLatency(us), 1198
[READ], 99thPercentileLatency(us), 2953
[READ], 99.9PercentileLatency(us), 4967
[READ], 99.99PercentileLatency(us), 6759
[READ], Return=OK, 71032296
[CLEANUP], Operations, 256
[CLEANUP], AverageLatency(us), 643.1171875
[CLEANUP], MinLatency(us), 9
[CLEANUP], MaxLatency(us), 2239
[CLEANUP], 50thPercentileLatency(us), 96
[CLEANUP], 95thPercentileLatency(us), 2089
[CLEANUP], 99thPercentileLatency(us), 2231
[CLEANUP], 99.9PercentileLatency(us), 2239
[CLEANUP], 99.99PercentileLatency(us), 2239
[UPDATE], Operations, 71037454
[UPDATE], AverageLatency(us), 446.6655401951765
[UPDATE], MinLatency(us), 153
[UPDATE], MaxLatency(us), 43039
[UPDATE], 50thPercentileLatency(us), 392
[UPDATE], 95thPercentileLatency(us), 732
[UPDATE], 99thPercentileLatency(us), 1976
[UPDATE], 99.9PercentileLatency(us), 3215
[UPDATE], 99.99PercentileLatency(us), 4403
[UPDATE], Return=OK, 71037454
[Intended-READ], Operations, 71032296
[Intended-READ], AverageLatency(us), 630.8378844744086
[Intended-READ], MinLatency(us), 177
[Intended-READ], MaxLatency(us), 47583
[Intended-READ], 50thPercentileLatency(us), 534
[Intended-READ], 95thPercentileLatency(us), 1198
[Intended-READ], 99thPercentileLatency(us), 2953
[Intended-READ], 99.9PercentileLatency(us), 4967
[Intended-READ], 99.99PercentileLatency(us), 6759
[Intended-CLEANUP], Operations, 256
[Intended-CLEANUP], AverageLatency(us), 643.2578125
[Intended-CLEANUP], MinLatency(us), 9
[Intended-CLEANUP], MaxLatency(us), 2239
[Intended-CLEANUP], 50thPercentileLatency(us), 96
[Intended-CLEANUP], 95thPercentileLatency(us), 2089
[Intended-CLEANUP], 99thPercentileLatency(us), 2233
[Intended-CLEANUP], 99.9PercentileLatency(us), 2239
[Intended-CLEANUP], 99.99PercentileLatency(us), 2239
[Intended-UPDATE], Operations, 71037454
[Intended-UPDATE], AverageLatency(us), 446.7014556856162
[Intended-UPDATE], MinLatency(us), 153
[Intended-UPDATE], MaxLatency(us), 43039
[Intended-UPDATE], 50thPercentileLatency(us), 392
[Intended-UPDATE], 95thPercentileLatency(us), 732
[Intended-UPDATE], 99thPercentileLatency(us), 1976
[Intended-UPDATE], 99.9PercentileLatency(us), 3215
[Intended-UPDATE], 99.99PercentileLatency(us), 4403
