java -cp /mnt/dev/YCSB-hreplace-dist/redis-binding/conf:/mnt/dev/YCSB-hreplace-dist/conf:/mnt/dev/YCSB-hreplace-dist/lib/htrace-core4-4.1.0-incubating.jar:/mnt/dev/YCSB-hreplace-dist/lib/slf4j-api-1.7.25.jar:/mnt/dev/YCSB-hreplace-dist/lib/jackson-mapper-asl-1.9.4.jar:/mnt/dev/YCSB-hreplace-dist/lib/HdrHistogram-2.1.12.jar:/mnt/dev/YCSB-hreplace-dist/lib/jackson-core-asl-1.9.4.jar:/mnt/dev/YCSB-hreplace-dist/lib/jedis-3.9.0.jar:/mnt/dev/YCSB-hreplace-dist/lib/core-0.18.0-SNAPSHOT.jar:/mnt/dev/YCSB-hreplace-dist/lib/commons-pool2-2.11.1.jar:/mnt/dev/YCSB-hreplace-dist/lib/redis-binding-0.18.0-SNAPSHOT.jar site.ycsb.Client -db site.ycsb.db.RedisClient -s -threads 256 -P /mnt/dev/YCSB-hreplace-dist/workloads/workloada -target 100000 -p recordcount=100000000000 -p operationcount=1000000 -p fieldcount=10 -p fieldlength=128 -p fieldlengthdistribution=constant -p readallfields=true -p writeallfields=true -p insertorder=hashed -p requestdistribution=uniform -p readproportion=0.95 -p updateproportion=0 -p insertproportion=0.05 -p scanproportion=0 -p readmodifywriteproportion=0 -p measurementtype=hdrhistogram -p measurement.interval=both -p hdrhistogram.percentiles=50,95,99,99.9,99.99 -p status.interval=10 -p insertstart=0 -p insertcount=100000000 -p redis.host=172.16.0.4 -p redis.port=16379 -p redis.scanindex=none -p redis.timeout=10000 -p redis.cluster=false -p redis.updatecommand=keylane.hreplace -t
Command line: -db site.ycsb.db.RedisClient -s -threads 256 -P /mnt/dev/YCSB-hreplace-dist/workloads/workloada -target 100000 -p recordcount=100000000000 -p operationcount=1000000 -p fieldcount=10 -p fieldlength=128 -p fieldlengthdistribution=constant -p readallfields=true -p writeallfields=true -p insertorder=hashed -p requestdistribution=uniform -p readproportion=0.95 -p updateproportion=0 -p insertproportion=0.05 -p scanproportion=0 -p readmodifywriteproportion=0 -p measurementtype=hdrhistogram -p measurement.interval=both -p hdrhistogram.percentiles=50,95,99,99.9,99.99 -p status.interval=10 -p insertstart=0 -p insertcount=100000000 -p redis.host=172.16.0.4 -p redis.port=16379 -p redis.scanindex=none -p redis.timeout=10000 -p redis.cluster=false -p redis.updatecommand=keylane.hreplace -t
YCSB Client 0.18.0-SNAPSHOT

Loading workload...
Starting test.
SLF4J: Failed to load class "org.slf4j.impl.StaticLoggerBinder".
SLF4J: Defaulting to no-operation (NOP) logger implementation
SLF4J: See http://www.slf4j.org/codes.html#StaticLoggerBinder for further details.
2026-09-14 16:32:23:892 0 sec: 0 operations; est completion in 0 second 
DBWrapper: report latency for each error is false and specific error codes to track for latency are: []
2026-09-14 16:32:33:810 10 sec: 986678 operations; 98648.07 current ops/sec; est completion in 1 second [READ: Count=937711, Max=20511, Min=209, Avg=301.06, 50=290, 90=343, 99=461, 99.9=1426, 99.99=4739] [INSERT: Count=49053, Max=17519, Min=157, Avg=235.21, 50=219, 90=280, 99=433, 99.9=1808, 99.99=5635] [Intended-READ: Count=938212, Max=81087, Min=229, Avg=465.17, 50=349, 90=404, 99=677, 99.9=44639, 99.99=73343] [Intended-INSERT: Count=49072, Max=79103, Min=184, Avg=396.74, 50=279, 90=341, 99=765, 99.9=47743, 99.99=74111] 
2026-09-14 16:32:33:974 10 sec: 1000000 operations; 81231.71 current ops/sec; [READ: Count=12562, Max=946, Min=218, Avg=290.32, 50=286, 90=326, 99=404, 99.9=491, 99.99=879] [CLEANUP: Count=256, Max=589, Min=11, Avg=27.27, 50=16, 90=30, 99=396, 99.9=589, 99.99=589] [INSERT: Count=674, Max=372, Min=172, Avg=220.48, 50=216, 90=250, 99=326, 99.9=372, 99.99=372] [Intended-READ: Count=12061, Max=1500, Min=238, Avg=348.06, 50=344, 90=385, 99=465, 99.9=563, 99.99=1012] [Intended-CLEANUP: Count=256, Max=589, Min=11, Avg=27.48, 50=17, 90=30, 99=396, 99.9=589, 99.99=589] [Intended-INSERT: Count=655, Max=430, Min=199, Avg=278.6, 50=275, 90=313, 99=388, 99.9=430, 99.99=430] 
[OVERALL], RunTime(ms), 10165
[OVERALL], Throughput(ops/sec), 98376.78307919331
[TOTAL_GCS_G1_Young_Generation], Count, 21
[TOTAL_GC_TIME_G1_Young_Generation], Time(ms), 24
[TOTAL_GC_TIME_%_G1_Young_Generation], Time(%), 0.23610427939006395
[TOTAL_GCS_G1_Old_Generation], Count, 0
[TOTAL_GC_TIME_G1_Old_Generation], Time(ms), 0
[TOTAL_GC_TIME_%_G1_Old_Generation], Time(%), 0.0
[TOTAL_GCs], Count, 21
[TOTAL_GC_TIME], Time(ms), 24
[TOTAL_GC_TIME_%], Time(%), 0.23610427939006395
[READ], Operations, 950273
[READ], AverageLatency(us), 300.9137079555033
[READ], MinLatency(us), 209
[READ], MaxLatency(us), 20511
[READ], 50thPercentileLatency(us), 290
[READ], 95thPercentileLatency(us), 373
[READ], 99thPercentileLatency(us), 461
[READ], 99.9PercentileLatency(us), 1419
[READ], 99.99PercentileLatency(us), 4703
[READ], Return=OK, 950273
[CLEANUP], Operations, 256
[CLEANUP], AverageLatency(us), 27.265625
[CLEANUP], MinLatency(us), 11
[CLEANUP], MaxLatency(us), 589
[CLEANUP], 50thPercentileLatency(us), 16
[CLEANUP], 95thPercentileLatency(us), 53
[CLEANUP], 99thPercentileLatency(us), 396
[CLEANUP], 99.9PercentileLatency(us), 589
[CLEANUP], 99.99PercentileLatency(us), 589
[INSERT], Operations, 49727
[INSERT], AverageLatency(us), 235.00965270376255
[INSERT], MinLatency(us), 157
[INSERT], MaxLatency(us), 17519
[INSERT], 50thPercentileLatency(us), 219
[INSERT], 95thPercentileLatency(us), 317
[INSERT], 99thPercentileLatency(us), 431
[INSERT], 99.9PercentileLatency(us), 1808
[INSERT], 99.99PercentileLatency(us), 5635
[INSERT], Return=OK, 49727
[Intended-READ], Operations, 950273
[Intended-READ], AverageLatency(us), 463.67940581285586
[Intended-READ], MinLatency(us), 229
[Intended-READ], MaxLatency(us), 81087
[Intended-READ], 50thPercentileLatency(us), 349
[Intended-READ], 95thPercentileLatency(us), 436
[Intended-READ], 99thPercentileLatency(us), 663
[Intended-READ], 99.9PercentileLatency(us), 44351
[Intended-READ], 99.99PercentileLatency(us), 73343
[Intended-CLEANUP], Operations, 256
[Intended-CLEANUP], AverageLatency(us), 27.4765625
[Intended-CLEANUP], MinLatency(us), 11
[Intended-CLEANUP], MaxLatency(us), 589
[Intended-CLEANUP], 50thPercentileLatency(us), 17
[Intended-CLEANUP], 95thPercentileLatency(us), 53
[Intended-CLEANUP], 99thPercentileLatency(us), 396
[Intended-CLEANUP], 99.9PercentileLatency(us), 589
[Intended-CLEANUP], 99.99PercentileLatency(us), 589
[Intended-INSERT], Operations, 49727
[Intended-INSERT], AverageLatency(us), 395.1853520220403
[Intended-INSERT], MinLatency(us), 184
[Intended-INSERT], MaxLatency(us), 79103
[Intended-INSERT], 50thPercentileLatency(us), 279
[Intended-INSERT], 95thPercentileLatency(us), 380
[Intended-INSERT], 99thPercentileLatency(us), 724
[Intended-INSERT], 99.9PercentileLatency(us), 47743
[Intended-INSERT], 99.99PercentileLatency(us), 74111
