java -cp /mnt/dev/YCSB-hreplace-dist/redis-binding/conf:/mnt/dev/YCSB-hreplace-dist/conf:/mnt/dev/YCSB-hreplace-dist/lib/htrace-core4-4.1.0-incubating.jar:/mnt/dev/YCSB-hreplace-dist/lib/slf4j-api-1.7.25.jar:/mnt/dev/YCSB-hreplace-dist/lib/jackson-mapper-asl-1.9.4.jar:/mnt/dev/YCSB-hreplace-dist/lib/HdrHistogram-2.1.12.jar:/mnt/dev/YCSB-hreplace-dist/lib/jackson-core-asl-1.9.4.jar:/mnt/dev/YCSB-hreplace-dist/lib/jedis-3.9.0.jar:/mnt/dev/YCSB-hreplace-dist/lib/core-0.18.0-SNAPSHOT.jar:/mnt/dev/YCSB-hreplace-dist/lib/commons-pool2-2.11.1.jar:/mnt/dev/YCSB-hreplace-dist/lib/redis-binding-0.18.0-SNAPSHOT.jar site.ycsb.Client -db site.ycsb.db.RedisClient -s -threads 256 -P /mnt/dev/YCSB-hreplace-dist/workloads/workloada -p recordcount=100000000 -p operationcount=1000000 -p fieldcount=10 -p fieldlength=128 -p fieldlengthdistribution=constant -p readallfields=true -p writeallfields=true -p insertorder=hashed -p requestdistribution=uniform -p readproportion=0.95 -p updateproportion=0.05 -p insertproportion=0 -p scanproportion=0 -p readmodifywriteproportion=0 -p measurementtype=hdrhistogram -p measurement.interval=both -p hdrhistogram.percentiles=50,95,99,99.9,99.99 -p status.interval=10 -p redis.host=172.16.0.4 -p redis.port=16379 -p redis.scanindex=none -p redis.timeout=10000 -p redis.cluster=false -p redis.updatecommand=keylane.hreplace -t
Command line: -db site.ycsb.db.RedisClient -s -threads 256 -P /mnt/dev/YCSB-hreplace-dist/workloads/workloada -p recordcount=100000000 -p operationcount=1000000 -p fieldcount=10 -p fieldlength=128 -p fieldlengthdistribution=constant -p readallfields=true -p writeallfields=true -p insertorder=hashed -p requestdistribution=uniform -p readproportion=0.95 -p updateproportion=0.05 -p insertproportion=0 -p scanproportion=0 -p readmodifywriteproportion=0 -p measurementtype=hdrhistogram -p measurement.interval=both -p hdrhistogram.percentiles=50,95,99,99.9,99.99 -p status.interval=10 -p redis.host=172.16.0.4 -p redis.port=16379 -p redis.scanindex=none -p redis.timeout=10000 -p redis.cluster=false -p redis.updatecommand=keylane.hreplace -t
YCSB Client 0.18.0-SNAPSHOT

Loading workload...
Starting test.
SLF4J: Failed to load class "org.slf4j.impl.StaticLoggerBinder".
SLF4J: Defaulting to no-operation (NOP) logger implementation
SLF4J: See http://www.slf4j.org/codes.html#StaticLoggerBinder for further details.
2026-09-14 16:27:19:646 0 sec: 0 operations; est completion in 0 second 
DBWrapper: report latency for each error is false and specific error codes to track for latency are: []
2026-09-14 16:27:22:387 2 sec: 1000000 operations; 358422.94 current ops/sec; [READ: Count=949703, Max=79039, Min=218, Avg=631.9, 50=485, 90=1032, 99=1987, 99.9=8783, 99.99=48607] [CLEANUP: Count=256, Max=703, Min=12, Avg=31.63, 50=23, 90=54, 99=113, 99.9=703, 99.99=703] [UPDATE: Count=50297, Max=70463, Min=163, Avg=544.4, 50=385, 90=991, 99=1970, 99.9=9623, 99.99=43583] [Intended-READ: Count=949703, Max=79039, Min=218, Avg=631.94, 50=485, 90=1032, 99=1987, 99.9=8783, 99.99=48607] [Intended-CLEANUP: Count=256, Max=704, Min=12, Avg=32, 50=23, 90=54, 99=114, 99.9=704, 99.99=704] [Intended-UPDATE: Count=50297, Max=70463, Min=163, Avg=544.43, 50=385, 90=991, 99=1970, 99.9=9623, 99.99=43583] 
[OVERALL], RunTime(ms), 2790
[OVERALL], Throughput(ops/sec), 358422.93906810036
[TOTAL_GCS_G1_Young_Generation], Count, 17
[TOTAL_GC_TIME_G1_Young_Generation], Time(ms), 31
[TOTAL_GC_TIME_%_G1_Young_Generation], Time(%), 1.1111111111111112
[TOTAL_GCS_G1_Old_Generation], Count, 0
[TOTAL_GC_TIME_G1_Old_Generation], Time(ms), 0
[TOTAL_GC_TIME_%_G1_Old_Generation], Time(%), 0.0
[TOTAL_GCs], Count, 17
[TOTAL_GC_TIME], Time(ms), 31
[TOTAL_GC_TIME_%], Time(%), 1.1111111111111112
[READ], Operations, 949703
[READ], AverageLatency(us), 631.8995854493458
[READ], MinLatency(us), 218
[READ], MaxLatency(us), 79039
[READ], 50thPercentileLatency(us), 485
[READ], 95thPercentileLatency(us), 1249
[READ], 99thPercentileLatency(us), 1987
[READ], 99.9PercentileLatency(us), 8783
[READ], 99.99PercentileLatency(us), 48607
[READ], Return=OK, 949703
[CLEANUP], Operations, 256
[CLEANUP], AverageLatency(us), 31.62890625
[CLEANUP], MinLatency(us), 12
[CLEANUP], MaxLatency(us), 703
[CLEANUP], 50thPercentileLatency(us), 23
[CLEANUP], 95thPercentileLatency(us), 66
[CLEANUP], 99thPercentileLatency(us), 113
[CLEANUP], 99.9PercentileLatency(us), 703
[CLEANUP], 99.99PercentileLatency(us), 703
[UPDATE], Operations, 50297
[UPDATE], AverageLatency(us), 544.3985724794719
[UPDATE], MinLatency(us), 163
[UPDATE], MaxLatency(us), 70463
[UPDATE], 50thPercentileLatency(us), 385
[UPDATE], 95thPercentileLatency(us), 1214
[UPDATE], 99thPercentileLatency(us), 1970
[UPDATE], 99.9PercentileLatency(us), 9623
[UPDATE], 99.99PercentileLatency(us), 43583
[UPDATE], Return=OK, 50297
[Intended-READ], Operations, 949703
[Intended-READ], AverageLatency(us), 631.94205346303
[Intended-READ], MinLatency(us), 218
[Intended-READ], MaxLatency(us), 79039
[Intended-READ], 50thPercentileLatency(us), 485
[Intended-READ], 95thPercentileLatency(us), 1249
[Intended-READ], 99thPercentileLatency(us), 1987
[Intended-READ], 99.9PercentileLatency(us), 8783
[Intended-READ], 99.99PercentileLatency(us), 48607
[Intended-CLEANUP], Operations, 256
[Intended-CLEANUP], AverageLatency(us), 31.99609375
[Intended-CLEANUP], MinLatency(us), 12
[Intended-CLEANUP], MaxLatency(us), 704
[Intended-CLEANUP], 50thPercentileLatency(us), 23
[Intended-CLEANUP], 95thPercentileLatency(us), 68
[Intended-CLEANUP], 99thPercentileLatency(us), 114
[Intended-CLEANUP], 99.9PercentileLatency(us), 704
[Intended-CLEANUP], 99.99PercentileLatency(us), 704
[Intended-UPDATE], Operations, 50297
[Intended-UPDATE], AverageLatency(us), 544.432471121538
[Intended-UPDATE], MinLatency(us), 163
[Intended-UPDATE], MaxLatency(us), 70463
[Intended-UPDATE], 50thPercentileLatency(us), 385
[Intended-UPDATE], 95thPercentileLatency(us), 1214
[Intended-UPDATE], 99thPercentileLatency(us), 1970
[Intended-UPDATE], 99.9PercentileLatency(us), 9623
[Intended-UPDATE], 99.99PercentileLatency(us), 43583
