java -cp /mnt/dev/YCSB-hreplace-dist/redis-binding/conf:/mnt/dev/YCSB-hreplace-dist/conf:/mnt/dev/YCSB-hreplace-dist/lib/htrace-core4-4.1.0-incubating.jar:/mnt/dev/YCSB-hreplace-dist/lib/slf4j-api-1.7.25.jar:/mnt/dev/YCSB-hreplace-dist/lib/jackson-mapper-asl-1.9.4.jar:/mnt/dev/YCSB-hreplace-dist/lib/HdrHistogram-2.1.12.jar:/mnt/dev/YCSB-hreplace-dist/lib/jackson-core-asl-1.9.4.jar:/mnt/dev/YCSB-hreplace-dist/lib/jedis-3.9.0.jar:/mnt/dev/YCSB-hreplace-dist/lib/core-0.18.0-SNAPSHOT.jar:/mnt/dev/YCSB-hreplace-dist/lib/commons-pool2-2.11.1.jar:/mnt/dev/YCSB-hreplace-dist/lib/redis-binding-0.18.0-SNAPSHOT.jar site.ycsb.Client -db site.ycsb.db.RedisClient -s -threads 256 -P /mnt/dev/YCSB-hreplace-dist/workloads/workloada -p recordcount=100000000 -p operationcount=1000000 -p fieldcount=10 -p fieldlength=128 -p fieldlengthdistribution=constant -p readallfields=true -p writeallfields=true -p insertorder=hashed -p requestdistribution=uniform -p readproportion=0.5 -p updateproportion=0.5 -p insertproportion=0 -p scanproportion=0 -p readmodifywriteproportion=0 -p measurementtype=hdrhistogram -p measurement.interval=both -p hdrhistogram.percentiles=50,95,99,99.9,99.99 -p status.interval=10 -p redis.host=172.16.0.4 -p redis.port=16379 -p redis.scanindex=none -p redis.timeout=10000 -p redis.cluster=false -p redis.updatecommand=keylane.hreplace -t
Command line: -db site.ycsb.db.RedisClient -s -threads 256 -P /mnt/dev/YCSB-hreplace-dist/workloads/workloada -p recordcount=100000000 -p operationcount=1000000 -p fieldcount=10 -p fieldlength=128 -p fieldlengthdistribution=constant -p readallfields=true -p writeallfields=true -p insertorder=hashed -p requestdistribution=uniform -p readproportion=0.5 -p updateproportion=0.5 -p insertproportion=0 -p scanproportion=0 -p readmodifywriteproportion=0 -p measurementtype=hdrhistogram -p measurement.interval=both -p hdrhistogram.percentiles=50,95,99,99.9,99.99 -p status.interval=10 -p redis.host=172.16.0.4 -p redis.port=16379 -p redis.scanindex=none -p redis.timeout=10000 -p redis.cluster=false -p redis.updatecommand=keylane.hreplace -t
YCSB Client 0.18.0-SNAPSHOT

Loading workload...
Starting test.
SLF4J: Failed to load class "org.slf4j.impl.StaticLoggerBinder".
SLF4J: Defaulting to no-operation (NOP) logger implementation
SLF4J: See http://www.slf4j.org/codes.html#StaticLoggerBinder for further details.
2026-09-14 16:17:04:111 0 sec: 0 operations; est completion in 0 second 
DBWrapper: report latency for each error is false and specific error codes to track for latency are: []
2026-09-14 16:17:06:520 2 sec: 1000000 operations; 401284.11 current ops/sec; [READ: Count=499673, Max=32799, Min=187, Avg=632.5, 50=520, 90=788, 99=3041, 99.9=9175, 99.99=19167] [CLEANUP: Count=256, Max=1317, Min=12, Avg=36.03, 50=25, 90=55, 99=129, 99.9=1317, 99.99=1317] [UPDATE: Count=500327, Max=33279, Min=164, Avg=478.17, 50=391, 90=616, 99=2237, 99.9=6951, 99.99=19343] [Intended-READ: Count=499673, Max=32799, Min=187, Avg=632.54, 50=520, 90=788, 99=3041, 99.9=9175, 99.99=19167] [Intended-CLEANUP: Count=256, Max=1320, Min=12, Avg=36.33, 50=26, 90=56, 99=129, 99.9=1320, 99.99=1320] [Intended-UPDATE: Count=500327, Max=33279, Min=164, Avg=478.21, 50=391, 90=616, 99=2237, 99.9=6951, 99.99=19343] 
[OVERALL], RunTime(ms), 2492
[OVERALL], Throughput(ops/sec), 401284.1091492777
[TOTAL_GCS_G1_Young_Generation], Count, 22
[TOTAL_GC_TIME_G1_Young_Generation], Time(ms), 36
[TOTAL_GC_TIME_%_G1_Young_Generation], Time(%), 1.4446227929373996
[TOTAL_GCS_G1_Old_Generation], Count, 0
[TOTAL_GC_TIME_G1_Old_Generation], Time(ms), 0
[TOTAL_GC_TIME_%_G1_Old_Generation], Time(%), 0.0
[TOTAL_GCs], Count, 22
[TOTAL_GC_TIME], Time(ms), 36
[TOTAL_GC_TIME_%], Time(%), 1.4446227929373996
[READ], Operations, 499673
[READ], AverageLatency(us), 632.4961704955041
[READ], MinLatency(us), 187
[READ], MaxLatency(us), 32799
[READ], 50thPercentileLatency(us), 520
[READ], 95thPercentileLatency(us), 1210
[READ], 99thPercentileLatency(us), 3041
[READ], 99.9PercentileLatency(us), 9175
[READ], 99.99PercentileLatency(us), 19167
[READ], Return=OK, 499673
[CLEANUP], Operations, 256
[CLEANUP], AverageLatency(us), 36.02734375
[CLEANUP], MinLatency(us), 12
[CLEANUP], MaxLatency(us), 1317
[CLEANUP], 50thPercentileLatency(us), 25
[CLEANUP], 95thPercentileLatency(us), 74
[CLEANUP], 99thPercentileLatency(us), 129
[CLEANUP], 99.9PercentileLatency(us), 1317
[CLEANUP], 99.99PercentileLatency(us), 1317
[UPDATE], Operations, 500327
[UPDATE], AverageLatency(us), 478.1713999044625
[UPDATE], MinLatency(us), 164
[UPDATE], MaxLatency(us), 33279
[UPDATE], 50thPercentileLatency(us), 391
[UPDATE], 95thPercentileLatency(us), 933
[UPDATE], 99thPercentileLatency(us), 2237
[UPDATE], 99.9PercentileLatency(us), 6951
[UPDATE], 99.99PercentileLatency(us), 19343
[UPDATE], Return=OK, 500327
[Intended-READ], Operations, 499673
[Intended-READ], AverageLatency(us), 632.5416182183147
[Intended-READ], MinLatency(us), 187
[Intended-READ], MaxLatency(us), 32799
[Intended-READ], 50thPercentileLatency(us), 520
[Intended-READ], 95thPercentileLatency(us), 1210
[Intended-READ], 99thPercentileLatency(us), 3041
[Intended-READ], 99.9PercentileLatency(us), 9175
[Intended-READ], 99.99PercentileLatency(us), 19167
[Intended-CLEANUP], Operations, 256
[Intended-CLEANUP], AverageLatency(us), 36.328125
[Intended-CLEANUP], MinLatency(us), 12
[Intended-CLEANUP], MaxLatency(us), 1320
[Intended-CLEANUP], 50thPercentileLatency(us), 26
[Intended-CLEANUP], 95thPercentileLatency(us), 74
[Intended-CLEANUP], 99thPercentileLatency(us), 129
[Intended-CLEANUP], 99.9PercentileLatency(us), 1320
[Intended-CLEANUP], 99.99PercentileLatency(us), 1320
[Intended-UPDATE], Operations, 500327
[Intended-UPDATE], AverageLatency(us), 478.21261295113
[Intended-UPDATE], MinLatency(us), 164
[Intended-UPDATE], MaxLatency(us), 33279
[Intended-UPDATE], 50thPercentileLatency(us), 391
[Intended-UPDATE], 95thPercentileLatency(us), 933
[Intended-UPDATE], 99thPercentileLatency(us), 2237
[Intended-UPDATE], 99.9PercentileLatency(us), 6951
[Intended-UPDATE], 99.99PercentileLatency(us), 19343
