java -cp /mnt/dev/YCSB-hreplace-dist/redis-binding/conf:/mnt/dev/YCSB-hreplace-dist/conf:/mnt/dev/YCSB-hreplace-dist/lib/htrace-core4-4.1.0-incubating.jar:/mnt/dev/YCSB-hreplace-dist/lib/slf4j-api-1.7.25.jar:/mnt/dev/YCSB-hreplace-dist/lib/jackson-mapper-asl-1.9.4.jar:/mnt/dev/YCSB-hreplace-dist/lib/HdrHistogram-2.1.12.jar:/mnt/dev/YCSB-hreplace-dist/lib/jackson-core-asl-1.9.4.jar:/mnt/dev/YCSB-hreplace-dist/lib/jedis-3.9.0.jar:/mnt/dev/YCSB-hreplace-dist/lib/core-0.18.0-SNAPSHOT.jar:/mnt/dev/YCSB-hreplace-dist/lib/commons-pool2-2.11.1.jar:/mnt/dev/YCSB-hreplace-dist/lib/redis-binding-0.18.0-SNAPSHOT.jar site.ycsb.Client -db site.ycsb.db.RedisClient -s -threads 256 -P /mnt/dev/YCSB-hreplace-dist/workloads/workloada -target 100000 -p recordcount=100000000 -p operationcount=2000000000 -p fieldcount=10 -p fieldlength=128 -p fieldlengthdistribution=constant -p readallfields=true -p writeallfields=true -p insertorder=hashed -p requestdistribution=uniform -p readproportion=1 -p updateproportion=0 -p insertproportion=0 -p scanproportion=0 -p readmodifywriteproportion=0 -p measurementtype=hdrhistogram -p measurement.interval=both -p hdrhistogram.percentiles=50,95,99,99.9,99.99 -p status.interval=10 -p maxexecutiontime=300 -p redis.host=172.16.0.4 -p redis.port=16379 -p redis.scanindex=none -p redis.timeout=10000 -p redis.cluster=false -p redis.updatecommand=keylane.hreplace -t
Command line: -db site.ycsb.db.RedisClient -s -threads 256 -P /mnt/dev/YCSB-hreplace-dist/workloads/workloada -target 100000 -p recordcount=100000000 -p operationcount=2000000000 -p fieldcount=10 -p fieldlength=128 -p fieldlengthdistribution=constant -p readallfields=true -p writeallfields=true -p insertorder=hashed -p requestdistribution=uniform -p readproportion=1 -p updateproportion=0 -p insertproportion=0 -p scanproportion=0 -p readmodifywriteproportion=0 -p measurementtype=hdrhistogram -p measurement.interval=both -p hdrhistogram.percentiles=50,95,99,99.9,99.99 -p status.interval=10 -p maxexecutiontime=300 -p redis.host=172.16.0.4 -p redis.port=16379 -p redis.scanindex=none -p redis.timeout=10000 -p redis.cluster=false -p redis.updatecommand=keylane.hreplace -t
YCSB Client 0.18.0-SNAPSHOT

Loading workload...
Starting test.
SLF4J: Failed to load class "org.slf4j.impl.StaticLoggerBinder".
SLF4J: Defaulting to no-operation (NOP) logger implementation
SLF4J: See http://www.slf4j.org/codes.html#StaticLoggerBinder for further details.
Maximum execution time specified as: 300 secs
2026-09-14 16:01:47:652 0 sec: 0 operations; est completion in 0 second 
DBWrapper: report latency for each error is false and specific error codes to track for latency are: []
2026-09-14 16:01:57:625 10 sec: 992991 operations; 99299.1 current ops/sec; est completion in 5 hours 35 minutes [READ: Count=993107, Max=44543, Min=207, Avg=318.86, 50=298, 90=382, 99=512, 99.9=1317, 99.99=21423] [Intended-READ: Count=993555, Max=111615, Min=230, Avg=662.25, 50=357, 90=444, 99=1406, 99.9=67583, 99.99=97151] 
2026-09-14 16:02:07:625 20 sec: 1993009 operations; 100001.8 current ops/sec; est completion in 5 hours 34 minutes [READ: Count=999941, Max=1641, Min=210, Avg=312.53, 50=299, 90=383, 99=488, 99.9=594, 99.99=1085] [Intended-READ: Count=999594, Max=1893, Min=231, Avg=371.11, 50=358, 90=442, 99=553, 99.9=988, 99.99=1249] 
2026-09-14 16:02:17:625 30 sec: 2992992 operations; 99998.3 current ops/sec; est completion in 5 hours 33 minutes [READ: Count=999984, Max=1551, Min=209, Avg=309.46, 50=296, 90=378, 99=486, 99.9=592, 99.99=1158] [Intended-READ: Count=999953, Max=1612, Min=232, Avg=368.45, 50=355, 90=438, 99=551, 99.9=1003, 99.99=1295] 
2026-09-14 16:02:27:625 40 sec: 3992989 operations; 99999.7 current ops/sec; est completion in 5 hours 33 minutes [READ: Count=1000001, Max=1603, Min=207, Avg=313.38, 50=300, 90=384, 99=490, 99.9=599, 99.99=1170] [Intended-READ: Count=1000094, Max=1707, Min=226, Avg=372.64, 50=359, 90=444, 99=556, 99.9=1017, 99.99=1323] 
2026-09-14 16:02:37:625 50 sec: 4992982 operations; 99999.3 current ops/sec; est completion in 5 hours 32 minutes [READ: Count=1000005, Max=1608, Min=211, Avg=312.71, 50=299, 90=382, 99=487, 99.9=592, 99.99=1146] [Intended-READ: Count=1000020, Max=1669, Min=233, Avg=371.72, 50=359, 90=442, 99=552, 99.9=989, 99.99=1308] 
2026-09-14 16:02:47:625 60 sec: 5992993 operations; 100001.1 current ops/sec; est completion in 5 hours 32 minutes [READ: Count=1000006, Max=1735, Min=210, Avg=314.01, 50=300, 90=385, 99=492, 99.9=611, 99.99=1207] [Intended-READ: Count=999875, Max=2325, Min=231, Avg=373.38, 50=360, 90=445, 99=559, 99.9=1040, 99.99=1347] 
2026-09-14 16:02:57:625 70 sec: 6992994 operations; 100000.1 current ops/sec; est completion in 5 hours 32 minutes [READ: Count=999978, Max=1593, Min=196, Avg=312.96, 50=299, 90=383, 99=488, 99.9=601, 99.99=1169] [Intended-READ: Count=1000128, Max=1652, Min=235, Avg=372.03, 50=359, 90=443, 99=554, 99.9=1019, 99.99=1322] 
2026-09-14 16:03:07:625 80 sec: 7992989 operations; 99999.5 current ops/sec; est completion in 5 hours 32 minutes [READ: Count=1000009, Max=1636, Min=185, Avg=308.32, 50=295, 90=377, 99=481, 99.9=585, 99.99=1110] [Intended-READ: Count=999852, Max=1707, Min=222, Avg=366.89, 50=354, 90=436, 99=546, 99.9=971, 99.99=1289] 
2026-09-14 16:03:17:625 90 sec: 8992981 operations; 99999.2 current ops/sec; est completion in 5 hours 32 minutes [READ: Count=999992, Max=1688, Min=203, Avg=312.25, 50=299, 90=382, 99=486, 99.9=592, 99.99=1095] [Intended-READ: Count=1000122, Max=1747, Min=231, Avg=370.68, 50=358, 90=442, 99=550, 99.9=938, 99.99=1229] 
2026-09-14 16:03:27:625 100 sec: 9992991 operations; 100001 current ops/sec; est completion in 5 hours 31 minutes [READ: Count=1000012, Max=1434, Min=210, Avg=310.34, 50=297, 90=379, 99=481, 99.9=586, 99.99=1100] [Intended-READ: Count=999880, Max=1512, Min=232, Avg=368.91, 50=356, 90=439, 99=547, 99.9=952, 99.99=1230] 
2026-09-14 16:03:37:625 110 sec: 10992986 operations; 99999.5 current ops/sec; est completion in 5 hours 31 minutes [READ: Count=999979, Max=1654, Min=208, Avg=310.32, 50=297, 90=380, 99=483, 99.9=591, 99.99=1071] [Intended-READ: Count=1000004, Max=1713, Min=222, Avg=368.86, 50=356, 90=439, 99=547, 99.9=959, 99.99=1225] 
2026-09-14 16:03:47:625 120 sec: 11992990 operations; 100000.4 current ops/sec; est completion in 5 hours 31 minutes [READ: Count=1000015, Max=2185, Min=209, Avg=312.89, 50=299, 90=383, 99=488, 99.9=594, 99.99=1229] [Intended-READ: Count=1000116, Max=2243, Min=234, Avg=371.52, 50=358, 90=443, 99=553, 99.9=998, 99.99=1334] 
2026-09-14 16:03:57:625 130 sec: 12992981 operations; 99999.1 current ops/sec; est completion in 5 hours 31 minutes [READ: Count=999997, Max=1488, Min=208, Avg=311.64, 50=298, 90=382, 99=490, 99.9=601, 99.99=1126] [Intended-READ: Count=999903, Max=1548, Min=232, Avg=370.17, 50=357, 90=442, 99=554, 99.9=977, 99.99=1258] 
2026-09-14 16:04:07:625 140 sec: 13992985 operations; 100000.4 current ops/sec; est completion in 5 hours 31 minutes [READ: Count=1000008, Max=1689, Min=206, Avg=309.77, 50=296, 90=379, 99=482, 99.9=586, 99.99=1119] [Intended-READ: Count=999975, Max=1754, Min=226, Avg=368.3, 50=356, 90=438, 99=547, 99.9=954, 99.99=1283] 
2026-09-14 16:04:17:625 150 sec: 14992990 operations; 100000.5 current ops/sec; est completion in 5 hours 31 minutes [READ: Count=999993, Max=1600, Min=206, Avg=310.2, 50=297, 90=379, 99=485, 99.9=594, 99.99=1164] [Intended-READ: Count=1000019, Max=1669, Min=226, Avg=368.78, 50=356, 90=439, 99=550, 99.9=979, 99.99=1302] 
2026-09-14 16:04:27:625 160 sec: 15992989 operations; 99999.9 current ops/sec; est completion in 5 hours 30 minutes [READ: Count=999999, Max=1577, Min=211, Avg=313.44, 50=300, 90=384, 99=490, 99.9=607, 99.99=1155] [Intended-READ: Count=999968, Max=1635, Min=227, Avg=371.97, 50=359, 90=444, 99=555, 99.9=972, 99.99=1297] 
2026-09-14 16:04:37:625 170 sec: 16992983 operations; 99999.4 current ops/sec; est completion in 5 hours 30 minutes [READ: Count=999988, Max=1640, Min=201, Avg=311.55, 50=298, 90=382, 99=488, 99.9=597, 99.99=1157] [Intended-READ: Count=1000006, Max=1699, Min=233, Avg=370.09, 50=357, 90=441, 99=553, 99.9=979, 99.99=1283] 
2026-09-14 16:04:47:625 180 sec: 17992988 operations; 100000.5 current ops/sec; est completion in 5 hours 30 minutes [READ: Count=1000015, Max=8751, Min=206, Avg=312.15, 50=298, 90=382, 99=487, 99.9=594, 99.99=1120] [Intended-READ: Count=1000007, Max=8823, Min=229, Avg=371.02, 50=357, 90=442, 99=552, 99.9=963, 99.99=1674] 
2026-09-14 16:04:57:625 190 sec: 18992991 operations; 100000.3 current ops/sec; est completion in 5 hours 30 minutes [READ: Count=999980, Max=1685, Min=209, Avg=311.15, 50=298, 90=380, 99=486, 99.9=594, 99.99=1176] [Intended-READ: Count=999991, Max=1745, Min=231, Avg=369.68, 50=357, 90=440, 99=551, 99.9=989, 99.99=1328] 
2026-09-14 16:05:07:625 200 sec: 19992990 operations; 99999.9 current ops/sec; est completion in 5 hours 30 minutes [READ: Count=1000017, Max=1671, Min=205, Avg=312.53, 50=299, 90=383, 99=488, 99.9=592, 99.99=1192] [Intended-READ: Count=999988, Max=1728, Min=231, Avg=371.1, 50=358, 90=442, 99=552, 99.9=992, 99.99=1320] 
2026-09-14 16:05:17:625 210 sec: 20992981 operations; 99999.1 current ops/sec; est completion in 5 hours 29 minutes [READ: Count=999978, Max=1638, Min=203, Avg=312.88, 50=299, 90=383, 99=489, 99.9=602, 99.99=1162] [Intended-READ: Count=1000004, Max=1697, Min=225, Avg=371.37, 50=358, 90=443, 99=554, 99.9=980, 99.99=1283] 
2026-09-14 16:05:27:625 220 sec: 21992986 operations; 100000.5 current ops/sec; est completion in 5 hours 29 minutes [READ: Count=1000025, Max=1553, Min=209, Avg=311.63, 50=298, 90=381, 99=487, 99.9=598, 99.99=1126] [Intended-READ: Count=999998, Max=1615, Min=225, Avg=370.19, 50=357, 90=441, 99=551, 99.9=980, 99.99=1278] 
2026-09-14 16:05:37:625 230 sec: 22992993 operations; 100000.7 current ops/sec; est completion in 5 hours 29 minutes [READ: Count=999981, Max=2053, Min=206, Avg=311.24, 50=297, 90=381, 99=488, 99.9=595, 99.99=1236] [Intended-READ: Count=1000010, Max=2117, Min=230, Avg=369.82, 50=356, 90=441, 99=553, 99.9=990, 99.99=1357] 
2026-09-14 16:05:47:625 240 sec: 23992994 operations; 100000.1 current ops/sec; est completion in 5 hours 29 minutes [READ: Count=1000014, Max=3705, Min=209, Avg=309.72, 50=296, 90=379, 99=480, 99.9=592, 99.99=1192] [Intended-READ: Count=999996, Max=3719, Min=229, Avg=368.3, 50=355, 90=438, 99=546, 99.9=985, 99.99=1314] 
2026-09-14 16:05:57:625 250 sec: 24992983 operations; 99998.9 current ops/sec; est completion in 5 hours 29 minutes [READ: Count=999988, Max=1707, Min=209, Avg=312.98, 50=299, 90=384, 99=489, 99.9=602, 99.99=1112] [Intended-READ: Count=1000006, Max=1772, Min=231, Avg=371.46, 50=358, 90=443, 99=554, 99.9=973, 99.99=1300] 
2026-09-14 16:06:07:625 260 sec: 25992988 operations; 100000.5 current ops/sec; est completion in 5 hours 29 minutes [READ: Count=1000013, Max=1553, Min=208, Avg=311.32, 50=298, 90=381, 99=486, 99.9=593, 99.99=1122] [Intended-READ: Count=999985, Max=1612, Min=231, Avg=369.82, 50=357, 90=440, 99=551, 99.9=956, 99.99=1266] 
2026-09-14 16:06:17:625 270 sec: 26992989 operations; 100000.1 current ops/sec; est completion in 5 hours 28 minutes [READ: Count=999984, Max=1484, Min=208, Avg=312.47, 50=299, 90=383, 99=488, 99.9=601, 99.99=1076] [Intended-READ: Count=1000014, Max=1557, Min=232, Avg=370.93, 50=358, 90=442, 99=552, 99.9=957, 99.99=1232] 
2026-09-14 16:06:27:625 280 sec: 27992990 operations; 100000.1 current ops/sec; est completion in 5 hours 28 minutes [READ: Count=1000016, Max=1778, Min=205, Avg=307.39, 50=295, 90=374, 99=470, 99.9=579, 99.99=1078] [Intended-READ: Count=999985, Max=1838, Min=230, Avg=365.92, 50=354, 90=433, 99=535, 99.9=948, 99.99=1240] 
2026-09-14 16:06:37:625 290 sec: 28992982 operations; 99999.2 current ops/sec; est completion in 5 hours 28 minutes [READ: Count=999988, Max=1486, Min=208, Avg=309.16, 50=296, 90=378, 99=482, 99.9=588, 99.99=1113] [Intended-READ: Count=1000009, Max=1546, Min=227, Avg=367.7, 50=355, 90=437, 99=547, 99.9=957, 99.99=1232] 
2026-09-14 16:06:47:625 300 sec: 29992989 operations; 100000.7 current ops/sec; est completion in 5 hours 28 minutes [READ: Count=1000009, Max=1612, Min=209, Avg=311.82, 50=298, 90=382, 99=486, 99.9=599, 99.99=1141] [Intended-READ: Count=999995, Max=1700, Min=231, Avg=370.39, 50=357, 90=442, 99=550, 99.9=988, 99.99=1301] 
Maximum time elapsed. Requesting stop for the workload.
Stop requested for workload. Now Joining!
2026-09-14 16:06:47:654 300 sec: 29995670 operations; 89366.67 current ops/sec; est completion in 5 hours 28 minutes [READ: Count=2648, Max=568, Min=226, Avg=311, 50=298, 90=382, 99=487, 99.9=555, 99.99=568] [CLEANUP: Count=256, Max=2044, Min=9, Avg=320.28, 50=14, 90=1555, 99=1916, 99.9=2044, 99.99=2044] [Intended-READ: Count=2618, Max=629, Min=260, Avg=368.73, 50=356, 90=439, 99=545, 99.9=614, 99.99=629] [Intended-CLEANUP: Count=256, Max=2044, Min=9, Avg=320.45, 50=14, 90=1555, 99=1916, 99.9=2044, 99.99=2044] 
[OVERALL], RunTime(ms), 300035
[OVERALL], Throughput(ops/sec), 99973.90304464479
[TOTAL_GCS_G1_Young_Generation], Count, 536
[TOTAL_GC_TIME_G1_Young_Generation], Time(ms), 364
[TOTAL_GC_TIME_%_G1_Young_Generation], Time(%), 0.12131917942906661
[TOTAL_GCS_G1_Old_Generation], Count, 0
[TOTAL_GC_TIME_G1_Old_Generation], Time(ms), 0
[TOTAL_GC_TIME_%_G1_Old_Generation], Time(%), 0.0
[TOTAL_GCs], Count, 536
[TOTAL_GC_TIME], Time(ms), 364
[TOTAL_GC_TIME_%], Time(%), 0.12131917942906661
[READ], Operations, 29995670
[READ], AverageLatency(us), 311.700118750473
[READ], MinLatency(us), 185
[READ], MaxLatency(us), 44543
[READ], 50thPercentileLatency(us), 298
[READ], 95thPercentileLatency(us), 410
[READ], 99thPercentileLatency(us), 487
[READ], 99.9PercentileLatency(us), 610
[READ], 99.99PercentileLatency(us), 1245
[READ], Return=OK, 29995670
[CLEANUP], Operations, 256
[CLEANUP], AverageLatency(us), 320.27734375
[CLEANUP], MinLatency(us), 9
[CLEANUP], MaxLatency(us), 2044
[CLEANUP], 50thPercentileLatency(us), 14
[CLEANUP], 95thPercentileLatency(us), 1823
[CLEANUP], 99thPercentileLatency(us), 1916
[CLEANUP], 99.9PercentileLatency(us), 2044
[CLEANUP], 99.99PercentileLatency(us), 2044
[Intended-READ], Operations, 29995670
[Intended-READ], AverageLatency(us), 379.7865627272203
[Intended-READ], MinLatency(us), 222
[Intended-READ], MaxLatency(us), 111615
[Intended-READ], 50thPercentileLatency(us), 357
[Intended-READ], 95thPercentileLatency(us), 471
[Intended-READ], 99thPercentileLatency(us), 553
[Intended-READ], 99.9PercentileLatency(us), 1048
[Intended-READ], 99.99PercentileLatency(us), 40991
[Intended-CLEANUP], Operations, 256
[Intended-CLEANUP], AverageLatency(us), 320.44921875
[Intended-CLEANUP], MinLatency(us), 9
[Intended-CLEANUP], MaxLatency(us), 2044
[Intended-CLEANUP], 50thPercentileLatency(us), 14
[Intended-CLEANUP], 95thPercentileLatency(us), 1824
[Intended-CLEANUP], 99thPercentileLatency(us), 1916
[Intended-CLEANUP], 99.9PercentileLatency(us), 2044
[Intended-CLEANUP], 99.99PercentileLatency(us), 2044
