java -cp /mnt/dev/YCSB-hreplace-dist/redis-binding/conf:/mnt/dev/YCSB-hreplace-dist/conf:/mnt/dev/YCSB-hreplace-dist/lib/htrace-core4-4.1.0-incubating.jar:/mnt/dev/YCSB-hreplace-dist/lib/slf4j-api-1.7.25.jar:/mnt/dev/YCSB-hreplace-dist/lib/jackson-mapper-asl-1.9.4.jar:/mnt/dev/YCSB-hreplace-dist/lib/HdrHistogram-2.1.12.jar:/mnt/dev/YCSB-hreplace-dist/lib/jackson-core-asl-1.9.4.jar:/mnt/dev/YCSB-hreplace-dist/lib/jedis-3.9.0.jar:/mnt/dev/YCSB-hreplace-dist/lib/core-0.18.0-SNAPSHOT.jar:/mnt/dev/YCSB-hreplace-dist/lib/commons-pool2-2.11.1.jar:/mnt/dev/YCSB-hreplace-dist/lib/redis-binding-0.18.0-SNAPSHOT.jar site.ycsb.Client -db site.ycsb.db.RedisClient -s -threads 256 -P /mnt/dev/YCSB-hreplace-dist/workloads/workloada -target 100000 -p recordcount=100000000 -p operationcount=2000000000 -p fieldcount=10 -p fieldlength=128 -p fieldlengthdistribution=constant -p readallfields=true -p writeallfields=true -p insertorder=hashed -p requestdistribution=uniform -p readproportion=0.5 -p updateproportion=0.5 -p insertproportion=0 -p scanproportion=0 -p readmodifywriteproportion=0 -p measurementtype=hdrhistogram -p measurement.interval=both -p hdrhistogram.percentiles=50,95,99,99.9,99.99 -p status.interval=10 -p maxexecutiontime=300 -p redis.host=172.16.0.4 -p redis.port=16379 -p redis.scanindex=none -p redis.timeout=10000 -p redis.cluster=false -p redis.updatecommand=keylane.hreplace -t
Command line: -db site.ycsb.db.RedisClient -s -threads 256 -P /mnt/dev/YCSB-hreplace-dist/workloads/workloada -target 100000 -p recordcount=100000000 -p operationcount=2000000000 -p fieldcount=10 -p fieldlength=128 -p fieldlengthdistribution=constant -p readallfields=true -p writeallfields=true -p insertorder=hashed -p requestdistribution=uniform -p readproportion=0.5 -p updateproportion=0.5 -p insertproportion=0 -p scanproportion=0 -p readmodifywriteproportion=0 -p measurementtype=hdrhistogram -p measurement.interval=both -p hdrhistogram.percentiles=50,95,99,99.9,99.99 -p status.interval=10 -p maxexecutiontime=300 -p redis.host=172.16.0.4 -p redis.port=16379 -p redis.scanindex=none -p redis.timeout=10000 -p redis.cluster=false -p redis.updatecommand=keylane.hreplace -t
YCSB Client 0.18.0-SNAPSHOT

Loading workload...
Starting test.
SLF4J: Failed to load class "org.slf4j.impl.StaticLoggerBinder".
SLF4J: Defaulting to no-operation (NOP) logger implementation
SLF4J: See http://www.slf4j.org/codes.html#StaticLoggerBinder for further details.
Maximum execution time specified as: 300 secs
2026-09-14 16:12:03:189 0 sec: 0 operations; est completion in 0 second 
DBWrapper: report latency for each error is false and specific error codes to track for latency are: []
2026-09-14 16:12:13:118 10 sec: 990173 operations; 99007.4 current ops/sec; est completion in 5 hours 36 minutes [READ: Count=494784, Max=18415, Min=163, Avg=320.59, 50=297, 90=361, 99=786, 99.9=3243, 99.99=5771] [UPDATE: Count=495660, Max=21039, Min=152, Avg=260.09, 50=218, 90=283, 99=1443, 99.9=4579, 99.99=7415] [Intended-READ: Count=495082, Max=110783, Min=222, Avg=562.47, 50=356, 90=424, 99=3125, 99.9=44191, 99.99=89151] [Intended-UPDATE: Count=495863, Max=112959, Min=168, Avg=495.5, 50=277, 90=344, 99=4075, 99.9=44831, 99.99=91391] 
2026-09-14 16:12:23:118 20 sec: 1990175 operations; 100000.2 current ops/sec; est completion in 5 hours 34 minutes [READ: Count=499895, Max=1859, Min=165, Avg=306.35, 50=296, 90=352, 99=538, 99.9=1014, 99.99=1294] [UPDATE: Count=499941, Max=1457, Min=148, Avg=226.77, 50=217, 90=269, 99=405, 99.9=893, 99.99=1177] [Intended-READ: Count=499689, Max=1919, Min=205, Avg=365.26, 50=354, 90=412, 99=636, 99.9=1110, 99.99=1355] [Intended-UPDATE: Count=499794, Max=1513, Min=166, Avg=285.86, 50=276, 90=329, 99=489, 99.9=1007, 99.99=1265] 
2026-09-14 16:12:33:118 30 sec: 2990172 operations; 99999.7 current ops/sec; est completion in 5 hours 33 minutes [READ: Count=499571, Max=1701, Min=170, Avg=306.53, 50=296, 90=351, 99=548, 99.9=1037, 99.99=1298] [UPDATE: Count=500393, Max=1556, Min=148, Avg=226.69, 50=217, 90=267, 99=414, 99.9=898, 99.99=1196] [Intended-READ: Count=499541, Max=2305, Min=228, Avg=365.34, 50=354, 90=411, 99=644, 99.9=1124, 99.99=1389] [Intended-UPDATE: Count=500392, Max=1735, Min=170, Avg=285.76, 50=276, 90=327, 99=501, 99.9=1002, 99.99=1302] 
2026-09-14 16:12:43:118 40 sec: 3990175 operations; 100000.3 current ops/sec; est completion in 5 hours 33 minutes [READ: Count=499806, Max=3113, Min=180, Avg=307.35, 50=296, 90=354, 99=548, 99.9=1022, 99.99=1293] [UPDATE: Count=500197, Max=3749, Min=151, Avg=227.78, 50=217, 90=272, 99=416, 99.9=898, 99.99=1179] [Intended-READ: Count=499807, Max=3273, Min=235, Avg=366.22, 50=355, 90=414, 99=643, 99.9=1117, 99.99=1384] [Intended-UPDATE: Count=500196, Max=3809, Min=170, Avg=286.95, 50=277, 90=332, 99=503, 99.9=1016, 99.99=1270] 
2026-09-14 16:12:53:118 50 sec: 4990174 operations; 99999.9 current ops/sec; est completion in 5 hours 33 minutes [READ: Count=498865, Max=2441, Min=173, Avg=306.5, 50=296, 90=351, 99=550, 99.9=1043, 99.99=1301] [UPDATE: Count=501130, Max=1665, Min=152, Avg=226.76, 50=217, 90=267, 99=408, 99.9=905, 99.99=1156] [Intended-READ: Count=498861, Max=2503, Min=214, Avg=365.41, 50=355, 90=411, 99=650, 99.9=1126, 99.99=1382] [Intended-UPDATE: Count=501131, Max=1746, Min=169, Avg=285.89, 50=276, 90=327, 99=495, 99.9=1009, 99.99=1275] 
2026-09-14 16:13:03:118 60 sec: 5990172 operations; 99999.8 current ops/sec; est completion in 5 hours 32 minutes [READ: Count=500269, Max=2663, Min=191, Avg=307.12, 50=296, 90=355, 99=545, 99.9=1035, 99.99=1349] [UPDATE: Count=499743, Max=1701, Min=149, Avg=227.69, 50=217, 90=273, 99=412, 99.9=901, 99.99=1194] [Intended-READ: Count=500273, Max=2731, Min=226, Avg=365.96, 50=355, 90=414, 99=640, 99.9=1127, 99.99=1413] [Intended-UPDATE: Count=499739, Max=1762, Min=168, Avg=286.67, 50=276, 90=332, 99=495, 99.9=1009, 99.99=1280] 
2026-09-14 16:13:13:118 70 sec: 6990175 operations; 100010.3 current ops/sec; est completion in 5 hours 32 minutes [READ: Count=499726, Max=2363, Min=204, Avg=307.45, 50=296, 90=355, 99=551, 99.9=1065, 99.99=1385] [UPDATE: Count=500277, Max=1820, Min=149, Avg=227.58, 50=217, 90=272, 99=412, 99.9=902, 99.99=1208] [Intended-READ: Count=499706, Max=2429, Min=233, Avg=366.3, 50=355, 90=414, 99=653, 99.9=1145, 99.99=1441] [Intended-UPDATE: Count=500270, Max=1884, Min=168, Avg=286.58, 50=276, 90=332, 99=495, 99.9=1005, 99.99=1276] 
2026-09-14 16:13:23:118 80 sec: 7990174 operations; 99989.9 current ops/sec; est completion in 5 hours 32 minutes [READ: Count=500199, Max=1935, Min=176, Avg=307.01, 50=296, 90=354, 99=544, 99.9=1031, 99.99=1274] [UPDATE: Count=499787, Max=1548, Min=150, Avg=227.43, 50=217, 90=272, 99=410, 99.9=897, 99.99=1177] [Intended-READ: Count=500202, Max=1995, Min=224, Avg=365.89, 50=355, 90=414, 99=644, 99.9=1124, 99.99=1352] [Intended-UPDATE: Count=499798, Max=1573, Min=171, Avg=286.48, 50=276, 90=332, 99=493, 99.9=1009, 99.99=1270] 
2026-09-14 16:13:33:118 90 sec: 8990170 operations; 99999.6 current ops/sec; est completion in 5 hours 32 minutes [READ: Count=500691, Max=1793, Min=173, Avg=306.72, 50=296, 90=352, 99=547, 99.9=1032, 99.99=1273] [UPDATE: Count=499293, Max=1716, Min=150, Avg=226.83, 50=217, 90=269, 99=409, 99.9=891, 99.99=1172] [Intended-READ: Count=500688, Max=1956, Min=208, Avg=365.55, 50=354, 90=412, 99=644, 99.9=1133, 99.99=1374] [Intended-UPDATE: Count=499280, Max=1775, Min=164, Avg=285.9, 50=276, 90=329, 99=492, 99.9=1009, 99.99=1264] 
2026-09-14 16:13:43:118 100 sec: 9990174 operations; 100000.4 current ops/sec; est completion in 5 hours 32 minutes [READ: Count=500666, Max=2759, Min=186, Avg=307.46, 50=296, 90=355, 99=552, 99.9=1018, 99.99=1324] [UPDATE: Count=499332, Max=1843, Min=150, Avg=227.49, 50=217, 90=272, 99=412, 99.9=891, 99.99=1223] [Intended-READ: Count=500670, Max=2819, Min=225, Avg=366.2, 50=355, 90=415, 99=644, 99.9=1109, 99.99=1408] [Intended-UPDATE: Count=499338, Max=1908, Min=167, Avg=286.53, 50=276, 90=332, 99=498, 99.9=992, 99.99=1300] 
2026-09-14 16:13:53:118 110 sec: 10990172 operations; 99999.8 current ops/sec; est completion in 5 hours 31 minutes [READ: Count=499934, Max=2425, Min=201, Avg=306.7, 50=296, 90=352, 99=545, 99.9=1021, 99.99=1293] [UPDATE: Count=500071, Max=1561, Min=150, Avg=226.78, 50=217, 90=269, 99=412, 99.9=891, 99.99=1149] [Intended-READ: Count=499929, Max=2491, Min=220, Avg=365.46, 50=354, 90=412, 99=640, 99.9=1117, 99.99=1359] [Intended-UPDATE: Count=500054, Max=1636, Min=167, Avg=285.84, 50=276, 90=328, 99=498, 99.9=1001, 99.99=1257] 
2026-09-14 16:14:03:118 120 sec: 11990174 operations; 100000.2 current ops/sec; est completion in 5 hours 31 minutes [READ: Count=500158, Max=3143, Min=172, Avg=306.44, 50=295, 90=351, 99=552, 99.9=1032, 99.99=1302] [UPDATE: Count=499838, Max=2109, Min=153, Avg=226.73, 50=217, 90=268, 99=415, 99.9=900, 99.99=1219] [Intended-READ: Count=500153, Max=3185, Min=230, Avg=365.59, 50=354, 90=411, 99=662, 99.9=1140, 99.99=1424] [Intended-UPDATE: Count=499858, Max=2175, Min=167, Avg=286.09, 50=276, 90=328, 99=513, 99.9=1027, 99.99=1353] 
2026-09-14 16:14:13:118 130 sec: 12990172 operations; 99999.8 current ops/sec; est completion in 5 hours 31 minutes [READ: Count=499805, Max=19487, Min=178, Avg=338.73, 50=299, 90=406, 99=1101, 99.9=2437, 99.99=4635] [UPDATE: Count=500212, Max=15407, Min=151, Avg=257.86, 50=220, 90=310, 99=1021, 99.9=2427, 99.99=4695] [Intended-READ: Count=499841, Max=22287, Min=234, Avg=430.79, 50=359, 90=493, 99=1792, 99.9=4687, 99.99=13463] [Intended-UPDATE: Count=500233, Max=20319, Min=171, Avg=349.45, 50=280, 90=397, 99=1726, 99.9=4559, 99.99=12351] 
2026-09-14 16:14:23:118 140 sec: 13990169 operations; 99999.7 current ops/sec; est completion in 5 hours 31 minutes [READ: Count=500347, Max=1809, Min=168, Avg=307.36, 50=296, 90=355, 99=547, 99.9=1063, 99.99=1338] [UPDATE: Count=499633, Max=1592, Min=150, Avg=227.77, 50=217, 90=272, 99=414, 99.9=935, 99.99=1263] [Intended-READ: Count=500299, Max=1871, Min=211, Avg=366.45, 50=355, 90=415, 99=655, 99.9=1172, 99.99=1415] [Intended-UPDATE: Count=499604, Max=1644, Min=174, Avg=287.03, 50=276, 90=332, 99=506, 99.9=1047, 99.99=1348] 
2026-09-14 16:14:33:118 150 sec: 14990175 operations; 100000.6 current ops/sec; est completion in 5 hours 31 minutes [READ: Count=500404, Max=2691, Min=185, Avg=305.54, 50=295, 90=349, 99=534, 99.9=1032, 99.99=1306] [UPDATE: Count=499601, Max=1835, Min=148, Avg=226.05, 50=217, 90=266, 99=399, 99.9=903, 99.99=1237] [Intended-READ: Count=500414, Max=2741, Min=215, Avg=364.56, 50=354, 90=409, 99=640, 99.9=1151, 99.99=1396] [Intended-UPDATE: Count=499586, Max=1855, Min=166, Avg=285.34, 50=276, 90=326, 99=491, 99.9=1022, 99.99=1311] 
2026-09-14 16:14:43:118 160 sec: 15990171 operations; 99999.6 current ops/sec; est completion in 5 hours 30 minutes [READ: Count=500524, Max=2937, Min=162, Avg=306.86, 50=296, 90=354, 99=542, 99.9=1034, 99.99=1338] [UPDATE: Count=499465, Max=2063, Min=150, Avg=227.05, 50=217, 90=271, 99=405, 99.9=886, 99.99=1195] [Intended-READ: Count=500520, Max=2957, Min=200, Avg=365.78, 50=354, 90=414, 99=641, 99.9=1131, 99.99=1429] [Intended-UPDATE: Count=499471, Max=2123, Min=172, Avg=286.2, 50=276, 90=331, 99=490, 99.9=1006, 99.99=1303] 
2026-09-14 16:14:53:118 170 sec: 16990173 operations; 100000.2 current ops/sec; est completion in 5 hours 30 minutes [READ: Count=499782, Max=1991, Min=184, Avg=307.43, 50=296, 90=356, 99=545, 99.9=1028, 99.99=1331] [UPDATE: Count=500215, Max=1878, Min=150, Avg=227.76, 50=217, 90=274, 99=409, 99.9=889, 99.99=1196] [Intended-READ: Count=499790, Max=2047, Min=222, Avg=366.11, 50=355, 90=416, 99=638, 99.9=1115, 99.99=1407] [Intended-UPDATE: Count=500221, Max=1906, Min=167, Avg=286.71, 50=276, 90=333, 99=490, 99.9=993, 99.99=1296] 
2026-09-14 16:15:03:118 180 sec: 17990171 operations; 99999.8 current ops/sec; est completion in 5 hours 30 minutes [READ: Count=500007, Max=2847, Min=177, Avg=306.45, 50=296, 90=353, 99=540, 99.9=1009, 99.99=1257] [UPDATE: Count=500012, Max=1753, Min=150, Avg=226.79, 50=217, 90=270, 99=404, 99.9=879, 99.99=1153] [Intended-READ: Count=499990, Max=2909, Min=232, Avg=365.17, 50=354, 90=413, 99=635, 99.9=1101, 99.99=1344] [Intended-UPDATE: Count=500008, Max=1814, Min=170, Avg=285.8, 50=276, 90=329, 99=488, 99.9=1000, 99.99=1247] 
2026-09-14 16:15:13:118 190 sec: 18990175 operations; 100000.4 current ops/sec; est completion in 5 hours 30 minutes [READ: Count=500056, Max=1812, Min=158, Avg=306.11, 50=295, 90=352, 99=534, 99.9=1042, 99.99=1324] [UPDATE: Count=499924, Max=1732, Min=149, Avg=226.52, 50=217, 90=269, 99=404, 99.9=878, 99.99=1183] [Intended-READ: Count=500068, Max=2453, Min=218, Avg=364.88, 50=354, 90=411, 99=627, 99.9=1146, 99.99=1423] [Intended-UPDATE: Count=499920, Max=1792, Min=172, Avg=285.61, 50=276, 90=329, 99=488, 99.9=1017, 99.99=1291] 
2026-09-14 16:15:23:118 200 sec: 19990174 operations; 99999.9 current ops/sec; est completion in 5 hours 30 minutes [READ: Count=500188, Max=3147, Min=196, Avg=307.32, 50=296, 90=355, 99=557, 99.9=1031, 99.99=1320] [UPDATE: Count=499817, Max=1847, Min=149, Avg=227.37, 50=217, 90=272, 99=413, 99.9=889, 99.99=1209] [Intended-READ: Count=500185, Max=3177, Min=233, Avg=366.09, 50=354, 90=415, 99=652, 99.9=1116, 99.99=1385] [Intended-UPDATE: Count=499820, Max=1888, Min=165, Avg=286.31, 50=276, 90=331, 99=496, 99.9=1002, 99.99=1287] 
2026-09-14 16:15:33:118 210 sec: 20990172 operations; 99999.8 current ops/sec; est completion in 5 hours 30 minutes [READ: Count=498853, Max=1847, Min=194, Avg=306.58, 50=295, 90=352, 99=552, 99.9=1034, 99.99=1340] [UPDATE: Count=501143, Max=1918, Min=150, Avg=226.69, 50=217, 90=269, 99=403, 99.9=895, 99.99=1168] [Intended-READ: Count=498856, Max=1908, Min=233, Avg=365.39, 50=354, 90=412, 99=650, 99.9=1128, 99.99=1408] [Intended-UPDATE: Count=501144, Max=1977, Min=169, Avg=285.67, 50=276, 90=329, 99=487, 99.9=1005, 99.99=1247] 
2026-09-14 16:15:43:118 220 sec: 21990170 operations; 99999.8 current ops/sec; est completion in 5 hours 29 minutes [READ: Count=499968, Max=3281, Min=189, Avg=306.81, 50=296, 90=354, 99=536, 99.9=1015, 99.99=1308] [UPDATE: Count=500041, Max=2655, Min=151, Avg=227.32, 50=217, 90=271, 99=408, 99.9=887, 99.99=1187] [Intended-READ: Count=499959, Max=3343, Min=233, Avg=365.69, 50=354, 90=414, 99=629, 99.9=1120, 99.99=1423] [Intended-UPDATE: Count=500051, Max=2717, Min=171, Avg=286.48, 50=276, 90=331, 99=491, 99.9=997, 99.99=1286] 
2026-09-14 16:15:53:118 230 sec: 22990172 operations; 100010.2 current ops/sec; est completion in 5 hours 29 minutes [READ: Count=498891, Max=11095, Min=177, Avg=307.47, 50=296, 90=355, 99=543, 99.9=1028, 99.99=1314] [UPDATE: Count=501100, Max=1646, Min=149, Avg=227.87, 50=217, 90=272, 99=411, 99.9=908, 99.99=1195] [Intended-READ: Count=498903, Max=11159, Min=237, Avg=366.47, 50=355, 90=415, 99=640, 99.9=1118, 99.99=1379] [Intended-UPDATE: Count=501082, Max=8959, Min=172, Avg=287.13, 50=277, 90=332, 99=496, 99.9=1012, 99.99=1288] 
2026-09-14 16:16:03:118 240 sec: 23990169 operations; 99989.7 current ops/sec; est completion in 5 hours 29 minutes [READ: Count=500586, Max=3039, Min=174, Avg=307.26, 50=296, 90=354, 99=553, 99.9=1054, 99.99=1425] [UPDATE: Count=499417, Max=1901, Min=152, Avg=227.27, 50=217, 90=271, 99=408, 99.9=888, 99.99=1221] [Intended-READ: Count=500570, Max=3095, Min=213, Avg=366.09, 50=355, 90=414, 99=650, 99.9=1156, 99.99=1532] [Intended-UPDATE: Count=499422, Max=1960, Min=166, Avg=286.38, 50=276, 90=331, 99=492, 99.9=1020, 99.99=1372] 
2026-09-14 16:16:13:118 250 sec: 24990171 operations; 100000.2 current ops/sec; est completion in 5 hours 29 minutes [READ: Count=500544, Max=1806, Min=181, Avg=307.07, 50=296, 90=355, 99=536, 99.9=1006, 99.99=1317] [UPDATE: Count=499446, Max=1638, Min=151, Avg=227.43, 50=217, 90=272, 99=404, 99.9=869, 99.99=1165] [Intended-READ: Count=500555, Max=1868, Min=228, Avg=365.91, 50=355, 90=415, 99=629, 99.9=1094, 99.99=1383] [Intended-UPDATE: Count=499436, Max=1728, Min=168, Avg=286.59, 50=277, 90=332, 99=487, 99.9=990, 99.99=1274] 
2026-09-14 16:16:23:118 260 sec: 25990170 operations; 99999.9 current ops/sec; est completion in 5 hours 29 minutes [READ: Count=499921, Max=3101, Min=190, Avg=306.63, 50=295, 90=353, 99=548, 99.9=1038, 99.99=1309] [UPDATE: Count=500098, Max=1487, Min=151, Avg=226.67, 50=217, 90=269, 99=405, 99.9=880, 99.99=1177] [Intended-READ: Count=499921, Max=3159, Min=239, Avg=365.41, 50=354, 90=412, 99=645, 99.9=1134, 99.99=1382] [Intended-UPDATE: Count=500115, Max=1866, Min=163, Avg=285.73, 50=276, 90=329, 99=491, 99.9=999, 99.99=1271] 
2026-09-14 16:16:33:118 270 sec: 26990171 operations; 100000.1 current ops/sec; est completion in 5 hours 28 minutes [READ: Count=500765, Max=2803, Min=179, Avg=306.84, 50=296, 90=354, 99=544, 99.9=1028, 99.99=1304] [UPDATE: Count=499218, Max=1946, Min=149, Avg=226.91, 50=217, 90=270, 99=408, 99.9=880, 99.99=1197] [Intended-READ: Count=500766, Max=2863, Min=237, Avg=365.69, 50=354, 90=413, 99=641, 99.9=1127, 99.99=1397] [Intended-UPDATE: Count=499221, Max=2009, Min=161, Avg=285.94, 50=276, 90=330, 99=492, 99.9=1004, 99.99=1302] 
2026-09-14 16:16:43:118 280 sec: 27990168 operations; 99999.7 current ops/sec; est completion in 5 hours 28 minutes [READ: Count=500519, Max=1860, Min=191, Avg=306.47, 50=296, 90=353, 99=537, 99.9=1006, 99.99=1325] [UPDATE: Count=499550, Max=1670, Min=150, Avg=226.99, 50=217, 90=270, 99=407, 99.9=879, 99.99=1193] [Intended-READ: Count=500569, Max=1919, Min=231, Avg=365.27, 50=354, 90=412, 99=632, 99.9=1115, 99.99=1394] [Intended-UPDATE: Count=499534, Max=1994, Min=167, Avg=285.97, 50=276, 90=330, 99=490, 99.9=993, 99.99=1258] 
2026-09-14 16:16:53:118 290 sec: 28990172 operations; 100000.4 current ops/sec; est completion in 5 hours 28 minutes [READ: Count=500070, Max=2049, Min=184, Avg=306.57, 50=295, 90=353, 99=542, 99.9=1018, 99.99=1287] [UPDATE: Count=499868, Max=1482, Min=152, Avg=226.8, 50=217, 90=270, 99=408, 99.9=887, 99.99=1203] [Intended-READ: Count=500013, Max=2109, Min=224, Avg=365.37, 50=354, 90=413, 99=637, 99.9=1119, 99.99=1367] [Intended-UPDATE: Count=499867, Max=1687, Min=173, Avg=285.77, 50=276, 90=330, 99=491, 99.9=1005, 99.99=1279] 
2026-09-14 16:17:03:118 300 sec: 29990170 operations; 99999.8 current ops/sec; est completion in 5 hours 28 minutes [READ: Count=499907, Max=2505, Min=168, Avg=306.13, 50=295, 90=352, 99=537, 99.9=996, 99.99=1264] [UPDATE: Count=500101, Max=1434, Min=150, Avg=226.66, 50=217, 90=270, 99=405, 99.9=875, 99.99=1146] [Intended-READ: Count=499903, Max=2573, Min=229, Avg=364.86, 50=354, 90=412, 99=631, 99.9=1092, 99.99=1334] [Intended-UPDATE: Count=500104, Max=1523, Min=170, Avg=285.61, 50=276, 90=330, 99=489, 99.9=987, 99.99=1219] 
Maximum time elapsed. Requesting stop for the workload.
Stop requested for workload. Now Joining!
2026-09-14 16:17:03:168 300 sec: 29994950 operations; 95600 current ops/sec; est completion in 5 hours 28 minutes [READ: Count=2363, Max=943, Min=224, Avg=300.4, 50=294, 90=340, 99=444, 99.9=756, 99.99=943] [CLEANUP: Count=256, Max=1881, Min=10, Avg=295.95, 50=13, 90=1310, 99=1826, 99.9=1881, 99.99=1881] [UPDATE: Count=2363, Max=972, Min=163, Avg=222.84, 50=216, 90=257, 99=355, 99.9=696, 99.99=972] [Intended-READ: Count=2341, Max=1002, Min=255, Avg=358.19, 50=353, 90=399, 99=498, 99.9=796, 99.99=1002] [Intended-CLEANUP: Count=256, Max=1881, Min=10, Avg=296.08, 50=14, 90=1310, 99=1826, 99.9=1881, 99.99=1881] [Intended-UPDATE: Count=2334, Max=1036, Min=186, Avg=281.25, 50=275, 90=316, 99=403, 99.9=750, 99.99=1036] 
[OVERALL], RunTime(ms), 300055
[OVERALL], Throughput(ops/sec), 99964.83977937378
[TOTAL_GCS_G1_Young_Generation], Count, 803
[TOTAL_GC_TIME_G1_Young_Generation], Time(ms), 558
[TOTAL_GC_TIME_%_G1_Young_Generation], Time(%), 0.18596590625052076
[TOTAL_GCS_G1_Old_Generation], Count, 0
[TOTAL_GC_TIME_G1_Old_Generation], Time(ms), 0
[TOTAL_GC_TIME_%_G1_Old_Generation], Time(%), 0.0
[TOTAL_GCs], Count, 803
[TOTAL_GC_TIME], Time(ms), 558
[TOTAL_GC_TIME_%], Time(%), 0.18596590625052076
[READ], Operations, 14998064
[READ], AverageLatency(us), 308.32265664421755
[READ], MinLatency(us), 158
[READ], MaxLatency(us), 19487
[READ], 50thPercentileLatency(us), 296
[READ], 95thPercentileLatency(us), 391
[READ], 99thPercentileLatency(us), 577
[READ], 99.9PercentileLatency(us), 1116
[READ], 99.99PercentileLatency(us), 2365
[READ], Return=OK, 14998064
[CLEANUP], Operations, 256
[CLEANUP], AverageLatency(us), 295.94921875
[CLEANUP], MinLatency(us), 10
[CLEANUP], MaxLatency(us), 1881
[CLEANUP], 50thPercentileLatency(us), 13
[CLEANUP], 95thPercentileLatency(us), 1663
[CLEANUP], 99thPercentileLatency(us), 1826
[CLEANUP], 99.9PercentileLatency(us), 1881
[CLEANUP], 99.99PercentileLatency(us), 1881
[UPDATE], Operations, 14996886
[UPDATE], AverageLatency(us), 229.20348097598395
[UPDATE], MinLatency(us), 148
[UPDATE], MaxLatency(us), 21039
[UPDATE], 50thPercentileLatency(us), 217
[UPDATE], 95thPercentileLatency(us), 307
[UPDATE], 99thPercentileLatency(us), 437
[UPDATE], 99.9PercentileLatency(us), 1053
[UPDATE], 99.99PercentileLatency(us), 3489
[UPDATE], Return=OK, 14996886
[Intended-READ], Operations, 14998064
[Intended-READ], AverageLatency(us), 374.3224352156385
[Intended-READ], MinLatency(us), 200
[Intended-READ], MaxLatency(us), 110783
[Intended-READ], 50thPercentileLatency(us), 355
[Intended-READ], 95thPercentileLatency(us), 452
[Intended-READ], 99thPercentileLatency(us), 701
[Intended-READ], 99.9PercentileLatency(us), 1509
[Intended-READ], 99.99PercentileLatency(us), 21007
[Intended-CLEANUP], Operations, 256
[Intended-CLEANUP], AverageLatency(us), 296.078125
[Intended-CLEANUP], MinLatency(us), 10
[Intended-CLEANUP], MaxLatency(us), 1881
[Intended-CLEANUP], 50thPercentileLatency(us), 14
[Intended-CLEANUP], 95thPercentileLatency(us), 1663
[Intended-CLEANUP], 99thPercentileLatency(us), 1826
[Intended-CLEANUP], 99.9PercentileLatency(us), 1881
[Intended-CLEANUP], 99.99PercentileLatency(us), 1881
[Intended-UPDATE], Operations, 14996886
[Intended-UPDATE], AverageLatency(us), 295.2026888115306
[Intended-UPDATE], MinLatency(us), 161
[Intended-UPDATE], MaxLatency(us), 112959
[Intended-UPDATE], 50thPercentileLatency(us), 276
[Intended-UPDATE], 95thPercentileLatency(us), 368
[Intended-UPDATE], 99thPercentileLatency(us), 554
[Intended-UPDATE], 99.9PercentileLatency(us), 1485
[Intended-UPDATE], 99.99PercentileLatency(us), 21199
