java -cp /mnt/dev/YCSB-hreplace-dist/redis-binding/conf:/mnt/dev/YCSB-hreplace-dist/conf:/mnt/dev/YCSB-hreplace-dist/lib/htrace-core4-4.1.0-incubating.jar:/mnt/dev/YCSB-hreplace-dist/lib/slf4j-api-1.7.25.jar:/mnt/dev/YCSB-hreplace-dist/lib/jackson-mapper-asl-1.9.4.jar:/mnt/dev/YCSB-hreplace-dist/lib/HdrHistogram-2.1.12.jar:/mnt/dev/YCSB-hreplace-dist/lib/jackson-core-asl-1.9.4.jar:/mnt/dev/YCSB-hreplace-dist/lib/jedis-3.9.0.jar:/mnt/dev/YCSB-hreplace-dist/lib/core-0.18.0-SNAPSHOT.jar:/mnt/dev/YCSB-hreplace-dist/lib/commons-pool2-2.11.1.jar:/mnt/dev/YCSB-hreplace-dist/lib/redis-binding-0.18.0-SNAPSHOT.jar site.ycsb.Client -db site.ycsb.db.RedisClient -s -threads 256 -P /mnt/dev/YCSB-hreplace-dist/workloads/workloada -target 100000 -p recordcount=100000000 -p operationcount=1000000 -p fieldcount=10 -p fieldlength=128 -p fieldlengthdistribution=constant -p readallfields=true -p writeallfields=true -p insertorder=hashed -p requestdistribution=uniform -p readproportion=1 -p updateproportion=0 -p insertproportion=0 -p scanproportion=0 -p readmodifywriteproportion=0 -p measurementtype=hdrhistogram -p measurement.interval=both -p hdrhistogram.percentiles=50,95,99,99.9,99.99 -p status.interval=10 -p redis.host=172.16.0.4 -p redis.port=16379 -p redis.scanindex=none -p redis.timeout=10000 -p redis.cluster=false -p redis.updatecommand=keylane.hreplace -t
Command line: -db site.ycsb.db.RedisClient -s -threads 256 -P /mnt/dev/YCSB-hreplace-dist/workloads/workloada -target 100000 -p recordcount=100000000 -p operationcount=1000000 -p fieldcount=10 -p fieldlength=128 -p fieldlengthdistribution=constant -p readallfields=true -p writeallfields=true -p insertorder=hashed -p requestdistribution=uniform -p readproportion=1 -p updateproportion=0 -p insertproportion=0 -p scanproportion=0 -p readmodifywriteproportion=0 -p measurementtype=hdrhistogram -p measurement.interval=both -p hdrhistogram.percentiles=50,95,99,99.9,99.99 -p status.interval=10 -p redis.host=172.16.0.4 -p redis.port=16379 -p redis.scanindex=none -p redis.timeout=10000 -p redis.cluster=false -p redis.updatecommand=keylane.hreplace -t
YCSB Client 0.18.0-SNAPSHOT

Loading workload...
Starting test.
SLF4J: Failed to load class "org.slf4j.impl.StaticLoggerBinder".
SLF4J: Defaulting to no-operation (NOP) logger implementation
SLF4J: See http://www.slf4j.org/codes.html#StaticLoggerBinder for further details.
2026-09-14 16:01:36:852 0 sec: 0 operations; est completion in 0 second 
DBWrapper: report latency for each error is false and specific error codes to track for latency are: []
2026-09-14 16:01:46:790 10 sec: 989184 operations; 98918.4 current ops/sec; est completion in 1 second [READ: Count=989278, Max=61215, Min=207, Avg=329.17, 50=302, 90=399, 99=541, 99.9=1790, 99.99=17423] [Intended-READ: Count=989706, Max=175231, Min=227, Avg=1078.68, 50=361, 90=463, 99=24463, 99.9=107647, 99.99=147839] 
2026-09-14 16:01:46:913 10 sec: 1000000 operations; 87934.96 current ops/sec; [READ: Count=10722, Max=3137, Min=222, Avg=314.53, 50=300, 90=384, 99=488, 99.9=737, 99.99=2717] [CLEANUP: Count=256, Max=562, Min=10, Avg=29.16, 50=18, 90=33, 99=420, 99.9=562, 99.99=562] [Intended-READ: Count=10294, Max=3205, Min=241, Avg=373.54, 50=359, 90=444, 99=553, 99.9=1268, 99.99=2781] [Intended-CLEANUP: Count=256, Max=563, Min=10, Avg=29.39, 50=18, 90=33, 99=420, 99.9=563, 99.99=563] 
[OVERALL], RunTime(ms), 10122
[OVERALL], Throughput(ops/sec), 98794.70460383323
[TOTAL_GCS_G1_Young_Generation], Count, 20
[TOTAL_GC_TIME_G1_Young_Generation], Time(ms), 22
[TOTAL_GC_TIME_%_G1_Young_Generation], Time(%), 0.21734835012843312
[TOTAL_GCS_G1_Old_Generation], Count, 0
[TOTAL_GC_TIME_G1_Old_Generation], Time(ms), 0
[TOTAL_GC_TIME_%_G1_Old_Generation], Time(%), 0.0
[TOTAL_GCs], Count, 20
[TOTAL_GC_TIME], Time(ms), 22
[TOTAL_GC_TIME_%], Time(%), 0.21734835012843312
[READ], Operations, 1000000
[READ], AverageLatency(us), 329.017993
[READ], MinLatency(us), 207
[READ], MaxLatency(us), 61215
[READ], 50thPercentileLatency(us), 302
[READ], 95thPercentileLatency(us), 439
[READ], 99thPercentileLatency(us), 540
[READ], 99.9PercentileLatency(us), 1782
[READ], 99.99PercentileLatency(us), 17167
[READ], Return=OK, 1000000
[CLEANUP], Operations, 256
[CLEANUP], AverageLatency(us), 29.1640625
[CLEANUP], MinLatency(us), 10
[CLEANUP], MaxLatency(us), 562
[CLEANUP], 50thPercentileLatency(us), 18
[CLEANUP], 95thPercentileLatency(us), 52
[CLEANUP], 99thPercentileLatency(us), 420
[CLEANUP], 99.9PercentileLatency(us), 562
[CLEANUP], 99.99PercentileLatency(us), 562
[Intended-READ], Operations, 1000000
[Intended-READ], AverageLatency(us), 1071.424237
[Intended-READ], MinLatency(us), 227
[Intended-READ], MaxLatency(us), 175231
[Intended-READ], 50thPercentileLatency(us), 361
[Intended-READ], 95thPercentileLatency(us), 510
[Intended-READ], 99thPercentileLatency(us), 23647
[Intended-READ], 99.9PercentileLatency(us), 107455
[Intended-READ], 99.99PercentileLatency(us), 147455
[Intended-CLEANUP], Operations, 256
[Intended-CLEANUP], AverageLatency(us), 29.39453125
[Intended-CLEANUP], MinLatency(us), 10
[Intended-CLEANUP], MaxLatency(us), 563
[Intended-CLEANUP], 50thPercentileLatency(us), 18
[Intended-CLEANUP], 95thPercentileLatency(us), 52
[Intended-CLEANUP], 99thPercentileLatency(us), 420
[Intended-CLEANUP], 99.9PercentileLatency(us), 563
[Intended-CLEANUP], 99.99PercentileLatency(us), 563
