java -cp /mnt/dev/YCSB-hreplace-dist/redis-binding/conf:/mnt/dev/YCSB-hreplace-dist/conf:/mnt/dev/YCSB-hreplace-dist/lib/htrace-core4-4.1.0-incubating.jar:/mnt/dev/YCSB-hreplace-dist/lib/slf4j-api-1.7.25.jar:/mnt/dev/YCSB-hreplace-dist/lib/jackson-mapper-asl-1.9.4.jar:/mnt/dev/YCSB-hreplace-dist/lib/HdrHistogram-2.1.12.jar:/mnt/dev/YCSB-hreplace-dist/lib/jackson-core-asl-1.9.4.jar:/mnt/dev/YCSB-hreplace-dist/lib/jedis-3.9.0.jar:/mnt/dev/YCSB-hreplace-dist/lib/core-0.18.0-SNAPSHOT.jar:/mnt/dev/YCSB-hreplace-dist/lib/commons-pool2-2.11.1.jar:/mnt/dev/YCSB-hreplace-dist/lib/redis-binding-0.18.0-SNAPSHOT.jar site.ycsb.Client -db site.ycsb.db.RedisClient -s -threads 256 -P /mnt/dev/YCSB-hreplace-dist/workloads/workloada -target 100000 -p recordcount=100000000 -p operationcount=1000000 -p fieldcount=10 -p fieldlength=128 -p fieldlengthdistribution=constant -p readallfields=true -p writeallfields=true -p insertorder=hashed -p requestdistribution=uniform -p readproportion=0.95 -p updateproportion=0.05 -p insertproportion=0 -p scanproportion=0 -p readmodifywriteproportion=0 -p measurementtype=hdrhistogram -p measurement.interval=both -p hdrhistogram.percentiles=50,95,99,99.9,99.99 -p status.interval=10 -p redis.host=172.16.0.4 -p redis.port=16379 -p redis.scanindex=none -p redis.timeout=10000 -p redis.cluster=false -p redis.updatecommand=keylane.hreplace -t
Command line: -db site.ycsb.db.RedisClient -s -threads 256 -P /mnt/dev/YCSB-hreplace-dist/workloads/workloada -target 100000 -p recordcount=100000000 -p operationcount=1000000 -p fieldcount=10 -p fieldlength=128 -p fieldlengthdistribution=constant -p readallfields=true -p writeallfields=true -p insertorder=hashed -p requestdistribution=uniform -p readproportion=0.95 -p updateproportion=0.05 -p insertproportion=0 -p scanproportion=0 -p readmodifywriteproportion=0 -p measurementtype=hdrhistogram -p measurement.interval=both -p hdrhistogram.percentiles=50,95,99,99.9,99.99 -p status.interval=10 -p redis.host=172.16.0.4 -p redis.port=16379 -p redis.scanindex=none -p redis.timeout=10000 -p redis.cluster=false -p redis.updatecommand=keylane.hreplace -t
YCSB Client 0.18.0-SNAPSHOT

Loading workload...
Starting test.
SLF4J: Failed to load class "org.slf4j.impl.StaticLoggerBinder".
SLF4J: Defaulting to no-operation (NOP) logger implementation
SLF4J: See http://www.slf4j.org/codes.html#StaticLoggerBinder for further details.
2026-09-14 16:22:08:018 0 sec: 0 operations; est completion in 0 second 
DBWrapper: report latency for each error is false and specific error codes to track for latency are: []
2026-09-14 16:22:17:971 10 sec: 993244 operations; 99324.4 current ops/sec; est completion in 1 second [READ: Count=943635, Max=17423, Min=202, Avg=299.65, 50=290, 90=343, 99=442, 99.9=1263, 99.99=3727] [UPDATE: Count=49698, Max=15135, Min=158, Avg=232.24, 50=218, 90=276, 99=394, 99.9=1789, 99.99=5811] [Intended-READ: Count=944227, Max=39839, Min=234, Avg=381.12, 50=349, 90=403, 99=543, 99.9=8775, 99.99=28415] [Intended-UPDATE: Count=49720, Max=36159, Min=182, Avg=313.45, 50=277, 90=336, 99=501, 99.9=9007, 99.99=32639] 
2026-09-14 16:22:18:068 10 sec: 1000000 operations; 68938.78 current ops/sec; [READ: Count=6351, Max=1610, Min=213, Avg=299.64, 50=290, 90=351, 99=451, 99.9=858, 99.99=1610] [CLEANUP: Count=256, Max=629, Min=10, Avg=26.62, 50=16, 90=26, 99=473, 99.9=629, 99.99=629] [UPDATE: Count=316, Max=570, Min=169, Avg=230.68, 50=219, 90=296, 99=385, 99.9=570, 99.99=570] [Intended-READ: Count=5759, Max=1678, Min=229, Avg=357.34, 50=349, 90=410, 99=511, 99.9=1008, 99.99=1678] [Intended-CLEANUP: Count=256, Max=630, Min=10, Avg=26.85, 50=16, 90=26, 99=474, 99.9=630, 99.99=630] [Intended-UPDATE: Count=294, Max=630, Min=206, Avg=289.46, 50=280, 90=353, 99=446, 99.9=630, 99.99=630] 
[OVERALL], RunTime(ms), 10097
[OVERALL], Throughput(ops/sec), 99039.31860948796
[TOTAL_GCS_G1_Young_Generation], Count, 21
[TOTAL_GC_TIME_G1_Young_Generation], Time(ms), 22
[TOTAL_GC_TIME_%_G1_Young_Generation], Time(%), 0.21788650094087353
[TOTAL_GCS_G1_Old_Generation], Count, 0
[TOTAL_GC_TIME_G1_Old_Generation], Time(ms), 0
[TOTAL_GC_TIME_%_G1_Old_Generation], Time(%), 0.0
[TOTAL_GCs], Count, 21
[TOTAL_GC_TIME], Time(ms), 22
[TOTAL_GC_TIME_%], Time(%), 0.21788650094087353
[READ], Operations, 949986
[READ], AverageLatency(us), 299.6497127326087
[READ], MinLatency(us), 202
[READ], MaxLatency(us), 17423
[READ], 50thPercentileLatency(us), 290
[READ], 95thPercentileLatency(us), 371
[READ], 99thPercentileLatency(us), 443
[READ], 99.9PercentileLatency(us), 1259
[READ], 99.99PercentileLatency(us), 3727
[READ], Return=OK, 949986
[CLEANUP], Operations, 256
[CLEANUP], AverageLatency(us), 26.6171875
[CLEANUP], MinLatency(us), 10
[CLEANUP], MaxLatency(us), 629
[CLEANUP], 50thPercentileLatency(us), 16
[CLEANUP], 95thPercentileLatency(us), 34
[CLEANUP], 99thPercentileLatency(us), 473
[CLEANUP], 99.9PercentileLatency(us), 629
[CLEANUP], 99.99PercentileLatency(us), 629
[UPDATE], Operations, 50014
[UPDATE], AverageLatency(us), 232.23127524293199
[UPDATE], MinLatency(us), 158
[UPDATE], MaxLatency(us), 15135
[UPDATE], 50thPercentileLatency(us), 218
[UPDATE], 95thPercentileLatency(us), 310
[UPDATE], 99thPercentileLatency(us), 394
[UPDATE], 99.9PercentileLatency(us), 1737
[UPDATE], 99.99PercentileLatency(us), 5779
[UPDATE], Return=OK, 50014
[Intended-READ], Operations, 949986
[Intended-READ], AverageLatency(us), 380.9760070148402
[Intended-READ], MinLatency(us), 229
[Intended-READ], MaxLatency(us), 39839
[Intended-READ], 50thPercentileLatency(us), 349
[Intended-READ], 95thPercentileLatency(us), 433
[Intended-READ], 99thPercentileLatency(us), 542
[Intended-READ], 99.9PercentileLatency(us), 8703
[Intended-READ], 99.99PercentileLatency(us), 28415
[Intended-CLEANUP], Operations, 256
[Intended-CLEANUP], AverageLatency(us), 26.8515625
[Intended-CLEANUP], MinLatency(us), 10
[Intended-CLEANUP], MaxLatency(us), 630
[Intended-CLEANUP], 50thPercentileLatency(us), 16
[Intended-CLEANUP], 95thPercentileLatency(us), 35
[Intended-CLEANUP], 99thPercentileLatency(us), 474
[Intended-CLEANUP], 99.9PercentileLatency(us), 630
[Intended-CLEANUP], 99.99PercentileLatency(us), 630
[Intended-UPDATE], Operations, 50014
[Intended-UPDATE], AverageLatency(us), 313.31389211020917
[Intended-UPDATE], MinLatency(us), 182
[Intended-UPDATE], MaxLatency(us), 36159
[Intended-UPDATE], 50thPercentileLatency(us), 277
[Intended-UPDATE], 95thPercentileLatency(us), 371
[Intended-UPDATE], 99thPercentileLatency(us), 500
[Intended-UPDATE], 99.9PercentileLatency(us), 8599
[Intended-UPDATE], 99.99PercentileLatency(us), 31183
