java -cp /mnt/dev/YCSB-hreplace-dist/redis-binding/conf:/mnt/dev/YCSB-hreplace-dist/conf:/mnt/dev/YCSB-hreplace-dist/lib/htrace-core4-4.1.0-incubating.jar:/mnt/dev/YCSB-hreplace-dist/lib/slf4j-api-1.7.25.jar:/mnt/dev/YCSB-hreplace-dist/lib/jackson-mapper-asl-1.9.4.jar:/mnt/dev/YCSB-hreplace-dist/lib/HdrHistogram-2.1.12.jar:/mnt/dev/YCSB-hreplace-dist/lib/jackson-core-asl-1.9.4.jar:/mnt/dev/YCSB-hreplace-dist/lib/jedis-3.9.0.jar:/mnt/dev/YCSB-hreplace-dist/lib/core-0.18.0-SNAPSHOT.jar:/mnt/dev/YCSB-hreplace-dist/lib/commons-pool2-2.11.1.jar:/mnt/dev/YCSB-hreplace-dist/lib/redis-binding-0.18.0-SNAPSHOT.jar site.ycsb.Client -db site.ycsb.db.RedisClient -s -threads 256 -P /mnt/dev/YCSB-hreplace-dist/workloads/workloada -target 100000 -p recordcount=100000000 -p operationcount=2000000000 -p fieldcount=10 -p fieldlength=128 -p fieldlengthdistribution=constant -p readallfields=true -p writeallfields=true -p insertorder=hashed -p requestdistribution=uniform -p readproportion=0.95 -p updateproportion=0.05 -p insertproportion=0 -p scanproportion=0 -p readmodifywriteproportion=0 -p measurementtype=hdrhistogram -p measurement.interval=both -p hdrhistogram.percentiles=50,95,99,99.9,99.99 -p status.interval=10 -p maxexecutiontime=300 -p redis.host=172.16.0.4 -p redis.port=16379 -p redis.scanindex=none -p redis.timeout=10000 -p redis.cluster=false -p redis.updatecommand=keylane.hreplace -t
Command line: -db site.ycsb.db.RedisClient -s -threads 256 -P /mnt/dev/YCSB-hreplace-dist/workloads/workloada -target 100000 -p recordcount=100000000 -p operationcount=2000000000 -p fieldcount=10 -p fieldlength=128 -p fieldlengthdistribution=constant -p readallfields=true -p writeallfields=true -p insertorder=hashed -p requestdistribution=uniform -p readproportion=0.95 -p updateproportion=0.05 -p insertproportion=0 -p scanproportion=0 -p readmodifywriteproportion=0 -p measurementtype=hdrhistogram -p measurement.interval=both -p hdrhistogram.percentiles=50,95,99,99.9,99.99 -p status.interval=10 -p maxexecutiontime=300 -p redis.host=172.16.0.4 -p redis.port=16379 -p redis.scanindex=none -p redis.timeout=10000 -p redis.cluster=false -p redis.updatecommand=keylane.hreplace -t
YCSB Client 0.18.0-SNAPSHOT

Loading workload...
Starting test.
SLF4J: Failed to load class "org.slf4j.impl.StaticLoggerBinder".
SLF4J: Defaulting to no-operation (NOP) logger implementation
SLF4J: See http://www.slf4j.org/codes.html#StaticLoggerBinder for further details.
Maximum execution time specified as: 300 secs
2026-09-14 16:22:18:778 0 sec: 0 operations; est completion in 0 second 
DBWrapper: report latency for each error is false and specific error codes to track for latency are: []
2026-09-14 16:22:28:735 10 sec: 993436 operations; 99333.67 current ops/sec; est completion in 5 hours 35 minutes [READ: Count=944266, Max=15007, Min=203, Avg=303.11, 50=292, 90=348, 99=464, 99.9=1482, 99.99=5275] [UPDATE: Count=49279, Max=14159, Min=159, Avg=234.46, 50=220, 90=284, 99=420, 99.9=1473, 99.99=4487] [Intended-READ: Count=944865, Max=62367, Min=233, Avg=442.48, 50=351, 90=410, 99=613, 99.9=28959, 99.99=48575] [Intended-UPDATE: Count=49307, Max=62303, Min=179, Avg=366.16, 50=280, 90=345, 99=553, 99.9=26431, 99.99=48223] 
2026-09-14 16:22:38:735 20 sec: 1993424 operations; 99998.8 current ops/sec; est completion in 5 hours 34 minutes [READ: Count=949936, Max=1733, Min=193, Avg=300.05, 50=292, 90=348, 99=447, 99.9=602, 99.99=1119] [UPDATE: Count=50003, Max=1516, Min=159, Avg=230.21, 50=220, 90=284, 99=394, 99.9=507, 99.99=987] [Intended-READ: Count=949461, Max=1800, Min=212, Avg=358.92, 50=351, 90=408, 99=513, 99.9=990, 99.99=1238] [Intended-UPDATE: Count=49978, Max=1578, Min=181, Avg=289.62, 50=280, 90=343, 99=464, 99.9=925, 99.99=1115] 
2026-09-14 16:22:48:735 30 sec: 2993441 operations; 100001.7 current ops/sec; est completion in 5 hours 33 minutes [READ: Count=950109, Max=2771, Min=199, Avg=299.94, 50=292, 90=347, 99=448, 99.9=642, 99.99=1230] [UPDATE: Count=49903, Max=1682, Min=156, Avg=230.48, 50=221, 90=281, 99=394, 99.9=558, 99.99=1297] [Intended-READ: Count=950070, Max=2833, Min=231, Avg=358.92, 50=351, 90=407, 99=515, 99.9=1057, 99.99=1348] [Intended-UPDATE: Count=49906, Max=1741, Min=180, Avg=289.74, 50=280, 90=341, 99=461, 99.9=964, 99.99=1367] 
2026-09-14 16:22:58:735 40 sec: 3993451 operations; 100001 current ops/sec; est completion in 5 hours 33 minutes [READ: Count=950052, Max=1609, Min=205, Avg=299.78, 50=292, 90=347, 99=444, 99.9=618, 99.99=1170] [UPDATE: Count=49932, Max=1460, Min=156, Avg=230.43, 50=220, 90=282, 99=390, 99.9=536, 99.99=1290] [Intended-READ: Count=950192, Max=1677, Min=227, Avg=358.57, 50=351, 90=407, 99=510, 99.9=1017, 99.99=1288] [Intended-UPDATE: Count=49931, Max=1547, Min=174, Avg=289.68, 50=280, 90=342, 99=460, 99.9=960, 99.99=1415] 
2026-09-14 16:23:08:735 50 sec: 4993428 operations; 99997.7 current ops/sec; est completion in 5 hours 32 minutes [READ: Count=950091, Max=2411, Min=189, Avg=299.75, 50=292, 90=347, 99=446, 99.9=633, 99.99=1155] [UPDATE: Count=49903, Max=1332, Min=156, Avg=230.45, 50=220, 90=282, 99=393, 99.9=550, 99.99=1125] [Intended-READ: Count=949966, Max=2423, Min=224, Avg=358.55, 50=351, 90=407, 99=512, 99.9=999, 99.99=1246] [Intended-UPDATE: Count=49903, Max=1397, Min=183, Avg=289.5, 50=280, 90=342, 99=459, 99.9=947, 99.99=1264] 
2026-09-14 16:23:18:735 60 sec: 5993419 operations; 99999.1 current ops/sec; est completion in 5 hours 32 minutes [READ: Count=949614, Max=1498, Min=208, Avg=298.88, 50=291, 90=344, 99=443, 99.9=620, 99.99=1142] [UPDATE: Count=50393, Max=1525, Min=158, Avg=229.54, 50=220, 90=278, 99=387, 99.9=537, 99.99=1085] [Intended-READ: Count=949610, Max=1710, Min=226, Avg=357.77, 50=350, 90=404, 99=508, 99.9=1005, 99.99=1280] [Intended-UPDATE: Count=50394, Max=1584, Min=184, Avg=288.6, 50=279, 90=338, 99=454, 99.9=905, 99.99=1260] 
2026-09-14 16:23:28:735 70 sec: 6993435 operations; 100001.6 current ops/sec; est completion in 5 hours 32 minutes [READ: Count=950167, Max=3573, Min=199, Avg=299.63, 50=292, 90=347, 99=445, 99.9=605, 99.99=1212] [UPDATE: Count=49835, Max=1241, Min=159, Avg=230.31, 50=221, 90=282, 99=391, 99.9=502, 99.99=986] [Intended-READ: Count=950154, Max=3635, Min=233, Avg=358.49, 50=351, 90=406, 99=511, 99.9=990, 99.99=1315] [Intended-UPDATE: Count=49835, Max=1369, Min=179, Avg=289.33, 50=280, 90=341, 99=456, 99.9=816, 99.99=1162] 
2026-09-14 16:23:38:735 80 sec: 7993448 operations; 100001.3 current ops/sec; est completion in 5 hours 32 minutes [READ: Count=949927, Max=1700, Min=182, Avg=300.34, 50=292, 90=349, 99=450, 99.9=612, 99.99=1164] [UPDATE: Count=50070, Max=1437, Min=160, Avg=231.51, 50=221, 90=286, 99=397, 99.9=507, 99.99=1072] [Intended-READ: Count=949914, Max=1761, Min=213, Avg=359.31, 50=351, 90=409, 99=517, 99.9=1025, 99.99=1292] [Intended-UPDATE: Count=50073, Max=1512, Min=182, Avg=290.5, 50=280, 90=345, 99=464, 99.9=880, 99.99=1175] 
2026-09-14 16:23:48:735 90 sec: 8993425 operations; 99997.7 current ops/sec; est completion in 5 hours 32 minutes [READ: Count=949815, Max=1530, Min=205, Avg=298.94, 50=292, 90=344, 99=443, 99.9=609, 99.99=1085] [UPDATE: Count=50164, Max=1265, Min=158, Avg=229.82, 50=220, 90=279, 99=389, 99.9=525, 99.99=1091] [Intended-READ: Count=949813, Max=1591, Min=226, Avg=357.77, 50=351, 90=404, 99=509, 99.9=973, 99.99=1221] [Intended-UPDATE: Count=50157, Max=1324, Min=180, Avg=288.77, 50=280, 90=338, 99=453, 99.9=923, 99.99=1150] 
2026-09-14 16:23:58:735 100 sec: 9993422 operations; 99999.7 current ops/sec; est completion in 5 hours 31 minutes [READ: Count=949875, Max=1646, Min=203, Avg=299.85, 50=292, 90=348, 99=448, 99.9=614, 99.99=1156] [UPDATE: Count=50117, Max=1192, Min=159, Avg=230.66, 50=221, 90=282, 99=393, 99.9=524, 99.99=1024] [Intended-READ: Count=949890, Max=1704, Min=224, Avg=358.7, 50=351, 90=408, 99=514, 99.9=998, 99.99=1264] [Intended-UPDATE: Count=50116, Max=1252, Min=184, Avg=289.61, 50=280, 90=342, 99=460, 99.9=884, 99.99=1185] 
2026-09-14 16:24:08:735 110 sec: 10993438 operations; 100001.6 current ops/sec; est completion in 5 hours 31 minutes [READ: Count=950205, Max=3883, Min=194, Avg=299.68, 50=292, 90=347, 99=445, 99.9=598, 99.99=1186] [UPDATE: Count=49821, Max=1565, Min=160, Avg=230.73, 50=221, 90=282, 99=388, 99.9=527, 99.99=1166] [Intended-READ: Count=950185, Max=3943, Min=230, Avg=358.64, 50=351, 90=407, 99=511, 99.9=1017, 99.99=1304] [Intended-UPDATE: Count=49823, Max=1626, Min=183, Avg=289.77, 50=280, 90=342, 99=453, 99.9=1004, 99.99=1238] 
2026-09-14 16:24:18:735 120 sec: 11993443 operations; 100000.5 current ops/sec; est completion in 5 hours 31 minutes [READ: Count=949985, Max=1767, Min=207, Avg=299.12, 50=292, 90=346, 99=443, 99.9=580, 99.99=1187] [UPDATE: Count=50003, Max=1198, Min=157, Avg=230.17, 50=221, 90=281, 99=388, 99.9=504, 99.99=972] [Intended-READ: Count=949969, Max=1828, Min=230, Avg=358.1, 50=351, 90=406, 99=509, 99.9=1022, 99.99=1345] [Intended-UPDATE: Count=50000, Max=1261, Min=176, Avg=289.45, 50=280, 90=340, 99=456, 99.9=916, 99.99=1153] 
2026-09-14 16:24:28:735 130 sec: 12993425 operations; 99998.2 current ops/sec; est completion in 5 hours 31 minutes [READ: Count=950295, Max=4123, Min=198, Avg=300.2, 50=292, 90=348, 99=447, 99.9=715, 99.99=2257] [UPDATE: Count=49693, Max=3053, Min=158, Avg=231.18, 50=221, 90=283, 99=393, 99.9=522, 99.99=1452] [Intended-READ: Count=950358, Max=4239, Min=232, Avg=359.35, 50=351, 90=407, 99=513, 99.9=1048, 99.99=2807] [Intended-UPDATE: Count=49699, Max=3113, Min=180, Avg=290.5, 50=280, 90=343, 99=460, 99.9=967, 99.99=2419] 
2026-09-14 16:24:38:735 140 sec: 13993420 operations; 99999.5 current ops/sec; est completion in 5 hours 31 minutes [READ: Count=949876, Max=1612, Min=210, Avg=299.52, 50=292, 90=346, 99=445, 99.9=626, 99.99=1222] [UPDATE: Count=50126, Max=1632, Min=159, Avg=230.47, 50=221, 90=281, 99=387, 99.9=533, 99.99=1014] [Intended-READ: Count=949848, Max=2323, Min=229, Avg=358.45, 50=351, 90=406, 99=511, 99.9=1009, 99.99=1340] [Intended-UPDATE: Count=50122, Max=1704, Min=180, Avg=289.65, 50=280, 90=341, 99=455, 99.9=938, 99.99=1231] 
2026-09-14 16:24:48:735 150 sec: 14993436 operations; 100001.6 current ops/sec; est completion in 5 hours 30 minutes [READ: Count=949884, Max=2205, Min=175, Avg=300.05, 50=292, 90=349, 99=448, 99.9=618, 99.99=1119] [UPDATE: Count=50132, Max=1613, Min=157, Avg=231.35, 50=221, 90=284, 99=396, 99.9=520, 99.99=1213] [Intended-READ: Count=949858, Max=2263, Min=230, Avg=358.87, 50=351, 90=408, 99=513, 99.9=977, 99.99=1258] [Intended-UPDATE: Count=50132, Max=1675, Min=181, Avg=290.42, 50=280, 90=344, 99=462, 99.9=911, 99.99=1331] 
2026-09-14 16:24:58:735 160 sec: 15993445 operations; 100000.9 current ops/sec; est completion in 5 hours 30 minutes [READ: Count=949926, Max=3383, Min=195, Avg=299.2, 50=292, 90=345, 99=442, 99.9=617, 99.99=1122] [UPDATE: Count=50076, Max=1383, Min=155, Avg=230.35, 50=221, 90=280, 99=386, 99.9=519, 99.99=1052] [Intended-READ: Count=950028, Max=3443, Min=229, Avg=358.02, 50=351, 90=405, 99=508, 99.9=999, 99.99=1225] [Intended-UPDATE: Count=50082, Max=1443, Min=180, Avg=289.49, 50=280, 90=340, 99=454, 99.9=938, 99.99=1152] 
2026-09-14 16:25:08:735 170 sec: 16993423 operations; 99997.8 current ops/sec; est completion in 5 hours 30 minutes [READ: Count=950079, Max=1560, Min=206, Avg=300.07, 50=292, 90=348, 99=447, 99.9=624, 99.99=1088] [UPDATE: Count=49899, Max=1390, Min=157, Avg=231.38, 50=221, 90=284, 99=396, 99.9=523, 99.99=1000] [Intended-READ: Count=949979, Max=1618, Min=228, Avg=358.93, 50=351, 90=408, 99=513, 99.9=995, 99.99=1213] [Intended-UPDATE: Count=49895, Max=1449, Min=175, Avg=290.63, 50=281, 90=344, 99=466, 99.9=938, 99.99=1219] 
2026-09-14 16:25:18:735 180 sec: 17993420 operations; 99999.7 current ops/sec; est completion in 5 hours 30 minutes [READ: Count=949965, Max=1556, Min=192, Avg=299.34, 50=292, 90=346, 99=444, 99.9=601, 99.99=1131] [UPDATE: Count=50040, Max=1236, Min=159, Avg=230.38, 50=221, 90=281, 99=391, 99.9=508, 99.99=1031] [Intended-READ: Count=949971, Max=1615, Min=226, Avg=358.14, 50=351, 90=406, 99=510, 99.9=990, 99.99=1249] [Intended-UPDATE: Count=50039, Max=1533, Min=177, Avg=289.35, 50=280, 90=340, 99=456, 99.9=869, 99.99=1187] 
2026-09-14 16:25:28:735 190 sec: 18993435 operations; 100001.5 current ops/sec; est completion in 5 hours 30 minutes [READ: Count=950083, Max=1681, Min=200, Avg=300.05, 50=292, 90=348, 99=448, 99.9=598, 99.99=1148] [UPDATE: Count=49923, Max=1359, Min=160, Avg=231.46, 50=221, 90=286, 99=393, 99.9=527, 99.99=1172] [Intended-READ: Count=950169, Max=1740, Min=232, Avg=358.93, 50=351, 90=408, 99=513, 99.9=986, 99.99=1269] [Intended-UPDATE: Count=49920, Max=1423, Min=181, Avg=290.76, 50=281, 90=346, 99=461, 99.9=919, 99.99=1265] 
2026-09-14 16:25:38:735 200 sec: 19993448 operations; 100001.3 current ops/sec; est completion in 5 hours 30 minutes [READ: Count=949843, Max=2385, Min=183, Avg=300.06, 50=292, 90=348, 99=448, 99.9=615, 99.99=1133] [UPDATE: Count=50161, Max=1067, Min=158, Avg=231.07, 50=221, 90=284, 99=390, 99.9=525, 99.99=989] [Intended-READ: Count=949731, Max=2403, Min=227, Avg=358.96, 50=351, 90=408, 99=515, 99.9=989, 99.99=1257] [Intended-UPDATE: Count=50162, Max=1456, Min=178, Avg=290.42, 50=281, 90=344, 99=462, 99.9=926, 99.99=1126] 
2026-09-14 16:25:48:735 210 sec: 20993426 operations; 99997.8 current ops/sec; est completion in 5 hours 29 minutes [READ: Count=950049, Max=1772, Min=162, Avg=298.45, 50=291, 90=343, 99=441, 99.9=600, 99.99=1099] [UPDATE: Count=49939, Max=1432, Min=159, Avg=229.55, 50=220, 90=276, 99=387, 99.9=519, 99.99=1000] [Intended-READ: Count=950060, Max=1832, Min=221, Avg=357.28, 50=350, 90=403, 99=506, 99.9=981, 99.99=1258] [Intended-UPDATE: Count=49944, Max=1496, Min=174, Avg=288.57, 50=280, 90=336, 99=451, 99.9=860, 99.99=1202] 
2026-09-14 16:25:58:735 220 sec: 21993419 operations; 99999.3 current ops/sec; est completion in 5 hours 29 minutes [READ: Count=949893, Max=3631, Min=185, Avg=299.16, 50=292, 90=345, 99=443, 99.9=637, 99.99=1095] [UPDATE: Count=50104, Max=1454, Min=155, Avg=230.33, 50=221, 90=281, 99=386, 99.9=516, 99.99=973] [Intended-READ: Count=950020, Max=3695, Min=210, Avg=358.03, 50=351, 90=405, 99=509, 99.9=1020, 99.99=1203] [Intended-UPDATE: Count=50100, Max=1506, Min=168, Avg=289.59, 50=280, 90=340, 99=454, 99.9=954, 99.99=1250] 
2026-09-14 16:26:08:735 230 sec: 22993437 operations; 100001.8 current ops/sec; est completion in 5 hours 29 minutes [READ: Count=950196, Max=1624, Min=202, Avg=299.57, 50=292, 90=346, 99=446, 99.9=603, 99.99=1112] [UPDATE: Count=49816, Max=1603, Min=158, Avg=230.56, 50=221, 90=280, 99=390, 99.9=544, 99.99=1242] [Intended-READ: Count=950073, Max=1685, Min=216, Avg=358.42, 50=351, 90=406, 99=511, 99.9=1016, 99.99=1257] [Intended-UPDATE: Count=49816, Max=1621, Min=178, Avg=289.37, 50=280, 90=340, 99=456, 99.9=899, 99.99=1303] 
2026-09-14 16:26:18:735 240 sec: 23993447 operations; 100001 current ops/sec; est completion in 5 hours 29 minutes [READ: Count=949606, Max=2979, Min=209, Avg=299.34, 50=292, 90=346, 99=443, 99.9=603, 99.99=1123] [UPDATE: Count=50393, Max=1531, Min=155, Avg=230.36, 50=221, 90=280, 99=387, 99.9=510, 99.99=939] [Intended-READ: Count=949588, Max=3041, Min=229, Avg=358.23, 50=351, 90=406, 99=509, 99.9=1013, 99.99=1248] [Intended-UPDATE: Count=50393, Max=1556, Min=177, Avg=289.58, 50=280, 90=340, 99=455, 99.9=917, 99.99=1285] 
2026-09-14 16:26:28:735 250 sec: 24993426 operations; 99997.9 current ops/sec; est completion in 5 hours 29 minutes [READ: Count=950092, Max=1453, Min=190, Avg=299.36, 50=292, 90=346, 99=447, 99.9=593, 99.99=1080] [UPDATE: Count=49888, Max=1211, Min=155, Avg=230.34, 50=221, 90=281, 99=390, 99.9=512, 99.99=1011] [Intended-READ: Count=950095, Max=1513, Min=217, Avg=358.2, 50=351, 90=406, 99=512, 99.9=982, 99.99=1199] [Intended-UPDATE: Count=49891, Max=1346, Min=180, Avg=289.63, 50=280, 90=341, 99=459, 99.9=905, 99.99=1146] 
2026-09-14 16:26:38:735 260 sec: 25993419 operations; 99999.3 current ops/sec; est completion in 5 hours 29 minutes [READ: Count=950046, Max=3865, Min=194, Avg=299.96, 50=292, 90=346, 99=449, 99.9=821, 99.99=2711] [UPDATE: Count=49992, Max=3553, Min=160, Avg=231.09, 50=221, 90=281, 99=395, 99.9=553, 99.99=2839] [Intended-READ: Count=950112, Max=3923, Min=232, Avg=358.93, 50=351, 90=406, 99=517, 99.9=1062, 99.99=2771] [Intended-UPDATE: Count=49990, Max=3611, Min=181, Avg=290.66, 50=280, 90=341, 99=466, 99.9=996, 99.99=2899] 
2026-09-14 16:26:48:735 270 sec: 26993438 operations; 100001.9 current ops/sec; est completion in 5 hours 28 minutes [READ: Count=949505, Max=1708, Min=172, Avg=299.97, 50=292, 90=348, 99=450, 99.9=623, 99.99=1104] [UPDATE: Count=50477, Max=1302, Min=158, Avg=231.12, 50=221, 90=283, 99=395, 99.9=533, 99.99=1169] [Intended-READ: Count=949456, Max=1788, Min=230, Avg=358.81, 50=351, 90=408, 99=516, 99.9=997, 99.99=1265] [Intended-UPDATE: Count=50474, Max=1371, Min=177, Avg=290.19, 50=280, 90=343, 99=462, 99.9=922, 99.99=1282] 
2026-09-14 16:26:58:735 280 sec: 27993441 operations; 100000.3 current ops/sec; est completion in 5 hours 28 minutes [READ: Count=950134, Max=1876, Min=191, Avg=298.82, 50=292, 90=344, 99=441, 99.9=595, 99.99=1127] [UPDATE: Count=49865, Max=1138, Min=157, Avg=229.82, 50=220, 90=278, 99=386, 99.9=524, 99.99=1100] [Intended-READ: Count=950109, Max=1935, Min=233, Avg=357.59, 50=350, 90=404, 99=507, 99.9=970, 99.99=1236] [Intended-UPDATE: Count=49867, Max=1267, Min=179, Avg=289.11, 50=280, 90=339, 99=456, 99.9=935, 99.99=1194] 
2026-09-14 16:27:08:735 290 sec: 28993426 operations; 99998.5 current ops/sec; est completion in 5 hours 28 minutes [READ: Count=950217, Max=1700, Min=190, Avg=299.54, 50=292, 90=346, 99=445, 99.9=612, 99.99=1198] [UPDATE: Count=49765, Max=1609, Min=158, Avg=230.78, 50=221, 90=282, 99=387, 99.9=526, 99.99=1117] [Intended-READ: Count=950231, Max=1760, Min=232, Avg=358.48, 50=351, 90=406, 99=511, 99.9=1015, 99.99=1313] [Intended-UPDATE: Count=49765, Max=1690, Min=182, Avg=290.02, 50=281, 90=341, 99=453, 99.9=950, 99.99=1219] 
2026-09-14 16:27:18:735 300 sec: 29993418 operations; 99999.2 current ops/sec; est completion in 5 hours 28 minutes [READ: Count=950120, Max=1758, Min=206, Avg=299.57, 50=292, 90=347, 99=448, 99.9=594, 99.99=1140] [UPDATE: Count=49885, Max=1429, Min=158, Avg=230.93, 50=221, 90=283, 99=393, 99.9=516, 99.99=1020] [Intended-READ: Count=950134, Max=1817, Min=232, Avg=358.47, 50=351, 90=407, 99=514, 99.9=1004, 99.99=1283] [Intended-UPDATE: Count=49885, Max=1497, Min=180, Avg=290.22, 50=280, 90=343, 99=461, 99.9=920, 99.99=1182] 
Maximum time elapsed. Requesting stop for the workload.
Stop requested for workload. Now Joining!
2026-09-14 16:27:18:765 300 sec: 29996165 operations; 94724.14 current ops/sec; est completion in 5 hours 28 minutes [READ: Count=2572, Max=614, Min=223, Avg=294.6, 50=289, 90=335, 99=415, 99.9=555, 99.99=614] [CLEANUP: Count=256, Max=1667, Min=9, Avg=224.72, 50=14, 90=1168, 99=1582, 99.9=1667, 99.99=1667] [UPDATE: Count=145, Max=538, Min=174, Avg=222.37, 50=216, 90=252, 99=330, 99.9=538, 99.99=538] [Intended-READ: Count=2514, Max=674, Min=248, Avg=352.5, 50=347, 90=395, 99=472, 99.9=617, 99.99=674] [Intended-CLEANUP: Count=256, Max=1667, Min=9, Avg=224.86, 50=14, 90=1168, 99=1582, 99.9=1667, 99.99=1667] [Intended-UPDATE: Count=143, Max=598, Min=225, Avg=278.85, 50=273, 90=312, 99=394, 99.9=598, 99.99=598] 
[OVERALL], RunTime(ms), 300037
[OVERALL], Throughput(ops/sec), 99974.88643067355
[TOTAL_GCS_G1_Young_Generation], Count, 561
[TOTAL_GC_TIME_G1_Young_Generation], Time(ms), 397
[TOTAL_GC_TIME_%_G1_Young_Generation], Time(%), 0.13231701423491102
[TOTAL_GCS_G1_Old_Generation], Count, 0
[TOTAL_GC_TIME_G1_Old_Generation], Time(ms), 0
[TOTAL_GC_TIME_%_G1_Old_Generation], Time(%), 0.0
[TOTAL_GCs], Count, 561
[TOTAL_GC_TIME], Time(ms), 397
[TOTAL_GC_TIME_%], Time(%), 0.13231701423491102
[READ], Operations, 28496423
[READ], AverageLatency(us), 299.70934067760015
[READ], MinLatency(us), 162
[READ], MaxLatency(us), 15007
[READ], 50thPercentileLatency(us), 292
[READ], 95thPercentileLatency(us), 375
[READ], 99thPercentileLatency(us), 446
[READ], 99.9PercentileLatency(us), 626
[READ], 99.99PercentileLatency(us), 1250
[READ], Return=OK, 28496423
[CLEANUP], Operations, 256
[CLEANUP], AverageLatency(us), 224.72265625
[CLEANUP], MinLatency(us), 9
[CLEANUP], MaxLatency(us), 1667
[CLEANUP], 50thPercentileLatency(us), 14
[CLEANUP], 95thPercentileLatency(us), 1373
[CLEANUP], 99thPercentileLatency(us), 1582
[CLEANUP], 99.9PercentileLatency(us), 1667
[CLEANUP], 99.99PercentileLatency(us), 1667
[UPDATE], Operations, 1499742
[UPDATE], AverageLatency(us), 230.70679623561918
[UPDATE], MinLatency(us), 155
[UPDATE], MaxLatency(us), 14159
[UPDATE], 50thPercentileLatency(us), 221
[UPDATE], 95thPercentileLatency(us), 315
[UPDATE], 99thPercentileLatency(us), 392
[UPDATE], 99.9PercentileLatency(us), 531
[UPDATE], 99.99PercentileLatency(us), 1243
[UPDATE], Return=OK, 1499742
[Intended-READ], Operations, 28496423
[Intended-READ], AverageLatency(us), 361.2617017932391
[Intended-READ], MinLatency(us), 210
[Intended-READ], MaxLatency(us), 62367
[Intended-READ], 50thPercentileLatency(us), 351
[Intended-READ], 95thPercentileLatency(us), 435
[Intended-READ], 99thPercentileLatency(us), 513
[Intended-READ], 99.9PercentileLatency(us), 1047
[Intended-READ], 99.99PercentileLatency(us), 9207
[Intended-CLEANUP], Operations, 256
[Intended-CLEANUP], AverageLatency(us), 224.85546875
[Intended-CLEANUP], MinLatency(us), 9
[Intended-CLEANUP], MaxLatency(us), 1667
[Intended-CLEANUP], 50thPercentileLatency(us), 14
[Intended-CLEANUP], 95thPercentileLatency(us), 1373
[Intended-CLEANUP], 99thPercentileLatency(us), 1582
[Intended-CLEANUP], 99.9PercentileLatency(us), 1667
[Intended-CLEANUP], 99.99PercentileLatency(us), 1667
[Intended-UPDATE], Operations, 1499742
[Intended-UPDATE], AverageLatency(us), 292.2597733476825
[Intended-UPDATE], MinLatency(us), 168
[Intended-UPDATE], MaxLatency(us), 62303
[Intended-UPDATE], 50thPercentileLatency(us), 280
[Intended-UPDATE], 95thPercentileLatency(us), 375
[Intended-UPDATE], 99thPercentileLatency(us), 460
[Intended-UPDATE], 99.9PercentileLatency(us), 966
[Intended-UPDATE], 99.99PercentileLatency(us), 6759
