java -cp /mnt/dev/YCSB-hreplace-dist/redis-binding/conf:/mnt/dev/YCSB-hreplace-dist/conf:/mnt/dev/YCSB-hreplace-dist/lib/htrace-core4-4.1.0-incubating.jar:/mnt/dev/YCSB-hreplace-dist/lib/slf4j-api-1.7.25.jar:/mnt/dev/YCSB-hreplace-dist/lib/jackson-mapper-asl-1.9.4.jar:/mnt/dev/YCSB-hreplace-dist/lib/HdrHistogram-2.1.12.jar:/mnt/dev/YCSB-hreplace-dist/lib/jackson-core-asl-1.9.4.jar:/mnt/dev/YCSB-hreplace-dist/lib/jedis-3.9.0.jar:/mnt/dev/YCSB-hreplace-dist/lib/core-0.18.0-SNAPSHOT.jar:/mnt/dev/YCSB-hreplace-dist/lib/commons-pool2-2.11.1.jar:/mnt/dev/YCSB-hreplace-dist/lib/redis-binding-0.18.0-SNAPSHOT.jar site.ycsb.Client -db site.ycsb.db.RedisClient -s -threads 256 -P /mnt/dev/YCSB-hreplace-dist/workloads/workloada -target 100000 -p recordcount=102000000000 -p operationcount=2000000000 -p fieldcount=10 -p fieldlength=128 -p fieldlengthdistribution=constant -p readallfields=true -p writeallfields=true -p insertorder=hashed -p requestdistribution=uniform -p readproportion=0.95 -p updateproportion=0 -p insertproportion=0.05 -p scanproportion=0 -p readmodifywriteproportion=0 -p measurementtype=hdrhistogram -p measurement.interval=both -p hdrhistogram.percentiles=50,95,99,99.9,99.99 -p status.interval=10 -p maxexecutiontime=300 -p insertstart=0 -p insertcount=100000000 -p redis.host=172.16.0.4 -p redis.port=16379 -p redis.scanindex=none -p redis.timeout=10000 -p redis.cluster=false -p redis.updatecommand=keylane.hreplace -t
Command line: -db site.ycsb.db.RedisClient -s -threads 256 -P /mnt/dev/YCSB-hreplace-dist/workloads/workloada -target 100000 -p recordcount=102000000000 -p operationcount=2000000000 -p fieldcount=10 -p fieldlength=128 -p fieldlengthdistribution=constant -p readallfields=true -p writeallfields=true -p insertorder=hashed -p requestdistribution=uniform -p readproportion=0.95 -p updateproportion=0 -p insertproportion=0.05 -p scanproportion=0 -p readmodifywriteproportion=0 -p measurementtype=hdrhistogram -p measurement.interval=both -p hdrhistogram.percentiles=50,95,99,99.9,99.99 -p status.interval=10 -p maxexecutiontime=300 -p insertstart=0 -p insertcount=100000000 -p redis.host=172.16.0.4 -p redis.port=16379 -p redis.scanindex=none -p redis.timeout=10000 -p redis.cluster=false -p redis.updatecommand=keylane.hreplace -t
YCSB Client 0.18.0-SNAPSHOT

Loading workload...
Starting test.
SLF4J: Failed to load class "org.slf4j.impl.StaticLoggerBinder".
SLF4J: Defaulting to no-operation (NOP) logger implementation
SLF4J: See http://www.slf4j.org/codes.html#StaticLoggerBinder for further details.
Maximum execution time specified as: 300 secs
2026-09-14 16:32:34:726 0 sec: 0 operations; est completion in 0 second 
DBWrapper: report latency for each error is false and specific error codes to track for latency are: []
2026-09-14 16:32:44:676 10 sec: 993110 operations; 99311 current ops/sec; est completion in 5 hours 35 minutes [READ: Count=943527, Max=20095, Min=208, Avg=304.08, 50=289, 90=350, 99=522, 99.9=1463, 99.99=11743] [INSERT: Count=49668, Max=22191, Min=160, Avg=238.54, 50=218, 90=286, 99=475, 99.9=2149, 99.99=12199] [Intended-READ: Count=944061, Max=108287, Min=222, Avg=648.1, 50=348, 90=411, 99=1765, 99.9=64159, 99.99=93247] [Intended-INSERT: Count=49685, Max=98687, Min=179, Avg=586.04, 50=278, 90=347, 99=1888, 99.9=64095, 99.99=93439] 
2026-09-14 16:32:54:676 20 sec: 1993094 operations; 99998.4 current ops/sec; est completion in 5 hours 34 minutes [READ: Count=949822, Max=5299, Min=208, Avg=298.64, 50=289, 90=348, 99=468, 99.9=898, 99.99=1920] [INSERT: Count=50141, Max=5047, Min=160, Avg=230.04, 50=218, 90=284, 99=403, 99.9=891, 99.99=1911] [Intended-READ: Count=949481, Max=5671, Min=231, Avg=358.71, 50=348, 90=408, 99=549, 99.9=1228, 99.99=3359] [Intended-INSERT: Count=50135, Max=5583, Min=182, Avg=290.55, 50=278, 90=343, 99=480, 99.9=1289, 99.99=4019] 
2026-09-14 16:33:04:675 30 sec: 2993096 operations; 100000.2 current ops/sec; est completion in 5 hours 33 minutes [READ: Count=950016, Max=5279, Min=210, Avg=297.98, 50=289, 90=347, 99=457, 99.9=639, 99.99=1338] [INSERT: Count=49969, Max=4259, Min=158, Avg=229.26, 50=218, 90=282, 99=399, 99.9=549, 99.99=1321] [Intended-READ: Count=950045, Max=5295, Min=234, Avg=357, 50=348, 90=407, 99=528, 99.9=1035, 99.99=2397] [Intended-INSERT: Count=49966, Max=4319, Min=184, Avg=288.5, 50=278, 90=341, 99=467, 99.9=921, 99.99=1667] 
2026-09-14 16:33:14:675 40 sec: 3993101 operations; 100000.5 current ops/sec; est completion in 5 hours 33 minutes [READ: Count=949998, Max=1666, Min=208, Avg=297.34, 50=289, 90=347, 99=453, 99.9=622, 99.99=1073] [INSERT: Count=50007, Max=1202, Min=157, Avg=229.05, 50=218, 90=282, 99=394, 99.9=533, 99.99=1000] [Intended-READ: Count=949852, Max=1730, Min=231, Avg=356.05, 50=347, 90=406, 99=520, 99.9=949, 99.99=1245] [Intended-INSERT: Count=50003, Max=1264, Min=183, Avg=287.94, 50=278, 90=342, 99=460, 99.9=886, 99.99=1164] 
2026-09-14 16:33:24:675 50 sec: 4993106 operations; 100000.5 current ops/sec; est completion in 5 hours 32 minutes [READ: Count=950087, Max=1480, Min=201, Avg=297.74, 50=289, 90=348, 99=455, 99.9=623, 99.99=1048] [INSERT: Count=49909, Max=1340, Min=155, Avg=229.2, 50=219, 90=283, 99=391, 99.9=544, 99.99=1103] [Intended-READ: Count=950212, Max=1539, Min=229, Avg=356.45, 50=348, 90=407, 99=522, 99.9=949, 99.99=1178] [Intended-INSERT: Count=49913, Max=1398, Min=179, Avg=288.18, 50=278, 90=342, 99=458, 99.9=867, 99.99=1290] 
2026-09-14 16:33:34:675 60 sec: 5993091 operations; 99998.5 current ops/sec; est completion in 5 hours 32 minutes [READ: Count=950078, Max=1510, Min=206, Avg=296.29, 50=288, 90=343, 99=448, 99.9=618, 99.99=1078] [INSERT: Count=49932, Max=1473, Min=159, Avg=228.12, 50=218, 90=278, 99=386, 99.9=533, 99.99=977] [Intended-READ: Count=949961, Max=1593, Min=228, Avg=355.09, 50=347, 90=403, 99=516, 99.9=982, 99.99=1207] [Intended-INSERT: Count=49929, Max=1535, Min=176, Avg=287.22, 50=278, 90=337, 99=453, 99.9=882, 99.99=1130] 
2026-09-14 16:33:44:675 70 sec: 6993095 operations; 100000.4 current ops/sec; est completion in 5 hours 32 minutes [READ: Count=950166, Max=1444, Min=205, Avg=296.13, 50=288, 90=343, 99=444, 99.9=611, 99.99=1029] [INSERT: Count=49813, Max=1280, Min=159, Avg=228, 50=218, 90=277, 99=382, 99.9=543, 99.99=994] [Intended-READ: Count=950171, Max=1836, Min=228, Avg=354.95, 50=347, 90=403, 99=511, 99.9=953, 99.99=1157] [Intended-INSERT: Count=49811, Max=1336, Min=179, Avg=287.14, 50=278, 90=337, 99=449, 99.9=865, 99.99=1095] 
2026-09-14 16:33:54:675 80 sec: 7993101 operations; 100000.6 current ops/sec; est completion in 5 hours 32 minutes [READ: Count=949994, Max=1676, Min=206, Avg=296.45, 50=288, 90=344, 99=448, 99.9=616, 99.99=1081] [INSERT: Count=50019, Max=1462, Min=156, Avg=228.58, 50=218, 90=279, 99=391, 99.9=531, 99.99=944] [Intended-READ: Count=949980, Max=1737, Min=227, Avg=355.19, 50=347, 90=403, 99=516, 99.9=948, 99.99=1222] [Intended-INSERT: Count=50022, Max=1520, Min=181, Avg=287.55, 50=278, 90=338, 99=457, 99.9=855, 99.99=1168] 
2026-09-14 16:34:04:675 90 sec: 8993102 operations; 100000.1 current ops/sec; est completion in 5 hours 32 minutes [READ: Count=950017, Max=1598, Min=211, Avg=297.46, 50=289, 90=347, 99=450, 99.9=619, 99.99=1094] [INSERT: Count=49974, Max=1524, Min=158, Avg=229.53, 50=219, 90=283, 99=390, 99.9=547, 99.99=1156] [Intended-READ: Count=950117, Max=1658, Min=229, Avg=356.2, 50=348, 90=407, 99=518, 99.9=963, 99.99=1225] [Intended-INSERT: Count=49971, Max=1581, Min=176, Avg=288.75, 50=278, 90=342, 99=459, 99.9=924, 99.99=1228] 
2026-09-14 16:34:14:675 100 sec: 9993092 operations; 99999 current ops/sec; est completion in 5 hours 31 minutes [READ: Count=949933, Max=1526, Min=199, Avg=296.99, 50=288, 90=346, 99=452, 99.9=623, 99.99=1065] [INSERT: Count=50055, Max=1360, Min=157, Avg=229.22, 50=219, 90=282, 99=391, 99.9=534, 99.99=954] [Intended-READ: Count=949824, Max=1587, Min=230, Avg=355.72, 50=347, 90=405, 99=520, 99.9=958, 99.99=1196] [Intended-INSERT: Count=50055, Max=1419, Min=179, Avg=288.26, 50=278, 90=341, 99=459, 99.9=829, 99.99=1117] 
2026-09-14 16:34:24:675 110 sec: 10993095 operations; 100000.3 current ops/sec; est completion in 5 hours 31 minutes [READ: Count=949990, Max=5899, Min=191, Avg=298.12, 50=289, 90=349, 99=454, 99.9=621, 99.99=1072] [INSERT: Count=50016, Max=5095, Min=157, Avg=230.42, 50=220, 90=286, 99=391, 99.9=536, 99.99=1046] [Intended-READ: Count=950011, Max=5959, Min=228, Avg=356.83, 50=348, 90=408, 99=521, 99.9=953, 99.99=1218] [Intended-INSERT: Count=50018, Max=5111, Min=182, Avg=289.44, 50=279, 90=345, 99=458, 99.9=862, 99.99=1306] 
2026-09-14 16:34:34:675 120 sec: 11993101 operations; 100000.6 current ops/sec; est completion in 5 hours 31 minutes [READ: Count=949984, Max=1536, Min=209, Avg=297.14, 50=289, 90=346, 99=455, 99.9=626, 99.99=1068] [INSERT: Count=50018, Max=1260, Min=158, Avg=229.25, 50=219, 90=281, 99=393, 99.9=545, 99.99=1014] [Intended-READ: Count=950047, Max=1596, Min=230, Avg=355.87, 50=347, 90=405, 99=524, 99.9=955, 99.99=1194] [Intended-INSERT: Count=50021, Max=1319, Min=177, Avg=288.4, 50=278, 90=341, 99=463, 99.9=880, 99.99=1174] 
2026-09-14 16:34:44:675 130 sec: 12993100 operations; 99999.9 current ops/sec; est completion in 5 hours 31 minutes [READ: Count=949928, Max=1594, Min=198, Avg=297.31, 50=289, 90=346, 99=452, 99.9=622, 99.99=1089] [INSERT: Count=50065, Max=1288, Min=159, Avg=229.25, 50=219, 90=281, 99=389, 99.9=544, 99.99=1015] [Intended-READ: Count=949846, Max=1875, Min=232, Avg=356.12, 50=348, 90=406, 99=520, 99.9=937, 99.99=1221] [Intended-INSERT: Count=50061, Max=1316, Min=183, Avg=288.28, 50=278, 90=340, 99=455, 99.9=801, 99.99=1113] 
2026-09-14 16:34:54:675 140 sec: 13993092 operations; 99999.2 current ops/sec; est completion in 5 hours 31 minutes [READ: Count=949860, Max=1582, Min=210, Avg=297.22, 50=289, 90=346, 99=454, 99.9=623, 99.99=1081] [INSERT: Count=50140, Max=1398, Min=156, Avg=229.41, 50=219, 90=281, 99=391, 99.9=540, 99.99=1004] [Intended-READ: Count=949858, Max=1642, Min=231, Avg=355.93, 50=348, 90=405, 99=521, 99.9=934, 99.99=1210] [Intended-INSERT: Count=50137, Max=1457, Min=181, Avg=288.51, 50=278, 90=340, 99=458, 99.9=888, 99.99=1125] 
2026-09-14 16:35:04:675 150 sec: 14993102 operations; 100001 current ops/sec; est completion in 5 hours 31 minutes [READ: Count=950165, Max=1600, Min=210, Avg=297.56, 50=289, 90=347, 99=459, 99.9=624, 99.99=1061] [INSERT: Count=49834, Max=1271, Min=159, Avg=229.78, 50=219, 90=284, 99=396, 99.9=538, 99.99=1018] [Intended-READ: Count=950159, Max=1660, Min=226, Avg=356.28, 50=348, 90=406, 99=526, 99.9=956, 99.99=1195] [Intended-INSERT: Count=49837, Max=1335, Min=183, Avg=288.89, 50=279, 90=343, 99=462, 99.9=896, 99.99=1151] 
2026-09-14 16:35:14:675 160 sec: 15993099 operations; 99999.7 current ops/sec; est completion in 5 hours 30 minutes [READ: Count=949916, Max=1527, Min=209, Avg=297.69, 50=289, 90=347, 99=457, 99.9=625, 99.99=1094] [INSERT: Count=50085, Max=1215, Min=159, Avg=230.23, 50=219, 90=284, 99=399, 99.9=541, 99.99=986] [Intended-READ: Count=949908, Max=1594, Min=229, Avg=356.46, 50=348, 90=407, 99=526, 99.9=980, 99.99=1213] [Intended-INSERT: Count=50083, Max=1486, Min=177, Avg=289.26, 50=279, 90=343, 99=467, 99.9=932, 99.99=1140] 
2026-09-14 16:35:24:675 170 sec: 16993100 operations; 100000.1 current ops/sec; est completion in 5 hours 30 minutes [READ: Count=950109, Max=1494, Min=193, Avg=296.96, 50=289, 90=344, 99=451, 99.9=624, 99.99=1095] [INSERT: Count=49886, Max=1287, Min=157, Avg=229.11, 50=219, 90=279, 99=393, 99.9=542, 99.99=1047] [Intended-READ: Count=950109, Max=1556, Min=231, Avg=355.75, 50=348, 90=404, 99=520, 99.9=960, 99.99=1217] [Intended-INSERT: Count=49885, Max=1354, Min=183, Avg=288.12, 50=278, 90=338, 99=459, 99.9=909, 99.99=1113] 
2026-09-14 16:35:34:675 180 sec: 17993094 operations; 99999.4 current ops/sec; est completion in 5 hours 30 minutes [READ: Count=949723, Max=1590, Min=199, Avg=297.47, 50=289, 90=347, 99=456, 99.9=621, 99.99=1047] [INSERT: Count=50283, Max=1024, Min=156, Avg=229.34, 50=219, 90=281, 99=395, 99.9=540, 99.99=948] [Intended-READ: Count=949719, Max=1651, Min=232, Avg=356.19, 50=348, 90=406, 99=525, 99.9=938, 99.99=1195] [Intended-INSERT: Count=50285, Max=1225, Min=179, Avg=288.43, 50=278, 90=341, 99=462, 99.9=788, 99.99=1041] 
2026-09-14 16:35:44:675 190 sec: 18993095 operations; 100000.1 current ops/sec; est completion in 5 hours 30 minutes [READ: Count=950168, Max=2693, Min=209, Avg=296.97, 50=288, 90=345, 99=450, 99.9=624, 99.99=1110] [INSERT: Count=49820, Max=1415, Min=157, Avg=228.96, 50=219, 90=281, 99=382, 99.9=540, 99.99=1147] [Intended-READ: Count=950184, Max=3201, Min=229, Avg=355.84, 50=347, 90=405, 99=519, 99.9=964, 99.99=1270] [Intended-INSERT: Count=49819, Max=1482, Min=176, Avg=288.03, 50=278, 90=340, 99=451, 99.9=861, 99.99=1217] 
2026-09-14 16:35:54:675 200 sec: 19993101 operations; 100000.6 current ops/sec; est completion in 5 hours 30 minutes [READ: Count=950290, Max=1554, Min=208, Avg=297.26, 50=289, 90=346, 99=453, 99.9=622, 99.99=1073] [INSERT: Count=49738, Max=1428, Min=157, Avg=229.37, 50=219, 90=283, 99=395, 99.9=548, 99.99=1069] [Intended-READ: Count=950375, Max=1616, Min=230, Avg=355.96, 50=347, 90=406, 99=521, 99.9=933, 99.99=1200] [Intended-INSERT: Count=49738, Max=1496, Min=180, Avg=288.42, 50=278, 90=342, 99=462, 99.9=866, 99.99=1204] 
2026-09-14 16:36:04:675 210 sec: 20993100 operations; 99999.9 current ops/sec; est completion in 5 hours 29 minutes [READ: Count=949999, Max=1645, Min=207, Avg=297.33, 50=289, 90=346, 99=453, 99.9=622, 99.99=1177] [INSERT: Count=49979, Max=1676, Min=156, Avg=229.49, 50=219, 90=282, 99=389, 99.9=558, 99.99=1176] [Intended-READ: Count=949896, Max=1701, Min=231, Avg=356.15, 50=348, 90=406, 99=520, 99.9=998, 99.99=1301] [Intended-INSERT: Count=49982, Max=1740, Min=182, Avg=288.67, 50=279, 90=341, 99=455, 99.9=941, 99.99=1236] 
2026-09-14 16:36:14:675 220 sec: 21993092 operations; 99999.2 current ops/sec; est completion in 5 hours 29 minutes [READ: Count=950001, Max=1613, Min=206, Avg=296.62, 50=288, 90=345, 99=449, 99.9=619, 99.99=1104] [INSERT: Count=49998, Max=1446, Min=160, Avg=228.48, 50=218, 90=279, 99=385, 99.9=544, 99.99=1078] [Intended-READ: Count=950124, Max=1672, Min=229, Avg=355.28, 50=347, 90=404, 99=515, 99.9=928, 99.99=1227] [Intended-INSERT: Count=49995, Max=1520, Min=184, Avg=287.58, 50=278, 90=338, 99=453, 99.9=890, 99.99=1245] 
2026-09-14 16:36:24:675 230 sec: 22993099 operations; 100000.7 current ops/sec; est completion in 5 hours 29 minutes [READ: Count=949869, Max=1541, Min=205, Avg=297.38, 50=289, 90=346, 99=455, 99.9=624, 99.99=1131] [INSERT: Count=50130, Max=1271, Min=161, Avg=229.59, 50=219, 90=282, 99=393, 99.9=541, 99.99=1077] [Intended-READ: Count=949750, Max=1600, Min=224, Avg=356.25, 50=348, 90=406, 99=524, 99.9=986, 99.99=1254] [Intended-INSERT: Count=50128, Max=1335, Min=183, Avg=288.67, 50=278, 90=342, 99=460, 99.9=910, 99.99=1204] 
2026-09-14 16:36:34:675 240 sec: 23993101 operations; 100000.2 current ops/sec; est completion in 5 hours 29 minutes [READ: Count=950079, Max=1565, Min=184, Avg=296.21, 50=288, 90=343, 99=449, 99.9=619, 99.99=1108] [INSERT: Count=49925, Max=1338, Min=160, Avg=228.47, 50=219, 90=279, 99=386, 99.9=556, 99.99=1024] [Intended-READ: Count=950076, Max=1624, Min=228, Avg=354.95, 50=347, 90=403, 99=516, 99.9=930, 99.99=1218] [Intended-INSERT: Count=49929, Max=1401, Min=175, Avg=287.73, 50=278, 90=338, 99=459, 99.9=866, 99.99=1149] 
2026-09-14 16:36:44:675 250 sec: 24993103 operations; 100000.2 current ops/sec; est completion in 5 hours 29 minutes [READ: Count=949805, Max=2753, Min=199, Avg=297.22, 50=289, 90=346, 99=452, 99.9=621, 99.99=1160] [INSERT: Count=50193, Max=1461, Min=159, Avg=229.37, 50=219, 90=281, 99=394, 99.9=548, 99.99=1122] [Intended-READ: Count=949805, Max=3647, Min=230, Avg=356.07, 50=348, 90=406, 99=520, 99.9=979, 99.99=1293] [Intended-INSERT: Count=50192, Max=1491, Min=182, Avg=288.62, 50=278, 90=340, 99=464, 99.9=894, 99.99=1249] 
2026-09-14 16:36:54:676 260 sec: 25993086 operations; 99998.3 current ops/sec; est completion in 5 hours 29 minutes [READ: Count=950170, Max=1603, Min=209, Avg=297.32, 50=289, 90=346, 99=456, 99.9=624, 99.99=1113] [INSERT: Count=49840, Max=1578, Min=161, Avg=229.42, 50=219, 90=282, 99=394, 99.9=555, 99.99=1177] [Intended-READ: Count=950177, Max=1662, Min=231, Avg=356.14, 50=347, 90=406, 99=526, 99.9=993, 99.99=1244] [Intended-INSERT: Count=49838, Max=1636, Min=183, Avg=288.46, 50=278, 90=341, 99=464, 99.9=911, 99.99=1253] 
2026-09-14 16:37:04:675 270 sec: 26993096 operations; 100001 current ops/sec; est completion in 5 hours 28 minutes [READ: Count=950063, Max=1499, Min=207, Avg=296.67, 50=289, 90=344, 99=446, 99.9=617, 99.99=1073] [INSERT: Count=49935, Max=1259, Min=161, Avg=228.95, 50=219, 90=279, 99=384, 99.9=520, 99.99=1089] [Intended-READ: Count=950055, Max=2125, Min=228, Avg=355.44, 50=347, 90=404, 99=513, 99.9=964, 99.99=1200] [Intended-INSERT: Count=49939, Max=1318, Min=185, Avg=288, 50=278, 90=338, 99=454, 99.9=850, 99.99=1150] 
2026-09-14 16:37:14:675 280 sec: 27993100 operations; 100000.4 current ops/sec; est completion in 5 hours 28 minutes [READ: Count=950036, Max=1597, Min=201, Avg=297.42, 50=289, 90=347, 99=453, 99.9=622, 99.99=1123] [INSERT: Count=49960, Max=1196, Min=160, Avg=229.85, 50=219, 90=283, 99=394, 99.9=551, 99.99=1023] [Intended-READ: Count=950139, Max=1656, Min=228, Avg=356.21, 50=348, 90=406, 99=521, 99.9=962, 99.99=1249] [Intended-INSERT: Count=49957, Max=1376, Min=184, Avg=289.09, 50=279, 90=343, 99=466, 99.9=886, 99.99=1180] 
2026-09-14 16:37:24:675 290 sec: 28993104 operations; 100000.4 current ops/sec; est completion in 5 hours 28 minutes [READ: Count=949889, Max=1598, Min=204, Avg=297.08, 50=289, 90=346, 99=449, 99.9=620, 99.99=1083] [INSERT: Count=50109, Max=1171, Min=156, Avg=229.61, 50=219, 90=282, 99=391, 99.9=554, 99.99=1013] [Intended-READ: Count=949779, Max=1660, Min=230, Avg=355.82, 50=348, 90=405, 99=516, 99.9=945, 99.99=1226] [Intended-INSERT: Count=50107, Max=1238, Min=185, Avg=288.78, 50=279, 90=342, 99=457, 99.9=906, 99.99=1118] 
2026-09-14 16:37:34:675 300 sec: 29993093 operations; 99998.9 current ops/sec; est completion in 5 hours 28 minutes [READ: Count=949990, Max=1901, Min=193, Avg=297.31, 50=289, 90=346, 99=450, 99.9=619, 99.99=1127] [INSERT: Count=50001, Max=1181, Min=158, Avg=229.31, 50=219, 90=283, 99=388, 99.9=525, 99.99=975] [Intended-READ: Count=949996, Max=1969, Min=227, Avg=356.14, 50=348, 90=406, 99=518, 99.9=989, 99.99=1241] [Intended-INSERT: Count=50004, Max=1388, Min=184, Avg=288.38, 50=278, 90=342, 99=452, 99.9=816, 99.99=1146] 
Maximum time elapsed. Requesting stop for the workload.
Stop requested for workload. Now Joining!
2026-09-14 16:37:34:712 300 sec: 29996569 operations; 93945.95 current ops/sec; est completion in 5 hours 28 minutes [READ: Count=3260, Max=618, Min=223, Avg=299.14, 50=290, 90=353, 99=452, 99.9=574, 99.99=618] [CLEANUP: Count=256, Max=1941, Min=9, Avg=329.11, 50=14, 90=1449, 99=1813, 99.9=1941, 99.99=1941] [INSERT: Count=195, Max=491, Min=163, Avg=232.43, 50=220, 90=275, 99=410, 99.9=491, 99.99=491] [Intended-READ: Count=3215, Max=676, Min=250, Avg=357.79, 50=349, 90=412, 99=509, 99.9=639, 99.99=676] [Intended-CLEANUP: Count=256, Max=1941, Min=9, Avg=329.27, 50=14, 90=1449, 99=1813, 99.9=1941, 99.99=1941] [Intended-INSERT: Count=192, Max=551, Min=226, Avg=289.51, 50=279, 90=335, 99=474, 99.9=551, 99.99=551] 
[OVERALL], RunTime(ms), 300044
[OVERALL], Throughput(ops/sec), 99973.90049459413
[TOTAL_GCS_G1_Young_Generation], Count, 564
[TOTAL_GC_TIME_G1_Young_Generation], Time(ms), 385
[TOTAL_GC_TIME_%_G1_Young_Generation], Time(%), 0.12831451387129886
[TOTAL_GCS_G1_Old_Generation], Count, 0
[TOTAL_GC_TIME_G1_Old_Generation], Time(ms), 0
[TOTAL_GC_TIME_%_G1_Old_Generation], Time(%), 0.0
[TOTAL_GCs], Count, 564
[TOTAL_GC_TIME], Time(ms), 385
[TOTAL_GC_TIME_%], Time(%), 0.12831451387129886
[READ], Operations, 28496932
[READ], AverageLatency(us), 297.44289722135704
[READ], MinLatency(us), 184
[READ], MaxLatency(us), 20095
[READ], 50thPercentileLatency(us), 289
[READ], 95thPercentileLatency(us), 377
[READ], 99thPercentileLatency(us), 454
[READ], 99.9PercentileLatency(us), 636
[READ], 99.99PercentileLatency(us), 1241
[READ], Return=OK, 28496932
[CLEANUP], Operations, 256
[CLEANUP], AverageLatency(us), 329.10546875
[CLEANUP], MinLatency(us), 9
[CLEANUP], MaxLatency(us), 1941
[CLEANUP], 50thPercentileLatency(us), 14
[CLEANUP], 95thPercentileLatency(us), 1658
[CLEANUP], 99thPercentileLatency(us), 1813
[CLEANUP], 99.9PercentileLatency(us), 1941
[CLEANUP], 99.99PercentileLatency(us), 1941
[INSERT], Operations, 1499637
[INSERT], AverageLatency(us), 229.57303200707904
[INSERT], MinLatency(us), 155
[INSERT], MaxLatency(us), 22191
[INSERT], 50thPercentileLatency(us), 219
[INSERT], 95thPercentileLatency(us), 316
[INSERT], 99thPercentileLatency(us), 393
[INSERT], 99.9PercentileLatency(us), 557
[INSERT], 99.99PercentileLatency(us), 1280
[INSERT], Return=OK, 1499637
[Intended-READ], Operations, 28496932
[Intended-READ], AverageLatency(us), 365.7112658653921
[Intended-READ], MinLatency(us), 222
[Intended-READ], MaxLatency(us), 108287
[Intended-READ], 50thPercentileLatency(us), 347
[Intended-READ], 95thPercentileLatency(us), 437
[Intended-READ], 99thPercentileLatency(us), 524
[Intended-READ], 99.9PercentileLatency(us), 1042
[Intended-READ], 99.99PercentileLatency(us), 39199
[Intended-CLEANUP], Operations, 256
[Intended-CLEANUP], AverageLatency(us), 329.26953125
[Intended-CLEANUP], MinLatency(us), 9
[Intended-CLEANUP], MaxLatency(us), 1941
[Intended-CLEANUP], 50thPercentileLatency(us), 14
[Intended-CLEANUP], 95thPercentileLatency(us), 1658
[Intended-CLEANUP], 99thPercentileLatency(us), 1813
[Intended-CLEANUP], 99.9PercentileLatency(us), 1941
[Intended-CLEANUP], 99.99PercentileLatency(us), 1941
[Intended-INSERT], Operations, 1499637
[Intended-INSERT], AverageLatency(us), 298.2711409494431
[Intended-INSERT], MinLatency(us), 175
[Intended-INSERT], MaxLatency(us), 98687
[Intended-INSERT], 50thPercentileLatency(us), 278
[Intended-INSERT], 95thPercentileLatency(us), 377
[Intended-INSERT], 99thPercentileLatency(us), 462
[Intended-INSERT], 99.9PercentileLatency(us), 974
[Intended-INSERT], 99.99PercentileLatency(us), 40831
