java -cp /mnt/dev/YCSB-hreplace-dist/redis-binding/conf:/mnt/dev/YCSB-hreplace-dist/conf:/mnt/dev/YCSB-hreplace-dist/lib/htrace-core4-4.1.0-incubating.jar:/mnt/dev/YCSB-hreplace-dist/lib/slf4j-api-1.7.25.jar:/mnt/dev/YCSB-hreplace-dist/lib/jackson-mapper-asl-1.9.4.jar:/mnt/dev/YCSB-hreplace-dist/lib/HdrHistogram-2.1.12.jar:/mnt/dev/YCSB-hreplace-dist/lib/jackson-core-asl-1.9.4.jar:/mnt/dev/YCSB-hreplace-dist/lib/jedis-3.9.0.jar:/mnt/dev/YCSB-hreplace-dist/lib/core-0.18.0-SNAPSHOT.jar:/mnt/dev/YCSB-hreplace-dist/lib/commons-pool2-2.11.1.jar:/mnt/dev/YCSB-hreplace-dist/lib/redis-binding-0.18.0-SNAPSHOT.jar site.ycsb.Client -db site.ycsb.db.RedisClient -s -threads 256 -P /mnt/dev/YCSB-hreplace-dist/workloads/workloada -p recordcount=100000000 -p operationcount=5000000 -p fieldcount=10 -p fieldlength=128 -p fieldlengthdistribution=constant -p readallfields=true -p writeallfields=true -p insertorder=hashed -p requestdistribution=uniform -p readproportion=0.5 -p updateproportion=0.5 -p insertproportion=0 -p scanproportion=0 -p readmodifywriteproportion=0 -p measurementtype=hdrhistogram -p measurement.interval=both -p hdrhistogram.percentiles=50,95,99,99.9,99.99 -p status.interval=10 -p redis.host=172.16.0.4 -p redis.port=16379 -p redis.scanindex=none -p redis.timeout=10000 -p redis.cluster=false -p redis.updatecommand=hmset -t
Command line: -db site.ycsb.db.RedisClient -s -threads 256 -P /mnt/dev/YCSB-hreplace-dist/workloads/workloada -p recordcount=100000000 -p operationcount=5000000 -p fieldcount=10 -p fieldlength=128 -p fieldlengthdistribution=constant -p readallfields=true -p writeallfields=true -p insertorder=hashed -p requestdistribution=uniform -p readproportion=0.5 -p updateproportion=0.5 -p insertproportion=0 -p scanproportion=0 -p readmodifywriteproportion=0 -p measurementtype=hdrhistogram -p measurement.interval=both -p hdrhistogram.percentiles=50,95,99,99.9,99.99 -p status.interval=10 -p redis.host=172.16.0.4 -p redis.port=16379 -p redis.scanindex=none -p redis.timeout=10000 -p redis.cluster=false -p redis.updatecommand=hmset -t
YCSB Client 0.18.0-SNAPSHOT

Loading workload...
Starting test.
SLF4J: Failed to load class "org.slf4j.impl.StaticLoggerBinder".
SLF4J: Defaulting to no-operation (NOP) logger implementation
SLF4J: See http://www.slf4j.org/codes.html#StaticLoggerBinder for further details.
2026-09-13 14:17:20:902 0 sec: 0 operations; est completion in 0 second 
DBWrapper: report latency for each error is false and specific error codes to track for latency are: []
2026-09-13 14:17:30:864 10 sec: 3831823 operations; 383143.99 current ops/sec; est completion in 4 second [READ: Count=1915976, Max=83391, Min=190, Avg=647.98, 50=563, 90=836, 99=2979, 99.9=6775, 99.99=10855] [UPDATE: Count=1918072, Max=89151, Min=184, Avg=669.61, 50=580, 90=862, 99=3055, 99.9=6855, 99.99=11359] [Intended-READ: Count=1918660, Max=83391, Min=190, Avg=647.98, 50=563, 90=836, 99=2975, 99.9=6771, 99.99=10855] [Intended-UPDATE: Count=1919696, Max=89151, Min=184, Avg=669.61, 50=580, 90=862, 99=3053, 99.9=6855, 99.99=11359] 
2026-09-13 14:17:34:496 13 sec: 5000000 operations; 321546.11 current ops/sec; [READ: Count=583043, Max=13359, Min=204, Avg=609.78, 50=532, 90=801, 99=2665, 99.9=6487, 99.99=8863] [CLEANUP: Count=256, Max=741, Min=14, Avg=43.16, 50=27, 90=87, 99=146, 99.9=741, 99.99=741] [UPDATE: Count=582909, Max=11911, Min=207, Avg=626.31, 50=546, 90=820, 99=2803, 99.9=6471, 99.99=8575] [Intended-READ: Count=580359, Max=13359, Min=204, Avg=609.74, 50=531, 90=801, 99=2675, 99.9=6491, 99.99=8863] [Intended-CLEANUP: Count=256, Max=743, Min=14, Avg=43.7, 50=28, 90=92, 99=147, 99.9=743, 99.99=743] [Intended-UPDATE: Count=581285, Max=11911, Min=207, Avg=626.34, 50=546, 90=820, 99=2807, 99.9=6471, 99.99=8575] 
[OVERALL], RunTime(ms), 13633
[OVERALL], Throughput(ops/sec), 366757.1334262451
[TOTAL_GCS_G1_Young_Generation], Count, 115
[TOTAL_GC_TIME_G1_Young_Generation], Time(ms), 108
[TOTAL_GC_TIME_%_G1_Young_Generation], Time(%), 0.7921954082006895
[TOTAL_GCS_G1_Old_Generation], Count, 0
[TOTAL_GC_TIME_G1_Old_Generation], Time(ms), 0
[TOTAL_GC_TIME_%_G1_Old_Generation], Time(%), 0.0
[TOTAL_GCs], Count, 115
[TOTAL_GC_TIME], Time(ms), 108
[TOTAL_GC_TIME_%], Time(%), 0.7921954082006895
[READ], Operations, 2499019
[READ], AverageLatency(us), 639.0663668423489
[READ], MinLatency(us), 190
[READ], MaxLatency(us), 83391
[READ], 50thPercentileLatency(us), 556
[READ], 95thPercentileLatency(us), 974
[READ], 99thPercentileLatency(us), 2909
[READ], 99.9PercentileLatency(us), 6711
[READ], 99.99PercentileLatency(us), 10191
[READ], Return=OK, 2499019
[CLEANUP], Operations, 256
[CLEANUP], AverageLatency(us), 43.15625
[CLEANUP], MinLatency(us), 14
[CLEANUP], MaxLatency(us), 741
[CLEANUP], 50thPercentileLatency(us), 27
[CLEANUP], 95thPercentileLatency(us), 104
[CLEANUP], 99thPercentileLatency(us), 146
[CLEANUP], 99.9PercentileLatency(us), 741
[CLEANUP], 99.99PercentileLatency(us), 741
[UPDATE], Operations, 2500981
[UPDATE], AverageLatency(us), 659.5145021093723
[UPDATE], MinLatency(us), 184
[UPDATE], MaxLatency(us), 89151
[UPDATE], 50thPercentileLatency(us), 572
[UPDATE], 95thPercentileLatency(us), 1009
[UPDATE], 99thPercentileLatency(us), 3003
[UPDATE], 99.9PercentileLatency(us), 6763
[UPDATE], 99.99PercentileLatency(us), 10479
[UPDATE], Return=OK, 2500981
[Intended-READ], Operations, 2499019
[Intended-READ], AverageLatency(us), 639.0990312598664
[Intended-READ], MinLatency(us), 190
[Intended-READ], MaxLatency(us), 83391
[Intended-READ], 50thPercentileLatency(us), 556
[Intended-READ], 95thPercentileLatency(us), 974
[Intended-READ], 99thPercentileLatency(us), 2909
[Intended-READ], 99.9PercentileLatency(us), 6711
[Intended-READ], 99.99PercentileLatency(us), 10191
[Intended-CLEANUP], Operations, 256
[Intended-CLEANUP], AverageLatency(us), 43.6953125
[Intended-CLEANUP], MinLatency(us), 14
[Intended-CLEANUP], MaxLatency(us), 743
[Intended-CLEANUP], 50thPercentileLatency(us), 28
[Intended-CLEANUP], 95thPercentileLatency(us), 105
[Intended-CLEANUP], 99thPercentileLatency(us), 147
[Intended-CLEANUP], 99.9PercentileLatency(us), 743
[Intended-CLEANUP], 99.99PercentileLatency(us), 743
[Intended-UPDATE], Operations, 2500981
[Intended-UPDATE], AverageLatency(us), 659.5483524265078
[Intended-UPDATE], MinLatency(us), 184
[Intended-UPDATE], MaxLatency(us), 89151
[Intended-UPDATE], 50thPercentileLatency(us), 572
[Intended-UPDATE], 95thPercentileLatency(us), 1009
[Intended-UPDATE], 99thPercentileLatency(us), 3003
[Intended-UPDATE], 99.9PercentileLatency(us), 6763
[Intended-UPDATE], 99.99PercentileLatency(us), 10479
