java -cp /mnt/dev/YCSB-hreplace-dist/redis-binding/conf:/mnt/dev/YCSB-hreplace-dist/conf:/mnt/dev/YCSB-hreplace-dist/lib/htrace-core4-4.1.0-incubating.jar:/mnt/dev/YCSB-hreplace-dist/lib/slf4j-api-1.7.25.jar:/mnt/dev/YCSB-hreplace-dist/lib/jackson-mapper-asl-1.9.4.jar:/mnt/dev/YCSB-hreplace-dist/lib/HdrHistogram-2.1.12.jar:/mnt/dev/YCSB-hreplace-dist/lib/jackson-core-asl-1.9.4.jar:/mnt/dev/YCSB-hreplace-dist/lib/jedis-3.9.0.jar:/mnt/dev/YCSB-hreplace-dist/lib/core-0.18.0-SNAPSHOT.jar:/mnt/dev/YCSB-hreplace-dist/lib/commons-pool2-2.11.1.jar:/mnt/dev/YCSB-hreplace-dist/lib/redis-binding-0.18.0-SNAPSHOT.jar site.ycsb.Client -db site.ycsb.db.RedisClient -s -threads 256 -P /mnt/dev/YCSB-hreplace-dist/workloads/workloada -p recordcount=100000000 -p operationcount=1000000 -p fieldcount=10 -p fieldlength=128 -p fieldlengthdistribution=constant -p readallfields=true -p writeallfields=true -p insertorder=hashed -p requestdistribution=uniform -p readproportion=1 -p updateproportion=0 -p insertproportion=0 -p scanproportion=0 -p readmodifywriteproportion=0 -p measurementtype=hdrhistogram -p measurement.interval=both -p hdrhistogram.percentiles=50,95,99,99.9,99.99 -p status.interval=10 -p redis.host=172.16.0.4 -p redis.port=16379 -p redis.scanindex=none -p redis.timeout=10000 -p redis.cluster=false -p redis.updatecommand=hmset -t
Command line: -db site.ycsb.db.RedisClient -s -threads 256 -P /mnt/dev/YCSB-hreplace-dist/workloads/workloada -p recordcount=100000000 -p operationcount=1000000 -p fieldcount=10 -p fieldlength=128 -p fieldlengthdistribution=constant -p readallfields=true -p writeallfields=true -p insertorder=hashed -p requestdistribution=uniform -p readproportion=1 -p updateproportion=0 -p insertproportion=0 -p scanproportion=0 -p readmodifywriteproportion=0 -p measurementtype=hdrhistogram -p measurement.interval=both -p hdrhistogram.percentiles=50,95,99,99.9,99.99 -p status.interval=10 -p redis.host=172.16.0.4 -p redis.port=16379 -p redis.scanindex=none -p redis.timeout=10000 -p redis.cluster=false -p redis.updatecommand=hmset -t
YCSB Client 0.18.0-SNAPSHOT

Loading workload...
Starting test.
SLF4J: Failed to load class "org.slf4j.impl.StaticLoggerBinder".
SLF4J: Defaulting to no-operation (NOP) logger implementation
SLF4J: See http://www.slf4j.org/codes.html#StaticLoggerBinder for further details.
2026-09-13 13:37:25:152 0 sec: 0 operations; est completion in 0 second 
DBWrapper: report latency for each error is false and specific error codes to track for latency are: []
2026-09-13 13:37:27:462 2 sec: 1000000 operations; 416493.13 current ops/sec; [READ: Count=1000000, Max=44415, Min=226, Avg=541.19, 50=497, 90=653, 99=1621, 99.9=4627, 99.99=22127] [CLEANUP: Count=256, Max=877, Min=12, Avg=32.2, 50=22, 90=51, 99=161, 99.9=877, 99.99=877] [Intended-READ: Count=1000000, Max=44415, Min=226, Avg=541.23, 50=497, 90=653, 99=1621, 99.9=4627, 99.99=22127] [Intended-CLEANUP: Count=256, Max=881, Min=13, Avg=32.59, 50=23, 90=51, 99=162, 99.9=881, 99.99=881] 
[OVERALL], RunTime(ms), 2400
[OVERALL], Throughput(ops/sec), 416666.6666666667
[TOTAL_GCS_G1_Young_Generation], Count, 18
[TOTAL_GC_TIME_G1_Young_Generation], Time(ms), 24
[TOTAL_GC_TIME_%_G1_Young_Generation], Time(%), 1.0
[TOTAL_GCS_G1_Old_Generation], Count, 0
[TOTAL_GC_TIME_G1_Old_Generation], Time(ms), 0
[TOTAL_GC_TIME_%_G1_Old_Generation], Time(%), 0.0
[TOTAL_GCs], Count, 18
[TOTAL_GC_TIME], Time(ms), 24
[TOTAL_GC_TIME_%], Time(%), 1.0
[READ], Operations, 1000000
[READ], AverageLatency(us), 541.191385
[READ], MinLatency(us), 226
[READ], MaxLatency(us), 44415
[READ], 50thPercentileLatency(us), 497
[READ], 95thPercentileLatency(us), 732
[READ], 99thPercentileLatency(us), 1621
[READ], 99.9PercentileLatency(us), 4627
[READ], 99.99PercentileLatency(us), 22127
[READ], Return=OK, 1000000
[CLEANUP], Operations, 256
[CLEANUP], AverageLatency(us), 32.19921875
[CLEANUP], MinLatency(us), 12
[CLEANUP], MaxLatency(us), 877
[CLEANUP], 50thPercentileLatency(us), 22
[CLEANUP], 95thPercentileLatency(us), 62
[CLEANUP], 99thPercentileLatency(us), 161
[CLEANUP], 99.9PercentileLatency(us), 877
[CLEANUP], 99.99PercentileLatency(us), 877
[Intended-READ], Operations, 1000000
[Intended-READ], AverageLatency(us), 541.229261
[Intended-READ], MinLatency(us), 226
[Intended-READ], MaxLatency(us), 44415
[Intended-READ], 50thPercentileLatency(us), 497
[Intended-READ], 95thPercentileLatency(us), 733
[Intended-READ], 99thPercentileLatency(us), 1621
[Intended-READ], 99.9PercentileLatency(us), 4627
[Intended-READ], 99.99PercentileLatency(us), 22127
[Intended-CLEANUP], Operations, 256
[Intended-CLEANUP], AverageLatency(us), 32.59375
[Intended-CLEANUP], MinLatency(us), 13
[Intended-CLEANUP], MaxLatency(us), 881
[Intended-CLEANUP], 50thPercentileLatency(us), 23
[Intended-CLEANUP], 95thPercentileLatency(us), 62
[Intended-CLEANUP], 99thPercentileLatency(us), 162
[Intended-CLEANUP], 99.9PercentileLatency(us), 881
[Intended-CLEANUP], 99.99PercentileLatency(us), 881
