java -cp /mnt/dev/YCSB-hreplace-dist/redis-binding/conf:/mnt/dev/YCSB-hreplace-dist/conf:/mnt/dev/YCSB-hreplace-dist/lib/htrace-core4-4.1.0-incubating.jar:/mnt/dev/YCSB-hreplace-dist/lib/slf4j-api-1.7.25.jar:/mnt/dev/YCSB-hreplace-dist/lib/jackson-mapper-asl-1.9.4.jar:/mnt/dev/YCSB-hreplace-dist/lib/HdrHistogram-2.1.12.jar:/mnt/dev/YCSB-hreplace-dist/lib/jackson-core-asl-1.9.4.jar:/mnt/dev/YCSB-hreplace-dist/lib/jedis-3.9.0.jar:/mnt/dev/YCSB-hreplace-dist/lib/core-0.18.0-SNAPSHOT.jar:/mnt/dev/YCSB-hreplace-dist/lib/commons-pool2-2.11.1.jar:/mnt/dev/YCSB-hreplace-dist/lib/redis-binding-0.18.0-SNAPSHOT.jar site.ycsb.Client -db site.ycsb.db.RedisClient -s -threads 256 -P /mnt/dev/YCSB-hreplace-dist/workloads/workloada -p recordcount=100000000 -p operationcount=5000000 -p fieldcount=10 -p fieldlength=128 -p fieldlengthdistribution=constant -p readallfields=true -p writeallfields=true -p insertorder=hashed -p requestdistribution=uniform -p readproportion=1 -p updateproportion=0 -p insertproportion=0 -p scanproportion=0 -p readmodifywriteproportion=0 -p measurementtype=hdrhistogram -p measurement.interval=both -p hdrhistogram.percentiles=50,95,99,99.9,99.99 -p status.interval=10 -p redis.host=172.16.0.4 -p redis.port=16379 -p redis.scanindex=none -p redis.timeout=10000 -p redis.cluster=false -p redis.updatecommand=hmset -t
Command line: -db site.ycsb.db.RedisClient -s -threads 256 -P /mnt/dev/YCSB-hreplace-dist/workloads/workloada -p recordcount=100000000 -p operationcount=5000000 -p fieldcount=10 -p fieldlength=128 -p fieldlengthdistribution=constant -p readallfields=true -p writeallfields=true -p insertorder=hashed -p requestdistribution=uniform -p readproportion=1 -p updateproportion=0 -p insertproportion=0 -p scanproportion=0 -p readmodifywriteproportion=0 -p measurementtype=hdrhistogram -p measurement.interval=both -p hdrhistogram.percentiles=50,95,99,99.9,99.99 -p status.interval=10 -p redis.host=172.16.0.4 -p redis.port=16379 -p redis.scanindex=none -p redis.timeout=10000 -p redis.cluster=false -p redis.updatecommand=hmset -t
YCSB Client 0.18.0-SNAPSHOT

Loading workload...
Starting test.
SLF4J: Failed to load class "org.slf4j.impl.StaticLoggerBinder".
SLF4J: Defaulting to no-operation (NOP) logger implementation
SLF4J: See http://www.slf4j.org/codes.html#StaticLoggerBinder for further details.
2026-09-13 14:05:04:048 0 sec: 0 operations; est completion in 0 second 
DBWrapper: report latency for each error is false and specific error codes to track for latency are: []
2026-09-13 14:05:14:000 10 sec: 4805262 operations; 480526.2 current ops/sec; est completion in 1 second [READ: Count=4805632, Max=84287, Min=229, Avg=522.14, 50=498, 90=644, 99=988, 99.9=3379, 99.99=7167] [CLEANUP: Count=71, Max=916, Min=19, Avg=76.75, 50=59, 90=111, 99=916, 99.9=916, 99.99=916] [Intended-READ: Count=4809641, Max=84287, Min=229, Avg=522.12, 50=497, 90=644, 99=988, 99.9=3377, 99.99=7167] [Intended-CLEANUP: Count=71, Max=916, Min=19, Avg=77.35, 50=60, 90=111, 99=916, 99.9=916, 99.99=916] 
2026-09-13 14:05:15:357 11 sec: 5000000 operations; 143400.59 current ops/sec; [READ: Count=194368, Max=6663, Min=220, Avg=408.59, 50=390, 90=499, 99=786, 99.9=2709, 99.99=4079] [CLEANUP: Count=185, Max=113, Min=14, Avg=27.57, 50=23, 90=45, 99=106, 99.9=113, 99.99=113] [Intended-READ: Count=190359, Max=6663, Min=221, Avg=407.66, 50=389, 90=497, 99=783, 99.9=2725, 99.99=4079] [Intended-CLEANUP: Count=185, Max=114, Min=14, Avg=28.02, 50=23, 90=45, 99=113, 99.9=114, 99.99=114] 
[OVERALL], RunTime(ms), 11357
[OVERALL], Throughput(ops/sec), 440257.11015232897
[TOTAL_GCS_G1_Young_Generation], Count, 64
[TOTAL_GC_TIME_G1_Young_Generation], Time(ms), 61
[TOTAL_GC_TIME_%_G1_Young_Generation], Time(%), 0.5371136743858413
[TOTAL_GCS_G1_Old_Generation], Count, 0
[TOTAL_GC_TIME_G1_Old_Generation], Time(ms), 0
[TOTAL_GC_TIME_%_G1_Old_Generation], Time(%), 0.0
[TOTAL_GCs], Count, 64
[TOTAL_GC_TIME], Time(ms), 61
[TOTAL_GC_TIME_%], Time(%), 0.5371136743858413
[READ], Operations, 5000000
[READ], AverageLatency(us), 517.7303242
[READ], MinLatency(us), 220
[READ], MaxLatency(us), 84287
[READ], 50thPercentileLatency(us), 494
[READ], 95thPercentileLatency(us), 699
[READ], 99thPercentileLatency(us), 982
[READ], 99.9PercentileLatency(us), 3357
[READ], 99.99PercentileLatency(us), 7051
[READ], Return=OK, 5000000
[CLEANUP], Operations, 256
[CLEANUP], AverageLatency(us), 41.20703125
[CLEANUP], MinLatency(us), 14
[CLEANUP], MaxLatency(us), 916
[CLEANUP], 50thPercentileLatency(us), 26
[CLEANUP], 95thPercentileLatency(us), 104
[CLEANUP], 99thPercentileLatency(us), 162
[CLEANUP], 99.9PercentileLatency(us), 916
[CLEANUP], 99.99PercentileLatency(us), 916
[Intended-READ], Operations, 5000000
[Intended-READ], AverageLatency(us), 517.7649046
[Intended-READ], MinLatency(us), 221
[Intended-READ], MaxLatency(us), 84287
[Intended-READ], 50thPercentileLatency(us), 494
[Intended-READ], 95thPercentileLatency(us), 699
[Intended-READ], 99thPercentileLatency(us), 982
[Intended-READ], 99.9PercentileLatency(us), 3357
[Intended-READ], 99.99PercentileLatency(us), 7051
[Intended-CLEANUP], Operations, 256
[Intended-CLEANUP], AverageLatency(us), 41.69921875
[Intended-CLEANUP], MinLatency(us), 14
[Intended-CLEANUP], MaxLatency(us), 916
[Intended-CLEANUP], 50thPercentileLatency(us), 27
[Intended-CLEANUP], 95thPercentileLatency(us), 108
[Intended-CLEANUP], 99thPercentileLatency(us), 163
[Intended-CLEANUP], 99.9PercentileLatency(us), 916
[Intended-CLEANUP], 99.99PercentileLatency(us), 916
