java -cp /mnt/dev/YCSB-hreplace-dist/redis-binding/conf:/mnt/dev/YCSB-hreplace-dist/conf:/mnt/dev/YCSB-hreplace-dist/lib/htrace-core4-4.1.0-incubating.jar:/mnt/dev/YCSB-hreplace-dist/lib/slf4j-api-1.7.25.jar:/mnt/dev/YCSB-hreplace-dist/lib/jackson-mapper-asl-1.9.4.jar:/mnt/dev/YCSB-hreplace-dist/lib/HdrHistogram-2.1.12.jar:/mnt/dev/YCSB-hreplace-dist/lib/jackson-core-asl-1.9.4.jar:/mnt/dev/YCSB-hreplace-dist/lib/jedis-3.9.0.jar:/mnt/dev/YCSB-hreplace-dist/lib/core-0.18.0-SNAPSHOT.jar:/mnt/dev/YCSB-hreplace-dist/lib/commons-pool2-2.11.1.jar:/mnt/dev/YCSB-hreplace-dist/lib/redis-binding-0.18.0-SNAPSHOT.jar site.ycsb.Client -db site.ycsb.db.RedisClient -s -threads 256 -P /mnt/dev/YCSB-hreplace-dist/workloads/workloada -target 100000 -p recordcount=100000000 -p operationcount=5000000 -p fieldcount=10 -p fieldlength=128 -p fieldlengthdistribution=constant -p readallfields=true -p writeallfields=true -p insertorder=hashed -p requestdistribution=uniform -p readproportion=1 -p updateproportion=0 -p insertproportion=0 -p scanproportion=0 -p readmodifywriteproportion=0 -p measurementtype=hdrhistogram -p measurement.interval=both -p hdrhistogram.percentiles=50,95,99,99.9,99.99 -p status.interval=10 -p redis.host=172.16.0.4 -p redis.port=16379 -p redis.scanindex=none -p redis.timeout=10000 -p redis.cluster=false -p redis.updatecommand=hmset -t
Command line: -db site.ycsb.db.RedisClient -s -threads 256 -P /mnt/dev/YCSB-hreplace-dist/workloads/workloada -target 100000 -p recordcount=100000000 -p operationcount=5000000 -p fieldcount=10 -p fieldlength=128 -p fieldlengthdistribution=constant -p readallfields=true -p writeallfields=true -p insertorder=hashed -p requestdistribution=uniform -p readproportion=1 -p updateproportion=0 -p insertproportion=0 -p scanproportion=0 -p readmodifywriteproportion=0 -p measurementtype=hdrhistogram -p measurement.interval=both -p hdrhistogram.percentiles=50,95,99,99.9,99.99 -p status.interval=10 -p redis.host=172.16.0.4 -p redis.port=16379 -p redis.scanindex=none -p redis.timeout=10000 -p redis.cluster=false -p redis.updatecommand=hmset -t
YCSB Client 0.18.0-SNAPSHOT

Loading workload...
Starting test.
SLF4J: Failed to load class "org.slf4j.impl.StaticLoggerBinder".
SLF4J: Defaulting to no-operation (NOP) logger implementation
SLF4J: See http://www.slf4j.org/codes.html#StaticLoggerBinder for further details.
2026-09-13 14:08:13:339 0 sec: 0 operations; est completion in 0 second 
DBWrapper: report latency for each error is false and specific error codes to track for latency are: []
2026-09-13 14:08:23:289 10 sec: 989904 operations; 98980.5 current ops/sec; est completion in 41 seconds [READ: Count=989960, Max=35135, Min=209, Avg=337.15, 50=320, 90=407, 99=533, 99.9=1160, 99.99=15775] [Intended-READ: Count=990436, Max=80511, Min=236, Avg=521.18, 50=379, 90=468, 99=718, 99.9=41663, 99.99=63871] 
2026-09-13 14:08:33:288 20 sec: 1989771 operations; 99996.7 current ops/sec; est completion in 31 seconds [READ: Count=999876, Max=5571, Min=212, Avg=336.1, 50=322, 90=408, 99=521, 99.9=1083, 99.99=3037] [Intended-READ: Count=999518, Max=5631, Min=234, Avg=394.73, 50=381, 90=467, 99=589, 99.9=1207, 99.99=3097] 
2026-09-13 14:08:43:288 30 sec: 2989784 operations; 100001.3 current ops/sec; est completion in 21 seconds [READ: Count=999976, Max=1887, Min=214, Avg=336.38, 50=324, 90=410, 99=518, 99.9=904, 99.99=1251] [Intended-READ: Count=999917, Max=1950, Min=235, Avg=394.84, 50=382, 90=469, 99=584, 99.9=1067, 99.99=1348] 
2026-09-13 14:08:53:288 40 sec: 3989768 operations; 99998.4 current ops/sec; est completion in 11 seconds [READ: Count=999987, Max=3585, Min=209, Avg=336.59, 50=324, 90=410, 99=516, 99.9=934, 99.99=1604] [Intended-READ: Count=1000135, Max=3647, Min=230, Avg=394.99, 50=383, 90=469, 99=581, 99.9=1100, 99.99=1675] 
2026-09-13 14:09:03:288 50 sec: 4989755 operations; 99998.7 current ops/sec; est completion in 1 second [READ: Count=1000000, Max=3951, Min=213, Avg=336.42, 50=324, 90=409, 99=518, 99.9=974, 99.99=2917] [Intended-READ: Count=999898, Max=4739, Min=226, Avg=394.9, 50=382, 90=468, 99=584, 99.9=1137, 99.99=2991] 
2026-09-13 14:09:03:410 50 sec: 5000000 operations; 83975.41 current ops/sec; [READ: Count=10201, Max=1048, Min=226, Avg=333.62, 50=322, 90=407, 99=500, 99.9=635, 99.99=954] [CLEANUP: Count=256, Max=734, Min=11, Avg=27.62, 50=16, 90=27, 99=403, 99.9=734, 99.99=734] [Intended-READ: Count=10096, Max=1112, Min=238, Avg=391.16, 50=381, 90=465, 99=559, 99.9=701, 99.99=1015] [Intended-CLEANUP: Count=256, Max=734, Min=11, Avg=27.83, 50=17, 90=27, 99=404, 99.9=734, 99.99=734] 
[OVERALL], RunTime(ms), 50121
[OVERALL], Throughput(ops/sec), 99758.58422617266
[TOTAL_GCS_G1_Young_Generation], Count, 91
[TOTAL_GC_TIME_G1_Young_Generation], Time(ms), 67
[TOTAL_GC_TIME_%_G1_Young_Generation], Time(%), 0.13367650286307137
[TOTAL_GCS_G1_Old_Generation], Count, 0
[TOTAL_GC_TIME_G1_Old_Generation], Time(ms), 0
[TOTAL_GC_TIME_%_G1_Old_Generation], Time(%), 0.0
[TOTAL_GCs], Count, 91
[TOTAL_GC_TIME], Time(ms), 67
[TOTAL_GC_TIME_%], Time(%), 0.13367650286307137
[READ], Operations, 5000000
[READ], AverageLatency(us), 336.5212958
[READ], MinLatency(us), 209
[READ], MaxLatency(us), 35135
[READ], 50thPercentileLatency(us), 323
[READ], 95thPercentileLatency(us), 439
[READ], 99thPercentileLatency(us), 521
[READ], 99.9PercentileLatency(us), 994
[READ], 99.99PercentileLatency(us), 2659
[READ], Return=OK, 5000000
[CLEANUP], Operations, 256
[CLEANUP], AverageLatency(us), 27.62109375
[CLEANUP], MinLatency(us), 11
[CLEANUP], MaxLatency(us), 734
[CLEANUP], 50thPercentileLatency(us), 16
[CLEANUP], 95thPercentileLatency(us), 45
[CLEANUP], 99thPercentileLatency(us), 403
[CLEANUP], 99.9PercentileLatency(us), 734
[CLEANUP], 99.99PercentileLatency(us), 734
[Intended-READ], Operations, 5000000
[Intended-READ], AverageLatency(us), 419.8812182
[Intended-READ], MinLatency(us), 226
[Intended-READ], MaxLatency(us), 80511
[Intended-READ], 50thPercentileLatency(us), 381
[Intended-READ], 95thPercentileLatency(us), 499
[Intended-READ], 99thPercentileLatency(us), 594
[Intended-READ], 99.9PercentileLatency(us), 3315
[Intended-READ], 99.99PercentileLatency(us), 50175
[Intended-CLEANUP], Operations, 256
[Intended-CLEANUP], AverageLatency(us), 27.828125
[Intended-CLEANUP], MinLatency(us), 11
[Intended-CLEANUP], MaxLatency(us), 734
[Intended-CLEANUP], 50thPercentileLatency(us), 17
[Intended-CLEANUP], 95thPercentileLatency(us), 45
[Intended-CLEANUP], 99thPercentileLatency(us), 404
[Intended-CLEANUP], 99.9PercentileLatency(us), 734
[Intended-CLEANUP], 99.99PercentileLatency(us), 734
