java -cp /mnt/dev/YCSB-hreplace-dist/redis-binding/conf:/mnt/dev/YCSB-hreplace-dist/conf:/mnt/dev/YCSB-hreplace-dist/lib/htrace-core4-4.1.0-incubating.jar:/mnt/dev/YCSB-hreplace-dist/lib/slf4j-api-1.7.25.jar:/mnt/dev/YCSB-hreplace-dist/lib/jackson-mapper-asl-1.9.4.jar:/mnt/dev/YCSB-hreplace-dist/lib/HdrHistogram-2.1.12.jar:/mnt/dev/YCSB-hreplace-dist/lib/jackson-core-asl-1.9.4.jar:/mnt/dev/YCSB-hreplace-dist/lib/jedis-3.9.0.jar:/mnt/dev/YCSB-hreplace-dist/lib/core-0.18.0-SNAPSHOT.jar:/mnt/dev/YCSB-hreplace-dist/lib/commons-pool2-2.11.1.jar:/mnt/dev/YCSB-hreplace-dist/lib/redis-binding-0.18.0-SNAPSHOT.jar site.ycsb.Client -db site.ycsb.db.RedisClient -s -threads 256 -P /mnt/dev/YCSB-hreplace-dist/workloads/workloada -p recordcount=100000000 -p operationcount=1000000 -p fieldcount=10 -p fieldlength=128 -p fieldlengthdistribution=constant -p readallfields=true -p writeallfields=true -p insertorder=hashed -p requestdistribution=uniform -p readproportion=1 -p updateproportion=0 -p insertproportion=0 -p scanproportion=0 -p readmodifywriteproportion=0 -p measurementtype=hdrhistogram -p measurement.interval=both -p hdrhistogram.percentiles=50,95,99,99.9,99.99 -p status.interval=10 -p redis.host=172.16.0.4 -p redis.port=16379 -p redis.scanindex=none -p redis.timeout=10000 -p redis.cluster=false -p redis.updatecommand=hmset -t
Command line: -db site.ycsb.db.RedisClient -s -threads 256 -P /mnt/dev/YCSB-hreplace-dist/workloads/workloada -p recordcount=100000000 -p operationcount=1000000 -p fieldcount=10 -p fieldlength=128 -p fieldlengthdistribution=constant -p readallfields=true -p writeallfields=true -p insertorder=hashed -p requestdistribution=uniform -p readproportion=1 -p updateproportion=0 -p insertproportion=0 -p scanproportion=0 -p readmodifywriteproportion=0 -p measurementtype=hdrhistogram -p measurement.interval=both -p hdrhistogram.percentiles=50,95,99,99.9,99.99 -p status.interval=10 -p redis.host=172.16.0.4 -p redis.port=16379 -p redis.scanindex=none -p redis.timeout=10000 -p redis.cluster=false -p redis.updatecommand=hmset -t
YCSB Client 0.18.0-SNAPSHOT

Loading workload...
Starting test.
SLF4J: Failed to load class "org.slf4j.impl.StaticLoggerBinder".
SLF4J: Defaulting to no-operation (NOP) logger implementation
SLF4J: See http://www.slf4j.org/codes.html#StaticLoggerBinder for further details.
2026-09-13 13:38:45:816 0 sec: 0 operations; est completion in 0 second 
DBWrapper: report latency for each error is false and specific error codes to track for latency are: []
2026-09-13 13:38:48:150 2 sec: 1000000 operations; 421229.99 current ops/sec; [READ: Count=1000000, Max=39391, Min=223, Avg=536.69, 50=503, 90=660, 99=1210, 99.9=4179, 99.99=18527] [CLEANUP: Count=256, Max=957, Min=12, Avg=32.41, 50=22, 90=49, 99=132, 99.9=957, 99.99=957] [Intended-READ: Count=1000000, Max=39391, Min=223, Avg=536.73, 50=503, 90=660, 99=1210, 99.9=4179, 99.99=18527] [Intended-CLEANUP: Count=256, Max=958, Min=13, Avg=32.8, 50=22, 90=49, 99=134, 99.9=958, 99.99=958] 
[OVERALL], RunTime(ms), 2373
[OVERALL], Throughput(ops/sec), 421407.50105351873
[TOTAL_GCS_G1_Young_Generation], Count, 17
[TOTAL_GC_TIME_G1_Young_Generation], Time(ms), 22
[TOTAL_GC_TIME_%_G1_Young_Generation], Time(%), 0.9270965023177412
[TOTAL_GCS_G1_Old_Generation], Count, 0
[TOTAL_GC_TIME_G1_Old_Generation], Time(ms), 0
[TOTAL_GC_TIME_%_G1_Old_Generation], Time(%), 0.0
[TOTAL_GCs], Count, 17
[TOTAL_GC_TIME], Time(ms), 22
[TOTAL_GC_TIME_%], Time(%), 0.9270965023177412
[READ], Operations, 1000000
[READ], AverageLatency(us), 536.691024
[READ], MinLatency(us), 223
[READ], MaxLatency(us), 39391
[READ], 50thPercentileLatency(us), 503
[READ], 95thPercentileLatency(us), 726
[READ], 99thPercentileLatency(us), 1210
[READ], 99.9PercentileLatency(us), 4179
[READ], 99.99PercentileLatency(us), 18527
[READ], Return=OK, 1000000
[CLEANUP], Operations, 256
[CLEANUP], AverageLatency(us), 32.4140625
[CLEANUP], MinLatency(us), 12
[CLEANUP], MaxLatency(us), 957
[CLEANUP], 50thPercentileLatency(us), 22
[CLEANUP], 95thPercentileLatency(us), 70
[CLEANUP], 99thPercentileLatency(us), 132
[CLEANUP], 99.9PercentileLatency(us), 957
[CLEANUP], 99.99PercentileLatency(us), 957
[Intended-READ], Operations, 1000000
[Intended-READ], AverageLatency(us), 536.728073
[Intended-READ], MinLatency(us), 223
[Intended-READ], MaxLatency(us), 39391
[Intended-READ], 50thPercentileLatency(us), 503
[Intended-READ], 95thPercentileLatency(us), 726
[Intended-READ], 99thPercentileLatency(us), 1210
[Intended-READ], 99.9PercentileLatency(us), 4179
[Intended-READ], 99.99PercentileLatency(us), 18527
[Intended-CLEANUP], Operations, 256
[Intended-CLEANUP], AverageLatency(us), 32.8046875
[Intended-CLEANUP], MinLatency(us), 13
[Intended-CLEANUP], MaxLatency(us), 958
[Intended-CLEANUP], 50thPercentileLatency(us), 22
[Intended-CLEANUP], 95thPercentileLatency(us), 70
[Intended-CLEANUP], 99thPercentileLatency(us), 134
[Intended-CLEANUP], 99.9PercentileLatency(us), 958
[Intended-CLEANUP], 99.99PercentileLatency(us), 958
