java -cp /mnt/dev/YCSB-hreplace-dist/redis-binding/conf:/mnt/dev/YCSB-hreplace-dist/conf:/mnt/dev/YCSB-hreplace-dist/lib/htrace-core4-4.1.0-incubating.jar:/mnt/dev/YCSB-hreplace-dist/lib/slf4j-api-1.7.25.jar:/mnt/dev/YCSB-hreplace-dist/lib/jackson-mapper-asl-1.9.4.jar:/mnt/dev/YCSB-hreplace-dist/lib/HdrHistogram-2.1.12.jar:/mnt/dev/YCSB-hreplace-dist/lib/jackson-core-asl-1.9.4.jar:/mnt/dev/YCSB-hreplace-dist/lib/jedis-3.9.0.jar:/mnt/dev/YCSB-hreplace-dist/lib/core-0.18.0-SNAPSHOT.jar:/mnt/dev/YCSB-hreplace-dist/lib/commons-pool2-2.11.1.jar:/mnt/dev/YCSB-hreplace-dist/lib/redis-binding-0.18.0-SNAPSHOT.jar site.ycsb.Client -db site.ycsb.db.RedisClient -s -threads 256 -P /mnt/dev/YCSB-hreplace-dist/workloads/workloada -p recordcount=100000000 -p operationcount=5000000 -p fieldcount=10 -p fieldlength=128 -p fieldlengthdistribution=constant -p readallfields=true -p writeallfields=true -p insertorder=hashed -p requestdistribution=uniform -p readproportion=0.5 -p updateproportion=0.5 -p insertproportion=0 -p scanproportion=0 -p readmodifywriteproportion=0 -p measurementtype=hdrhistogram -p measurement.interval=both -p hdrhistogram.percentiles=50,95,99,99.9,99.99 -p status.interval=10 -p redis.host=172.16.0.4 -p redis.port=16379 -p redis.scanindex=none -p redis.timeout=10000 -p redis.cluster=false -p redis.updatecommand=hmset -t
Command line: -db site.ycsb.db.RedisClient -s -threads 256 -P /mnt/dev/YCSB-hreplace-dist/workloads/workloada -p recordcount=100000000 -p operationcount=5000000 -p fieldcount=10 -p fieldlength=128 -p fieldlengthdistribution=constant -p readallfields=true -p writeallfields=true -p insertorder=hashed -p requestdistribution=uniform -p readproportion=0.5 -p updateproportion=0.5 -p insertproportion=0 -p scanproportion=0 -p readmodifywriteproportion=0 -p measurementtype=hdrhistogram -p measurement.interval=both -p hdrhistogram.percentiles=50,95,99,99.9,99.99 -p status.interval=10 -p redis.host=172.16.0.4 -p redis.port=16379 -p redis.scanindex=none -p redis.timeout=10000 -p redis.cluster=false -p redis.updatecommand=hmset -t
YCSB Client 0.18.0-SNAPSHOT

Loading workload...
Starting test.
SLF4J: Failed to load class "org.slf4j.impl.StaticLoggerBinder".
SLF4J: Defaulting to no-operation (NOP) logger implementation
SLF4J: See http://www.slf4j.org/codes.html#StaticLoggerBinder for further details.
2026-09-13 14:13:10:978 0 sec: 0 operations; est completion in 0 second 
DBWrapper: report latency for each error is false and specific error codes to track for latency are: []
2026-09-13 14:13:20:937 10 sec: 3875743 operations; 387574.3 current ops/sec; est completion in 3 second [READ: Count=1938263, Max=46527, Min=179, Avg=639.76, 50=562, 90=811, 99=2847, 99.9=6611, 99.99=14567] [UPDATE: Count=1938694, Max=45919, Min=186, Avg=657.96, 50=578, 90=831, 99=2913, 99.9=6675, 99.99=14271] [Intended-READ: Count=1939661, Max=46527, Min=179, Avg=639.96, 50=562, 90=811, 99=2859, 99.9=6615, 99.99=14567] [Intended-UPDATE: Count=1940167, Max=45919, Min=186, Avg=658.13, 50=577, 90=831, 99=2921, 99.9=6679, 99.99=14191] 
2026-09-13 14:13:24:471 13 sec: 5000000 operations; 318035.93 current ops/sec; [READ: Count=561983, Max=12479, Min=195, Avg=606.19, 50=536, 90=786, 99=2633, 99.9=6355, 99.99=9327] [CLEANUP: Count=256, Max=945, Min=14, Avg=41.47, 50=28, 90=79, 99=169, 99.9=945, 99.99=945] [UPDATE: Count=561060, Max=14335, Min=203, Avg=619.11, 50=549, 90=802, 99=2571, 99.9=6387, 99.99=9231] [Intended-READ: Count=560585, Max=12479, Min=195, Avg=605.56, 50=536, 90=786, 99=2581, 99.9=6343, 99.99=9255] [Intended-CLEANUP: Count=256, Max=946, Min=14, Avg=42.04, 50=29, 90=79, 99=170, 99.9=946, 99.99=946] [Intended-UPDATE: Count=559587, Max=14335, Min=203, Avg=618.6, 50=549, 90=801, 99=2537, 99.9=6351, 99.99=9039] 
[OVERALL], RunTime(ms), 13534
[OVERALL], Throughput(ops/sec), 369439.92906753364
[TOTAL_GCS_G1_Young_Generation], Count, 90
[TOTAL_GC_TIME_G1_Young_Generation], Time(ms), 105
[TOTAL_GC_TIME_%_G1_Young_Generation], Time(%), 0.7758238510418206
[TOTAL_GCS_G1_Old_Generation], Count, 0
[TOTAL_GC_TIME_G1_Old_Generation], Time(ms), 0
[TOTAL_GC_TIME_%_G1_Old_Generation], Time(%), 0.0
[TOTAL_GCs], Count, 90
[TOTAL_GC_TIME], Time(ms), 105
[TOTAL_GC_TIME_%], Time(%), 0.7758238510418206
[READ], Operations, 2500246
[READ], AverageLatency(us), 632.2122303165369
[READ], MinLatency(us), 179
[READ], MaxLatency(us), 46527
[READ], 50thPercentileLatency(us), 557
[READ], 95thPercentileLatency(us), 934
[READ], 99thPercentileLatency(us), 2803
[READ], 99.9PercentileLatency(us), 6547
[READ], 99.99PercentileLatency(us), 11559
[READ], Return=OK, 2500246
[CLEANUP], Operations, 256
[CLEANUP], AverageLatency(us), 41.47265625
[CLEANUP], MinLatency(us), 14
[CLEANUP], MaxLatency(us), 945
[CLEANUP], 50thPercentileLatency(us), 28
[CLEANUP], 95thPercentileLatency(us), 98
[CLEANUP], 99thPercentileLatency(us), 169
[CLEANUP], 99.9PercentileLatency(us), 945
[CLEANUP], 99.99PercentileLatency(us), 945
[UPDATE], Operations, 2499754
[UPDATE], AverageLatency(us), 649.2436667768109
[UPDATE], MinLatency(us), 186
[UPDATE], MaxLatency(us), 45919
[UPDATE], 50thPercentileLatency(us), 571
[UPDATE], 95thPercentileLatency(us), 960
[UPDATE], 99thPercentileLatency(us), 2837
[UPDATE], 99.9PercentileLatency(us), 6611
[UPDATE], 99.99PercentileLatency(us), 11935
[UPDATE], Return=OK, 2499754
[Intended-READ], Operations, 2500246
[Intended-READ], AverageLatency(us), 632.2452154707977
[Intended-READ], MinLatency(us), 179
[Intended-READ], MaxLatency(us), 46527
[Intended-READ], 50thPercentileLatency(us), 557
[Intended-READ], 95thPercentileLatency(us), 934
[Intended-READ], 99thPercentileLatency(us), 2803
[Intended-READ], 99.9PercentileLatency(us), 6547
[Intended-READ], 99.99PercentileLatency(us), 11559
[Intended-CLEANUP], Operations, 256
[Intended-CLEANUP], AverageLatency(us), 42.04296875
[Intended-CLEANUP], MinLatency(us), 14
[Intended-CLEANUP], MaxLatency(us), 946
[Intended-CLEANUP], 50thPercentileLatency(us), 29
[Intended-CLEANUP], 95thPercentileLatency(us), 99
[Intended-CLEANUP], 99thPercentileLatency(us), 170
[Intended-CLEANUP], 99.9PercentileLatency(us), 946
[Intended-CLEANUP], 99.99PercentileLatency(us), 946
[Intended-UPDATE], Operations, 2499754
[Intended-UPDATE], AverageLatency(us), 649.2778969450594
[Intended-UPDATE], MinLatency(us), 186
[Intended-UPDATE], MaxLatency(us), 45919
[Intended-UPDATE], 50thPercentileLatency(us), 571
[Intended-UPDATE], 95thPercentileLatency(us), 960
[Intended-UPDATE], 99thPercentileLatency(us), 2837
[Intended-UPDATE], 99.9PercentileLatency(us), 6611
[Intended-UPDATE], 99.99PercentileLatency(us), 11935
