java -cp /mnt/dev/YCSB-hreplace-dist/redis-binding/conf:/mnt/dev/YCSB-hreplace-dist/conf:/mnt/dev/YCSB-hreplace-dist/lib/htrace-core4-4.1.0-incubating.jar:/mnt/dev/YCSB-hreplace-dist/lib/slf4j-api-1.7.25.jar:/mnt/dev/YCSB-hreplace-dist/lib/jackson-mapper-asl-1.9.4.jar:/mnt/dev/YCSB-hreplace-dist/lib/HdrHistogram-2.1.12.jar:/mnt/dev/YCSB-hreplace-dist/lib/jackson-core-asl-1.9.4.jar:/mnt/dev/YCSB-hreplace-dist/lib/jedis-3.9.0.jar:/mnt/dev/YCSB-hreplace-dist/lib/core-0.18.0-SNAPSHOT.jar:/mnt/dev/YCSB-hreplace-dist/lib/commons-pool2-2.11.1.jar:/mnt/dev/YCSB-hreplace-dist/lib/redis-binding-0.18.0-SNAPSHOT.jar site.ycsb.Client -db site.ycsb.db.RedisClient -s -threads 256 -P /mnt/dev/YCSB-hreplace-dist/workloads/workloada -p recordcount=100000000 -p operationcount=5000000 -p fieldcount=10 -p fieldlength=128 -p fieldlengthdistribution=constant -p readallfields=true -p writeallfields=true -p insertorder=hashed -p requestdistribution=uniform -p readproportion=0.5 -p updateproportion=0.5 -p insertproportion=0 -p scanproportion=0 -p readmodifywriteproportion=0 -p measurementtype=hdrhistogram -p measurement.interval=both -p hdrhistogram.percentiles=50,95,99,99.9,99.99 -p status.interval=10 -p redis.host=172.16.0.4 -p redis.port=16379 -p redis.scanindex=none -p redis.timeout=10000 -p redis.cluster=false -p redis.updatecommand=hmset -t
Command line: -db site.ycsb.db.RedisClient -s -threads 256 -P /mnt/dev/YCSB-hreplace-dist/workloads/workloada -p recordcount=100000000 -p operationcount=5000000 -p fieldcount=10 -p fieldlength=128 -p fieldlengthdistribution=constant -p readallfields=true -p writeallfields=true -p insertorder=hashed -p requestdistribution=uniform -p readproportion=0.5 -p updateproportion=0.5 -p insertproportion=0 -p scanproportion=0 -p readmodifywriteproportion=0 -p measurementtype=hdrhistogram -p measurement.interval=both -p hdrhistogram.percentiles=50,95,99,99.9,99.99 -p status.interval=10 -p redis.host=172.16.0.4 -p redis.port=16379 -p redis.scanindex=none -p redis.timeout=10000 -p redis.cluster=false -p redis.updatecommand=hmset -t
YCSB Client 0.18.0-SNAPSHOT

Loading workload...
Starting test.
SLF4J: Failed to load class "org.slf4j.impl.StaticLoggerBinder".
SLF4J: Defaulting to no-operation (NOP) logger implementation
SLF4J: See http://www.slf4j.org/codes.html#StaticLoggerBinder for further details.
2026-09-13 14:14:34:218 0 sec: 0 operations; est completion in 0 second 
DBWrapper: report latency for each error is false and specific error codes to track for latency are: []
2026-09-13 14:14:44:163 10 sec: 3799191 operations; 379881.11 current ops/sec; est completion in 4 second [READ: Count=1898911, Max=106367, Min=192, Avg=651.66, 50=561, 90=827, 99=2987, 99.9=6859, 99.99=25551] [UPDATE: Count=1903128, Max=105279, Min=197, Avg=674.18, 50=578, 90=856, 99=3155, 99.9=6863, 99.99=12399] [Intended-READ: Count=1902355, Max=106367, Min=192, Avg=651.57, 50=561, 90=827, 99=2983, 99.9=6859, 99.99=25519] [Intended-UPDATE: Count=1905085, Max=105279, Min=197, Avg=674.14, 50=579, 90=856, 99=3153, 99.9=6863, 99.99=12399] 
2026-09-13 14:14:47:735 13 sec: 5000000 operations; 336172.73 current ops/sec; [READ: Count=601175, Max=12351, Min=178, Avg=609.2, 50=536, 90=792, 99=2627, 99.9=6419, 99.99=8671] [CLEANUP: Count=256, Max=958, Min=14, Avg=40.86, 50=28, 90=75, 99=134, 99.9=958, 99.99=958] [UPDATE: Count=596786, Max=11887, Min=179, Avg=623.04, 50=550, 90=808, 99=2559, 99.9=6387, 99.99=9095] [Intended-READ: Count=597731, Max=12351, Min=178, Avg=609.37, 50=536, 90=792, 99=2641, 99.9=6431, 99.99=8711] [Intended-CLEANUP: Count=256, Max=960, Min=14, Avg=41.36, 50=28, 90=75, 99=135, 99.9=960, 99.99=960] [Intended-UPDATE: Count=594829, Max=11887, Min=179, Avg=623.15, 50=550, 90=808, 99=2567, 99.9=6391, 99.99=9095] 
[OVERALL], RunTime(ms), 13572
[OVERALL], Throughput(ops/sec), 368405.5408193339
[TOTAL_GCS_G1_Young_Generation], Count, 115
[TOTAL_GC_TIME_G1_Young_Generation], Time(ms), 105
[TOTAL_GC_TIME_%_G1_Young_Generation], Time(%), 0.7736516357206012
[TOTAL_GCS_G1_Old_Generation], Count, 0
[TOTAL_GC_TIME_G1_Old_Generation], Time(ms), 0
[TOTAL_GC_TIME_%_G1_Old_Generation], Time(%), 0.0
[TOTAL_GCs], Count, 115
[TOTAL_GC_TIME], Time(ms), 105
[TOTAL_GC_TIME_%], Time(%), 0.7736516357206012
[READ], Operations, 2500086
[READ], AverageLatency(us), 641.4484665727499
[READ], MinLatency(us), 178
[READ], MaxLatency(us), 106367
[READ], 50thPercentileLatency(us), 555
[READ], 95thPercentileLatency(us), 966
[READ], 99thPercentileLatency(us), 2915
[READ], 99.9PercentileLatency(us), 6735
[READ], 99.99PercentileLatency(us), 15959
[READ], Return=OK, 2500086
[CLEANUP], Operations, 256
[CLEANUP], AverageLatency(us), 40.86328125
[CLEANUP], MinLatency(us), 14
[CLEANUP], MaxLatency(us), 958
[CLEANUP], 50thPercentileLatency(us), 28
[CLEANUP], 95thPercentileLatency(us), 98
[CLEANUP], 99thPercentileLatency(us), 134
[CLEANUP], 99.9PercentileLatency(us), 958
[CLEANUP], 99.99PercentileLatency(us), 958
[UPDATE], Operations, 2499914
[UPDATE], AverageLatency(us), 661.9731322757502
[UPDATE], MinLatency(us), 179
[UPDATE], MaxLatency(us), 105279
[UPDATE], 50thPercentileLatency(us), 572
[UPDATE], 95thPercentileLatency(us), 1012
[UPDATE], 99thPercentileLatency(us), 3047
[UPDATE], 99.9PercentileLatency(us), 6739
[UPDATE], 99.99PercentileLatency(us), 11151
[UPDATE], Return=OK, 2499914
[Intended-READ], Operations, 2500086
[Intended-READ], AverageLatency(us), 641.4817922263475
[Intended-READ], MinLatency(us), 178
[Intended-READ], MaxLatency(us), 106367
[Intended-READ], 50thPercentileLatency(us), 555
[Intended-READ], 95thPercentileLatency(us), 966
[Intended-READ], 99thPercentileLatency(us), 2915
[Intended-READ], 99.9PercentileLatency(us), 6735
[Intended-READ], 99.99PercentileLatency(us), 15959
[Intended-CLEANUP], Operations, 256
[Intended-CLEANUP], AverageLatency(us), 41.36328125
[Intended-CLEANUP], MinLatency(us), 14
[Intended-CLEANUP], MaxLatency(us), 960
[Intended-CLEANUP], 50thPercentileLatency(us), 28
[Intended-CLEANUP], 95thPercentileLatency(us), 98
[Intended-CLEANUP], 99thPercentileLatency(us), 135
[Intended-CLEANUP], 99.9PercentileLatency(us), 960
[Intended-CLEANUP], 99.99PercentileLatency(us), 960
[Intended-UPDATE], Operations, 2499914
[Intended-UPDATE], AverageLatency(us), 662.0064878231811
[Intended-UPDATE], MinLatency(us), 179
[Intended-UPDATE], MaxLatency(us), 105279
[Intended-UPDATE], 50thPercentileLatency(us), 572
[Intended-UPDATE], 95thPercentileLatency(us), 1012
[Intended-UPDATE], 99thPercentileLatency(us), 3047
[Intended-UPDATE], 99.9PercentileLatency(us), 6739
[Intended-UPDATE], 99.99PercentileLatency(us), 11151
