java -cp /mnt/dev/YCSB-hreplace-dist/redis-binding/conf:/mnt/dev/YCSB-hreplace-dist/conf:/mnt/dev/YCSB-hreplace-dist/lib/htrace-core4-4.1.0-incubating.jar:/mnt/dev/YCSB-hreplace-dist/lib/slf4j-api-1.7.25.jar:/mnt/dev/YCSB-hreplace-dist/lib/jackson-mapper-asl-1.9.4.jar:/mnt/dev/YCSB-hreplace-dist/lib/HdrHistogram-2.1.12.jar:/mnt/dev/YCSB-hreplace-dist/lib/jackson-core-asl-1.9.4.jar:/mnt/dev/YCSB-hreplace-dist/lib/jedis-3.9.0.jar:/mnt/dev/YCSB-hreplace-dist/lib/core-0.18.0-SNAPSHOT.jar:/mnt/dev/YCSB-hreplace-dist/lib/commons-pool2-2.11.1.jar:/mnt/dev/YCSB-hreplace-dist/lib/redis-binding-0.18.0-SNAPSHOT.jar site.ycsb.Client -db site.ycsb.db.RedisClient -s -threads 256 -P /mnt/dev/YCSB-hreplace-dist/workloads/workloada -target 100000 -p recordcount=100000000 -p operationcount=1000000 -p fieldcount=10 -p fieldlength=128 -p fieldlengthdistribution=constant -p readallfields=true -p writeallfields=true -p insertorder=hashed -p requestdistribution=uniform -p readproportion=1 -p updateproportion=0 -p insertproportion=0 -p scanproportion=0 -p readmodifywriteproportion=0 -p measurementtype=hdrhistogram -p measurement.interval=both -p hdrhistogram.percentiles=50,95,99,99.9,99.99 -p status.interval=10 -p redis.host=172.16.0.4 -p redis.port=16379 -p redis.scanindex=none -p redis.timeout=10000 -p redis.cluster=false -p redis.updatecommand=hmset -t
Command line: -db site.ycsb.db.RedisClient -s -threads 256 -P /mnt/dev/YCSB-hreplace-dist/workloads/workloada -target 100000 -p recordcount=100000000 -p operationcount=1000000 -p fieldcount=10 -p fieldlength=128 -p fieldlengthdistribution=constant -p readallfields=true -p writeallfields=true -p insertorder=hashed -p requestdistribution=uniform -p readproportion=1 -p updateproportion=0 -p insertproportion=0 -p scanproportion=0 -p readmodifywriteproportion=0 -p measurementtype=hdrhistogram -p measurement.interval=both -p hdrhistogram.percentiles=50,95,99,99.9,99.99 -p status.interval=10 -p redis.host=172.16.0.4 -p redis.port=16379 -p redis.scanindex=none -p redis.timeout=10000 -p redis.cluster=false -p redis.updatecommand=hmset -t
YCSB Client 0.18.0-SNAPSHOT

Loading workload...
Starting test.
SLF4J: Failed to load class "org.slf4j.impl.StaticLoggerBinder".
SLF4J: Defaulting to no-operation (NOP) logger implementation
SLF4J: See http://www.slf4j.org/codes.html#StaticLoggerBinder for further details.
2026-09-13 13:40:26:431 0 sec: 0 operations; est completion in 0 second 
DBWrapper: report latency for each error is false and specific error codes to track for latency are: []
2026-09-13 13:40:36:389 10 sec: 992703 operations; 99230.61 current ops/sec; est completion in 1 second [READ: Count=992773, Max=37439, Min=216, Avg=334.52, 50=316, 90=402, 99=539, 99.9=1322, 99.99=11335] [Intended-READ: Count=993151, Max=83327, Min=238, Avg=522.36, 50=375, 90=462, 99=839, 99.9=41535, 99.99=69247] 
2026-09-13 13:40:36:490 10 sec: 1000000 operations; 72970 current ops/sec; [READ: Count=7227, Max=1973, Min=226, Avg=331.17, 50=317, 90=403, 99=512, 99.9=949, 99.99=1973] [CLEANUP: Count=256, Max=666, Min=10, Avg=30.76, 50=16, 90=26, 99=564, 99.9=666, 99.99=666] [Intended-READ: Count=6849, Max=1996, Min=248, Avg=388.24, 50=375, 90=460, 99=573, 99.9=1057, 99.99=1996] [Intended-CLEANUP: Count=256, Max=667, Min=10, Avg=31.04, 50=16, 90=27, 99=564, 99.9=667, 99.99=667] 
[OVERALL], RunTime(ms), 10103
[OVERALL], Throughput(ops/sec), 98980.50084133426
[TOTAL_GCS_G1_Young_Generation], Count, 20
[TOTAL_GC_TIME_G1_Young_Generation], Time(ms), 21
[TOTAL_GC_TIME_%_G1_Young_Generation], Time(%), 0.20785905176680194
[TOTAL_GCS_G1_Old_Generation], Count, 0
[TOTAL_GC_TIME_G1_Old_Generation], Time(ms), 0
[TOTAL_GC_TIME_%_G1_Old_Generation], Time(%), 0.0
[TOTAL_GCs], Count, 20
[TOTAL_GC_TIME], Time(ms), 21
[TOTAL_GC_TIME_%], Time(%), 0.20785905176680194
[READ], Operations, 1000000
[READ], AverageLatency(us), 334.491836
[READ], MinLatency(us), 216
[READ], MaxLatency(us), 37439
[READ], 50thPercentileLatency(us), 316
[READ], 95thPercentileLatency(us), 432
[READ], 99thPercentileLatency(us), 539
[READ], 99.9PercentileLatency(us), 1319
[READ], 99.99PercentileLatency(us), 11023
[READ], Return=OK, 1000000
[CLEANUP], Operations, 256
[CLEANUP], AverageLatency(us), 30.7578125
[CLEANUP], MinLatency(us), 10
[CLEANUP], MaxLatency(us), 666
[CLEANUP], 50thPercentileLatency(us), 16
[CLEANUP], 95thPercentileLatency(us), 38
[CLEANUP], 99thPercentileLatency(us), 564
[CLEANUP], 99.9PercentileLatency(us), 666
[CLEANUP], 99.99PercentileLatency(us), 666
[Intended-READ], Operations, 1000000
[Intended-READ], AverageLatency(us), 521.437375
[Intended-READ], MinLatency(us), 238
[Intended-READ], MaxLatency(us), 83327
[Intended-READ], 50thPercentileLatency(us), 375
[Intended-READ], 95thPercentileLatency(us), 496
[Intended-READ], 99thPercentileLatency(us), 834
[Intended-READ], 99.9PercentileLatency(us), 41471
[Intended-READ], 99.99PercentileLatency(us), 69183
[Intended-CLEANUP], Operations, 256
[Intended-CLEANUP], AverageLatency(us), 31.0390625
[Intended-CLEANUP], MinLatency(us), 10
[Intended-CLEANUP], MaxLatency(us), 667
[Intended-CLEANUP], 50thPercentileLatency(us), 16
[Intended-CLEANUP], 95thPercentileLatency(us), 39
[Intended-CLEANUP], 99thPercentileLatency(us), 564
[Intended-CLEANUP], 99.9PercentileLatency(us), 667
[Intended-CLEANUP], 99.99PercentileLatency(us), 667
