java -cp /mnt/dev/YCSB-hreplace-dist/redis-binding/conf:/mnt/dev/YCSB-hreplace-dist/conf:/mnt/dev/YCSB-hreplace-dist/lib/htrace-core4-4.1.0-incubating.jar:/mnt/dev/YCSB-hreplace-dist/lib/slf4j-api-1.7.25.jar:/mnt/dev/YCSB-hreplace-dist/lib/jackson-mapper-asl-1.9.4.jar:/mnt/dev/YCSB-hreplace-dist/lib/HdrHistogram-2.1.12.jar:/mnt/dev/YCSB-hreplace-dist/lib/jackson-core-asl-1.9.4.jar:/mnt/dev/YCSB-hreplace-dist/lib/jedis-3.9.0.jar:/mnt/dev/YCSB-hreplace-dist/lib/core-0.18.0-SNAPSHOT.jar:/mnt/dev/YCSB-hreplace-dist/lib/commons-pool2-2.11.1.jar:/mnt/dev/YCSB-hreplace-dist/lib/redis-binding-0.18.0-SNAPSHOT.jar site.ycsb.Client -db site.ycsb.db.RedisClient -s -threads 256 -P /mnt/dev/YCSB-hreplace-dist/workloads/workloada -p recordcount=100000000 -p operationcount=1000000 -p fieldcount=10 -p fieldlength=128 -p fieldlengthdistribution=constant -p readallfields=true -p writeallfields=true -p insertorder=hashed -p requestdistribution=uniform -p readproportion=0.5 -p updateproportion=0.5 -p insertproportion=0 -p scanproportion=0 -p readmodifywriteproportion=0 -p measurementtype=hdrhistogram -p measurement.interval=both -p hdrhistogram.percentiles=50,95,99,99.9,99.99 -p status.interval=10 -p redis.host=172.16.0.4 -p redis.port=16379 -p redis.scanindex=none -p redis.timeout=10000 -p redis.cluster=false -p redis.updatecommand=hmset -t
Command line: -db site.ycsb.db.RedisClient -s -threads 256 -P /mnt/dev/YCSB-hreplace-dist/workloads/workloada -p recordcount=100000000 -p operationcount=1000000 -p fieldcount=10 -p fieldlength=128 -p fieldlengthdistribution=constant -p readallfields=true -p writeallfields=true -p insertorder=hashed -p requestdistribution=uniform -p readproportion=0.5 -p updateproportion=0.5 -p insertproportion=0 -p scanproportion=0 -p readmodifywriteproportion=0 -p measurementtype=hdrhistogram -p measurement.interval=both -p hdrhistogram.percentiles=50,95,99,99.9,99.99 -p status.interval=10 -p redis.host=172.16.0.4 -p redis.port=16379 -p redis.scanindex=none -p redis.timeout=10000 -p redis.cluster=false -p redis.updatecommand=hmset -t
YCSB Client 0.18.0-SNAPSHOT

Loading workload...
Starting test.
SLF4J: Failed to load class "org.slf4j.impl.StaticLoggerBinder".
SLF4J: Defaulting to no-operation (NOP) logger implementation
SLF4J: See http://www.slf4j.org/codes.html#StaticLoggerBinder for further details.
2026-09-13 14:11:43:451 0 sec: 0 operations; est completion in 0 second 
DBWrapper: report latency for each error is false and specific error codes to track for latency are: []
2026-09-13 14:11:46:472 3 sec: 1000000 operations; 329163.92 current ops/sec; [READ: Count=499745, Max=47679, Min=191, Avg=669.85, 50=560, 90=893, 99=3117, 99.9=8199, 99.99=30239] [CLEANUP: Count=256, Max=712, Min=13, Avg=32.51, 50=23, 90=53, 99=112, 99.9=712, 99.99=712] [UPDATE: Count=500255, Max=48959, Min=228, Avg=730.46, 50=590, 90=1021, 99=3469, 99.9=9127, 99.99=30655] [Intended-READ: Count=499745, Max=47679, Min=191, Avg=669.9, 50=560, 90=893, 99=3117, 99.9=8199, 99.99=30239] [Intended-CLEANUP: Count=256, Max=723, Min=13, Avg=32.84, 50=23, 90=53, 99=113, 99.9=723, 99.99=723] [Intended-UPDATE: Count=500255, Max=48959, Min=228, Avg=730.5, 50=590, 90=1021, 99=3469, 99.9=9127, 99.99=30655] 
[OVERALL], RunTime(ms), 3038
[OVERALL], Throughput(ops/sec), 329163.92363396974
[TOTAL_GCS_G1_Young_Generation], Count, 26
[TOTAL_GC_TIME_G1_Young_Generation], Time(ms), 33
[TOTAL_GC_TIME_%_G1_Young_Generation], Time(%), 1.0862409479921
[TOTAL_GCS_G1_Old_Generation], Count, 0
[TOTAL_GC_TIME_G1_Old_Generation], Time(ms), 0
[TOTAL_GC_TIME_%_G1_Old_Generation], Time(%), 0.0
[TOTAL_GCs], Count, 26
[TOTAL_GC_TIME], Time(ms), 33
[TOTAL_GC_TIME_%], Time(%), 1.0862409479921
[READ], Operations, 499745
[READ], AverageLatency(us), 669.8476483006333
[READ], MinLatency(us), 191
[READ], MaxLatency(us), 47679
[READ], 50thPercentileLatency(us), 560
[READ], 95thPercentileLatency(us), 1136
[READ], 99thPercentileLatency(us), 3117
[READ], 99.9PercentileLatency(us), 8199
[READ], 99.99PercentileLatency(us), 30239
[READ], Return=OK, 499745
[CLEANUP], Operations, 256
[CLEANUP], AverageLatency(us), 32.51171875
[CLEANUP], MinLatency(us), 13
[CLEANUP], MaxLatency(us), 712
[CLEANUP], 50thPercentileLatency(us), 23
[CLEANUP], 95thPercentileLatency(us), 83
[CLEANUP], 99thPercentileLatency(us), 112
[CLEANUP], 99.9PercentileLatency(us), 712
[CLEANUP], 99.99PercentileLatency(us), 712
[UPDATE], Operations, 500255
[UPDATE], AverageLatency(us), 730.4580164116301
[UPDATE], MinLatency(us), 228
[UPDATE], MaxLatency(us), 48959
[UPDATE], 50thPercentileLatency(us), 590
[UPDATE], 95thPercentileLatency(us), 1412
[UPDATE], 99thPercentileLatency(us), 3469
[UPDATE], 99.9PercentileLatency(us), 9127
[UPDATE], 99.99PercentileLatency(us), 30655
[UPDATE], Return=OK, 500255
[Intended-READ], Operations, 499745
[Intended-READ], AverageLatency(us), 669.9017418883631
[Intended-READ], MinLatency(us), 191
[Intended-READ], MaxLatency(us), 47679
[Intended-READ], 50thPercentileLatency(us), 560
[Intended-READ], 95thPercentileLatency(us), 1136
[Intended-READ], 99thPercentileLatency(us), 3117
[Intended-READ], 99.9PercentileLatency(us), 8199
[Intended-READ], 99.99PercentileLatency(us), 30239
[Intended-CLEANUP], Operations, 256
[Intended-CLEANUP], AverageLatency(us), 32.83984375
[Intended-CLEANUP], MinLatency(us), 13
[Intended-CLEANUP], MaxLatency(us), 723
[Intended-CLEANUP], 50thPercentileLatency(us), 23
[Intended-CLEANUP], 95thPercentileLatency(us), 84
[Intended-CLEANUP], 99thPercentileLatency(us), 113
[Intended-CLEANUP], 99.9PercentileLatency(us), 723
[Intended-CLEANUP], 99.99PercentileLatency(us), 723
[Intended-UPDATE], Operations, 500255
[Intended-UPDATE], AverageLatency(us), 730.495159468671
[Intended-UPDATE], MinLatency(us), 228
[Intended-UPDATE], MaxLatency(us), 48959
[Intended-UPDATE], 50thPercentileLatency(us), 590
[Intended-UPDATE], 95thPercentileLatency(us), 1412
[Intended-UPDATE], 99thPercentileLatency(us), 3469
[Intended-UPDATE], 99.9PercentileLatency(us), 9127
[Intended-UPDATE], 99.99PercentileLatency(us), 30655
