java -cp /mnt/dev/YCSB-hreplace-dist/redis-binding/conf:/mnt/dev/YCSB-hreplace-dist/conf:/mnt/dev/YCSB-hreplace-dist/lib/htrace-core4-4.1.0-incubating.jar:/mnt/dev/YCSB-hreplace-dist/lib/slf4j-api-1.7.25.jar:/mnt/dev/YCSB-hreplace-dist/lib/jackson-mapper-asl-1.9.4.jar:/mnt/dev/YCSB-hreplace-dist/lib/HdrHistogram-2.1.12.jar:/mnt/dev/YCSB-hreplace-dist/lib/jackson-core-asl-1.9.4.jar:/mnt/dev/YCSB-hreplace-dist/lib/jedis-3.9.0.jar:/mnt/dev/YCSB-hreplace-dist/lib/core-0.18.0-SNAPSHOT.jar:/mnt/dev/YCSB-hreplace-dist/lib/commons-pool2-2.11.1.jar:/mnt/dev/YCSB-hreplace-dist/lib/redis-binding-0.18.0-SNAPSHOT.jar site.ycsb.Client -db site.ycsb.db.RedisClient -s -threads 256 -P /mnt/dev/YCSB-hreplace-dist/workloads/workloada -target 100000 -p recordcount=100000000 -p operationcount=5000000 -p fieldcount=10 -p fieldlength=128 -p fieldlengthdistribution=constant -p readallfields=true -p writeallfields=true -p insertorder=hashed -p requestdistribution=uniform -p readproportion=1 -p updateproportion=0 -p insertproportion=0 -p scanproportion=0 -p readmodifywriteproportion=0 -p measurementtype=hdrhistogram -p measurement.interval=both -p hdrhistogram.percentiles=50,95,99,99.9,99.99 -p status.interval=10 -p redis.host=172.16.0.4 -p redis.port=16379 -p redis.scanindex=none -p redis.timeout=10000 -p redis.cluster=false -p redis.updatecommand=hmset -t
Command line: -db site.ycsb.db.RedisClient -s -threads 256 -P /mnt/dev/YCSB-hreplace-dist/workloads/workloada -target 100000 -p recordcount=100000000 -p operationcount=5000000 -p fieldcount=10 -p fieldlength=128 -p fieldlengthdistribution=constant -p readallfields=true -p writeallfields=true -p insertorder=hashed -p requestdistribution=uniform -p readproportion=1 -p updateproportion=0 -p insertproportion=0 -p scanproportion=0 -p readmodifywriteproportion=0 -p measurementtype=hdrhistogram -p measurement.interval=both -p hdrhistogram.percentiles=50,95,99,99.9,99.99 -p status.interval=10 -p redis.host=172.16.0.4 -p redis.port=16379 -p redis.scanindex=none -p redis.timeout=10000 -p redis.cluster=false -p redis.updatecommand=hmset -t
YCSB Client 0.18.0-SNAPSHOT

Loading workload...
Starting test.
SLF4J: Failed to load class "org.slf4j.impl.StaticLoggerBinder".
SLF4J: Defaulting to no-operation (NOP) logger implementation
SLF4J: See http://www.slf4j.org/codes.html#StaticLoggerBinder for further details.
2026-09-13 13:40:36:951 0 sec: 0 operations; est completion in 0 second 
DBWrapper: report latency for each error is false and specific error codes to track for latency are: []
2026-09-13 13:40:46:835 10 sec: 985311 operations; 98531.1 current ops/sec; est completion in 41 seconds [READ: Count=985400, Max=63679, Min=216, Avg=339.31, 50=319, 90=412, 99=541, 99.9=1438, 99.99=12231] [Intended-READ: Count=985917, Max=77055, Min=230, Avg=528.04, 50=377, 90=473, 99=865, 99.9=43967, 99.99=66495] 
2026-09-13 13:40:56:835 20 sec: 1985328 operations; 100001.7 current ops/sec; est completion in 31 seconds [READ: Count=999956, Max=3981, Min=215, Avg=334.41, 50=320, 90=411, 99=514, 99.9=980, 99.99=2101] [Intended-READ: Count=999697, Max=4041, Min=238, Avg=392.79, 50=378, 90=471, 99=581, 99.9=1156, 99.99=2159] 
2026-09-13 13:41:06:835 30 sec: 2985308 operations; 99998 current ops/sec; est completion in 21 seconds [READ: Count=999983, Max=4899, Min=216, Avg=334.75, 50=320, 90=411, 99=517, 99.9=1050, 99.99=2835] [Intended-READ: Count=999928, Max=4959, Min=238, Avg=393.19, 50=378, 90=470, 99=584, 99.9=1206, 99.99=2897] 
2026-09-13 13:41:16:835 40 sec: 3985300 operations; 99999.2 current ops/sec; est completion in 11 seconds [READ: Count=1000014, Max=2539, Min=210, Avg=335.91, 50=322, 90=413, 99=514, 99.9=895, 99.99=1250] [Intended-READ: Count=999906, Max=2601, Min=231, Avg=394.05, 50=380, 90=472, 99=579, 99.9=1067, 99.99=1372] 
2026-09-13 13:41:26:835 50 sec: 4985312 operations; 100001.2 current ops/sec; est completion in 1 second [READ: Count=1000023, Max=4039, Min=214, Avg=333.71, 50=319, 90=410, 99=513, 99.9=932, 99.99=1620] [Intended-READ: Count=1000080, Max=4103, Min=236, Avg=392.03, 50=378, 90=469, 99=577, 99.9=1117, 99.99=1695] 
2026-09-13 13:41:27:026 50 sec: 5000000 operations; 76900.52 current ops/sec; [READ: Count=14624, Max=1278, Min=225, Avg=332.75, 50=319, 90=410, 99=511, 99.9=747, 99.99=1216] [CLEANUP: Count=256, Max=658, Min=10, Avg=31.56, 50=16, 90=29, 99=627, 99.9=658, 99.99=658] [Intended-READ: Count=14472, Max=1580, Min=243, Avg=390.41, 50=377, 90=469, 99=570, 99.9=812, 99.99=1271] [Intended-CLEANUP: Count=256, Max=659, Min=10, Avg=31.79, 50=16, 90=30, 99=629, 99.9=659, 99.99=659] 
[OVERALL], RunTime(ms), 50191
[OVERALL], Throughput(ops/sec), 99619.45368691598
[TOTAL_GCS_G1_Young_Generation], Count, 91
[TOTAL_GC_TIME_G1_Young_Generation], Time(ms), 71
[TOTAL_GC_TIME_%_G1_Young_Generation], Time(%), 0.1414596242354207
[TOTAL_GCS_G1_Old_Generation], Count, 0
[TOTAL_GC_TIME_G1_Old_Generation], Time(ms), 0
[TOTAL_GC_TIME_%_G1_Old_Generation], Time(%), 0.0
[TOTAL_GCs], Count, 91
[TOTAL_GC_TIME], Time(ms), 71
[TOTAL_GC_TIME_%], Time(%), 0.1414596242354207
[READ], Operations, 5000000
[READ], AverageLatency(us), 335.5987542
[READ], MinLatency(us), 210
[READ], MaxLatency(us), 63679
[READ], 50thPercentileLatency(us), 320
[READ], 95thPercentileLatency(us), 441
[READ], 99thPercentileLatency(us), 519
[READ], 99.9PercentileLatency(us), 1044
[READ], 99.99PercentileLatency(us), 2679
[READ], Return=OK, 5000000
[CLEANUP], Operations, 256
[CLEANUP], AverageLatency(us), 31.5625
[CLEANUP], MinLatency(us), 10
[CLEANUP], MaxLatency(us), 658
[CLEANUP], 50thPercentileLatency(us), 16
[CLEANUP], 95thPercentileLatency(us), 42
[CLEANUP], 99thPercentileLatency(us), 627
[CLEANUP], 99.9PercentileLatency(us), 658
[CLEANUP], 99.99PercentileLatency(us), 658
[Intended-READ], Operations, 5000000
[Intended-READ], AverageLatency(us), 419.6337326
[Intended-READ], MinLatency(us), 230
[Intended-READ], MaxLatency(us), 77055
[Intended-READ], 50thPercentileLatency(us), 378
[Intended-READ], 95thPercentileLatency(us), 501
[Intended-READ], 99thPercentileLatency(us), 593
[Intended-READ], 99.9PercentileLatency(us), 3287
[Intended-READ], 99.99PercentileLatency(us), 54079
[Intended-CLEANUP], Operations, 256
[Intended-CLEANUP], AverageLatency(us), 31.79296875
[Intended-CLEANUP], MinLatency(us), 10
[Intended-CLEANUP], MaxLatency(us), 659
[Intended-CLEANUP], 50thPercentileLatency(us), 16
[Intended-CLEANUP], 95thPercentileLatency(us), 43
[Intended-CLEANUP], 99thPercentileLatency(us), 629
[Intended-CLEANUP], 99.9PercentileLatency(us), 659
[Intended-CLEANUP], 99.99PercentileLatency(us), 659
