java -cp /mnt/dev/YCSB-hreplace-dist/redis-binding/conf:/mnt/dev/YCSB-hreplace-dist/conf:/mnt/dev/YCSB-hreplace-dist/lib/htrace-core4-4.1.0-incubating.jar:/mnt/dev/YCSB-hreplace-dist/lib/slf4j-api-1.7.25.jar:/mnt/dev/YCSB-hreplace-dist/lib/jackson-mapper-asl-1.9.4.jar:/mnt/dev/YCSB-hreplace-dist/lib/HdrHistogram-2.1.12.jar:/mnt/dev/YCSB-hreplace-dist/lib/jackson-core-asl-1.9.4.jar:/mnt/dev/YCSB-hreplace-dist/lib/jedis-3.9.0.jar:/mnt/dev/YCSB-hreplace-dist/lib/core-0.18.0-SNAPSHOT.jar:/mnt/dev/YCSB-hreplace-dist/lib/commons-pool2-2.11.1.jar:/mnt/dev/YCSB-hreplace-dist/lib/redis-binding-0.18.0-SNAPSHOT.jar site.ycsb.Client -db site.ycsb.db.RedisClient -s -threads 256 -P /mnt/dev/YCSB-hreplace-dist/workloads/workloada -target 100000 -p recordcount=100000000 -p operationcount=1000000 -p fieldcount=10 -p fieldlength=128 -p fieldlengthdistribution=constant -p readallfields=true -p writeallfields=true -p insertorder=hashed -p requestdistribution=uniform -p readproportion=1 -p updateproportion=0 -p insertproportion=0 -p scanproportion=0 -p readmodifywriteproportion=0 -p measurementtype=hdrhistogram -p measurement.interval=both -p hdrhistogram.percentiles=50,95,99,99.9,99.99 -p status.interval=10 -p redis.host=172.16.0.4 -p redis.port=16379 -p redis.scanindex=none -p redis.timeout=10000 -p redis.cluster=false -p redis.updatecommand=hmset -t
Command line: -db site.ycsb.db.RedisClient -s -threads 256 -P /mnt/dev/YCSB-hreplace-dist/workloads/workloada -target 100000 -p recordcount=100000000 -p operationcount=1000000 -p fieldcount=10 -p fieldlength=128 -p fieldlengthdistribution=constant -p readallfields=true -p writeallfields=true -p insertorder=hashed -p requestdistribution=uniform -p readproportion=1 -p updateproportion=0 -p insertproportion=0 -p scanproportion=0 -p readmodifywriteproportion=0 -p measurementtype=hdrhistogram -p measurement.interval=both -p hdrhistogram.percentiles=50,95,99,99.9,99.99 -p status.interval=10 -p redis.host=172.16.0.4 -p redis.port=16379 -p redis.scanindex=none -p redis.timeout=10000 -p redis.cluster=false -p redis.updatecommand=hmset -t
YCSB Client 0.18.0-SNAPSHOT

Loading workload...
Starting test.
SLF4J: Failed to load class "org.slf4j.impl.StaticLoggerBinder".
SLF4J: Defaulting to no-operation (NOP) logger implementation
SLF4J: See http://www.slf4j.org/codes.html#StaticLoggerBinder for further details.
2026-09-13 13:41:46:867 0 sec: 0 operations; est completion in 0 second 
DBWrapper: report latency for each error is false and specific error codes to track for latency are: []
2026-09-13 13:41:56:796 10 sec: 990958 operations; 99095.8 current ops/sec; est completion in 1 second [READ: Count=991021, Max=43167, Min=213, Avg=341.36, 50=320, 90=412, 99=536, 99.9=1279, 99.99=18703] [Intended-READ: Count=991400, Max=108799, Min=229, Avg=671, 50=379, 90=473, 99=1421, 99.9=62079, 99.99=87999] 
2026-09-13 13:41:56:909 10 sec: 1000000 operations; 80017.7 current ops/sec; [READ: Count=8979, Max=1631, Min=225, Avg=329.45, 50=316, 90=402, 99=492, 99.9=809, 99.99=1631] [CLEANUP: Count=256, Max=795, Min=10, Avg=29.8, 50=16, 90=32, 99=354, 99.9=795, 99.99=795] [Intended-READ: Count=8600, Max=1723, Min=260, Avg=388.39, 50=375, 90=462, 99=561, 99.9=1187, 99.99=1723] [Intended-CLEANUP: Count=256, Max=795, Min=10, Avg=29.98, 50=17, 90=32, 99=354, 99.9=795, 99.99=795] 
[OVERALL], RunTime(ms), 10112
[OVERALL], Throughput(ops/sec), 98892.40506329114
[TOTAL_GCS_G1_Young_Generation], Count, 20
[TOTAL_GC_TIME_G1_Young_Generation], Time(ms), 20
[TOTAL_GC_TIME_%_G1_Young_Generation], Time(%), 0.19778481012658228
[TOTAL_GCS_G1_Old_Generation], Count, 0
[TOTAL_GC_TIME_G1_Old_Generation], Time(ms), 0
[TOTAL_GC_TIME_%_G1_Old_Generation], Time(%), 0.0
[TOTAL_GCs], Count, 20
[TOTAL_GC_TIME], Time(ms), 20
[TOTAL_GC_TIME_%], Time(%), 0.19778481012658228
[READ], Operations, 1000000
[READ], AverageLatency(us), 341.256888
[READ], MinLatency(us), 213
[READ], MaxLatency(us), 43167
[READ], 50thPercentileLatency(us), 320
[READ], 95thPercentileLatency(us), 444
[READ], 99thPercentileLatency(us), 535
[READ], 99.9PercentileLatency(us), 1276
[READ], 99.99PercentileLatency(us), 18431
[READ], Return=OK, 1000000
[CLEANUP], Operations, 256
[CLEANUP], AverageLatency(us), 29.80078125
[CLEANUP], MinLatency(us), 10
[CLEANUP], MaxLatency(us), 795
[CLEANUP], 50thPercentileLatency(us), 16
[CLEANUP], 95thPercentileLatency(us), 46
[CLEANUP], 99thPercentileLatency(us), 354
[CLEANUP], 99.9PercentileLatency(us), 795
[CLEANUP], 99.99PercentileLatency(us), 795
[Intended-READ], Operations, 1000000
[Intended-READ], AverageLatency(us), 668.571507
[Intended-READ], MinLatency(us), 229
[Intended-READ], MaxLatency(us), 108799
[Intended-READ], 50thPercentileLatency(us), 379
[Intended-READ], 95thPercentileLatency(us), 509
[Intended-READ], 99thPercentileLatency(us), 1398
[Intended-READ], 99.9PercentileLatency(us), 61951
[Intended-READ], 99.99PercentileLatency(us), 87935
[Intended-CLEANUP], Operations, 256
[Intended-CLEANUP], AverageLatency(us), 29.98046875
[Intended-CLEANUP], MinLatency(us), 10
[Intended-CLEANUP], MaxLatency(us), 795
[Intended-CLEANUP], 50thPercentileLatency(us), 17
[Intended-CLEANUP], 95thPercentileLatency(us), 46
[Intended-CLEANUP], 99thPercentileLatency(us), 354
[Intended-CLEANUP], 99.9PercentileLatency(us), 795
[Intended-CLEANUP], 99.99PercentileLatency(us), 795
