java -cp /mnt/dev/YCSB-hreplace-dist/redis-binding/conf:/mnt/dev/YCSB-hreplace-dist/conf:/mnt/dev/YCSB-hreplace-dist/lib/htrace-core4-4.1.0-incubating.jar:/mnt/dev/YCSB-hreplace-dist/lib/slf4j-api-1.7.25.jar:/mnt/dev/YCSB-hreplace-dist/lib/jackson-mapper-asl-1.9.4.jar:/mnt/dev/YCSB-hreplace-dist/lib/HdrHistogram-2.1.12.jar:/mnt/dev/YCSB-hreplace-dist/lib/jackson-core-asl-1.9.4.jar:/mnt/dev/YCSB-hreplace-dist/lib/jedis-3.9.0.jar:/mnt/dev/YCSB-hreplace-dist/lib/core-0.18.0-SNAPSHOT.jar:/mnt/dev/YCSB-hreplace-dist/lib/commons-pool2-2.11.1.jar:/mnt/dev/YCSB-hreplace-dist/lib/redis-binding-0.18.0-SNAPSHOT.jar site.ycsb.Client -db site.ycsb.db.RedisClient -s -threads 256 -P /mnt/dev/YCSB-hreplace-dist/workloads/workloada -target 100000 -p recordcount=100000000 -p operationcount=1000000 -p fieldcount=10 -p fieldlength=128 -p fieldlengthdistribution=constant -p readallfields=true -p writeallfields=true -p insertorder=hashed -p requestdistribution=uniform -p readproportion=0.5 -p updateproportion=0.5 -p insertproportion=0 -p scanproportion=0 -p readmodifywriteproportion=0 -p measurementtype=hdrhistogram -p measurement.interval=both -p hdrhistogram.percentiles=50,95,99,99.9,99.99 -p status.interval=10 -p redis.host=172.16.0.4 -p redis.port=16379 -p redis.scanindex=none -p redis.timeout=10000 -p redis.cluster=false -p redis.updatecommand=hmset -t
Command line: -db site.ycsb.db.RedisClient -s -threads 256 -P /mnt/dev/YCSB-hreplace-dist/workloads/workloada -target 100000 -p recordcount=100000000 -p operationcount=1000000 -p fieldcount=10 -p fieldlength=128 -p fieldlengthdistribution=constant -p readallfields=true -p writeallfields=true -p insertorder=hashed -p requestdistribution=uniform -p readproportion=0.5 -p updateproportion=0.5 -p insertproportion=0 -p scanproportion=0 -p readmodifywriteproportion=0 -p measurementtype=hdrhistogram -p measurement.interval=both -p hdrhistogram.percentiles=50,95,99,99.9,99.99 -p status.interval=10 -p redis.host=172.16.0.4 -p redis.port=16379 -p redis.scanindex=none -p redis.timeout=10000 -p redis.cluster=false -p redis.updatecommand=hmset -t
YCSB Client 0.18.0-SNAPSHOT

Loading workload...
Starting test.
SLF4J: Failed to load class "org.slf4j.impl.StaticLoggerBinder".
SLF4J: Defaulting to no-operation (NOP) logger implementation
SLF4J: See http://www.slf4j.org/codes.html#StaticLoggerBinder for further details.
2026-09-13 14:12:06:237 0 sec: 0 operations; est completion in 0 second 
DBWrapper: report latency for each error is false and specific error codes to track for latency are: []
2026-09-13 14:12:16:190 10 sec: 992006 operations; 99200.6 current ops/sec; est completion in 1 second [READ: Count=496073, Max=18255, Min=171, Avg=341.97, 50=315, 90=386, 99=732, 99.9=4163, 99.99=7551] [UPDATE: Count=496180, Max=18879, Min=187, Avg=358.25, 50=328, 90=402, 99=932, 99.9=4359, 99.99=7823] [Intended-READ: Count=496381, Max=90495, Min=209, Avg=567.53, 50=374, 90=448, 99=2361, 99.9=47039, 99.99=75391] [Intended-UPDATE: Count=496367, Max=90815, Min=236, Avg=586.86, 50=387, 90=463, 99=2493, 99.9=48031, 99.99=76735] 
2026-09-13 14:12:16:293 10 sec: 1000000 operations; 77611.65 current ops/sec; [READ: Count=3985, Max=977, Min=233, Avg=323.37, 50=315, 90=383, 99=472, 99.9=707, 99.99=977] [CLEANUP: Count=256, Max=668, Min=11, Avg=28.09, 50=17, 90=32, 99=379, 99.9=668, 99.99=668] [UPDATE: Count=3762, Max=1093, Min=237, Avg=338.08, 50=327, 90=402, 99=500, 99.9=878, 99.99=1093] [Intended-READ: Count=3677, Max=1278, Min=276, Avg=382.08, 50=373, 90=443, 99=538, 99.9=1010, 99.99=1278] [Intended-CLEANUP: Count=256, Max=669, Min=11, Avg=28.3, 50=17, 90=32, 99=379, 99.9=669, 99.99=669] [Intended-UPDATE: Count=3575, Max=1148, Min=263, Avg=396.05, 50=386, 90=462, 99=563, 99.9=1008, 99.99=1148] 
[OVERALL], RunTime(ms), 10102
[OVERALL], Throughput(ops/sec), 98990.29895070283
[TOTAL_GCS_G1_Young_Generation], Count, 30
[TOTAL_GC_TIME_G1_Young_Generation], Time(ms), 29
[TOTAL_GC_TIME_%_G1_Young_Generation], Time(%), 0.28707186695703824
[TOTAL_GCS_G1_Old_Generation], Count, 0
[TOTAL_GC_TIME_G1_Old_Generation], Time(ms), 0
[TOTAL_GC_TIME_%_G1_Old_Generation], Time(%), 0.0
[TOTAL_GCs], Count, 30
[TOTAL_GC_TIME], Time(ms), 29
[TOTAL_GC_TIME_%], Time(%), 0.28707186695703824
[READ], Operations, 500058
[READ], AverageLatency(us), 341.8186990309124
[READ], MinLatency(us), 171
[READ], MaxLatency(us), 18255
[READ], 50thPercentileLatency(us), 315
[READ], 95thPercentileLatency(us), 423
[READ], 99thPercentileLatency(us), 728
[READ], 99.9PercentileLatency(us), 4151
[READ], 99.99PercentileLatency(us), 7479
[READ], Return=OK, 500058
[CLEANUP], Operations, 256
[CLEANUP], AverageLatency(us), 28.0859375
[CLEANUP], MinLatency(us), 11
[CLEANUP], MaxLatency(us), 668
[CLEANUP], 50thPercentileLatency(us), 17
[CLEANUP], 95thPercentileLatency(us), 43
[CLEANUP], 99thPercentileLatency(us), 379
[CLEANUP], 99.9PercentileLatency(us), 668
[CLEANUP], 99.99PercentileLatency(us), 668
[UPDATE], Operations, 499942
[UPDATE], AverageLatency(us), 358.0962751679195
[UPDATE], MinLatency(us), 187
[UPDATE], MaxLatency(us), 18879
[UPDATE], 50thPercentileLatency(us), 328
[UPDATE], 95thPercentileLatency(us), 442
[UPDATE], 99thPercentileLatency(us), 925
[UPDATE], 99.9PercentileLatency(us), 4351
[UPDATE], 99.99PercentileLatency(us), 7823
[UPDATE], Return=OK, 499942
[Intended-READ], Operations, 500058
[Intended-READ], AverageLatency(us), 566.1635050334161
[Intended-READ], MinLatency(us), 209
[Intended-READ], MaxLatency(us), 90495
[Intended-READ], 50thPercentileLatency(us), 374
[Intended-READ], 95thPercentileLatency(us), 491
[Intended-READ], 99thPercentileLatency(us), 2325
[Intended-READ], 99.9PercentileLatency(us), 46911
[Intended-READ], 99.99PercentileLatency(us), 75263
[Intended-CLEANUP], Operations, 256
[Intended-CLEANUP], AverageLatency(us), 28.3046875
[Intended-CLEANUP], MinLatency(us), 11
[Intended-CLEANUP], MaxLatency(us), 669
[Intended-CLEANUP], 50thPercentileLatency(us), 17
[Intended-CLEANUP], 95thPercentileLatency(us), 43
[Intended-CLEANUP], 99thPercentileLatency(us), 379
[Intended-CLEANUP], 99.9PercentileLatency(us), 669
[Intended-CLEANUP], 99.99PercentileLatency(us), 669
[Intended-UPDATE], Operations, 499942
[Intended-UPDATE], AverageLatency(us), 585.4998859867744
[Intended-UPDATE], MinLatency(us), 236
[Intended-UPDATE], MaxLatency(us), 90815
[Intended-UPDATE], 50thPercentileLatency(us), 387
[Intended-UPDATE], 95thPercentileLatency(us), 510
[Intended-UPDATE], 99thPercentileLatency(us), 2455
[Intended-UPDATE], 99.9PercentileLatency(us), 47839
[Intended-UPDATE], 99.99PercentileLatency(us), 76735
