[  0%] Built target keylane_lease_clock
[  9%] Built target keylane_lua
[ 13%] Built target absl_time_zone
[ 19%] Built target mimalloc-static
[ 19%] Built target absl_log_severity
[ 19%] Built target absl_spinlock_wait
[ 19%] Built target absl_strerror
[ 21%] Built target absl_utf8_for_code_point
[ 21%] Built target absl_leak_check
[ 25%] Built target celer_liburing_build
[ 25%] Built target absl_exponential_biased
[ 25%] Built target absl_civil_time
[ 27%] Built target absl_raw_logging_internal
[ 27%] Built target absl_throw_delegate
[ 27%] Built target absl_cordz_functions
[ 29%] Built target absl_debugging_internal
[ 31%] Built target absl_base
[ 31%] Built target absl_tracing_internal
[ 33%] Built target absl_stacktrace
[ 35%] Built target absl_crc_cpu_detect
[ 35%] Built target absl_malloc_internal
[ 35%] Built target absl_int128
[ 35%] Built target absl_string_view
[ 37%] Built target absl_strings_internal
[ 37%] Built target absl_decode_rust_punycode
[ 37%] Built target absl_graphcycles_internal
[ 37%] Built target absl_low_level_hash
[ 37%] Built target absl_city
[ 37%] Built target absl_demangle_rust
[ 37%] Built target absl_crc_internal
[ 43%] Built target absl_strings
[ 45%] Built target absl_demangle_internal
[ 45%] Built target absl_hash
[ 47%] Built target absl_str_format_internal
[ 49%] Built target absl_time
[ 49%] Built target absl_symbolize
[ 50%] Built target absl_kernel_timeout_internal
[ 52%] Built target absl_crc32c
[ 52%] Built target absl_crc_cord_state
[ 56%] Built target absl_synchronization
[ 60%] Built target absl_cordz_handle
[ 60%] Built target absl_cord_internal
[ 62%] Built target absl_hashtablez_sampler
[ 62%] Built target absl_cordz_info
[ 64%] Built target absl_cord
[ 64%] Built target absl_raw_hash_set
[ 64%] Built target absl_status
[ 66%] Built target absl_statusor
[ 66%] Built target keylane_control_protocol
[ 70%] Built target celer
[ 72%] Built target keylane_control_transport
[ 72%] Built target celer_rpc
[ 74%] Building CXX object CMakeFiles/keylane_module.dir/src/storage/engine/alloc.cpp.o
[ 74%] Building CXX object CMakeFiles/keylane_module.dir/src/storage/engine.cpp.o
[ 74%] Building CXX object CMakeFiles/keylane_module.dir/src/storage/engine/backup.cpp.o
[ 74%] Building CXX object CMakeFiles/keylane_module.dir/src/storage/engine/checkpoint.cpp.o
[ 74%] Building CXX object CMakeFiles/keylane_module.dir/src/storage/engine/compact_api.cpp.o
[ 74%] Building CXX object CMakeFiles/keylane_module.dir/src/storage/engine/defrag.cpp.o
[ 76%] Building CXX object CMakeFiles/keylane_module.dir/src/storage/engine/expire.cpp.o
[ 76%] Building CXX object CMakeFiles/keylane_module.dir/src/storage/engine/flush.cpp.o
[ 76%] Building CXX object CMakeFiles/keylane_module.dir/src/storage/engine/flush_db.cpp.o
[ 76%] Building CXX object CMakeFiles/keylane_module.dir/src/storage/engine/hash_api.cpp.o
[ 76%] Building CXX object CMakeFiles/keylane_module.dir/src/storage/engine/hash_codec.cpp.o
[ 76%] Building CXX object CMakeFiles/keylane_module.dir/src/storage/engine/grouped_hash.cpp.o
[ 78%] Building CXX object CMakeFiles/keylane_module.dir/src/storage/engine/grouped_collection.cpp.o
[ 78%] Building CXX object CMakeFiles/keylane_module.dir/src/storage/engine/grouped_sorted_rewrite.cpp.o
[ 78%] Building CXX object CMakeFiles/keylane_module.dir/src/storage/engine/ordered_compact_codec.cpp.o
[ 78%] Building CXX object CMakeFiles/keylane_module.dir/src/storage/engine/collection_compact_stream.cpp.o
[ 78%] Building CXX object CMakeFiles/keylane_module.dir/src/storage/engine/grouped_replication_source.cpp.o
[ 78%] Building CXX object CMakeFiles/keylane_module.dir/src/storage/engine/grouped_write.cpp.o
[ 80%] Building CXX object CMakeFiles/keylane_module.dir/src/storage/engine/grouped_read.cpp.o
/mnt/dev/keylane/src/storage/engine/grouped_write.cpp: In member function ‘celer::Task<absl::lts_20250512::StatusOr<keylane::storage::HashGroupLocation> > keylane::storage::StorageEngine::Impl::WriteHashGroupRecordLocked(WorkerStore&, WorkerStore::PartitionStore&, uint8_t, std::string_view, const keylane::storage::Digest&, const keylane::storage::HashGroupSnapshot&, uint64_t, keylane::storage::TxShardWrites&, keylane::storage::ValueType, uint64_t)’:
/mnt/dev/keylane/src/storage/engine/grouped_write.cpp:104:3: warning: missing initializer for member ‘keylane::storage::StorageEngine::Impl::GroupRecordWrite::prepare_root_’ [-Wmissing-field-initializers]
  104 |   };
      |   ^
/mnt/dev/keylane/src/storage/engine/grouped_write.cpp:104:3: warning: missing initializer for member ‘keylane::storage::StorageEngine::Impl::GroupRecordWrite::changed_groups_’ [-Wmissing-field-initializers]
[ 80%] Building CXX object CMakeFiles/keylane_module.dir/src/storage/engine/grouped_ordered_io.cpp.o
[ 80%] Building CXX object CMakeFiles/keylane_module.dir/src/storage/engine/grouped_list.cpp.o
[ 80%] Building CXX object CMakeFiles/keylane_module.dir/src/storage/engine/grouped_zset.cpp.o
[ 80%] Building CXX object CMakeFiles/keylane_module.dir/src/storage/engine/grouped_zset_members.cpp.o
[ 80%] Building CXX object CMakeFiles/keylane_module.dir/src/storage/engine/grouped_hash_random.cpp.o
[ 80%] Building CXX object CMakeFiles/keylane_module.dir/src/storage/engine/sorted_set_api.cpp.o
[ 82%] Building CXX object CMakeFiles/keylane_module.dir/src/storage/engine/transfer_api.cpp.o
[ 82%] Building CXX object CMakeFiles/keylane_module.dir/src/storage/engine/grouped_restore.cpp.o
[ 82%] Building CXX object CMakeFiles/keylane_module.dir/src/storage/engine/collection_ingest.cpp.o
[ 82%] Building CXX object CMakeFiles/keylane_module.dir/src/storage/engine/grouped_mutation.cpp.o
[ 82%] Building CXX object CMakeFiles/keylane_module.dir/src/storage/engine/grouped_ordered_mutation.cpp.o
/mnt/dev/keylane/src/storage/engine/grouped_mutation.cpp: In member function ‘absl::lts_20250512::StatusOr<keylane::storage::HashGroupMutationPlan> keylane::storage::StorageEngine::Impl::PrepareGroupedHashMutation(const keylane::storage::GroupedHashObject::Handle&, keylane::storage::HashValue, std::span<const keylane::storage::HashGroupId>, uint64_t, uint64_t)’:
/mnt/dev/keylane/src/storage/engine/grouped_mutation.cpp:67:50: warning: missing initializer for member ‘keylane::storage::HashGroupSnapshot::value_’ [-Wmissing-field-initializers]
   67 |                                         .id_ = id})
      |                                                  ^
/mnt/dev/keylane/src/storage/engine/grouped_mutation.cpp:95:29: warning: missing initializer for member ‘keylane::storage::HashGroupSnapshot::value_’ [-Wmissing-field-initializers]
   95 |       plan.writes_.push_back({.incarnation_ = plan.root_.incarnation_,
      |       ~~~~~~~~~~~~~~~~~~~~~~^~~~~~~~~~~~~~~~~~~~~~~~~~~~~~~~~~~~~~~~~~
   96 |                               .id_ = id,
      |                               ~~~~~~~~~~
   97 |                               .retired_ = true});
      |                               ~~~~~~~~~~~~~~~~~~
[ 82%] Building CXX object CMakeFiles/keylane_module.dir/src/storage/engine/grouped_metadata.cpp.o
[ 84%] Building CXX object CMakeFiles/keylane_module.dir/src/storage/engine/replica_collection.cpp.o
[ 84%] Building CXX object CMakeFiles/keylane_module.dir/src/storage/engine/grouped_lifecycle.cpp.o
[ 84%] Building CXX object CMakeFiles/keylane_module.dir/src/storage/engine/grouped_object_index.cpp.o
[ 84%] Building CXX object CMakeFiles/keylane_module.dir/src/storage/engine/hash_tree.cpp.o
[ 84%] Building CXX object CMakeFiles/keylane_module.dir/src/storage/engine/init.cpp.o
[ 84%] Building CXX object CMakeFiles/keylane_module.dir/src/storage/engine/list_api.cpp.o
[ 86%] Building CXX object CMakeFiles/keylane_module.dir/src/storage/engine/list_tree.cpp.o
[ 86%] Building CXX object CMakeFiles/keylane_module.dir/src/storage/engine/metrics.cpp.o
[ 86%] Building CXX object CMakeFiles/keylane_module.dir/src/storage/engine/read.cpp.o
[ 86%] Building CXX object CMakeFiles/keylane_module.dir/src/storage/engine/recovery.cpp.o
[ 86%] Building CXX object CMakeFiles/keylane_module.dir/src/storage/engine/replication.cpp.o
[ 86%] Building CXX object CMakeFiles/keylane_module.dir/src/storage/engine/replication_log.cpp.o
/mnt/dev/keylane/src/storage/engine/replication.cpp: In member function ‘celer::Task<absl::lts_20250512::StatusOr<long unsigned int> > keylane::storage::StorageEngine::Impl::PinFullSyncValue(WorkerStore&, uint64_t, WorkerStore::PartitionStore&, keylane::storage::RecordLocation, keylane::storage::ExtentManifest, std::size_t)’:
/mnt/dev/keylane/src/storage/engine/replication.cpp:149:11: warning: missing initializer for member ‘keylane::storage::StorageEngine::Impl::WorkerStore::FullSyncCapture::PinnedValue::collection_’ [-Wmissing-field-initializers]
  149 |           });
      |           ^
[ 88%] Building CXX object CMakeFiles/keylane_module.dir/src/storage/engine/system_state.cpp.o
[ 88%] Building CXX object CMakeFiles/keylane_module.dir/src/storage/engine/tomb_raider.cpp.o
[ 88%] Building CXX object CMakeFiles/keylane_module.dir/src/storage/engine/tx_cleaner.cpp.o
[ 88%] Building CXX object CMakeFiles/keylane_module.dir/src/storage/engine/write.cpp.o
[ 88%] Linking CXX static library libkeylane_module.a
[100%] Built target keylane_module
[100%] Linking CXX executable keylane
[100%] Built target keylane
[  0%] Built target keylane_lease_clock
[  0%] Built target gtest
[  8%] Built target keylane_lua
[ 11%] Built target absl_time_zone
[ 11%] Built target absl_log_severity
[ 11%] Built target absl_spinlock_wait
[ 13%] Built target absl_utf8_for_code_point
[ 13%] Built target absl_strerror
[ 13%] Built target absl_leak_check
[ 13%] Built target absl_exponential_biased
[ 16%] Built target celer_liburing_build
[ 16%] Built target absl_civil_time
[ 16%] Building CXX object _deps/googletest-build/googletest/CMakeFiles/gtest_main.dir/src/gtest_main.cc.o
[ 18%] Built target absl_raw_logging_internal
[ 23%] Built target mimalloc-static
[ 23%] Built target absl_throw_delegate
[ 25%] Built target absl_base
[ 26%] Built target absl_debugging_internal
[ 26%] Built target absl_cordz_functions
[ 26%] Built target absl_malloc_internal
[ 26%] Built target absl_tracing_internal
[ 28%] Built target absl_crc_cpu_detect
[ 30%] Built target absl_strings_internal
[ 30%] Built target absl_int128
[ 30%] Built target absl_string_view
[ 31%] Built target absl_stacktrace
[ 31%] Built target absl_decode_rust_punycode
[ 31%] Built target absl_graphcycles_internal
[ 31%] Built target absl_city
[ 31%] Built target absl_low_level_hash
[ 31%] Built target absl_demangle_rust
[ 31%] Built target absl_crc_internal
[ 36%] Built target absl_strings
[ 38%] Built target absl_demangle_internal
[ 41%] Built target absl_time
[ 41%] Built target absl_str_format_internal
[ 41%] Built target absl_hash
[ 41%] Built target absl_symbolize
[ 43%] Built target absl_crc32c
[ 45%] Built target absl_kernel_timeout_internal
[ 45%] Built target absl_crc_cord_state
[ 48%] Built target absl_synchronization
[ 50%] Built target absl_cord_internal
[ 51%] Built target absl_cordz_handle
[ 53%] Built target absl_hashtablez_sampler
[ 53%] Built target absl_cordz_info
[ 55%] Built target absl_cord
[ 55%] Built target absl_raw_hash_set
[ 55%] Built target absl_status
[ 56%] Built target absl_statusor
[ 56%] Built target keylane_control_protocol
[ 60%] Built target celer
[ 61%] Built target celer_rpc
[ 61%] Built target keylane_control_transport
[ 85%] Built target keylane_module
[ 86%] Linking CXX static library ../../../lib/libgtest_main.a
[ 86%] Built target gtest_main
[ 88%] Building CXX object CMakeFiles/keylane_unit_tests.dir/tests/cluster_authority_test.cpp.o
[ 88%] Building CXX object CMakeFiles/keylane_unit_tests.dir/tests/buffer_pool_test.cpp.o
[ 88%] Building CXX object CMakeFiles/keylane_unit_tests.dir/tests/cluster_command_test.cpp.o
[ 88%] Building CXX object CMakeFiles/keylane_unit_tests.dir/tests/cluster_control_port_test.cpp.o
[ 88%] Building CXX object CMakeFiles/keylane_unit_tests.dir/tests/cluster_topology_test.cpp.o
[ 88%] Building CXX object CMakeFiles/keylane_unit_tests.dir/tests/config_test.cpp.o
[ 88%] Building CXX object CMakeFiles/keylane_unit_tests.dir/tests/control_protocol_test.cpp.o
[ 90%] Building CXX object CMakeFiles/keylane_unit_tests.dir/tests/control_transport_test.cpp.o
[ 90%] Building CXX object CMakeFiles/keylane_unit_tests.dir/tests/cross_core_active_sender_test.cpp.o
[ 90%] Building CXX object CMakeFiles/keylane_unit_tests.dir/tests/cross_worker_mutex_test.cpp.o
[ 90%] Building CXX object CMakeFiles/keylane_unit_tests.dir/tests/device_affinity_test.cpp.o
[ 90%] Building CXX object CMakeFiles/keylane_unit_tests.dir/tests/foreign_executor_test.cpp.o
[ 90%] Building CXX object CMakeFiles/keylane_unit_tests.dir/tests/grouped_hash_test.cpp.o
[ 91%] Building CXX object CMakeFiles/keylane_unit_tests.dir/tests/grouped_commit_decision_test.cpp.o
[ 91%] Building CXX object CMakeFiles/keylane_unit_tests.dir/tests/grouped_collection_test.cpp.o
[ 91%] Building CXX object CMakeFiles/keylane_unit_tests.dir/tests/grouped_sorted_rewrite_test.cpp.o
[ 91%] Building CXX object CMakeFiles/keylane_unit_tests.dir/tests/ordered_compact_codec_test.cpp.o
[ 91%] Building CXX object CMakeFiles/keylane_unit_tests.dir/tests/collection_compact_stream_test.cpp.o
[ 91%] Building CXX object CMakeFiles/keylane_unit_tests.dir/tests/grouped_ordered_object_test.cpp.o
[ 93%] Building CXX object CMakeFiles/keylane_unit_tests.dir/tests/record_payload_cursor_test.cpp.o
[ 93%] Building CXX object CMakeFiles/keylane_unit_tests.dir/tests/grouped_object_index_test.cpp.o
[ 93%] Building CXX object CMakeFiles/keylane_unit_tests.dir/tests/local_shared_ptr_test.cpp.o
[ 93%] Building CXX object CMakeFiles/keylane_unit_tests.dir/tests/logging_test.cpp.o
[ 93%] Building CXX object CMakeFiles/keylane_unit_tests.dir/tests/lua_eval_test.cpp.o
[ 93%] Building CXX object CMakeFiles/keylane_unit_tests.dir/tests/memory_test.cpp.o
[ 93%] Building CXX object CMakeFiles/keylane_unit_tests.dir/tests/meta_control_test.cpp.o
[ 95%] Building CXX object CMakeFiles/keylane_unit_tests.dir/tests/meta_client_test.cpp.o
[ 95%] Building CXX object CMakeFiles/keylane_unit_tests.dir/tests/node_control_test.cpp.o
[ 95%] Building CXX object CMakeFiles/keylane_unit_tests.dir/tests/resp_test.cpp.o
[ 95%] Building CXX object CMakeFiles/keylane_unit_tests.dir/tests/scan_hash_map_test.cpp.o
[ 95%] Building CXX object CMakeFiles/keylane_unit_tests.dir/tests/source_authorization_test.cpp.o
[ 95%] Building CXX object CMakeFiles/keylane_unit_tests.dir/tests/command_table_test.cpp.o
[ 96%] Building CXX object CMakeFiles/keylane_unit_tests.dir/tests/random_sample_test.cpp.o
[ 96%] Building CXX object CMakeFiles/keylane_unit_tests.dir/tests/rdb_test.cpp.o
[ 96%] Building CXX object CMakeFiles/keylane_unit_tests.dir/tests/rdb_collection_test.cpp.o
[ 96%] Building CXX object CMakeFiles/keylane_unit_tests.dir/tests/record_location_test.cpp.o
[ 96%] Building CXX object CMakeFiles/keylane_unit_tests.dir/tests/request_gate_test.cpp.o
[ 96%] Building CXX object CMakeFiles/keylane_unit_tests.dir/tests/replication_command_test.cpp.o
[ 98%] Building CXX object CMakeFiles/keylane_unit_tests.dir/tests/replication_group_test.cpp.o
[ 98%] Building CXX object CMakeFiles/keylane_unit_tests.dir/tests/replica_applied_frontier_test.cpp.o
[ 98%] Building CXX object CMakeFiles/keylane_unit_tests.dir/tests/ring_buffer_test.cpp.o
[ 98%] Building CXX object CMakeFiles/keylane_unit_tests.dir/tests/tx_lock_test.cpp.o
[ 98%] Building CXX object CMakeFiles/keylane_unit_tests.dir/tests/storage_format_test.cpp.o
[ 98%] Building CXX object CMakeFiles/keylane_unit_tests.dir/tests/storage_capacity_test.cpp.o
[100%] Building CXX object CMakeFiles/keylane_unit_tests.dir/tests/tx_cleaner_test.cpp.o
[100%] Building CXX object CMakeFiles/keylane_unit_tests.dir/tests/tcp_nodelay_accept_test.cpp.o
[100%] Linking CXX executable keylane_unit_tests
[100%] Built target keylane_unit_tests
[  0%] Built target keylane_lease_clock
[  0%] Built target gtest
[  9%] Built target keylane_lua
[ 13%] Built target absl_time_zone
[ 13%] Built target absl_log_severity
[ 13%] Built target absl_spinlock_wait
[ 15%] Built target absl_utf8_for_code_point
[ 15%] Built target absl_strerror
[ 15%] Built target absl_leak_check
[ 19%] Built target celer_liburing_build
[ 19%] Built target absl_exponential_biased
[ 19%] Built target absl_civil_time
[ 21%] Built target absl_raw_logging_internal
[ 26%] Built target mimalloc-static
[ 26%] Built target absl_throw_delegate
[ 28%] Built target absl_debugging_internal
[ 30%] Built target absl_base
[ 30%] Built target absl_cordz_functions
[ 30%] Built target absl_tracing_internal
[ 32%] Built target absl_stacktrace
[ 32%] Built target absl_malloc_internal
[ 34%] Built target absl_crc_cpu_detect
[ 34%] Built target absl_int128
[ 34%] Built target absl_string_view
[ 36%] Built target absl_strings_internal
[ 36%] Built target absl_decode_rust_punycode
[ 36%] Built target absl_city
[ 36%] Built target absl_graphcycles_internal
[ 36%] Built target absl_low_level_hash
[ 36%] Built target absl_crc_internal
[ 36%] Built target absl_demangle_rust
[ 42%] Built target absl_strings
[ 44%] Built target absl_demangle_internal
[ 44%] Built target absl_hash
[ 48%] Built target absl_str_format_internal
[ 48%] Built target absl_time
[ 48%] Built target absl_symbolize
[ 50%] Built target absl_kernel_timeout_internal
[ 51%] Built target absl_crc32c
[ 51%] Built target absl_crc_cord_state
[ 55%] Built target absl_synchronization
[ 59%] Built target absl_cord_internal
[ 59%] Built target absl_cordz_handle
[ 61%] Built target absl_hashtablez_sampler
[ 61%] Built target absl_cordz_info
[ 63%] Built target absl_cord
[ 63%] Built target absl_raw_hash_set
[ 63%] Built target absl_status
[ 65%] Built target absl_statusor
[ 65%] Built target keylane_control_protocol
[ 69%] Built target celer
[ 71%] Built target celer_rpc
[ 71%] Built target keylane_control_transport
[ 98%] Built target keylane_module
[ 98%] Building CXX object CMakeFiles/keylane_grouped_hash_write_e2e_test.dir/tests/grouped_hash_write_e2e_test.cpp.o
[100%] Linking CXX executable keylane_grouped_hash_write_e2e_test
[100%] Built target keylane_grouped_hash_write_e2e_test
[  0%] Built target keylane_lease_clock
[  0%] Built target gtest
[  9%] Built target keylane_lua
[ 13%] Built target absl_time_zone
[ 13%] Built target absl_spinlock_wait
[ 13%] Built target absl_log_severity
[ 13%] Built target absl_strerror
[ 15%] Built target absl_utf8_for_code_point
[ 15%] Built target absl_leak_check
[ 15%] Built target absl_exponential_biased
[ 19%] Built target celer_liburing_build
[ 19%] Built target absl_civil_time
[ 21%] Built target absl_raw_logging_internal
[ 26%] Built target mimalloc-static
[ 26%] Built target absl_throw_delegate
[ 28%] Built target absl_debugging_internal
[ 30%] Built target absl_base
[ 30%] Built target absl_cordz_functions
[ 30%] Built target absl_tracing_internal
[ 32%] Built target absl_stacktrace
[ 32%] Built target absl_malloc_internal
[ 34%] Built target absl_crc_cpu_detect
[ 36%] Built target absl_int128
[ 36%] Built target absl_strings_internal
[ 36%] Built target absl_string_view
[ 36%] Built target absl_decode_rust_punycode
[ 36%] Built target absl_city
[ 36%] Built target absl_low_level_hash
[ 36%] Built target absl_graphcycles_internal
[ 36%] Built target absl_crc_internal
[ 36%] Built target absl_demangle_rust
[ 42%] Built target absl_strings
[ 44%] Built target absl_demangle_internal
[ 44%] Built target absl_hash
[ 48%] Built target absl_time
[ 48%] Built target absl_str_format_internal
[ 48%] Built target absl_symbolize
[ 50%] Built target absl_kernel_timeout_internal
[ 51%] Built target absl_crc32c
[ 51%] Built target absl_crc_cord_state
[ 55%] Built target absl_synchronization
[ 59%] Built target absl_cord_internal
[ 59%] Built target absl_cordz_handle
[ 61%] Built target absl_hashtablez_sampler
[ 61%] Built target absl_cordz_info
[ 63%] Built target absl_cord
[ 63%] Built target absl_raw_hash_set
[ 63%] Built target absl_status
[ 65%] Built target absl_statusor
[ 65%] Built target keylane_control_protocol
[ 69%] Built target celer
[ 71%] Built target keylane_control_transport
[ 71%] Built target celer_rpc
[ 98%] Built target keylane_module
[100%] Linking CXX executable keylane_list_e2e_test
[100%] Built target keylane_list_e2e_test
