java -cp /mnt/dev/YCSB-hreplace-dist/redis-binding/conf:/mnt/dev/YCSB-hreplace-dist/conf:/mnt/dev/YCSB-hreplace-dist/lib/htrace-core4-4.1.0-incubating.jar:/mnt/dev/YCSB-hreplace-dist/lib/slf4j-api-1.7.25.jar:/mnt/dev/YCSB-hreplace-dist/lib/jackson-mapper-asl-1.9.4.jar:/mnt/dev/YCSB-hreplace-dist/lib/HdrHistogram-2.1.12.jar:/mnt/dev/YCSB-hreplace-dist/lib/jackson-core-asl-1.9.4.jar:/mnt/dev/YCSB-hreplace-dist/lib/jedis-3.9.0.jar:/mnt/dev/YCSB-hreplace-dist/lib/core-0.18.0-SNAPSHOT.jar:/mnt/dev/YCSB-hreplace-dist/lib/commons-pool2-2.11.1.jar:/mnt/dev/YCSB-hreplace-dist/lib/redis-binding-0.18.0-SNAPSHOT.jar site.ycsb.Client -db site.ycsb.db.RedisClient -s -threads 256 -P /mnt/dev/YCSB-hreplace-dist/workloads/workloada -p recordcount=100000000 -p operationcount=5000000 -p fieldcount=10 -p fieldlength=128 -p fieldlengthdistribution=constant -p readallfields=true -p writeallfields=true -p insertorder=hashed -p requestdistribution=uniform -p readproportion=1 -p updateproportion=0 -p insertproportion=0 -p scanproportion=0 -p readmodifywriteproportion=0 -p measurementtype=hdrhistogram -p measurement.interval=both -p hdrhistogram.percentiles=50,95,99,99.9,99.99 -p status.interval=10 -p redis.host=172.16.0.4 -p redis.port=16379 -p redis.scanindex=none -p redis.timeout=10000 -p redis.cluster=false -p redis.updatecommand=hmset -t
Command line: -db site.ycsb.db.RedisClient -s -threads 256 -P /mnt/dev/YCSB-hreplace-dist/workloads/workloada -p recordcount=100000000 -p operationcount=5000000 -p fieldcount=10 -p fieldlength=128 -p fieldlengthdistribution=constant -p readallfields=true -p writeallfields=true -p insertorder=hashed -p requestdistribution=uniform -p readproportion=1 -p updateproportion=0 -p insertproportion=0 -p scanproportion=0 -p readmodifywriteproportion=0 -p measurementtype=hdrhistogram -p measurement.interval=both -p hdrhistogram.percentiles=50,95,99,99.9,99.99 -p status.interval=10 -p redis.host=172.16.0.4 -p redis.port=16379 -p redis.scanindex=none -p redis.timeout=10000 -p redis.cluster=false -p redis.updatecommand=hmset -t
YCSB Client 0.18.0-SNAPSHOT

Loading workload...
Starting test.
SLF4J: Failed to load class "org.slf4j.impl.StaticLoggerBinder".
SLF4J: Defaulting to no-operation (NOP) logger implementation
SLF4J: See http://www.slf4j.org/codes.html#StaticLoggerBinder for further details.
2026-09-13 14:03:42:371 0 sec: 0 operations; est completion in 0 second 
DBWrapper: report latency for each error is false and specific error codes to track for latency are: []
2026-09-13 14:03:52:335 10 sec: 4820875 operations; 482087.5 current ops/sec; est completion in 1 second [READ: Count=4821423, Max=80191, Min=221, Avg=520.54, 50=491, 90=635, 99=1280, 99.9=3691, 99.99=8231] [CLEANUP: Count=69, Max=752, Min=22, Avg=84.83, 50=70, 90=131, 99=752, 99.9=752, 99.99=752] [Intended-READ: Count=4825336, Max=80191, Min=221, Avg=520.56, 50=491, 90=635, 99=1282, 99.9=3691, 99.99=8231] [Intended-CLEANUP: Count=69, Max=753, Min=22, Avg=85.91, 50=71, 90=133, 99=753, 99.9=753, 99.99=753] 
2026-09-13 14:03:53:369 11 sec: 5000000 operations; 173235.01 current ops/sec; [READ: Count=178577, Max=3411, Min=224, Avg=402.04, 50=392, 90=490, 99=617, 99.9=1435, 99.99=2913] [CLEANUP: Count=187, Max=123, Min=13, Avg=30.4, 50=23, 90=54, 99=111, 99.9=123, 99.99=123] [Intended-READ: Count=174664, Max=3411, Min=224, Avg=399.77, 50=392, 90=488, 99=607, 99.9=1200, 99.99=2767] [Intended-CLEANUP: Count=187, Max=123, Min=14, Avg=30.82, 50=23, 90=54, 99=111, 99.9=123, 99.99=123] 
[OVERALL], RunTime(ms), 11034
[OVERALL], Throughput(ops/sec), 453144.8250860975
[TOTAL_GCS_G1_Young_Generation], Count, 75
[TOTAL_GC_TIME_G1_Young_Generation], Time(ms), 68
[TOTAL_GC_TIME_%_G1_Young_Generation], Time(%), 0.6162769621170927
[TOTAL_GCS_G1_Old_Generation], Count, 0
[TOTAL_GC_TIME_G1_Old_Generation], Time(ms), 0
[TOTAL_GC_TIME_%_G1_Old_Generation], Time(%), 0.0
[TOTAL_GCs], Count, 75
[TOTAL_GC_TIME], Time(ms), 68
[TOTAL_GC_TIME_%], Time(%), 0.6162769621170927
[READ], Operations, 5000000
[READ], AverageLatency(us), 516.3066394
[READ], MinLatency(us), 221
[READ], MaxLatency(us), 80191
[READ], 50thPercentileLatency(us), 488
[READ], 95thPercentileLatency(us), 691
[READ], 99thPercentileLatency(us), 1256
[READ], 99.9PercentileLatency(us), 3653
[READ], 99.99PercentileLatency(us), 8051
[READ], Return=OK, 5000000
[CLEANUP], Operations, 256
[CLEANUP], AverageLatency(us), 45.0703125
[CLEANUP], MinLatency(us), 13
[CLEANUP], MaxLatency(us), 752
[CLEANUP], 50thPercentileLatency(us), 29
[CLEANUP], 95thPercentileLatency(us), 116
[CLEANUP], 99thPercentileLatency(us), 160
[CLEANUP], 99.9PercentileLatency(us), 752
[CLEANUP], 99.99PercentileLatency(us), 752
[Intended-READ], Operations, 5000000
[Intended-READ], AverageLatency(us), 516.3417146
[Intended-READ], MinLatency(us), 221
[Intended-READ], MaxLatency(us), 80191
[Intended-READ], 50thPercentileLatency(us), 488
[Intended-READ], 95thPercentileLatency(us), 691
[Intended-READ], 99thPercentileLatency(us), 1256
[Intended-READ], 99.9PercentileLatency(us), 3653
[Intended-READ], 99.99PercentileLatency(us), 8051
[Intended-CLEANUP], Operations, 256
[Intended-CLEANUP], AverageLatency(us), 45.66796875
[Intended-CLEANUP], MinLatency(us), 14
[Intended-CLEANUP], MaxLatency(us), 753
[Intended-CLEANUP], 50thPercentileLatency(us), 29
[Intended-CLEANUP], 95thPercentileLatency(us), 118
[Intended-CLEANUP], 99thPercentileLatency(us), 162
[Intended-CLEANUP], 99.9PercentileLatency(us), 753
[Intended-CLEANUP], 99.99PercentileLatency(us), 753
