java -cp /mnt/dev/YCSB-hreplace-dist/redis-binding/conf:/mnt/dev/YCSB-hreplace-dist/conf:/mnt/dev/YCSB-hreplace-dist/lib/htrace-core4-4.1.0-incubating.jar:/mnt/dev/YCSB-hreplace-dist/lib/slf4j-api-1.7.25.jar:/mnt/dev/YCSB-hreplace-dist/lib/jackson-mapper-asl-1.9.4.jar:/mnt/dev/YCSB-hreplace-dist/lib/HdrHistogram-2.1.12.jar:/mnt/dev/YCSB-hreplace-dist/lib/jackson-core-asl-1.9.4.jar:/mnt/dev/YCSB-hreplace-dist/lib/jedis-3.9.0.jar:/mnt/dev/YCSB-hreplace-dist/lib/core-0.18.0-SNAPSHOT.jar:/mnt/dev/YCSB-hreplace-dist/lib/commons-pool2-2.11.1.jar:/mnt/dev/YCSB-hreplace-dist/lib/redis-binding-0.18.0-SNAPSHOT.jar site.ycsb.Client -db site.ycsb.db.RedisClient -s -threads 256 -P /mnt/dev/YCSB-hreplace-dist/workloads/workloada -target 100000 -p recordcount=100000000 -p operationcount=5000000 -p fieldcount=10 -p fieldlength=128 -p fieldlengthdistribution=constant -p readallfields=true -p writeallfields=true -p insertorder=hashed -p requestdistribution=uniform -p readproportion=1 -p updateproportion=0 -p insertproportion=0 -p scanproportion=0 -p readmodifywriteproportion=0 -p measurementtype=hdrhistogram -p measurement.interval=both -p hdrhistogram.percentiles=50,95,99,99.9,99.99 -p status.interval=10 -p redis.host=172.16.0.4 -p redis.port=16379 -p redis.scanindex=none -p redis.timeout=10000 -p redis.cluster=false -p redis.updatecommand=hmset -t
Command line: -db site.ycsb.db.RedisClient -s -threads 256 -P /mnt/dev/YCSB-hreplace-dist/workloads/workloada -target 100000 -p recordcount=100000000 -p operationcount=5000000 -p fieldcount=10 -p fieldlength=128 -p fieldlengthdistribution=constant -p readallfields=true -p writeallfields=true -p insertorder=hashed -p requestdistribution=uniform -p readproportion=1 -p updateproportion=0 -p insertproportion=0 -p scanproportion=0 -p readmodifywriteproportion=0 -p measurementtype=hdrhistogram -p measurement.interval=both -p hdrhistogram.percentiles=50,95,99,99.9,99.99 -p status.interval=10 -p redis.host=172.16.0.4 -p redis.port=16379 -p redis.scanindex=none -p redis.timeout=10000 -p redis.cluster=false -p redis.updatecommand=hmset -t
YCSB Client 0.18.0-SNAPSHOT

Loading workload...
Starting test.
SLF4J: Failed to load class "org.slf4j.impl.StaticLoggerBinder".
SLF4J: Defaulting to no-operation (NOP) logger implementation
SLF4J: See http://www.slf4j.org/codes.html#StaticLoggerBinder for further details.
2026-09-13 13:36:34:459 0 sec: 0 operations; est completion in 0 second 
DBWrapper: report latency for each error is false and specific error codes to track for latency are: []
2026-09-13 13:36:44:401 10 sec: 991887 operations; 99188.7 current ops/sec; est completion in 41 seconds [READ: Count=991946, Max=12647, Min=209, Avg=336.67, 50=317, 90=406, 99=561, 99.9=1848, 99.99=3925] [Intended-READ: Count=992460, Max=75391, Min=231, Avg=475.02, 50=376, 90=466, 99=1071, 99.9=32591, 99.99=60255] 
2026-09-13 13:36:54:401 20 sec: 1991882 operations; 99999.5 current ops/sec; est completion in 31 seconds [READ: Count=999975, Max=2275, Min=213, Avg=331.68, 50=319, 90=404, 99=501, 99.9=855, 99.99=1145] [Intended-READ: Count=999595, Max=2647, Min=239, Avg=390.1, 50=378, 90=464, 99=566, 99.9=1004, 99.99=1249] 
2026-09-13 13:37:04:401 30 sec: 2991893 operations; 100001.1 current ops/sec; est completion in 21 seconds [READ: Count=1000026, Max=3575, Min=211, Avg=329.21, 50=316, 90=401, 99=498, 99.9=876, 99.99=1406] [Intended-READ: Count=999950, Max=3639, Min=234, Avg=387.68, 50=375, 90=460, 99=564, 99.9=1012, 99.99=1513] 
2026-09-13 13:37:14:401 40 sec: 3991895 operations; 100000.2 current ops/sec; est completion in 11 seconds [READ: Count=999985, Max=3601, Min=208, Avg=328.32, 50=315, 90=399, 99=499, 99.9=891, 99.99=1701] [Intended-READ: Count=999996, Max=3663, Min=233, Avg=386.85, 50=374, 90=459, 99=565, 99.9=1030, 99.99=1765] 
2026-09-13 13:37:24:400 50 sec: 4991880 operations; 99998.5 current ops/sec; est completion in 1 second [READ: Count=999988, Max=4907, Min=212, Avg=330.61, 50=317, 90=402, 99=503, 99.9=1027, 99.99=2617] [Intended-READ: Count=1000114, Max=4963, Min=239, Avg=389.27, 50=376, 90=461, 99=570, 99.9=1160, 99.99=2675] 
2026-09-13 13:37:24:504 50 sec: 5000000 operations; 78076.92 current ops/sec; [READ: Count=8080, Max=1168, Min=224, Avg=329.02, 50=316, 90=402, 99=504, 99.9=802, 99.99=1168] [CLEANUP: Count=256, Max=940, Min=10, Avg=50.98, 50=16, 90=29, 99=917, 99.9=940, 99.99=940] [Intended-READ: Count=7885, Max=1232, Min=264, Avg=386.76, 50=374, 90=460, 99=567, 99.9=1001, 99.99=1232] [Intended-CLEANUP: Count=256, Max=942, Min=11, Avg=51.23, 50=16, 90=29, 99=918, 99.9=942, 99.99=942] 
[OVERALL], RunTime(ms), 50103
[OVERALL], Throughput(ops/sec), 99794.42348761551
[TOTAL_GCS_G1_Young_Generation], Count, 92
[TOTAL_GC_TIME_G1_Young_Generation], Time(ms), 68
[TOTAL_GC_TIME_%_G1_Young_Generation], Time(%), 0.1357204159431571
[TOTAL_GCS_G1_Old_Generation], Count, 0
[TOTAL_GC_TIME_G1_Old_Generation], Time(ms), 0
[TOTAL_GC_TIME_%_G1_Old_Generation], Time(%), 0.0
[TOTAL_GCs], Count, 92
[TOTAL_GC_TIME], Time(ms), 68
[TOTAL_GC_TIME_%], Time(%), 0.1357204159431571
[READ], Operations, 5000000
[READ], AverageLatency(us), 331.2862956
[READ], MinLatency(us), 208
[READ], MaxLatency(us), 12647
[READ], 50thPercentileLatency(us), 317
[READ], 95thPercentileLatency(us), 430
[READ], 99thPercentileLatency(us), 508
[READ], 99.9PercentileLatency(us), 1078
[READ], 99.99PercentileLatency(us), 2673
[READ], Return=OK, 5000000
[CLEANUP], Operations, 256
[CLEANUP], AverageLatency(us), 50.98046875
[CLEANUP], MinLatency(us), 10
[CLEANUP], MaxLatency(us), 940
[CLEANUP], 50thPercentileLatency(us), 16
[CLEANUP], 95thPercentileLatency(us), 209
[CLEANUP], 99thPercentileLatency(us), 917
[CLEANUP], 99.9PercentileLatency(us), 940
[CLEANUP], 99.99PercentileLatency(us), 940
[Intended-READ], Operations, 5000000
[Intended-READ], AverageLatency(us), 405.6501324
[Intended-READ], MinLatency(us), 231
[Intended-READ], MaxLatency(us), 75391
[Intended-READ], 50thPercentileLatency(us), 376
[Intended-READ], 95thPercentileLatency(us), 491
[Intended-READ], 99thPercentileLatency(us), 582
[Intended-READ], 99.9PercentileLatency(us), 2079
[Intended-READ], 99.99PercentileLatency(us), 46335
[Intended-CLEANUP], Operations, 256
[Intended-CLEANUP], AverageLatency(us), 51.2265625
[Intended-CLEANUP], MinLatency(us), 11
[Intended-CLEANUP], MaxLatency(us), 942
[Intended-CLEANUP], 50thPercentileLatency(us), 16
[Intended-CLEANUP], 95thPercentileLatency(us), 209
[Intended-CLEANUP], 99thPercentileLatency(us), 918
[Intended-CLEANUP], 99.9PercentileLatency(us), 942
[Intended-CLEANUP], 99.99PercentileLatency(us), 942
