java -cp /mnt/dev/YCSB-hreplace-dist/redis-binding/conf:/mnt/dev/YCSB-hreplace-dist/conf:/mnt/dev/YCSB-hreplace-dist/lib/htrace-core4-4.1.0-incubating.jar:/mnt/dev/YCSB-hreplace-dist/lib/slf4j-api-1.7.25.jar:/mnt/dev/YCSB-hreplace-dist/lib/jackson-mapper-asl-1.9.4.jar:/mnt/dev/YCSB-hreplace-dist/lib/HdrHistogram-2.1.12.jar:/mnt/dev/YCSB-hreplace-dist/lib/jackson-core-asl-1.9.4.jar:/mnt/dev/YCSB-hreplace-dist/lib/jedis-3.9.0.jar:/mnt/dev/YCSB-hreplace-dist/lib/core-0.18.0-SNAPSHOT.jar:/mnt/dev/YCSB-hreplace-dist/lib/commons-pool2-2.11.1.jar:/mnt/dev/YCSB-hreplace-dist/lib/redis-binding-0.18.0-SNAPSHOT.jar site.ycsb.Client -db site.ycsb.db.RedisClient -s -threads 256 -P /mnt/dev/YCSB-hreplace-dist/workloads/workloada -p recordcount=100000000 -p operationcount=1000000 -p fieldcount=10 -p fieldlength=128 -p fieldlengthdistribution=constant -p readallfields=true -p writeallfields=true -p insertorder=hashed -p requestdistribution=uniform -p readproportion=1 -p updateproportion=0 -p insertproportion=0 -p scanproportion=0 -p readmodifywriteproportion=0 -p measurementtype=hdrhistogram -p measurement.interval=both -p hdrhistogram.percentiles=50,95,99,99.9,99.99 -p status.interval=10 -p redis.host=172.16.0.4 -p redis.port=16379 -p redis.scanindex=none -p redis.timeout=10000 -p redis.cluster=false -p redis.updatecommand=hmset -t
Command line: -db site.ycsb.db.RedisClient -s -threads 256 -P /mnt/dev/YCSB-hreplace-dist/workloads/workloada -p recordcount=100000000 -p operationcount=1000000 -p fieldcount=10 -p fieldlength=128 -p fieldlengthdistribution=constant -p readallfields=true -p writeallfields=true -p insertorder=hashed -p requestdistribution=uniform -p readproportion=1 -p updateproportion=0 -p insertproportion=0 -p scanproportion=0 -p readmodifywriteproportion=0 -p measurementtype=hdrhistogram -p measurement.interval=both -p hdrhistogram.percentiles=50,95,99,99.9,99.99 -p status.interval=10 -p redis.host=172.16.0.4 -p redis.port=16379 -p redis.scanindex=none -p redis.timeout=10000 -p redis.cluster=false -p redis.updatecommand=hmset -t
YCSB Client 0.18.0-SNAPSHOT

Loading workload...
Starting test.
SLF4J: Failed to load class "org.slf4j.impl.StaticLoggerBinder".
SLF4J: Defaulting to no-operation (NOP) logger implementation
SLF4J: See http://www.slf4j.org/codes.html#StaticLoggerBinder for further details.
2026-09-13 14:02:18:526 0 sec: 0 operations; est completion in 0 second 
DBWrapper: report latency for each error is false and specific error codes to track for latency are: []
2026-09-13 14:02:21:246 2 sec: 1000000 operations; 362318.84 current ops/sec; [READ: Count=1000000, Max=85567, Min=232, Avg=621.67, 50=512, 90=839, 99=2367, 99.9=7379, 99.99=48799] [CLEANUP: Count=256, Max=1014, Min=13, Avg=32.3, 50=21, 90=51, 99=123, 99.9=1014, 99.99=1014] [Intended-READ: Count=1000000, Max=85567, Min=232, Avg=621.72, 50=512, 90=839, 99=2367, 99.9=7379, 99.99=48799] [Intended-CLEANUP: Count=256, Max=1032, Min=13, Avg=32.81, 50=22, 90=51, 99=124, 99.9=1032, 99.99=1032] 
[OVERALL], RunTime(ms), 2760
[OVERALL], Throughput(ops/sec), 362318.84057971014
[TOTAL_GCS_G1_Young_Generation], Count, 16
[TOTAL_GC_TIME_G1_Young_Generation], Time(ms), 32
[TOTAL_GC_TIME_%_G1_Young_Generation], Time(%), 1.1594202898550725
[TOTAL_GCS_G1_Old_Generation], Count, 0
[TOTAL_GC_TIME_G1_Old_Generation], Time(ms), 0
[TOTAL_GC_TIME_%_G1_Old_Generation], Time(%), 0.0
[TOTAL_GCs], Count, 16
[TOTAL_GC_TIME], Time(ms), 32
[TOTAL_GC_TIME_%], Time(%), 1.1594202898550725
[READ], Operations, 1000000
[READ], AverageLatency(us), 621.674266
[READ], MinLatency(us), 232
[READ], MaxLatency(us), 85567
[READ], 50thPercentileLatency(us), 512
[READ], 95thPercentileLatency(us), 1177
[READ], 99thPercentileLatency(us), 2367
[READ], 99.9PercentileLatency(us), 7379
[READ], 99.99PercentileLatency(us), 48799
[READ], Return=OK, 1000000
[CLEANUP], Operations, 256
[CLEANUP], AverageLatency(us), 32.30078125
[CLEANUP], MinLatency(us), 13
[CLEANUP], MaxLatency(us), 1014
[CLEANUP], 50thPercentileLatency(us), 21
[CLEANUP], 95thPercentileLatency(us), 66
[CLEANUP], 99thPercentileLatency(us), 123
[CLEANUP], 99.9PercentileLatency(us), 1014
[CLEANUP], 99.99PercentileLatency(us), 1014
[Intended-READ], Operations, 1000000
[Intended-READ], AverageLatency(us), 621.716424
[Intended-READ], MinLatency(us), 232
[Intended-READ], MaxLatency(us), 85567
[Intended-READ], 50thPercentileLatency(us), 512
[Intended-READ], 95thPercentileLatency(us), 1177
[Intended-READ], 99thPercentileLatency(us), 2367
[Intended-READ], 99.9PercentileLatency(us), 7379
[Intended-READ], 99.99PercentileLatency(us), 48799
[Intended-CLEANUP], Operations, 256
[Intended-CLEANUP], AverageLatency(us), 32.80859375
[Intended-CLEANUP], MinLatency(us), 13
[Intended-CLEANUP], MaxLatency(us), 1032
[Intended-CLEANUP], 50thPercentileLatency(us), 22
[Intended-CLEANUP], 95thPercentileLatency(us), 67
[Intended-CLEANUP], 99thPercentileLatency(us), 124
[Intended-CLEANUP], 99.9PercentileLatency(us), 1032
[Intended-CLEANUP], 99.99PercentileLatency(us), 1032
