java -cp /mnt/dev/YCSB-hreplace-dist/redis-binding/conf:/mnt/dev/YCSB-hreplace-dist/conf:/mnt/dev/YCSB-hreplace-dist/lib/htrace-core4-4.1.0-incubating.jar:/mnt/dev/YCSB-hreplace-dist/lib/slf4j-api-1.7.25.jar:/mnt/dev/YCSB-hreplace-dist/lib/jackson-mapper-asl-1.9.4.jar:/mnt/dev/YCSB-hreplace-dist/lib/HdrHistogram-2.1.12.jar:/mnt/dev/YCSB-hreplace-dist/lib/jackson-core-asl-1.9.4.jar:/mnt/dev/YCSB-hreplace-dist/lib/jedis-3.9.0.jar:/mnt/dev/YCSB-hreplace-dist/lib/core-0.18.0-SNAPSHOT.jar:/mnt/dev/YCSB-hreplace-dist/lib/commons-pool2-2.11.1.jar:/mnt/dev/YCSB-hreplace-dist/lib/redis-binding-0.18.0-SNAPSHOT.jar site.ycsb.Client -db site.ycsb.db.RedisClient -s -threads 256 -P /mnt/dev/YCSB-hreplace-dist/workloads/workloada -p recordcount=100000000 -p operationcount=5000000 -p fieldcount=10 -p fieldlength=128 -p fieldlengthdistribution=constant -p readallfields=true -p writeallfields=true -p insertorder=hashed -p requestdistribution=uniform -p readproportion=1 -p updateproportion=0 -p insertproportion=0 -p scanproportion=0 -p readmodifywriteproportion=0 -p measurementtype=hdrhistogram -p measurement.interval=both -p hdrhistogram.percentiles=50,95,99,99.9,99.99 -p status.interval=10 -p redis.host=172.16.0.4 -p redis.port=16379 -p redis.scanindex=none -p redis.timeout=10000 -p redis.cluster=false -p redis.updatecommand=hmset -t
Command line: -db site.ycsb.db.RedisClient -s -threads 256 -P /mnt/dev/YCSB-hreplace-dist/workloads/workloada -p recordcount=100000000 -p operationcount=5000000 -p fieldcount=10 -p fieldlength=128 -p fieldlengthdistribution=constant -p readallfields=true -p writeallfields=true -p insertorder=hashed -p requestdistribution=uniform -p readproportion=1 -p updateproportion=0 -p insertproportion=0 -p scanproportion=0 -p readmodifywriteproportion=0 -p measurementtype=hdrhistogram -p measurement.interval=both -p hdrhistogram.percentiles=50,95,99,99.9,99.99 -p status.interval=10 -p redis.host=172.16.0.4 -p redis.port=16379 -p redis.scanindex=none -p redis.timeout=10000 -p redis.cluster=false -p redis.updatecommand=hmset -t
YCSB Client 0.18.0-SNAPSHOT

Loading workload...
Starting test.
SLF4J: Failed to load class "org.slf4j.impl.StaticLoggerBinder".
SLF4J: Defaulting to no-operation (NOP) logger implementation
SLF4J: See http://www.slf4j.org/codes.html#StaticLoggerBinder for further details.
2026-09-13 13:37:27:924 0 sec: 0 operations; est completion in 0 second 
DBWrapper: report latency for each error is false and specific error codes to track for latency are: []
2026-09-13 13:37:37:836 10 sec: 4794821 operations; 479482.1 current ops/sec; est completion in 1 second [READ: Count=4795285, Max=44095, Min=230, Avg=521.24, 50=498, 90=638, 99=1045, 99.9=3111, 99.99=7767] [CLEANUP: Count=43, Max=889, Min=38, Avg=120.93, 50=85, 90=125, 99=889, 99.9=889, 99.99=889] [Intended-READ: Count=4799797, Max=44095, Min=230, Avg=521.24, 50=498, 90=638, 99=1045, 99.9=3109, 99.99=7767] [Intended-CLEANUP: Count=44, Max=891, Min=39, Avg=120.32, 50=86, 90=126, 99=891, 99.9=891, 99.99=891] 
2026-09-13 13:37:38:831 10 sec: 5000000 operations; 206003.01 current ops/sec; [READ: Count=204715, Max=2777, Min=240, Avg=418.69, 50=406, 90=518, 99=661, 99.9=1341, 99.99=2227] [CLEANUP: Count=213, Max=151, Min=13, Avg=32.96, 50=26, 90=60, 99=119, 99.9=151, 99.99=151] [Intended-READ: Count=200203, Max=2777, Min=240, Avg=417.4, 50=405, 90=516, 99=654, 99.9=1328, 99.99=2227] [Intended-CLEANUP: Count=212, Max=151, Min=13, Avg=33.18, 50=26, 90=61, 99=119, 99.9=151, 99.99=151] 
[OVERALL], RunTime(ms), 10995
[OVERALL], Throughput(ops/sec), 454752.16007276037
[TOTAL_GCS_G1_Young_Generation], Count, 75
[TOTAL_GC_TIME_G1_Young_Generation], Time(ms), 66
[TOTAL_GC_TIME_%_G1_Young_Generation], Time(%), 0.6002728512960437
[TOTAL_GCS_G1_Old_Generation], Count, 0
[TOTAL_GC_TIME_G1_Old_Generation], Time(ms), 0
[TOTAL_GC_TIME_%_G1_Old_Generation], Time(%), 0.0
[TOTAL_GCs], Count, 75
[TOTAL_GC_TIME], Time(ms), 66
[TOTAL_GC_TIME_%], Time(%), 0.6002728512960437
[READ], Operations, 5000000
[READ], AverageLatency(us), 517.0446708
[READ], MinLatency(us), 230
[READ], MaxLatency(us), 44095
[READ], 50thPercentileLatency(us), 495
[READ], 95thPercentileLatency(us), 689
[READ], 99thPercentileLatency(us), 1026
[READ], 99.9PercentileLatency(us), 3065
[READ], 99.99PercentileLatency(us), 7351
[READ], Return=OK, 5000000
[CLEANUP], Operations, 256
[CLEANUP], AverageLatency(us), 47.734375
[CLEANUP], MinLatency(us), 13
[CLEANUP], MaxLatency(us), 889
[CLEANUP], 50thPercentileLatency(us), 29
[CLEANUP], 95thPercentileLatency(us), 107
[CLEANUP], 99thPercentileLatency(us), 151
[CLEANUP], 99.9PercentileLatency(us), 889
[CLEANUP], 99.99PercentileLatency(us), 889
[Intended-READ], Operations, 5000000
[Intended-READ], AverageLatency(us), 517.080292
[Intended-READ], MinLatency(us), 230
[Intended-READ], MaxLatency(us), 44095
[Intended-READ], 50thPercentileLatency(us), 495
[Intended-READ], 95thPercentileLatency(us), 689
[Intended-READ], 99thPercentileLatency(us), 1026
[Intended-READ], 99.9PercentileLatency(us), 3065
[Intended-READ], 99.99PercentileLatency(us), 7351
[Intended-CLEANUP], Operations, 256
[Intended-CLEANUP], AverageLatency(us), 48.16015625
[Intended-CLEANUP], MinLatency(us), 13
[Intended-CLEANUP], MaxLatency(us), 891
[Intended-CLEANUP], 50thPercentileLatency(us), 29
[Intended-CLEANUP], 95thPercentileLatency(us), 107
[Intended-CLEANUP], 99thPercentileLatency(us), 151
[Intended-CLEANUP], 99.9PercentileLatency(us), 891
[Intended-CLEANUP], 99.99PercentileLatency(us), 891
