java -cp /mnt/dev/YCSB-hreplace-dist/redis-binding/conf:/mnt/dev/YCSB-hreplace-dist/conf:/mnt/dev/YCSB-hreplace-dist/lib/htrace-core4-4.1.0-incubating.jar:/mnt/dev/YCSB-hreplace-dist/lib/slf4j-api-1.7.25.jar:/mnt/dev/YCSB-hreplace-dist/lib/jackson-mapper-asl-1.9.4.jar:/mnt/dev/YCSB-hreplace-dist/lib/HdrHistogram-2.1.12.jar:/mnt/dev/YCSB-hreplace-dist/lib/jackson-core-asl-1.9.4.jar:/mnt/dev/YCSB-hreplace-dist/lib/jedis-3.9.0.jar:/mnt/dev/YCSB-hreplace-dist/lib/core-0.18.0-SNAPSHOT.jar:/mnt/dev/YCSB-hreplace-dist/lib/commons-pool2-2.11.1.jar:/mnt/dev/YCSB-hreplace-dist/lib/redis-binding-0.18.0-SNAPSHOT.jar site.ycsb.Client -db site.ycsb.db.RedisClient -s -threads 256 -P /mnt/dev/YCSB-hreplace-dist/workloads/workloada -target 100000 -p recordcount=100000000 -p operationcount=1000000 -p fieldcount=10 -p fieldlength=128 -p fieldlengthdistribution=constant -p readallfields=true -p writeallfields=true -p insertorder=hashed -p requestdistribution=uniform -p readproportion=1 -p updateproportion=0 -p insertproportion=0 -p scanproportion=0 -p readmodifywriteproportion=0 -p measurementtype=hdrhistogram -p measurement.interval=both -p hdrhistogram.percentiles=50,95,99,99.9,99.99 -p status.interval=10 -p redis.host=172.16.0.4 -p redis.port=16379 -p redis.scanindex=none -p redis.timeout=10000 -p redis.cluster=false -p redis.updatecommand=hmset -t
Command line: -db site.ycsb.db.RedisClient -s -threads 256 -P /mnt/dev/YCSB-hreplace-dist/workloads/workloada -target 100000 -p recordcount=100000000 -p operationcount=1000000 -p fieldcount=10 -p fieldlength=128 -p fieldlengthdistribution=constant -p readallfields=true -p writeallfields=true -p insertorder=hashed -p requestdistribution=uniform -p readproportion=1 -p updateproportion=0 -p insertproportion=0 -p scanproportion=0 -p readmodifywriteproportion=0 -p measurementtype=hdrhistogram -p measurement.interval=both -p hdrhistogram.percentiles=50,95,99,99.9,99.99 -p status.interval=10 -p redis.host=172.16.0.4 -p redis.port=16379 -p redis.scanindex=none -p redis.timeout=10000 -p redis.cluster=false -p redis.updatecommand=hmset -t
YCSB Client 0.18.0-SNAPSHOT

Loading workload...
Starting test.
SLF4J: Failed to load class "org.slf4j.impl.StaticLoggerBinder".
SLF4J: Defaulting to no-operation (NOP) logger implementation
SLF4J: See http://www.slf4j.org/codes.html#StaticLoggerBinder for further details.
2026-09-13 13:39:05:415 0 sec: 0 operations; est completion in 0 second 
DBWrapper: report latency for each error is false and specific error codes to track for latency are: []
2026-09-13 13:39:15:360 10 sec: 990645 operations; 99054.59 current ops/sec; est completion in 1 second [READ: Count=990732, Max=45567, Min=212, Avg=339.29, 50=316, 90=401, 99=628, 99.9=1835, 99.99=17663] [Intended-READ: Count=991260, Max=129151, Min=232, Avg=712.17, 50=375, 90=462, 99=1858, 99.9=74815, 99.99=108415] 
2026-09-13 13:39:15:485 10 sec: 1000000 operations; 74840 current ops/sec; [READ: Count=9268, Max=890, Min=224, Avg=322.53, 50=312, 90=390, 99=469, 99.9=638, 99.99=890] [CLEANUP: Count=256, Max=651, Min=11, Avg=29.65, 50=15, 90=28, 99=512, 99.9=651, 99.99=651] [Intended-READ: Count=8740, Max=953, Min=251, Avg=380.54, 50=370, 90=450, 99=525, 99.9=709, 99.99=953] [Intended-CLEANUP: Count=256, Max=652, Min=11, Avg=29.92, 50=16, 90=28, 99=512, 99.9=652, 99.99=652] 
[OVERALL], RunTime(ms), 10125
[OVERALL], Throughput(ops/sec), 98765.43209876544
[TOTAL_GCS_G1_Young_Generation], Count, 20
[TOTAL_GC_TIME_G1_Young_Generation], Time(ms), 22
[TOTAL_GC_TIME_%_G1_Young_Generation], Time(%), 0.21728395061728395
[TOTAL_GCS_G1_Old_Generation], Count, 0
[TOTAL_GC_TIME_G1_Old_Generation], Time(ms), 0
[TOTAL_GC_TIME_%_G1_Old_Generation], Time(%), 0.0
[TOTAL_GCs], Count, 20
[TOTAL_GC_TIME], Time(ms), 22
[TOTAL_GC_TIME_%], Time(%), 0.21728395061728395
[READ], Operations, 1000000
[READ], AverageLatency(us), 339.132655
[READ], MinLatency(us), 212
[READ], MaxLatency(us), 45567
[READ], 50thPercentileLatency(us), 316
[READ], 95thPercentileLatency(us), 430
[READ], 99thPercentileLatency(us), 625
[READ], 99.9PercentileLatency(us), 1827
[READ], 99.99PercentileLatency(us), 17519
[READ], Return=OK, 1000000
[CLEANUP], Operations, 256
[CLEANUP], AverageLatency(us), 29.6484375
[CLEANUP], MinLatency(us), 11
[CLEANUP], MaxLatency(us), 651
[CLEANUP], 50thPercentileLatency(us), 15
[CLEANUP], 95thPercentileLatency(us), 50
[CLEANUP], 99thPercentileLatency(us), 512
[CLEANUP], 99.9PercentileLatency(us), 651
[CLEANUP], 99.99PercentileLatency(us), 651
[Intended-READ], Operations, 1000000
[Intended-READ], AverageLatency(us), 709.268388
[Intended-READ], MinLatency(us), 232
[Intended-READ], MaxLatency(us), 129151
[Intended-READ], 50thPercentileLatency(us), 375
[Intended-READ], 95thPercentileLatency(us), 496
[Intended-READ], 99thPercentileLatency(us), 1822
[Intended-READ], 99.9PercentileLatency(us), 74623
[Intended-READ], 99.99PercentileLatency(us), 108351
[Intended-CLEANUP], Operations, 256
[Intended-CLEANUP], AverageLatency(us), 29.921875
[Intended-CLEANUP], MinLatency(us), 11
[Intended-CLEANUP], MaxLatency(us), 652
[Intended-CLEANUP], 50thPercentileLatency(us), 16
[Intended-CLEANUP], 95thPercentileLatency(us), 51
[Intended-CLEANUP], 99thPercentileLatency(us), 512
[Intended-CLEANUP], 99.9PercentileLatency(us), 652
[Intended-CLEANUP], 99.99PercentileLatency(us), 652
