java -cp /mnt/dev/YCSB-hreplace-dist/redis-binding/conf:/mnt/dev/YCSB-hreplace-dist/conf:/mnt/dev/YCSB-hreplace-dist/lib/htrace-core4-4.1.0-incubating.jar:/mnt/dev/YCSB-hreplace-dist/lib/slf4j-api-1.7.25.jar:/mnt/dev/YCSB-hreplace-dist/lib/jackson-mapper-asl-1.9.4.jar:/mnt/dev/YCSB-hreplace-dist/lib/HdrHistogram-2.1.12.jar:/mnt/dev/YCSB-hreplace-dist/lib/jackson-core-asl-1.9.4.jar:/mnt/dev/YCSB-hreplace-dist/lib/jedis-3.9.0.jar:/mnt/dev/YCSB-hreplace-dist/lib/core-0.18.0-SNAPSHOT.jar:/mnt/dev/YCSB-hreplace-dist/lib/commons-pool2-2.11.1.jar:/mnt/dev/YCSB-hreplace-dist/lib/redis-binding-0.18.0-SNAPSHOT.jar site.ycsb.Client -db site.ycsb.db.RedisClient -s -threads 256 -P /mnt/dev/YCSB-hreplace-dist/workloads/workloada -target 100000 -p recordcount=100000000 -p operationcount=1000000 -p fieldcount=10 -p fieldlength=128 -p fieldlengthdistribution=constant -p readallfields=true -p writeallfields=true -p insertorder=hashed -p requestdistribution=uniform -p readproportion=0.5 -p updateproportion=0.5 -p insertproportion=0 -p scanproportion=0 -p readmodifywriteproportion=0 -p measurementtype=hdrhistogram -p measurement.interval=both -p hdrhistogram.percentiles=50,95,99,99.9,99.99 -p status.interval=10 -p redis.host=172.16.0.4 -p redis.port=16379 -p redis.scanindex=none -p redis.timeout=10000 -p redis.cluster=false -p redis.updatecommand=hmset -t
Command line: -db site.ycsb.db.RedisClient -s -threads 256 -P /mnt/dev/YCSB-hreplace-dist/workloads/workloada -target 100000 -p recordcount=100000000 -p operationcount=1000000 -p fieldcount=10 -p fieldlength=128 -p fieldlengthdistribution=constant -p readallfields=true -p writeallfields=true -p insertorder=hashed -p requestdistribution=uniform -p readproportion=0.5 -p updateproportion=0.5 -p insertproportion=0 -p scanproportion=0 -p readmodifywriteproportion=0 -p measurementtype=hdrhistogram -p measurement.interval=both -p hdrhistogram.percentiles=50,95,99,99.9,99.99 -p status.interval=10 -p redis.host=172.16.0.4 -p redis.port=16379 -p redis.scanindex=none -p redis.timeout=10000 -p redis.cluster=false -p redis.updatecommand=hmset -t
YCSB Client 0.18.0-SNAPSHOT

Loading workload...
Starting test.
SLF4J: Failed to load class "org.slf4j.impl.StaticLoggerBinder".
SLF4J: Defaulting to no-operation (NOP) logger implementation
SLF4J: See http://www.slf4j.org/codes.html#StaticLoggerBinder for further details.
2026-09-13 14:14:52:578 0 sec: 0 operations; est completion in 0 second 
DBWrapper: report latency for each error is false and specific error codes to track for latency are: []
2026-09-13 14:15:02:559 10 sec: 992706 operations; 99260.67 current ops/sec; est completion in 1 second [READ: Count=495472, Max=34207, Min=178, Avg=341.4, 50=312, 90=375, 99=899, 99.9=4367, 99.99=12391] [UPDATE: Count=497523, Max=24559, Min=168, Avg=364.05, 50=324, 90=390, 99=1475, 99.9=4919, 99.99=12479] [Intended-READ: Count=495813, Max=81407, Min=219, Avg=556.25, 50=371, 90=437, 99=3171, 99.9=38463, 99.99=63551] [Intended-UPDATE: Count=497928, Max=83327, Min=226, Avg=580.04, 50=383, 90=452, 99=3367, 99.9=41311, 99.99=66751] 
2026-09-13 14:15:02:650 10 sec: 1000000 operations; 80153.85 current ops/sec; [READ: Count=3670, Max=8059, Min=223, Avg=534.17, 50=316, 90=485, 99=4287, 99.9=6659, 99.99=8059] [CLEANUP: Count=256, Max=630, Min=10, Avg=27.13, 50=16, 90=26, 99=511, 99.9=630, 99.99=630] [UPDATE: Count=3335, Max=9855, Min=238, Avg=454.5, 50=325, 90=425, 99=3663, 99.9=7383, 99.99=9855] [Intended-READ: Count=3329, Max=7447, Min=254, Avg=529.58, 50=372, 90=479, 99=4167, 99.9=6259, 99.99=7447] [Intended-CLEANUP: Count=256, Max=630, Min=10, Avg=27.33, 50=16, 90=26, 99=511, 99.9=630, 99.99=630] [Intended-UPDATE: Count=2930, Max=1232, Min=274, Avg=391.33, 50=381, 90=447, 99=625, 99.9=1184, 99.99=1232] 
[OVERALL], RunTime(ms), 10091
[OVERALL], Throughput(ops/sec), 99098.20632246556
[TOTAL_GCS_G1_Young_Generation], Count, 30
[TOTAL_GC_TIME_G1_Young_Generation], Time(ms), 29
[TOTAL_GC_TIME_%_G1_Young_Generation], Time(%), 0.2873847983351501
[TOTAL_GCS_G1_Old_Generation], Count, 0
[TOTAL_GC_TIME_G1_Old_Generation], Time(ms), 0
[TOTAL_GC_TIME_%_G1_Old_Generation], Time(%), 0.0
[TOTAL_GCs], Count, 30
[TOTAL_GC_TIME], Time(ms), 29
[TOTAL_GC_TIME_%], Time(%), 0.2873847983351501
[READ], Operations, 499142
[READ], AverageLatency(us), 342.8205520673476
[READ], MinLatency(us), 178
[READ], MaxLatency(us), 34207
[READ], 50thPercentileLatency(us), 312
[READ], 95thPercentileLatency(us), 412
[READ], 99thPercentileLatency(us), 942
[READ], 99.9PercentileLatency(us), 4483
[READ], 99.99PercentileLatency(us), 12391
[READ], Return=OK, 499142
[CLEANUP], Operations, 256
[CLEANUP], AverageLatency(us), 27.12890625
[CLEANUP], MinLatency(us), 10
[CLEANUP], MaxLatency(us), 630
[CLEANUP], 50thPercentileLatency(us), 16
[CLEANUP], 95thPercentileLatency(us), 31
[CLEANUP], 99thPercentileLatency(us), 511
[CLEANUP], 99.9PercentileLatency(us), 630
[CLEANUP], 99.99PercentileLatency(us), 630
[UPDATE], Operations, 500858
[UPDATE], AverageLatency(us), 364.6502581570026
[UPDATE], MinLatency(us), 168
[UPDATE], MaxLatency(us), 24559
[UPDATE], 50thPercentileLatency(us), 324
[UPDATE], 95thPercentileLatency(us), 432
[UPDATE], 99thPercentileLatency(us), 1505
[UPDATE], 99.9PercentileLatency(us), 4951
[UPDATE], 99.99PercentileLatency(us), 12479
[UPDATE], Return=OK, 500858
[Intended-READ], Operations, 499142
[Intended-READ], AverageLatency(us), 556.0702866118258
[Intended-READ], MinLatency(us), 219
[Intended-READ], MaxLatency(us), 81407
[Intended-READ], 50thPercentileLatency(us), 371
[Intended-READ], 95thPercentileLatency(us), 481
[Intended-READ], 99thPercentileLatency(us), 3209
[Intended-READ], 99.9PercentileLatency(us), 38303
[Intended-READ], 99.99PercentileLatency(us), 63551
[Intended-CLEANUP], Operations, 256
[Intended-CLEANUP], AverageLatency(us), 27.328125
[Intended-CLEANUP], MinLatency(us), 10
[Intended-CLEANUP], MaxLatency(us), 630
[Intended-CLEANUP], 50thPercentileLatency(us), 16
[Intended-CLEANUP], 95thPercentileLatency(us), 31
[Intended-CLEANUP], 99thPercentileLatency(us), 511
[Intended-CLEANUP], 99.9PercentileLatency(us), 630
[Intended-CLEANUP], 99.99PercentileLatency(us), 630
[Intended-UPDATE], Operations, 500858
[Intended-UPDATE], AverageLatency(us), 578.9392442568552
[Intended-UPDATE], MinLatency(us), 226
[Intended-UPDATE], MaxLatency(us), 83327
[Intended-UPDATE], 50thPercentileLatency(us), 383
[Intended-UPDATE], 95thPercentileLatency(us), 499
[Intended-UPDATE], 99thPercentileLatency(us), 3335
[Intended-UPDATE], 99.9PercentileLatency(us), 41279
[Intended-UPDATE], 99.99PercentileLatency(us), 66495
