java -cp /mnt/dev/YCSB-hreplace-dist/redis-binding/conf:/mnt/dev/YCSB-hreplace-dist/conf:/mnt/dev/YCSB-hreplace-dist/lib/htrace-core4-4.1.0-incubating.jar:/mnt/dev/YCSB-hreplace-dist/lib/slf4j-api-1.7.25.jar:/mnt/dev/YCSB-hreplace-dist/lib/jackson-mapper-asl-1.9.4.jar:/mnt/dev/YCSB-hreplace-dist/lib/HdrHistogram-2.1.12.jar:/mnt/dev/YCSB-hreplace-dist/lib/jackson-core-asl-1.9.4.jar:/mnt/dev/YCSB-hreplace-dist/lib/jedis-3.9.0.jar:/mnt/dev/YCSB-hreplace-dist/lib/core-0.18.0-SNAPSHOT.jar:/mnt/dev/YCSB-hreplace-dist/lib/commons-pool2-2.11.1.jar:/mnt/dev/YCSB-hreplace-dist/lib/redis-binding-0.18.0-SNAPSHOT.jar site.ycsb.Client -db site.ycsb.db.RedisClient -s -threads 256 -P /mnt/dev/YCSB-hreplace-dist/workloads/workloada -p recordcount=100000000 -p operationcount=1000000 -p fieldcount=10 -p fieldlength=128 -p fieldlengthdistribution=constant -p readallfields=true -p writeallfields=true -p insertorder=hashed -p requestdistribution=uniform -p readproportion=0.5 -p updateproportion=0.5 -p insertproportion=0 -p scanproportion=0 -p readmodifywriteproportion=0 -p measurementtype=hdrhistogram -p measurement.interval=both -p hdrhistogram.percentiles=50,95,99,99.9,99.99 -p status.interval=10 -p redis.host=172.16.0.4 -p redis.port=16379 -p redis.scanindex=none -p redis.timeout=10000 -p redis.cluster=false -p redis.updatecommand=hmset -t
Command line: -db site.ycsb.db.RedisClient -s -threads 256 -P /mnt/dev/YCSB-hreplace-dist/workloads/workloada -p recordcount=100000000 -p operationcount=1000000 -p fieldcount=10 -p fieldlength=128 -p fieldlengthdistribution=constant -p readallfields=true -p writeallfields=true -p insertorder=hashed -p requestdistribution=uniform -p readproportion=0.5 -p updateproportion=0.5 -p insertproportion=0 -p scanproportion=0 -p readmodifywriteproportion=0 -p measurementtype=hdrhistogram -p measurement.interval=both -p hdrhistogram.percentiles=50,95,99,99.9,99.99 -p status.interval=10 -p redis.host=172.16.0.4 -p redis.port=16379 -p redis.scanindex=none -p redis.timeout=10000 -p redis.cluster=false -p redis.updatecommand=hmset -t
YCSB Client 0.18.0-SNAPSHOT

Loading workload...
Starting test.
SLF4J: Failed to load class "org.slf4j.impl.StaticLoggerBinder".
SLF4J: Defaulting to no-operation (NOP) logger implementation
SLF4J: See http://www.slf4j.org/codes.html#StaticLoggerBinder for further details.
2026-09-13 14:15:53:763 0 sec: 0 operations; est completion in 0 second 
DBWrapper: report latency for each error is false and specific error codes to track for latency are: []
2026-09-13 14:15:56:653 2 sec: 1000000 operations; 339098 current ops/sec; [READ: Count=500066, Max=71871, Min=199, Avg=656.45, 50=555, 90=842, 99=3407, 99.9=8327, 99.99=19919] [CLEANUP: Count=256, Max=1084, Min=12, Avg=32.94, 50=23, 90=47, 99=134, 99.9=1084, 99.99=1084] [UPDATE: Count=499934, Max=87039, Min=193, Avg=686.26, 50=575, 90=884, 99=3525, 99.9=8171, 99.99=18623] [Intended-READ: Count=500066, Max=71871, Min=199, Avg=656.49, 50=555, 90=842, 99=3407, 99.9=8327, 99.99=19919] [Intended-CLEANUP: Count=256, Max=1085, Min=13, Avg=33.24, 50=23, 90=48, 99=134, 99.9=1085, 99.99=1085] [Intended-UPDATE: Count=499934, Max=87039, Min=193, Avg=686.29, 50=575, 90=884, 99=3525, 99.9=8171, 99.99=18623] 
[OVERALL], RunTime(ms), 2949
[OVERALL], Throughput(ops/sec), 339097.999321804
[TOTAL_GCS_G1_Young_Generation], Count, 23
[TOTAL_GC_TIME_G1_Young_Generation], Time(ms), 31
[TOTAL_GC_TIME_%_G1_Young_Generation], Time(%), 1.0512037978975926
[TOTAL_GCS_G1_Old_Generation], Count, 0
[TOTAL_GC_TIME_G1_Old_Generation], Time(ms), 0
[TOTAL_GC_TIME_%_G1_Old_Generation], Time(%), 0.0
[TOTAL_GCs], Count, 23
[TOTAL_GC_TIME], Time(ms), 31
[TOTAL_GC_TIME_%], Time(%), 1.0512037978975926
[READ], Operations, 500066
[READ], AverageLatency(us), 656.450586522579
[READ], MinLatency(us), 199
[READ], MaxLatency(us), 71871
[READ], 50thPercentileLatency(us), 555
[READ], 95thPercentileLatency(us), 1027
[READ], 99thPercentileLatency(us), 3407
[READ], 99.9PercentileLatency(us), 8327
[READ], 99.99PercentileLatency(us), 19919
[READ], Return=OK, 500066
[CLEANUP], Operations, 256
[CLEANUP], AverageLatency(us), 32.94140625
[CLEANUP], MinLatency(us), 12
[CLEANUP], MaxLatency(us), 1084
[CLEANUP], 50thPercentileLatency(us), 23
[CLEANUP], 95thPercentileLatency(us), 58
[CLEANUP], 99thPercentileLatency(us), 134
[CLEANUP], 99.9PercentileLatency(us), 1084
[CLEANUP], 99.99PercentileLatency(us), 1084
[UPDATE], Operations, 499934
[UPDATE], AverageLatency(us), 686.2575459960715
[UPDATE], MinLatency(us), 193
[UPDATE], MaxLatency(us), 87039
[UPDATE], 50thPercentileLatency(us), 575
[UPDATE], 95thPercentileLatency(us), 1130
[UPDATE], 99thPercentileLatency(us), 3525
[UPDATE], 99.9PercentileLatency(us), 8171
[UPDATE], 99.99PercentileLatency(us), 18623
[UPDATE], Return=OK, 499934
[Intended-READ], Operations, 500066
[Intended-READ], AverageLatency(us), 656.4900433142825
[Intended-READ], MinLatency(us), 199
[Intended-READ], MaxLatency(us), 71871
[Intended-READ], 50thPercentileLatency(us), 555
[Intended-READ], 95thPercentileLatency(us), 1027
[Intended-READ], 99thPercentileLatency(us), 3407
[Intended-READ], 99.9PercentileLatency(us), 8327
[Intended-READ], 99.99PercentileLatency(us), 19919
[Intended-CLEANUP], Operations, 256
[Intended-CLEANUP], AverageLatency(us), 33.23828125
[Intended-CLEANUP], MinLatency(us), 13
[Intended-CLEANUP], MaxLatency(us), 1085
[Intended-CLEANUP], 50thPercentileLatency(us), 23
[Intended-CLEANUP], 95thPercentileLatency(us), 58
[Intended-CLEANUP], 99thPercentileLatency(us), 134
[Intended-CLEANUP], 99.9PercentileLatency(us), 1085
[Intended-CLEANUP], 99.99PercentileLatency(us), 1085
[Intended-UPDATE], Operations, 499934
[Intended-UPDATE], AverageLatency(us), 686.2949609348434
[Intended-UPDATE], MinLatency(us), 193
[Intended-UPDATE], MaxLatency(us), 87039
[Intended-UPDATE], 50thPercentileLatency(us), 575
[Intended-UPDATE], 95thPercentileLatency(us), 1130
[Intended-UPDATE], 99thPercentileLatency(us), 3525
[Intended-UPDATE], 99.9PercentileLatency(us), 8171
[Intended-UPDATE], 99.99PercentileLatency(us), 18623
