java -cp /mnt/dev/YCSB-hreplace-dist/redis-binding/conf:/mnt/dev/YCSB-hreplace-dist/conf:/mnt/dev/YCSB-hreplace-dist/lib/htrace-core4-4.1.0-incubating.jar:/mnt/dev/YCSB-hreplace-dist/lib/slf4j-api-1.7.25.jar:/mnt/dev/YCSB-hreplace-dist/lib/jackson-mapper-asl-1.9.4.jar:/mnt/dev/YCSB-hreplace-dist/lib/HdrHistogram-2.1.12.jar:/mnt/dev/YCSB-hreplace-dist/lib/jackson-core-asl-1.9.4.jar:/mnt/dev/YCSB-hreplace-dist/lib/jedis-3.9.0.jar:/mnt/dev/YCSB-hreplace-dist/lib/core-0.18.0-SNAPSHOT.jar:/mnt/dev/YCSB-hreplace-dist/lib/commons-pool2-2.11.1.jar:/mnt/dev/YCSB-hreplace-dist/lib/redis-binding-0.18.0-SNAPSHOT.jar site.ycsb.Client -db site.ycsb.db.RedisClient -s -threads 256 -P /mnt/dev/YCSB-hreplace-dist/workloads/workloada -target 100000 -p recordcount=100000000 -p operationcount=1000000 -p fieldcount=10 -p fieldlength=128 -p fieldlengthdistribution=constant -p readallfields=true -p writeallfields=true -p insertorder=hashed -p requestdistribution=uniform -p readproportion=1 -p updateproportion=0 -p insertproportion=0 -p scanproportion=0 -p readmodifywriteproportion=0 -p measurementtype=hdrhistogram -p measurement.interval=both -p hdrhistogram.percentiles=50,95,99,99.9,99.99 -p status.interval=10 -p redis.host=172.16.0.4 -p redis.port=16379 -p redis.scanindex=none -p redis.timeout=10000 -p redis.cluster=false -p redis.updatecommand=hmset -t
Command line: -db site.ycsb.db.RedisClient -s -threads 256 -P /mnt/dev/YCSB-hreplace-dist/workloads/workloada -target 100000 -p recordcount=100000000 -p operationcount=1000000 -p fieldcount=10 -p fieldlength=128 -p fieldlengthdistribution=constant -p readallfields=true -p writeallfields=true -p insertorder=hashed -p requestdistribution=uniform -p readproportion=1 -p updateproportion=0 -p insertproportion=0 -p scanproportion=0 -p readmodifywriteproportion=0 -p measurementtype=hdrhistogram -p measurement.interval=both -p hdrhistogram.percentiles=50,95,99,99.9,99.99 -p status.interval=10 -p redis.host=172.16.0.4 -p redis.port=16379 -p redis.scanindex=none -p redis.timeout=10000 -p redis.cluster=false -p redis.updatecommand=hmset -t
YCSB Client 0.18.0-SNAPSHOT

Loading workload...
Starting test.
SLF4J: Failed to load class "org.slf4j.impl.StaticLoggerBinder".
SLF4J: Defaulting to no-operation (NOP) logger implementation
SLF4J: See http://www.slf4j.org/codes.html#StaticLoggerBinder for further details.
2026-09-13 14:08:02:856 0 sec: 0 operations; est completion in 0 second 
DBWrapper: report latency for each error is false and specific error codes to track for latency are: []
2026-09-13 14:08:12:746 10 sec: 985494 operations; 98539.55 current ops/sec; est completion in 1 second [READ: Count=985579, Max=20175, Min=208, Avg=333.33, 50=313, 90=397, 99=516, 99.9=2421, 99.99=8407] [Intended-READ: Count=986039, Max=97151, Min=235, Avg=516.47, 50=372, 90=458, 99=1093, 99.9=45407, 99.99=83071] 
2026-09-13 14:08:12:916 10 sec: 1000000 operations; 85329.41 current ops/sec; [READ: Count=14421, Max=1028, Min=220, Avg=326.64, 50=315, 90=397, 99=485, 99.9=651, 99.99=955] [CLEANUP: Count=256, Max=868, Min=10, Avg=31.82, 50=17, 90=40, 99=542, 99.9=868, 99.99=868] [Intended-READ: Count=13961, Max=1103, Min=255, Avg=384.23, 50=373, 90=457, 99=545, 99.9=750, 99.99=1016] [Intended-CLEANUP: Count=256, Max=869, Min=10, Avg=32.02, 50=17, 90=40, 99=542, 99.9=869, 99.99=869] 
[OVERALL], RunTime(ms), 10170
[OVERALL], Throughput(ops/sec), 98328.41691248771
[TOTAL_GCS_G1_Young_Generation], Count, 20
[TOTAL_GC_TIME_G1_Young_Generation], Time(ms), 29
[TOTAL_GC_TIME_%_G1_Young_Generation], Time(%), 0.28515240904621436
[TOTAL_GCS_G1_Old_Generation], Count, 0
[TOTAL_GC_TIME_G1_Old_Generation], Time(ms), 0
[TOTAL_GC_TIME_%_G1_Old_Generation], Time(%), 0.0
[TOTAL_GCs], Count, 20
[TOTAL_GC_TIME], Time(ms), 29
[TOTAL_GC_TIME_%], Time(%), 0.28515240904621436
[READ], Operations, 1000000
[READ], AverageLatency(us), 333.23678
[READ], MinLatency(us), 208
[READ], MaxLatency(us), 20175
[READ], 50thPercentileLatency(us), 313
[READ], 95thPercentileLatency(us), 427
[READ], 99thPercentileLatency(us), 515
[READ], 99.9PercentileLatency(us), 2405
[READ], 99.99PercentileLatency(us), 8247
[READ], Return=OK, 1000000
[CLEANUP], Operations, 256
[CLEANUP], AverageLatency(us), 31.81640625
[CLEANUP], MinLatency(us), 10
[CLEANUP], MaxLatency(us), 868
[CLEANUP], 50thPercentileLatency(us), 17
[CLEANUP], 95thPercentileLatency(us), 58
[CLEANUP], 99thPercentileLatency(us), 542
[CLEANUP], 99.9PercentileLatency(us), 868
[CLEANUP], 99.99PercentileLatency(us), 868
[Intended-READ], Operations, 1000000
[Intended-READ], AverageLatency(us), 514.619889
[Intended-READ], MinLatency(us), 235
[Intended-READ], MaxLatency(us), 97151
[Intended-READ], 50thPercentileLatency(us), 372
[Intended-READ], 95thPercentileLatency(us), 491
[Intended-READ], 99thPercentileLatency(us), 1070
[Intended-READ], 99.9PercentileLatency(us), 44895
[Intended-READ], 99.99PercentileLatency(us), 83007
[Intended-CLEANUP], Operations, 256
[Intended-CLEANUP], AverageLatency(us), 32.01953125
[Intended-CLEANUP], MinLatency(us), 10
[Intended-CLEANUP], MaxLatency(us), 869
[Intended-CLEANUP], 50thPercentileLatency(us), 17
[Intended-CLEANUP], 95thPercentileLatency(us), 58
[Intended-CLEANUP], 99thPercentileLatency(us), 542
[Intended-CLEANUP], 99.9PercentileLatency(us), 869
[Intended-CLEANUP], 99.99PercentileLatency(us), 869
