java -cp /mnt/dev/YCSB-hreplace-dist/redis-binding/conf:/mnt/dev/YCSB-hreplace-dist/conf:/mnt/dev/YCSB-hreplace-dist/lib/htrace-core4-4.1.0-incubating.jar:/mnt/dev/YCSB-hreplace-dist/lib/slf4j-api-1.7.25.jar:/mnt/dev/YCSB-hreplace-dist/lib/jackson-mapper-asl-1.9.4.jar:/mnt/dev/YCSB-hreplace-dist/lib/HdrHistogram-2.1.12.jar:/mnt/dev/YCSB-hreplace-dist/lib/jackson-core-asl-1.9.4.jar:/mnt/dev/YCSB-hreplace-dist/lib/jedis-3.9.0.jar:/mnt/dev/YCSB-hreplace-dist/lib/core-0.18.0-SNAPSHOT.jar:/mnt/dev/YCSB-hreplace-dist/lib/commons-pool2-2.11.1.jar:/mnt/dev/YCSB-hreplace-dist/lib/redis-binding-0.18.0-SNAPSHOT.jar site.ycsb.Client -db site.ycsb.db.RedisClient -s -threads 256 -P /mnt/dev/YCSB-hreplace-dist/workloads/workloada -target 100000 -p recordcount=100000000 -p operationcount=5000000 -p fieldcount=10 -p fieldlength=128 -p fieldlengthdistribution=constant -p readallfields=true -p writeallfields=true -p insertorder=hashed -p requestdistribution=uniform -p readproportion=0.5 -p updateproportion=0.5 -p insertproportion=0 -p scanproportion=0 -p readmodifywriteproportion=0 -p measurementtype=hdrhistogram -p measurement.interval=both -p hdrhistogram.percentiles=50,95,99,99.9,99.99 -p status.interval=10 -p redis.host=172.16.0.4 -p redis.port=16379 -p redis.scanindex=none -p redis.timeout=10000 -p redis.cluster=false -p redis.updatecommand=hmset -t
Command line: -db site.ycsb.db.RedisClient -s -threads 256 -P /mnt/dev/YCSB-hreplace-dist/workloads/workloada -target 100000 -p recordcount=100000000 -p operationcount=5000000 -p fieldcount=10 -p fieldlength=128 -p fieldlengthdistribution=constant -p readallfields=true -p writeallfields=true -p insertorder=hashed -p requestdistribution=uniform -p readproportion=0.5 -p updateproportion=0.5 -p insertproportion=0 -p scanproportion=0 -p readmodifywriteproportion=0 -p measurementtype=hdrhistogram -p measurement.interval=both -p hdrhistogram.percentiles=50,95,99,99.9,99.99 -p status.interval=10 -p redis.host=172.16.0.4 -p redis.port=16379 -p redis.scanindex=none -p redis.timeout=10000 -p redis.cluster=false -p redis.updatecommand=hmset -t
YCSB Client 0.18.0-SNAPSHOT

Loading workload...
Starting test.
SLF4J: Failed to load class "org.slf4j.impl.StaticLoggerBinder".
SLF4J: Defaulting to no-operation (NOP) logger implementation
SLF4J: See http://www.slf4j.org/codes.html#StaticLoggerBinder for further details.
2026-09-13 14:12:16:719 0 sec: 0 operations; est completion in 0 second 
DBWrapper: report latency for each error is false and specific error codes to track for latency are: []
2026-09-13 14:12:26:685 10 sec: 993552 operations; 99345.27 current ops/sec; est completion in 41 seconds [READ: Count=497090, Max=19679, Min=176, Avg=343.22, 50=316, 90=381, 99=805, 99.9=4095, 99.99=8591] [UPDATE: Count=496742, Max=18111, Min=198, Avg=362.01, 50=328, 90=398, 99=1150, 99.9=4431, 99.99=8767] [Intended-READ: Count=497384, Max=99967, Min=206, Avg=576.51, 50=375, 90=444, 99=2799, 99.9=48959, 99.99=82047] [Intended-UPDATE: Count=496944, Max=97919, Min=250, Avg=591.98, 50=388, 90=460, 99=3029, 99.9=48735, 99.99=80127] 
2026-09-13 14:12:36:685 20 sec: 1993503 operations; 99995.1 current ops/sec; est completion in 31 seconds [READ: Count=500379, Max=53503, Min=170, Avg=350.99, 50=316, 90=381, 99=698, 99.9=4719, 99.99=45471] [UPDATE: Count=499431, Max=53151, Min=187, Avg=364.29, 50=328, 90=396, 99=717, 99.9=4527, 99.99=46367] [Intended-READ: Count=500229, Max=53567, Min=200, Avg=543.03, 50=375, 90=443, 99=2535, 99.9=36799, 99.99=49471] [Intended-UPDATE: Count=499313, Max=53183, Min=223, Avg=555.84, 50=387, 90=458, 99=2449, 99.9=36383, 99.99=49503] 
2026-09-13 14:12:46:685 30 sec: 2993554 operations; 100005.1 current ops/sec; est completion in 21 seconds [READ: Count=500652, Max=58751, Min=178, Avg=376.08, 50=316, 90=384, 99=845, 99.9=6547, 99.99=52991] [UPDATE: Count=499380, Max=58879, Min=189, Avg=390.95, 50=329, 90=400, 99=854, 99.9=7091, 99.99=53247] [Intended-READ: Count=500654, Max=58815, Min=235, Avg=812.29, 50=375, 90=447, 99=19135, 99.9=47839, 99.99=54239] [Intended-UPDATE: Count=499447, Max=58943, Min=233, Avg=833.92, 50=388, 90=462, 99=19711, 99.9=47327, 99.99=54815] 
2026-09-13 14:12:56:685 40 sec: 3993559 operations; 100000.5 current ops/sec; est completion in 11 seconds [READ: Count=499971, Max=252415, Min=179, Avg=364.76, 50=315, 90=382, 99=845, 99.9=5123, 99.99=52383] [UPDATE: Count=500031, Max=57215, Min=185, Avg=376.36, 50=328, 90=398, 99=868, 99.9=4987, 99.99=52767] [Intended-READ: Count=499952, Max=252415, Min=232, Avg=697.63, 50=374, 90=443, 99=6667, 99.9=46399, 99.99=155391] [Intended-UPDATE: Count=500045, Max=242943, Min=228, Avg=701.55, 50=387, 90=459, 99=6259, 99.9=46367, 99.99=131071] 
2026-09-13 14:13:06:685 50 sec: 4993542 operations; 100008.3 current ops/sec; est completion in 1 second [READ: Count=499778, Max=11999, Min=179, Avg=337.89, 50=315, 90=378, 99=593, 99.9=4527, 99.99=7427] [UPDATE: Count=500225, Max=203519, Min=177, Avg=351.39, 50=328, 90=393, 99=620, 99.9=4511, 99.99=7291] [Intended-READ: Count=499822, Max=194687, Min=202, Avg=412.81, 50=374, 90=439, 99=997, 99.9=5527, 99.99=9175] [Intended-UPDATE: Count=500177, Max=203647, Min=226, Avg=428.81, 50=387, 90=454, 99=1018, 99.9=5559, 99.99=10511] 
2026-09-13 14:13:06:770 50 sec: 5000000 operations; 75093.02 current ops/sec; [READ: Count=3259, Max=1128, Min=197, Avg=321.49, 50=313, 90=369, 99=505, 99.9=881, 99.99=1128] [CLEANUP: Count=256, Max=637, Min=10, Avg=32.16, 50=17, 90=31, 99=526, 99.9=637, 99.99=637] [UPDATE: Count=3062, Max=1030, Min=226, Avg=332.46, 50=323, 90=383, 99=493, 99.9=905, 99.99=1030] [Intended-READ: Count=3088, Max=1241, Min=268, Avg=379.58, 50=371, 90=428, 99=565, 99.9=993, 99.99=1241] [Intended-CLEANUP: Count=256, Max=638, Min=11, Avg=32.37, 50=17, 90=31, 99=527, 99.9=638, 99.99=638] [Intended-UPDATE: Count=2945, Max=1092, Min=277, Avg=391.36, 50=382, 90=443, 99=556, 99.9=999, 99.99=1092] 
[OVERALL], RunTime(ms), 50085
[OVERALL], Throughput(ops/sec), 99830.2885095338
[TOTAL_GCS_G1_Young_Generation], Count, 141
[TOTAL_GC_TIME_G1_Young_Generation], Time(ms), 105
[TOTAL_GC_TIME_%_G1_Young_Generation], Time(%), 0.20964360587002098
[TOTAL_GCS_G1_Old_Generation], Count, 0
[TOTAL_GC_TIME_G1_Old_Generation], Time(ms), 0
[TOTAL_GC_TIME_%_G1_Old_Generation], Time(%), 0.0
[TOTAL_GCs], Count, 141
[TOTAL_GC_TIME], Time(ms), 105
[TOTAL_GC_TIME_%], Time(%), 0.20964360587002098
[READ], Operations, 2501129
[READ], AverageLatency(us), 354.5639045407094
[READ], MinLatency(us), 170
[READ], MaxLatency(us), 252415
[READ], 50thPercentileLatency(us), 316
[READ], 95thPercentileLatency(us), 418
[READ], 99thPercentileLatency(us), 767
[READ], 99.9PercentileLatency(us), 4919
[READ], 99.99PercentileLatency(us), 49311
[READ], Return=OK, 2501129
[CLEANUP], Operations, 256
[CLEANUP], AverageLatency(us), 32.1640625
[CLEANUP], MinLatency(us), 10
[CLEANUP], MaxLatency(us), 637
[CLEANUP], 50thPercentileLatency(us), 17
[CLEANUP], 95thPercentileLatency(us), 54
[CLEANUP], 99thPercentileLatency(us), 526
[CLEANUP], 99.9PercentileLatency(us), 637
[CLEANUP], 99.99PercentileLatency(us), 637
[UPDATE], Operations, 2498871
[UPDATE], AverageLatency(us), 368.9583671986269
[UPDATE], MinLatency(us), 177
[UPDATE], MaxLatency(us), 203519
[UPDATE], 50thPercentileLatency(us), 328
[UPDATE], 95thPercentileLatency(us), 436
[UPDATE], 99thPercentileLatency(us), 837
[UPDATE], 99.9PercentileLatency(us), 4939
[UPDATE], 99.99PercentileLatency(us), 49983
[UPDATE], Return=OK, 2498871
[Intended-READ], Operations, 2501129
[Intended-READ], AverageLatency(us), 608.2651142743937
[Intended-READ], MinLatency(us), 200
[Intended-READ], MaxLatency(us), 252415
[Intended-READ], 50thPercentileLatency(us), 375
[Intended-READ], 95thPercentileLatency(us), 485
[Intended-READ], 99thPercentileLatency(us), 3719
[Intended-READ], 99.9PercentileLatency(us), 43679
[Intended-READ], 99.99PercentileLatency(us), 70079
[Intended-CLEANUP], Operations, 256
[Intended-CLEANUP], AverageLatency(us), 32.37109375
[Intended-CLEANUP], MinLatency(us), 11
[Intended-CLEANUP], MaxLatency(us), 638
[Intended-CLEANUP], 50thPercentileLatency(us), 17
[Intended-CLEANUP], 95thPercentileLatency(us), 54
[Intended-CLEANUP], 99thPercentileLatency(us), 527
[Intended-CLEANUP], 99.9PercentileLatency(us), 638
[Intended-CLEANUP], 99.99PercentileLatency(us), 638
[Intended-UPDATE], Operations, 2498871
[Intended-UPDATE], AverageLatency(us), 622.1440814671906
[Intended-UPDATE], MinLatency(us), 223
[Intended-UPDATE], MaxLatency(us), 242943
[Intended-UPDATE], 50thPercentileLatency(us), 387
[Intended-UPDATE], 95thPercentileLatency(us), 503
[Intended-UPDATE], 99thPercentileLatency(us), 3823
[Intended-UPDATE], 99.9PercentileLatency(us), 43711
[Intended-UPDATE], 99.99PercentileLatency(us), 69567
