[  0%] Built target keylane_lease_clock
[  9%] Built target keylane_lua
[ 13%] Built target absl_time_zone
[ 19%] Built target mimalloc-static
[ 19%] Built target absl_log_severity
[ 19%] Built target absl_spinlock_wait
[ 19%] Built target absl_strerror
[ 21%] Built target absl_utf8_for_code_point
[ 21%] Built target absl_leak_check
[ 25%] Built target celer_liburing_build
[ 25%] Built target absl_exponential_biased
[ 25%] Built target absl_civil_time
[ 27%] Built target absl_raw_logging_internal
[ 27%] Built target absl_cordz_functions
[ 27%] Built target absl_throw_delegate
[ 29%] Built target absl_debugging_internal
[ 31%] Built target absl_base
[ 33%] Built target absl_tracing_internal
[ 33%] Built target absl_stacktrace
[ 35%] Built target absl_crc_cpu_detect
[ 35%] Built target absl_malloc_internal
[ 35%] Built target absl_int128
[ 35%] Built target absl_string_view
[ 37%] Built target absl_strings_internal
[ 37%] Built target absl_decode_rust_punycode
[ 37%] Built target absl_graphcycles_internal
[ 37%] Built target absl_low_level_hash
[ 37%] Built target absl_city
[ 37%] Built target absl_demangle_rust
[ 37%] Built target absl_crc_internal
[ 43%] Built target absl_strings
[ 45%] Built target absl_demangle_internal
[ 45%] Built target absl_hash
[ 49%] Built target absl_time
[ 49%] Built target absl_str_format_internal
[ 49%] Built target absl_symbolize
[ 50%] Built target absl_kernel_timeout_internal
[ 52%] Built target absl_crc32c
[ 52%] Built target absl_crc_cord_state
[ 56%] Built target absl_synchronization
[ 58%] Built target absl_cord_internal
[ 60%] Built target absl_cordz_handle
[ 62%] Built target absl_hashtablez_sampler
[ 62%] Built target absl_cordz_info
[ 64%] Built target absl_cord
[ 64%] Built target absl_raw_hash_set
[ 64%] Built target absl_status
[ 66%] Built target absl_statusor
[ 66%] Built target keylane_control_protocol
[ 70%] Built target celer
[ 72%] Built target celer_rpc
[ 72%] Built target keylane_control_transport
[ 72%] Building CXX object CMakeFiles/keylane_module.dir/src/redis/hash_command.cpp.o
[ 72%] Linking CXX static library libkeylane_module.a
[100%] Built target keylane_module
[100%] Linking CXX executable keylane
[100%] Built target keylane
[  0%] Built target keylane_lease_clock
[  0%] Built target gtest
[  9%] Built target keylane_lua
[ 13%] Built target absl_time_zone
[ 13%] Built target absl_spinlock_wait
[ 13%] Built target absl_log_severity
[ 15%] Built target absl_utf8_for_code_point
[ 15%] Built target absl_strerror
[ 15%] Built target absl_leak_check
[ 15%] Built target absl_exponential_biased
[ 19%] Built target celer_liburing_build
[ 19%] Built target absl_civil_time
[ 21%] Built target absl_raw_logging_internal
[ 26%] Built target mimalloc-static
[ 26%] Built target absl_throw_delegate
[ 28%] Built target absl_debugging_internal
[ 30%] Built target absl_base
[ 30%] Built target absl_cordz_functions
[ 32%] Built target absl_stacktrace
[ 30%] Built target absl_tracing_internal
[ 32%] Built target absl_malloc_internal
[ 34%] Built target absl_crc_cpu_detect
[ 34%] Built target absl_int128
[ 36%] Built target absl_strings_internal
[ 36%] Built target absl_string_view
[ 36%] Built target absl_decode_rust_punycode
[ 36%] Built target absl_city
[ 36%] Built target absl_graphcycles_internal
[ 36%] Built target absl_low_level_hash
[ 36%] Built target absl_crc_internal
[ 36%] Built target absl_demangle_rust
[ 42%] Built target absl_strings
[ 44%] Built target absl_demangle_internal
[ 44%] Built target absl_hash
[ 46%] Built target absl_time
[ 48%] Built target absl_str_format_internal
[ 48%] Built target absl_symbolize
[ 50%] Built target absl_kernel_timeout_internal
[ 51%] Built target absl_crc32c
[ 51%] Built target absl_crc_cord_state
[ 55%] Built target absl_synchronization
[ 59%] Built target absl_cord_internal
[ 59%] Built target absl_cordz_handle
[ 61%] Built target absl_hashtablez_sampler
[ 61%] Built target absl_cordz_info
[ 63%] Built target absl_cord
[ 63%] Built target absl_raw_hash_set
[ 63%] Built target absl_status
[ 65%] Built target absl_statusor
[ 65%] Built target keylane_control_protocol
[ 69%] Built target celer
[ 71%] Built target celer_rpc
[ 71%] Built target keylane_control_transport
[ 98%] Built target keylane_module
[100%] Linking CXX executable keylane_grouped_hash_write_e2e_test
[100%] Built target keylane_grouped_hash_write_e2e_test
[  0%] Built target keylane_lease_clock
[  0%] Built target gtest
[  9%] Built target keylane_lua
[ 13%] Built target absl_time_zone
[ 13%] Built target absl_log_severity
[ 13%] Built target absl_spinlock_wait
[ 13%] Built target absl_strerror
[ 15%] Built target absl_utf8_for_code_point
[ 15%] Built target absl_leak_check
[ 15%] Built target absl_exponential_biased
[ 19%] Built target celer_liburing_build
[ 19%] Built target absl_civil_time
[ 21%] Built target absl_raw_logging_internal
[ 26%] Built target mimalloc-static
[ 26%] Built target absl_throw_delegate
[ 28%] Built target absl_debugging_internal
[ 30%] Built target absl_base
[ 30%] Built target absl_cordz_functions
[ 30%] Built target absl_tracing_internal
[ 32%] Built target absl_stacktrace
[ 32%] Built target absl_malloc_internal
[ 34%] Built target absl_crc_cpu_detect
[ 36%] Built target absl_strings_internal
[ 36%] Built target absl_int128
[ 36%] Built target absl_string_view
[ 36%] Built target absl_decode_rust_punycode
[ 36%] Built target absl_graphcycles_internal
[ 36%] Built target absl_low_level_hash
[ 36%] Built target absl_city
[ 36%] Built target absl_crc_internal
[ 36%] Built target absl_demangle_rust
[ 42%] Built target absl_strings
[ 44%] Built target absl_demangle_internal
[ 44%] Built target absl_hash
[ 46%] Built target absl_time
[ 48%] Built target absl_str_format_internal
[ 48%] Built target absl_symbolize
[ 50%] Built target absl_kernel_timeout_internal
[ 51%] Built target absl_crc32c
[ 51%] Built target absl_crc_cord_state
[ 55%] Built target absl_synchronization
[ 57%] Built target absl_cordz_handle
[ 59%] Built target absl_cord_internal
[ 61%] Built target absl_hashtablez_sampler
[ 61%] Built target absl_cordz_info
[ 63%] Built target absl_cord
[ 63%] Built target absl_raw_hash_set
[ 63%] Built target absl_status
[ 65%] Built target absl_statusor
[ 65%] Built target keylane_control_protocol
[ 69%] Built target celer
[ 71%] Built target keylane_control_transport
[ 71%] Built target celer_rpc
[ 98%] Built target keylane_module
[100%] Linking CXX executable keylane_list_e2e_test
[100%] Built target keylane_list_e2e_test
