java -cp /mnt/dev/YCSB-hreplace-dist/redis-binding/conf:/mnt/dev/YCSB-hreplace-dist/conf:/mnt/dev/YCSB-hreplace-dist/lib/htrace-core4-4.1.0-incubating.jar:/mnt/dev/YCSB-hreplace-dist/lib/slf4j-api-1.7.25.jar:/mnt/dev/YCSB-hreplace-dist/lib/jackson-mapper-asl-1.9.4.jar:/mnt/dev/YCSB-hreplace-dist/lib/HdrHistogram-2.1.12.jar:/mnt/dev/YCSB-hreplace-dist/lib/jackson-core-asl-1.9.4.jar:/mnt/dev/YCSB-hreplace-dist/lib/jedis-3.9.0.jar:/mnt/dev/YCSB-hreplace-dist/lib/core-0.18.0-SNAPSHOT.jar:/mnt/dev/YCSB-hreplace-dist/lib/commons-pool2-2.11.1.jar:/mnt/dev/YCSB-hreplace-dist/lib/redis-binding-0.18.0-SNAPSHOT.jar site.ycsb.Client -db site.ycsb.db.RedisClient -s -threads 256 -P /mnt/dev/YCSB-hreplace-dist/workloads/workloada -target 100000 -p recordcount=100000000 -p operationcount=5000000 -p fieldcount=10 -p fieldlength=128 -p fieldlengthdistribution=constant -p readallfields=true -p writeallfields=true -p insertorder=hashed -p requestdistribution=uniform -p readproportion=1 -p updateproportion=0 -p insertproportion=0 -p scanproportion=0 -p readmodifywriteproportion=0 -p measurementtype=hdrhistogram -p measurement.interval=both -p hdrhistogram.percentiles=50,95,99,99.9,99.99 -p status.interval=10 -p redis.host=172.16.0.4 -p redis.port=16379 -p redis.scanindex=none -p redis.timeout=10000 -p redis.cluster=false -p redis.updatecommand=hmset -t
Command line: -db site.ycsb.db.RedisClient -s -threads 256 -P /mnt/dev/YCSB-hreplace-dist/workloads/workloada -target 100000 -p recordcount=100000000 -p operationcount=5000000 -p fieldcount=10 -p fieldlength=128 -p fieldlengthdistribution=constant -p readallfields=true -p writeallfields=true -p insertorder=hashed -p requestdistribution=uniform -p readproportion=1 -p updateproportion=0 -p insertproportion=0 -p scanproportion=0 -p readmodifywriteproportion=0 -p measurementtype=hdrhistogram -p measurement.interval=both -p hdrhistogram.percentiles=50,95,99,99.9,99.99 -p status.interval=10 -p redis.host=172.16.0.4 -p redis.port=16379 -p redis.scanindex=none -p redis.timeout=10000 -p redis.cluster=false -p redis.updatecommand=hmset -t
YCSB Client 0.18.0-SNAPSHOT

Loading workload...
Starting test.
SLF4J: Failed to load class "org.slf4j.impl.StaticLoggerBinder".
SLF4J: Defaulting to no-operation (NOP) logger implementation
SLF4J: See http://www.slf4j.org/codes.html#StaticLoggerBinder for further details.
2026-09-13 13:35:14:291 0 sec: 0 operations; est completion in 0 second 
DBWrapper: report latency for each error is false and specific error codes to track for latency are: []
2026-09-13 13:35:24:252 10 sec: 992951 operations; 99295.1 current ops/sec; est completion in 41 seconds [READ: Count=993014, Max=16255, Min=209, Avg=330.66, 50=314, 90=402, 99=543, 99.9=1229, 99.99=2943] [Intended-READ: Count=993523, Max=62783, Min=238, Avg=447.55, 50=373, 90=463, 99=685, 99.9=25903, 99.99=53567] 
2026-09-13 13:35:34:252 20 sec: 1992943 operations; 99999.2 current ops/sec; est completion in 31 seconds [READ: Count=999975, Max=4013, Min=211, Avg=329.73, 50=314, 90=403, 99=536, 99.9=1024, 99.99=2793] [Intended-READ: Count=999742, Max=4075, Min=233, Avg=388.66, 50=373, 90=462, 99=611, 99.9=1160, 99.99=2855] 
2026-09-13 13:35:44:252 30 sec: 2992947 operations; 100000.4 current ops/sec; est completion in 21 seconds [READ: Count=1000000, Max=5623, Min=212, Avg=332.38, 50=316, 90=409, 99=535, 99.9=865, 99.99=1651] [Intended-READ: Count=999807, Max=5683, Min=233, Avg=391.11, 50=376, 90=468, 99=605, 99.9=1042, 99.99=1805] 
2026-09-13 13:35:54:252 40 sec: 3992930 operations; 99998.3 current ops/sec; est completion in 11 seconds [READ: Count=999994, Max=2565, Min=217, Avg=329.72, 50=315, 90=404, 99=526, 99.9=864, 99.99=1206] [Intended-READ: Count=1000076, Max=2627, Min=236, Avg=388.49, 50=374, 90=464, 99=595, 99.9=1046, 99.99=1416] 
2026-09-13 13:36:04:252 50 sec: 4992948 operations; 100001.8 current ops/sec; est completion in 1 second [READ: Count=1000001, Max=6387, Min=213, Avg=329.87, 50=313, 90=403, 99=534, 99.9=1083, 99.99=3135] [Intended-READ: Count=1000025, Max=6451, Min=230, Avg=388.69, 50=372, 90=462, 99=609, 99.9=1221, 99.99=3207] 
2026-09-13 13:36:04:348 50 sec: 5000000 operations; 73458.33 current ops/sec; [READ: Count=7016, Max=1098, Min=225, Avg=323.53, 50=310, 90=393, 99=508, 99.9=771, 99.99=1098] [CLEANUP: Count=256, Max=703, Min=11, Avg=32.14, 50=16, 90=26, 99=650, 99.9=703, 99.99=703] [Intended-READ: Count=6827, Max=1168, Min=259, Avg=381.2, 50=369, 90=451, 99=560, 99.9=916, 99.99=1168] [Intended-CLEANUP: Count=256, Max=703, Min=11, Avg=32.37, 50=16, 90=27, 99=652, 99.9=703, 99.99=703] 
[OVERALL], RunTime(ms), 50096
[OVERALL], Throughput(ops/sec), 99808.36793356756
[TOTAL_GCS_G1_Young_Generation], Count, 91
[TOTAL_GC_TIME_G1_Young_Generation], Time(ms), 68
[TOTAL_GC_TIME_%_G1_Young_Generation], Time(%), 0.13573938038965186
[TOTAL_GCS_G1_Old_Generation], Count, 0
[TOTAL_GC_TIME_G1_Old_Generation], Time(ms), 0
[TOTAL_GC_TIME_%_G1_Old_Generation], Time(%), 0.0
[TOTAL_GCs], Count, 91
[TOTAL_GC_TIME], Time(ms), 68
[TOTAL_GC_TIME_%], Time(%), 0.13573938038965186
[READ], Operations, 5000000
[READ], AverageLatency(us), 330.461356
[READ], MinLatency(us), 209
[READ], MaxLatency(us), 16255
[READ], 50thPercentileLatency(us), 314
[READ], 95thPercentileLatency(us), 436
[READ], 99thPercentileLatency(us), 534
[READ], 99.9PercentileLatency(us), 989
[READ], 99.99PercentileLatency(us), 2585
[READ], Return=OK, 5000000
[CLEANUP], Operations, 256
[CLEANUP], AverageLatency(us), 32.14453125
[CLEANUP], MinLatency(us), 11
[CLEANUP], MaxLatency(us), 703
[CLEANUP], 50thPercentileLatency(us), 16
[CLEANUP], 95thPercentileLatency(us), 39
[CLEANUP], 99thPercentileLatency(us), 650
[CLEANUP], 99.9PercentileLatency(us), 703
[CLEANUP], 99.99PercentileLatency(us), 703
[Intended-READ], Operations, 5000000
[Intended-READ], AverageLatency(us), 400.8127916
[Intended-READ], MinLatency(us), 230
[Intended-READ], MaxLatency(us), 62783
[Intended-READ], 50thPercentileLatency(us), 373
[Intended-READ], 95thPercentileLatency(us), 497
[Intended-READ], 99thPercentileLatency(us), 615
[Intended-READ], 99.9PercentileLatency(us), 1529
[Intended-READ], 99.99PercentileLatency(us), 39967
[Intended-CLEANUP], Operations, 256
[Intended-CLEANUP], AverageLatency(us), 32.3671875
[Intended-CLEANUP], MinLatency(us), 11
[Intended-CLEANUP], MaxLatency(us), 703
[Intended-CLEANUP], 50thPercentileLatency(us), 16
[Intended-CLEANUP], 95thPercentileLatency(us), 39
[Intended-CLEANUP], 99thPercentileLatency(us), 652
[Intended-CLEANUP], 99.9PercentileLatency(us), 703
[Intended-CLEANUP], 99.99PercentileLatency(us), 703
