java -cp /mnt/dev/YCSB-hreplace-dist/redis-binding/conf:/mnt/dev/YCSB-hreplace-dist/conf:/mnt/dev/YCSB-hreplace-dist/lib/htrace-core4-4.1.0-incubating.jar:/mnt/dev/YCSB-hreplace-dist/lib/slf4j-api-1.7.25.jar:/mnt/dev/YCSB-hreplace-dist/lib/jackson-mapper-asl-1.9.4.jar:/mnt/dev/YCSB-hreplace-dist/lib/HdrHistogram-2.1.12.jar:/mnt/dev/YCSB-hreplace-dist/lib/jackson-core-asl-1.9.4.jar:/mnt/dev/YCSB-hreplace-dist/lib/jedis-3.9.0.jar:/mnt/dev/YCSB-hreplace-dist/lib/core-0.18.0-SNAPSHOT.jar:/mnt/dev/YCSB-hreplace-dist/lib/commons-pool2-2.11.1.jar:/mnt/dev/YCSB-hreplace-dist/lib/redis-binding-0.18.0-SNAPSHOT.jar site.ycsb.Client -db site.ycsb.db.RedisClient -s -threads 256 -P /mnt/dev/YCSB-hreplace-dist/workloads/workloada -target 100000 -p recordcount=100000000 -p operationcount=1000000 -p fieldcount=10 -p fieldlength=128 -p fieldlengthdistribution=constant -p readallfields=true -p writeallfields=true -p insertorder=hashed -p requestdistribution=uniform -p readproportion=1 -p updateproportion=0 -p insertproportion=0 -p scanproportion=0 -p readmodifywriteproportion=0 -p measurementtype=hdrhistogram -p measurement.interval=both -p hdrhistogram.percentiles=50,95,99,99.9,99.99 -p status.interval=10 -p redis.host=172.16.0.4 -p redis.port=16379 -p redis.scanindex=none -p redis.timeout=10000 -p redis.cluster=false -p redis.updatecommand=hmset -t
Command line: -db site.ycsb.db.RedisClient -s -threads 256 -P /mnt/dev/YCSB-hreplace-dist/workloads/workloada -target 100000 -p recordcount=100000000 -p operationcount=1000000 -p fieldcount=10 -p fieldlength=128 -p fieldlengthdistribution=constant -p readallfields=true -p writeallfields=true -p insertorder=hashed -p requestdistribution=uniform -p readproportion=1 -p updateproportion=0 -p insertproportion=0 -p scanproportion=0 -p readmodifywriteproportion=0 -p measurementtype=hdrhistogram -p measurement.interval=both -p hdrhistogram.percentiles=50,95,99,99.9,99.99 -p status.interval=10 -p redis.host=172.16.0.4 -p redis.port=16379 -p redis.scanindex=none -p redis.timeout=10000 -p redis.cluster=false -p redis.updatecommand=hmset -t
YCSB Client 0.18.0-SNAPSHOT

Loading workload...
Starting test.
SLF4J: Failed to load class "org.slf4j.impl.StaticLoggerBinder".
SLF4J: Defaulting to no-operation (NOP) logger implementation
SLF4J: See http://www.slf4j.org/codes.html#StaticLoggerBinder for further details.
2026-09-13 14:02:38:542 0 sec: 0 operations; est completion in 0 second 
DBWrapper: report latency for each error is false and specific error codes to track for latency are: []
2026-09-13 14:02:48:512 10 sec: 993759 operations; 99375.9 current ops/sec; est completion in 1 second [READ: Count=993816, Max=39871, Min=211, Avg=329.67, 50=313, 90=392, 99=500, 99.9=1417, 99.99=10647] [Intended-READ: Count=994153, Max=106431, Min=231, Avg=620.43, 50=371, 90=453, 99=1253, 99.9=61215, 99.99=86783] 
2026-09-13 14:02:48:598 10 sec: 1000000 operations; 71735.63 current ops/sec; [READ: Count=6184, Max=1332, Min=218, Avg=319.82, 50=309, 90=385, 99=458, 99.9=816, 99.99=1332] [CLEANUP: Count=256, Max=663, Min=11, Avg=29.83, 50=16, 90=29, 99=445, 99.9=663, 99.99=663] [Intended-READ: Count=5847, Max=1394, Min=241, Avg=377.25, 50=368, 90=443, 99=520, 99.9=1066, 99.99=1394] [Intended-CLEANUP: Count=256, Max=664, Min=11, Avg=30.15, 50=17, 90=29, 99=446, 99.9=664, 99.99=664] 
[OVERALL], RunTime(ms), 10086
[OVERALL], Throughput(ops/sec), 99147.332936744
[TOTAL_GCS_G1_Young_Generation], Count, 20
[TOTAL_GC_TIME_G1_Young_Generation], Time(ms), 21
[TOTAL_GC_TIME_%_G1_Young_Generation], Time(%), 0.20820939916716238
[TOTAL_GCS_G1_Old_Generation], Count, 0
[TOTAL_GC_TIME_G1_Old_Generation], Time(ms), 0
[TOTAL_GC_TIME_%_G1_Old_Generation], Time(%), 0.0
[TOTAL_GCs], Count, 20
[TOTAL_GC_TIME], Time(ms), 21
[TOTAL_GC_TIME_%], Time(%), 0.20820939916716238
[READ], Operations, 1000000
[READ], AverageLatency(us), 329.604252
[READ], MinLatency(us), 211
[READ], MaxLatency(us), 39871
[READ], 50thPercentileLatency(us), 313
[READ], 95thPercentileLatency(us), 420
[READ], 99thPercentileLatency(us), 499
[READ], 99.9PercentileLatency(us), 1415
[READ], 99.99PercentileLatency(us), 10607
[READ], Return=OK, 1000000
[CLEANUP], Operations, 256
[CLEANUP], AverageLatency(us), 29.83203125
[CLEANUP], MinLatency(us), 11
[CLEANUP], MaxLatency(us), 663
[CLEANUP], 50thPercentileLatency(us), 16
[CLEANUP], 95thPercentileLatency(us), 41
[CLEANUP], 99thPercentileLatency(us), 445
[CLEANUP], 99.9PercentileLatency(us), 663
[CLEANUP], 99.99PercentileLatency(us), 663
[Intended-READ], Operations, 1000000
[Intended-READ], AverageLatency(us), 619.013014
[Intended-READ], MinLatency(us), 231
[Intended-READ], MaxLatency(us), 106431
[Intended-READ], 50thPercentileLatency(us), 371
[Intended-READ], 95thPercentileLatency(us), 483
[Intended-READ], 99thPercentileLatency(us), 1242
[Intended-READ], 99.9PercentileLatency(us), 61119
[Intended-READ], 99.99PercentileLatency(us), 86719
[Intended-CLEANUP], Operations, 256
[Intended-CLEANUP], AverageLatency(us), 30.15234375
[Intended-CLEANUP], MinLatency(us), 11
[Intended-CLEANUP], MaxLatency(us), 664
[Intended-CLEANUP], 50thPercentileLatency(us), 17
[Intended-CLEANUP], 95thPercentileLatency(us), 41
[Intended-CLEANUP], 99thPercentileLatency(us), 446
[Intended-CLEANUP], 99.9PercentileLatency(us), 664
[Intended-CLEANUP], 99.99PercentileLatency(us), 664
