java -cp /mnt/dev/YCSB-hreplace-dist/redis-binding/conf:/mnt/dev/YCSB-hreplace-dist/conf:/mnt/dev/YCSB-hreplace-dist/lib/htrace-core4-4.1.0-incubating.jar:/mnt/dev/YCSB-hreplace-dist/lib/slf4j-api-1.7.25.jar:/mnt/dev/YCSB-hreplace-dist/lib/jackson-mapper-asl-1.9.4.jar:/mnt/dev/YCSB-hreplace-dist/lib/HdrHistogram-2.1.12.jar:/mnt/dev/YCSB-hreplace-dist/lib/jackson-core-asl-1.9.4.jar:/mnt/dev/YCSB-hreplace-dist/lib/jedis-3.9.0.jar:/mnt/dev/YCSB-hreplace-dist/lib/core-0.18.0-SNAPSHOT.jar:/mnt/dev/YCSB-hreplace-dist/lib/commons-pool2-2.11.1.jar:/mnt/dev/YCSB-hreplace-dist/lib/redis-binding-0.18.0-SNAPSHOT.jar site.ycsb.Client -db site.ycsb.db.RedisClient -s -threads 256 -P /mnt/dev/YCSB-hreplace-dist/workloads/workloada -p recordcount=100000000 -p operationcount=5000000 -p fieldcount=10 -p fieldlength=128 -p fieldlengthdistribution=constant -p readallfields=true -p writeallfields=true -p insertorder=hashed -p requestdistribution=uniform -p readproportion=1 -p updateproportion=0 -p insertproportion=0 -p scanproportion=0 -p readmodifywriteproportion=0 -p measurementtype=hdrhistogram -p measurement.interval=both -p hdrhistogram.percentiles=50,95,99,99.9,99.99 -p status.interval=10 -p redis.host=172.16.0.4 -p redis.port=16379 -p redis.scanindex=none -p redis.timeout=10000 -p redis.cluster=false -p redis.updatecommand=hmset -t
Command line: -db site.ycsb.db.RedisClient -s -threads 256 -P /mnt/dev/YCSB-hreplace-dist/workloads/workloada -p recordcount=100000000 -p operationcount=5000000 -p fieldcount=10 -p fieldlength=128 -p fieldlengthdistribution=constant -p readallfields=true -p writeallfields=true -p insertorder=hashed -p requestdistribution=uniform -p readproportion=1 -p updateproportion=0 -p insertproportion=0 -p scanproportion=0 -p readmodifywriteproportion=0 -p measurementtype=hdrhistogram -p measurement.interval=both -p hdrhistogram.percentiles=50,95,99,99.9,99.99 -p status.interval=10 -p redis.host=172.16.0.4 -p redis.port=16379 -p redis.scanindex=none -p redis.timeout=10000 -p redis.cluster=false -p redis.updatecommand=hmset -t
YCSB Client 0.18.0-SNAPSHOT

Loading workload...
Starting test.
SLF4J: Failed to load class "org.slf4j.impl.StaticLoggerBinder".
SLF4J: Defaulting to no-operation (NOP) logger implementation
SLF4J: See http://www.slf4j.org/codes.html#StaticLoggerBinder for further details.
2026-09-13 13:40:09:382 0 sec: 0 operations; est completion in 0 second 
DBWrapper: report latency for each error is false and specific error codes to track for latency are: []
2026-09-13 13:40:19:345 10 sec: 4655148 operations; 465468.25 current ops/sec; est completion in 1 second [READ: Count=4655656, Max=70975, Min=229, Avg=540.42, 50=506, 90=662, 99=1314, 99.9=3587, 99.99=14887] [CLEANUP: Count=4, Max=844, Min=77, Avg=276.75, 50=84, 90=844, 99=844, 99.9=844, 99.99=844] [Intended-READ: Count=4662175, Max=70975, Min=229, Avg=540.42, 50=506, 90=662, 99=1314, 99.9=3585, 99.99=14879] [Intended-CLEANUP: Count=4, Max=845, Min=78, Avg=277.75, 50=85, 90=845, 99=845, 99.9=845, 99.99=845] 
2026-09-13 13:40:20:590 11 sec: 5000000 operations; 276989.56 current ops/sec; [READ: Count=344344, Max=4999, Min=233, Avg=457.45, 50=440, 90=572, 99=751, 99.9=1845, 99.99=3737] [CLEANUP: Count=252, Max=137, Min=13, Avg=36.43, 50=27, 90=72, 99=136, 99.9=137, 99.99=137] [Intended-READ: Count=337825, Max=4999, Min=233, Avg=456.31, 50=440, 90=571, 99=745, 99.9=1840, 99.99=3745] [Intended-CLEANUP: Count=252, Max=138, Min=13, Avg=37.01, 50=28, 90=72, 99=137, 99.9=138, 99.99=138] 
[OVERALL], RunTime(ms), 11245
[OVERALL], Throughput(ops/sec), 444642.06313917297
[TOTAL_GCS_G1_Young_Generation], Count, 75
[TOTAL_GC_TIME_G1_Young_Generation], Time(ms), 75
[TOTAL_GC_TIME_%_G1_Young_Generation], Time(%), 0.6669630947087595
[TOTAL_GCS_G1_Old_Generation], Count, 0
[TOTAL_GC_TIME_G1_Old_Generation], Time(ms), 0
[TOTAL_GC_TIME_%_G1_Old_Generation], Time(%), 0.0
[TOTAL_GCs], Count, 75
[TOTAL_GC_TIME], Time(ms), 75
[TOTAL_GC_TIME_%], Time(%), 0.6669630947087595
[READ], Operations, 5000000
[READ], AverageLatency(us), 534.704651
[READ], MinLatency(us), 229
[READ], MaxLatency(us), 70975
[READ], 50thPercentileLatency(us), 501
[READ], 95thPercentileLatency(us), 736
[READ], 99thPercentileLatency(us), 1290
[READ], 99.9PercentileLatency(us), 3519
[READ], 99.99PercentileLatency(us), 13639
[READ], Return=OK, 5000000
[CLEANUP], Operations, 256
[CLEANUP], AverageLatency(us), 40.18359375
[CLEANUP], MinLatency(us), 13
[CLEANUP], MaxLatency(us), 844
[CLEANUP], 50thPercentileLatency(us), 28
[CLEANUP], 95thPercentileLatency(us), 96
[CLEANUP], 99thPercentileLatency(us), 137
[CLEANUP], 99.9PercentileLatency(us), 844
[CLEANUP], 99.99PercentileLatency(us), 844
[Intended-READ], Operations, 5000000
[Intended-READ], AverageLatency(us), 534.7410354
[Intended-READ], MinLatency(us), 229
[Intended-READ], MaxLatency(us), 70975
[Intended-READ], 50thPercentileLatency(us), 501
[Intended-READ], 95thPercentileLatency(us), 736
[Intended-READ], 99thPercentileLatency(us), 1290
[Intended-READ], 99.9PercentileLatency(us), 3519
[Intended-READ], 99.99PercentileLatency(us), 13639
[Intended-CLEANUP], Operations, 256
[Intended-CLEANUP], AverageLatency(us), 40.76953125
[Intended-CLEANUP], MinLatency(us), 13
[Intended-CLEANUP], MaxLatency(us), 845
[Intended-CLEANUP], 50thPercentileLatency(us), 28
[Intended-CLEANUP], 95thPercentileLatency(us), 97
[Intended-CLEANUP], 99thPercentileLatency(us), 138
[Intended-CLEANUP], 99.9PercentileLatency(us), 845
[Intended-CLEANUP], 99.99PercentileLatency(us), 845
