java -cp /mnt/dev/YCSB-hreplace-dist/redis-binding/conf:/mnt/dev/YCSB-hreplace-dist/conf:/mnt/dev/YCSB-hreplace-dist/lib/htrace-core4-4.1.0-incubating.jar:/mnt/dev/YCSB-hreplace-dist/lib/slf4j-api-1.7.25.jar:/mnt/dev/YCSB-hreplace-dist/lib/jackson-mapper-asl-1.9.4.jar:/mnt/dev/YCSB-hreplace-dist/lib/HdrHistogram-2.1.12.jar:/mnt/dev/YCSB-hreplace-dist/lib/jackson-core-asl-1.9.4.jar:/mnt/dev/YCSB-hreplace-dist/lib/jedis-3.9.0.jar:/mnt/dev/YCSB-hreplace-dist/lib/core-0.18.0-SNAPSHOT.jar:/mnt/dev/YCSB-hreplace-dist/lib/commons-pool2-2.11.1.jar:/mnt/dev/YCSB-hreplace-dist/lib/redis-binding-0.18.0-SNAPSHOT.jar site.ycsb.Client -db site.ycsb.db.RedisClient -s -threads 256 -P /mnt/dev/YCSB-hreplace-dist/workloads/workloada -target 100000 -p recordcount=100000000 -p operationcount=5000000 -p fieldcount=10 -p fieldlength=128 -p fieldlengthdistribution=constant -p readallfields=true -p writeallfields=true -p insertorder=hashed -p requestdistribution=uniform -p readproportion=0.5 -p updateproportion=0.5 -p insertproportion=0 -p scanproportion=0 -p readmodifywriteproportion=0 -p measurementtype=hdrhistogram -p measurement.interval=both -p hdrhistogram.percentiles=50,95,99,99.9,99.99 -p status.interval=10 -p redis.host=172.16.0.4 -p redis.port=16379 -p redis.scanindex=none -p redis.timeout=10000 -p redis.cluster=false -p redis.updatecommand=hmset -t
Command line: -db site.ycsb.db.RedisClient -s -threads 256 -P /mnt/dev/YCSB-hreplace-dist/workloads/workloada -target 100000 -p recordcount=100000000 -p operationcount=5000000 -p fieldcount=10 -p fieldlength=128 -p fieldlengthdistribution=constant -p readallfields=true -p writeallfields=true -p insertorder=hashed -p requestdistribution=uniform -p readproportion=0.5 -p updateproportion=0.5 -p insertproportion=0 -p scanproportion=0 -p readmodifywriteproportion=0 -p measurementtype=hdrhistogram -p measurement.interval=both -p hdrhistogram.percentiles=50,95,99,99.9,99.99 -p status.interval=10 -p redis.host=172.16.0.4 -p redis.port=16379 -p redis.scanindex=none -p redis.timeout=10000 -p redis.cluster=false -p redis.updatecommand=hmset -t
YCSB Client 0.18.0-SNAPSHOT

Loading workload...
Starting test.
SLF4J: Failed to load class "org.slf4j.impl.StaticLoggerBinder".
SLF4J: Defaulting to no-operation (NOP) logger implementation
SLF4J: See http://www.slf4j.org/codes.html#StaticLoggerBinder for further details.
2026-09-13 14:10:52:817 0 sec: 0 operations; est completion in 0 second 
DBWrapper: report latency for each error is false and specific error codes to track for latency are: []
2026-09-13 14:11:02:785 10 sec: 992158 operations; 99215.8 current ops/sec; est completion in 41 seconds [READ: Count=495597, Max=20063, Min=172, Avg=337.58, 50=313, 90=378, 99=669, 99.9=3989, 99.99=9471] [UPDATE: Count=496831, Max=21535, Min=172, Avg=353.53, 50=326, 90=394, 99=798, 99.9=4239, 99.99=12879] [Intended-READ: Count=495963, Max=75263, Min=214, Avg=517.14, 50=371, 90=439, 99=1935, 99.9=40447, 99.99=64415] [Intended-UPDATE: Count=497091, Max=73087, Min=229, Avg=525.28, 50=385, 90=455, 99=1986, 99.9=40031, 99.99=62335] 
2026-09-13 14:11:12:785 20 sec: 1992162 operations; 100000.4 current ops/sec; est completion in 31 seconds [READ: Count=499684, Max=8879, Min=172, Avg=335.34, 50=313, 90=377, 99=601, 99.9=3641, 99.99=7431] [UPDATE: Count=500258, Max=9199, Min=175, Avg=348.37, 50=326, 90=392, 99=624, 99.9=3717, 99.99=7515] [Intended-READ: Count=499585, Max=9831, Min=205, Avg=400.55, 50=371, 90=437, 99=995, 99.9=4987, 99.99=7799] [Intended-UPDATE: Count=500173, Max=9807, Min=233, Avg=413.43, 50=384, 90=452, 99=1003, 99.9=4971, 99.99=7811] 
2026-09-13 14:11:22:785 30 sec: 2992157 operations; 99999.5 current ops/sec; est completion in 21 seconds [READ: Count=499757, Max=11159, Min=166, Avg=332.35, 50=313, 90=376, 99=552, 99.9=3429, 99.99=6859] [UPDATE: Count=500124, Max=10951, Min=184, Avg=345.52, 50=325, 90=391, 99=578, 99.9=3445, 99.99=6507] [Intended-READ: Count=499585, Max=11223, Min=224, Avg=395.74, 50=371, 90=435, 99=841, 99.9=4375, 99.99=7695] [Intended-UPDATE: Count=500063, Max=11015, Min=246, Avg=408.99, 50=384, 90=450, 99=876, 99.9=4319, 99.99=7307] 
2026-09-13 14:11:32:785 40 sec: 3992168 operations; 100001.1 current ops/sec; est completion in 11 seconds [READ: Count=499823, Max=11623, Min=165, Avg=332.98, 50=312, 90=375, 99=583, 99.9=3423, 99.99=6791] [UPDATE: Count=500181, Max=11271, Min=182, Avg=345.88, 50=325, 90=390, 99=602, 99.9=3499, 99.99=6755] [Intended-READ: Count=499837, Max=11679, Min=215, Avg=396.29, 50=371, 90=435, 99=896, 99.9=4379, 99.99=7511] [Intended-UPDATE: Count=500163, Max=11295, Min=234, Avg=409.65, 50=384, 90=449, 99=921, 99.9=4371, 99.99=7575] 
2026-09-13 14:11:42:785 50 sec: 4992160 operations; 99999.2 current ops/sec; est completion in 1 second [READ: Count=498987, Max=10999, Min=162, Avg=334.81, 50=313, 90=377, 99=586, 99.9=4065, 99.99=7311] [UPDATE: Count=501003, Max=11519, Min=180, Avg=347.92, 50=325, 90=391, 99=621, 99.9=3995, 99.99=7619] [Intended-READ: Count=498996, Max=11063, Min=214, Avg=400.24, 50=371, 90=436, 99=969, 99.9=5123, 99.99=8119] [Intended-UPDATE: Count=501018, Max=11583, Min=220, Avg=413.51, 50=384, 90=451, 99=983, 99.9=5087, 99.99=8343] 
2026-09-13 14:11:42:882 50 sec: 5000000 operations; 80824.74 current ops/sec; [READ: Count=3933, Max=1066, Min=227, Avg=320.32, 50=310, 90=368, 99=513, 99.9=997, 99.99=1066] [CLEANUP: Count=256, Max=635, Min=10, Avg=28.85, 50=16, 90=28, 99=534, 99.9=635, 99.99=635] [UPDATE: Count=3822, Max=1464, Min=240, Avg=331.29, 50=321, 90=380, 99=514, 99.9=1118, 99.99=1464] [Intended-READ: Count=3815, Max=1276, Min=269, Avg=383.48, 50=368, 90=428, 99=950, 99.9=1218, 99.99=1276] [Intended-CLEANUP: Count=256, Max=636, Min=10, Avg=29.07, 50=16, 90=28, 99=534, 99.9=636, 99.99=636] [Intended-UPDATE: Count=3711, Max=1525, Min=264, Avg=393.32, 50=379, 90=439, 99=939, 99.9=1232, 99.99=1525] 
[OVERALL], RunTime(ms), 50097
[OVERALL], Throughput(ops/sec), 99806.37563127532
[TOTAL_GCS_G1_Young_Generation], Count, 142
[TOTAL_GC_TIME_G1_Young_Generation], Time(ms), 107
[TOTAL_GC_TIME_%_G1_Young_Generation], Time(%), 0.2135856438509292
[TOTAL_GCS_G1_Old_Generation], Count, 0
[TOTAL_GC_TIME_G1_Old_Generation], Time(ms), 0
[TOTAL_GC_TIME_%_G1_Old_Generation], Time(%), 0.0
[TOTAL_GCs], Count, 142
[TOTAL_GC_TIME], Time(ms), 107
[TOTAL_GC_TIME_%], Time(%), 0.2135856438509292
[READ], Operations, 2497781
[READ], AverageLatency(us), 334.5843086323421
[READ], MinLatency(us), 162
[READ], MaxLatency(us), 20063
[READ], 50thPercentileLatency(us), 313
[READ], 95thPercentileLatency(us), 410
[READ], 99thPercentileLatency(us), 596
[READ], 99.9PercentileLatency(us), 3717
[READ], 99.99PercentileLatency(us), 7295
[READ], Return=OK, 2497781
[CLEANUP], Operations, 256
[CLEANUP], AverageLatency(us), 28.84765625
[CLEANUP], MinLatency(us), 10
[CLEANUP], MaxLatency(us), 635
[CLEANUP], 50thPercentileLatency(us), 16
[CLEANUP], 95thPercentileLatency(us), 38
[CLEANUP], 99thPercentileLatency(us), 534
[CLEANUP], 99.9PercentileLatency(us), 635
[CLEANUP], 99.99PercentileLatency(us), 635
[UPDATE], Operations, 2502219
[UPDATE], AverageLatency(us), 348.21175284817195
[UPDATE], MinLatency(us), 172
[UPDATE], MaxLatency(us), 21535
[UPDATE], 50thPercentileLatency(us), 326
[UPDATE], 95thPercentileLatency(us), 427
[UPDATE], 99thPercentileLatency(us), 640
[UPDATE], 99.9PercentileLatency(us), 3771
[UPDATE], 99.99PercentileLatency(us), 7307
[UPDATE], Return=OK, 2502219
[Intended-READ], Operations, 2497781
[Intended-READ], AverageLatency(us), 421.7960357613418
[Intended-READ], MinLatency(us), 205
[Intended-READ], MaxLatency(us), 75263
[Intended-READ], 50thPercentileLatency(us), 371
[Intended-READ], 95thPercentileLatency(us), 472
[Intended-READ], 99thPercentileLatency(us), 1053
[Intended-READ], 99.9PercentileLatency(us), 6727
[Intended-READ], 99.99PercentileLatency(us), 50911
[Intended-CLEANUP], Operations, 256
[Intended-CLEANUP], AverageLatency(us), 29.07421875
[Intended-CLEANUP], MinLatency(us), 10
[Intended-CLEANUP], MaxLatency(us), 636
[Intended-CLEANUP], 50thPercentileLatency(us), 16
[Intended-CLEANUP], 95thPercentileLatency(us), 38
[Intended-CLEANUP], 99thPercentileLatency(us), 534
[Intended-CLEANUP], 99.9PercentileLatency(us), 636
[Intended-CLEANUP], 99.99PercentileLatency(us), 636
[Intended-UPDATE], Operations, 2502219
[Intended-UPDATE], AverageLatency(us), 433.99429346512034
[Intended-UPDATE], MinLatency(us), 220
[Intended-UPDATE], MaxLatency(us), 73087
[Intended-UPDATE], 50thPercentileLatency(us), 384
[Intended-UPDATE], 95thPercentileLatency(us), 489
[Intended-UPDATE], 99thPercentileLatency(us), 1081
[Intended-UPDATE], 99.9PercentileLatency(us), 6651
[Intended-UPDATE], 99.99PercentileLatency(us), 50335
