java -cp /mnt/dev/YCSB-hreplace-dist/redis-binding/conf:/mnt/dev/YCSB-hreplace-dist/conf:/mnt/dev/YCSB-hreplace-dist/lib/htrace-core4-4.1.0-incubating.jar:/mnt/dev/YCSB-hreplace-dist/lib/slf4j-api-1.7.25.jar:/mnt/dev/YCSB-hreplace-dist/lib/jackson-mapper-asl-1.9.4.jar:/mnt/dev/YCSB-hreplace-dist/lib/HdrHistogram-2.1.12.jar:/mnt/dev/YCSB-hreplace-dist/lib/jackson-core-asl-1.9.4.jar:/mnt/dev/YCSB-hreplace-dist/lib/jedis-3.9.0.jar:/mnt/dev/YCSB-hreplace-dist/lib/core-0.18.0-SNAPSHOT.jar:/mnt/dev/YCSB-hreplace-dist/lib/commons-pool2-2.11.1.jar:/mnt/dev/YCSB-hreplace-dist/lib/redis-binding-0.18.0-SNAPSHOT.jar site.ycsb.Client -db site.ycsb.db.RedisClient -s -threads 256 -P /mnt/dev/YCSB-hreplace-dist/workloads/workloada -target 100000 -p recordcount=100000000 -p operationcount=1000000 -p fieldcount=10 -p fieldlength=128 -p fieldlengthdistribution=constant -p readallfields=true -p writeallfields=true -p insertorder=hashed -p requestdistribution=uniform -p readproportion=1 -p updateproportion=0 -p insertproportion=0 -p scanproportion=0 -p readmodifywriteproportion=0 -p measurementtype=hdrhistogram -p measurement.interval=both -p hdrhistogram.percentiles=50,95,99,99.9,99.99 -p status.interval=10 -p redis.host=172.16.0.4 -p redis.port=16379 -p redis.scanindex=none -p redis.timeout=10000 -p redis.cluster=false -p redis.updatecommand=hmset -t
Command line: -db site.ycsb.db.RedisClient -s -threads 256 -P /mnt/dev/YCSB-hreplace-dist/workloads/workloada -target 100000 -p recordcount=100000000 -p operationcount=1000000 -p fieldcount=10 -p fieldlength=128 -p fieldlengthdistribution=constant -p readallfields=true -p writeallfields=true -p insertorder=hashed -p requestdistribution=uniform -p readproportion=1 -p updateproportion=0 -p insertproportion=0 -p scanproportion=0 -p readmodifywriteproportion=0 -p measurementtype=hdrhistogram -p measurement.interval=both -p hdrhistogram.percentiles=50,95,99,99.9,99.99 -p status.interval=10 -p redis.host=172.16.0.4 -p redis.port=16379 -p redis.scanindex=none -p redis.timeout=10000 -p redis.cluster=false -p redis.updatecommand=hmset -t
YCSB Client 0.18.0-SNAPSHOT

Loading workload...
Starting test.
SLF4J: Failed to load class "org.slf4j.impl.StaticLoggerBinder".
SLF4J: Defaulting to no-operation (NOP) logger implementation
SLF4J: See http://www.slf4j.org/codes.html#StaticLoggerBinder for further details.
2026-09-13 14:03:59:189 0 sec: 0 operations; est completion in 0 second 
DBWrapper: report latency for each error is false and specific error codes to track for latency are: []
2026-09-13 14:04:09:171 10 sec: 992707 operations; 99270.7 current ops/sec; est completion in 1 second [READ: Count=992771, Max=31999, Min=212, Avg=337.15, 50=317, 90=404, 99=561, 99.9=1593, 99.99=15047] [Intended-READ: Count=993185, Max=130303, Min=230, Avg=824.13, 50=376, 90=465, 99=4407, 99.9=84479, 99.99=115391] 
2026-09-13 14:04:09:285 10 sec: 1000000 operations; 63973.68 current ops/sec; [READ: Count=7229, Max=1344, Min=223, Avg=322.09, 50=309, 90=390, 99=493, 99.9=981, 99.99=1344] [CLEANUP: Count=256, Max=580, Min=11, Avg=20.01, 50=15, 90=25, 99=67, 99.9=580, 99.99=580] [Intended-READ: Count=6815, Max=1412, Min=261, Avg=379.52, 50=368, 90=449, 99=555, 99.9=1121, 99.99=1412] [Intended-CLEANUP: Count=256, Max=581, Min=11, Avg=20.23, 50=15, 90=26, 99=67, 99.9=581, 99.99=581] 
[OVERALL], RunTime(ms), 10113
[OVERALL], Throughput(ops/sec), 98882.62632255512
[TOTAL_GCS_G1_Young_Generation], Count, 20
[TOTAL_GC_TIME_G1_Young_Generation], Time(ms), 21
[TOTAL_GC_TIME_%_G1_Young_Generation], Time(%), 0.20765351527736575
[TOTAL_GCS_G1_Old_Generation], Count, 0
[TOTAL_GC_TIME_G1_Old_Generation], Time(ms), 0
[TOTAL_GC_TIME_%_G1_Old_Generation], Time(%), 0.0
[TOTAL_GCs], Count, 20
[TOTAL_GC_TIME], Time(ms), 21
[TOTAL_GC_TIME_%], Time(%), 0.20765351527736575
[READ], Operations, 1000000
[READ], AverageLatency(us), 337.046041
[READ], MinLatency(us), 212
[READ], MaxLatency(us), 31999
[READ], 50thPercentileLatency(us), 317
[READ], 95thPercentileLatency(us), 435
[READ], 99thPercentileLatency(us), 561
[READ], 99.9PercentileLatency(us), 1588
[READ], 99.99PercentileLatency(us), 15015
[READ], Return=OK, 1000000
[CLEANUP], Operations, 256
[CLEANUP], AverageLatency(us), 20.0078125
[CLEANUP], MinLatency(us), 11
[CLEANUP], MaxLatency(us), 580
[CLEANUP], 50thPercentileLatency(us), 15
[CLEANUP], 95thPercentileLatency(us), 29
[CLEANUP], 99thPercentileLatency(us), 67
[CLEANUP], 99.9PercentileLatency(us), 580
[CLEANUP], 99.99PercentileLatency(us), 580
[Intended-READ], Operations, 1000000
[Intended-READ], AverageLatency(us), 821.099259
[Intended-READ], MinLatency(us), 230
[Intended-READ], MaxLatency(us), 130303
[Intended-READ], 50thPercentileLatency(us), 376
[Intended-READ], 95thPercentileLatency(us), 500
[Intended-READ], 99thPercentileLatency(us), 4043
[Intended-READ], 99.9PercentileLatency(us), 84415
[Intended-READ], 99.99PercentileLatency(us), 115327
[Intended-CLEANUP], Operations, 256
[Intended-CLEANUP], AverageLatency(us), 20.234375
[Intended-CLEANUP], MinLatency(us), 11
[Intended-CLEANUP], MaxLatency(us), 581
[Intended-CLEANUP], 50thPercentileLatency(us), 15
[Intended-CLEANUP], 95thPercentileLatency(us), 29
[Intended-CLEANUP], 99thPercentileLatency(us), 67
[Intended-CLEANUP], 99.9PercentileLatency(us), 581
[Intended-CLEANUP], 99.99PercentileLatency(us), 581
