java -cp /mnt/dev/YCSB-hreplace-dist/redis-binding/conf:/mnt/dev/YCSB-hreplace-dist/conf:/mnt/dev/YCSB-hreplace-dist/lib/htrace-core4-4.1.0-incubating.jar:/mnt/dev/YCSB-hreplace-dist/lib/slf4j-api-1.7.25.jar:/mnt/dev/YCSB-hreplace-dist/lib/jackson-mapper-asl-1.9.4.jar:/mnt/dev/YCSB-hreplace-dist/lib/HdrHistogram-2.1.12.jar:/mnt/dev/YCSB-hreplace-dist/lib/jackson-core-asl-1.9.4.jar:/mnt/dev/YCSB-hreplace-dist/lib/jedis-3.9.0.jar:/mnt/dev/YCSB-hreplace-dist/lib/core-0.18.0-SNAPSHOT.jar:/mnt/dev/YCSB-hreplace-dist/lib/commons-pool2-2.11.1.jar:/mnt/dev/YCSB-hreplace-dist/lib/redis-binding-0.18.0-SNAPSHOT.jar site.ycsb.Client -db site.ycsb.db.RedisClient -s -threads 256 -P /mnt/dev/YCSB-hreplace-dist/workloads/workloada -target 100000 -p recordcount=100000000 -p operationcount=1000000 -p fieldcount=10 -p fieldlength=128 -p fieldlengthdistribution=constant -p readallfields=true -p writeallfields=true -p insertorder=hashed -p requestdistribution=uniform -p readproportion=1 -p updateproportion=0 -p insertproportion=0 -p scanproportion=0 -p readmodifywriteproportion=0 -p measurementtype=hdrhistogram -p measurement.interval=both -p hdrhistogram.percentiles=50,95,99,99.9,99.99 -p status.interval=10 -p redis.host=172.16.0.4 -p redis.port=16379 -p redis.scanindex=none -p redis.timeout=10000 -p redis.cluster=false -p redis.updatecommand=hmset -t
Command line: -db site.ycsb.db.RedisClient -s -threads 256 -P /mnt/dev/YCSB-hreplace-dist/workloads/workloada -target 100000 -p recordcount=100000000 -p operationcount=1000000 -p fieldcount=10 -p fieldlength=128 -p fieldlengthdistribution=constant -p readallfields=true -p writeallfields=true -p insertorder=hashed -p requestdistribution=uniform -p readproportion=1 -p updateproportion=0 -p insertproportion=0 -p scanproportion=0 -p readmodifywriteproportion=0 -p measurementtype=hdrhistogram -p measurement.interval=both -p hdrhistogram.percentiles=50,95,99,99.9,99.99 -p status.interval=10 -p redis.host=172.16.0.4 -p redis.port=16379 -p redis.scanindex=none -p redis.timeout=10000 -p redis.cluster=false -p redis.updatecommand=hmset -t
YCSB Client 0.18.0-SNAPSHOT

Loading workload...
Starting test.
SLF4J: Failed to load class "org.slf4j.impl.StaticLoggerBinder".
SLF4J: Defaulting to no-operation (NOP) logger implementation
SLF4J: See http://www.slf4j.org/codes.html#StaticLoggerBinder for further details.
2026-09-13 13:36:23:953 0 sec: 0 operations; est completion in 0 second 
DBWrapper: report latency for each error is false and specific error codes to track for latency are: []
2026-09-13 13:36:33:903 10 sec: 992549 operations; 99254.9 current ops/sec; est completion in 1 second [READ: Count=992625, Max=31727, Min=210, Avg=329.72, 50=311, 90=395, 99=514, 99.9=1482, 99.99=12959] [Intended-READ: Count=993004, Max=92991, Min=228, Avg=559.33, 50=370, 90=455, 99=1099, 99.9=50591, 99.99=78655] 
2026-09-13 13:36:34:004 10 sec: 1000000 operations; 73772.28 current ops/sec; [READ: Count=7375, Max=1450, Min=216, Avg=324, 50=311, 90=393, 99=485, 99.9=895, 99.99=1450] [CLEANUP: Count=256, Max=630, Min=11, Avg=26.77, 50=17, 90=28, 99=402, 99.9=630, 99.99=630] [Intended-READ: Count=6996, Max=1507, Min=253, Avg=382.45, 50=370, 90=452, 99=559, 99.9=1044, 99.99=1507] [Intended-CLEANUP: Count=256, Max=631, Min=11, Avg=27, 50=17, 90=28, 99=402, 99.9=631, 99.99=631] 
[OVERALL], RunTime(ms), 10100
[OVERALL], Throughput(ops/sec), 99009.900990099
[TOTAL_GCS_G1_Young_Generation], Count, 20
[TOTAL_GC_TIME_G1_Young_Generation], Time(ms), 21
[TOTAL_GC_TIME_%_G1_Young_Generation], Time(%), 0.20792079207920794
[TOTAL_GCS_G1_Old_Generation], Count, 0
[TOTAL_GC_TIME_G1_Old_Generation], Time(ms), 0
[TOTAL_GC_TIME_%_G1_Old_Generation], Time(%), 0.0
[TOTAL_GCs], Count, 20
[TOTAL_GC_TIME], Time(ms), 21
[TOTAL_GC_TIME_%], Time(%), 0.20792079207920794
[READ], Operations, 1000000
[READ], AverageLatency(us), 329.674978
[READ], MinLatency(us), 210
[READ], MaxLatency(us), 31727
[READ], 50thPercentileLatency(us), 311
[READ], 95thPercentileLatency(us), 428
[READ], 99thPercentileLatency(us), 513
[READ], 99.9PercentileLatency(us), 1472
[READ], 99.99PercentileLatency(us), 12495
[READ], Return=OK, 1000000
[CLEANUP], Operations, 256
[CLEANUP], AverageLatency(us), 26.76953125
[CLEANUP], MinLatency(us), 11
[CLEANUP], MaxLatency(us), 630
[CLEANUP], 50thPercentileLatency(us), 17
[CLEANUP], 95thPercentileLatency(us), 40
[CLEANUP], 99thPercentileLatency(us), 402
[CLEANUP], 99.9PercentileLatency(us), 630
[CLEANUP], 99.99PercentileLatency(us), 630
[Intended-READ], Operations, 1000000
[Intended-READ], AverageLatency(us), 558.089982
[Intended-READ], MinLatency(us), 228
[Intended-READ], MaxLatency(us), 92991
[Intended-READ], 50thPercentileLatency(us), 370
[Intended-READ], 95thPercentileLatency(us), 491
[Intended-READ], 99thPercentileLatency(us), 1086
[Intended-READ], 99.9PercentileLatency(us), 50431
[Intended-READ], 99.99PercentileLatency(us), 78591
[Intended-CLEANUP], Operations, 256
[Intended-CLEANUP], AverageLatency(us), 26.99609375
[Intended-CLEANUP], MinLatency(us), 11
[Intended-CLEANUP], MaxLatency(us), 631
[Intended-CLEANUP], 50thPercentileLatency(us), 17
[Intended-CLEANUP], 95thPercentileLatency(us), 41
[Intended-CLEANUP], 99thPercentileLatency(us), 402
[Intended-CLEANUP], 99.9PercentileLatency(us), 631
[Intended-CLEANUP], 99.99PercentileLatency(us), 631
