java -cp /mnt/dev/YCSB-hreplace-dist/redis-binding/conf:/mnt/dev/YCSB-hreplace-dist/conf:/mnt/dev/YCSB-hreplace-dist/lib/htrace-core4-4.1.0-incubating.jar:/mnt/dev/YCSB-hreplace-dist/lib/slf4j-api-1.7.25.jar:/mnt/dev/YCSB-hreplace-dist/lib/jackson-mapper-asl-1.9.4.jar:/mnt/dev/YCSB-hreplace-dist/lib/HdrHistogram-2.1.12.jar:/mnt/dev/YCSB-hreplace-dist/lib/jackson-core-asl-1.9.4.jar:/mnt/dev/YCSB-hreplace-dist/lib/jedis-3.9.0.jar:/mnt/dev/YCSB-hreplace-dist/lib/core-0.18.0-SNAPSHOT.jar:/mnt/dev/YCSB-hreplace-dist/lib/commons-pool2-2.11.1.jar:/mnt/dev/YCSB-hreplace-dist/lib/redis-binding-0.18.0-SNAPSHOT.jar site.ycsb.Client -db site.ycsb.db.RedisClient -s -threads 256 -P /mnt/dev/YCSB-hreplace-dist/workloads/workloada -p recordcount=100000000 -p operationcount=1000000 -p fieldcount=10 -p fieldlength=128 -p fieldlengthdistribution=constant -p readallfields=true -p writeallfields=true -p insertorder=hashed -p requestdistribution=uniform -p readproportion=1 -p updateproportion=0 -p insertproportion=0 -p scanproportion=0 -p readmodifywriteproportion=0 -p measurementtype=hdrhistogram -p measurement.interval=both -p hdrhistogram.percentiles=50,95,99,99.9,99.99 -p status.interval=10 -p redis.host=172.16.0.4 -p redis.port=16379 -p redis.scanindex=none -p redis.timeout=10000 -p redis.cluster=false -p redis.updatecommand=hmset -t
Command line: -db site.ycsb.db.RedisClient -s -threads 256 -P /mnt/dev/YCSB-hreplace-dist/workloads/workloada -p recordcount=100000000 -p operationcount=1000000 -p fieldcount=10 -p fieldlength=128 -p fieldlengthdistribution=constant -p readallfields=true -p writeallfields=true -p insertorder=hashed -p requestdistribution=uniform -p readproportion=1 -p updateproportion=0 -p insertproportion=0 -p scanproportion=0 -p readmodifywriteproportion=0 -p measurementtype=hdrhistogram -p measurement.interval=both -p hdrhistogram.percentiles=50,95,99,99.9,99.99 -p status.interval=10 -p redis.host=172.16.0.4 -p redis.port=16379 -p redis.scanindex=none -p redis.timeout=10000 -p redis.cluster=false -p redis.updatecommand=hmset -t
YCSB Client 0.18.0-SNAPSHOT

Loading workload...
Starting test.
SLF4J: Failed to load class "org.slf4j.impl.StaticLoggerBinder".
SLF4J: Defaulting to no-operation (NOP) logger implementation
SLF4J: See http://www.slf4j.org/codes.html#StaticLoggerBinder for further details.
2026-09-13 14:06:22:337 0 sec: 0 operations; est completion in 0 second 
DBWrapper: report latency for each error is false and specific error codes to track for latency are: []
2026-09-13 14:06:24:671 2 sec: 1000000 operations; 419111.48 current ops/sec; [READ: Count=1000000, Max=52831, Min=227, Avg=539.51, 50=492, 90=649, 99=1561, 99.9=4855, 99.99=27935] [CLEANUP: Count=256, Max=1006, Min=11, Avg=31.14, 50=22, 90=46, 99=96, 99.9=1006, 99.99=1006] [Intended-READ: Count=1000000, Max=52831, Min=227, Avg=539.55, 50=492, 90=649, 99=1561, 99.9=4855, 99.99=27935] [Intended-CLEANUP: Count=256, Max=1007, Min=12, Avg=31.46, 50=22, 90=46, 99=96, 99.9=1007, 99.99=1007] 
[OVERALL], RunTime(ms), 2386
[OVERALL], Throughput(ops/sec), 419111.48365465214
[TOTAL_GCS_G1_Young_Generation], Count, 18
[TOTAL_GC_TIME_G1_Young_Generation], Time(ms), 24
[TOTAL_GC_TIME_%_G1_Young_Generation], Time(%), 1.0058675607711651
[TOTAL_GCS_G1_Old_Generation], Count, 0
[TOTAL_GC_TIME_G1_Old_Generation], Time(ms), 0
[TOTAL_GC_TIME_%_G1_Old_Generation], Time(%), 0.0
[TOTAL_GCs], Count, 18
[TOTAL_GC_TIME], Time(ms), 24
[TOTAL_GC_TIME_%], Time(%), 1.0058675607711651
[READ], Operations, 1000000
[READ], AverageLatency(us), 539.510431
[READ], MinLatency(us), 227
[READ], MaxLatency(us), 52831
[READ], 50thPercentileLatency(us), 492
[READ], 95thPercentileLatency(us), 733
[READ], 99thPercentileLatency(us), 1561
[READ], 99.9PercentileLatency(us), 4855
[READ], 99.99PercentileLatency(us), 27935
[READ], Return=OK, 1000000
[CLEANUP], Operations, 256
[CLEANUP], AverageLatency(us), 31.140625
[CLEANUP], MinLatency(us), 11
[CLEANUP], MaxLatency(us), 1006
[CLEANUP], 50thPercentileLatency(us), 22
[CLEANUP], 95thPercentileLatency(us), 64
[CLEANUP], 99thPercentileLatency(us), 96
[CLEANUP], 99.9PercentileLatency(us), 1006
[CLEANUP], 99.99PercentileLatency(us), 1006
[Intended-READ], Operations, 1000000
[Intended-READ], AverageLatency(us), 539.549207
[Intended-READ], MinLatency(us), 227
[Intended-READ], MaxLatency(us), 52831
[Intended-READ], 50thPercentileLatency(us), 492
[Intended-READ], 95thPercentileLatency(us), 733
[Intended-READ], 99thPercentileLatency(us), 1561
[Intended-READ], 99.9PercentileLatency(us), 4855
[Intended-READ], 99.99PercentileLatency(us), 27935
[Intended-CLEANUP], Operations, 256
[Intended-CLEANUP], AverageLatency(us), 31.46484375
[Intended-CLEANUP], MinLatency(us), 12
[Intended-CLEANUP], MaxLatency(us), 1007
[Intended-CLEANUP], 50thPercentileLatency(us), 22
[Intended-CLEANUP], 95thPercentileLatency(us), 65
[Intended-CLEANUP], 99thPercentileLatency(us), 96
[Intended-CLEANUP], 99.9PercentileLatency(us), 1007
[Intended-CLEANUP], 99.99PercentileLatency(us), 1007
