java -cp /mnt/dev/YCSB-hreplace-dist/redis-binding/conf:/mnt/dev/YCSB-hreplace-dist/conf:/mnt/dev/YCSB-hreplace-dist/lib/htrace-core4-4.1.0-incubating.jar:/mnt/dev/YCSB-hreplace-dist/lib/slf4j-api-1.7.25.jar:/mnt/dev/YCSB-hreplace-dist/lib/jackson-mapper-asl-1.9.4.jar:/mnt/dev/YCSB-hreplace-dist/lib/HdrHistogram-2.1.12.jar:/mnt/dev/YCSB-hreplace-dist/lib/jackson-core-asl-1.9.4.jar:/mnt/dev/YCSB-hreplace-dist/lib/jedis-3.9.0.jar:/mnt/dev/YCSB-hreplace-dist/lib/core-0.18.0-SNAPSHOT.jar:/mnt/dev/YCSB-hreplace-dist/lib/commons-pool2-2.11.1.jar:/mnt/dev/YCSB-hreplace-dist/lib/redis-binding-0.18.0-SNAPSHOT.jar site.ycsb.Client -db site.ycsb.db.RedisClient -s -threads 256 -P /mnt/dev/YCSB-hreplace-dist/workloads/workloada -p recordcount=100000000 -p operationcount=5000000 -p fieldcount=10 -p fieldlength=128 -p fieldlengthdistribution=constant -p readallfields=true -p writeallfields=true -p insertorder=hashed -p requestdistribution=uniform -p readproportion=1 -p updateproportion=0 -p insertproportion=0 -p scanproportion=0 -p readmodifywriteproportion=0 -p measurementtype=hdrhistogram -p measurement.interval=both -p hdrhistogram.percentiles=50,95,99,99.9,99.99 -p status.interval=10 -p redis.host=172.16.0.4 -p redis.port=16379 -p redis.scanindex=none -p redis.timeout=10000 -p redis.cluster=false -p redis.updatecommand=hmset -t
Command line: -db site.ycsb.db.RedisClient -s -threads 256 -P /mnt/dev/YCSB-hreplace-dist/workloads/workloada -p recordcount=100000000 -p operationcount=5000000 -p fieldcount=10 -p fieldlength=128 -p fieldlengthdistribution=constant -p readallfields=true -p writeallfields=true -p insertorder=hashed -p requestdistribution=uniform -p readproportion=1 -p updateproportion=0 -p insertproportion=0 -p scanproportion=0 -p readmodifywriteproportion=0 -p measurementtype=hdrhistogram -p measurement.interval=both -p hdrhistogram.percentiles=50,95,99,99.9,99.99 -p status.interval=10 -p redis.host=172.16.0.4 -p redis.port=16379 -p redis.scanindex=none -p redis.timeout=10000 -p redis.cluster=false -p redis.updatecommand=hmset -t
YCSB Client 0.18.0-SNAPSHOT

Loading workload...
Starting test.
SLF4J: Failed to load class "org.slf4j.impl.StaticLoggerBinder".
SLF4J: Defaulting to no-operation (NOP) logger implementation
SLF4J: See http://www.slf4j.org/codes.html#StaticLoggerBinder for further details.
2026-09-13 13:38:48:609 0 sec: 0 operations; est completion in 0 second 
DBWrapper: report latency for each error is false and specific error codes to track for latency are: []
2026-09-13 13:38:58:549 10 sec: 4776642 operations; 477616.44 current ops/sec; est completion in 1 second [READ: Count=4777064, Max=29039, Min=230, Avg=525.93, 50=504, 90=646, 99=980, 99.9=3757, 99.99=7923] [CLEANUP: Count=34, Max=846, Min=36, Avg=114.15, 50=84, 90=135, 99=846, 99.9=846, 99.99=846] [Intended-READ: Count=4782596, Max=29039, Min=230, Avg=525.92, 50=504, 90=646, 99=980, 99.9=3757, 99.99=7915] [Intended-CLEANUP: Count=35, Max=847, Min=37, Avg=113.94, 50=85, 90=136, 99=847, 99.9=847, 99.99=847] 
2026-09-13 13:38:59:589 11 sec: 5000000 operations; 214767.31 current ops/sec; [READ: Count=222936, Max=5711, Min=237, Avg=427.87, 50=414, 90=532, 99=688, 99.9=1475, 99.99=4119] [CLEANUP: Count=222, Max=133, Min=13, Avg=32.27, 50=25, 90=58, 99=113, 99.9=133, 99.99=133] [Intended-READ: Count=217404, Max=5711, Min=237, Avg=426.32, 50=412, 90=530, 99=681, 99.9=1467, 99.99=4119] [Intended-CLEANUP: Count=221, Max=133, Min=13, Avg=32.53, 50=25, 90=59, 99=114, 99.9=133, 99.99=133] 
[OVERALL], RunTime(ms), 11040
[OVERALL], Throughput(ops/sec), 452898.5507246377
[TOTAL_GCS_G1_Young_Generation], Count, 47
[TOTAL_GC_TIME_G1_Young_Generation], Time(ms), 50
[TOTAL_GC_TIME_%_G1_Young_Generation], Time(%), 0.4528985507246377
[TOTAL_GCS_G1_Old_Generation], Count, 0
[TOTAL_GC_TIME_G1_Old_Generation], Time(ms), 0
[TOTAL_GC_TIME_%_G1_Old_Generation], Time(%), 0.0
[TOTAL_GCs], Count, 47
[TOTAL_GC_TIME], Time(ms), 50
[TOTAL_GC_TIME_%], Time(%), 0.4528985507246377
[READ], Operations, 5000000
[READ], AverageLatency(us), 521.5543116
[READ], MinLatency(us), 230
[READ], MaxLatency(us), 29039
[READ], 50thPercentileLatency(us), 500
[READ], 95thPercentileLatency(us), 697
[READ], 99thPercentileLatency(us), 966
[READ], 99.9PercentileLatency(us), 3691
[READ], 99.99PercentileLatency(us), 7651
[READ], Return=OK, 5000000
[CLEANUP], Operations, 256
[CLEANUP], AverageLatency(us), 43.1484375
[CLEANUP], MinLatency(us), 13
[CLEANUP], MaxLatency(us), 846
[CLEANUP], 50thPercentileLatency(us), 28
[CLEANUP], 95thPercentileLatency(us), 109
[CLEANUP], 99thPercentileLatency(us), 140
[CLEANUP], 99.9PercentileLatency(us), 846
[CLEANUP], 99.99PercentileLatency(us), 846
[Intended-READ], Operations, 5000000
[Intended-READ], AverageLatency(us), 521.5894436
[Intended-READ], MinLatency(us), 230
[Intended-READ], MaxLatency(us), 29039
[Intended-READ], 50thPercentileLatency(us), 500
[Intended-READ], 95thPercentileLatency(us), 697
[Intended-READ], 99thPercentileLatency(us), 966
[Intended-READ], 99.9PercentileLatency(us), 3691
[Intended-READ], 99.99PercentileLatency(us), 7651
[Intended-CLEANUP], Operations, 256
[Intended-CLEANUP], AverageLatency(us), 43.66015625
[Intended-CLEANUP], MinLatency(us), 13
[Intended-CLEANUP], MaxLatency(us), 847
[Intended-CLEANUP], 50thPercentileLatency(us), 28
[Intended-CLEANUP], 95thPercentileLatency(us), 111
[Intended-CLEANUP], 99thPercentileLatency(us), 141
[Intended-CLEANUP], 99.9PercentileLatency(us), 847
[Intended-CLEANUP], 99.99PercentileLatency(us), 847
