java -cp /mnt/dev/YCSB-hreplace-dist/redis-binding/conf:/mnt/dev/YCSB-hreplace-dist/conf:/mnt/dev/YCSB-hreplace-dist/lib/htrace-core4-4.1.0-incubating.jar:/mnt/dev/YCSB-hreplace-dist/lib/slf4j-api-1.7.25.jar:/mnt/dev/YCSB-hreplace-dist/lib/jackson-mapper-asl-1.9.4.jar:/mnt/dev/YCSB-hreplace-dist/lib/HdrHistogram-2.1.12.jar:/mnt/dev/YCSB-hreplace-dist/lib/jackson-core-asl-1.9.4.jar:/mnt/dev/YCSB-hreplace-dist/lib/jedis-3.9.0.jar:/mnt/dev/YCSB-hreplace-dist/lib/core-0.18.0-SNAPSHOT.jar:/mnt/dev/YCSB-hreplace-dist/lib/commons-pool2-2.11.1.jar:/mnt/dev/YCSB-hreplace-dist/lib/redis-binding-0.18.0-SNAPSHOT.jar site.ycsb.Client -db site.ycsb.db.RedisClient -s -threads 256 -P /mnt/dev/YCSB-hreplace-dist/workloads/workloada -target 100000 -p recordcount=100000000 -p operationcount=1000000 -p fieldcount=10 -p fieldlength=128 -p fieldlengthdistribution=constant -p readallfields=true -p writeallfields=true -p insertorder=hashed -p requestdistribution=uniform -p readproportion=0.5 -p updateproportion=0.5 -p insertproportion=0 -p scanproportion=0 -p readmodifywriteproportion=0 -p measurementtype=hdrhistogram -p measurement.interval=both -p hdrhistogram.percentiles=50,95,99,99.9,99.99 -p status.interval=10 -p redis.host=172.16.0.4 -p redis.port=16379 -p redis.scanindex=none -p redis.timeout=10000 -p redis.cluster=false -p redis.updatecommand=hmset -t
Command line: -db site.ycsb.db.RedisClient -s -threads 256 -P /mnt/dev/YCSB-hreplace-dist/workloads/workloada -target 100000 -p recordcount=100000000 -p operationcount=1000000 -p fieldcount=10 -p fieldlength=128 -p fieldlengthdistribution=constant -p readallfields=true -p writeallfields=true -p insertorder=hashed -p requestdistribution=uniform -p readproportion=0.5 -p updateproportion=0.5 -p insertproportion=0 -p scanproportion=0 -p readmodifywriteproportion=0 -p measurementtype=hdrhistogram -p measurement.interval=both -p hdrhistogram.percentiles=50,95,99,99.9,99.99 -p status.interval=10 -p redis.host=172.16.0.4 -p redis.port=16379 -p redis.scanindex=none -p redis.timeout=10000 -p redis.cluster=false -p redis.updatecommand=hmset -t
YCSB Client 0.18.0-SNAPSHOT

Loading workload...
Starting test.
SLF4J: Failed to load class "org.slf4j.impl.StaticLoggerBinder".
SLF4J: Defaulting to no-operation (NOP) logger implementation
SLF4J: See http://www.slf4j.org/codes.html#StaticLoggerBinder for further details.
2026-09-13 14:10:42:350 0 sec: 0 operations; est completion in 0 second 
DBWrapper: report latency for each error is false and specific error codes to track for latency are: []
2026-09-13 14:10:52:287 10 sec: 987250 operations; 98695.39 current ops/sec; est completion in 1 second [READ: Count=494790, Max=24255, Min=173, Avg=340.68, 50=313, 90=376, 99=827, 99.9=3835, 99.99=16943] [UPDATE: Count=492750, Max=23983, Min=179, Avg=359.17, 50=326, 90=393, 99=1184, 99.9=3947, 99.99=16255] [Intended-READ: Count=495097, Max=116863, Min=194, Avg=712.08, 50=372, 90=438, 99=3615, 99.9=72191, 99.99=103615] [Intended-UPDATE: Count=493009, Max=119679, Min=205, Avg=736.89, 50=385, 90=454, 99=3905, 99.9=71615, 99.99=102527] 
2026-09-13 14:10:52:424 10 sec: 1000000 operations; 93750 current ops/sec; [READ: Count=6377, Max=7895, Min=218, Avg=438.8, 50=318, 90=407, 99=4615, 99.9=7295, 99.99=7895] [CLEANUP: Count=256, Max=1055, Min=10, Avg=58.2, 50=17, 90=37, 99=936, 99.9=1055, 99.99=1055] [UPDATE: Count=6083, Max=7859, Min=243, Avg=469.62, 50=330, 90=428, 99=5131, 99.9=7451, 99.99=7859] [Intended-READ: Count=6070, Max=12559, Min=272, Avg=795.74, 50=378, 90=731, 99=8215, 99.9=10391, 99.99=12559] [Intended-CLEANUP: Count=256, Max=1055, Min=11, Avg=58.43, 50=17, 90=38, 99=936, 99.9=1055, 99.99=1055] [Intended-UPDATE: Count=5824, Max=11055, Min=271, Avg=823.23, 50=390, 90=902, 99=8167, 99.9=10199, 99.99=11055] 
[OVERALL], RunTime(ms), 10139
[OVERALL], Throughput(ops/sec), 98629.05611993294
[TOTAL_GCS_G1_Young_Generation], Count, 30
[TOTAL_GC_TIME_G1_Young_Generation], Time(ms), 29
[TOTAL_GC_TIME_%_G1_Young_Generation], Time(%), 0.2860242627478055
[TOTAL_GCS_G1_Old_Generation], Count, 0
[TOTAL_GC_TIME_G1_Old_Generation], Time(ms), 0
[TOTAL_GC_TIME_%_G1_Old_Generation], Time(%), 0.0
[TOTAL_GCs], Count, 30
[TOTAL_GC_TIME], Time(ms), 29
[TOTAL_GC_TIME_%], Time(%), 0.2860242627478055
[READ], Operations, 501167
[READ], AverageLatency(us), 341.93285272174745
[READ], MinLatency(us), 173
[READ], MaxLatency(us), 24255
[READ], 50thPercentileLatency(us), 313
[READ], 95thPercentileLatency(us), 410
[READ], 99thPercentileLatency(us), 857
[READ], 99.9PercentileLatency(us), 4103
[READ], 99.99PercentileLatency(us), 16911
[READ], Return=OK, 501167
[CLEANUP], Operations, 256
[CLEANUP], AverageLatency(us), 58.203125
[CLEANUP], MinLatency(us), 10
[CLEANUP], MaxLatency(us), 1055
[CLEANUP], 50thPercentileLatency(us), 17
[CLEANUP], 95thPercentileLatency(us), 469
[CLEANUP], 99thPercentileLatency(us), 936
[CLEANUP], 99.9PercentileLatency(us), 1055
[CLEANUP], 99.99PercentileLatency(us), 1055
[UPDATE], Operations, 498833
[UPDATE], AverageLatency(us), 360.5151663983738
[UPDATE], MinLatency(us), 179
[UPDATE], MaxLatency(us), 23983
[UPDATE], 50thPercentileLatency(us), 326
[UPDATE], 95thPercentileLatency(us), 431
[UPDATE], 99thPercentileLatency(us), 1221
[UPDATE], 99.9PercentileLatency(us), 4171
[UPDATE], 99.99PercentileLatency(us), 16255
[UPDATE], Return=OK, 498833
[Intended-READ], Operations, 501167
[Intended-READ], AverageLatency(us), 713.0895190625081
[Intended-READ], MinLatency(us), 194
[Intended-READ], MaxLatency(us), 116863
[Intended-READ], 50thPercentileLatency(us), 372
[Intended-READ], 95thPercentileLatency(us), 480
[Intended-READ], 99thPercentileLatency(us), 4099
[Intended-READ], 99.9PercentileLatency(us), 71871
[Intended-READ], 99.99PercentileLatency(us), 103423
[Intended-CLEANUP], Operations, 256
[Intended-CLEANUP], AverageLatency(us), 58.42578125
[Intended-CLEANUP], MinLatency(us), 11
[Intended-CLEANUP], MaxLatency(us), 1055
[Intended-CLEANUP], 50thPercentileLatency(us), 17
[Intended-CLEANUP], 95thPercentileLatency(us), 469
[Intended-CLEANUP], 99thPercentileLatency(us), 936
[Intended-CLEANUP], 99.9PercentileLatency(us), 1055
[Intended-CLEANUP], 99.99PercentileLatency(us), 1055
[Intended-UPDATE], Operations, 498833
[Intended-UPDATE], AverageLatency(us), 737.9000527230556
[Intended-UPDATE], MinLatency(us), 205
[Intended-UPDATE], MaxLatency(us), 119679
[Intended-UPDATE], 50thPercentileLatency(us), 385
[Intended-UPDATE], 95thPercentileLatency(us), 499
[Intended-UPDATE], 99thPercentileLatency(us), 4439
[Intended-UPDATE], 99.9PercentileLatency(us), 71423
[Intended-UPDATE], 99.99PercentileLatency(us), 102527
