java -cp /mnt/dev/YCSB-hreplace-dist/redis-binding/conf:/mnt/dev/YCSB-hreplace-dist/conf:/mnt/dev/YCSB-hreplace-dist/lib/htrace-core4-4.1.0-incubating.jar:/mnt/dev/YCSB-hreplace-dist/lib/slf4j-api-1.7.25.jar:/mnt/dev/YCSB-hreplace-dist/lib/jackson-mapper-asl-1.9.4.jar:/mnt/dev/YCSB-hreplace-dist/lib/HdrHistogram-2.1.12.jar:/mnt/dev/YCSB-hreplace-dist/lib/jackson-core-asl-1.9.4.jar:/mnt/dev/YCSB-hreplace-dist/lib/jedis-3.9.0.jar:/mnt/dev/YCSB-hreplace-dist/lib/core-0.18.0-SNAPSHOT.jar:/mnt/dev/YCSB-hreplace-dist/lib/commons-pool2-2.11.1.jar:/mnt/dev/YCSB-hreplace-dist/lib/redis-binding-0.18.0-SNAPSHOT.jar site.ycsb.Client -db site.ycsb.db.RedisClient -s -threads 256 -P /mnt/dev/YCSB-hreplace-dist/workloads/workloada -target 100000 -p recordcount=100000000 -p operationcount=1000000 -p fieldcount=10 -p fieldlength=128 -p fieldlengthdistribution=constant -p readallfields=true -p writeallfields=true -p insertorder=hashed -p requestdistribution=uniform -p readproportion=1 -p updateproportion=0 -p insertproportion=0 -p scanproportion=0 -p readmodifywriteproportion=0 -p measurementtype=hdrhistogram -p measurement.interval=both -p hdrhistogram.percentiles=50,95,99,99.9,99.99 -p status.interval=10 -p redis.host=172.16.0.4 -p redis.port=16379 -p redis.scanindex=none -p redis.timeout=10000 -p redis.cluster=false -p redis.updatecommand=hmset -t
Command line: -db site.ycsb.db.RedisClient -s -threads 256 -P /mnt/dev/YCSB-hreplace-dist/workloads/workloada -target 100000 -p recordcount=100000000 -p operationcount=1000000 -p fieldcount=10 -p fieldlength=128 -p fieldlengthdistribution=constant -p readallfields=true -p writeallfields=true -p insertorder=hashed -p requestdistribution=uniform -p readproportion=1 -p updateproportion=0 -p insertproportion=0 -p scanproportion=0 -p readmodifywriteproportion=0 -p measurementtype=hdrhistogram -p measurement.interval=both -p hdrhistogram.percentiles=50,95,99,99.9,99.99 -p status.interval=10 -p redis.host=172.16.0.4 -p redis.port=16379 -p redis.scanindex=none -p redis.timeout=10000 -p redis.cluster=false -p redis.updatecommand=hmset -t
YCSB Client 0.18.0-SNAPSHOT

Loading workload...
Starting test.
SLF4J: Failed to load class "org.slf4j.impl.StaticLoggerBinder".
SLF4J: Defaulting to no-operation (NOP) logger implementation
SLF4J: See http://www.slf4j.org/codes.html#StaticLoggerBinder for further details.
2026-09-13 14:01:17:440 0 sec: 0 operations; est completion in 0 second 
DBWrapper: report latency for each error is false and specific error codes to track for latency are: []
2026-09-13 14:01:27:401 10 sec: 993025 operations; 99302.5 current ops/sec; est completion in 1 second [READ: Count=993079, Max=34655, Min=213, Avg=426.45, 50=318, 90=419, 99=3331, 99.9=7371, 99.99=21119] [Intended-READ: Count=993669, Max=143231, Min=236, Avg=2586.61, 50=377, 90=481, 99=69951, 99.9=106111, 99.99=128255] 
2026-09-13 14:01:27:496 10 sec: 1000000 operations; 72656.25 current ops/sec; [READ: Count=6921, Max=2123, Min=224, Avg=324.46, 50=313, 90=392, 99=491, 99.9=779, 99.99=2123] [CLEANUP: Count=256, Max=591, Min=10, Avg=25.84, 50=16, 90=30, 99=409, 99.9=591, 99.99=591] [Intended-READ: Count=6331, Max=2183, Min=248, Avg=380.89, 50=371, 90=449, 99=541, 99.9=619, 99.99=2183] [Intended-CLEANUP: Count=256, Max=591, Min=11, Avg=26.02, 50=16, 90=30, 99=409, 99.9=591, 99.99=591] 
[OVERALL], RunTime(ms), 10095
[OVERALL], Throughput(ops/sec), 99058.94006934126
[TOTAL_GCS_G1_Young_Generation], Count, 20
[TOTAL_GC_TIME_G1_Young_Generation], Time(ms), 22
[TOTAL_GC_TIME_%_G1_Young_Generation], Time(%), 0.21792966815255077
[TOTAL_GCS_G1_Old_Generation], Count, 0
[TOTAL_GC_TIME_G1_Old_Generation], Time(ms), 0
[TOTAL_GC_TIME_%_G1_Old_Generation], Time(%), 0.0
[TOTAL_GCs], Count, 20
[TOTAL_GC_TIME], Time(ms), 22
[TOTAL_GC_TIME_%], Time(%), 0.21792966815255077
[READ], Operations, 1000000
[READ], AverageLatency(us), 425.743223
[READ], MinLatency(us), 213
[READ], MaxLatency(us), 34655
[READ], 50thPercentileLatency(us), 318
[READ], 95thPercentileLatency(us), 504
[READ], 99thPercentileLatency(us), 3321
[READ], 99.9PercentileLatency(us), 7343
[READ], 99.99PercentileLatency(us), 21087
[READ], Return=OK, 1000000
[CLEANUP], Operations, 256
[CLEANUP], AverageLatency(us), 25.83984375
[CLEANUP], MinLatency(us), 10
[CLEANUP], MaxLatency(us), 591
[CLEANUP], 50thPercentileLatency(us), 16
[CLEANUP], 95thPercentileLatency(us), 38
[CLEANUP], 99thPercentileLatency(us), 409
[CLEANUP], 99.9PercentileLatency(us), 591
[CLEANUP], 99.99PercentileLatency(us), 591
[Intended-READ], Operations, 1000000
[Intended-READ], AverageLatency(us), 2572.650566
[Intended-READ], MinLatency(us), 236
[Intended-READ], MaxLatency(us), 143231
[Intended-READ], 50thPercentileLatency(us), 377
[Intended-READ], 95thPercentileLatency(us), 744
[Intended-READ], 99thPercentileLatency(us), 69823
[Intended-READ], 99.9PercentileLatency(us), 106047
[Intended-READ], 99.99PercentileLatency(us), 128127
[Intended-CLEANUP], Operations, 256
[Intended-CLEANUP], AverageLatency(us), 26.015625
[Intended-CLEANUP], MinLatency(us), 11
[Intended-CLEANUP], MaxLatency(us), 591
[Intended-CLEANUP], 50thPercentileLatency(us), 16
[Intended-CLEANUP], 95thPercentileLatency(us), 38
[Intended-CLEANUP], 99thPercentileLatency(us), 409
[Intended-CLEANUP], 99.9PercentileLatency(us), 591
[Intended-CLEANUP], 99.99PercentileLatency(us), 591
