java -cp /mnt/dev/YCSB-hreplace-dist/redis-binding/conf:/mnt/dev/YCSB-hreplace-dist/conf:/mnt/dev/YCSB-hreplace-dist/lib/htrace-core4-4.1.0-incubating.jar:/mnt/dev/YCSB-hreplace-dist/lib/slf4j-api-1.7.25.jar:/mnt/dev/YCSB-hreplace-dist/lib/jackson-mapper-asl-1.9.4.jar:/mnt/dev/YCSB-hreplace-dist/lib/HdrHistogram-2.1.12.jar:/mnt/dev/YCSB-hreplace-dist/lib/jackson-core-asl-1.9.4.jar:/mnt/dev/YCSB-hreplace-dist/lib/jedis-3.9.0.jar:/mnt/dev/YCSB-hreplace-dist/lib/core-0.18.0-SNAPSHOT.jar:/mnt/dev/YCSB-hreplace-dist/lib/commons-pool2-2.11.1.jar:/mnt/dev/YCSB-hreplace-dist/lib/redis-binding-0.18.0-SNAPSHOT.jar site.ycsb.Client -db site.ycsb.db.RedisClient -s -threads 256 -P /mnt/dev/YCSB-hreplace-dist/workloads/workloada -p recordcount=100000000 -p operationcount=1000000 -p fieldcount=10 -p fieldlength=128 -p fieldlengthdistribution=constant -p readallfields=true -p writeallfields=true -p insertorder=hashed -p requestdistribution=uniform -p readproportion=1 -p updateproportion=0 -p insertproportion=0 -p scanproportion=0 -p readmodifywriteproportion=0 -p measurementtype=hdrhistogram -p measurement.interval=both -p hdrhistogram.percentiles=50,95,99,99.9,99.99 -p status.interval=10 -p redis.host=172.16.0.4 -p redis.port=16379 -p redis.scanindex=none -p redis.timeout=10000 -p redis.cluster=false -p redis.updatecommand=hmset -t
Command line: -db site.ycsb.db.RedisClient -s -threads 256 -P /mnt/dev/YCSB-hreplace-dist/workloads/workloada -p recordcount=100000000 -p operationcount=1000000 -p fieldcount=10 -p fieldlength=128 -p fieldlengthdistribution=constant -p readallfields=true -p writeallfields=true -p insertorder=hashed -p requestdistribution=uniform -p readproportion=1 -p updateproportion=0 -p insertproportion=0 -p scanproportion=0 -p readmodifywriteproportion=0 -p measurementtype=hdrhistogram -p measurement.interval=both -p hdrhistogram.percentiles=50,95,99,99.9,99.99 -p status.interval=10 -p redis.host=172.16.0.4 -p redis.port=16379 -p redis.scanindex=none -p redis.timeout=10000 -p redis.cluster=false -p redis.updatecommand=hmset -t
YCSB Client 0.18.0-SNAPSHOT

Loading workload...
Starting test.
SLF4J: Failed to load class "org.slf4j.impl.StaticLoggerBinder".
SLF4J: Defaulting to no-operation (NOP) logger implementation
SLF4J: See http://www.slf4j.org/codes.html#StaticLoggerBinder for further details.
2026-09-13 13:42:47:997 0 sec: 0 operations; est completion in 0 second 
DBWrapper: report latency for each error is false and specific error codes to track for latency are: []
2026-09-13 13:42:50:382 2 sec: 1000000 operations; 409668.17 current ops/sec; [READ: Count=1000000, Max=55775, Min=223, Avg=540.01, 50=497, 90=659, 99=1391, 99.9=5135, 99.99=20927] [CLEANUP: Count=256, Max=864, Min=12, Avg=31.39, 50=22, 90=48, 99=124, 99.9=864, 99.99=864] [Intended-READ: Count=1000000, Max=55775, Min=223, Avg=540.05, 50=497, 90=659, 99=1391, 99.9=5135, 99.99=20927] [Intended-CLEANUP: Count=256, Max=871, Min=12, Avg=31.81, 50=23, 90=48, 99=125, 99.9=871, 99.99=871] 
[OVERALL], RunTime(ms), 2441
[OVERALL], Throughput(ops/sec), 409668.16878328554
[TOTAL_GCS_G1_Young_Generation], Count, 12
[TOTAL_GC_TIME_G1_Young_Generation], Time(ms), 18
[TOTAL_GC_TIME_%_G1_Young_Generation], Time(%), 0.7374027038099139
[TOTAL_GCS_G1_Old_Generation], Count, 0
[TOTAL_GC_TIME_G1_Old_Generation], Time(ms), 0
[TOTAL_GC_TIME_%_G1_Old_Generation], Time(%), 0.0
[TOTAL_GCs], Count, 12
[TOTAL_GC_TIME], Time(ms), 18
[TOTAL_GC_TIME_%], Time(%), 0.7374027038099139
[READ], Operations, 1000000
[READ], AverageLatency(us), 540.007568
[READ], MinLatency(us), 223
[READ], MaxLatency(us), 55775
[READ], 50thPercentileLatency(us), 497
[READ], 95thPercentileLatency(us), 736
[READ], 99thPercentileLatency(us), 1391
[READ], 99.9PercentileLatency(us), 5135
[READ], 99.99PercentileLatency(us), 20927
[READ], Return=OK, 1000000
[CLEANUP], Operations, 256
[CLEANUP], AverageLatency(us), 31.39453125
[CLEANUP], MinLatency(us), 12
[CLEANUP], MaxLatency(us), 864
[CLEANUP], 50thPercentileLatency(us), 22
[CLEANUP], 95thPercentileLatency(us), 70
[CLEANUP], 99thPercentileLatency(us), 124
[CLEANUP], 99.9PercentileLatency(us), 864
[CLEANUP], 99.99PercentileLatency(us), 864
[Intended-READ], Operations, 1000000
[Intended-READ], AverageLatency(us), 540.048444
[Intended-READ], MinLatency(us), 223
[Intended-READ], MaxLatency(us), 55775
[Intended-READ], 50thPercentileLatency(us), 497
[Intended-READ], 95thPercentileLatency(us), 736
[Intended-READ], 99thPercentileLatency(us), 1391
[Intended-READ], 99.9PercentileLatency(us), 5135
[Intended-READ], 99.99PercentileLatency(us), 20927
[Intended-CLEANUP], Operations, 256
[Intended-CLEANUP], AverageLatency(us), 31.80859375
[Intended-CLEANUP], MinLatency(us), 12
[Intended-CLEANUP], MaxLatency(us), 871
[Intended-CLEANUP], 50thPercentileLatency(us), 23
[Intended-CLEANUP], 95thPercentileLatency(us), 70
[Intended-CLEANUP], 99thPercentileLatency(us), 125
[Intended-CLEANUP], 99.9PercentileLatency(us), 871
[Intended-CLEANUP], 99.99PercentileLatency(us), 871
