java -cp /mnt/dev/YCSB-hreplace-dist/redis-binding/conf:/mnt/dev/YCSB-hreplace-dist/conf:/mnt/dev/YCSB-hreplace-dist/lib/htrace-core4-4.1.0-incubating.jar:/mnt/dev/YCSB-hreplace-dist/lib/slf4j-api-1.7.25.jar:/mnt/dev/YCSB-hreplace-dist/lib/jackson-mapper-asl-1.9.4.jar:/mnt/dev/YCSB-hreplace-dist/lib/HdrHistogram-2.1.12.jar:/mnt/dev/YCSB-hreplace-dist/lib/jackson-core-asl-1.9.4.jar:/mnt/dev/YCSB-hreplace-dist/lib/jedis-3.9.0.jar:/mnt/dev/YCSB-hreplace-dist/lib/core-0.18.0-SNAPSHOT.jar:/mnt/dev/YCSB-hreplace-dist/lib/commons-pool2-2.11.1.jar:/mnt/dev/YCSB-hreplace-dist/lib/redis-binding-0.18.0-SNAPSHOT.jar site.ycsb.Client -db site.ycsb.db.RedisClient -s -threads 256 -P /mnt/dev/YCSB-hreplace-dist/workloads/workloada -p recordcount=100000000 -p operationcount=5000000 -p fieldcount=10 -p fieldlength=128 -p fieldlengthdistribution=constant -p readallfields=true -p writeallfields=true -p insertorder=hashed -p requestdistribution=uniform -p readproportion=1 -p updateproportion=0 -p insertproportion=0 -p scanproportion=0 -p readmodifywriteproportion=0 -p measurementtype=hdrhistogram -p measurement.interval=both -p hdrhistogram.percentiles=50,95,99,99.9,99.99 -p status.interval=10 -p redis.host=172.16.0.4 -p redis.port=16379 -p redis.scanindex=none -p redis.timeout=10000 -p redis.cluster=false -p redis.updatecommand=hmset -t
Command line: -db site.ycsb.db.RedisClient -s -threads 256 -P /mnt/dev/YCSB-hreplace-dist/workloads/workloada -p recordcount=100000000 -p operationcount=5000000 -p fieldcount=10 -p fieldlength=128 -p fieldlengthdistribution=constant -p readallfields=true -p writeallfields=true -p insertorder=hashed -p requestdistribution=uniform -p readproportion=1 -p updateproportion=0 -p insertproportion=0 -p scanproportion=0 -p readmodifywriteproportion=0 -p measurementtype=hdrhistogram -p measurement.interval=both -p hdrhistogram.percentiles=50,95,99,99.9,99.99 -p status.interval=10 -p redis.host=172.16.0.4 -p redis.port=16379 -p redis.scanindex=none -p redis.timeout=10000 -p redis.cluster=false -p redis.updatecommand=hmset -t
YCSB Client 0.18.0-SNAPSHOT

Loading workload...
Starting test.
SLF4J: Failed to load class "org.slf4j.impl.StaticLoggerBinder".
SLF4J: Defaulting to no-operation (NOP) logger implementation
SLF4J: See http://www.slf4j.org/codes.html#StaticLoggerBinder for further details.
2026-09-13 13:42:50:844 0 sec: 0 operations; est completion in 0 second 
DBWrapper: report latency for each error is false and specific error codes to track for latency are: []
2026-09-13 13:43:00:779 10 sec: 4787582 operations; 478710.33 current ops/sec; est completion in 1 second [READ: Count=4788010, Max=57567, Min=222, Avg=522.99, 50=500, 90=642, 99=1033, 99.9=3143, 99.99=7535] [CLEANUP: Count=49, Max=1027, Min=26, Avg=94.59, 50=69, 90=130, 99=1027, 99.9=1027, 99.99=1027] [Intended-READ: Count=4792206, Max=57567, Min=222, Avg=522.97, 50=500, 90=642, 99=1033, 99.9=3143, 99.99=7527] [Intended-CLEANUP: Count=49, Max=1029, Min=27, Avg=95.35, 50=70, 90=131, 99=1029, 99.9=1029, 99.99=1029] 
2026-09-13 13:43:01:735 10 sec: 5000000 operations; 222194.56 current ops/sec; [READ: Count=211990, Max=4041, Min=231, Avg=419.46, 50=408, 90=518, 99=669, 99.9=1333, 99.99=2479] [CLEANUP: Count=207, Max=201, Min=14, Avg=32.57, 50=26, 90=59, 99=104, 99.9=201, 99.99=201] [Intended-READ: Count=207794, Max=4041, Min=231, Avg=418.5, 50=407, 90=517, 99=664, 99.9=1337, 99.99=2503] [Intended-CLEANUP: Count=207, Max=201, Min=14, Avg=32.97, 50=26, 90=60, 99=104, 99.9=201, 99.99=201] 
[OVERALL], RunTime(ms), 10956
[OVERALL], Throughput(ops/sec), 456370.93829864915
[TOTAL_GCS_G1_Young_Generation], Count, 75
[TOTAL_GC_TIME_G1_Young_Generation], Time(ms), 69
[TOTAL_GC_TIME_%_G1_Young_Generation], Time(%), 0.6297918948521358
[TOTAL_GCS_G1_Old_Generation], Count, 0
[TOTAL_GC_TIME_G1_Old_Generation], Time(ms), 0
[TOTAL_GC_TIME_%_G1_Old_Generation], Time(%), 0.0
[TOTAL_GCs], Count, 75
[TOTAL_GC_TIME], Time(ms), 69
[TOTAL_GC_TIME_%], Time(%), 0.6297918948521358
[READ], Operations, 5000000
[READ], AverageLatency(us), 518.5964144
[READ], MinLatency(us), 222
[READ], MaxLatency(us), 57567
[READ], 50thPercentileLatency(us), 496
[READ], 95thPercentileLatency(us), 695
[READ], 99thPercentileLatency(us), 1018
[READ], 99.9PercentileLatency(us), 3101
[READ], 99.99PercentileLatency(us), 7415
[READ], Return=OK, 5000000
[CLEANUP], Operations, 256
[CLEANUP], AverageLatency(us), 44.4375
[CLEANUP], MinLatency(us), 14
[CLEANUP], MaxLatency(us), 1027
[CLEANUP], 50thPercentileLatency(us), 30
[CLEANUP], 95thPercentileLatency(us), 108
[CLEANUP], 99thPercentileLatency(us), 184
[CLEANUP], 99.9PercentileLatency(us), 1027
[CLEANUP], 99.99PercentileLatency(us), 1027
[Intended-READ], Operations, 5000000
[Intended-READ], AverageLatency(us), 518.6324062
[Intended-READ], MinLatency(us), 222
[Intended-READ], MaxLatency(us), 57567
[Intended-READ], 50thPercentileLatency(us), 496
[Intended-READ], 95thPercentileLatency(us), 695
[Intended-READ], 99thPercentileLatency(us), 1018
[Intended-READ], 99.9PercentileLatency(us), 3101
[Intended-READ], 99.99PercentileLatency(us), 7415
[Intended-CLEANUP], Operations, 256
[Intended-CLEANUP], AverageLatency(us), 44.90625
[Intended-CLEANUP], MinLatency(us), 14
[Intended-CLEANUP], MaxLatency(us), 1029
[Intended-CLEANUP], 50thPercentileLatency(us), 30
[Intended-CLEANUP], 95thPercentileLatency(us), 109
[Intended-CLEANUP], 99thPercentileLatency(us), 185
[Intended-CLEANUP], 99.9PercentileLatency(us), 1029
[Intended-CLEANUP], 99.99PercentileLatency(us), 1029
