java -cp /mnt/dev/YCSB-hreplace-dist/redis-binding/conf:/mnt/dev/YCSB-hreplace-dist/conf:/mnt/dev/YCSB-hreplace-dist/lib/htrace-core4-4.1.0-incubating.jar:/mnt/dev/YCSB-hreplace-dist/lib/slf4j-api-1.7.25.jar:/mnt/dev/YCSB-hreplace-dist/lib/jackson-mapper-asl-1.9.4.jar:/mnt/dev/YCSB-hreplace-dist/lib/HdrHistogram-2.1.12.jar:/mnt/dev/YCSB-hreplace-dist/lib/jackson-core-asl-1.9.4.jar:/mnt/dev/YCSB-hreplace-dist/lib/jedis-3.9.0.jar:/mnt/dev/YCSB-hreplace-dist/lib/core-0.18.0-SNAPSHOT.jar:/mnt/dev/YCSB-hreplace-dist/lib/commons-pool2-2.11.1.jar:/mnt/dev/YCSB-hreplace-dist/lib/redis-binding-0.18.0-SNAPSHOT.jar site.ycsb.Client -db site.ycsb.db.RedisClient -s -threads 256 -P /mnt/dev/YCSB-hreplace-dist/workloads/workloada -target 100000 -p recordcount=100000000 -p operationcount=1000000 -p fieldcount=10 -p fieldlength=128 -p fieldlengthdistribution=constant -p readallfields=true -p writeallfields=true -p insertorder=hashed -p requestdistribution=uniform -p readproportion=1 -p updateproportion=0 -p insertproportion=0 -p scanproportion=0 -p readmodifywriteproportion=0 -p measurementtype=hdrhistogram -p measurement.interval=both -p hdrhistogram.percentiles=50,95,99,99.9,99.99 -p status.interval=10 -p redis.host=172.16.0.4 -p redis.port=16379 -p redis.scanindex=none -p redis.timeout=10000 -p redis.cluster=false -p redis.updatecommand=hmset -t
Command line: -db site.ycsb.db.RedisClient -s -threads 256 -P /mnt/dev/YCSB-hreplace-dist/workloads/workloada -target 100000 -p recordcount=100000000 -p operationcount=1000000 -p fieldcount=10 -p fieldlength=128 -p fieldlengthdistribution=constant -p readallfields=true -p writeallfields=true -p insertorder=hashed -p requestdistribution=uniform -p readproportion=1 -p updateproportion=0 -p insertproportion=0 -p scanproportion=0 -p readmodifywriteproportion=0 -p measurementtype=hdrhistogram -p measurement.interval=both -p hdrhistogram.percentiles=50,95,99,99.9,99.99 -p status.interval=10 -p redis.host=172.16.0.4 -p redis.port=16379 -p redis.scanindex=none -p redis.timeout=10000 -p redis.cluster=false -p redis.updatecommand=hmset -t
YCSB Client 0.18.0-SNAPSHOT

Loading workload...
Starting test.
SLF4J: Failed to load class "org.slf4j.impl.StaticLoggerBinder".
SLF4J: Defaulting to no-operation (NOP) logger implementation
SLF4J: See http://www.slf4j.org/codes.html#StaticLoggerBinder for further details.
2026-09-13 14:06:41:876 0 sec: 0 operations; est completion in 0 second 
DBWrapper: report latency for each error is false and specific error codes to track for latency are: []
2026-09-13 14:06:51:839 10 sec: 994546 operations; 99454.6 current ops/sec; est completion in 1 second [READ: Count=994588, Max=27871, Min=215, Avg=343.27, 50=316, 90=406, 99=536, 99.9=2205, 99.99=24079] [Intended-READ: Count=995003, Max=88191, Min=240, Avg=590.49, 50=375, 90=468, 99=2189, 99.9=47455, 99.99=72383] 
2026-09-13 14:06:51:912 10 sec: 1000000 operations; 73702.7 current ops/sec; [READ: Count=5412, Max=1387, Min=221, Avg=328.91, 50=316, 90=401, 99=480, 99.9=569, 99.99=1387] [CLEANUP: Count=256, Max=666, Min=11, Avg=29.86, 50=17, 90=32, 99=493, 99.9=666, 99.99=666] [Intended-READ: Count=4997, Max=1450, Min=254, Avg=386.47, 50=375, 90=461, 99=545, 99.9=645, 99.99=1450] [Intended-CLEANUP: Count=256, Max=666, Min=11, Avg=30.07, 50=17, 90=32, 99=493, 99.9=666, 99.99=666] 
[OVERALL], RunTime(ms), 10073
[OVERALL], Throughput(ops/sec), 99275.29038022437
[TOTAL_GCS_G1_Young_Generation], Count, 21
[TOTAL_GC_TIME_G1_Young_Generation], Time(ms), 21
[TOTAL_GC_TIME_%_G1_Young_Generation], Time(%), 0.20847810979847115
[TOTAL_GCS_G1_Old_Generation], Count, 0
[TOTAL_GC_TIME_G1_Old_Generation], Time(ms), 0
[TOTAL_GC_TIME_%_G1_Old_Generation], Time(%), 0.0
[TOTAL_GCs], Count, 21
[TOTAL_GC_TIME], Time(ms), 21
[TOTAL_GC_TIME_%], Time(%), 0.20847810979847115
[READ], Operations, 1000000
[READ], AverageLatency(us), 343.195333
[READ], MinLatency(us), 215
[READ], MaxLatency(us), 27871
[READ], 50thPercentileLatency(us), 316
[READ], 95thPercentileLatency(us), 439
[READ], 99thPercentileLatency(us), 535
[READ], 99.9PercentileLatency(us), 2195
[READ], 99.99PercentileLatency(us), 24063
[READ], Return=OK, 1000000
[CLEANUP], Operations, 256
[CLEANUP], AverageLatency(us), 29.86328125
[CLEANUP], MinLatency(us), 11
[CLEANUP], MaxLatency(us), 666
[CLEANUP], 50thPercentileLatency(us), 17
[CLEANUP], 95thPercentileLatency(us), 46
[CLEANUP], 99thPercentileLatency(us), 493
[CLEANUP], 99.9PercentileLatency(us), 666
[CLEANUP], 99.99PercentileLatency(us), 666
[Intended-READ], Operations, 1000000
[Intended-READ], AverageLatency(us), 589.475314
[Intended-READ], MinLatency(us), 240
[Intended-READ], MaxLatency(us), 88191
[Intended-READ], 50thPercentileLatency(us), 375
[Intended-READ], 95thPercentileLatency(us), 504
[Intended-READ], 99thPercentileLatency(us), 2131
[Intended-READ], 99.9PercentileLatency(us), 47391
[Intended-READ], 99.99PercentileLatency(us), 72319
[Intended-CLEANUP], Operations, 256
[Intended-CLEANUP], AverageLatency(us), 30.07421875
[Intended-CLEANUP], MinLatency(us), 11
[Intended-CLEANUP], MaxLatency(us), 666
[Intended-CLEANUP], 50thPercentileLatency(us), 17
[Intended-CLEANUP], 95thPercentileLatency(us), 46
[Intended-CLEANUP], 99thPercentileLatency(us), 493
[Intended-CLEANUP], 99.9PercentileLatency(us), 666
[Intended-CLEANUP], 99.99PercentileLatency(us), 666
