java -cp /mnt/dev/YCSB-hreplace-dist/redis-binding/conf:/mnt/dev/YCSB-hreplace-dist/conf:/mnt/dev/YCSB-hreplace-dist/lib/htrace-core4-4.1.0-incubating.jar:/mnt/dev/YCSB-hreplace-dist/lib/slf4j-api-1.7.25.jar:/mnt/dev/YCSB-hreplace-dist/lib/jackson-mapper-asl-1.9.4.jar:/mnt/dev/YCSB-hreplace-dist/lib/HdrHistogram-2.1.12.jar:/mnt/dev/YCSB-hreplace-dist/lib/jackson-core-asl-1.9.4.jar:/mnt/dev/YCSB-hreplace-dist/lib/jedis-3.9.0.jar:/mnt/dev/YCSB-hreplace-dist/lib/core-0.18.0-SNAPSHOT.jar:/mnt/dev/YCSB-hreplace-dist/lib/commons-pool2-2.11.1.jar:/mnt/dev/YCSB-hreplace-dist/lib/redis-binding-0.18.0-SNAPSHOT.jar site.ycsb.Client -db site.ycsb.db.RedisClient -s -threads 256 -P /mnt/dev/YCSB-hreplace-dist/workloads/workloada -target 100000 -p recordcount=100000000 -p operationcount=5000000 -p fieldcount=10 -p fieldlength=128 -p fieldlengthdistribution=constant -p readallfields=true -p writeallfields=true -p insertorder=hashed -p requestdistribution=uniform -p readproportion=1 -p updateproportion=0 -p insertproportion=0 -p scanproportion=0 -p readmodifywriteproportion=0 -p measurementtype=hdrhistogram -p measurement.interval=both -p hdrhistogram.percentiles=50,95,99,99.9,99.99 -p status.interval=10 -p redis.host=172.16.0.4 -p redis.port=16379 -p redis.scanindex=none -p redis.timeout=10000 -p redis.cluster=false -p redis.updatecommand=hmset -t
Command line: -db site.ycsb.db.RedisClient -s -threads 256 -P /mnt/dev/YCSB-hreplace-dist/workloads/workloada -target 100000 -p recordcount=100000000 -p operationcount=5000000 -p fieldcount=10 -p fieldlength=128 -p fieldlengthdistribution=constant -p readallfields=true -p writeallfields=true -p insertorder=hashed -p requestdistribution=uniform -p readproportion=1 -p updateproportion=0 -p insertproportion=0 -p scanproportion=0 -p readmodifywriteproportion=0 -p measurementtype=hdrhistogram -p measurement.interval=both -p hdrhistogram.percentiles=50,95,99,99.9,99.99 -p status.interval=10 -p redis.host=172.16.0.4 -p redis.port=16379 -p redis.scanindex=none -p redis.timeout=10000 -p redis.cluster=false -p redis.updatecommand=hmset -t
YCSB Client 0.18.0-SNAPSHOT

Loading workload...
Starting test.
SLF4J: Failed to load class "org.slf4j.impl.StaticLoggerBinder".
SLF4J: Defaulting to no-operation (NOP) logger implementation
SLF4J: See http://www.slf4j.org/codes.html#StaticLoggerBinder for further details.
2026-09-13 14:01:27:935 0 sec: 0 operations; est completion in 0 second 
DBWrapper: report latency for each error is false and specific error codes to track for latency are: []
2026-09-13 14:01:37:848 10 sec: 988570 operations; 98857 current ops/sec; est completion in 41 seconds [READ: Count=988638, Max=15503, Min=216, Avg=330.71, 50=317, 90=402, 99=502, 99.9=997, 99.99=2569] [Intended-READ: Count=989002, Max=51871, Min=240, Avg=434.96, 50=376, 90=462, 99=592, 99.9=20559, 99.99=44415] 
2026-09-13 14:01:47:848 20 sec: 1988565 operations; 99999.5 current ops/sec; est completion in 31 seconds [READ: Count=999973, Max=5503, Min=212, Avg=330.93, 50=316, 90=399, 99=503, 99.9=1462, 99.99=3039] [Intended-READ: Count=999807, Max=5563, Min=230, Avg=389.76, 50=375, 90=459, 99=571, 99.9=1559, 99.99=3129] 
2026-09-13 14:01:57:848 30 sec: 2988571 operations; 100000.6 current ops/sec; est completion in 21 seconds [READ: Count=999995, Max=3375, Min=216, Avg=331.74, 50=319, 90=404, 99=496, 99.9=888, 99.99=1283] [Intended-READ: Count=999969, Max=3405, Min=235, Avg=390.33, 50=378, 90=463, 99=560, 99.9=1039, 99.99=1357] 
2026-09-13 14:02:07:848 40 sec: 3988569 operations; 99999.8 current ops/sec; est completion in 11 seconds [READ: Count=1000006, Max=3619, Min=213, Avg=329.36, 50=317, 90=400, 99=492, 99.9=888, 99.99=1651] [Intended-READ: Count=999897, Max=3681, Min=238, Avg=387.98, 50=376, 90=460, 99=556, 99.9=1039, 99.99=1711] 
2026-09-13 14:02:17:848 50 sec: 4988564 operations; 99999.5 current ops/sec; est completion in 1 second [READ: Count=999991, Max=4427, Min=213, Avg=333.79, 50=320, 90=405, 99=515, 99.9=1059, 99.99=2651] [Intended-READ: Count=1000132, Max=4487, Min=236, Avg=393.95, 50=379, 90=465, 99=602, 99.9=1382, 99.99=3075] 
2026-09-13 14:02:17:978 50 sec: 5000000 operations; 87297.71 current ops/sec; [READ: Count=11397, Max=1085, Min=223, Avg=326.64, 50=315, 90=395, 99=491, 99.9=719, 99.99=1081] [CLEANUP: Count=256, Max=639, Min=10, Avg=29.18, 50=16, 90=25, 99=498, 99.9=639, 99.99=639] [Intended-READ: Count=11193, Max=1149, Min=252, Avg=384.52, 50=374, 90=454, 99=550, 99.9=778, 99.99=1145] [Intended-CLEANUP: Count=256, Max=639, Min=10, Avg=29.49, 50=16, 90=26, 99=498, 99.9=639, 99.99=639] 
[OVERALL], RunTime(ms), 50130
[OVERALL], Throughput(ops/sec), 99740.6742469579
[TOTAL_GCS_G1_Young_Generation], Count, 91
[TOTAL_GC_TIME_G1_Young_Generation], Time(ms), 76
[TOTAL_GC_TIME_%_G1_Young_Generation], Time(%), 0.15160582485537602
[TOTAL_GCS_G1_Old_Generation], Count, 0
[TOTAL_GC_TIME_G1_Old_Generation], Time(ms), 0
[TOTAL_GC_TIME_%_G1_Old_Generation], Time(%), 0.0
[TOTAL_GCs], Count, 91
[TOTAL_GC_TIME], Time(ms), 76
[TOTAL_GC_TIME_%], Time(%), 0.15160582485537602
[READ], Operations, 5000000
[READ], AverageLatency(us), 331.2971992
[READ], MinLatency(us), 212
[READ], MaxLatency(us), 15503
[READ], 50thPercentileLatency(us), 318
[READ], 95thPercentileLatency(us), 430
[READ], 99thPercentileLatency(us), 501
[READ], 99.9PercentileLatency(us), 1020
[READ], 99.99PercentileLatency(us), 2515
[READ], Return=OK, 5000000
[CLEANUP], Operations, 256
[CLEANUP], AverageLatency(us), 29.18359375
[CLEANUP], MinLatency(us), 10
[CLEANUP], MaxLatency(us), 639
[CLEANUP], 50thPercentileLatency(us), 16
[CLEANUP], 95thPercentileLatency(us), 36
[CLEANUP], 99thPercentileLatency(us), 498
[CLEANUP], 99.9PercentileLatency(us), 639
[CLEANUP], 99.99PercentileLatency(us), 639
[Intended-READ], Operations, 5000000
[Intended-READ], AverageLatency(us), 399.2846884
[Intended-READ], MinLatency(us), 230
[Intended-READ], MaxLatency(us), 51871
[Intended-READ], 50thPercentileLatency(us), 377
[Intended-READ], 95thPercentileLatency(us), 491
[Intended-READ], 99thPercentileLatency(us), 573
[Intended-READ], 99.9PercentileLatency(us), 1610
[Intended-READ], 99.99PercentileLatency(us), 30351
[Intended-CLEANUP], Operations, 256
[Intended-CLEANUP], AverageLatency(us), 29.48828125
[Intended-CLEANUP], MinLatency(us), 10
[Intended-CLEANUP], MaxLatency(us), 639
[Intended-CLEANUP], 50thPercentileLatency(us), 16
[Intended-CLEANUP], 95thPercentileLatency(us), 37
[Intended-CLEANUP], 99thPercentileLatency(us), 498
[Intended-CLEANUP], 99.9PercentileLatency(us), 639
[Intended-CLEANUP], 99.99PercentileLatency(us), 639
