java -cp /mnt/dev/YCSB-hreplace-dist/redis-binding/conf:/mnt/dev/YCSB-hreplace-dist/conf:/mnt/dev/YCSB-hreplace-dist/lib/htrace-core4-4.1.0-incubating.jar:/mnt/dev/YCSB-hreplace-dist/lib/slf4j-api-1.7.25.jar:/mnt/dev/YCSB-hreplace-dist/lib/jackson-mapper-asl-1.9.4.jar:/mnt/dev/YCSB-hreplace-dist/lib/HdrHistogram-2.1.12.jar:/mnt/dev/YCSB-hreplace-dist/lib/jackson-core-asl-1.9.4.jar:/mnt/dev/YCSB-hreplace-dist/lib/jedis-3.9.0.jar:/mnt/dev/YCSB-hreplace-dist/lib/core-0.18.0-SNAPSHOT.jar:/mnt/dev/YCSB-hreplace-dist/lib/commons-pool2-2.11.1.jar:/mnt/dev/YCSB-hreplace-dist/lib/redis-binding-0.18.0-SNAPSHOT.jar site.ycsb.Client -db site.ycsb.db.RedisClient -s -threads 256 -P /mnt/dev/YCSB-hreplace-dist/workloads/workloada -p recordcount=100000000 -p operationcount=1000000 -p fieldcount=10 -p fieldlength=128 -p fieldlengthdistribution=constant -p readallfields=true -p writeallfields=true -p insertorder=hashed -p requestdistribution=uniform -p readproportion=1 -p updateproportion=0 -p insertproportion=0 -p scanproportion=0 -p readmodifywriteproportion=0 -p measurementtype=hdrhistogram -p measurement.interval=both -p hdrhistogram.percentiles=50,95,99,99.9,99.99 -p status.interval=10 -p redis.host=172.16.0.4 -p redis.port=16379 -p redis.scanindex=none -p redis.timeout=10000 -p redis.cluster=false -p redis.updatecommand=hmset -t
Command line: -db site.ycsb.db.RedisClient -s -threads 256 -P /mnt/dev/YCSB-hreplace-dist/workloads/workloada -p recordcount=100000000 -p operationcount=1000000 -p fieldcount=10 -p fieldlength=128 -p fieldlengthdistribution=constant -p readallfields=true -p writeallfields=true -p insertorder=hashed -p requestdistribution=uniform -p readproportion=1 -p updateproportion=0 -p insertproportion=0 -p scanproportion=0 -p readmodifywriteproportion=0 -p measurementtype=hdrhistogram -p measurement.interval=both -p hdrhistogram.percentiles=50,95,99,99.9,99.99 -p status.interval=10 -p redis.host=172.16.0.4 -p redis.port=16379 -p redis.scanindex=none -p redis.timeout=10000 -p redis.cluster=false -p redis.updatecommand=hmset -t
YCSB Client 0.18.0-SNAPSHOT

Loading workload...
Starting test.
SLF4J: Failed to load class "org.slf4j.impl.StaticLoggerBinder".
SLF4J: Defaulting to no-operation (NOP) logger implementation
SLF4J: See http://www.slf4j.org/codes.html#StaticLoggerBinder for further details.
2026-09-13 14:03:39:646 0 sec: 0 operations; est completion in 0 second 
DBWrapper: report latency for each error is false and specific error codes to track for latency are: []
2026-09-13 14:03:41:976 2 sec: 1000000 operations; 420875.42 current ops/sec; [READ: Count=1000000, Max=50015, Min=223, Avg=536.15, 50=488, 90=638, 99=1702, 99.9=4999, 99.99=27823] [CLEANUP: Count=256, Max=714, Min=12, Avg=32.49, 50=22, 90=43, 99=280, 99.9=714, 99.99=714] [Intended-READ: Count=1000000, Max=50015, Min=223, Avg=536.19, 50=488, 90=638, 99=1703, 99.9=4999, 99.99=27823] [Intended-CLEANUP: Count=256, Max=715, Min=12, Avg=32.79, 50=22, 90=43, 99=280, 99.9=715, 99.99=715] 
[OVERALL], RunTime(ms), 2377
[OVERALL], Throughput(ops/sec), 420698.35927639884
[TOTAL_GCS_G1_Young_Generation], Count, 15
[TOTAL_GC_TIME_G1_Young_Generation], Time(ms), 21
[TOTAL_GC_TIME_%_G1_Young_Generation], Time(%), 0.8834665544804375
[TOTAL_GCS_G1_Old_Generation], Count, 0
[TOTAL_GC_TIME_G1_Old_Generation], Time(ms), 0
[TOTAL_GC_TIME_%_G1_Old_Generation], Time(%), 0.0
[TOTAL_GCs], Count, 15
[TOTAL_GC_TIME], Time(ms), 21
[TOTAL_GC_TIME_%], Time(%), 0.8834665544804375
[READ], Operations, 1000000
[READ], AverageLatency(us), 536.145642
[READ], MinLatency(us), 223
[READ], MaxLatency(us), 50015
[READ], 50thPercentileLatency(us), 488
[READ], 95thPercentileLatency(us), 717
[READ], 99thPercentileLatency(us), 1702
[READ], 99.9PercentileLatency(us), 4999
[READ], 99.99PercentileLatency(us), 27823
[READ], Return=OK, 1000000
[CLEANUP], Operations, 256
[CLEANUP], AverageLatency(us), 32.4921875
[CLEANUP], MinLatency(us), 12
[CLEANUP], MaxLatency(us), 714
[CLEANUP], 50thPercentileLatency(us), 22
[CLEANUP], 95thPercentileLatency(us), 54
[CLEANUP], 99thPercentileLatency(us), 280
[CLEANUP], 99.9PercentileLatency(us), 714
[CLEANUP], 99.99PercentileLatency(us), 714
[Intended-READ], Operations, 1000000
[Intended-READ], AverageLatency(us), 536.185233
[Intended-READ], MinLatency(us), 223
[Intended-READ], MaxLatency(us), 50015
[Intended-READ], 50thPercentileLatency(us), 488
[Intended-READ], 95thPercentileLatency(us), 717
[Intended-READ], 99thPercentileLatency(us), 1703
[Intended-READ], 99.9PercentileLatency(us), 4999
[Intended-READ], 99.99PercentileLatency(us), 27823
[Intended-CLEANUP], Operations, 256
[Intended-CLEANUP], AverageLatency(us), 32.78515625
[Intended-CLEANUP], MinLatency(us), 12
[Intended-CLEANUP], MaxLatency(us), 715
[Intended-CLEANUP], 50thPercentileLatency(us), 22
[Intended-CLEANUP], 95thPercentileLatency(us), 54
[Intended-CLEANUP], 99thPercentileLatency(us), 280
[Intended-CLEANUP], 99.9PercentileLatency(us), 715
[Intended-CLEANUP], 99.99PercentileLatency(us), 715
