java -cp /mnt/dev/YCSB-hreplace-dist/redis-binding/conf:/mnt/dev/YCSB-hreplace-dist/conf:/mnt/dev/YCSB-hreplace-dist/lib/htrace-core4-4.1.0-incubating.jar:/mnt/dev/YCSB-hreplace-dist/lib/slf4j-api-1.7.25.jar:/mnt/dev/YCSB-hreplace-dist/lib/jackson-mapper-asl-1.9.4.jar:/mnt/dev/YCSB-hreplace-dist/lib/HdrHistogram-2.1.12.jar:/mnt/dev/YCSB-hreplace-dist/lib/jackson-core-asl-1.9.4.jar:/mnt/dev/YCSB-hreplace-dist/lib/jedis-3.9.0.jar:/mnt/dev/YCSB-hreplace-dist/lib/core-0.18.0-SNAPSHOT.jar:/mnt/dev/YCSB-hreplace-dist/lib/commons-pool2-2.11.1.jar:/mnt/dev/YCSB-hreplace-dist/lib/redis-binding-0.18.0-SNAPSHOT.jar site.ycsb.Client -db site.ycsb.db.RedisClient -s -threads 256 -P /mnt/dev/YCSB-hreplace-dist/workloads/workloada -target 100000 -p recordcount=100000000 -p operationcount=1000000 -p fieldcount=10 -p fieldlength=128 -p fieldlengthdistribution=constant -p readallfields=true -p writeallfields=true -p insertorder=hashed -p requestdistribution=uniform -p readproportion=1 -p updateproportion=0 -p insertproportion=0 -p scanproportion=0 -p readmodifywriteproportion=0 -p measurementtype=hdrhistogram -p measurement.interval=both -p hdrhistogram.percentiles=50,95,99,99.9,99.99 -p status.interval=10 -p redis.host=172.16.0.4 -p redis.port=16379 -p redis.scanindex=none -p redis.timeout=10000 -p redis.cluster=false -p redis.updatecommand=hmset -t
Command line: -db site.ycsb.db.RedisClient -s -threads 256 -P /mnt/dev/YCSB-hreplace-dist/workloads/workloada -target 100000 -p recordcount=100000000 -p operationcount=1000000 -p fieldcount=10 -p fieldlength=128 -p fieldlengthdistribution=constant -p readallfields=true -p writeallfields=true -p insertorder=hashed -p requestdistribution=uniform -p readproportion=1 -p updateproportion=0 -p insertproportion=0 -p scanproportion=0 -p readmodifywriteproportion=0 -p measurementtype=hdrhistogram -p measurement.interval=both -p hdrhistogram.percentiles=50,95,99,99.9,99.99 -p status.interval=10 -p redis.host=172.16.0.4 -p redis.port=16379 -p redis.scanindex=none -p redis.timeout=10000 -p redis.cluster=false -p redis.updatecommand=hmset -t
YCSB Client 0.18.0-SNAPSHOT

Loading workload...
Starting test.
SLF4J: Failed to load class "org.slf4j.impl.StaticLoggerBinder".
SLF4J: Defaulting to no-operation (NOP) logger implementation
SLF4J: See http://www.slf4j.org/codes.html#StaticLoggerBinder for further details.
2026-09-13 13:35:03:806 0 sec: 0 operations; est completion in 0 second 
DBWrapper: report latency for each error is false and specific error codes to track for latency are: []
2026-09-13 13:35:13:751 10 sec: 991454 operations; 99145.4 current ops/sec; est completion in 1 second [READ: Count=991541, Max=42751, Min=214, Avg=342.92, 50=319, 90=408, 99=542, 99.9=1845, 99.99=21391] [Intended-READ: Count=992059, Max=136319, Min=239, Avg=709.07, 50=379, 90=468, 99=1911, 99.9=73023, 99.99=105919] 
2026-09-13 13:35:13:865 10 sec: 1000000 operations; 74313.04 current ops/sec; [READ: Count=8459, Max=918, Min=221, Avg=330.7, 50=318, 90=405, 99=490, 99.9=694, 99.99=918] [CLEANUP: Count=256, Max=590, Min=11, Avg=28.31, 50=16, 90=30, 99=478, 99.9=590, 99.99=590] [Intended-READ: Count=7941, Max=1140, Min=252, Avg=388.85, 50=377, 90=465, 99=550, 99.9=813, 99.99=1140] [Intended-CLEANUP: Count=256, Max=591, Min=11, Avg=28.5, 50=16, 90=31, 99=478, 99.9=591, 99.99=591] 
[OVERALL], RunTime(ms), 10114
[OVERALL], Throughput(ops/sec), 98872.84951552303
[TOTAL_GCS_G1_Young_Generation], Count, 20
[TOTAL_GC_TIME_G1_Young_Generation], Time(ms), 20
[TOTAL_GC_TIME_%_G1_Young_Generation], Time(%), 0.19774569903104605
[TOTAL_GCS_G1_Old_Generation], Count, 0
[TOTAL_GC_TIME_G1_Old_Generation], Time(ms), 0
[TOTAL_GC_TIME_%_G1_Old_Generation], Time(%), 0.0
[TOTAL_GCs], Count, 20
[TOTAL_GC_TIME], Time(ms), 20
[TOTAL_GC_TIME_%], Time(%), 0.19774569903104605
[READ], Operations, 1000000
[READ], AverageLatency(us), 342.816103
[READ], MinLatency(us), 214
[READ], MaxLatency(us), 42751
[READ], 50thPercentileLatency(us), 319
[READ], 95thPercentileLatency(us), 437
[READ], 99thPercentileLatency(us), 541
[READ], 99.9PercentileLatency(us), 1833
[READ], 99.99PercentileLatency(us), 21167
[READ], Return=OK, 1000000
[CLEANUP], Operations, 256
[CLEANUP], AverageLatency(us), 28.3125
[CLEANUP], MinLatency(us), 11
[CLEANUP], MaxLatency(us), 590
[CLEANUP], 50thPercentileLatency(us), 16
[CLEANUP], 95thPercentileLatency(us), 39
[CLEANUP], 99thPercentileLatency(us), 478
[CLEANUP], 99.9PercentileLatency(us), 590
[CLEANUP], 99.99PercentileLatency(us), 590
[Intended-READ], Operations, 1000000
[Intended-READ], AverageLatency(us), 706.530775
[Intended-READ], MinLatency(us), 239
[Intended-READ], MaxLatency(us), 136319
[Intended-READ], 50thPercentileLatency(us), 379
[Intended-READ], 95thPercentileLatency(us), 502
[Intended-READ], 99thPercentileLatency(us), 1871
[Intended-READ], 99.9PercentileLatency(us), 72831
[Intended-READ], 99.99PercentileLatency(us), 105727
[Intended-CLEANUP], Operations, 256
[Intended-CLEANUP], AverageLatency(us), 28.50390625
[Intended-CLEANUP], MinLatency(us), 11
[Intended-CLEANUP], MaxLatency(us), 591
[Intended-CLEANUP], 50thPercentileLatency(us), 16
[Intended-CLEANUP], 95thPercentileLatency(us), 40
[Intended-CLEANUP], 99thPercentileLatency(us), 478
[Intended-CLEANUP], 99.9PercentileLatency(us), 591
[Intended-CLEANUP], 99.99PercentileLatency(us), 591
