java -cp /mnt/dev/YCSB-hreplace-dist/redis-binding/conf:/mnt/dev/YCSB-hreplace-dist/conf:/mnt/dev/YCSB-hreplace-dist/lib/htrace-core4-4.1.0-incubating.jar:/mnt/dev/YCSB-hreplace-dist/lib/slf4j-api-1.7.25.jar:/mnt/dev/YCSB-hreplace-dist/lib/jackson-mapper-asl-1.9.4.jar:/mnt/dev/YCSB-hreplace-dist/lib/HdrHistogram-2.1.12.jar:/mnt/dev/YCSB-hreplace-dist/lib/jackson-core-asl-1.9.4.jar:/mnt/dev/YCSB-hreplace-dist/lib/jedis-3.9.0.jar:/mnt/dev/YCSB-hreplace-dist/lib/core-0.18.0-SNAPSHOT.jar:/mnt/dev/YCSB-hreplace-dist/lib/commons-pool2-2.11.1.jar:/mnt/dev/YCSB-hreplace-dist/lib/redis-binding-0.18.0-SNAPSHOT.jar site.ycsb.Client -db site.ycsb.db.RedisClient -s -threads 256 -P /mnt/dev/YCSB-hreplace-dist/workloads/workloada -target 100000 -p recordcount=100000000 -p operationcount=5000000 -p fieldcount=10 -p fieldlength=128 -p fieldlengthdistribution=constant -p readallfields=true -p writeallfields=true -p insertorder=hashed -p requestdistribution=uniform -p readproportion=1 -p updateproportion=0 -p insertproportion=0 -p scanproportion=0 -p readmodifywriteproportion=0 -p measurementtype=hdrhistogram -p measurement.interval=both -p hdrhistogram.percentiles=50,95,99,99.9,99.99 -p status.interval=10 -p redis.host=172.16.0.4 -p redis.port=16379 -p redis.scanindex=none -p redis.timeout=10000 -p redis.cluster=false -p redis.updatecommand=hmset -t
Command line: -db site.ycsb.db.RedisClient -s -threads 256 -P /mnt/dev/YCSB-hreplace-dist/workloads/workloada -target 100000 -p recordcount=100000000 -p operationcount=5000000 -p fieldcount=10 -p fieldlength=128 -p fieldlengthdistribution=constant -p readallfields=true -p writeallfields=true -p insertorder=hashed -p requestdistribution=uniform -p readproportion=1 -p updateproportion=0 -p insertproportion=0 -p scanproportion=0 -p readmodifywriteproportion=0 -p measurementtype=hdrhistogram -p measurement.interval=both -p hdrhistogram.percentiles=50,95,99,99.9,99.99 -p status.interval=10 -p redis.host=172.16.0.4 -p redis.port=16379 -p redis.scanindex=none -p redis.timeout=10000 -p redis.cluster=false -p redis.updatecommand=hmset -t
YCSB Client 0.18.0-SNAPSHOT

Loading workload...
Starting test.
SLF4J: Failed to load class "org.slf4j.impl.StaticLoggerBinder".
SLF4J: Defaulting to no-operation (NOP) logger implementation
SLF4J: See http://www.slf4j.org/codes.html#StaticLoggerBinder for further details.
2026-09-13 13:39:15:910 0 sec: 0 operations; est completion in 0 second 
DBWrapper: report latency for each error is false and specific error codes to track for latency are: []
2026-09-13 13:39:25:862 10 sec: 992632 operations; 99263.2 current ops/sec; est completion in 41 seconds [READ: Count=992697, Max=22447, Min=217, Avg=328.61, 50=314, 90=393, 99=494, 99.9=1393, 99.99=3897] [Intended-READ: Count=993247, Max=44767, Min=240, Avg=408.16, 50=374, 90=453, 99=601, 99.9=7095, 99.99=29919] 
2026-09-13 13:39:35:862 20 sec: 1992627 operations; 99999.5 current ops/sec; est completion in 31 seconds [READ: Count=999972, Max=3481, Min=215, Avg=327.27, 50=316, 90=393, 99=481, 99.9=856, 99.99=1224] [Intended-READ: Count=999565, Max=3545, Min=239, Avg=385.9, 50=375, 90=453, 99=546, 99.9=1004, 99.99=1313] 
2026-09-13 13:39:45:862 30 sec: 2992628 operations; 100000.1 current ops/sec; est completion in 21 seconds [READ: Count=1000011, Max=4115, Min=213, Avg=331.83, 50=320, 90=399, 99=490, 99.9=998, 99.99=2651] [Intended-READ: Count=1000049, Max=4175, Min=242, Avg=390.6, 50=378, 90=459, 99=556, 99.9=1130, 99.99=2719] 
2026-09-13 13:39:55:862 40 sec: 3992619 operations; 99999.1 current ops/sec; est completion in 11 seconds [READ: Count=999979, Max=3937, Min=216, Avg=329.64, 50=318, 90=397, 99=485, 99.9=961, 99.99=2233] [Intended-READ: Count=999889, Max=3997, Min=238, Avg=388.33, 50=377, 90=456, 99=550, 99.9=1123, 99.99=2291] 
2026-09-13 13:40:05:862 50 sec: 4992626 operations; 100000.7 current ops/sec; est completion in 1 second [READ: Count=1000007, Max=3701, Min=210, Avg=330.67, 50=319, 90=398, 99=484, 99.9=912, 99.99=1729] [Intended-READ: Count=999987, Max=3761, Min=240, Avg=389.32, 50=378, 90=457, 99=549, 99.9=1069, 99.99=1792] 
2026-09-13 13:40:05:968 50 sec: 5000000 operations; 69566.04 current ops/sec; [READ: Count=7334, Max=713, Min=219, Avg=324.92, 50=313, 90=395, 99=482, 99.9=585, 99.99=713] [CLEANUP: Count=256, Max=539, Min=11, Avg=25.15, 50=16, 90=27, 99=343, 99.9=539, 99.99=539] [Intended-READ: Count=7263, Max=781, Min=262, Avg=382.86, 50=372, 90=454, 99=540, 99.9=645, 99.99=781] [Intended-CLEANUP: Count=256, Max=540, Min=11, Avg=25.39, 50=16, 90=27, 99=344, 99.9=540, 99.99=540] 
[OVERALL], RunTime(ms), 50105
[OVERALL], Throughput(ops/sec), 99790.44007584073
[TOTAL_GCS_G1_Young_Generation], Count, 91
[TOTAL_GC_TIME_G1_Young_Generation], Time(ms), 70
[TOTAL_GC_TIME_%_G1_Young_Generation], Time(%), 0.13970661610617702
[TOTAL_GCS_G1_Old_Generation], Count, 0
[TOTAL_GC_TIME_G1_Old_Generation], Time(ms), 0
[TOTAL_GC_TIME_%_G1_Old_Generation], Time(%), 0.0
[TOTAL_GCs], Count, 91
[TOTAL_GC_TIME], Time(ms), 70
[TOTAL_GC_TIME_%], Time(%), 0.13970661610617702
[READ], Operations, 5000000
[READ], AverageLatency(us), 329.6005682
[READ], MinLatency(us), 210
[READ], MaxLatency(us), 22447
[READ], 50thPercentileLatency(us), 317
[READ], 95thPercentileLatency(us), 422
[READ], 99thPercentileLatency(us), 486
[READ], 99.9PercentileLatency(us), 982
[READ], 99.99PercentileLatency(us), 2599
[READ], Return=OK, 5000000
[CLEANUP], Operations, 256
[CLEANUP], AverageLatency(us), 25.15234375
[CLEANUP], MinLatency(us), 11
[CLEANUP], MaxLatency(us), 539
[CLEANUP], 50thPercentileLatency(us), 16
[CLEANUP], 95thPercentileLatency(us), 32
[CLEANUP], 99thPercentileLatency(us), 343
[CLEANUP], 99.9PercentileLatency(us), 539
[CLEANUP], 99.99PercentileLatency(us), 539
[Intended-READ], Operations, 5000000
[Intended-READ], AverageLatency(us), 392.4265578
[Intended-READ], MinLatency(us), 238
[Intended-READ], MaxLatency(us), 44767
[Intended-READ], 50thPercentileLatency(us), 376
[Intended-READ], 95thPercentileLatency(us), 482
[Intended-READ], 99thPercentileLatency(us), 555
[Intended-READ], 99.9PercentileLatency(us), 1414
[Intended-READ], 99.99PercentileLatency(us), 14343
[Intended-CLEANUP], Operations, 256
[Intended-CLEANUP], AverageLatency(us), 25.39453125
[Intended-CLEANUP], MinLatency(us), 11
[Intended-CLEANUP], MaxLatency(us), 540
[Intended-CLEANUP], 50thPercentileLatency(us), 16
[Intended-CLEANUP], 95thPercentileLatency(us), 32
[Intended-CLEANUP], 99thPercentileLatency(us), 344
[Intended-CLEANUP], 99.9PercentileLatency(us), 540
[Intended-CLEANUP], 99.99PercentileLatency(us), 540
