java -cp /mnt/dev/YCSB-hreplace-dist/redis-binding/conf:/mnt/dev/YCSB-hreplace-dist/conf:/mnt/dev/YCSB-hreplace-dist/lib/htrace-core4-4.1.0-incubating.jar:/mnt/dev/YCSB-hreplace-dist/lib/slf4j-api-1.7.25.jar:/mnt/dev/YCSB-hreplace-dist/lib/jackson-mapper-asl-1.9.4.jar:/mnt/dev/YCSB-hreplace-dist/lib/HdrHistogram-2.1.12.jar:/mnt/dev/YCSB-hreplace-dist/lib/jackson-core-asl-1.9.4.jar:/mnt/dev/YCSB-hreplace-dist/lib/jedis-3.9.0.jar:/mnt/dev/YCSB-hreplace-dist/lib/core-0.18.0-SNAPSHOT.jar:/mnt/dev/YCSB-hreplace-dist/lib/commons-pool2-2.11.1.jar:/mnt/dev/YCSB-hreplace-dist/lib/redis-binding-0.18.0-SNAPSHOT.jar site.ycsb.Client -db site.ycsb.db.RedisClient -s -threads 256 -P /mnt/dev/YCSB-hreplace-dist/workloads/workloada -target 100000 -p recordcount=100000000 -p operationcount=1000000 -p fieldcount=10 -p fieldlength=128 -p fieldlengthdistribution=constant -p readallfields=true -p writeallfields=true -p insertorder=hashed -p requestdistribution=uniform -p readproportion=0.5 -p updateproportion=0.5 -p insertproportion=0 -p scanproportion=0 -p readmodifywriteproportion=0 -p measurementtype=hdrhistogram -p measurement.interval=both -p hdrhistogram.percentiles=50,95,99,99.9,99.99 -p status.interval=10 -p redis.host=172.16.0.4 -p redis.port=16379 -p redis.scanindex=none -p redis.timeout=10000 -p redis.cluster=false -p redis.updatecommand=hmset -t
Command line: -db site.ycsb.db.RedisClient -s -threads 256 -P /mnt/dev/YCSB-hreplace-dist/workloads/workloada -target 100000 -p recordcount=100000000 -p operationcount=1000000 -p fieldcount=10 -p fieldlength=128 -p fieldlengthdistribution=constant -p readallfields=true -p writeallfields=true -p insertorder=hashed -p requestdistribution=uniform -p readproportion=0.5 -p updateproportion=0.5 -p insertproportion=0 -p scanproportion=0 -p readmodifywriteproportion=0 -p measurementtype=hdrhistogram -p measurement.interval=both -p hdrhistogram.percentiles=50,95,99,99.9,99.99 -p status.interval=10 -p redis.host=172.16.0.4 -p redis.port=16379 -p redis.scanindex=none -p redis.timeout=10000 -p redis.cluster=false -p redis.updatecommand=hmset -t
YCSB Client 0.18.0-SNAPSHOT

Loading workload...
Starting test.
SLF4J: Failed to load class "org.slf4j.impl.StaticLoggerBinder".
SLF4J: Defaulting to no-operation (NOP) logger implementation
SLF4J: See http://www.slf4j.org/codes.html#StaticLoggerBinder for further details.
2026-09-13 14:16:16:348 0 sec: 0 operations; est completion in 0 second 
DBWrapper: report latency for each error is false and specific error codes to track for latency are: []
2026-09-13 14:16:26:322 10 sec: 992994 operations; 99289.47 current ops/sec; est completion in 1 second [READ: Count=497158, Max=53823, Min=186, Avg=377.9, 50=316, 90=387, 99=860, 99.9=7031, 99.99=51807] [UPDATE: Count=496216, Max=53695, Min=186, Avg=391.97, 50=329, 90=403, 99=1010, 99.9=7319, 99.99=51487] [Intended-READ: Count=497566, Max=100927, Min=209, Avg=952.9, 50=375, 90=452, 99=25647, 99.9=51551, 99.99=82943] [Intended-UPDATE: Count=496546, Max=102719, Min=229, Avg=956.82, 50=388, 90=467, 99=25247, 99.9=52383, 99.99=84095] 
2026-09-13 14:16:26:411 10 sec: 1000000 operations; 78719.1 current ops/sec; [READ: Count=3488, Max=6127, Min=229, Avg=425.68, 50=314, 90=405, 99=3455, 99.9=4719, 99.99=6127] [CLEANUP: Count=256, Max=554, Min=11, Avg=26.91, 50=17, 90=28, 99=425, 99.9=554, 99.99=554] [UPDATE: Count=3138, Max=6355, Min=232, Avg=454.71, 50=327, 90=421, 99=3455, 99.9=4895, 99.99=6355] [Intended-READ: Count=3080, Max=6155, Min=263, Avg=422.71, 50=369, 90=438, 99=2299, 99.9=4907, 99.99=6155] [Intended-CLEANUP: Count=256, Max=555, Min=11, Avg=27.17, 50=17, 90=29, 99=425, 99.9=555, 99.99=555] [Intended-UPDATE: Count=2808, Max=5647, Min=266, Avg=419.99, 50=382, 90=443, 99=1479, 99.9=4235, 99.99=5647] 
[OVERALL], RunTime(ms), 10089
[OVERALL], Throughput(ops/sec), 99117.85112498762
[TOTAL_GCS_G1_Young_Generation], Count, 30
[TOTAL_GC_TIME_G1_Young_Generation], Time(ms), 28
[TOTAL_GC_TIME_%_G1_Young_Generation], Time(%), 0.2775299831499653
[TOTAL_GCS_G1_Old_Generation], Count, 0
[TOTAL_GC_TIME_G1_Old_Generation], Time(ms), 0
[TOTAL_GC_TIME_%_G1_Old_Generation], Time(%), 0.0
[TOTAL_GCs], Count, 30
[TOTAL_GC_TIME], Time(ms), 28
[TOTAL_GC_TIME_%], Time(%), 0.2775299831499653
[READ], Operations, 500646
[READ], AverageLatency(us), 378.2309396260032
[READ], MinLatency(us), 186
[READ], MaxLatency(us), 53823
[READ], 50thPercentileLatency(us), 316
[READ], 95thPercentileLatency(us), 431
[READ], 99thPercentileLatency(us), 877
[READ], 99.9PercentileLatency(us), 7007
[READ], 99.99PercentileLatency(us), 51775
[READ], Return=OK, 500646
[CLEANUP], Operations, 256
[CLEANUP], AverageLatency(us), 26.9140625
[CLEANUP], MinLatency(us), 11
[CLEANUP], MaxLatency(us), 554
[CLEANUP], 50thPercentileLatency(us), 17
[CLEANUP], 95thPercentileLatency(us), 41
[CLEANUP], 99thPercentileLatency(us), 425
[CLEANUP], 99.9PercentileLatency(us), 554
[CLEANUP], 99.99PercentileLatency(us), 554
[UPDATE], Operations, 499354
[UPDATE], AverageLatency(us), 392.3595104875499
[UPDATE], MinLatency(us), 186
[UPDATE], MaxLatency(us), 53695
[UPDATE], 50thPercentileLatency(us), 329
[UPDATE], 95thPercentileLatency(us), 450
[UPDATE], 99thPercentileLatency(us), 1030
[UPDATE], 99.9PercentileLatency(us), 7235
[UPDATE], 99.99PercentileLatency(us), 51487
[UPDATE], Return=OK, 499354
[Intended-READ], Operations, 500646
[Intended-READ], AverageLatency(us), 949.6342385637756
[Intended-READ], MinLatency(us), 209
[Intended-READ], MaxLatency(us), 100927
[Intended-READ], 50thPercentileLatency(us), 375
[Intended-READ], 95thPercentileLatency(us), 515
[Intended-READ], 99thPercentileLatency(us), 25519
[Intended-READ], 99.9PercentileLatency(us), 51519
[Intended-READ], 99.99PercentileLatency(us), 82751
[Intended-CLEANUP], Operations, 256
[Intended-CLEANUP], AverageLatency(us), 27.16796875
[Intended-CLEANUP], MinLatency(us), 11
[Intended-CLEANUP], MaxLatency(us), 555
[Intended-CLEANUP], 50thPercentileLatency(us), 17
[Intended-CLEANUP], 95thPercentileLatency(us), 41
[Intended-CLEANUP], 99thPercentileLatency(us), 425
[Intended-CLEANUP], 99.9PercentileLatency(us), 555
[Intended-CLEANUP], 99.99PercentileLatency(us), 555
[Intended-UPDATE], Operations, 499354
[Intended-UPDATE], AverageLatency(us), 953.7966212346352
[Intended-UPDATE], MinLatency(us), 229
[Intended-UPDATE], MaxLatency(us), 102719
[Intended-UPDATE], 50thPercentileLatency(us), 388
[Intended-UPDATE], 95thPercentileLatency(us), 532
[Intended-UPDATE], 99thPercentileLatency(us), 25103
[Intended-UPDATE], 99.9PercentileLatency(us), 52383
[Intended-UPDATE], 99.99PercentileLatency(us), 84095
