java -cp /mnt/dev/YCSB-hreplace-dist/redis-binding/conf:/mnt/dev/YCSB-hreplace-dist/conf:/mnt/dev/YCSB-hreplace-dist/lib/htrace-core4-4.1.0-incubating.jar:/mnt/dev/YCSB-hreplace-dist/lib/slf4j-api-1.7.25.jar:/mnt/dev/YCSB-hreplace-dist/lib/jackson-mapper-asl-1.9.4.jar:/mnt/dev/YCSB-hreplace-dist/lib/HdrHistogram-2.1.12.jar:/mnt/dev/YCSB-hreplace-dist/lib/jackson-core-asl-1.9.4.jar:/mnt/dev/YCSB-hreplace-dist/lib/jedis-3.9.0.jar:/mnt/dev/YCSB-hreplace-dist/lib/core-0.18.0-SNAPSHOT.jar:/mnt/dev/YCSB-hreplace-dist/lib/commons-pool2-2.11.1.jar:/mnt/dev/YCSB-hreplace-dist/lib/redis-binding-0.18.0-SNAPSHOT.jar site.ycsb.Client -db site.ycsb.db.RedisClient -s -threads 256 -P /mnt/dev/YCSB-hreplace-dist/workloads/workloada -p recordcount=100000000 -p operationcount=5000000 -p fieldcount=10 -p fieldlength=128 -p fieldlengthdistribution=constant -p readallfields=true -p writeallfields=true -p insertorder=hashed -p requestdistribution=uniform -p readproportion=0.5 -p updateproportion=0.5 -p insertproportion=0 -p scanproportion=0 -p readmodifywriteproportion=0 -p measurementtype=hdrhistogram -p measurement.interval=both -p hdrhistogram.percentiles=50,95,99,99.9,99.99 -p status.interval=10 -p redis.host=172.16.0.4 -p redis.port=16379 -p redis.scanindex=none -p redis.timeout=10000 -p redis.cluster=false -p redis.updatecommand=hmset -t
Command line: -db site.ycsb.db.RedisClient -s -threads 256 -P /mnt/dev/YCSB-hreplace-dist/workloads/workloada -p recordcount=100000000 -p operationcount=5000000 -p fieldcount=10 -p fieldlength=128 -p fieldlengthdistribution=constant -p readallfields=true -p writeallfields=true -p insertorder=hashed -p requestdistribution=uniform -p readproportion=0.5 -p updateproportion=0.5 -p insertproportion=0 -p scanproportion=0 -p readmodifywriteproportion=0 -p measurementtype=hdrhistogram -p measurement.interval=both -p hdrhistogram.percentiles=50,95,99,99.9,99.99 -p status.interval=10 -p redis.host=172.16.0.4 -p redis.port=16379 -p redis.scanindex=none -p redis.timeout=10000 -p redis.cluster=false -p redis.updatecommand=hmset -t
YCSB Client 0.18.0-SNAPSHOT

Loading workload...
Starting test.
SLF4J: Failed to load class "org.slf4j.impl.StaticLoggerBinder".
SLF4J: Defaulting to no-operation (NOP) logger implementation
SLF4J: See http://www.slf4j.org/codes.html#StaticLoggerBinder for further details.
2026-09-13 14:11:46:901 0 sec: 0 operations; est completion in 0 second 
DBWrapper: report latency for each error is false and specific error codes to track for latency are: []
2026-09-13 14:11:56:866 10 sec: 3825798 operations; 382579.8 current ops/sec; est completion in 4 second [READ: Count=1913969, Max=77759, Min=175, Avg=645.17, 50=560, 90=819, 99=3021, 99.9=6767, 99.99=15447] [UPDATE: Count=1913833, Max=80447, Min=200, Avg=671.51, 50=577, 90=847, 99=3197, 99.9=6875, 99.99=20047] [Intended-READ: Count=1916555, Max=77759, Min=175, Avg=645.25, 50=560, 90=819, 99=3025, 99.9=6767, 99.99=15447] [Intended-UPDATE: Count=1915990, Max=80447, Min=200, Avg=671.53, 50=577, 90=847, 99=3199, 99.9=6875, 99.99=20047] 
2026-09-13 14:12:00:363 13 sec: 5000000 operations; 335774.09 current ops/sec; [READ: Count=586120, Max=12575, Min=198, Avg=601.78, 50=535, 90=774, 99=2511, 99.9=6531, 99.99=8599] [CLEANUP: Count=256, Max=837, Min=14, Avg=41.34, 50=28, 90=76, 99=155, 99.9=837, 99.99=837] [UPDATE: Count=586078, Max=11575, Min=207, Avg=616.3, 50=548, 90=790, 99=2561, 99.9=6583, 99.99=8647] [Intended-READ: Count=583534, Max=12575, Min=198, Avg=601.48, 50=535, 90=774, 99=2489, 99.9=6543, 99.99=8599] [Intended-CLEANUP: Count=256, Max=845, Min=14, Avg=41.86, 50=28, 90=77, 99=158, 99.9=845, 99.99=845] [Intended-UPDATE: Count=583921, Max=11575, Min=207, Avg=616.15, 50=548, 90=790, 99=2551, 99.9=6583, 99.99=8647] 
[OVERALL], RunTime(ms), 13497
[OVERALL], Throughput(ops/sec), 370452.6931910795
[TOTAL_GCS_G1_Young_Generation], Count, 70
[TOTAL_GC_TIME_G1_Young_Generation], Time(ms), 90
[TOTAL_GC_TIME_%_G1_Young_Generation], Time(%), 0.6668148477439432
[TOTAL_GCS_G1_Old_Generation], Count, 0
[TOTAL_GC_TIME_G1_Old_Generation], Time(ms), 0
[TOTAL_GC_TIME_%_G1_Old_Generation], Time(%), 0.0
[TOTAL_GCs], Count, 70
[TOTAL_GC_TIME], Time(ms), 90
[TOTAL_GC_TIME_%], Time(%), 0.6668148477439432
[READ], Operations, 2500089
[READ], AverageLatency(us), 634.9985972499379
[READ], MinLatency(us), 175
[READ], MaxLatency(us), 77759
[READ], 50thPercentileLatency(us), 554
[READ], 95thPercentileLatency(us), 942
[READ], 99thPercentileLatency(us), 2923
[READ], 99.9PercentileLatency(us), 6719
[READ], 99.99PercentileLatency(us), 12375
[READ], Return=OK, 2500089
[CLEANUP], Operations, 256
[CLEANUP], AverageLatency(us), 41.33984375
[CLEANUP], MinLatency(us), 14
[CLEANUP], MaxLatency(us), 837
[CLEANUP], 50thPercentileLatency(us), 28
[CLEANUP], 95thPercentileLatency(us), 93
[CLEANUP], 99thPercentileLatency(us), 155
[CLEANUP], 99.9PercentileLatency(us), 837
[CLEANUP], 99.99PercentileLatency(us), 837
[UPDATE], Operations, 2499911
[UPDATE], AverageLatency(us), 658.5639992783744
[UPDATE], MinLatency(us), 200
[UPDATE], MaxLatency(us), 80447
[UPDATE], 50thPercentileLatency(us), 570
[UPDATE], 95thPercentileLatency(us), 986
[UPDATE], 99thPercentileLatency(us), 3089
[UPDATE], 99.9PercentileLatency(us), 6803
[UPDATE], 99.99PercentileLatency(us), 15311
[UPDATE], Return=OK, 2499911
[Intended-READ], Operations, 2500089
[Intended-READ], AverageLatency(us), 635.0320256598865
[Intended-READ], MinLatency(us), 175
[Intended-READ], MaxLatency(us), 77759
[Intended-READ], 50thPercentileLatency(us), 554
[Intended-READ], 95thPercentileLatency(us), 942
[Intended-READ], 99thPercentileLatency(us), 2923
[Intended-READ], 99.9PercentileLatency(us), 6719
[Intended-READ], 99.99PercentileLatency(us), 12375
[Intended-CLEANUP], Operations, 256
[Intended-CLEANUP], AverageLatency(us), 41.859375
[Intended-CLEANUP], MinLatency(us), 14
[Intended-CLEANUP], MaxLatency(us), 845
[Intended-CLEANUP], 50thPercentileLatency(us), 28
[Intended-CLEANUP], 95thPercentileLatency(us), 93
[Intended-CLEANUP], 99thPercentileLatency(us), 158
[Intended-CLEANUP], 99.9PercentileLatency(us), 845
[Intended-CLEANUP], 99.99PercentileLatency(us), 845
[Intended-UPDATE], Operations, 2499911
[Intended-UPDATE], AverageLatency(us), 658.5983357007509
[Intended-UPDATE], MinLatency(us), 200
[Intended-UPDATE], MaxLatency(us), 80447
[Intended-UPDATE], 50thPercentileLatency(us), 570
[Intended-UPDATE], 95thPercentileLatency(us), 986
[Intended-UPDATE], 99thPercentileLatency(us), 3089
[Intended-UPDATE], 99.9PercentileLatency(us), 6803
[Intended-UPDATE], 99.99PercentileLatency(us), 15311
