java -cp /mnt/dev/YCSB-hreplace-dist/redis-binding/conf:/mnt/dev/YCSB-hreplace-dist/conf:/mnt/dev/YCSB-hreplace-dist/lib/htrace-core4-4.1.0-incubating.jar:/mnt/dev/YCSB-hreplace-dist/lib/slf4j-api-1.7.25.jar:/mnt/dev/YCSB-hreplace-dist/lib/jackson-mapper-asl-1.9.4.jar:/mnt/dev/YCSB-hreplace-dist/lib/HdrHistogram-2.1.12.jar:/mnt/dev/YCSB-hreplace-dist/lib/jackson-core-asl-1.9.4.jar:/mnt/dev/YCSB-hreplace-dist/lib/jedis-3.9.0.jar:/mnt/dev/YCSB-hreplace-dist/lib/core-0.18.0-SNAPSHOT.jar:/mnt/dev/YCSB-hreplace-dist/lib/commons-pool2-2.11.1.jar:/mnt/dev/YCSB-hreplace-dist/lib/redis-binding-0.18.0-SNAPSHOT.jar site.ycsb.Client -db site.ycsb.db.RedisClient -s -threads 256 -P /mnt/dev/YCSB-hreplace-dist/workloads/workloada -target 100000 -p recordcount=100000000 -p operationcount=1000000 -p fieldcount=10 -p fieldlength=128 -p fieldlengthdistribution=constant -p readallfields=true -p writeallfields=true -p insertorder=hashed -p requestdistribution=uniform -p readproportion=1 -p updateproportion=0 -p insertproportion=0 -p scanproportion=0 -p readmodifywriteproportion=0 -p measurementtype=hdrhistogram -p measurement.interval=both -p hdrhistogram.percentiles=50,95,99,99.9,99.99 -p status.interval=10 -p redis.host=172.16.0.4 -p redis.port=16379 -p redis.scanindex=none -p redis.timeout=10000 -p redis.cluster=false -p redis.updatecommand=hmset -t
Command line: -db site.ycsb.db.RedisClient -s -threads 256 -P /mnt/dev/YCSB-hreplace-dist/workloads/workloada -target 100000 -p recordcount=100000000 -p operationcount=1000000 -p fieldcount=10 -p fieldlength=128 -p fieldlengthdistribution=constant -p readallfields=true -p writeallfields=true -p insertorder=hashed -p requestdistribution=uniform -p readproportion=1 -p updateproportion=0 -p insertproportion=0 -p scanproportion=0 -p readmodifywriteproportion=0 -p measurementtype=hdrhistogram -p measurement.interval=both -p hdrhistogram.percentiles=50,95,99,99.9,99.99 -p status.interval=10 -p redis.host=172.16.0.4 -p redis.port=16379 -p redis.scanindex=none -p redis.timeout=10000 -p redis.cluster=false -p redis.updatecommand=hmset -t
YCSB Client 0.18.0-SNAPSHOT

Loading workload...
Starting test.
SLF4J: Failed to load class "org.slf4j.impl.StaticLoggerBinder".
SLF4J: Defaulting to no-operation (NOP) logger implementation
SLF4J: See http://www.slf4j.org/codes.html#StaticLoggerBinder for further details.
2026-09-13 14:05:21:230 0 sec: 0 operations; est completion in 0 second 
DBWrapper: report latency for each error is false and specific error codes to track for latency are: []
2026-09-13 14:05:31:163 10 sec: 991465 operations; 99146.5 current ops/sec; est completion in 1 second [READ: Count=991546, Max=29727, Min=210, Avg=327.1, 50=309, 90=394, 99=528, 99.9=1435, 99.99=12967] [Intended-READ: Count=992131, Max=84543, Min=234, Avg=535.12, 50=368, 90=455, 99=916, 99.9=46495, 99.99=69631] 
2026-09-13 14:05:31:263 10 sec: 1000000 operations; 85350 current ops/sec; [READ: Count=8454, Max=1033, Min=221, Avg=318.89, 50=307, 90=385, 99=477, 99.9=638, 99.99=1033] [CLEANUP: Count=256, Max=686, Min=11, Avg=31.42, 50=16, 90=26, 99=498, 99.9=686, 99.99=686] [Intended-READ: Count=7869, Max=1096, Min=252, Avg=376.12, 50=366, 90=444, 99=537, 99.9=700, 99.99=1096] [Intended-CLEANUP: Count=256, Max=686, Min=11, Avg=31.68, 50=16, 90=26, 99=499, 99.9=686, 99.99=686] 
[OVERALL], RunTime(ms), 10100
[OVERALL], Throughput(ops/sec), 99009.900990099
[TOTAL_GCS_G1_Young_Generation], Count, 20
[TOTAL_GC_TIME_G1_Young_Generation], Time(ms), 23
[TOTAL_GC_TIME_%_G1_Young_Generation], Time(%), 0.2277227722772277
[TOTAL_GCS_G1_Old_Generation], Count, 0
[TOTAL_GC_TIME_G1_Old_Generation], Time(ms), 0
[TOTAL_GC_TIME_%_G1_Old_Generation], Time(%), 0.0
[TOTAL_GCs], Count, 20
[TOTAL_GC_TIME], Time(ms), 23
[TOTAL_GC_TIME_%], Time(%), 0.2277227722772277
[READ], Operations, 1000000
[READ], AverageLatency(us), 327.031998
[READ], MinLatency(us), 210
[READ], MaxLatency(us), 29727
[READ], 50thPercentileLatency(us), 309
[READ], 95thPercentileLatency(us), 427
[READ], 99thPercentileLatency(us), 527
[READ], 99.9PercentileLatency(us), 1428
[READ], 99.99PercentileLatency(us), 12839
[READ], Return=OK, 1000000
[CLEANUP], Operations, 256
[CLEANUP], AverageLatency(us), 31.41796875
[CLEANUP], MinLatency(us), 11
[CLEANUP], MaxLatency(us), 686
[CLEANUP], 50thPercentileLatency(us), 16
[CLEANUP], 95thPercentileLatency(us), 34
[CLEANUP], 99thPercentileLatency(us), 498
[CLEANUP], 99.9PercentileLatency(us), 686
[CLEANUP], 99.99PercentileLatency(us), 686
[Intended-READ], Operations, 1000000
[Intended-READ], AverageLatency(us), 533.86904
[Intended-READ], MinLatency(us), 234
[Intended-READ], MaxLatency(us), 84543
[Intended-READ], 50thPercentileLatency(us), 368
[Intended-READ], 95thPercentileLatency(us), 491
[Intended-READ], 99thPercentileLatency(us), 898
[Intended-READ], 99.9PercentileLatency(us), 46303
[Intended-READ], 99.99PercentileLatency(us), 69631
[Intended-CLEANUP], Operations, 256
[Intended-CLEANUP], AverageLatency(us), 31.68359375
[Intended-CLEANUP], MinLatency(us), 11
[Intended-CLEANUP], MaxLatency(us), 686
[Intended-CLEANUP], 50thPercentileLatency(us), 16
[Intended-CLEANUP], 95thPercentileLatency(us), 34
[Intended-CLEANUP], 99thPercentileLatency(us), 499
[Intended-CLEANUP], 99.9PercentileLatency(us), 686
[Intended-CLEANUP], 99.99PercentileLatency(us), 686
