java -cp /mnt/dev/YCSB-hreplace-dist/redis-binding/conf:/mnt/dev/YCSB-hreplace-dist/conf:/mnt/dev/YCSB-hreplace-dist/lib/htrace-core4-4.1.0-incubating.jar:/mnt/dev/YCSB-hreplace-dist/lib/slf4j-api-1.7.25.jar:/mnt/dev/YCSB-hreplace-dist/lib/jackson-mapper-asl-1.9.4.jar:/mnt/dev/YCSB-hreplace-dist/lib/HdrHistogram-2.1.12.jar:/mnt/dev/YCSB-hreplace-dist/lib/jackson-core-asl-1.9.4.jar:/mnt/dev/YCSB-hreplace-dist/lib/jedis-3.9.0.jar:/mnt/dev/YCSB-hreplace-dist/lib/core-0.18.0-SNAPSHOT.jar:/mnt/dev/YCSB-hreplace-dist/lib/commons-pool2-2.11.1.jar:/mnt/dev/YCSB-hreplace-dist/lib/redis-binding-0.18.0-SNAPSHOT.jar site.ycsb.Client -db site.ycsb.db.RedisClient -s -threads 256 -P /mnt/dev/YCSB-hreplace-dist/workloads/workloada -p recordcount=100000000 -p operationcount=1000000 -p fieldcount=10 -p fieldlength=128 -p fieldlengthdistribution=constant -p readallfields=true -p writeallfields=true -p insertorder=hashed -p requestdistribution=uniform -p readproportion=1 -p updateproportion=0 -p insertproportion=0 -p scanproportion=0 -p readmodifywriteproportion=0 -p measurementtype=hdrhistogram -p measurement.interval=both -p hdrhistogram.percentiles=50,95,99,99.9,99.99 -p status.interval=10 -p redis.host=172.16.0.4 -p redis.port=16379 -p redis.scanindex=none -p redis.timeout=10000 -p redis.cluster=false -p redis.updatecommand=hmset -t
Command line: -db site.ycsb.db.RedisClient -s -threads 256 -P /mnt/dev/YCSB-hreplace-dist/workloads/workloada -p recordcount=100000000 -p operationcount=1000000 -p fieldcount=10 -p fieldlength=128 -p fieldlengthdistribution=constant -p readallfields=true -p writeallfields=true -p insertorder=hashed -p requestdistribution=uniform -p readproportion=1 -p updateproportion=0 -p insertproportion=0 -p scanproportion=0 -p readmodifywriteproportion=0 -p measurementtype=hdrhistogram -p measurement.interval=both -p hdrhistogram.percentiles=50,95,99,99.9,99.99 -p status.interval=10 -p redis.host=172.16.0.4 -p redis.port=16379 -p redis.scanindex=none -p redis.timeout=10000 -p redis.cluster=false -p redis.updatecommand=hmset -t
YCSB Client 0.18.0-SNAPSHOT

Loading workload...
Starting test.
SLF4J: Failed to load class "org.slf4j.impl.StaticLoggerBinder".
SLF4J: Defaulting to no-operation (NOP) logger implementation
SLF4J: See http://www.slf4j.org/codes.html#StaticLoggerBinder for further details.
2026-09-13 13:41:27:658 0 sec: 0 operations; est completion in 0 second 
DBWrapper: report latency for each error is false and specific error codes to track for latency are: []
2026-09-13 13:41:30:143 2 sec: 1000000 operations; 391542.68 current ops/sec; [READ: Count=1000000, Max=125503, Min=229, Avg=572.92, 50=507, 90=695, 99=1874, 99.9=5191, 99.99=31535] [CLEANUP: Count=256, Max=975, Min=12, Avg=32.93, 50=22, 90=55, 99=141, 99.9=975, 99.99=975] [Intended-READ: Count=1000000, Max=125503, Min=229, Avg=572.96, 50=507, 90=695, 99=1874, 99.9=5191, 99.99=31535] [Intended-CLEANUP: Count=256, Max=977, Min=12, Avg=33.24, 50=23, 90=55, 99=142, 99.9=977, 99.99=977] 
[OVERALL], RunTime(ms), 2554
[OVERALL], Throughput(ops/sec), 391542.6781519186
[TOTAL_GCS_G1_Young_Generation], Count, 16
[TOTAL_GC_TIME_G1_Young_Generation], Time(ms), 32
[TOTAL_GC_TIME_%_G1_Young_Generation], Time(%), 1.2529365700861395
[TOTAL_GCS_G1_Old_Generation], Count, 0
[TOTAL_GC_TIME_G1_Old_Generation], Time(ms), 0
[TOTAL_GC_TIME_%_G1_Old_Generation], Time(%), 0.0
[TOTAL_GCs], Count, 16
[TOTAL_GC_TIME], Time(ms), 32
[TOTAL_GC_TIME_%], Time(%), 1.2529365700861395
[READ], Operations, 1000000
[READ], AverageLatency(us), 572.922061
[READ], MinLatency(us), 229
[READ], MaxLatency(us), 125503
[READ], 50thPercentileLatency(us), 507
[READ], 95thPercentileLatency(us), 878
[READ], 99thPercentileLatency(us), 1874
[READ], 99.9PercentileLatency(us), 5191
[READ], 99.99PercentileLatency(us), 31535
[READ], Return=OK, 1000000
[CLEANUP], Operations, 256
[CLEANUP], AverageLatency(us), 32.92578125
[CLEANUP], MinLatency(us), 12
[CLEANUP], MaxLatency(us), 975
[CLEANUP], 50thPercentileLatency(us), 22
[CLEANUP], 95thPercentileLatency(us), 80
[CLEANUP], 99thPercentileLatency(us), 141
[CLEANUP], 99.9PercentileLatency(us), 975
[CLEANUP], 99.99PercentileLatency(us), 975
[Intended-READ], Operations, 1000000
[Intended-READ], AverageLatency(us), 572.958385
[Intended-READ], MinLatency(us), 229
[Intended-READ], MaxLatency(us), 125503
[Intended-READ], 50thPercentileLatency(us), 507
[Intended-READ], 95thPercentileLatency(us), 878
[Intended-READ], 99thPercentileLatency(us), 1874
[Intended-READ], 99.9PercentileLatency(us), 5191
[Intended-READ], 99.99PercentileLatency(us), 31535
[Intended-CLEANUP], Operations, 256
[Intended-CLEANUP], AverageLatency(us), 33.2421875
[Intended-CLEANUP], MinLatency(us), 12
[Intended-CLEANUP], MaxLatency(us), 977
[Intended-CLEANUP], 50thPercentileLatency(us), 23
[Intended-CLEANUP], 95thPercentileLatency(us), 81
[Intended-CLEANUP], 99thPercentileLatency(us), 142
[Intended-CLEANUP], 99.9PercentileLatency(us), 977
[Intended-CLEANUP], 99.99PercentileLatency(us), 977
