java -cp /mnt/dev/YCSB-hreplace-dist/redis-binding/conf:/mnt/dev/YCSB-hreplace-dist/conf:/mnt/dev/YCSB-hreplace-dist/lib/htrace-core4-4.1.0-incubating.jar:/mnt/dev/YCSB-hreplace-dist/lib/slf4j-api-1.7.25.jar:/mnt/dev/YCSB-hreplace-dist/lib/jackson-mapper-asl-1.9.4.jar:/mnt/dev/YCSB-hreplace-dist/lib/HdrHistogram-2.1.12.jar:/mnt/dev/YCSB-hreplace-dist/lib/jackson-core-asl-1.9.4.jar:/mnt/dev/YCSB-hreplace-dist/lib/jedis-3.9.0.jar:/mnt/dev/YCSB-hreplace-dist/lib/core-0.18.0-SNAPSHOT.jar:/mnt/dev/YCSB-hreplace-dist/lib/commons-pool2-2.11.1.jar:/mnt/dev/YCSB-hreplace-dist/lib/redis-binding-0.18.0-SNAPSHOT.jar site.ycsb.Client -db site.ycsb.db.RedisClient -s -threads 256 -P /mnt/dev/YCSB-hreplace-dist/workloads/workloada -p recordcount=100000000 -p operationcount=1000000 -p fieldcount=10 -p fieldlength=128 -p fieldlengthdistribution=constant -p readallfields=true -p writeallfields=true -p insertorder=hashed -p requestdistribution=uniform -p readproportion=0.5 -p updateproportion=0.5 -p insertproportion=0 -p scanproportion=0 -p readmodifywriteproportion=0 -p measurementtype=hdrhistogram -p measurement.interval=both -p hdrhistogram.percentiles=50,95,99,99.9,99.99 -p status.interval=10 -p redis.host=172.16.0.4 -p redis.port=16379 -p redis.scanindex=none -p redis.timeout=10000 -p redis.cluster=false -p redis.updatecommand=hmset -t
Command line: -db site.ycsb.db.RedisClient -s -threads 256 -P /mnt/dev/YCSB-hreplace-dist/workloads/workloada -p recordcount=100000000 -p operationcount=1000000 -p fieldcount=10 -p fieldlength=128 -p fieldlengthdistribution=constant -p readallfields=true -p writeallfields=true -p insertorder=hashed -p requestdistribution=uniform -p readproportion=0.5 -p updateproportion=0.5 -p insertproportion=0 -p scanproportion=0 -p readmodifywriteproportion=0 -p measurementtype=hdrhistogram -p measurement.interval=both -p hdrhistogram.percentiles=50,95,99,99.9,99.99 -p status.interval=10 -p redis.host=172.16.0.4 -p redis.port=16379 -p redis.scanindex=none -p redis.timeout=10000 -p redis.cluster=false -p redis.updatecommand=hmset -t
YCSB Client 0.18.0-SNAPSHOT

Loading workload...
Starting test.
SLF4J: Failed to load class "org.slf4j.impl.StaticLoggerBinder".
SLF4J: Defaulting to no-operation (NOP) logger implementation
SLF4J: See http://www.slf4j.org/codes.html#StaticLoggerBinder for further details.
2026-09-13 14:14:30:556 0 sec: 0 operations; est completion in 0 second 
DBWrapper: report latency for each error is false and specific error codes to track for latency are: []
2026-09-13 14:14:33:779 3 sec: 1000000 operations; 302663.44 current ops/sec; [READ: Count=500404, Max=129279, Min=223, Avg=705.33, 50=560, 90=912, 99=3597, 99.9=8431, 99.99=52799] [CLEANUP: Count=256, Max=847, Min=12, Avg=32.45, 50=23, 90=49, 99=145, 99.9=847, 99.99=847] [UPDATE: Count=499596, Max=135935, Min=209, Avg=821.32, 50=593, 90=1269, 99=4135, 99.9=10511, 99.99=61375] [Intended-READ: Count=500404, Max=129279, Min=224, Avg=705.37, 50=560, 90=912, 99=3597, 99.9=8431, 99.99=52799] [Intended-CLEANUP: Count=256, Max=850, Min=12, Avg=32.82, 50=23, 90=50, 99=147, 99.9=850, 99.99=850] [Intended-UPDATE: Count=499596, Max=135935, Min=209, Avg=821.36, 50=593, 90=1270, 99=4135, 99.9=10511, 99.99=61375] 
[OVERALL], RunTime(ms), 3303
[OVERALL], Throughput(ops/sec), 302755.07114744175
[TOTAL_GCS_G1_Young_Generation], Count, 23
[TOTAL_GC_TIME_G1_Young_Generation], Time(ms), 36
[TOTAL_GC_TIME_%_G1_Young_Generation], Time(%), 1.08991825613079
[TOTAL_GCS_G1_Old_Generation], Count, 0
[TOTAL_GC_TIME_G1_Old_Generation], Time(ms), 0
[TOTAL_GC_TIME_%_G1_Old_Generation], Time(%), 0.0
[TOTAL_GCs], Count, 23
[TOTAL_GC_TIME], Time(ms), 36
[TOTAL_GC_TIME_%], Time(%), 1.08991825613079
[READ], Operations, 500404
[READ], AverageLatency(us), 705.3285885004916
[READ], MinLatency(us), 223
[READ], MaxLatency(us), 129279
[READ], 50thPercentileLatency(us), 560
[READ], 95thPercentileLatency(us), 1323
[READ], 99thPercentileLatency(us), 3597
[READ], 99.9PercentileLatency(us), 8431
[READ], 99.99PercentileLatency(us), 52799
[READ], Return=OK, 500404
[CLEANUP], Operations, 256
[CLEANUP], AverageLatency(us), 32.4453125
[CLEANUP], MinLatency(us), 12
[CLEANUP], MaxLatency(us), 847
[CLEANUP], 50thPercentileLatency(us), 23
[CLEANUP], 95thPercentileLatency(us), 80
[CLEANUP], 99thPercentileLatency(us), 145
[CLEANUP], 99.9PercentileLatency(us), 847
[CLEANUP], 99.99PercentileLatency(us), 847
[UPDATE], Operations, 499596
[UPDATE], AverageLatency(us), 821.3203648548027
[UPDATE], MinLatency(us), 209
[UPDATE], MaxLatency(us), 135935
[UPDATE], 50thPercentileLatency(us), 593
[UPDATE], 95thPercentileLatency(us), 2171
[UPDATE], 99thPercentileLatency(us), 4135
[UPDATE], 99.9PercentileLatency(us), 10511
[UPDATE], 99.99PercentileLatency(us), 61375
[UPDATE], Return=OK, 499596
[Intended-READ], Operations, 500404
[Intended-READ], AverageLatency(us), 705.3650470419901
[Intended-READ], MinLatency(us), 224
[Intended-READ], MaxLatency(us), 129279
[Intended-READ], 50thPercentileLatency(us), 560
[Intended-READ], 95thPercentileLatency(us), 1323
[Intended-READ], 99thPercentileLatency(us), 3597
[Intended-READ], 99.9PercentileLatency(us), 8431
[Intended-READ], 99.99PercentileLatency(us), 52799
[Intended-CLEANUP], Operations, 256
[Intended-CLEANUP], AverageLatency(us), 32.81640625
[Intended-CLEANUP], MinLatency(us), 12
[Intended-CLEANUP], MaxLatency(us), 850
[Intended-CLEANUP], 50thPercentileLatency(us), 23
[Intended-CLEANUP], 95thPercentileLatency(us), 82
[Intended-CLEANUP], 99thPercentileLatency(us), 147
[Intended-CLEANUP], 99.9PercentileLatency(us), 850
[Intended-CLEANUP], 99.99PercentileLatency(us), 850
[Intended-UPDATE], Operations, 499596
[Intended-UPDATE], AverageLatency(us), 821.3595585232869
[Intended-UPDATE], MinLatency(us), 209
[Intended-UPDATE], MaxLatency(us), 135935
[Intended-UPDATE], 50thPercentileLatency(us), 593
[Intended-UPDATE], 95thPercentileLatency(us), 2171
[Intended-UPDATE], 99thPercentileLatency(us), 4135
[Intended-UPDATE], 99.9PercentileLatency(us), 10511
[Intended-UPDATE], 99.99PercentileLatency(us), 61375
