java -cp /mnt/dev/YCSB-hreplace-dist/redis-binding/conf:/mnt/dev/YCSB-hreplace-dist/conf:/mnt/dev/YCSB-hreplace-dist/lib/htrace-core4-4.1.0-incubating.jar:/mnt/dev/YCSB-hreplace-dist/lib/slf4j-api-1.7.25.jar:/mnt/dev/YCSB-hreplace-dist/lib/jackson-mapper-asl-1.9.4.jar:/mnt/dev/YCSB-hreplace-dist/lib/HdrHistogram-2.1.12.jar:/mnt/dev/YCSB-hreplace-dist/lib/jackson-core-asl-1.9.4.jar:/mnt/dev/YCSB-hreplace-dist/lib/jedis-3.9.0.jar:/mnt/dev/YCSB-hreplace-dist/lib/core-0.18.0-SNAPSHOT.jar:/mnt/dev/YCSB-hreplace-dist/lib/commons-pool2-2.11.1.jar:/mnt/dev/YCSB-hreplace-dist/lib/redis-binding-0.18.0-SNAPSHOT.jar site.ycsb.Client -db site.ycsb.db.RedisClient -s -threads 256 -P /mnt/dev/YCSB-hreplace-dist/workloads/workloada -target 100000 -p recordcount=100000000 -p operationcount=1000000 -p fieldcount=10 -p fieldlength=128 -p fieldlengthdistribution=constant -p readallfields=true -p writeallfields=true -p insertorder=hashed -p requestdistribution=uniform -p readproportion=0.5 -p updateproportion=0.5 -p insertproportion=0 -p scanproportion=0 -p readmodifywriteproportion=0 -p measurementtype=hdrhistogram -p measurement.interval=both -p hdrhistogram.percentiles=50,95,99,99.9,99.99 -p status.interval=10 -p redis.host=172.16.0.4 -p redis.port=16379 -p redis.scanindex=none -p redis.timeout=10000 -p redis.cluster=false -p redis.updatecommand=hmset -t
Command line: -db site.ycsb.db.RedisClient -s -threads 256 -P /mnt/dev/YCSB-hreplace-dist/workloads/workloada -target 100000 -p recordcount=100000000 -p operationcount=1000000 -p fieldcount=10 -p fieldlength=128 -p fieldlengthdistribution=constant -p readallfields=true -p writeallfields=true -p insertorder=hashed -p requestdistribution=uniform -p readproportion=0.5 -p updateproportion=0.5 -p insertproportion=0 -p scanproportion=0 -p readmodifywriteproportion=0 -p measurementtype=hdrhistogram -p measurement.interval=both -p hdrhistogram.percentiles=50,95,99,99.9,99.99 -p status.interval=10 -p redis.host=172.16.0.4 -p redis.port=16379 -p redis.scanindex=none -p redis.timeout=10000 -p redis.cluster=false -p redis.updatecommand=hmset -t
YCSB Client 0.18.0-SNAPSHOT

Loading workload...
Starting test.
SLF4J: Failed to load class "org.slf4j.impl.StaticLoggerBinder".
SLF4J: Defaulting to no-operation (NOP) logger implementation
SLF4J: See http://www.slf4j.org/codes.html#StaticLoggerBinder for further details.
2026-09-13 14:13:29:373 0 sec: 0 operations; est completion in 0 second 
DBWrapper: report latency for each error is false and specific error codes to track for latency are: []
2026-09-13 14:13:39:328 10 sec: 992864 operations; 99286.4 current ops/sec; est completion in 1 second [READ: Count=496735, Max=31647, Min=167, Avg=345.11, 50=317, 90=389, 99=882, 99.9=3495, 99.99=14607] [UPDATE: Count=496354, Max=32863, Min=184, Avg=365.11, 50=331, 90=406, 99=1180, 99.9=3815, 99.99=24063] [Intended-READ: Count=497114, Max=105151, Min=206, Avg=623.56, 50=376, 90=452, 99=2617, 99.9=54655, 99.99=87807] [Intended-UPDATE: Count=496639, Max=107327, Min=199, Avg=647.4, 50=390, 90=467, 99=2857, 99.9=56383, 99.99=91903] 
2026-09-13 14:13:39:422 10 sec: 1000000 operations; 75914.89 current ops/sec; [READ: Count=3599, Max=5859, Min=233, Avg=474.25, 50=319, 90=648, 99=3261, 99.9=4507, 99.99=5859] [CLEANUP: Count=256, Max=590, Min=11, Avg=24.25, 50=17, 90=28, 99=331, 99.9=590, 99.99=590] [UPDATE: Count=3312, Max=5623, Min=224, Avg=511.23, 50=330, 90=842, 99=3557, 99.9=4783, 99.99=5623] [Intended-READ: Count=3220, Max=7643, Min=250, Avg=791.95, 50=379, 90=2035, 99=6139, 99.9=6907, 99.99=7643] [Intended-CLEANUP: Count=256, Max=591, Min=11, Avg=24.49, 50=17, 90=28, 99=331, 99.9=591, 99.99=591] [Intended-UPDATE: Count=3027, Max=7131, Min=258, Avg=823.47, 50=392, 90=2267, 99=5859, 99.9=6699, 99.99=7131] 
[OVERALL], RunTime(ms), 10093
[OVERALL], Throughput(ops/sec), 99078.56930545923
[TOTAL_GCS_G1_Young_Generation], Count, 30
[TOTAL_GC_TIME_G1_Young_Generation], Time(ms), 30
[TOTAL_GC_TIME_%_G1_Young_Generation], Time(%), 0.29723570791637766
[TOTAL_GCS_G1_Old_Generation], Count, 0
[TOTAL_GC_TIME_G1_Old_Generation], Time(ms), 0
[TOTAL_GC_TIME_%_G1_Old_Generation], Time(%), 0.0
[TOTAL_GCs], Count, 30
[TOTAL_GC_TIME], Time(ms), 30
[TOTAL_GC_TIME_%], Time(%), 0.29723570791637766
[READ], Operations, 500334
[READ], AverageLatency(us), 346.04260154216985
[READ], MinLatency(us), 167
[READ], MaxLatency(us), 31647
[READ], 50thPercentileLatency(us), 317
[READ], 95thPercentileLatency(us), 430
[READ], 99thPercentileLatency(us), 921
[READ], 99.9PercentileLatency(us), 3527
[READ], 99.99PercentileLatency(us), 14415
[READ], Return=OK, 500334
[CLEANUP], Operations, 256
[CLEANUP], AverageLatency(us), 24.25390625
[CLEANUP], MinLatency(us), 11
[CLEANUP], MaxLatency(us), 590
[CLEANUP], 50thPercentileLatency(us), 17
[CLEANUP], 95thPercentileLatency(us), 40
[CLEANUP], 99thPercentileLatency(us), 331
[CLEANUP], 99.9PercentileLatency(us), 590
[CLEANUP], 99.99PercentileLatency(us), 590
[UPDATE], Operations, 499666
[UPDATE], AverageLatency(us), 366.08146641956824
[UPDATE], MinLatency(us), 184
[UPDATE], MaxLatency(us), 32863
[UPDATE], 50thPercentileLatency(us), 331
[UPDATE], 95thPercentileLatency(us), 450
[UPDATE], 99thPercentileLatency(us), 1232
[UPDATE], 99.9PercentileLatency(us), 3855
[UPDATE], 99.99PercentileLatency(us), 24063
[UPDATE], Return=OK, 499666
[Intended-READ], Operations, 500334
[Intended-READ], AverageLatency(us), 624.6469998041308
[Intended-READ], MinLatency(us), 206
[Intended-READ], MaxLatency(us), 105151
[Intended-READ], 50thPercentileLatency(us), 376
[Intended-READ], 95thPercentileLatency(us), 502
[Intended-READ], 99thPercentileLatency(us), 2827
[Intended-READ], 99.9PercentileLatency(us), 54591
[Intended-READ], 99.99PercentileLatency(us), 87807
[Intended-CLEANUP], Operations, 256
[Intended-CLEANUP], AverageLatency(us), 24.4921875
[Intended-CLEANUP], MinLatency(us), 11
[Intended-CLEANUP], MaxLatency(us), 591
[Intended-CLEANUP], 50thPercentileLatency(us), 17
[Intended-CLEANUP], 95thPercentileLatency(us), 40
[Intended-CLEANUP], 99thPercentileLatency(us), 331
[Intended-CLEANUP], 99.9PercentileLatency(us), 591
[Intended-CLEANUP], 99.99PercentileLatency(us), 591
[Intended-UPDATE], Operations, 499666
[Intended-UPDATE], AverageLatency(us), 648.4653328423386
[Intended-UPDATE], MinLatency(us), 199
[Intended-UPDATE], MaxLatency(us), 107327
[Intended-UPDATE], 50thPercentileLatency(us), 390
[Intended-UPDATE], 95thPercentileLatency(us), 519
[Intended-UPDATE], 99thPercentileLatency(us), 3039
[Intended-UPDATE], 99.9PercentileLatency(us), 56287
[Intended-UPDATE], 99.99PercentileLatency(us), 91903
