java -cp /mnt/dev/YCSB-hreplace-dist/redis-binding/conf:/mnt/dev/YCSB-hreplace-dist/conf:/mnt/dev/YCSB-hreplace-dist/lib/htrace-core4-4.1.0-incubating.jar:/mnt/dev/YCSB-hreplace-dist/lib/slf4j-api-1.7.25.jar:/mnt/dev/YCSB-hreplace-dist/lib/jackson-mapper-asl-1.9.4.jar:/mnt/dev/YCSB-hreplace-dist/lib/HdrHistogram-2.1.12.jar:/mnt/dev/YCSB-hreplace-dist/lib/jackson-core-asl-1.9.4.jar:/mnt/dev/YCSB-hreplace-dist/lib/jedis-3.9.0.jar:/mnt/dev/YCSB-hreplace-dist/lib/core-0.18.0-SNAPSHOT.jar:/mnt/dev/YCSB-hreplace-dist/lib/commons-pool2-2.11.1.jar:/mnt/dev/YCSB-hreplace-dist/lib/redis-binding-0.18.0-SNAPSHOT.jar site.ycsb.Client -db site.ycsb.db.RedisClient -s -threads 256 -P /mnt/dev/YCSB-hreplace-dist/workloads/workloada -p recordcount=100000000 -p operationcount=1000000 -p fieldcount=10 -p fieldlength=128 -p fieldlengthdistribution=constant -p readallfields=true -p writeallfields=true -p insertorder=hashed -p requestdistribution=uniform -p readproportion=1 -p updateproportion=0 -p insertproportion=0 -p scanproportion=0 -p readmodifywriteproportion=0 -p measurementtype=hdrhistogram -p measurement.interval=both -p hdrhistogram.percentiles=50,95,99,99.9,99.99 -p status.interval=10 -p redis.host=172.16.0.4 -p redis.port=16379 -p redis.scanindex=none -p redis.timeout=10000 -p redis.cluster=false -p redis.updatecommand=hmset -t
Command line: -db site.ycsb.db.RedisClient -s -threads 256 -P /mnt/dev/YCSB-hreplace-dist/workloads/workloada -p recordcount=100000000 -p operationcount=1000000 -p fieldcount=10 -p fieldlength=128 -p fieldlengthdistribution=constant -p readallfields=true -p writeallfields=true -p insertorder=hashed -p requestdistribution=uniform -p readproportion=1 -p updateproportion=0 -p insertproportion=0 -p scanproportion=0 -p readmodifywriteproportion=0 -p measurementtype=hdrhistogram -p measurement.interval=both -p hdrhistogram.percentiles=50,95,99,99.9,99.99 -p status.interval=10 -p redis.host=172.16.0.4 -p redis.port=16379 -p redis.scanindex=none -p redis.timeout=10000 -p redis.cluster=false -p redis.updatecommand=hmset -t
YCSB Client 0.18.0-SNAPSHOT

Loading workload...
Starting test.
SLF4J: Failed to load class "org.slf4j.impl.StaticLoggerBinder".
SLF4J: Defaulting to no-operation (NOP) logger implementation
SLF4J: See http://www.slf4j.org/codes.html#StaticLoggerBinder for further details.
2026-09-13 13:36:04:971 0 sec: 0 operations; est completion in 0 second 
DBWrapper: report latency for each error is false and specific error codes to track for latency are: []
2026-09-13 13:36:07:665 2 sec: 1000000 operations; 362581.58 current ops/sec; [READ: Count=1000000, Max=47199, Min=228, Avg=624.17, 50=521, 90=933, 99=1988, 99.9=5771, 99.99=29007] [CLEANUP: Count=256, Max=892, Min=12, Avg=31.96, 50=21, 90=51, 99=113, 99.9=892, 99.99=892] [Intended-READ: Count=1000000, Max=47199, Min=228, Avg=624.2, 50=521, 90=933, 99=1988, 99.9=5771, 99.99=29007] [Intended-CLEANUP: Count=256, Max=893, Min=13, Avg=32.39, 50=21, 90=54, 99=113, 99.9=893, 99.99=893] 
[OVERALL], RunTime(ms), 2757
[OVERALL], Throughput(ops/sec), 362713.09394269134
[TOTAL_GCS_G1_Young_Generation], Count, 16
[TOTAL_GC_TIME_G1_Young_Generation], Time(ms), 34
[TOTAL_GC_TIME_%_G1_Young_Generation], Time(%), 1.2332245194051505
[TOTAL_GCS_G1_Old_Generation], Count, 0
[TOTAL_GC_TIME_G1_Old_Generation], Time(ms), 0
[TOTAL_GC_TIME_%_G1_Old_Generation], Time(%), 0.0
[TOTAL_GCs], Count, 16
[TOTAL_GC_TIME], Time(ms), 34
[TOTAL_GC_TIME_%], Time(%), 1.2332245194051505
[READ], Operations, 1000000
[READ], AverageLatency(us), 624.167039
[READ], MinLatency(us), 228
[READ], MaxLatency(us), 47199
[READ], 50thPercentileLatency(us), 521
[READ], 95thPercentileLatency(us), 1198
[READ], 99thPercentileLatency(us), 1988
[READ], 99.9PercentileLatency(us), 5771
[READ], 99.99PercentileLatency(us), 29007
[READ], Return=OK, 1000000
[CLEANUP], Operations, 256
[CLEANUP], AverageLatency(us), 31.95703125
[CLEANUP], MinLatency(us), 12
[CLEANUP], MaxLatency(us), 892
[CLEANUP], 50thPercentileLatency(us), 21
[CLEANUP], 95thPercentileLatency(us), 72
[CLEANUP], 99thPercentileLatency(us), 113
[CLEANUP], 99.9PercentileLatency(us), 892
[CLEANUP], 99.99PercentileLatency(us), 892
[Intended-READ], Operations, 1000000
[Intended-READ], AverageLatency(us), 624.204179
[Intended-READ], MinLatency(us), 228
[Intended-READ], MaxLatency(us), 47199
[Intended-READ], 50thPercentileLatency(us), 521
[Intended-READ], 95thPercentileLatency(us), 1198
[Intended-READ], 99thPercentileLatency(us), 1988
[Intended-READ], 99.9PercentileLatency(us), 5771
[Intended-READ], 99.99PercentileLatency(us), 29007
[Intended-CLEANUP], Operations, 256
[Intended-CLEANUP], AverageLatency(us), 32.390625
[Intended-CLEANUP], MinLatency(us), 13
[Intended-CLEANUP], MaxLatency(us), 893
[Intended-CLEANUP], 50thPercentileLatency(us), 21
[Intended-CLEANUP], 95thPercentileLatency(us), 77
[Intended-CLEANUP], 99thPercentileLatency(us), 113
[Intended-CLEANUP], 99.9PercentileLatency(us), 893
[Intended-CLEANUP], 99.99PercentileLatency(us), 893
