java -cp /mnt/dev/YCSB-hreplace-dist/redis-binding/conf:/mnt/dev/YCSB-hreplace-dist/conf:/mnt/dev/YCSB-hreplace-dist/lib/htrace-core4-4.1.0-incubating.jar:/mnt/dev/YCSB-hreplace-dist/lib/slf4j-api-1.7.25.jar:/mnt/dev/YCSB-hreplace-dist/lib/jackson-mapper-asl-1.9.4.jar:/mnt/dev/YCSB-hreplace-dist/lib/HdrHistogram-2.1.12.jar:/mnt/dev/YCSB-hreplace-dist/lib/jackson-core-asl-1.9.4.jar:/mnt/dev/YCSB-hreplace-dist/lib/jedis-3.9.0.jar:/mnt/dev/YCSB-hreplace-dist/lib/core-0.18.0-SNAPSHOT.jar:/mnt/dev/YCSB-hreplace-dist/lib/commons-pool2-2.11.1.jar:/mnt/dev/YCSB-hreplace-dist/lib/redis-binding-0.18.0-SNAPSHOT.jar site.ycsb.Client -db site.ycsb.db.RedisClient -s -threads 256 -P /mnt/dev/YCSB-hreplace-dist/workloads/workloada -target 100000 -p recordcount=100000000 -p operationcount=5000000 -p fieldcount=10 -p fieldlength=128 -p fieldlengthdistribution=constant -p readallfields=true -p writeallfields=true -p insertorder=hashed -p requestdistribution=uniform -p readproportion=0.5 -p updateproportion=0.5 -p insertproportion=0 -p scanproportion=0 -p readmodifywriteproportion=0 -p measurementtype=hdrhistogram -p measurement.interval=both -p hdrhistogram.percentiles=50,95,99,99.9,99.99 -p status.interval=10 -p redis.host=172.16.0.4 -p redis.port=16379 -p redis.scanindex=none -p redis.timeout=10000 -p redis.cluster=false -p redis.updatecommand=hmset -t
Command line: -db site.ycsb.db.RedisClient -s -threads 256 -P /mnt/dev/YCSB-hreplace-dist/workloads/workloada -target 100000 -p recordcount=100000000 -p operationcount=5000000 -p fieldcount=10 -p fieldlength=128 -p fieldlengthdistribution=constant -p readallfields=true -p writeallfields=true -p insertorder=hashed -p requestdistribution=uniform -p readproportion=0.5 -p updateproportion=0.5 -p insertproportion=0 -p scanproportion=0 -p readmodifywriteproportion=0 -p measurementtype=hdrhistogram -p measurement.interval=both -p hdrhistogram.percentiles=50,95,99,99.9,99.99 -p status.interval=10 -p redis.host=172.16.0.4 -p redis.port=16379 -p redis.scanindex=none -p redis.timeout=10000 -p redis.cluster=false -p redis.updatecommand=hmset -t
YCSB Client 0.18.0-SNAPSHOT

Loading workload...
Starting test.
SLF4J: Failed to load class "org.slf4j.impl.StaticLoggerBinder".
SLF4J: Defaulting to no-operation (NOP) logger implementation
SLF4J: See http://www.slf4j.org/codes.html#StaticLoggerBinder for further details.
2026-09-13 14:17:50:909 0 sec: 0 operations; est completion in 0 second 
DBWrapper: report latency for each error is false and specific error codes to track for latency are: []
2026-09-13 14:18:00:840 10 sec: 989034 operations; 98893.51 current ops/sec; est completion in 41 seconds [READ: Count=494860, Max=23711, Min=175, Avg=338.71, 50=314, 90=378, 99=698, 99.9=4259, 99.99=8207] [UPDATE: Count=494442, Max=31007, Min=181, Avg=355.99, 50=327, 90=394, 99=894, 99.9=4527, 99.99=13519] [Intended-READ: Count=495205, Max=105343, Min=227, Avg=624.7, 50=373, 90=440, 99=3231, 99.9=54527, 99.99=91391] [Intended-UPDATE: Count=494692, Max=106751, Min=222, Avg=651.94, 50=385, 90=456, 99=3467, 99.9=54527, 99.99=92479] 
2026-09-13 14:18:10:838 20 sec: 1988884 operations; 99995 current ops/sec; est completion in 31 seconds [READ: Count=500108, Max=10911, Min=164, Avg=336.57, 50=314, 90=376, 99=652, 99.9=3741, 99.99=7267] [UPDATE: Count=499640, Max=12215, Min=179, Avg=350.21, 50=327, 90=391, 99=705, 99.9=3799, 99.99=7275] [Intended-READ: Count=499959, Max=11519, Min=220, Avg=401.23, 50=373, 90=436, 99=1043, 99.9=4663, 99.99=7799] [Intended-UPDATE: Count=499509, Max=12271, Min=215, Avg=415.32, 50=385, 90=451, 99=1076, 99.9=4727, 99.99=7871] 
2026-09-13 14:18:20:838 30 sec: 2988882 operations; 99999.8 current ops/sec; est completion in 21 seconds [READ: Count=500196, Max=8123, Min=178, Avg=334.48, 50=314, 90=376, 99=587, 99.9=3625, 99.99=6467] [UPDATE: Count=499713, Max=8223, Min=183, Avg=346.6, 50=326, 90=391, 99=592, 99.9=3521, 99.99=6787] [Intended-READ: Count=500099, Max=9959, Min=199, Avg=398.23, 50=372, 90=436, 99=955, 99.9=4319, 99.99=6855] [Intended-UPDATE: Count=499710, Max=10167, Min=245, Avg=410.36, 50=385, 90=450, 99=945, 99.9=4203, 99.99=7191] 
2026-09-13 14:18:30:838 40 sec: 3988871 operations; 99998.9 current ops/sec; est completion in 11 seconds [READ: Count=499898, Max=10519, Min=174, Avg=336.83, 50=314, 90=377, 99=597, 99.9=4135, 99.99=6971] [UPDATE: Count=500105, Max=10903, Min=187, Avg=349.67, 50=327, 90=392, 99=617, 99.9=4115, 99.99=7163] [Intended-READ: Count=499910, Max=10575, Min=196, Avg=402.57, 50=373, 90=437, 99=988, 99.9=5199, 99.99=7643] [Intended-UPDATE: Count=500111, Max=10959, Min=238, Avg=415.65, 50=386, 90=452, 99=1002, 99.9=5215, 99.99=7575] 
2026-09-13 14:18:40:838 50 sec: 4988863 operations; 99999.2 current ops/sec; est completion in 1 second [READ: Count=499220, Max=12343, Min=175, Avg=335.04, 50=314, 90=378, 99=579, 99.9=3677, 99.99=6883] [UPDATE: Count=500804, Max=12311, Min=186, Avg=348.28, 50=327, 90=393, 99=621, 99.9=3767, 99.99=7007] [Intended-READ: Count=499203, Max=12399, Min=196, Avg=398.87, 50=373, 90=437, 99=937, 99.9=4507, 99.99=7503] [Intended-UPDATE: Count=500773, Max=12383, Min=242, Avg=412.45, 50=386, 90=452, 99=964, 99.9=4555, 99.99=7383] 
2026-09-13 14:18:40:971 50 sec: 5000000 operations; 83736.84 current ops/sec; [READ: Count=5466, Max=1463, Min=222, Avg=323.37, 50=312, 90=380, 99=494, 99.9=1158, 99.99=1463] [CLEANUP: Count=256, Max=645, Min=10, Avg=27.25, 50=17, 90=27, 99=494, 99.9=645, 99.99=645] [UPDATE: Count=5548, Max=1521, Min=235, Avg=336.49, 50=325, 90=397, 99=509, 99.9=1183, 99.99=1521] [Intended-READ: Count=5372, Max=1534, Min=263, Avg=383.67, 50=371, 90=441, 99=581, 99.9=1237, 99.99=1534] [Intended-CLEANUP: Count=256, Max=647, Min=10, Avg=27.5, 50=17, 90=27, 99=494, 99.9=647, 99.99=647] [Intended-UPDATE: Count=5457, Max=1583, Min=284, Avg=397.51, 50=384, 90=458, 99=632, 99.9=1287, 99.99=1583] 
[OVERALL], RunTime(ms), 50132
[OVERALL], Throughput(ops/sec), 99736.69512487034
[TOTAL_GCS_G1_Young_Generation], Count, 142
[TOTAL_GC_TIME_G1_Young_Generation], Time(ms), 106
[TOTAL_GC_TIME_%_G1_Young_Generation], Time(%), 0.21144179366472515
[TOTAL_GCS_G1_Old_Generation], Count, 0
[TOTAL_GC_TIME_G1_Old_Generation], Time(ms), 0
[TOTAL_GC_TIME_%_G1_Old_Generation], Time(%), 0.0
[TOTAL_GCs], Count, 142
[TOTAL_GC_TIME], Time(ms), 106
[TOTAL_GC_TIME_%], Time(%), 0.21144179366472515
[READ], Operations, 2499748
[READ], AverageLatency(us), 336.2932775623783
[READ], MinLatency(us), 164
[READ], MaxLatency(us), 23711
[READ], 50thPercentileLatency(us), 314
[READ], 95thPercentileLatency(us), 408
[READ], 99thPercentileLatency(us), 626
[READ], 99.9PercentileLatency(us), 3839
[READ], 99.99PercentileLatency(us), 7163
[READ], Return=OK, 2499748
[CLEANUP], Operations, 256
[CLEANUP], AverageLatency(us), 27.24609375
[CLEANUP], MinLatency(us), 10
[CLEANUP], MaxLatency(us), 645
[CLEANUP], 50thPercentileLatency(us), 17
[CLEANUP], 95thPercentileLatency(us), 33
[CLEANUP], 99thPercentileLatency(us), 494
[CLEANUP], 99.9PercentileLatency(us), 645
[CLEANUP], 99.99PercentileLatency(us), 645
[UPDATE], Operations, 2500252
[UPDATE], AverageLatency(us), 350.1073291812185
[UPDATE], MinLatency(us), 179
[UPDATE], MaxLatency(us), 31007
[UPDATE], 50thPercentileLatency(us), 327
[UPDATE], 95thPercentileLatency(us), 425
[UPDATE], 99thPercentileLatency(us), 686
[UPDATE], 99.9PercentileLatency(us), 3873
[UPDATE], 99.99PercentileLatency(us), 7447
[UPDATE], Return=OK, 2500252
[Intended-READ], Operations, 2499748
[Intended-READ], AverageLatency(us), 444.6597565034555
[Intended-READ], MinLatency(us), 196
[Intended-READ], MaxLatency(us), 105343
[Intended-READ], 50thPercentileLatency(us), 373
[Intended-READ], 95thPercentileLatency(us), 471
[Intended-READ], 99thPercentileLatency(us), 1123
[Intended-READ], 99.9PercentileLatency(us), 16255
[Intended-READ], 99.99PercentileLatency(us), 65247
[Intended-CLEANUP], Operations, 256
[Intended-CLEANUP], AverageLatency(us), 27.5
[Intended-CLEANUP], MinLatency(us), 10
[Intended-CLEANUP], MaxLatency(us), 647
[Intended-CLEANUP], 50thPercentileLatency(us), 17
[Intended-CLEANUP], 95thPercentileLatency(us), 33
[Intended-CLEANUP], 99thPercentileLatency(us), 494
[Intended-CLEANUP], 99.9PercentileLatency(us), 647
[Intended-CLEANUP], 99.99PercentileLatency(us), 647
[Intended-UPDATE], Operations, 2500252
[Intended-UPDATE], AverageLatency(us), 460.5985480663549
[Intended-UPDATE], MinLatency(us), 215
[Intended-UPDATE], MaxLatency(us), 106751
[Intended-UPDATE], 50thPercentileLatency(us), 385
[Intended-UPDATE], 95thPercentileLatency(us), 487
[Intended-UPDATE], 99thPercentileLatency(us), 1151
[Intended-UPDATE], 99.9PercentileLatency(us), 18767
[Intended-UPDATE], 99.99PercentileLatency(us), 68031
