java -cp /mnt/dev/YCSB-hreplace-dist/redis-binding/conf:/mnt/dev/YCSB-hreplace-dist/conf:/mnt/dev/YCSB-hreplace-dist/lib/htrace-core4-4.1.0-incubating.jar:/mnt/dev/YCSB-hreplace-dist/lib/slf4j-api-1.7.25.jar:/mnt/dev/YCSB-hreplace-dist/lib/jackson-mapper-asl-1.9.4.jar:/mnt/dev/YCSB-hreplace-dist/lib/HdrHistogram-2.1.12.jar:/mnt/dev/YCSB-hreplace-dist/lib/jackson-core-asl-1.9.4.jar:/mnt/dev/YCSB-hreplace-dist/lib/jedis-3.9.0.jar:/mnt/dev/YCSB-hreplace-dist/lib/core-0.18.0-SNAPSHOT.jar:/mnt/dev/YCSB-hreplace-dist/lib/commons-pool2-2.11.1.jar:/mnt/dev/YCSB-hreplace-dist/lib/redis-binding-0.18.0-SNAPSHOT.jar site.ycsb.Client -db site.ycsb.db.RedisClient -s -threads 256 -P /mnt/dev/YCSB-hreplace-dist/workloads/workloada -target 100000 -p recordcount=100000000 -p operationcount=1000000 -p fieldcount=10 -p fieldlength=128 -p fieldlengthdistribution=constant -p readallfields=true -p writeallfields=true -p insertorder=hashed -p requestdistribution=uniform -p readproportion=1 -p updateproportion=0 -p insertproportion=0 -p scanproportion=0 -p readmodifywriteproportion=0 -p measurementtype=hdrhistogram -p measurement.interval=both -p hdrhistogram.percentiles=50,95,99,99.9,99.99 -p status.interval=10 -p redis.host=172.16.0.4 -p redis.port=16379 -p redis.scanindex=none -p redis.timeout=10000 -p redis.cluster=false -p redis.updatecommand=hmset -t
Command line: -db site.ycsb.db.RedisClient -s -threads 256 -P /mnt/dev/YCSB-hreplace-dist/workloads/workloada -target 100000 -p recordcount=100000000 -p operationcount=1000000 -p fieldcount=10 -p fieldlength=128 -p fieldlengthdistribution=constant -p readallfields=true -p writeallfields=true -p insertorder=hashed -p requestdistribution=uniform -p readproportion=1 -p updateproportion=0 -p insertproportion=0 -p scanproportion=0 -p readmodifywriteproportion=0 -p measurementtype=hdrhistogram -p measurement.interval=both -p hdrhistogram.percentiles=50,95,99,99.9,99.99 -p status.interval=10 -p redis.host=172.16.0.4 -p redis.port=16379 -p redis.scanindex=none -p redis.timeout=10000 -p redis.cluster=false -p redis.updatecommand=hmset -t
YCSB Client 0.18.0-SNAPSHOT

Loading workload...
Starting test.
SLF4J: Failed to load class "org.slf4j.impl.StaticLoggerBinder".
SLF4J: Defaulting to no-operation (NOP) logger implementation
SLF4J: See http://www.slf4j.org/codes.html#StaticLoggerBinder for further details.
2026-09-13 13:37:44:649 0 sec: 0 operations; est completion in 0 second 
DBWrapper: report latency for each error is false and specific error codes to track for latency are: []
2026-09-13 13:37:54:616 10 sec: 992425 operations; 99242.5 current ops/sec; est completion in 1 second [READ: Count=992475, Max=46559, Min=209, Avg=335.07, 50=316, 90=395, 99=514, 99.9=1457, 99.99=20303] [Intended-READ: Count=992888, Max=89663, Min=234, Avg=568.5, 50=375, 90=456, 99=1023, 99.9=48927, 99.99=71359] 
2026-09-13 13:37:54:723 10 sec: 1000000 operations; 71462.26 current ops/sec; [READ: Count=7525, Max=1151, Min=229, Avg=321.94, 50=310, 90=385, 99=466, 99.9=902, 99.99=1151] [CLEANUP: Count=256, Max=687, Min=10, Avg=35.08, 50=17, 90=30, 99=565, 99.9=687, 99.99=687] [Intended-READ: Count=7112, Max=1212, Min=251, Avg=379.85, 50=370, 90=444, 99=529, 99.9=959, 99.99=1212] [Intended-CLEANUP: Count=256, Max=688, Min=10, Avg=35.31, 50=17, 90=31, 99=566, 99.9=688, 99.99=688] 
[OVERALL], RunTime(ms), 10106
[OVERALL], Throughput(ops/sec), 98951.11814763506
[TOTAL_GCS_G1_Young_Generation], Count, 20
[TOTAL_GC_TIME_G1_Young_Generation], Time(ms), 22
[TOTAL_GC_TIME_%_G1_Young_Generation], Time(%), 0.21769245992479713
[TOTAL_GCS_G1_Old_Generation], Count, 0
[TOTAL_GC_TIME_G1_Old_Generation], Time(ms), 0
[TOTAL_GC_TIME_%_G1_Old_Generation], Time(%), 0.0
[TOTAL_GCs], Count, 20
[TOTAL_GC_TIME], Time(ms), 22
[TOTAL_GC_TIME_%], Time(%), 0.21769245992479713
[READ], Operations, 1000000
[READ], AverageLatency(us), 334.968392
[READ], MinLatency(us), 209
[READ], MaxLatency(us), 46559
[READ], 50thPercentileLatency(us), 316
[READ], 95thPercentileLatency(us), 422
[READ], 99thPercentileLatency(us), 513
[READ], 99.9PercentileLatency(us), 1455
[READ], 99.99PercentileLatency(us), 20079
[READ], Return=OK, 1000000
[CLEANUP], Operations, 256
[CLEANUP], AverageLatency(us), 35.08203125
[CLEANUP], MinLatency(us), 10
[CLEANUP], MaxLatency(us), 687
[CLEANUP], 50thPercentileLatency(us), 17
[CLEANUP], 95thPercentileLatency(us), 68
[CLEANUP], 99thPercentileLatency(us), 565
[CLEANUP], 99.9PercentileLatency(us), 687
[CLEANUP], 99.99PercentileLatency(us), 687
[Intended-READ], Operations, 1000000
[Intended-READ], AverageLatency(us), 567.16292
[Intended-READ], MinLatency(us), 234
[Intended-READ], MaxLatency(us), 89663
[Intended-READ], 50thPercentileLatency(us), 375
[Intended-READ], 95thPercentileLatency(us), 486
[Intended-READ], 99thPercentileLatency(us), 1009
[Intended-READ], 99.9PercentileLatency(us), 48863
[Intended-READ], 99.99PercentileLatency(us), 71359
[Intended-CLEANUP], Operations, 256
[Intended-CLEANUP], AverageLatency(us), 35.3125
[Intended-CLEANUP], MinLatency(us), 10
[Intended-CLEANUP], MaxLatency(us), 688
[Intended-CLEANUP], 50thPercentileLatency(us), 17
[Intended-CLEANUP], 95thPercentileLatency(us), 68
[Intended-CLEANUP], 99thPercentileLatency(us), 566
[Intended-CLEANUP], 99.9PercentileLatency(us), 688
[Intended-CLEANUP], 99.99PercentileLatency(us), 688
