java -cp /mnt/dev/YCSB-hreplace-dist/redis-binding/conf:/mnt/dev/YCSB-hreplace-dist/conf:/mnt/dev/YCSB-hreplace-dist/lib/htrace-core4-4.1.0-incubating.jar:/mnt/dev/YCSB-hreplace-dist/lib/slf4j-api-1.7.25.jar:/mnt/dev/YCSB-hreplace-dist/lib/jackson-mapper-asl-1.9.4.jar:/mnt/dev/YCSB-hreplace-dist/lib/HdrHistogram-2.1.12.jar:/mnt/dev/YCSB-hreplace-dist/lib/jackson-core-asl-1.9.4.jar:/mnt/dev/YCSB-hreplace-dist/lib/jedis-3.9.0.jar:/mnt/dev/YCSB-hreplace-dist/lib/core-0.18.0-SNAPSHOT.jar:/mnt/dev/YCSB-hreplace-dist/lib/commons-pool2-2.11.1.jar:/mnt/dev/YCSB-hreplace-dist/lib/redis-binding-0.18.0-SNAPSHOT.jar site.ycsb.Client -db site.ycsb.db.RedisClient -s -threads 256 -P /mnt/dev/YCSB-hreplace-dist/workloads/workloada -p recordcount=100000000 -p operationcount=5000000 -p fieldcount=10 -p fieldlength=128 -p fieldlengthdistribution=constant -p readallfields=true -p writeallfields=true -p insertorder=hashed -p requestdistribution=uniform -p readproportion=1 -p updateproportion=0 -p insertproportion=0 -p scanproportion=0 -p readmodifywriteproportion=0 -p measurementtype=hdrhistogram -p measurement.interval=both -p hdrhistogram.percentiles=50,95,99,99.9,99.99 -p status.interval=10 -p redis.host=172.16.0.4 -p redis.port=16379 -p redis.scanindex=none -p redis.timeout=10000 -p redis.cluster=false -p redis.updatecommand=hmset -t
Command line: -db site.ycsb.db.RedisClient -s -threads 256 -P /mnt/dev/YCSB-hreplace-dist/workloads/workloada -p recordcount=100000000 -p operationcount=5000000 -p fieldcount=10 -p fieldlength=128 -p fieldlengthdistribution=constant -p readallfields=true -p writeallfields=true -p insertorder=hashed -p requestdistribution=uniform -p readproportion=1 -p updateproportion=0 -p insertproportion=0 -p scanproportion=0 -p readmodifywriteproportion=0 -p measurementtype=hdrhistogram -p measurement.interval=both -p hdrhistogram.percentiles=50,95,99,99.9,99.99 -p status.interval=10 -p redis.host=172.16.0.4 -p redis.port=16379 -p redis.scanindex=none -p redis.timeout=10000 -p redis.cluster=false -p redis.updatecommand=hmset -t
YCSB Client 0.18.0-SNAPSHOT

Loading workload...
Starting test.
SLF4J: Failed to load class "org.slf4j.impl.StaticLoggerBinder".
SLF4J: Defaulting to no-operation (NOP) logger implementation
SLF4J: See http://www.slf4j.org/codes.html#StaticLoggerBinder for further details.
2026-09-13 14:02:21:694 0 sec: 0 operations; est completion in 0 second 
DBWrapper: report latency for each error is false and specific error codes to track for latency are: []
2026-09-13 14:02:31:616 10 sec: 4748610 operations; 474861 current ops/sec; est completion in 1 second [READ: Count=4749023, Max=49311, Min=227, Avg=527.39, 50=503, 90=644, 99=1102, 99.9=3347, 99.99=9991] [CLEANUP: Count=32, Max=776, Min=35, Avg=97.06, 50=66, 90=99, 99=776, 99.9=776, 99.99=776] [Intended-READ: Count=4753902, Max=49311, Min=227, Avg=527.38, 50=503, 90=644, 99=1102, 99.9=3345, 99.99=9983] [Intended-CLEANUP: Count=33, Max=777, Min=35, Avg=96.15, 50=66, 90=100, 99=777, 99.9=777, 99.99=777] 
2026-09-13 14:02:32:724 11 sec: 5000000 operations; 226886.28 current ops/sec; [READ: Count=250977, Max=4463, Min=231, Avg=429.35, 50=417, 90=535, 99=680, 99.9=1369, 99.99=2743] [CLEANUP: Count=224, Max=149, Min=14, Avg=33.22, 50=25, 90=66, 99=136, 99.9=149, 99.99=149] [Intended-READ: Count=246098, Max=4463, Min=231, Avg=428.24, 50=416, 90=533, 99=676, 99.9=1367, 99.99=2771] [Intended-CLEANUP: Count=223, Max=160, Min=14, Avg=33.69, 50=26, 90=67, 99=139, 99.9=160, 99.99=160] 
[OVERALL], RunTime(ms), 11107
[OVERALL], Throughput(ops/sec), 450166.56162780226
[TOTAL_GCS_G1_Young_Generation], Count, 74
[TOTAL_GC_TIME_G1_Young_Generation], Time(ms), 69
[TOTAL_GC_TIME_%_G1_Young_Generation], Time(%), 0.6212298550463672
[TOTAL_GCS_G1_Old_Generation], Count, 0
[TOTAL_GC_TIME_G1_Old_Generation], Time(ms), 0
[TOTAL_GC_TIME_%_G1_Old_Generation], Time(%), 0.0
[TOTAL_GCs], Count, 74
[TOTAL_GC_TIME], Time(ms), 69
[TOTAL_GC_TIME_%], Time(%), 0.6212298550463672
[READ], Operations, 5000000
[READ], AverageLatency(us), 522.4647132
[READ], MinLatency(us), 227
[READ], MaxLatency(us), 49311
[READ], 50thPercentileLatency(us), 499
[READ], 95thPercentileLatency(us), 696
[READ], 99thPercentileLatency(us), 1073
[READ], 99.9PercentileLatency(us), 3287
[READ], 99.99PercentileLatency(us), 9735
[READ], Return=OK, 5000000
[CLEANUP], Operations, 256
[CLEANUP], AverageLatency(us), 41.19921875
[CLEANUP], MinLatency(us), 14
[CLEANUP], MaxLatency(us), 776
[CLEANUP], 50thPercentileLatency(us), 27
[CLEANUP], 95thPercentileLatency(us), 94
[CLEANUP], 99thPercentileLatency(us), 149
[CLEANUP], 99.9PercentileLatency(us), 776
[CLEANUP], 99.99PercentileLatency(us), 776
[Intended-READ], Operations, 5000000
[Intended-READ], AverageLatency(us), 522.5007226
[Intended-READ], MinLatency(us), 227
[Intended-READ], MaxLatency(us), 49311
[Intended-READ], 50thPercentileLatency(us), 499
[Intended-READ], 95thPercentileLatency(us), 696
[Intended-READ], 99thPercentileLatency(us), 1074
[Intended-READ], 99.9PercentileLatency(us), 3287
[Intended-READ], 99.99PercentileLatency(us), 9735
[Intended-CLEANUP], Operations, 256
[Intended-CLEANUP], AverageLatency(us), 41.73828125
[Intended-CLEANUP], MinLatency(us), 14
[Intended-CLEANUP], MaxLatency(us), 777
[Intended-CLEANUP], 50thPercentileLatency(us), 27
[Intended-CLEANUP], 95thPercentileLatency(us), 95
[Intended-CLEANUP], 99thPercentileLatency(us), 160
[Intended-CLEANUP], 99.9PercentileLatency(us), 777
[Intended-CLEANUP], 99.99PercentileLatency(us), 777
