ACTIVATE hash-move-r1-baseline
START hash-move-r1-baseline-hmset-c-c256-target100000-warmup
DONE hash-move-r1-baseline-hmset-c-c256-target100000-warmup qps=98873 errors=0
START hash-move-r1-baseline-hmset-c-c256-target100000-measured
DONE hash-move-r1-baseline-hmset-c-c256-target100000-measured qps=99808 errors=0
RESULT 1/12 hash-move-r1-baseline target=100000 qps=99808 p99=534us p999=989us p9999=2585us
START hash-move-r1-baseline-hmset-c-c256-warmup
DONE hash-move-r1-baseline-hmset-c-c256-warmup qps=362713 errors=0
START hash-move-r1-baseline-hmset-c-c256-measured
DONE hash-move-r1-baseline-hmset-c-c256-measured qps=450572 errors=0
RESULT 2/12 hash-move-r1-baseline target=0 qps=450572 p99=1126us p999=3189us p9999=11015us
ACTIVATE hash-move-r1-move
START hash-move-r1-move-hmset-c-c256-target100000-warmup
DONE hash-move-r1-move-hmset-c-c256-target100000-warmup qps=99010 errors=0
START hash-move-r1-move-hmset-c-c256-target100000-measured
DONE hash-move-r1-move-hmset-c-c256-target100000-measured qps=99794 errors=0
RESULT 3/12 hash-move-r1-move target=100000 qps=99794 p99=508us p999=1078us p9999=2673us
START hash-move-r1-move-hmset-c-c256-warmup
DONE hash-move-r1-move-hmset-c-c256-warmup qps=416667 errors=0
START hash-move-r1-move-hmset-c-c256-measured
DONE hash-move-r1-move-hmset-c-c256-measured qps=454752 errors=0
RESULT 4/12 hash-move-r1-move target=0 qps=454752 p99=1026us p999=3065us p9999=7351us
ACTIVATE hash-move-r2-baseline
START hash-move-r2-baseline-hmset-c-c256-target100000-warmup
DONE hash-move-r2-baseline-hmset-c-c256-target100000-warmup qps=98951 errors=0
START hash-move-r2-baseline-hmset-c-c256-target100000-measured
DONE hash-move-r2-baseline-hmset-c-c256-target100000-measured qps=99757 errors=0
RESULT 5/12 hash-move-r2-baseline target=100000 qps=99757 p99=507us p999=2543us p9999=5383us
START hash-move-r2-baseline-hmset-c-c256-warmup
DONE hash-move-r2-baseline-hmset-c-c256-warmup qps=421408 errors=0
START hash-move-r2-baseline-hmset-c-c256-measured
DONE hash-move-r2-baseline-hmset-c-c256-measured qps=452899 errors=0
RESULT 6/12 hash-move-r2-baseline target=0 qps=452899 p99=966us p999=3691us p9999=7651us
ACTIVATE hash-move-r2-move
START hash-move-r2-move-hmset-c-c256-target100000-warmup
DONE hash-move-r2-move-hmset-c-c256-target100000-warmup qps=98765 errors=0
START hash-move-r2-move-hmset-c-c256-target100000-measured
DONE hash-move-r2-move-hmset-c-c256-target100000-measured qps=99790 errors=0
RESULT 7/12 hash-move-r2-move target=100000 qps=99790 p99=486us p999=982us p9999=2599us
START hash-move-r2-move-hmset-c-c256-warmup
DONE hash-move-r2-move-hmset-c-c256-warmup qps=404367 errors=0
START hash-move-r2-move-hmset-c-c256-measured
DONE hash-move-r2-move-hmset-c-c256-measured qps=444642 errors=0
RESULT 8/12 hash-move-r2-move target=0 qps=444642 p99=1290us p999=3519us p9999=13639us
ACTIVATE hash-move-r3-baseline
START hash-move-r3-baseline-hmset-c-c256-target100000-warmup
DONE hash-move-r3-baseline-hmset-c-c256-target100000-warmup qps=98981 errors=0
START hash-move-r3-baseline-hmset-c-c256-target100000-measured
DONE hash-move-r3-baseline-hmset-c-c256-target100000-measured qps=99619 errors=0
RESULT 9/12 hash-move-r3-baseline target=100000 qps=99619 p99=519us p999=1044us p9999=2679us
START hash-move-r3-baseline-hmset-c-c256-warmup
DONE hash-move-r3-baseline-hmset-c-c256-warmup qps=391543 errors=0
START hash-move-r3-baseline-hmset-c-c256-measured
DONE hash-move-r3-baseline-hmset-c-c256-measured qps=434329 errors=0
RESULT 10/12 hash-move-r3-baseline target=0 qps=434329 p99=1336us p999=3897us p9999=15823us
ACTIVATE hash-move-r3-move
START hash-move-r3-move-hmset-c-c256-target100000-warmup
DONE hash-move-r3-move-hmset-c-c256-target100000-warmup qps=98892 errors=0
START hash-move-r3-move-hmset-c-c256-target100000-measured
DONE hash-move-r3-move-hmset-c-c256-target100000-measured qps=99806 errors=0
RESULT 11/12 hash-move-r3-move target=100000 qps=99806 p99=529us p999=1027us p9999=2427us
START hash-move-r3-move-hmset-c-c256-warmup
DONE hash-move-r3-move-hmset-c-c256-warmup qps=409668 errors=0
START hash-move-r3-move-hmset-c-c256-measured
DONE hash-move-r3-move-hmset-c-c256-measured qps=456371 errors=0
RESULT 12/12 hash-move-r3-move target=0 qps=456371 p99=1018us p999=3101us p9999=7415us
COMPLETE hash-move A/B: 12 measured cells, production path restored
