ACTIVATE hash-direct-reserve-r1-direct
START hash-direct-reserve-r1-direct-hmset-a-c256-target100000-warmup
DONE hash-direct-reserve-r1-direct-hmset-a-c256-target100000-warmup qps=98629 errors=0
START hash-direct-reserve-r1-direct-hmset-a-c256-target100000-measured
DONE hash-direct-reserve-r1-direct-hmset-a-c256-target100000-measured qps=99806 errors=0
RESULT 1/12 hash-direct-reserve-r1-direct target=100000 READ: qps=49859 p99/p999/p9999=596/3717/7295us; UPDATE: qps=49947 p99/p999/p9999=640/3771/7307us
START hash-direct-reserve-r1-direct-hmset-a-c256-warmup
DONE hash-direct-reserve-r1-direct-hmset-a-c256-warmup qps=329164 errors=0
START hash-direct-reserve-r1-direct-hmset-a-c256-measured
DONE hash-direct-reserve-r1-direct-hmset-a-c256-measured qps=370453 errors=0
RESULT 2/12 hash-direct-reserve-r1-direct target=0 READ: qps=185233 p99/p999/p9999=2923/6719/12375us; UPDATE: qps=185220 p99/p999/p9999=3089/6803/15311us
ACTIVATE hash-direct-reserve-r1-reserve
START hash-direct-reserve-r1-reserve-hmset-a-c256-target100000-warmup
DONE hash-direct-reserve-r1-reserve-hmset-a-c256-target100000-warmup qps=98990 errors=0
START hash-direct-reserve-r1-reserve-hmset-a-c256-target100000-measured
DONE hash-direct-reserve-r1-reserve-hmset-a-c256-target100000-measured qps=99830 errors=0
RESULT 3/12 hash-direct-reserve-r1-reserve target=100000 READ: qps=49938 p99/p999/p9999=767/4919/49311us; UPDATE: qps=49893 p99/p999/p9999=837/4939/49983us
START hash-direct-reserve-r1-reserve-hmset-a-c256-warmup
DONE hash-direct-reserve-r1-reserve-hmset-a-c256-warmup qps=306560 errors=0
START hash-direct-reserve-r1-reserve-hmset-a-c256-measured
DONE hash-direct-reserve-r1-reserve-hmset-a-c256-measured qps=369440 errors=0
RESULT 4/12 hash-direct-reserve-r1-reserve target=0 READ: qps=184738 p99/p999/p9999=2803/6547/11559us; UPDATE: qps=184702 p99/p999/p9999=2837/6611/11935us
ACTIVATE hash-direct-reserve-r2-direct
START hash-direct-reserve-r2-direct-hmset-a-c256-target100000-warmup
DONE hash-direct-reserve-r2-direct-hmset-a-c256-target100000-warmup qps=99079 errors=0
START hash-direct-reserve-r2-direct-hmset-a-c256-target100000-measured
DONE hash-direct-reserve-r2-direct-hmset-a-c256-target100000-measured qps=99796 errors=0
RESULT 5/12 hash-direct-reserve-r2-direct target=100000 READ: qps=49930 p99/p999/p9999=619/3639/7451us; UPDATE: qps=49867 p99/p999/p9999=705/3759/7611us
START hash-direct-reserve-r2-direct-hmset-a-c256-warmup
DONE hash-direct-reserve-r2-direct-hmset-a-c256-warmup qps=302755 errors=0
START hash-direct-reserve-r2-direct-hmset-a-c256-measured
DONE hash-direct-reserve-r2-direct-hmset-a-c256-measured qps=368406 errors=0
RESULT 6/12 hash-direct-reserve-r2-direct target=0 READ: qps=184209 p99/p999/p9999=2915/6735/15959us; UPDATE: qps=184196 p99/p999/p9999=3047/6739/11151us
ACTIVATE hash-direct-reserve-r2-reserve
START hash-direct-reserve-r2-reserve-hmset-a-c256-target100000-warmup
DONE hash-direct-reserve-r2-reserve-hmset-a-c256-target100000-warmup qps=99098 errors=0
START hash-direct-reserve-r2-reserve-hmset-a-c256-target100000-measured
DONE hash-direct-reserve-r2-reserve-hmset-a-c256-target100000-measured qps=99749 errors=0
RESULT 7/12 hash-direct-reserve-r2-reserve target=100000 READ: qps=49886 p99/p999/p9999=677/3809/7207us; UPDATE: qps=49863 p99/p999/p9999=784/4021/7483us
START hash-direct-reserve-r2-reserve-hmset-a-c256-warmup
DONE hash-direct-reserve-r2-reserve-hmset-a-c256-warmup qps=339098 errors=0
START hash-direct-reserve-r2-reserve-hmset-a-c256-measured
DONE hash-direct-reserve-r2-reserve-hmset-a-c256-measured qps=371333 errors=0
RESULT 8/12 hash-direct-reserve-r2-reserve target=0 READ: qps=185595 p99/p999/p9999=2801/6815/13527us; UPDATE: qps=185738 p99/p999/p9999=2901/6907/16943us
ACTIVATE hash-direct-reserve-r3-direct
START hash-direct-reserve-r3-direct-hmset-a-c256-target100000-warmup
DONE hash-direct-reserve-r3-direct-hmset-a-c256-target100000-warmup qps=99118 errors=0
START hash-direct-reserve-r3-direct-hmset-a-c256-target100000-measured
DONE hash-direct-reserve-r3-direct-hmset-a-c256-target100000-measured qps=99798 errors=0
RESULT 9/12 hash-direct-reserve-r3-direct target=100000 READ: qps=49882 p99/p999/p9999=702/4975/22191us; UPDATE: qps=49916 p99/p999/p9999=803/5119/22959us
START hash-direct-reserve-r3-direct-hmset-a-c256-warmup
DONE hash-direct-reserve-r3-direct-hmset-a-c256-warmup qps=326264 errors=0
START hash-direct-reserve-r3-direct-hmset-a-c256-measured
DONE hash-direct-reserve-r3-direct-hmset-a-c256-measured qps=366757 errors=0
RESULT 10/12 hash-direct-reserve-r3-direct target=0 READ: qps=183307 p99/p999/p9999=2909/6711/10191us; UPDATE: qps=183451 p99/p999/p9999=3003/6763/10479us
ACTIVATE hash-direct-reserve-r3-reserve
START hash-direct-reserve-r3-reserve-hmset-a-c256-target100000-warmup
DONE hash-direct-reserve-r3-reserve-hmset-a-c256-target100000-warmup qps=98687 errors=0
START hash-direct-reserve-r3-reserve-hmset-a-c256-target100000-measured
DONE hash-direct-reserve-r3-reserve-hmset-a-c256-target100000-measured qps=99737 errors=0
RESULT 11/12 hash-direct-reserve-r3-reserve target=100000 READ: qps=49863 p99/p999/p9999=626/3839/7163us; UPDATE: qps=49873 p99/p999/p9999=686/3873/7447us
START hash-direct-reserve-r3-reserve-hmset-a-c256-warmup
DONE hash-direct-reserve-r3-reserve-hmset-a-c256-warmup qps=336361 errors=0
START hash-direct-reserve-r3-reserve-hmset-a-c256-measured
DONE hash-direct-reserve-r3-reserve-hmset-a-c256-measured qps=366650 errors=0
RESULT 12/12 hash-direct-reserve-r3-reserve target=0 READ: qps=183394 p99/p999/p9999=2977/6803/15431us; UPDATE: qps=183255 p99/p999/p9999=3087/6883/15927us
COMPLETE hash-direct-reserve: 12 measured cells, normal server restored
