java -cp /mnt/dev/YCSB-hreplace-dist/redis-binding/conf:/mnt/dev/YCSB-hreplace-dist/conf:/mnt/dev/YCSB-hreplace-dist/lib/htrace-core4-4.1.0-incubating.jar:/mnt/dev/YCSB-hreplace-dist/lib/slf4j-api-1.7.25.jar:/mnt/dev/YCSB-hreplace-dist/lib/jackson-mapper-asl-1.9.4.jar:/mnt/dev/YCSB-hreplace-dist/lib/HdrHistogram-2.1.12.jar:/mnt/dev/YCSB-hreplace-dist/lib/jackson-core-asl-1.9.4.jar:/mnt/dev/YCSB-hreplace-dist/lib/jedis-3.9.0.jar:/mnt/dev/YCSB-hreplace-dist/lib/core-0.18.0-SNAPSHOT.jar:/mnt/dev/YCSB-hreplace-dist/lib/commons-pool2-2.11.1.jar:/mnt/dev/YCSB-hreplace-dist/lib/redis-binding-0.18.0-SNAPSHOT.jar site.ycsb.Client -db site.ycsb.db.RedisClient -s -threads 128 -P /mnt/dev/YCSB-hreplace-dist/workloads/workloada -p recordcount=100000000 -p operationcount=5000000 -p fieldcount=10 -p fieldlength=128 -p fieldlengthdistribution=constant -p readallfields=true -p writeallfields=true -p insertorder=hashed -p requestdistribution=uniform -p readproportion=1 -p updateproportion=0 -p insertproportion=0 -p scanproportion=0 -p readmodifywriteproportion=0 -p measurementtype=hdrhistogram -p measurement.interval=op -p hdrhistogram.percentiles=50,95,99,99.9,99.99 -p status.interval=10 -p redis.host=172.16.0.4 -p redis.port=16379 -p redis.scanindex=none -p redis.timeout=10000 -p redis.cluster=false -p redis.updatecommand=hmset -t
Command line: -db site.ycsb.db.RedisClient -s -threads 128 -P /mnt/dev/YCSB-hreplace-dist/workloads/workloada -p recordcount=100000000 -p operationcount=5000000 -p fieldcount=10 -p fieldlength=128 -p fieldlengthdistribution=constant -p readallfields=true -p writeallfields=true -p insertorder=hashed -p requestdistribution=uniform -p readproportion=1 -p updateproportion=0 -p insertproportion=0 -p scanproportion=0 -p readmodifywriteproportion=0 -p measurementtype=hdrhistogram -p measurement.interval=op -p hdrhistogram.percentiles=50,95,99,99.9,99.99 -p status.interval=10 -p redis.host=172.16.0.4 -p redis.port=16379 -p redis.scanindex=none -p redis.timeout=10000 -p redis.cluster=false -p redis.updatecommand=hmset -t
YCSB Client 0.18.0-SNAPSHOT

Loading workload...
Starting test.
SLF4J: Failed to load class "org.slf4j.impl.StaticLoggerBinder".
SLF4J: Defaulting to no-operation (NOP) logger implementation
SLF4J: See http://www.slf4j.org/codes.html#StaticLoggerBinder for further details.
2026-09-13 12:55:40:563 0 sec: 0 operations; est completion in 0 second 
DBWrapper: report latency for each error is false and specific error codes to track for latency are: []
2026-09-13 12:55:50:535 10 sec: 3157976 operations; 315797.6 current ops/sec; est completion in 6 second [READ: Count=3158296, Max=19407, Min=215, Avg=401.54, 50=391, 90=475, 99=634, 99.9=1610, 99.99=6639] 
2026-09-13 12:55:57:486 16 sec: 5000000 operations; 264963.18 current ops/sec; [READ: Count=1841704, Max=24383, Min=219, Avg=398.68, 50=386, 90=469, 99=596, 99.9=2285, 99.99=9391] [CLEANUP: Count=128, Max=1623, Min=16, Avg=55.98, 50=35, 90=92, 99=105, 99.9=1623, 99.99=1623] 
[OVERALL], RunTime(ms), 16952
[OVERALL], Throughput(ops/sec), 294950.44832468143
[TOTAL_GCS_G1_Young_Generation], Count, 90
[TOTAL_GC_TIME_G1_Young_Generation], Time(ms), 63
[TOTAL_GC_TIME_%_G1_Young_Generation], Time(%), 0.3716375648890986
[TOTAL_GCS_G1_Old_Generation], Count, 0
[TOTAL_GC_TIME_G1_Old_Generation], Time(ms), 0
[TOTAL_GC_TIME_%_G1_Old_Generation], Time(%), 0.0
[TOTAL_GCs], Count, 90
[TOTAL_GC_TIME], Time(ms), 63
[TOTAL_GC_TIME_%], Time(%), 0.3716375648890986
[READ], Operations, 5000000
[READ], AverageLatency(us), 400.4827582
[READ], MinLatency(us), 215
[READ], MaxLatency(us), 24383
[READ], 50thPercentileLatency(us), 389
[READ], 95thPercentileLatency(us), 502
[READ], 99thPercentileLatency(us), 619
[READ], 99.9PercentileLatency(us), 1800
[READ], 99.99PercentileLatency(us), 7251
[READ], Return=OK, 5000000
[CLEANUP], Operations, 128
[CLEANUP], AverageLatency(us), 55.9765625
[CLEANUP], MinLatency(us), 16
[CLEANUP], MaxLatency(us), 1623
[CLEANUP], 50thPercentileLatency(us), 35
[CLEANUP], 95thPercentileLatency(us), 98
[CLEANUP], 99thPercentileLatency(us), 105
[CLEANUP], 99.9PercentileLatency(us), 1623
[CLEANUP], 99.99PercentileLatency(us), 1623
