java -cp /mnt/dev/YCSB-hreplace-dist/redis-binding/conf:/mnt/dev/YCSB-hreplace-dist/conf:/mnt/dev/YCSB-hreplace-dist/lib/htrace-core4-4.1.0-incubating.jar:/mnt/dev/YCSB-hreplace-dist/lib/slf4j-api-1.7.25.jar:/mnt/dev/YCSB-hreplace-dist/lib/jackson-mapper-asl-1.9.4.jar:/mnt/dev/YCSB-hreplace-dist/lib/HdrHistogram-2.1.12.jar:/mnt/dev/YCSB-hreplace-dist/lib/jackson-core-asl-1.9.4.jar:/mnt/dev/YCSB-hreplace-dist/lib/jedis-3.9.0.jar:/mnt/dev/YCSB-hreplace-dist/lib/core-0.18.0-SNAPSHOT.jar:/mnt/dev/YCSB-hreplace-dist/lib/commons-pool2-2.11.1.jar:/mnt/dev/YCSB-hreplace-dist/lib/redis-binding-0.18.0-SNAPSHOT.jar site.ycsb.Client -db site.ycsb.db.RedisClient -s -threads 512 -P /mnt/dev/YCSB-hreplace-dist/workloads/workloada -p recordcount=100000000 -p operationcount=1000000 -p fieldcount=10 -p fieldlength=128 -p fieldlengthdistribution=constant -p readallfields=true -p writeallfields=true -p insertorder=hashed -p requestdistribution=uniform -p readproportion=0.95 -p updateproportion=0.05 -p insertproportion=0 -p scanproportion=0 -p readmodifywriteproportion=0 -p measurementtype=hdrhistogram -p measurement.interval=op -p hdrhistogram.percentiles=50,95,99,99.9,99.99 -p status.interval=10 -p redis.host=172.16.0.4 -p redis.port=16379 -p redis.scanindex=none -p redis.timeout=10000 -p redis.cluster=false -p redis.updatecommand=hmset -t
Command line: -db site.ycsb.db.RedisClient -s -threads 512 -P /mnt/dev/YCSB-hreplace-dist/workloads/workloada -p recordcount=100000000 -p operationcount=1000000 -p fieldcount=10 -p fieldlength=128 -p fieldlengthdistribution=constant -p readallfields=true -p writeallfields=true -p insertorder=hashed -p requestdistribution=uniform -p readproportion=0.95 -p updateproportion=0.05 -p insertproportion=0 -p scanproportion=0 -p readmodifywriteproportion=0 -p measurementtype=hdrhistogram -p measurement.interval=op -p hdrhistogram.percentiles=50,95,99,99.9,99.99 -p status.interval=10 -p redis.host=172.16.0.4 -p redis.port=16379 -p redis.scanindex=none -p redis.timeout=10000 -p redis.cluster=false -p redis.updatecommand=hmset -t
YCSB Client 0.18.0-SNAPSHOT

Loading workload...
Starting test.
SLF4J: Failed to load class "org.slf4j.impl.StaticLoggerBinder".
SLF4J: Defaulting to no-operation (NOP) logger implementation
SLF4J: See http://www.slf4j.org/codes.html#StaticLoggerBinder for further details.
2026-09-13 12:54:43:874 0 sec: 0 operations; est completion in 0 second 
DBWrapper: report latency for each error is false and specific error codes to track for latency are: []
2026-09-13 12:54:47:693 3 sec: 1000000 operations; 257267.82 current ops/sec; [READ: Count=949846, Max=364031, Min=216, Avg=1645.03, 50=996, 90=3079, 99=6459, 99.9=92415, 99.99=272639] [CLEANUP: Count=512, Max=1425, Min=9, Avg=33.96, 50=23, 90=49, 99=142, 99.9=1425, 99.99=1425] [UPDATE: Count=50154, Max=329983, Min=245, Avg=1771.12, 50=1017, 90=3077, 99=6687, 99.9=136575, 99.99=316415] 
[OVERALL], RunTime(ms), 3885
[OVERALL], Throughput(ops/sec), 257400.2574002574
[TOTAL_GCS_G1_Young_Generation], Count, 19
[TOTAL_GC_TIME_G1_Young_Generation], Time(ms), 43
[TOTAL_GC_TIME_%_G1_Young_Generation], Time(%), 1.106821106821107
[TOTAL_GCS_G1_Old_Generation], Count, 0
[TOTAL_GC_TIME_G1_Old_Generation], Time(ms), 0
[TOTAL_GC_TIME_%_G1_Old_Generation], Time(%), 0.0
[TOTAL_GCs], Count, 19
[TOTAL_GC_TIME], Time(ms), 43
[TOTAL_GC_TIME_%], Time(%), 1.106821106821107
[READ], Operations, 949846
[READ], AverageLatency(us), 1645.0334180488205
[READ], MinLatency(us), 216
[READ], MaxLatency(us), 364031
[READ], 50thPercentileLatency(us), 996
[READ], 95thPercentileLatency(us), 4259
[READ], 99thPercentileLatency(us), 6459
[READ], 99.9PercentileLatency(us), 92415
[READ], 99.99PercentileLatency(us), 272639
[READ], Return=OK, 949846
[CLEANUP], Operations, 512
[CLEANUP], AverageLatency(us), 33.958984375
[CLEANUP], MinLatency(us), 9
[CLEANUP], MaxLatency(us), 1425
[CLEANUP], 50thPercentileLatency(us), 23
[CLEANUP], 95thPercentileLatency(us), 78
[CLEANUP], 99thPercentileLatency(us), 142
[CLEANUP], 99.9PercentileLatency(us), 1425
[CLEANUP], 99.99PercentileLatency(us), 1425
[UPDATE], Operations, 50154
[UPDATE], AverageLatency(us), 1771.118853929896
[UPDATE], MinLatency(us), 245
[UPDATE], MaxLatency(us), 329983
[UPDATE], 50thPercentileLatency(us), 1017
[UPDATE], 95thPercentileLatency(us), 4447
[UPDATE], 99thPercentileLatency(us), 6687
[UPDATE], 99.9PercentileLatency(us), 136575
[UPDATE], 99.99PercentileLatency(us), 316415
[UPDATE], Return=OK, 50154
