java -cp /mnt/dev/YCSB-hreplace-dist/redis-binding/conf:/mnt/dev/YCSB-hreplace-dist/conf:/mnt/dev/YCSB-hreplace-dist/lib/htrace-core4-4.1.0-incubating.jar:/mnt/dev/YCSB-hreplace-dist/lib/slf4j-api-1.7.25.jar:/mnt/dev/YCSB-hreplace-dist/lib/jackson-mapper-asl-1.9.4.jar:/mnt/dev/YCSB-hreplace-dist/lib/HdrHistogram-2.1.12.jar:/mnt/dev/YCSB-hreplace-dist/lib/jackson-core-asl-1.9.4.jar:/mnt/dev/YCSB-hreplace-dist/lib/jedis-3.9.0.jar:/mnt/dev/YCSB-hreplace-dist/lib/core-0.18.0-SNAPSHOT.jar:/mnt/dev/YCSB-hreplace-dist/lib/commons-pool2-2.11.1.jar:/mnt/dev/YCSB-hreplace-dist/lib/redis-binding-0.18.0-SNAPSHOT.jar site.ycsb.Client -db site.ycsb.db.RedisClient -s -threads 256 -P /mnt/dev/YCSB-hreplace-dist/workloads/workloada -p recordcount=210000000 -p operationcount=5000000 -p fieldcount=10 -p fieldlength=128 -p fieldlengthdistribution=constant -p readallfields=true -p writeallfields=true -p insertorder=hashed -p requestdistribution=uniform -p readproportion=0.95 -p updateproportion=0 -p insertproportion=0.05 -p scanproportion=0 -p readmodifywriteproportion=0 -p measurementtype=hdrhistogram -p measurement.interval=op -p hdrhistogram.percentiles=50,95,99,99.9,99.99 -p status.interval=10 -p insertstart=0 -p insertcount=100000000 -p redis.host=172.16.0.4 -p redis.port=16379 -p redis.scanindex=none -p redis.timeout=10000 -p redis.cluster=false -p redis.updatecommand=hmset -t
Command line: -db site.ycsb.db.RedisClient -s -threads 256 -P /mnt/dev/YCSB-hreplace-dist/workloads/workloada -p recordcount=210000000 -p operationcount=5000000 -p fieldcount=10 -p fieldlength=128 -p fieldlengthdistribution=constant -p readallfields=true -p writeallfields=true -p insertorder=hashed -p requestdistribution=uniform -p readproportion=0.95 -p updateproportion=0 -p insertproportion=0.05 -p scanproportion=0 -p readmodifywriteproportion=0 -p measurementtype=hdrhistogram -p measurement.interval=op -p hdrhistogram.percentiles=50,95,99,99.9,99.99 -p status.interval=10 -p insertstart=0 -p insertcount=100000000 -p redis.host=172.16.0.4 -p redis.port=16379 -p redis.scanindex=none -p redis.timeout=10000 -p redis.cluster=false -p redis.updatecommand=hmset -t
YCSB Client 0.18.0-SNAPSHOT

Loading workload...
Starting test.
SLF4J: Failed to load class "org.slf4j.impl.StaticLoggerBinder".
SLF4J: Defaulting to no-operation (NOP) logger implementation
SLF4J: See http://www.slf4j.org/codes.html#StaticLoggerBinder for further details.
2026-09-13 12:57:17:742 0 sec: 0 operations; est completion in 0 second 
DBWrapper: report latency for each error is false and specific error codes to track for latency are: []
2026-09-13 12:57:27:647 10 sec: 4504514 operations; 450451.4 current ops/sec; est completion in 2 second [READ: Count=4279665, Max=188287, Min=212, Avg=562.57, 50=526, 90=710, 99=1183, 99.9=3523, 99.99=14111] [CLEANUP: Count=2, Max=765, Min=134, Avg=449.5, 50=134, 90=765, 99=765, 99.9=765, 99.99=765] [INSERT: Count=225809, Max=167423, Min=167, Avg=432.03, 50=401, 90=545, 99=982, 99.9=2791, 99.99=11967] 
2026-09-13 12:57:29:358 11 sec: 5000000 operations; 289419.39 current ops/sec; [READ: Count=470385, Max=4887, Min=236, Avg=483.32, 50=461, 90=633, 99=921, 99.9=1966, 99.99=3635] [CLEANUP: Count=254, Max=303, Min=15, Avg=44.22, 50=29, 90=94, 99=163, 99.9=303, 99.99=303] [INSERT: Count=24141, Max=3577, Min=183, Avg=373.99, 50=358, 90=490, 99=685, 99.9=1560, 99.99=3033] 
[OVERALL], RunTime(ms), 11711
[OVERALL], Throughput(ops/sec), 426949.02228673897
[TOTAL_GCS_G1_Young_Generation], Count, 67
[TOTAL_GC_TIME_G1_Young_Generation], Time(ms), 80
[TOTAL_GC_TIME_%_G1_Young_Generation], Time(%), 0.6831184356587823
[TOTAL_GCS_G1_Old_Generation], Count, 0
[TOTAL_GC_TIME_G1_Old_Generation], Time(ms), 0
[TOTAL_GC_TIME_%_G1_Old_Generation], Time(%), 0.0
[TOTAL_GCs], Count, 67
[TOTAL_GC_TIME], Time(ms), 80
[TOTAL_GC_TIME_%], Time(%), 0.6831184356587823
[READ], Operations, 4750050
[READ], AverageLatency(us), 554.7241384827528
[READ], MinLatency(us), 212
[READ], MaxLatency(us), 188287
[READ], 50thPercentileLatency(us), 520
[READ], 95thPercentileLatency(us), 783
[READ], 99thPercentileLatency(us), 1155
[READ], 99.9PercentileLatency(us), 3433
[READ], 99.99PercentileLatency(us), 12879
[READ], Return=OK, 4750050
[CLEANUP], Operations, 256
[CLEANUP], AverageLatency(us), 47.38671875
[CLEANUP], MinLatency(us), 15
[CLEANUP], MaxLatency(us), 765
[CLEANUP], 50thPercentileLatency(us), 29
[CLEANUP], 95thPercentileLatency(us), 112
[CLEANUP], 99thPercentileLatency(us), 174
[CLEANUP], 99.9PercentileLatency(us), 765
[CLEANUP], 99.99PercentileLatency(us), 765
[INSERT], Operations, 249950
[INSERT], AverageLatency(us), 426.42258851770356
[INSERT], MinLatency(us), 167
[INSERT], MaxLatency(us), 167423
[INSERT], 50thPercentileLatency(us), 397
[INSERT], 95thPercentileLatency(us), 601
[INSERT], 99thPercentileLatency(us), 939
[INSERT], 99.9PercentileLatency(us), 2673
[INSERT], 99.99PercentileLatency(us), 11559
[INSERT], Return=OK, 249950
