java -cp /mnt/dev/YCSB-hreplace-dist/redis-binding/conf:/mnt/dev/YCSB-hreplace-dist/conf:/mnt/dev/YCSB-hreplace-dist/lib/htrace-core4-4.1.0-incubating.jar:/mnt/dev/YCSB-hreplace-dist/lib/slf4j-api-1.7.25.jar:/mnt/dev/YCSB-hreplace-dist/lib/jackson-mapper-asl-1.9.4.jar:/mnt/dev/YCSB-hreplace-dist/lib/HdrHistogram-2.1.12.jar:/mnt/dev/YCSB-hreplace-dist/lib/jackson-core-asl-1.9.4.jar:/mnt/dev/YCSB-hreplace-dist/lib/jedis-3.9.0.jar:/mnt/dev/YCSB-hreplace-dist/lib/core-0.18.0-SNAPSHOT.jar:/mnt/dev/YCSB-hreplace-dist/lib/commons-pool2-2.11.1.jar:/mnt/dev/YCSB-hreplace-dist/lib/redis-binding-0.18.0-SNAPSHOT.jar site.ycsb.Client -db site.ycsb.db.RedisClient -s -threads 64 -P /mnt/dev/YCSB-hreplace-dist/workloads/workloada -p recordcount=100000000 -p operationcount=1000000 -p fieldcount=10 -p fieldlength=128 -p fieldlengthdistribution=constant -p readallfields=true -p writeallfields=true -p insertorder=hashed -p requestdistribution=uniform -p readproportion=0.5 -p updateproportion=0.5 -p insertproportion=0 -p scanproportion=0 -p readmodifywriteproportion=0 -p measurementtype=hdrhistogram -p measurement.interval=op -p hdrhistogram.percentiles=50,95,99,99.9,99.99 -p status.interval=10 -p redis.host=172.16.0.4 -p redis.port=16379 -p redis.scanindex=none -p redis.timeout=10000 -p redis.cluster=false -p redis.updatecommand=hmset -t
Command line: -db site.ycsb.db.RedisClient -s -threads 64 -P /mnt/dev/YCSB-hreplace-dist/workloads/workloada -p recordcount=100000000 -p operationcount=1000000 -p fieldcount=10 -p fieldlength=128 -p fieldlengthdistribution=constant -p readallfields=true -p writeallfields=true -p insertorder=hashed -p requestdistribution=uniform -p readproportion=0.5 -p updateproportion=0.5 -p insertproportion=0 -p scanproportion=0 -p readmodifywriteproportion=0 -p measurementtype=hdrhistogram -p measurement.interval=op -p hdrhistogram.percentiles=50,95,99,99.9,99.99 -p status.interval=10 -p redis.host=172.16.0.4 -p redis.port=16379 -p redis.scanindex=none -p redis.timeout=10000 -p redis.cluster=false -p redis.updatecommand=hmset -t
YCSB Client 0.18.0-SNAPSHOT

Loading workload...
Starting test.
SLF4J: Failed to load class "org.slf4j.impl.StaticLoggerBinder".
SLF4J: Defaulting to no-operation (NOP) logger implementation
SLF4J: See http://www.slf4j.org/codes.html#StaticLoggerBinder for further details.
2026-09-13 12:51:55:499 0 sec: 0 operations; est completion in 0 second 
DBWrapper: report latency for each error is false and specific error codes to track for latency are: []
2026-09-13 12:52:01:680 6 sec: 1000000 operations; 161186.33 current ops/sec; [READ: Count=500050, Max=13735, Min=164, Avg=355.3, 50=337, 90=408, 99=570, 99.9=3125, 99.99=8591] [CLEANUP: Count=64, Max=661, Min=16, Avg=45.47, 50=24, 90=86, 99=661, 99.9=661, 99.99=661] [UPDATE: Count=499950, Max=12863, Min=188, Avg=370.59, 50=352, 90=425, 99=653, 99.9=3247, 99.99=7055] 
[OVERALL], RunTime(ms), 6204
[OVERALL], Throughput(ops/sec), 161186.33139909737
[TOTAL_GCS_G1_Young_Generation], Count, 30
[TOTAL_GC_TIME_G1_Young_Generation], Time(ms), 24
[TOTAL_GC_TIME_%_G1_Young_Generation], Time(%), 0.3868471953578337
[TOTAL_GCS_G1_Old_Generation], Count, 0
[TOTAL_GC_TIME_G1_Old_Generation], Time(ms), 0
[TOTAL_GC_TIME_%_G1_Old_Generation], Time(%), 0.0
[TOTAL_GCs], Count, 30
[TOTAL_GC_TIME], Time(ms), 24
[TOTAL_GC_TIME_%], Time(%), 0.3868471953578337
[READ], Operations, 500050
[READ], AverageLatency(us), 355.3003339666033
[READ], MinLatency(us), 164
[READ], MaxLatency(us), 13735
[READ], 50thPercentileLatency(us), 337
[READ], 95thPercentileLatency(us), 435
[READ], 99thPercentileLatency(us), 570
[READ], 99.9PercentileLatency(us), 3125
[READ], 99.99PercentileLatency(us), 8591
[READ], Return=OK, 500050
[CLEANUP], Operations, 64
[CLEANUP], AverageLatency(us), 45.46875
[CLEANUP], MinLatency(us), 16
[CLEANUP], MaxLatency(us), 661
[CLEANUP], 50thPercentileLatency(us), 24
[CLEANUP], 95thPercentileLatency(us), 100
[CLEANUP], 99thPercentileLatency(us), 661
[CLEANUP], 99.9PercentileLatency(us), 661
[CLEANUP], 99.99PercentileLatency(us), 661
[UPDATE], Operations, 499950
[UPDATE], AverageLatency(us), 370.59148714871486
[UPDATE], MinLatency(us), 188
[UPDATE], MaxLatency(us), 12863
[UPDATE], 50thPercentileLatency(us), 352
[UPDATE], 95thPercentileLatency(us), 453
[UPDATE], 99thPercentileLatency(us), 653
[UPDATE], 99.9PercentileLatency(us), 3247
[UPDATE], 99.99PercentileLatency(us), 7055
[UPDATE], Return=OK, 499950
