java -cp /mnt/dev/YCSB-hreplace-dist/redis-binding/conf:/mnt/dev/YCSB-hreplace-dist/conf:/mnt/dev/YCSB-hreplace-dist/lib/htrace-core4-4.1.0-incubating.jar:/mnt/dev/YCSB-hreplace-dist/lib/slf4j-api-1.7.25.jar:/mnt/dev/YCSB-hreplace-dist/lib/jackson-mapper-asl-1.9.4.jar:/mnt/dev/YCSB-hreplace-dist/lib/HdrHistogram-2.1.12.jar:/mnt/dev/YCSB-hreplace-dist/lib/jackson-core-asl-1.9.4.jar:/mnt/dev/YCSB-hreplace-dist/lib/jedis-3.9.0.jar:/mnt/dev/YCSB-hreplace-dist/lib/core-0.18.0-SNAPSHOT.jar:/mnt/dev/YCSB-hreplace-dist/lib/commons-pool2-2.11.1.jar:/mnt/dev/YCSB-hreplace-dist/lib/redis-binding-0.18.0-SNAPSHOT.jar site.ycsb.Client -db site.ycsb.db.RedisClient -s -threads 256 -P /mnt/dev/YCSB-hreplace-dist/workloads/workloada -p recordcount=200000000 -p operationcount=1000000 -p fieldcount=10 -p fieldlength=128 -p fieldlengthdistribution=constant -p readallfields=true -p writeallfields=true -p insertorder=hashed -p requestdistribution=uniform -p readproportion=0.95 -p updateproportion=0 -p insertproportion=0.05 -p scanproportion=0 -p readmodifywriteproportion=0 -p measurementtype=hdrhistogram -p measurement.interval=op -p hdrhistogram.percentiles=50,95,99,99.9,99.99 -p status.interval=10 -p insertstart=0 -p insertcount=100000000 -p redis.host=172.16.0.4 -p redis.port=16379 -p redis.scanindex=none -p redis.timeout=10000 -p redis.cluster=false -p redis.updatecommand=hmset -t
Command line: -db site.ycsb.db.RedisClient -s -threads 256 -P /mnt/dev/YCSB-hreplace-dist/workloads/workloada -p recordcount=200000000 -p operationcount=1000000 -p fieldcount=10 -p fieldlength=128 -p fieldlengthdistribution=constant -p readallfields=true -p writeallfields=true -p insertorder=hashed -p requestdistribution=uniform -p readproportion=0.95 -p updateproportion=0 -p insertproportion=0.05 -p scanproportion=0 -p readmodifywriteproportion=0 -p measurementtype=hdrhistogram -p measurement.interval=op -p hdrhistogram.percentiles=50,95,99,99.9,99.99 -p status.interval=10 -p insertstart=0 -p insertcount=100000000 -p redis.host=172.16.0.4 -p redis.port=16379 -p redis.scanindex=none -p redis.timeout=10000 -p redis.cluster=false -p redis.updatecommand=hmset -t
YCSB Client 0.18.0-SNAPSHOT

Loading workload...
Starting test.
SLF4J: Failed to load class "org.slf4j.impl.StaticLoggerBinder".
SLF4J: Defaulting to no-operation (NOP) logger implementation
SLF4J: See http://www.slf4j.org/codes.html#StaticLoggerBinder for further details.
2026-09-13 12:57:14:305 0 sec: 0 operations; est completion in 0 second 
DBWrapper: report latency for each error is false and specific error codes to track for latency are: []
2026-09-13 12:57:17:284 3 sec: 1000000 operations; 330906.68 current ops/sec; [READ: Count=950064, Max=48703, Min=226, Avg=693.53, 50=565, 90=1051, 99=2227, 99.9=8959, 99.99=37535] [CLEANUP: Count=256, Max=1057, Min=12, Avg=32.95, 50=23, 90=50, 99=103, 99.9=1057, 99.99=1057] [INSERT: Count=49936, Max=47231, Min=177, Avg=589.86, 50=436, 90=1042, 99=2183, 99.9=8279, 99.99=35263] 
[OVERALL], RunTime(ms), 3021
[OVERALL], Throughput(ops/sec), 331016.21979476995
[TOTAL_GCS_G1_Young_Generation], Count, 19
[TOTAL_GC_TIME_G1_Young_Generation], Time(ms), 33
[TOTAL_GC_TIME_%_G1_Young_Generation], Time(%), 1.0923535253227408
[TOTAL_GCS_G1_Old_Generation], Count, 0
[TOTAL_GC_TIME_G1_Old_Generation], Time(ms), 0
[TOTAL_GC_TIME_%_G1_Old_Generation], Time(%), 0.0
[TOTAL_GCs], Count, 19
[TOTAL_GC_TIME], Time(ms), 33
[TOTAL_GC_TIME_%], Time(%), 1.0923535253227408
[READ], Operations, 950064
[READ], AverageLatency(us), 693.5287854291921
[READ], MinLatency(us), 226
[READ], MaxLatency(us), 48703
[READ], 50thPercentileLatency(us), 565
[READ], 95thPercentileLatency(us), 1267
[READ], 99thPercentileLatency(us), 2227
[READ], 99.9PercentileLatency(us), 8959
[READ], 99.99PercentileLatency(us), 37535
[READ], Return=OK, 950064
[CLEANUP], Operations, 256
[CLEANUP], AverageLatency(us), 32.953125
[CLEANUP], MinLatency(us), 12
[CLEANUP], MaxLatency(us), 1057
[CLEANUP], 50thPercentileLatency(us), 23
[CLEANUP], 95thPercentileLatency(us), 70
[CLEANUP], 99thPercentileLatency(us), 103
[CLEANUP], 99.9PercentileLatency(us), 1057
[CLEANUP], 99.99PercentileLatency(us), 1057
[INSERT], Operations, 49936
[INSERT], AverageLatency(us), 589.860341236783
[INSERT], MinLatency(us), 177
[INSERT], MaxLatency(us), 47231
[INSERT], 50thPercentileLatency(us), 436
[INSERT], 95thPercentileLatency(us), 1279
[INSERT], 99thPercentileLatency(us), 2183
[INSERT], 99.9PercentileLatency(us), 8279
[INSERT], 99.99PercentileLatency(us), 35263
[INSERT], Return=OK, 49936
