java -cp /mnt/dev/YCSB-hreplace-dist/redis-binding/conf:/mnt/dev/YCSB-hreplace-dist/conf:/mnt/dev/YCSB-hreplace-dist/lib/htrace-core4-4.1.0-incubating.jar:/mnt/dev/YCSB-hreplace-dist/lib/slf4j-api-1.7.25.jar:/mnt/dev/YCSB-hreplace-dist/lib/jackson-mapper-asl-1.9.4.jar:/mnt/dev/YCSB-hreplace-dist/lib/HdrHistogram-2.1.12.jar:/mnt/dev/YCSB-hreplace-dist/lib/jackson-core-asl-1.9.4.jar:/mnt/dev/YCSB-hreplace-dist/lib/jedis-3.9.0.jar:/mnt/dev/YCSB-hreplace-dist/lib/core-0.18.0-SNAPSHOT.jar:/mnt/dev/YCSB-hreplace-dist/lib/commons-pool2-2.11.1.jar:/mnt/dev/YCSB-hreplace-dist/lib/redis-binding-0.18.0-SNAPSHOT.jar site.ycsb.Client -db site.ycsb.db.RedisClient -s -threads 256 -P /mnt/dev/YCSB-hreplace-dist/workloads/workloada -p recordcount=100000000 -p operationcount=5000000 -p fieldcount=10 -p fieldlength=128 -p fieldlengthdistribution=constant -p readallfields=true -p writeallfields=true -p insertorder=hashed -p requestdistribution=uniform -p readproportion=1 -p updateproportion=0 -p insertproportion=0 -p scanproportion=0 -p readmodifywriteproportion=0 -p measurementtype=hdrhistogram -p measurement.interval=op -p hdrhistogram.percentiles=50,95,99,99.9,99.99 -p status.interval=10 -p redis.host=172.16.0.4 -p redis.port=16379 -p redis.scanindex=none -p redis.timeout=10000 -p redis.cluster=false -p redis.updatecommand=hmset -t
Command line: -db site.ycsb.db.RedisClient -s -threads 256 -P /mnt/dev/YCSB-hreplace-dist/workloads/workloada -p recordcount=100000000 -p operationcount=5000000 -p fieldcount=10 -p fieldlength=128 -p fieldlengthdistribution=constant -p readallfields=true -p writeallfields=true -p insertorder=hashed -p requestdistribution=uniform -p readproportion=1 -p updateproportion=0 -p insertproportion=0 -p scanproportion=0 -p readmodifywriteproportion=0 -p measurementtype=hdrhistogram -p measurement.interval=op -p hdrhistogram.percentiles=50,95,99,99.9,99.99 -p status.interval=10 -p redis.host=172.16.0.4 -p redis.port=16379 -p redis.scanindex=none -p redis.timeout=10000 -p redis.cluster=false -p redis.updatecommand=hmset -t
YCSB Client 0.18.0-SNAPSHOT

Loading workload...
Starting test.
SLF4J: Failed to load class "org.slf4j.impl.StaticLoggerBinder".
SLF4J: Defaulting to no-operation (NOP) logger implementation
SLF4J: See http://www.slf4j.org/codes.html#StaticLoggerBinder for further details.
2026-09-13 12:56:00:960 0 sec: 0 operations; est completion in 0 second 
DBWrapper: report latency for each error is false and specific error codes to track for latency are: []
2026-09-13 12:56:10:903 10 sec: 4436228 operations; 443622.8 current ops/sec; est completion in 2 second [READ: Count=4436711, Max=112575, Min=229, Avg=566.21, 50=516, 90=695, 99=1493, 99.9=4131, 99.99=28479] 
2026-09-13 12:56:12:687 11 sec: 5000000 operations; 316015.7 current ops/sec; [READ: Count=563289, Max=6867, Min=237, Avg=481.39, 50=464, 90=613, 99=816, 99.9=2177, 99.99=4279] [CLEANUP: Count=256, Max=653, Min=12, Avg=40.79, 50=26, 90=82, 99=160, 99.9=653, 99.99=653] 
[OVERALL], RunTime(ms), 11784
[OVERALL], Throughput(ops/sec), 424304.1412084182
[TOTAL_GCS_G1_Young_Generation], Count, 64
[TOTAL_GC_TIME_G1_Young_Generation], Time(ms), 69
[TOTAL_GC_TIME_%_G1_Young_Generation], Time(%), 0.5855397148676171
[TOTAL_GCS_G1_Old_Generation], Count, 0
[TOTAL_GC_TIME_G1_Old_Generation], Time(ms), 0
[TOTAL_GC_TIME_%_G1_Old_Generation], Time(%), 0.0
[TOTAL_GCs], Count, 64
[TOTAL_GC_TIME], Time(ms), 69
[TOTAL_GC_TIME_%], Time(%), 0.5855397148676171
[READ], Operations, 5000000
[READ], AverageLatency(us), 556.6534796
[READ], MinLatency(us), 229
[READ], MaxLatency(us), 112575
[READ], 50thPercentileLatency(us), 511
[READ], 95thPercentileLatency(us), 805
[READ], 99thPercentileLatency(us), 1455
[READ], 99.9PercentileLatency(us), 4001
[READ], 99.99PercentileLatency(us), 23615
[READ], Return=OK, 5000000
[CLEANUP], Operations, 256
[CLEANUP], AverageLatency(us), 40.7890625
[CLEANUP], MinLatency(us), 12
[CLEANUP], MaxLatency(us), 653
[CLEANUP], 50thPercentileLatency(us), 26
[CLEANUP], 95thPercentileLatency(us), 113
[CLEANUP], 99thPercentileLatency(us), 160
[CLEANUP], 99.9PercentileLatency(us), 653
[CLEANUP], 99.99PercentileLatency(us), 653
