java -cp /mnt/dev/YCSB-hreplace-dist/redis-binding/conf:/mnt/dev/YCSB-hreplace-dist/conf:/mnt/dev/YCSB-hreplace-dist/lib/htrace-core4-4.1.0-incubating.jar:/mnt/dev/YCSB-hreplace-dist/lib/slf4j-api-1.7.25.jar:/mnt/dev/YCSB-hreplace-dist/lib/jackson-mapper-asl-1.9.4.jar:/mnt/dev/YCSB-hreplace-dist/lib/HdrHistogram-2.1.12.jar:/mnt/dev/YCSB-hreplace-dist/lib/jackson-core-asl-1.9.4.jar:/mnt/dev/YCSB-hreplace-dist/lib/jedis-3.9.0.jar:/mnt/dev/YCSB-hreplace-dist/lib/core-0.18.0-SNAPSHOT.jar:/mnt/dev/YCSB-hreplace-dist/lib/commons-pool2-2.11.1.jar:/mnt/dev/YCSB-hreplace-dist/lib/redis-binding-0.18.0-SNAPSHOT.jar site.ycsb.Client -db site.ycsb.db.RedisClient -s -threads 64 -P /mnt/dev/YCSB-hreplace-dist/workloads/workloada -p recordcount=100000000 -p operationcount=1000000 -p fieldcount=10 -p fieldlength=128 -p fieldlengthdistribution=constant -p readallfields=true -p writeallfields=true -p insertorder=hashed -p requestdistribution=uniform -p readproportion=0.95 -p updateproportion=0.05 -p insertproportion=0 -p scanproportion=0 -p readmodifywriteproportion=0 -p measurementtype=hdrhistogram -p measurement.interval=op -p hdrhistogram.percentiles=50,95,99,99.9,99.99 -p status.interval=10 -p redis.host=172.16.0.4 -p redis.port=16379 -p redis.scanindex=none -p redis.timeout=10000 -p redis.cluster=false -p redis.updatecommand=hmset -t
Command line: -db site.ycsb.db.RedisClient -s -threads 64 -P /mnt/dev/YCSB-hreplace-dist/workloads/workloada -p recordcount=100000000 -p operationcount=1000000 -p fieldcount=10 -p fieldlength=128 -p fieldlengthdistribution=constant -p readallfields=true -p writeallfields=true -p insertorder=hashed -p requestdistribution=uniform -p readproportion=0.95 -p updateproportion=0.05 -p insertproportion=0 -p scanproportion=0 -p readmodifywriteproportion=0 -p measurementtype=hdrhistogram -p measurement.interval=op -p hdrhistogram.percentiles=50,95,99,99.9,99.99 -p status.interval=10 -p redis.host=172.16.0.4 -p redis.port=16379 -p redis.scanindex=none -p redis.timeout=10000 -p redis.cluster=false -p redis.updatecommand=hmset -t
YCSB Client 0.18.0-SNAPSHOT

Loading workload...
Starting test.
SLF4J: Failed to load class "org.slf4j.impl.StaticLoggerBinder".
SLF4J: Defaulting to no-operation (NOP) logger implementation
SLF4J: See http://www.slf4j.org/codes.html#StaticLoggerBinder for further details.
2026-09-13 12:53:30:672 0 sec: 0 operations; est completion in 0 second 
DBWrapper: report latency for each error is false and specific error codes to track for latency are: []
2026-09-13 12:53:36:458 5 sec: 1000000 operations; 172176.31 current ops/sec; [READ: Count=949851, Max=9391, Min=175, Avg=339.94, 50=330, 90=398, 99=491, 99.9=1401, 99.99=2717] [CLEANUP: Count=64, Max=770, Min=15, Avg=45.94, 50=24, 90=85, 99=770, 99.9=770, 99.99=770] [UPDATE: Count=50149, Max=4911, Min=216, Avg=360.07, 50=348, 90=424, 99=522, 99.9=1506, 99.99=3373] 
[OVERALL], RunTime(ms), 5807
[OVERALL], Throughput(ops/sec), 172205.95832615808
[TOTAL_GCS_G1_Young_Generation], Count, 21
[TOTAL_GC_TIME_G1_Young_Generation], Time(ms), 20
[TOTAL_GC_TIME_%_G1_Young_Generation], Time(%), 0.3444119166523162
[TOTAL_GCS_G1_Old_Generation], Count, 0
[TOTAL_GC_TIME_G1_Old_Generation], Time(ms), 0
[TOTAL_GC_TIME_%_G1_Old_Generation], Time(%), 0.0
[TOTAL_GCs], Count, 21
[TOTAL_GC_TIME], Time(ms), 20
[TOTAL_GC_TIME_%], Time(%), 0.3444119166523162
[READ], Operations, 949851
[READ], AverageLatency(us), 339.94493346851243
[READ], MinLatency(us), 175
[READ], MaxLatency(us), 9391
[READ], 50thPercentileLatency(us), 330
[READ], 95thPercentileLatency(us), 423
[READ], 99thPercentileLatency(us), 491
[READ], 99.9PercentileLatency(us), 1401
[READ], 99.99PercentileLatency(us), 2717
[READ], Return=OK, 949851
[CLEANUP], Operations, 64
[CLEANUP], AverageLatency(us), 45.9375
[CLEANUP], MinLatency(us), 15
[CLEANUP], MaxLatency(us), 770
[CLEANUP], 50thPercentileLatency(us), 24
[CLEANUP], 95thPercentileLatency(us), 92
[CLEANUP], 99thPercentileLatency(us), 770
[CLEANUP], 99.9PercentileLatency(us), 770
[CLEANUP], 99.99PercentileLatency(us), 770
[UPDATE], Operations, 50149
[UPDATE], AverageLatency(us), 360.0703503559393
[UPDATE], MinLatency(us), 216
[UPDATE], MaxLatency(us), 4911
[UPDATE], 50thPercentileLatency(us), 348
[UPDATE], 95thPercentileLatency(us), 449
[UPDATE], 99thPercentileLatency(us), 522
[UPDATE], 99.9PercentileLatency(us), 1506
[UPDATE], 99.99PercentileLatency(us), 3373
[UPDATE], Return=OK, 50149
