java -cp /mnt/dev/YCSB-hreplace-dist/redis-binding/conf:/mnt/dev/YCSB-hreplace-dist/conf:/mnt/dev/YCSB-hreplace-dist/lib/htrace-core4-4.1.0-incubating.jar:/mnt/dev/YCSB-hreplace-dist/lib/slf4j-api-1.7.25.jar:/mnt/dev/YCSB-hreplace-dist/lib/jackson-mapper-asl-1.9.4.jar:/mnt/dev/YCSB-hreplace-dist/lib/HdrHistogram-2.1.12.jar:/mnt/dev/YCSB-hreplace-dist/lib/jackson-core-asl-1.9.4.jar:/mnt/dev/YCSB-hreplace-dist/lib/jedis-3.9.0.jar:/mnt/dev/YCSB-hreplace-dist/lib/core-0.18.0-SNAPSHOT.jar:/mnt/dev/YCSB-hreplace-dist/lib/commons-pool2-2.11.1.jar:/mnt/dev/YCSB-hreplace-dist/lib/redis-binding-0.18.0-SNAPSHOT.jar site.ycsb.Client -db site.ycsb.db.RedisClient -s -threads 512 -P /mnt/dev/YCSB-hreplace-dist/workloads/workloada -p recordcount=100000000 -p operationcount=5000000 -p fieldcount=10 -p fieldlength=128 -p fieldlengthdistribution=constant -p readallfields=true -p writeallfields=true -p insertorder=hashed -p requestdistribution=uniform -p readproportion=0.5 -p updateproportion=0.5 -p insertproportion=0 -p scanproportion=0 -p readmodifywriteproportion=0 -p measurementtype=hdrhistogram -p measurement.interval=op -p hdrhistogram.percentiles=50,95,99,99.9,99.99 -p status.interval=10 -p redis.host=172.16.0.4 -p redis.port=16379 -p redis.scanindex=none -p redis.timeout=10000 -p redis.cluster=false -p redis.updatecommand=hmset -t
Command line: -db site.ycsb.db.RedisClient -s -threads 512 -P /mnt/dev/YCSB-hreplace-dist/workloads/workloada -p recordcount=100000000 -p operationcount=5000000 -p fieldcount=10 -p fieldlength=128 -p fieldlengthdistribution=constant -p readallfields=true -p writeallfields=true -p insertorder=hashed -p requestdistribution=uniform -p readproportion=0.5 -p updateproportion=0.5 -p insertproportion=0 -p scanproportion=0 -p readmodifywriteproportion=0 -p measurementtype=hdrhistogram -p measurement.interval=op -p hdrhistogram.percentiles=50,95,99,99.9,99.99 -p status.interval=10 -p redis.host=172.16.0.4 -p redis.port=16379 -p redis.scanindex=none -p redis.timeout=10000 -p redis.cluster=false -p redis.updatecommand=hmset -t
YCSB Client 0.18.0-SNAPSHOT

Loading workload...
Starting test.
SLF4J: Failed to load class "org.slf4j.impl.StaticLoggerBinder".
SLF4J: Defaulting to no-operation (NOP) logger implementation
SLF4J: See http://www.slf4j.org/codes.html#StaticLoggerBinder for further details.
2026-09-13 12:53:17:406 0 sec: 0 operations; est completion in 0 second 
DBWrapper: report latency for each error is false and specific error codes to track for latency are: []
2026-09-13 12:53:27:387 10 sec: 3975691 operations; 397569.1 current ops/sec; est completion in 3 second [READ: Count=1986627, Max=191871, Min=211, Avg=1230.4, 50=1059, 90=1694, 99=6211, 99.9=11407, 99.99=25487] [UPDATE: Count=1991991, Max=197119, Min=204, Avg=1269.41, 50=1077, 90=1723, 99=6315, 99.9=11839, 99.99=45279] 
2026-09-13 12:53:30:265 12 sec: 5000000 operations; 355786.38 current ops/sec; [READ: Count=512608, Max=16215, Min=216, Avg=1098.77, 50=964, 90=1580, 99=5495, 99.9=9295, 99.99=12335] [CLEANUP: Count=512, Max=882, Min=9, Avg=35.69, 50=27, 90=64, 99=145, 99.9=882, 99.99=882] [UPDATE: Count=508774, Max=16943, Min=218, Avg=1123.83, 50=984, 90=1607, 99=5655, 99.9=9327, 99.99=12495] 
[OVERALL], RunTime(ms), 12877
[OVERALL], Throughput(ops/sec), 388289.1977945173
[TOTAL_GCS_G1_Young_Generation], Count, 97
[TOTAL_GC_TIME_G1_Young_Generation], Time(ms), 137
[TOTAL_GC_TIME_%_G1_Young_Generation], Time(%), 1.0639124019569777
[TOTAL_GCS_G1_Old_Generation], Count, 0
[TOTAL_GC_TIME_G1_Old_Generation], Time(ms), 0
[TOTAL_GC_TIME_%_G1_Old_Generation], Time(%), 0.0
[TOTAL_GCs], Count, 97
[TOTAL_GC_TIME], Time(ms), 137
[TOTAL_GC_TIME_%], Time(%), 1.0639124019569777
[READ], Operations, 2499235
[READ], AverageLatency(us), 1203.39987196082
[READ], MinLatency(us), 211
[READ], MaxLatency(us), 191871
[READ], 50thPercentileLatency(us), 1041
[READ], 95thPercentileLatency(us), 2121
[READ], 99thPercentileLatency(us), 6083
[READ], 99.9PercentileLatency(us), 10895
[READ], 99.99PercentileLatency(us), 23359
[READ], Return=OK, 2499235
[CLEANUP], Operations, 512
[CLEANUP], AverageLatency(us), 35.689453125
[CLEANUP], MinLatency(us), 9
[CLEANUP], MaxLatency(us), 882
[CLEANUP], 50thPercentileLatency(us), 27
[CLEANUP], 95thPercentileLatency(us), 88
[CLEANUP], 99thPercentileLatency(us), 145
[CLEANUP], 99.9PercentileLatency(us), 882
[CLEANUP], 99.99PercentileLatency(us), 882
[UPDATE], Operations, 2500765
[UPDATE], AverageLatency(us), 1239.7885375075227
[UPDATE], MinLatency(us), 204
[UPDATE], MaxLatency(us), 197119
[UPDATE], 50thPercentileLatency(us), 1059
[UPDATE], 95thPercentileLatency(us), 2183
[UPDATE], 99thPercentileLatency(us), 6199
[UPDATE], 99.9PercentileLatency(us), 11271
[UPDATE], 99.99PercentileLatency(us), 35231
[UPDATE], Return=OK, 2500765
