java -cp /mnt/dev/YCSB-hreplace-dist/redis-binding/conf:/mnt/dev/YCSB-hreplace-dist/conf:/mnt/dev/YCSB-hreplace-dist/lib/htrace-core4-4.1.0-incubating.jar:/mnt/dev/YCSB-hreplace-dist/lib/slf4j-api-1.7.25.jar:/mnt/dev/YCSB-hreplace-dist/lib/jackson-mapper-asl-1.9.4.jar:/mnt/dev/YCSB-hreplace-dist/lib/HdrHistogram-2.1.12.jar:/mnt/dev/YCSB-hreplace-dist/lib/jackson-core-asl-1.9.4.jar:/mnt/dev/YCSB-hreplace-dist/lib/jedis-3.9.0.jar:/mnt/dev/YCSB-hreplace-dist/lib/core-0.18.0-SNAPSHOT.jar:/mnt/dev/YCSB-hreplace-dist/lib/commons-pool2-2.11.1.jar:/mnt/dev/YCSB-hreplace-dist/lib/redis-binding-0.18.0-SNAPSHOT.jar site.ycsb.Client -db site.ycsb.db.RedisClient -s -threads 256 -P /mnt/dev/YCSB-hreplace-dist/workloads/workloada -p recordcount=100000000 -p operationcount=1000000 -p fieldcount=10 -p fieldlength=128 -p fieldlengthdistribution=constant -p readallfields=true -p writeallfields=true -p insertorder=hashed -p requestdistribution=uniform -p readproportion=0.95 -p updateproportion=0.05 -p insertproportion=0 -p scanproportion=0 -p readmodifywriteproportion=0 -p measurementtype=hdrhistogram -p measurement.interval=op -p hdrhistogram.percentiles=50,95,99,99.9,99.99 -p status.interval=10 -p redis.host=172.16.0.4 -p redis.port=16379 -p redis.scanindex=none -p redis.timeout=10000 -p redis.cluster=false -p redis.updatecommand=hmset -t
Command line: -db site.ycsb.db.RedisClient -s -threads 256 -P /mnt/dev/YCSB-hreplace-dist/workloads/workloada -p recordcount=100000000 -p operationcount=1000000 -p fieldcount=10 -p fieldlength=128 -p fieldlengthdistribution=constant -p readallfields=true -p writeallfields=true -p insertorder=hashed -p requestdistribution=uniform -p readproportion=0.95 -p updateproportion=0.05 -p insertproportion=0 -p scanproportion=0 -p readmodifywriteproportion=0 -p measurementtype=hdrhistogram -p measurement.interval=op -p hdrhistogram.percentiles=50,95,99,99.9,99.99 -p status.interval=10 -p redis.host=172.16.0.4 -p redis.port=16379 -p redis.scanindex=none -p redis.timeout=10000 -p redis.cluster=false -p redis.updatecommand=hmset -t
YCSB Client 0.18.0-SNAPSHOT

Loading workload...
Starting test.
SLF4J: Failed to load class "org.slf4j.impl.StaticLoggerBinder".
SLF4J: Defaulting to no-operation (NOP) logger implementation
SLF4J: See http://www.slf4j.org/codes.html#StaticLoggerBinder for further details.
2026-09-13 12:54:28:070 0 sec: 0 operations; est completion in 0 second 
DBWrapper: report latency for each error is false and specific error codes to track for latency are: []
2026-09-13 12:54:30:560 2 sec: 1000000 operations; 392156.86 current ops/sec; [READ: Count=950041, Max=72191, Min=202, Avg=573.1, 50=522, 90=723, 99=1468, 99.9=6667, 99.99=17951] [CLEANUP: Count=256, Max=894, Min=13, Avg=34.98, 50=23, 90=60, 99=119, 99.9=894, 99.99=894] [UPDATE: Count=49959, Max=67199, Min=261, Avg=597.91, 50=542, 90=754, 99=1686, 99.9=6159, 99.99=24479] 
[OVERALL], RunTime(ms), 2549
[OVERALL], Throughput(ops/sec), 392310.7100823852
[TOTAL_GCS_G1_Young_Generation], Count, 18
[TOTAL_GC_TIME_G1_Young_Generation], Time(ms), 27
[TOTAL_GC_TIME_%_G1_Young_Generation], Time(%), 1.0592389172224401
[TOTAL_GCS_G1_Old_Generation], Count, 0
[TOTAL_GC_TIME_G1_Old_Generation], Time(ms), 0
[TOTAL_GC_TIME_%_G1_Old_Generation], Time(%), 0.0
[TOTAL_GCs], Count, 18
[TOTAL_GC_TIME], Time(ms), 27
[TOTAL_GC_TIME_%], Time(%), 1.0592389172224401
[READ], Operations, 950041
[READ], AverageLatency(us), 573.1003367223099
[READ], MinLatency(us), 202
[READ], MaxLatency(us), 72191
[READ], 50thPercentileLatency(us), 522
[READ], 95thPercentileLatency(us), 821
[READ], 99thPercentileLatency(us), 1468
[READ], 99.9PercentileLatency(us), 6667
[READ], 99.99PercentileLatency(us), 17951
[READ], Return=OK, 950041
[CLEANUP], Operations, 256
[CLEANUP], AverageLatency(us), 34.9765625
[CLEANUP], MinLatency(us), 13
[CLEANUP], MaxLatency(us), 894
[CLEANUP], 50thPercentileLatency(us), 23
[CLEANUP], 95thPercentileLatency(us), 81
[CLEANUP], 99thPercentileLatency(us), 119
[CLEANUP], 99.9PercentileLatency(us), 894
[CLEANUP], 99.99PercentileLatency(us), 894
[UPDATE], Operations, 49959
[UPDATE], AverageLatency(us), 597.9082247442904
[UPDATE], MinLatency(us), 261
[UPDATE], MaxLatency(us), 67199
[UPDATE], 50thPercentileLatency(us), 542
[UPDATE], 95thPercentileLatency(us), 860
[UPDATE], 99thPercentileLatency(us), 1686
[UPDATE], 99.9PercentileLatency(us), 6159
[UPDATE], 99.99PercentileLatency(us), 24479
[UPDATE], Return=OK, 49959
