java -cp /mnt/dev/YCSB-hreplace-dist/redis-binding/conf:/mnt/dev/YCSB-hreplace-dist/conf:/mnt/dev/YCSB-hreplace-dist/lib/htrace-core4-4.1.0-incubating.jar:/mnt/dev/YCSB-hreplace-dist/lib/slf4j-api-1.7.25.jar:/mnt/dev/YCSB-hreplace-dist/lib/jackson-mapper-asl-1.9.4.jar:/mnt/dev/YCSB-hreplace-dist/lib/HdrHistogram-2.1.12.jar:/mnt/dev/YCSB-hreplace-dist/lib/jackson-core-asl-1.9.4.jar:/mnt/dev/YCSB-hreplace-dist/lib/jedis-3.9.0.jar:/mnt/dev/YCSB-hreplace-dist/lib/core-0.18.0-SNAPSHOT.jar:/mnt/dev/YCSB-hreplace-dist/lib/commons-pool2-2.11.1.jar:/mnt/dev/YCSB-hreplace-dist/lib/redis-binding-0.18.0-SNAPSHOT.jar site.ycsb.Client -db site.ycsb.db.RedisClient -s -threads 128 -P /mnt/dev/YCSB-hreplace-dist/workloads/workloada -p recordcount=100000000 -p operationcount=5000000 -p fieldcount=10 -p fieldlength=128 -p fieldlengthdistribution=constant -p readallfields=true -p writeallfields=true -p insertorder=hashed -p requestdistribution=uniform -p readproportion=0.5 -p updateproportion=0.5 -p insertproportion=0 -p scanproportion=0 -p readmodifywriteproportion=0 -p measurementtype=hdrhistogram -p measurement.interval=op -p hdrhistogram.percentiles=50,95,99,99.9,99.99 -p status.interval=10 -p redis.host=172.16.0.4 -p redis.port=16379 -p redis.scanindex=none -p redis.timeout=10000 -p redis.cluster=false -p redis.updatecommand=hmset -t
Command line: -db site.ycsb.db.RedisClient -s -threads 128 -P /mnt/dev/YCSB-hreplace-dist/workloads/workloada -p recordcount=100000000 -p operationcount=5000000 -p fieldcount=10 -p fieldlength=128 -p fieldlengthdistribution=constant -p readallfields=true -p writeallfields=true -p insertorder=hashed -p requestdistribution=uniform -p readproportion=0.5 -p updateproportion=0.5 -p insertproportion=0 -p scanproportion=0 -p readmodifywriteproportion=0 -p measurementtype=hdrhistogram -p measurement.interval=op -p hdrhistogram.percentiles=50,95,99,99.9,99.99 -p status.interval=10 -p redis.host=172.16.0.4 -p redis.port=16379 -p redis.scanindex=none -p redis.timeout=10000 -p redis.cluster=false -p redis.updatecommand=hmset -t
YCSB Client 0.18.0-SNAPSHOT

Loading workload...
Starting test.
SLF4J: Failed to load class "org.slf4j.impl.StaticLoggerBinder".
SLF4J: Defaulting to no-operation (NOP) logger implementation
SLF4J: See http://www.slf4j.org/codes.html#StaticLoggerBinder for further details.
2026-09-13 12:52:37:090 0 sec: 0 operations; est completion in 0 second 
DBWrapper: report latency for each error is false and specific error codes to track for latency are: []
2026-09-13 12:52:47:057 10 sec: 2883338 operations; 288333.8 current ops/sec; est completion in 8 second [READ: Count=1442062, Max=33727, Min=186, Avg=431.97, 50=398, 90=505, 99=1163, 99.9=4955, 99.99=9119] [UPDATE: Count=1442712, Max=32367, Min=184, Avg=446.68, 50=411, 90=520, 99=1216, 99.9=5055, 99.99=9263] 
2026-09-13 12:52:55:754 18 sec: 5000000 operations; 243378.41 current ops/sec; [READ: Count=1057925, Max=14599, Min=187, Avg=426.21, 50=392, 90=498, 99=1122, 99.9=5195, 99.99=8855] [CLEANUP: Count=128, Max=778, Min=17, Avg=49.94, 50=36, 90=86, 99=132, 99.9=778, 99.99=778] [UPDATE: Count=1057301, Max=14671, Min=194, Avg=438.2, 50=404, 90=511, 99=1135, 99.9=5159, 99.99=8455] 
[OVERALL], RunTime(ms), 18697
[OVERALL], Throughput(ops/sec), 267422.5811627534
[TOTAL_GCS_G1_Young_Generation], Count, 139
[TOTAL_GC_TIME_G1_Young_Generation], Time(ms), 101
[TOTAL_GC_TIME_%_G1_Young_Generation], Time(%), 0.5401936139487618
[TOTAL_GCS_G1_Old_Generation], Count, 0
[TOTAL_GC_TIME_G1_Old_Generation], Time(ms), 0
[TOTAL_GC_TIME_%_G1_Old_Generation], Time(%), 0.0
[TOTAL_GCs], Count, 139
[TOTAL_GC_TIME], Time(ms), 101
[TOTAL_GC_TIME_%], Time(%), 0.5401936139487618
[READ], Operations, 2499987
[READ], AverageLatency(us), 429.5312503625019
[READ], MinLatency(us), 186
[READ], MaxLatency(us), 33727
[READ], 50thPercentileLatency(us), 395
[READ], 95thPercentileLatency(us), 546
[READ], 99thPercentileLatency(us), 1145
[READ], 99.9PercentileLatency(us), 5035
[READ], 99.99PercentileLatency(us), 8975
[READ], Return=OK, 2499987
[CLEANUP], Operations, 128
[CLEANUP], AverageLatency(us), 49.9375
[CLEANUP], MinLatency(us), 17
[CLEANUP], MaxLatency(us), 778
[CLEANUP], 50thPercentileLatency(us), 36
[CLEANUP], 95thPercentileLatency(us), 107
[CLEANUP], 99thPercentileLatency(us), 132
[CLEANUP], 99.9PercentileLatency(us), 778
[CLEANUP], 99.99PercentileLatency(us), 778
[UPDATE], Operations, 2500013
[UPDATE], AverageLatency(us), 443.0929511166542
[UPDATE], MinLatency(us), 184
[UPDATE], MaxLatency(us), 32367
[UPDATE], 50thPercentileLatency(us), 408
[UPDATE], 95thPercentileLatency(us), 562
[UPDATE], 99thPercentileLatency(us), 1180
[UPDATE], 99.9PercentileLatency(us), 5091
[UPDATE], 99.99PercentileLatency(us), 8727
[UPDATE], Return=OK, 2500013
