java -cp /mnt/dev/YCSB-hreplace-dist/redis-binding/conf:/mnt/dev/YCSB-hreplace-dist/conf:/mnt/dev/YCSB-hreplace-dist/lib/htrace-core4-4.1.0-incubating.jar:/mnt/dev/YCSB-hreplace-dist/lib/slf4j-api-1.7.25.jar:/mnt/dev/YCSB-hreplace-dist/lib/jackson-mapper-asl-1.9.4.jar:/mnt/dev/YCSB-hreplace-dist/lib/HdrHistogram-2.1.12.jar:/mnt/dev/YCSB-hreplace-dist/lib/jackson-core-asl-1.9.4.jar:/mnt/dev/YCSB-hreplace-dist/lib/jedis-3.9.0.jar:/mnt/dev/YCSB-hreplace-dist/lib/core-0.18.0-SNAPSHOT.jar:/mnt/dev/YCSB-hreplace-dist/lib/commons-pool2-2.11.1.jar:/mnt/dev/YCSB-hreplace-dist/lib/redis-binding-0.18.0-SNAPSHOT.jar site.ycsb.Client -db site.ycsb.db.RedisClient -s -threads 128 -P /mnt/dev/YCSB-hreplace-dist/workloads/workloada -p recordcount=100000000 -p operationcount=1000000 -p fieldcount=10 -p fieldlength=128 -p fieldlengthdistribution=constant -p readallfields=true -p writeallfields=true -p insertorder=hashed -p requestdistribution=uniform -p readproportion=0.95 -p updateproportion=0.05 -p insertproportion=0 -p scanproportion=0 -p readmodifywriteproportion=0 -p measurementtype=hdrhistogram -p measurement.interval=op -p hdrhistogram.percentiles=50,95,99,99.9,99.99 -p status.interval=10 -p redis.host=172.16.0.4 -p redis.port=16379 -p redis.scanindex=none -p redis.timeout=10000 -p redis.cluster=false -p redis.updatecommand=hmset -t
Command line: -db site.ycsb.db.RedisClient -s -threads 128 -P /mnt/dev/YCSB-hreplace-dist/workloads/workloada -p recordcount=100000000 -p operationcount=1000000 -p fieldcount=10 -p fieldlength=128 -p fieldlengthdistribution=constant -p readallfields=true -p writeallfields=true -p insertorder=hashed -p requestdistribution=uniform -p readproportion=0.95 -p updateproportion=0.05 -p insertproportion=0 -p scanproportion=0 -p readmodifywriteproportion=0 -p measurementtype=hdrhistogram -p measurement.interval=op -p hdrhistogram.percentiles=50,95,99,99.9,99.99 -p status.interval=10 -p redis.host=172.16.0.4 -p redis.port=16379 -p redis.scanindex=none -p redis.timeout=10000 -p redis.cluster=false -p redis.updatecommand=hmset -t
YCSB Client 0.18.0-SNAPSHOT

Loading workload...
Starting test.
SLF4J: Failed to load class "org.slf4j.impl.StaticLoggerBinder".
SLF4J: Defaulting to no-operation (NOP) logger implementation
SLF4J: See http://www.slf4j.org/codes.html#StaticLoggerBinder for further details.
2026-09-13 12:54:07:031 0 sec: 0 operations; est completion in 0 second 
DBWrapper: report latency for each error is false and specific error codes to track for latency are: []
2026-09-13 12:54:10:511 3 sec: 1000000 operations; 285062.71 current ops/sec; [READ: Count=950176, Max=12183, Min=179, Avg=401.75, 50=381, 90=477, 99=840, 99.9=2719, 99.99=8583] [CLEANUP: Count=128, Max=744, Min=15, Avg=35.19, 50=23, 90=51, 99=92, 99.9=744, 99.99=744] [UPDATE: Count=49824, Max=10407, Min=237, Avg=423.46, 50=399, 90=497, 99=990, 99.9=3399, 99.99=9535] 
[OVERALL], RunTime(ms), 3508
[OVERALL], Throughput(ops/sec), 285062.71379703534
[TOTAL_GCS_G1_Young_Generation], Count, 18
[TOTAL_GC_TIME_G1_Young_Generation], Time(ms), 21
[TOTAL_GC_TIME_%_G1_Young_Generation], Time(%), 0.5986316989737742
[TOTAL_GCS_G1_Old_Generation], Count, 0
[TOTAL_GC_TIME_G1_Old_Generation], Time(ms), 0
[TOTAL_GC_TIME_%_G1_Old_Generation], Time(%), 0.0
[TOTAL_GCs], Count, 18
[TOTAL_GC_TIME], Time(ms), 21
[TOTAL_GC_TIME_%], Time(%), 0.5986316989737742
[READ], Operations, 950176
[READ], AverageLatency(us), 401.75404135654867
[READ], MinLatency(us), 179
[READ], MaxLatency(us), 12183
[READ], 50thPercentileLatency(us), 381
[READ], 95thPercentileLatency(us), 517
[READ], 99thPercentileLatency(us), 840
[READ], 99.9PercentileLatency(us), 2719
[READ], 99.99PercentileLatency(us), 8583
[READ], Return=OK, 950176
[CLEANUP], Operations, 128
[CLEANUP], AverageLatency(us), 35.1875
[CLEANUP], MinLatency(us), 15
[CLEANUP], MaxLatency(us), 744
[CLEANUP], 50thPercentileLatency(us), 23
[CLEANUP], 95thPercentileLatency(us), 71
[CLEANUP], 99thPercentileLatency(us), 92
[CLEANUP], 99.9PercentileLatency(us), 744
[CLEANUP], 99.99PercentileLatency(us), 744
[UPDATE], Operations, 49824
[UPDATE], AverageLatency(us), 423.4629897238279
[UPDATE], MinLatency(us), 237
[UPDATE], MaxLatency(us), 10407
[UPDATE], 50thPercentileLatency(us), 399
[UPDATE], 95thPercentileLatency(us), 540
[UPDATE], 99thPercentileLatency(us), 990
[UPDATE], 99.9PercentileLatency(us), 3399
[UPDATE], 99.99PercentileLatency(us), 9535
[UPDATE], Return=OK, 49824
