java -cp /mnt/dev/YCSB-hreplace-dist/redis-binding/conf:/mnt/dev/YCSB-hreplace-dist/conf:/mnt/dev/YCSB-hreplace-dist/lib/htrace-core4-4.1.0-incubating.jar:/mnt/dev/YCSB-hreplace-dist/lib/slf4j-api-1.7.25.jar:/mnt/dev/YCSB-hreplace-dist/lib/jackson-mapper-asl-1.9.4.jar:/mnt/dev/YCSB-hreplace-dist/lib/HdrHistogram-2.1.12.jar:/mnt/dev/YCSB-hreplace-dist/lib/jackson-core-asl-1.9.4.jar:/mnt/dev/YCSB-hreplace-dist/lib/jedis-3.9.0.jar:/mnt/dev/YCSB-hreplace-dist/lib/core-0.18.0-SNAPSHOT.jar:/mnt/dev/YCSB-hreplace-dist/lib/commons-pool2-2.11.1.jar:/mnt/dev/YCSB-hreplace-dist/lib/redis-binding-0.18.0-SNAPSHOT.jar site.ycsb.Client -db site.ycsb.db.RedisClient -s -threads 512 -P /mnt/dev/YCSB-hreplace-dist/workloads/workloada -p recordcount=100000000 -p operationcount=1000000 -p fieldcount=10 -p fieldlength=128 -p fieldlengthdistribution=constant -p readallfields=true -p writeallfields=true -p insertorder=hashed -p requestdistribution=uniform -p readproportion=0.5 -p updateproportion=0.5 -p insertproportion=0 -p scanproportion=0 -p readmodifywriteproportion=0 -p measurementtype=hdrhistogram -p measurement.interval=op -p hdrhistogram.percentiles=50,95,99,99.9,99.99 -p status.interval=10 -p redis.host=172.16.0.4 -p redis.port=16379 -p redis.scanindex=none -p redis.timeout=10000 -p redis.cluster=false -p redis.updatecommand=hmset -t
Command line: -db site.ycsb.db.RedisClient -s -threads 512 -P /mnt/dev/YCSB-hreplace-dist/workloads/workloada -p recordcount=100000000 -p operationcount=1000000 -p fieldcount=10 -p fieldlength=128 -p fieldlengthdistribution=constant -p readallfields=true -p writeallfields=true -p insertorder=hashed -p requestdistribution=uniform -p readproportion=0.5 -p updateproportion=0.5 -p insertproportion=0 -p scanproportion=0 -p readmodifywriteproportion=0 -p measurementtype=hdrhistogram -p measurement.interval=op -p hdrhistogram.percentiles=50,95,99,99.9,99.99 -p status.interval=10 -p redis.host=172.16.0.4 -p redis.port=16379 -p redis.scanindex=none -p redis.timeout=10000 -p redis.cluster=false -p redis.updatecommand=hmset -t
YCSB Client 0.18.0-SNAPSHOT

Loading workload...
Starting test.
SLF4J: Failed to load class "org.slf4j.impl.StaticLoggerBinder".
SLF4J: Defaulting to no-operation (NOP) logger implementation
SLF4J: See http://www.slf4j.org/codes.html#StaticLoggerBinder for further details.
2026-09-13 12:53:14:115 0 sec: 0 operations; est completion in 0 second 
DBWrapper: report latency for each error is false and specific error codes to track for latency are: []
2026-09-13 12:53:17:000 2 sec: 1000000 operations; 338638.67 current ops/sec; [READ: Count=500428, Max=137983, Min=170, Avg=1225.92, 50=1033, 90=1692, 99=6039, 99.9=17855, 99.99=64767] [CLEANUP: Count=512, Max=788, Min=9, Avg=27.32, 50=22, 90=41, 99=103, 99.9=788, 99.99=788] [UPDATE: Count=499572, Max=143743, Min=237, Avg=1358.7, 50=1091, 90=2008, 99=6399, 99.9=22127, 99.99=74495] 
[OVERALL], RunTime(ms), 2952
[OVERALL], Throughput(ops/sec), 338753.38753387536
[TOTAL_GCS_G1_Young_Generation], Count, 22
[TOTAL_GC_TIME_G1_Young_Generation], Time(ms), 43
[TOTAL_GC_TIME_%_G1_Young_Generation], Time(%), 1.456639566395664
[TOTAL_GCS_G1_Old_Generation], Count, 0
[TOTAL_GC_TIME_G1_Old_Generation], Time(ms), 0
[TOTAL_GC_TIME_%_G1_Old_Generation], Time(%), 0.0
[TOTAL_GCs], Count, 22
[TOTAL_GC_TIME], Time(ms), 43
[TOTAL_GC_TIME_%], Time(%), 1.456639566395664
[READ], Operations, 500428
[READ], AverageLatency(us), 1225.916239698818
[READ], MinLatency(us), 170
[READ], MaxLatency(us), 137983
[READ], 50thPercentileLatency(us), 1033
[READ], 95thPercentileLatency(us), 2239
[READ], 99thPercentileLatency(us), 6039
[READ], 99.9PercentileLatency(us), 17855
[READ], 99.99PercentileLatency(us), 64767
[READ], Return=OK, 500428
[CLEANUP], Operations, 512
[CLEANUP], AverageLatency(us), 27.318359375
[CLEANUP], MinLatency(us), 9
[CLEANUP], MaxLatency(us), 788
[CLEANUP], 50thPercentileLatency(us), 22
[CLEANUP], 95thPercentileLatency(us), 63
[CLEANUP], 99thPercentileLatency(us), 103
[CLEANUP], 99.9PercentileLatency(us), 788
[CLEANUP], 99.99PercentileLatency(us), 788
[UPDATE], Operations, 499572
[UPDATE], AverageLatency(us), 1358.6989082654752
[UPDATE], MinLatency(us), 237
[UPDATE], MaxLatency(us), 143743
[UPDATE], 50thPercentileLatency(us), 1091
[UPDATE], 95thPercentileLatency(us), 2999
[UPDATE], 99thPercentileLatency(us), 6399
[UPDATE], 99.9PercentileLatency(us), 22127
[UPDATE], 99.99PercentileLatency(us), 74495
[UPDATE], Return=OK, 499572
