java -cp /mnt/dev/YCSB-hreplace-dist/redis-binding/conf:/mnt/dev/YCSB-hreplace-dist/conf:/mnt/dev/YCSB-hreplace-dist/lib/htrace-core4-4.1.0-incubating.jar:/mnt/dev/YCSB-hreplace-dist/lib/slf4j-api-1.7.25.jar:/mnt/dev/YCSB-hreplace-dist/lib/jackson-mapper-asl-1.9.4.jar:/mnt/dev/YCSB-hreplace-dist/lib/HdrHistogram-2.1.12.jar:/mnt/dev/YCSB-hreplace-dist/lib/jackson-core-asl-1.9.4.jar:/mnt/dev/YCSB-hreplace-dist/lib/jedis-3.9.0.jar:/mnt/dev/YCSB-hreplace-dist/lib/core-0.18.0-SNAPSHOT.jar:/mnt/dev/YCSB-hreplace-dist/lib/commons-pool2-2.11.1.jar:/mnt/dev/YCSB-hreplace-dist/lib/redis-binding-0.18.0-SNAPSHOT.jar site.ycsb.Client -db site.ycsb.db.RedisClient -s -threads 64 -P /mnt/dev/YCSB-hreplace-dist/workloads/workloada -p recordcount=100000000 -p operationcount=5000000 -p fieldcount=10 -p fieldlength=128 -p fieldlengthdistribution=constant -p readallfields=true -p writeallfields=true -p insertorder=hashed -p requestdistribution=uniform -p readproportion=0.5 -p updateproportion=0.5 -p insertproportion=0 -p scanproportion=0 -p readmodifywriteproportion=0 -p measurementtype=hdrhistogram -p measurement.interval=op -p hdrhistogram.percentiles=50,95,99,99.9,99.99 -p status.interval=10 -p redis.host=172.16.0.4 -p redis.port=16379 -p redis.scanindex=none -p redis.timeout=10000 -p redis.cluster=false -p redis.updatecommand=hmset -t
Command line: -db site.ycsb.db.RedisClient -s -threads 64 -P /mnt/dev/YCSB-hreplace-dist/workloads/workloada -p recordcount=100000000 -p operationcount=5000000 -p fieldcount=10 -p fieldlength=128 -p fieldlengthdistribution=constant -p readallfields=true -p writeallfields=true -p insertorder=hashed -p requestdistribution=uniform -p readproportion=0.5 -p updateproportion=0.5 -p insertproportion=0 -p scanproportion=0 -p readmodifywriteproportion=0 -p measurementtype=hdrhistogram -p measurement.interval=op -p hdrhistogram.percentiles=50,95,99,99.9,99.99 -p status.interval=10 -p redis.host=172.16.0.4 -p redis.port=16379 -p redis.scanindex=none -p redis.timeout=10000 -p redis.cluster=false -p redis.updatecommand=hmset -t
YCSB Client 0.18.0-SNAPSHOT

Loading workload...
Starting test.
SLF4J: Failed to load class "org.slf4j.impl.StaticLoggerBinder".
SLF4J: Defaulting to no-operation (NOP) logger implementation
SLF4J: See http://www.slf4j.org/codes.html#StaticLoggerBinder for further details.
2026-09-13 12:52:02:077 0 sec: 0 operations; est completion in 0 second 
DBWrapper: report latency for each error is false and specific error codes to track for latency are: []
2026-09-13 12:52:12:059 10 sec: 1761607 operations; 176143.09 current ops/sec; est completion in 19 seconds [READ: Count=881397, Max=9447, Min=175, Avg=353.07, 50=335, 90=406, 99=552, 99.9=3411, 99.99=6403] [UPDATE: Count=880698, Max=10895, Min=192, Avg=367.82, 50=349, 90=423, 99=619, 99.9=3379, 99.99=6279] 
2026-09-13 12:52:22:059 20 sec: 3543696 operations; 178226.72 current ops/sec; est completion in 9 second [READ: Count=891896, Max=10903, Min=173, Avg=351.01, 50=335, 90=405, 99=531, 99.9=3031, 99.99=6791] [UPDATE: Count=890153, Max=11607, Min=180, Avg=364.97, 50=349, 90=422, 99=555, 99.9=3039, 99.99=6599] 
2026-09-13 12:52:32:059 30 sec: 4997133 operations; 145343.7 current ops/sec; est completion in 1 second [READ: Count=726379, Max=11607, Min=175, Avg=348.64, 50=333, 90=403, 99=522, 99.9=2713, 99.99=7199] [CLEANUP: Count=60, Max=670, Min=20, Avg=60.88, 50=42, 90=100, 99=670, 99.9=670, 99.99=670] [UPDATE: Count=726621, Max=10919, Min=176, Avg=362.96, 50=347, 90=420, 99=546, 99.9=2761, 99.99=7223] 
2026-09-13 12:52:32:566 30 sec: 5000000 operations; 5654.83 current ops/sec; [READ: Count=1460, Max=853, Min=271, Avg=311.25, 50=310, 90=329, 99=350, 99.9=699, 99.99=853] [CLEANUP: Count=4, Max=32, Min=20, Avg=26.25, 50=24, 90=32, 99=32, 99.9=32, 99.99=32] [UPDATE: Count=1396, Max=656, Min=280, Avg=320.94, 50=319, 90=341, 99=367, 99.9=409, 99.99=656] 
[OVERALL], RunTime(ms), 30507
[OVERALL], Throughput(ops/sec), 163896.81056806634
[TOTAL_GCS_G1_Young_Generation], Count, 138
[TOTAL_GC_TIME_G1_Young_Generation], Time(ms), 79
[TOTAL_GC_TIME_%_G1_Young_Generation], Time(%), 0.2589569606975448
[TOTAL_GCS_G1_Old_Generation], Count, 0
[TOTAL_GC_TIME_G1_Old_Generation], Time(ms), 0
[TOTAL_GC_TIME_%_G1_Old_Generation], Time(%), 0.0
[TOTAL_GCs], Count, 138
[TOTAL_GC_TIME], Time(ms), 79
[TOTAL_GC_TIME_%], Time(%), 0.2589569606975448
[READ], Operations, 2501132
[READ], AverageLatency(us), 351.0256663782639
[READ], MinLatency(us), 173
[READ], MaxLatency(us), 11607
[READ], 50thPercentileLatency(us), 334
[READ], 95thPercentileLatency(us), 432
[READ], 99thPercentileLatency(us), 535
[READ], 99.9PercentileLatency(us), 3117
[READ], 99.99PercentileLatency(us), 6851
[READ], Return=OK, 2501132
[CLEANUP], Operations, 64
[CLEANUP], AverageLatency(us), 58.71875
[CLEANUP], MinLatency(us), 20
[CLEANUP], MaxLatency(us), 670
[CLEANUP], 50thPercentileLatency(us), 41
[CLEANUP], 95thPercentileLatency(us), 116
[CLEANUP], 99thPercentileLatency(us), 670
[CLEANUP], 99.9PercentileLatency(us), 670
[CLEANUP], 99.99PercentileLatency(us), 670
[UPDATE], Operations, 2498868
[UPDATE], AverageLatency(us), 365.36639590406537
[UPDATE], MinLatency(us), 176
[UPDATE], MaxLatency(us), 11607
[UPDATE], 50thPercentileLatency(us), 348
[UPDATE], 95thPercentileLatency(us), 449
[UPDATE], 99thPercentileLatency(us), 568
[UPDATE], 99.9PercentileLatency(us), 3099
[UPDATE], 99.99PercentileLatency(us), 6671
[UPDATE], Return=OK, 2498868
