java -cp /mnt/dev/YCSB-hreplace-dist/redis-binding/conf:/mnt/dev/YCSB-hreplace-dist/conf:/mnt/dev/YCSB-hreplace-dist/lib/htrace-core4-4.1.0-incubating.jar:/mnt/dev/YCSB-hreplace-dist/lib/slf4j-api-1.7.25.jar:/mnt/dev/YCSB-hreplace-dist/lib/jackson-mapper-asl-1.9.4.jar:/mnt/dev/YCSB-hreplace-dist/lib/HdrHistogram-2.1.12.jar:/mnt/dev/YCSB-hreplace-dist/lib/jackson-core-asl-1.9.4.jar:/mnt/dev/YCSB-hreplace-dist/lib/jedis-3.9.0.jar:/mnt/dev/YCSB-hreplace-dist/lib/core-0.18.0-SNAPSHOT.jar:/mnt/dev/YCSB-hreplace-dist/lib/commons-pool2-2.11.1.jar:/mnt/dev/YCSB-hreplace-dist/lib/redis-binding-0.18.0-SNAPSHOT.jar site.ycsb.Client -db site.ycsb.db.RedisClient -s -threads 64 -P /mnt/dev/YCSB-hreplace-dist/workloads/workloada -p recordcount=100000000 -p operationcount=5000000 -p fieldcount=10 -p fieldlength=128 -p fieldlengthdistribution=constant -p readallfields=true -p writeallfields=true -p insertorder=hashed -p requestdistribution=uniform -p readproportion=0.95 -p updateproportion=0.05 -p insertproportion=0 -p scanproportion=0 -p readmodifywriteproportion=0 -p measurementtype=hdrhistogram -p measurement.interval=op -p hdrhistogram.percentiles=50,95,99,99.9,99.99 -p status.interval=10 -p redis.host=172.16.0.4 -p redis.port=16379 -p redis.scanindex=none -p redis.timeout=10000 -p redis.cluster=false -p redis.updatecommand=hmset -t
Command line: -db site.ycsb.db.RedisClient -s -threads 64 -P /mnt/dev/YCSB-hreplace-dist/workloads/workloada -p recordcount=100000000 -p operationcount=5000000 -p fieldcount=10 -p fieldlength=128 -p fieldlengthdistribution=constant -p readallfields=true -p writeallfields=true -p insertorder=hashed -p requestdistribution=uniform -p readproportion=0.95 -p updateproportion=0.05 -p insertproportion=0 -p scanproportion=0 -p readmodifywriteproportion=0 -p measurementtype=hdrhistogram -p measurement.interval=op -p hdrhistogram.percentiles=50,95,99,99.9,99.99 -p status.interval=10 -p redis.host=172.16.0.4 -p redis.port=16379 -p redis.scanindex=none -p redis.timeout=10000 -p redis.cluster=false -p redis.updatecommand=hmset -t
YCSB Client 0.18.0-SNAPSHOT

Loading workload...
Starting test.
SLF4J: Failed to load class "org.slf4j.impl.StaticLoggerBinder".
SLF4J: Defaulting to no-operation (NOP) logger implementation
SLF4J: See http://www.slf4j.org/codes.html#StaticLoggerBinder for further details.
2026-09-13 12:53:36:864 0 sec: 0 operations; est completion in 0 second 
DBWrapper: report latency for each error is false and specific error codes to track for latency are: []
2026-09-13 12:53:46:839 10 sec: 1841867 operations; 184186.7 current ops/sec; est completion in 18 seconds [READ: Count=1749470, Max=10751, Min=190, Avg=344.01, 50=334, 90=407, 99=494, 99.9=1119, 99.99=3263] [UPDATE: Count=92586, Max=7235, Min=232, Avg=362.18, 50=352, 90=430, 99=520, 99.9=1310, 99.99=3215] 
2026-09-13 12:53:56:839 20 sec: 3700247 operations; 185838 current ops/sec; est completion in 8 second [READ: Count=1765654, Max=5371, Min=177, Avg=342.37, 50=334, 90=406, 99=486, 99.9=967, 99.99=1278] [UPDATE: Count=92639, Max=3461, Min=207, Avg=361.23, 50=353, 90=430, 99=509, 99.9=987, 99.99=1293] 
2026-09-13 12:54:06:476 29 sec: 5000000 operations; 134857.13 current ops/sec; [READ: Count=1234662, Max=9175, Min=176, Avg=340.82, 50=332, 90=402, 99=482, 99.9=921, 99.99=1589] [CLEANUP: Count=64, Max=665, Min=23, Avg=60.02, 50=38, 90=89, 99=665, 99.9=665, 99.99=665] [UPDATE: Count=64989, Max=7939, Min=233, Avg=361.73, 50=352, 90=429, 99=509, 99.9=924, 99.99=1555] 
[OVERALL], RunTime(ms), 29638
[OVERALL], Throughput(ops/sec), 168702.34158850124
[TOTAL_GCS_G1_Young_Generation], Count, 94
[TOTAL_GC_TIME_G1_Young_Generation], Time(ms), 59
[TOTAL_GC_TIME_%_G1_Young_Generation], Time(%), 0.19906876307443144
[TOTAL_GCS_G1_Old_Generation], Count, 0
[TOTAL_GC_TIME_G1_Old_Generation], Time(ms), 0
[TOTAL_GC_TIME_%_G1_Old_Generation], Time(%), 0.0
[TOTAL_GCs], Count, 94
[TOTAL_GC_TIME], Time(ms), 59
[TOTAL_GC_TIME_%], Time(%), 0.19906876307443144
[READ], Operations, 4749786
[READ], AverageLatency(us), 342.5718101826061
[READ], MinLatency(us), 176
[READ], MaxLatency(us), 10751
[READ], 50thPercentileLatency(us), 334
[READ], 95thPercentileLatency(us), 430
[READ], 99thPercentileLatency(us), 488
[READ], 99.9PercentileLatency(us), 991
[READ], 99.99PercentileLatency(us), 2147
[READ], Return=OK, 4749786
[CLEANUP], Operations, 64
[CLEANUP], AverageLatency(us), 60.015625
[CLEANUP], MinLatency(us), 23
[CLEANUP], MaxLatency(us), 665
[CLEANUP], 50thPercentileLatency(us), 38
[CLEANUP], 95thPercentileLatency(us), 103
[CLEANUP], 99thPercentileLatency(us), 665
[CLEANUP], 99.9PercentileLatency(us), 665
[CLEANUP], 99.99PercentileLatency(us), 665
[UPDATE], Operations, 250214
[UPDATE], AverageLatency(us), 361.71424860319564
[UPDATE], MinLatency(us), 207
[UPDATE], MaxLatency(us), 7939
[UPDATE], 50thPercentileLatency(us), 352
[UPDATE], 95thPercentileLatency(us), 454
[UPDATE], 99thPercentileLatency(us), 513
[UPDATE], 99.9PercentileLatency(us), 1044
[UPDATE], 99.99PercentileLatency(us), 2429
[UPDATE], Return=OK, 250214
