java -cp /mnt/dev/YCSB-hreplace-dist/redis-binding/conf:/mnt/dev/YCSB-hreplace-dist/conf:/mnt/dev/YCSB-hreplace-dist/lib/htrace-core4-4.1.0-incubating.jar:/mnt/dev/YCSB-hreplace-dist/lib/slf4j-api-1.7.25.jar:/mnt/dev/YCSB-hreplace-dist/lib/jackson-mapper-asl-1.9.4.jar:/mnt/dev/YCSB-hreplace-dist/lib/HdrHistogram-2.1.12.jar:/mnt/dev/YCSB-hreplace-dist/lib/jackson-core-asl-1.9.4.jar:/mnt/dev/YCSB-hreplace-dist/lib/jedis-3.9.0.jar:/mnt/dev/YCSB-hreplace-dist/lib/core-0.18.0-SNAPSHOT.jar:/mnt/dev/YCSB-hreplace-dist/lib/commons-pool2-2.11.1.jar:/mnt/dev/YCSB-hreplace-dist/lib/redis-binding-0.18.0-SNAPSHOT.jar site.ycsb.Client -db site.ycsb.db.RedisClient -s -threads 256 -P /mnt/dev/YCSB-hreplace-dist/workloads/workloada -target 100000 -p recordcount=100000000 -p operationcount=5000000 -p fieldcount=10 -p fieldlength=128 -p fieldlengthdistribution=constant -p readallfields=true -p writeallfields=true -p insertorder=hashed -p requestdistribution=uniform -p readproportion=1 -p updateproportion=0 -p insertproportion=0 -p scanproportion=0 -p readmodifywriteproportion=0 -p measurementtype=hdrhistogram -p measurement.interval=both -p hdrhistogram.percentiles=50,95,99,99.9,99.99 -p status.interval=10 -p redis.host=172.16.0.4 -p redis.port=16379 -p redis.scanindex=none -p redis.timeout=10000 -p redis.cluster=false -p redis.updatecommand=hmset -t
Command line: -db site.ycsb.db.RedisClient -s -threads 256 -P /mnt/dev/YCSB-hreplace-dist/workloads/workloada -target 100000 -p recordcount=100000000 -p operationcount=5000000 -p fieldcount=10 -p fieldlength=128 -p fieldlengthdistribution=constant -p readallfields=true -p writeallfields=true -p insertorder=hashed -p requestdistribution=uniform -p readproportion=1 -p updateproportion=0 -p insertproportion=0 -p scanproportion=0 -p readmodifywriteproportion=0 -p measurementtype=hdrhistogram -p measurement.interval=both -p hdrhistogram.percentiles=50,95,99,99.9,99.99 -p status.interval=10 -p redis.host=172.16.0.4 -p redis.port=16379 -p redis.scanindex=none -p redis.timeout=10000 -p redis.cluster=false -p redis.updatecommand=hmset -t
YCSB Client 0.18.0-SNAPSHOT

Loading workload...
Starting test.
SLF4J: Failed to load class "org.slf4j.impl.StaticLoggerBinder".
SLF4J: Defaulting to no-operation (NOP) logger implementation
SLF4J: See http://www.slf4j.org/codes.html#StaticLoggerBinder for further details.
2026-09-13 13:09:51:506 0 sec: 0 operations; est completion in 0 second 
DBWrapper: report latency for each error is false and specific error codes to track for latency are: []
2026-09-13 13:10:01:466 10 sec: 992111 operations; 99211.1 current ops/sec; est completion in 41 seconds [READ: Count=992146, Max=37119, Min=214, Avg=333.76, 50=314, 90=398, 99=545, 99.9=1436, 99.99=17935] [Intended-READ: Count=992622, Max=118591, Min=235, Avg=697.2, 50=373, 90=459, 99=1674, 99.9=69951, 99.99=98239] 
2026-09-13 13:10:11:466 20 sec: 1992082 operations; 99997.1 current ops/sec; est completion in 31 seconds [READ: Count=1000007, Max=6551, Min=213, Avg=327.96, 50=314, 90=395, 99=505, 99.9=1109, 99.99=3857] [Intended-READ: Count=999685, Max=6611, Min=236, Avg=387.14, 50=373, 90=454, 99=572, 99.9=1322, 99.99=3955] 
2026-09-13 13:10:21:466 30 sec: 2992094 operations; 100001.2 current ops/sec; est completion in 21 seconds [READ: Count=999977, Max=52991, Min=211, Avg=344.52, 50=312, 90=392, 99=562, 99.9=3531, 99.99=45247] [Intended-READ: Count=999984, Max=53311, Min=234, Avg=506.49, 50=371, 90=453, 99=1378, 99.9=36447, 99.99=49375] 
2026-09-13 13:10:31:466 40 sec: 3992115 operations; 100002.1 current ops/sec; est completion in 11 seconds [READ: Count=1000028, Max=50527, Min=213, Avg=337.95, 50=312, 90=393, 99=526, 99.9=2439, 99.99=43391] [Intended-READ: Count=1000114, Max=50559, Min=229, Avg=483.46, 50=371, 90=453, 99=723, 99.9=33407, 99.99=47039] 
2026-09-13 13:10:41:466 50 sec: 4992109 operations; 99999.4 current ops/sec; est completion in 1 second [READ: Count=999973, Max=27711, Min=212, Avg=333.29, 50=311, 90=390, 99=515, 99.9=1917, 99.99=23855] [Intended-READ: Count=999837, Max=27759, Min=229, Avg=425.95, 50=370, 90=450, 99=623, 99.9=16335, 99.99=24495] 
2026-09-13 13:10:41:562 50 sec: 5000000 operations; 81350.52 current ops/sec; [READ: Count=7869, Max=1261, Min=222, Avg=324.05, 50=312, 90=393, 99=486, 99.9=642, 99.99=1261] [CLEANUP: Count=256, Max=704, Min=11, Avg=36.32, 50=16, 90=28, 99=562, 99.9=704, 99.99=704] [Intended-READ: Count=7758, Max=1322, Min=258, Avg=381.94, 50=371, 90=451, 99=548, 99.9=700, 99.99=1322] [Intended-CLEANUP: Count=256, Max=705, Min=11, Avg=36.49, 50=16, 90=28, 99=562, 99.9=705, 99.99=705] 
[OVERALL], RunTime(ms), 50096
[OVERALL], Throughput(ops/sec), 99808.36793356756
[TOTAL_GCS_G1_Young_Generation], Count, 91
[TOTAL_GC_TIME_G1_Young_Generation], Time(ms), 72
[TOTAL_GC_TIME_%_G1_Young_Generation], Time(%), 0.14372404982433729
[TOTAL_GCS_G1_Old_Generation], Count, 0
[TOTAL_GC_TIME_G1_Old_Generation], Time(ms), 0
[TOTAL_GC_TIME_%_G1_Old_Generation], Time(%), 0.0
[TOTAL_GCs], Count, 91
[TOTAL_GC_TIME], Time(ms), 72
[TOTAL_GC_TIME_%], Time(%), 0.14372404982433729
[READ], Operations, 5000000
[READ], AverageLatency(us), 335.4812938
[READ], MinLatency(us), 211
[READ], MaxLatency(us), 52991
[READ], 50thPercentileLatency(us), 313
[READ], 95thPercentileLatency(us), 431
[READ], 99thPercentileLatency(us), 525
[READ], 99.9PercentileLatency(us), 2331
[READ], 99.99PercentileLatency(us), 25599
[READ], Return=OK, 5000000
[CLEANUP], Operations, 256
[CLEANUP], AverageLatency(us), 36.3203125
[CLEANUP], MinLatency(us), 11
[CLEANUP], MaxLatency(us), 704
[CLEANUP], 50thPercentileLatency(us), 16
[CLEANUP], 95thPercentileLatency(us), 80
[CLEANUP], 99thPercentileLatency(us), 562
[CLEANUP], 99.9PercentileLatency(us), 704
[CLEANUP], 99.99PercentileLatency(us), 704
[Intended-READ], Operations, 5000000
[Intended-READ], AverageLatency(us), 499.5834106
[Intended-READ], MinLatency(us), 229
[Intended-READ], MaxLatency(us), 118591
[Intended-READ], 50thPercentileLatency(us), 372
[Intended-READ], 95thPercentileLatency(us), 494
[Intended-READ], 99thPercentileLatency(us), 740
[Intended-READ], 99.9PercentileLatency(us), 38239
[Intended-READ], 99.99PercentileLatency(us), 80831
[Intended-CLEANUP], Operations, 256
[Intended-CLEANUP], AverageLatency(us), 36.48828125
[Intended-CLEANUP], MinLatency(us), 11
[Intended-CLEANUP], MaxLatency(us), 705
[Intended-CLEANUP], 50thPercentileLatency(us), 16
[Intended-CLEANUP], 95thPercentileLatency(us), 80
[Intended-CLEANUP], 99thPercentileLatency(us), 562
[Intended-CLEANUP], 99.9PercentileLatency(us), 705
[Intended-CLEANUP], 99.99PercentileLatency(us), 705
