java -cp /mnt/dev/YCSB-hreplace-dist/redis-binding/conf:/mnt/dev/YCSB-hreplace-dist/conf:/mnt/dev/YCSB-hreplace-dist/lib/htrace-core4-4.1.0-incubating.jar:/mnt/dev/YCSB-hreplace-dist/lib/slf4j-api-1.7.25.jar:/mnt/dev/YCSB-hreplace-dist/lib/jackson-mapper-asl-1.9.4.jar:/mnt/dev/YCSB-hreplace-dist/lib/HdrHistogram-2.1.12.jar:/mnt/dev/YCSB-hreplace-dist/lib/jackson-core-asl-1.9.4.jar:/mnt/dev/YCSB-hreplace-dist/lib/jedis-3.9.0.jar:/mnt/dev/YCSB-hreplace-dist/lib/core-0.18.0-SNAPSHOT.jar:/mnt/dev/YCSB-hreplace-dist/lib/commons-pool2-2.11.1.jar:/mnt/dev/YCSB-hreplace-dist/lib/redis-binding-0.18.0-SNAPSHOT.jar site.ycsb.Client -db site.ycsb.db.RedisClient -s -threads 256 -P /mnt/dev/YCSB-hreplace-dist/workloads/workloada -target 100000 -p recordcount=100000000 -p operationcount=1000000 -p fieldcount=10 -p fieldlength=128 -p fieldlengthdistribution=constant -p readallfields=true -p writeallfields=true -p insertorder=hashed -p requestdistribution=uniform -p readproportion=1 -p updateproportion=0 -p insertproportion=0 -p scanproportion=0 -p readmodifywriteproportion=0 -p measurementtype=hdrhistogram -p measurement.interval=both -p hdrhistogram.percentiles=50,95,99,99.9,99.99 -p status.interval=10 -p redis.host=172.16.0.4 -p redis.port=16379 -p redis.scanindex=none -p redis.timeout=10000 -p redis.cluster=false -p redis.updatecommand=hmset -t
Command line: -db site.ycsb.db.RedisClient -s -threads 256 -P /mnt/dev/YCSB-hreplace-dist/workloads/workloada -target 100000 -p recordcount=100000000 -p operationcount=1000000 -p fieldcount=10 -p fieldlength=128 -p fieldlengthdistribution=constant -p readallfields=true -p writeallfields=true -p insertorder=hashed -p requestdistribution=uniform -p readproportion=1 -p updateproportion=0 -p insertproportion=0 -p scanproportion=0 -p readmodifywriteproportion=0 -p measurementtype=hdrhistogram -p measurement.interval=both -p hdrhistogram.percentiles=50,95,99,99.9,99.99 -p status.interval=10 -p redis.host=172.16.0.4 -p redis.port=16379 -p redis.scanindex=none -p redis.timeout=10000 -p redis.cluster=false -p redis.updatecommand=hmset -t
YCSB Client 0.18.0-SNAPSHOT

Loading workload...
Starting test.
SLF4J: Failed to load class "org.slf4j.impl.StaticLoggerBinder".
SLF4J: Defaulting to no-operation (NOP) logger implementation
SLF4J: See http://www.slf4j.org/codes.html#StaticLoggerBinder for further details.
2026-09-13 13:09:40:996 0 sec: 0 operations; est completion in 0 second 
DBWrapper: report latency for each error is false and specific error codes to track for latency are: []
2026-09-13 13:09:50:960 10 sec: 992801 operations; 99280.1 current ops/sec; est completion in 1 second [READ: Count=992862, Max=41663, Min=213, Avg=341.76, 50=313, 90=402, 99=598, 99.9=2355, 99.99=22559] [Intended-READ: Count=993372, Max=153727, Min=241, Avg=883.92, 50=373, 90=464, 99=10727, 99.9=98559, 99.99=132351] 
2026-09-13 13:09:51:056 10 sec: 1000000 operations; 74989.58 current ops/sec; [READ: Count=7138, Max=1361, Min=225, Avg=329.39, 50=316, 90=402, 99=510, 99.9=760, 99.99=1361] [CLEANUP: Count=256, Max=684, Min=11, Avg=32.54, 50=17, 90=29, 99=572, 99.9=684, 99.99=684] [Intended-READ: Count=6628, Max=1485, Min=264, Avg=388.28, 50=374, 90=464, 99=583, 99.9=1023, 99.99=1485] [Intended-CLEANUP: Count=256, Max=684, Min=11, Avg=32.81, 50=17, 90=30, 99=572, 99.9=684, 99.99=684] 
[OVERALL], RunTime(ms), 10095
[OVERALL], Throughput(ops/sec), 99058.94006934126
[TOTAL_GCS_G1_Young_Generation], Count, 20
[TOTAL_GC_TIME_G1_Young_Generation], Time(ms), 22
[TOTAL_GC_TIME_%_G1_Young_Generation], Time(%), 0.21792966815255077
[TOTAL_GCS_G1_Old_Generation], Count, 0
[TOTAL_GC_TIME_G1_Old_Generation], Time(ms), 0
[TOTAL_GC_TIME_%_G1_Old_Generation], Time(%), 0.0
[TOTAL_GCs], Count, 20
[TOTAL_GC_TIME], Time(ms), 22
[TOTAL_GC_TIME_%], Time(%), 0.21792966815255077
[READ], Operations, 1000000
[READ], AverageLatency(us), 341.676233
[READ], MinLatency(us), 213
[READ], MaxLatency(us), 41663
[READ], 50thPercentileLatency(us), 313
[READ], 95thPercentileLatency(us), 437
[READ], 99thPercentileLatency(us), 596
[READ], 99.9PercentileLatency(us), 2345
[READ], 99.99PercentileLatency(us), 22495
[READ], Return=OK, 1000000
[CLEANUP], Operations, 256
[CLEANUP], AverageLatency(us), 32.54296875
[CLEANUP], MinLatency(us), 11
[CLEANUP], MaxLatency(us), 684
[CLEANUP], 50thPercentileLatency(us), 17
[CLEANUP], 95thPercentileLatency(us), 55
[CLEANUP], 99thPercentileLatency(us), 572
[CLEANUP], 99.9PercentileLatency(us), 684
[CLEANUP], 99.99PercentileLatency(us), 684
[Intended-READ], Operations, 1000000
[Intended-READ], AverageLatency(us), 880.633224
[Intended-READ], MinLatency(us), 241
[Intended-READ], MaxLatency(us), 153727
[Intended-READ], 50thPercentileLatency(us), 373
[Intended-READ], 95thPercentileLatency(us), 504
[Intended-READ], 99thPercentileLatency(us), 10471
[Intended-READ], 99.9PercentileLatency(us), 98367
[Intended-READ], 99.99PercentileLatency(us), 132223
[Intended-CLEANUP], Operations, 256
[Intended-CLEANUP], AverageLatency(us), 32.8125
[Intended-CLEANUP], MinLatency(us), 11
[Intended-CLEANUP], MaxLatency(us), 684
[Intended-CLEANUP], 50thPercentileLatency(us), 17
[Intended-CLEANUP], 95thPercentileLatency(us), 56
[Intended-CLEANUP], 99thPercentileLatency(us), 572
[Intended-CLEANUP], 99.9PercentileLatency(us), 684
[Intended-CLEANUP], 99.99PercentileLatency(us), 684
