java -cp /mnt/dev/YCSB-hreplace-dist/redis-binding/conf:/mnt/dev/YCSB-hreplace-dist/conf:/mnt/dev/YCSB-hreplace-dist/lib/htrace-core4-4.1.0-incubating.jar:/mnt/dev/YCSB-hreplace-dist/lib/slf4j-api-1.7.25.jar:/mnt/dev/YCSB-hreplace-dist/lib/jackson-mapper-asl-1.9.4.jar:/mnt/dev/YCSB-hreplace-dist/lib/HdrHistogram-2.1.12.jar:/mnt/dev/YCSB-hreplace-dist/lib/jackson-core-asl-1.9.4.jar:/mnt/dev/YCSB-hreplace-dist/lib/jedis-3.9.0.jar:/mnt/dev/YCSB-hreplace-dist/lib/core-0.18.0-SNAPSHOT.jar:/mnt/dev/YCSB-hreplace-dist/lib/commons-pool2-2.11.1.jar:/mnt/dev/YCSB-hreplace-dist/lib/redis-binding-0.18.0-SNAPSHOT.jar site.ycsb.Client -db site.ycsb.db.RedisClient -s -threads 256 -P /mnt/dev/YCSB-hreplace-dist/workloads/workloada -p recordcount=100000000 -p operationcount=5000000 -p fieldcount=10 -p fieldlength=128 -p fieldlengthdistribution=constant -p readallfields=true -p writeallfields=true -p insertorder=hashed -p requestdistribution=uniform -p readproportion=1 -p updateproportion=0 -p insertproportion=0 -p scanproportion=0 -p readmodifywriteproportion=0 -p measurementtype=hdrhistogram -p measurement.interval=op -p hdrhistogram.percentiles=50,95,99,99.9,99.99 -p status.interval=10 -p redis.host=172.16.0.4 -p redis.port=16379 -p redis.scanindex=none -p redis.timeout=10000 -p redis.cluster=false -p redis.updatecommand=keylane.hreplace -t
Command line: -db site.ycsb.db.RedisClient -s -threads 256 -P /mnt/dev/YCSB-hreplace-dist/workloads/workloada -p recordcount=100000000 -p operationcount=5000000 -p fieldcount=10 -p fieldlength=128 -p fieldlengthdistribution=constant -p readallfields=true -p writeallfields=true -p insertorder=hashed -p requestdistribution=uniform -p readproportion=1 -p updateproportion=0 -p insertproportion=0 -p scanproportion=0 -p readmodifywriteproportion=0 -p measurementtype=hdrhistogram -p measurement.interval=op -p hdrhistogram.percentiles=50,95,99,99.9,99.99 -p status.interval=10 -p redis.host=172.16.0.4 -p redis.port=16379 -p redis.scanindex=none -p redis.timeout=10000 -p redis.cluster=false -p redis.updatecommand=keylane.hreplace -t
YCSB Client 0.18.0-SNAPSHOT

Loading workload...
Starting test.
SLF4J: Failed to load class "org.slf4j.impl.StaticLoggerBinder".
SLF4J: Defaulting to no-operation (NOP) logger implementation
SLF4J: See http://www.slf4j.org/codes.html#StaticLoggerBinder for further details.
2026-09-13 12:58:04:093 0 sec: 0 operations; est completion in 0 second 
DBWrapper: report latency for each error is false and specific error codes to track for latency are: []
2026-09-13 12:58:14:027 10 sec: 4677549 operations; 467754.9 current ops/sec; est completion in 1 second [READ: Count=4677970, Max=48895, Min=225, Avg=536.03, 50=511, 90=662, 99=1127, 99.9=3241, 99.99=10063] [CLEANUP: Count=11, Max=945, Min=73, Avg=178.82, 50=104, 90=138, 99=945, 99.9=945, 99.99=945] 
2026-09-13 12:58:15:328 11 sec: 5000000 operations; 247848.58 current ops/sec; [READ: Count=322030, Max=9543, Min=234, Avg=450.22, 50=431, 90=566, 99=756, 99.9=1929, 99.99=7871] [CLEANUP: Count=245, Max=129, Min=13, Avg=37, 50=29, 90=71, 99=110, 99.9=129, 99.99=129] 
[OVERALL], RunTime(ms), 11300
[OVERALL], Throughput(ops/sec), 442477.8761061947
[TOTAL_GCS_G1_Young_Generation], Count, 75
[TOTAL_GC_TIME_G1_Young_Generation], Time(ms), 72
[TOTAL_GC_TIME_%_G1_Young_Generation], Time(%), 0.6371681415929203
[TOTAL_GCS_G1_Old_Generation], Count, 0
[TOTAL_GC_TIME_G1_Old_Generation], Time(ms), 0
[TOTAL_GC_TIME_%_G1_Old_Generation], Time(%), 0.0
[TOTAL_GCs], Count, 75
[TOTAL_GC_TIME], Time(ms), 72
[TOTAL_GC_TIME_%], Time(%), 0.6371681415929203
[READ], Operations, 5000000
[READ], AverageLatency(us), 530.5082318
[READ], MinLatency(us), 225
[READ], MaxLatency(us), 48895
[READ], 50thPercentileLatency(us), 507
[READ], 95thPercentileLatency(us), 718
[READ], 99thPercentileLatency(us), 1105
[READ], 99.9PercentileLatency(us), 3195
[READ], 99.99PercentileLatency(us), 9687
[READ], Return=OK, 5000000
[CLEANUP], Operations, 256
[CLEANUP], AverageLatency(us), 43.08984375
[CLEANUP], MinLatency(us), 13
[CLEANUP], MaxLatency(us), 945
[CLEANUP], 50thPercentileLatency(us), 29
[CLEANUP], 95thPercentileLatency(us), 104
[CLEANUP], 99thPercentileLatency(us), 129
[CLEANUP], 99.9PercentileLatency(us), 945
[CLEANUP], 99.99PercentileLatency(us), 945
