java -cp /mnt/dev/YCSB-hreplace-dist/redis-binding/conf:/mnt/dev/YCSB-hreplace-dist/conf:/mnt/dev/YCSB-hreplace-dist/lib/htrace-core4-4.1.0-incubating.jar:/mnt/dev/YCSB-hreplace-dist/lib/slf4j-api-1.7.25.jar:/mnt/dev/YCSB-hreplace-dist/lib/jackson-mapper-asl-1.9.4.jar:/mnt/dev/YCSB-hreplace-dist/lib/HdrHistogram-2.1.12.jar:/mnt/dev/YCSB-hreplace-dist/lib/jackson-core-asl-1.9.4.jar:/mnt/dev/YCSB-hreplace-dist/lib/jedis-3.9.0.jar:/mnt/dev/YCSB-hreplace-dist/lib/core-0.18.0-SNAPSHOT.jar:/mnt/dev/YCSB-hreplace-dist/lib/commons-pool2-2.11.1.jar:/mnt/dev/YCSB-hreplace-dist/lib/redis-binding-0.18.0-SNAPSHOT.jar site.ycsb.Client -db site.ycsb.db.RedisClient -s -threads 256 -P /mnt/dev/YCSB-hreplace-dist/workloads/workloada -p recordcount=100000000 -p operationcount=1000000 -p fieldcount=10 -p fieldlength=128 -p fieldlengthdistribution=constant -p readallfields=true -p writeallfields=true -p insertorder=hashed -p requestdistribution=uniform -p readproportion=0.95 -p updateproportion=0.05 -p insertproportion=0 -p scanproportion=0 -p readmodifywriteproportion=0 -p measurementtype=hdrhistogram -p measurement.interval=op -p hdrhistogram.percentiles=50,95,99,99.9,99.99 -p status.interval=10 -p redis.host=172.16.0.4 -p redis.port=16379 -p redis.scanindex=none -p redis.timeout=10000 -p redis.cluster=false -p redis.updatecommand=keylane.hreplace -t
Command line: -db site.ycsb.db.RedisClient -s -threads 256 -P /mnt/dev/YCSB-hreplace-dist/workloads/workloada -p recordcount=100000000 -p operationcount=1000000 -p fieldcount=10 -p fieldlength=128 -p fieldlengthdistribution=constant -p readallfields=true -p writeallfields=true -p insertorder=hashed -p requestdistribution=uniform -p readproportion=0.95 -p updateproportion=0.05 -p insertproportion=0 -p scanproportion=0 -p readmodifywriteproportion=0 -p measurementtype=hdrhistogram -p measurement.interval=op -p hdrhistogram.percentiles=50,95,99,99.9,99.99 -p status.interval=10 -p redis.host=172.16.0.4 -p redis.port=16379 -p redis.scanindex=none -p redis.timeout=10000 -p redis.cluster=false -p redis.updatecommand=keylane.hreplace -t
YCSB Client 0.18.0-SNAPSHOT

Loading workload...
Starting test.
SLF4J: Failed to load class "org.slf4j.impl.StaticLoggerBinder".
SLF4J: Defaulting to no-operation (NOP) logger implementation
SLF4J: See http://www.slf4j.org/codes.html#StaticLoggerBinder for further details.
2026-09-13 12:57:45:813 0 sec: 0 operations; est completion in 0 second 
DBWrapper: report latency for each error is false and specific error codes to track for latency are: []
2026-09-13 12:57:48:428 2 sec: 1000000 operations; 372300.82 current ops/sec; [READ: Count=950059, Max=88191, Min=230, Avg=597.66, 50=527, 90=773, 99=1864, 99.9=5703, 99.99=25295] [CLEANUP: Count=256, Max=1564, Min=13, Avg=36.54, 50=22, 90=46, 99=133, 99.9=1564, 99.99=1564] [UPDATE: Count=49941, Max=84735, Min=167, Avg=481.32, 50=402, 90=614, 99=1921, 99.9=5195, 99.99=30255] 
[OVERALL], RunTime(ms), 2686
[OVERALL], Throughput(ops/sec), 372300.81906180194
[TOTAL_GCS_G1_Young_Generation], Count, 16
[TOTAL_GC_TIME_G1_Young_Generation], Time(ms), 35
[TOTAL_GC_TIME_%_G1_Young_Generation], Time(%), 1.3030528667163068
[TOTAL_GCS_G1_Old_Generation], Count, 0
[TOTAL_GC_TIME_G1_Old_Generation], Time(ms), 0
[TOTAL_GC_TIME_%_G1_Old_Generation], Time(%), 0.0
[TOTAL_GCs], Count, 16
[TOTAL_GC_TIME], Time(ms), 35
[TOTAL_GC_TIME_%], Time(%), 1.3030528667163068
[READ], Operations, 950059
[READ], AverageLatency(us), 597.656324501952
[READ], MinLatency(us), 230
[READ], MaxLatency(us), 88191
[READ], 50thPercentileLatency(us), 527
[READ], 95thPercentileLatency(us), 957
[READ], 99thPercentileLatency(us), 1864
[READ], 99.9PercentileLatency(us), 5703
[READ], 99.99PercentileLatency(us), 25295
[READ], Return=OK, 950059
[CLEANUP], Operations, 256
[CLEANUP], AverageLatency(us), 36.53515625
[CLEANUP], MinLatency(us), 13
[CLEANUP], MaxLatency(us), 1564
[CLEANUP], 50thPercentileLatency(us), 22
[CLEANUP], 95thPercentileLatency(us), 60
[CLEANUP], 99thPercentileLatency(us), 133
[CLEANUP], 99.9PercentileLatency(us), 1564
[CLEANUP], 99.99PercentileLatency(us), 1564
[UPDATE], Operations, 49941
[UPDATE], AverageLatency(us), 481.32494343325124
[UPDATE], MinLatency(us), 167
[UPDATE], MaxLatency(us), 84735
[UPDATE], 50thPercentileLatency(us), 402
[UPDATE], 95thPercentileLatency(us), 868
[UPDATE], 99thPercentileLatency(us), 1921
[UPDATE], 99.9PercentileLatency(us), 5195
[UPDATE], 99.99PercentileLatency(us), 30255
[UPDATE], Return=OK, 49941
