java -cp /mnt/dev/YCSB-hreplace-dist/redis-binding/conf:/mnt/dev/YCSB-hreplace-dist/conf:/mnt/dev/YCSB-hreplace-dist/lib/htrace-core4-4.1.0-incubating.jar:/mnt/dev/YCSB-hreplace-dist/lib/slf4j-api-1.7.25.jar:/mnt/dev/YCSB-hreplace-dist/lib/jackson-mapper-asl-1.9.4.jar:/mnt/dev/YCSB-hreplace-dist/lib/HdrHistogram-2.1.12.jar:/mnt/dev/YCSB-hreplace-dist/lib/jackson-core-asl-1.9.4.jar:/mnt/dev/YCSB-hreplace-dist/lib/jedis-3.9.0.jar:/mnt/dev/YCSB-hreplace-dist/lib/core-0.18.0-SNAPSHOT.jar:/mnt/dev/YCSB-hreplace-dist/lib/commons-pool2-2.11.1.jar:/mnt/dev/YCSB-hreplace-dist/lib/redis-binding-0.18.0-SNAPSHOT.jar site.ycsb.Client -db site.ycsb.db.RedisClient -s -threads 256 -P /mnt/dev/YCSB-hreplace-dist/workloads/workloada -p recordcount=220000000 -p operationcount=1000000 -p fieldcount=10 -p fieldlength=128 -p fieldlengthdistribution=constant -p readallfields=true -p writeallfields=true -p insertorder=hashed -p requestdistribution=uniform -p readproportion=0.95 -p updateproportion=0 -p insertproportion=0.05 -p scanproportion=0 -p readmodifywriteproportion=0 -p measurementtype=hdrhistogram -p measurement.interval=op -p hdrhistogram.percentiles=50,95,99,99.9,99.99 -p status.interval=10 -p insertstart=0 -p insertcount=100000000 -p redis.host=172.16.0.4 -p redis.port=16379 -p redis.scanindex=none -p redis.timeout=10000 -p redis.cluster=false -p redis.updatecommand=keylane.hreplace -t
Command line: -db site.ycsb.db.RedisClient -s -threads 256 -P /mnt/dev/YCSB-hreplace-dist/workloads/workloada -p recordcount=220000000 -p operationcount=1000000 -p fieldcount=10 -p fieldlength=128 -p fieldlengthdistribution=constant -p readallfields=true -p writeallfields=true -p insertorder=hashed -p requestdistribution=uniform -p readproportion=0.95 -p updateproportion=0 -p insertproportion=0.05 -p scanproportion=0 -p readmodifywriteproportion=0 -p measurementtype=hdrhistogram -p measurement.interval=op -p hdrhistogram.percentiles=50,95,99,99.9,99.99 -p status.interval=10 -p insertstart=0 -p insertcount=100000000 -p redis.host=172.16.0.4 -p redis.port=16379 -p redis.scanindex=none -p redis.timeout=10000 -p redis.cluster=false -p redis.updatecommand=keylane.hreplace -t
YCSB Client 0.18.0-SNAPSHOT

Loading workload...
Starting test.
SLF4J: Failed to load class "org.slf4j.impl.StaticLoggerBinder".
SLF4J: Defaulting to no-operation (NOP) logger implementation
SLF4J: See http://www.slf4j.org/codes.html#StaticLoggerBinder for further details.
2026-09-13 12:58:15:737 0 sec: 0 operations; est completion in 0 second 
DBWrapper: report latency for each error is false and specific error codes to track for latency are: []
2026-09-13 12:58:18:810 3 sec: 1000000 operations; 320924.26 current ops/sec; [READ: Count=950224, Max=95359, Min=229, Avg=706.35, 50=563, 90=1103, 99=2213, 99.9=9199, 99.99=42975] [CLEANUP: Count=256, Max=911, Min=13, Avg=34.23, 50=23, 90=59, 99=111, 99.9=911, 99.99=911] [INSERT: Count=49776, Max=94847, Min=183, Avg=606.11, 50=435, 90=1099, 99=2247, 99.9=8295, 99.99=47263] 
[OVERALL], RunTime(ms), 3117
[OVERALL], Throughput(ops/sec), 320821.30253448826
[TOTAL_GCS_G1_Young_Generation], Count, 16
[TOTAL_GC_TIME_G1_Young_Generation], Time(ms), 41
[TOTAL_GC_TIME_%_G1_Young_Generation], Time(%), 1.315367340391402
[TOTAL_GCS_G1_Old_Generation], Count, 0
[TOTAL_GC_TIME_G1_Old_Generation], Time(ms), 0
[TOTAL_GC_TIME_%_G1_Old_Generation], Time(%), 0.0
[TOTAL_GCs], Count, 16
[TOTAL_GC_TIME], Time(ms), 41
[TOTAL_GC_TIME_%], Time(%), 1.315367340391402
[READ], Operations, 950224
[READ], AverageLatency(us), 706.3521874842143
[READ], MinLatency(us), 229
[READ], MaxLatency(us), 95359
[READ], 50thPercentileLatency(us), 563
[READ], 95thPercentileLatency(us), 1332
[READ], 99thPercentileLatency(us), 2213
[READ], 99.9PercentileLatency(us), 9199
[READ], 99.99PercentileLatency(us), 42975
[READ], Return=OK, 950224
[CLEANUP], Operations, 256
[CLEANUP], AverageLatency(us), 34.23046875
[CLEANUP], MinLatency(us), 13
[CLEANUP], MaxLatency(us), 911
[CLEANUP], 50thPercentileLatency(us), 23
[CLEANUP], 95thPercentileLatency(us), 83
[CLEANUP], 99thPercentileLatency(us), 111
[CLEANUP], 99.9PercentileLatency(us), 911
[CLEANUP], 99.99PercentileLatency(us), 911
[INSERT], Operations, 49776
[INSERT], AverageLatency(us), 606.1109771777564
[INSERT], MinLatency(us), 183
[INSERT], MaxLatency(us), 94847
[INSERT], 50thPercentileLatency(us), 435
[INSERT], 95thPercentileLatency(us), 1358
[INSERT], 99thPercentileLatency(us), 2247
[INSERT], 99.9PercentileLatency(us), 8295
[INSERT], 99.99PercentileLatency(us), 47263
[INSERT], Return=OK, 49776
