java -cp /mnt/dev/YCSB-hreplace-dist/redis-binding/conf:/mnt/dev/YCSB-hreplace-dist/conf:/mnt/dev/YCSB-hreplace-dist/lib/htrace-core4-4.1.0-incubating.jar:/mnt/dev/YCSB-hreplace-dist/lib/slf4j-api-1.7.25.jar:/mnt/dev/YCSB-hreplace-dist/lib/jackson-mapper-asl-1.9.4.jar:/mnt/dev/YCSB-hreplace-dist/lib/HdrHistogram-2.1.12.jar:/mnt/dev/YCSB-hreplace-dist/lib/jackson-core-asl-1.9.4.jar:/mnt/dev/YCSB-hreplace-dist/lib/jedis-3.9.0.jar:/mnt/dev/YCSB-hreplace-dist/lib/core-0.18.0-SNAPSHOT.jar:/mnt/dev/YCSB-hreplace-dist/lib/commons-pool2-2.11.1.jar:/mnt/dev/YCSB-hreplace-dist/lib/redis-binding-0.18.0-SNAPSHOT.jar site.ycsb.Client -db site.ycsb.db.RedisClient -s -threads 256 -P /mnt/dev/YCSB-hreplace-dist/workloads/workloada -p recordcount=100000000 -p operationcount=1000000 -p fieldcount=10 -p fieldlength=128 -p fieldlengthdistribution=constant -p readallfields=true -p writeallfields=true -p insertorder=hashed -p requestdistribution=uniform -p readproportion=1 -p updateproportion=0 -p insertproportion=0 -p scanproportion=0 -p readmodifywriteproportion=0 -p measurementtype=hdrhistogram -p measurement.interval=op -p hdrhistogram.percentiles=50,95,99,99.9,99.99 -p status.interval=10 -p redis.host=172.16.0.4 -p redis.port=16379 -p redis.scanindex=none -p redis.timeout=10000 -p redis.cluster=false -p redis.updatecommand=keylane.hreplace -t
Command line: -db site.ycsb.db.RedisClient -s -threads 256 -P /mnt/dev/YCSB-hreplace-dist/workloads/workloada -p recordcount=100000000 -p operationcount=1000000 -p fieldcount=10 -p fieldlength=128 -p fieldlengthdistribution=constant -p readallfields=true -p writeallfields=true -p insertorder=hashed -p requestdistribution=uniform -p readproportion=1 -p updateproportion=0 -p insertproportion=0 -p scanproportion=0 -p readmodifywriteproportion=0 -p measurementtype=hdrhistogram -p measurement.interval=op -p hdrhistogram.percentiles=50,95,99,99.9,99.99 -p status.interval=10 -p redis.host=172.16.0.4 -p redis.port=16379 -p redis.scanindex=none -p redis.timeout=10000 -p redis.cluster=false -p redis.updatecommand=keylane.hreplace -t
YCSB Client 0.18.0-SNAPSHOT

Loading workload...
Starting test.
SLF4J: Failed to load class "org.slf4j.impl.StaticLoggerBinder".
SLF4J: Defaulting to no-operation (NOP) logger implementation
SLF4J: See http://www.slf4j.org/codes.html#StaticLoggerBinder for further details.
2026-09-13 12:58:01:181 0 sec: 0 operations; est completion in 0 second 
DBWrapper: report latency for each error is false and specific error codes to track for latency are: []
2026-09-13 12:58:03:621 2 sec: 1000000 operations; 403063.28 current ops/sec; [READ: Count=1000000, Max=87039, Min=222, Avg=550.71, 50=507, 90=670, 99=1268, 99.9=4963, 99.99=37375] [CLEANUP: Count=256, Max=824, Min=12, Avg=31.54, 50=23, 90=50, 99=102, 99.9=824, 99.99=824] 
[OVERALL], RunTime(ms), 2480
[OVERALL], Throughput(ops/sec), 403225.8064516129
[TOTAL_GCS_G1_Young_Generation], Count, 17
[TOTAL_GC_TIME_G1_Young_Generation], Time(ms), 24
[TOTAL_GC_TIME_%_G1_Young_Generation], Time(%), 0.967741935483871
[TOTAL_GCS_G1_Old_Generation], Count, 0
[TOTAL_GC_TIME_G1_Old_Generation], Time(ms), 0
[TOTAL_GC_TIME_%_G1_Old_Generation], Time(%), 0.0
[TOTAL_GCs], Count, 17
[TOTAL_GC_TIME], Time(ms), 24
[TOTAL_GC_TIME_%], Time(%), 0.967741935483871
[READ], Operations, 1000000
[READ], AverageLatency(us), 550.710047
[READ], MinLatency(us), 222
[READ], MaxLatency(us), 87039
[READ], 50thPercentileLatency(us), 507
[READ], 95thPercentileLatency(us), 743
[READ], 99thPercentileLatency(us), 1268
[READ], 99.9PercentileLatency(us), 4963
[READ], 99.99PercentileLatency(us), 37375
[READ], Return=OK, 1000000
[CLEANUP], Operations, 256
[CLEANUP], AverageLatency(us), 31.53515625
[CLEANUP], MinLatency(us), 12
[CLEANUP], MaxLatency(us), 824
[CLEANUP], 50thPercentileLatency(us), 23
[CLEANUP], 95thPercentileLatency(us), 72
[CLEANUP], 99thPercentileLatency(us), 102
[CLEANUP], 99.9PercentileLatency(us), 824
[CLEANUP], 99.99PercentileLatency(us), 824
