java -cp /mnt/dev/YCSB-hreplace-dist/redis-binding/conf:/mnt/dev/YCSB-hreplace-dist/conf:/mnt/dev/YCSB-hreplace-dist/lib/htrace-core4-4.1.0-incubating.jar:/mnt/dev/YCSB-hreplace-dist/lib/slf4j-api-1.7.25.jar:/mnt/dev/YCSB-hreplace-dist/lib/jackson-mapper-asl-1.9.4.jar:/mnt/dev/YCSB-hreplace-dist/lib/HdrHistogram-2.1.12.jar:/mnt/dev/YCSB-hreplace-dist/lib/jackson-core-asl-1.9.4.jar:/mnt/dev/YCSB-hreplace-dist/lib/jedis-3.9.0.jar:/mnt/dev/YCSB-hreplace-dist/lib/core-0.18.0-SNAPSHOT.jar:/mnt/dev/YCSB-hreplace-dist/lib/commons-pool2-2.11.1.jar:/mnt/dev/YCSB-hreplace-dist/lib/redis-binding-0.18.0-SNAPSHOT.jar site.ycsb.Client -db site.ycsb.db.RedisClient -s -threads 256 -P /mnt/dev/YCSB-hreplace-dist/workloads/workloada -p recordcount=100000000 -p operationcount=5000000 -p fieldcount=10 -p fieldlength=128 -p fieldlengthdistribution=constant -p readallfields=true -p writeallfields=true -p insertorder=hashed -p requestdistribution=uniform -p readproportion=0.95 -p updateproportion=0.05 -p insertproportion=0 -p scanproportion=0 -p readmodifywriteproportion=0 -p measurementtype=hdrhistogram -p measurement.interval=op -p hdrhistogram.percentiles=50,95,99,99.9,99.99 -p status.interval=10 -p redis.host=172.16.0.4 -p redis.port=16379 -p redis.scanindex=none -p redis.timeout=10000 -p redis.cluster=false -p redis.updatecommand=keylane.hreplace -t
Command line: -db site.ycsb.db.RedisClient -s -threads 256 -P /mnt/dev/YCSB-hreplace-dist/workloads/workloada -p recordcount=100000000 -p operationcount=5000000 -p fieldcount=10 -p fieldlength=128 -p fieldlengthdistribution=constant -p readallfields=true -p writeallfields=true -p insertorder=hashed -p requestdistribution=uniform -p readproportion=0.95 -p updateproportion=0.05 -p insertproportion=0 -p scanproportion=0 -p readmodifywriteproportion=0 -p measurementtype=hdrhistogram -p measurement.interval=op -p hdrhistogram.percentiles=50,95,99,99.9,99.99 -p status.interval=10 -p redis.host=172.16.0.4 -p redis.port=16379 -p redis.scanindex=none -p redis.timeout=10000 -p redis.cluster=false -p redis.updatecommand=keylane.hreplace -t
YCSB Client 0.18.0-SNAPSHOT

Loading workload...
Starting test.
SLF4J: Failed to load class "org.slf4j.impl.StaticLoggerBinder".
SLF4J: Defaulting to no-operation (NOP) logger implementation
SLF4J: See http://www.slf4j.org/codes.html#StaticLoggerBinder for further details.
2026-09-13 12:57:48:899 0 sec: 0 operations; est completion in 0 second 
DBWrapper: report latency for each error is false and specific error codes to track for latency are: []
2026-09-13 12:57:58:836 10 sec: 4330337 operations; 433033.7 current ops/sec; est completion in 2 second [READ: Count=4114215, Max=77887, Min=223, Avg=587.55, 50=532, 90=766, 99=1527, 99.9=3999, 99.99=19951] [UPDATE: Count=216810, Max=78463, Min=172, Avg=460.25, 50=405, 90=593, 99=1376, 99.9=3943, 99.99=24767] 
2026-09-13 12:58:00:768 11 sec: 5000000 operations; 346616.46 current ops/sec; [READ: Count=635656, Max=4387, Min=210, Avg=508.03, 50=484, 90=667, 99=992, 99.9=2363, 99.99=3567] [CLEANUP: Count=256, Max=981, Min=13, Avg=44.52, 50=27, 90=80, 99=135, 99.9=981, 99.99=981] [UPDATE: Count=33319, Max=3569, Min=186, Avg=388.54, 50=371, 90=513, 99=731, 99.9=1553, 99.99=2707] 
[OVERALL], RunTime(ms), 11931
[OVERALL], Throughput(ops/sec), 419076.3557120107
[TOTAL_GCS_G1_Young_Generation], Count, 78
[TOTAL_GC_TIME_G1_Young_Generation], Time(ms), 83
[TOTAL_GC_TIME_%_G1_Young_Generation], Time(%), 0.6956667504819378
[TOTAL_GCS_G1_Old_Generation], Count, 0
[TOTAL_GC_TIME_G1_Old_Generation], Time(ms), 0
[TOTAL_GC_TIME_%_G1_Old_Generation], Time(%), 0.0
[TOTAL_GCs], Count, 78
[TOTAL_GC_TIME], Time(ms), 83
[TOTAL_GC_TIME_%], Time(%), 0.6956667504819378
[READ], Operations, 4749871
[READ], AverageLatency(us), 576.9077480209462
[READ], MinLatency(us), 210
[READ], MaxLatency(us), 77887
[READ], 50thPercentileLatency(us), 526
[READ], 95thPercentileLatency(us), 899
[READ], 99thPercentileLatency(us), 1486
[READ], 99.9PercentileLatency(us), 3829
[READ], 99.99PercentileLatency(us), 17903
[READ], Return=OK, 4749871
[CLEANUP], Operations, 256
[CLEANUP], AverageLatency(us), 44.5234375
[CLEANUP], MinLatency(us), 13
[CLEANUP], MaxLatency(us), 981
[CLEANUP], 50thPercentileLatency(us), 27
[CLEANUP], 95thPercentileLatency(us), 101
[CLEANUP], 99thPercentileLatency(us), 135
[CLEANUP], 99.9PercentileLatency(us), 981
[CLEANUP], 99.99PercentileLatency(us), 981
[UPDATE], Operations, 250129
[UPDATE], AverageLatency(us), 450.6947615030644
[UPDATE], MinLatency(us), 172
[UPDATE], MaxLatency(us), 78463
[UPDATE], 50thPercentileLatency(us), 401
[UPDATE], 95thPercentileLatency(us), 730
[UPDATE], 99thPercentileLatency(us), 1334
[UPDATE], 99.9PercentileLatency(us), 3741
[UPDATE], 99.99PercentileLatency(us), 24399
[UPDATE], Return=OK, 250129
