java -cp /mnt/dev/YCSB-hreplace-dist/redis-binding/conf:/mnt/dev/YCSB-hreplace-dist/conf:/mnt/dev/YCSB-hreplace-dist/lib/htrace-core4-4.1.0-incubating.jar:/mnt/dev/YCSB-hreplace-dist/lib/slf4j-api-1.7.25.jar:/mnt/dev/YCSB-hreplace-dist/lib/jackson-mapper-asl-1.9.4.jar:/mnt/dev/YCSB-hreplace-dist/lib/HdrHistogram-2.1.12.jar:/mnt/dev/YCSB-hreplace-dist/lib/jackson-core-asl-1.9.4.jar:/mnt/dev/YCSB-hreplace-dist/lib/jedis-3.9.0.jar:/mnt/dev/YCSB-hreplace-dist/lib/core-0.18.0-SNAPSHOT.jar:/mnt/dev/YCSB-hreplace-dist/lib/commons-pool2-2.11.1.jar:/mnt/dev/YCSB-hreplace-dist/lib/redis-binding-0.18.0-SNAPSHOT.jar site.ycsb.Client -db site.ycsb.db.RedisClient -s -threads 256 -P /mnt/dev/YCSB-hreplace-dist/workloads/workloada -p recordcount=230000000 -p operationcount=5000000 -p fieldcount=10 -p fieldlength=128 -p fieldlengthdistribution=constant -p readallfields=true -p writeallfields=true -p insertorder=hashed -p requestdistribution=uniform -p readproportion=0.95 -p updateproportion=0 -p insertproportion=0.05 -p scanproportion=0 -p readmodifywriteproportion=0 -p measurementtype=hdrhistogram -p measurement.interval=op -p hdrhistogram.percentiles=50,95,99,99.9,99.99 -p status.interval=10 -p insertstart=0 -p insertcount=100000000 -p redis.host=172.16.0.4 -p redis.port=16379 -p redis.scanindex=none -p redis.timeout=10000 -p redis.cluster=false -p redis.updatecommand=keylane.hreplace -t
Command line: -db site.ycsb.db.RedisClient -s -threads 256 -P /mnt/dev/YCSB-hreplace-dist/workloads/workloada -p recordcount=230000000 -p operationcount=5000000 -p fieldcount=10 -p fieldlength=128 -p fieldlengthdistribution=constant -p readallfields=true -p writeallfields=true -p insertorder=hashed -p requestdistribution=uniform -p readproportion=0.95 -p updateproportion=0 -p insertproportion=0.05 -p scanproportion=0 -p readmodifywriteproportion=0 -p measurementtype=hdrhistogram -p measurement.interval=op -p hdrhistogram.percentiles=50,95,99,99.9,99.99 -p status.interval=10 -p insertstart=0 -p insertcount=100000000 -p redis.host=172.16.0.4 -p redis.port=16379 -p redis.scanindex=none -p redis.timeout=10000 -p redis.cluster=false -p redis.updatecommand=keylane.hreplace -t
YCSB Client 0.18.0-SNAPSHOT

Loading workload...
Starting test.
SLF4J: Failed to load class "org.slf4j.impl.StaticLoggerBinder".
SLF4J: Defaulting to no-operation (NOP) logger implementation
SLF4J: See http://www.slf4j.org/codes.html#StaticLoggerBinder for further details.
2026-09-13 12:58:19:283 0 sec: 0 operations; est completion in 0 second 
DBWrapper: report latency for each error is false and specific error codes to track for latency are: []
2026-09-13 12:58:29:241 10 sec: 4503319 operations; 450331.9 current ops/sec; est completion in 2 second [READ: Count=4278518, Max=31743, Min=224, Avg=567.01, 50=526, 90=717, 99=1345, 99.9=4595, 99.99=17199] [CLEANUP: Count=2, Max=947, Min=94, Avg=520.5, 50=94, 90=947, 99=947, 99.9=947, 99.99=947] [INSERT: Count=225558, Max=27231, Min=170, Avg=436.39, 50=402, 90=552, 99=1109, 99.9=4331, 99.99=15879] 
2026-09-13 12:58:31:134 11 sec: 5000000 operations; 262377.71 current ops/sec; [READ: Count=471195, Max=3877, Min=228, Avg=482.13, 50=459, 90=637, 99=929, 99.9=1945, 99.99=3175] [CLEANUP: Count=254, Max=956, Min=14, Avg=43.36, 50=27, 90=91, 99=136, 99.9=956, 99.99=956] [INSERT: Count=24729, Max=2671, Min=176, Avg=374.58, 50=358, 90=494, 99=704, 99.9=1522, 99.99=2443] 
[OVERALL], RunTime(ms), 11893
[OVERALL], Throughput(ops/sec), 420415.3703859413
[TOTAL_GCS_G1_Young_Generation], Count, 79
[TOTAL_GC_TIME_G1_Young_Generation], Time(ms), 79
[TOTAL_GC_TIME_%_G1_Young_Generation], Time(%), 0.6642562852097873
[TOTAL_GCS_G1_Old_Generation], Count, 0
[TOTAL_GC_TIME_G1_Old_Generation], Time(ms), 0
[TOTAL_GC_TIME_%_G1_Old_Generation], Time(%), 0.0
[TOTAL_GCs], Count, 79
[TOTAL_GC_TIME], Time(ms), 79
[TOTAL_GC_TIME_%], Time(%), 0.6642562852097873
[READ], Operations, 4749713
[READ], AverageLatency(us), 558.589720473637
[READ], MinLatency(us), 224
[READ], MaxLatency(us), 31743
[READ], 50thPercentileLatency(us), 520
[READ], 95thPercentileLatency(us), 796
[READ], 99thPercentileLatency(us), 1303
[READ], 99.9PercentileLatency(us), 4211
[READ], 99.99PercentileLatency(us), 16831
[READ], Return=OK, 4749713
[CLEANUP], Operations, 256
[CLEANUP], AverageLatency(us), 47.0859375
[CLEANUP], MinLatency(us), 14
[CLEANUP], MaxLatency(us), 956
[CLEANUP], 50thPercentileLatency(us), 27
[CLEANUP], 95thPercentileLatency(us), 107
[CLEANUP], 99thPercentileLatency(us), 136
[CLEANUP], 99.9PercentileLatency(us), 956
[CLEANUP], 99.99PercentileLatency(us), 956
[INSERT], Operations, 250287
[INSERT], AverageLatency(us), 430.2857399705139
[INSERT], MinLatency(us), 170
[INSERT], MaxLatency(us), 27231
[INSERT], 50thPercentileLatency(us), 398
[INSERT], 95thPercentileLatency(us), 612
[INSERT], 99thPercentileLatency(us), 1069
[INSERT], 99.9PercentileLatency(us), 3815
[INSERT], 99.99PercentileLatency(us), 15391
[INSERT], Return=OK, 250287
