java -cp /mnt/dev/YCSB-hreplace-dist/redis-binding/conf:/mnt/dev/YCSB-hreplace-dist/conf:/mnt/dev/YCSB-hreplace-dist/lib/htrace-core4-4.1.0-incubating.jar:/mnt/dev/YCSB-hreplace-dist/lib/slf4j-api-1.7.25.jar:/mnt/dev/YCSB-hreplace-dist/lib/jackson-mapper-asl-1.9.4.jar:/mnt/dev/YCSB-hreplace-dist/lib/HdrHistogram-2.1.12.jar:/mnt/dev/YCSB-hreplace-dist/lib/jackson-core-asl-1.9.4.jar:/mnt/dev/YCSB-hreplace-dist/lib/jedis-3.9.0.jar:/mnt/dev/YCSB-hreplace-dist/lib/core-0.18.0-SNAPSHOT.jar:/mnt/dev/YCSB-hreplace-dist/lib/commons-pool2-2.11.1.jar:/mnt/dev/YCSB-hreplace-dist/lib/redis-binding-0.18.0-SNAPSHOT.jar site.ycsb.Client -db site.ycsb.db.RedisClient -s -threads 256 -P /mnt/dev/YCSB-hreplace-dist/workloads/workloada -p recordcount=100000000 -p operationcount=1000000 -p fieldcount=10 -p fieldlength=128 -p fieldlengthdistribution=constant -p readallfields=true -p writeallfields=true -p insertorder=hashed -p requestdistribution=uniform -p readproportion=0.5 -p updateproportion=0.5 -p insertproportion=0 -p scanproportion=0 -p readmodifywriteproportion=0 -p measurementtype=hdrhistogram -p measurement.interval=both -p hdrhistogram.percentiles=50,95,99,99.9,99.99 -p status.interval=10 -p redis.host=172.16.0.4 -p redis.port=16379 -p redis.scanindex=none -p redis.timeout=10000 -p redis.cluster=false -p redis.updatecommand=keylane.hreplace -t
Command line: -db site.ycsb.db.RedisClient -s -threads 256 -P /mnt/dev/YCSB-hreplace-dist/workloads/workloada -p recordcount=100000000 -p operationcount=1000000 -p fieldcount=10 -p fieldlength=128 -p fieldlengthdistribution=constant -p readallfields=true -p writeallfields=true -p insertorder=hashed -p requestdistribution=uniform -p readproportion=0.5 -p updateproportion=0.5 -p insertproportion=0 -p scanproportion=0 -p readmodifywriteproportion=0 -p measurementtype=hdrhistogram -p measurement.interval=both -p hdrhistogram.percentiles=50,95,99,99.9,99.99 -p status.interval=10 -p redis.host=172.16.0.4 -p redis.port=16379 -p redis.scanindex=none -p redis.timeout=10000 -p redis.cluster=false -p redis.updatecommand=keylane.hreplace -t
YCSB Client 0.18.0-SNAPSHOT

Loading workload...
Starting test.
SLF4J: Failed to load class "org.slf4j.impl.StaticLoggerBinder".
SLF4J: Defaulting to no-operation (NOP) logger implementation
SLF4J: See http://www.slf4j.org/codes.html#StaticLoggerBinder for further details.
2026-09-14 10:40:38:675 0 sec: 0 operations; est completion in 0 second 
DBWrapper: report latency for each error is false and specific error codes to track for latency are: []
2026-09-14 10:40:41:201 2 sec: 1000000 operations; 390167.77 current ops/sec; [READ: Count=499183, Max=45759, Min=202, Avg=639.09, 50=515, 90=808, 99=3493, 99.9=7227, 99.99=36927] [CLEANUP: Count=256, Max=821, Min=13, Avg=32.86, 50=25, 90=52, 99=110, 99.9=821, 99.99=821] [UPDATE: Count=500817, Max=47231, Min=153, Avg=489.55, 50=387, 90=652, 99=2625, 99.9=5983, 99.99=31471] [Intended-READ: Count=499183, Max=45759, Min=202, Avg=639.13, 50=515, 90=808, 99=3493, 99.9=7227, 99.99=36927] [Intended-CLEANUP: Count=256, Max=835, Min=13, Avg=33.26, 50=25, 90=53, 99=111, 99.9=835, 99.99=835] [Intended-UPDATE: Count=500817, Max=47231, Min=153, Avg=489.58, 50=387, 90=652, 99=2625, 99.9=5983, 99.99=31471] 
[OVERALL], RunTime(ms), 2562
[OVERALL], Throughput(ops/sec), 390320.06245121
[TOTAL_GCS_G1_Young_Generation], Count, 22
[TOTAL_GC_TIME_G1_Young_Generation], Time(ms), 33
[TOTAL_GC_TIME_%_G1_Young_Generation], Time(%), 1.288056206088993
[TOTAL_GCS_G1_Old_Generation], Count, 0
[TOTAL_GC_TIME_G1_Old_Generation], Time(ms), 0
[TOTAL_GC_TIME_%_G1_Old_Generation], Time(%), 0.0
[TOTAL_GCs], Count, 22
[TOTAL_GC_TIME], Time(ms), 33
[TOTAL_GC_TIME_%], Time(%), 1.288056206088993
[READ], Operations, 499183
[READ], AverageLatency(us), 639.0876652450104
[READ], MinLatency(us), 202
[READ], MaxLatency(us), 45759
[READ], 50thPercentileLatency(us), 515
[READ], 95thPercentileLatency(us), 1190
[READ], 99thPercentileLatency(us), 3493
[READ], 99.9PercentileLatency(us), 7227
[READ], 99.99PercentileLatency(us), 36927
[READ], Return=OK, 499183
[CLEANUP], Operations, 256
[CLEANUP], AverageLatency(us), 32.85546875
[CLEANUP], MinLatency(us), 13
[CLEANUP], MaxLatency(us), 821
[CLEANUP], 50thPercentileLatency(us), 25
[CLEANUP], 95thPercentileLatency(us), 66
[CLEANUP], 99thPercentileLatency(us), 110
[CLEANUP], 99.9PercentileLatency(us), 821
[CLEANUP], 99.99PercentileLatency(us), 821
[UPDATE], Operations, 500817
[UPDATE], AverageLatency(us), 489.5454687041374
[UPDATE], MinLatency(us), 153
[UPDATE], MaxLatency(us), 47231
[UPDATE], 50thPercentileLatency(us), 387
[UPDATE], 95thPercentileLatency(us), 955
[UPDATE], 99thPercentileLatency(us), 2625
[UPDATE], 99.9PercentileLatency(us), 5983
[UPDATE], 99.99PercentileLatency(us), 31471
[UPDATE], Return=OK, 500817
[Intended-READ], Operations, 499183
[Intended-READ], AverageLatency(us), 639.1260499656439
[Intended-READ], MinLatency(us), 202
[Intended-READ], MaxLatency(us), 45759
[Intended-READ], 50thPercentileLatency(us), 515
[Intended-READ], 95thPercentileLatency(us), 1190
[Intended-READ], 99thPercentileLatency(us), 3493
[Intended-READ], 99.9PercentileLatency(us), 7227
[Intended-READ], 99.99PercentileLatency(us), 36927
[Intended-CLEANUP], Operations, 256
[Intended-CLEANUP], AverageLatency(us), 33.2578125
[Intended-CLEANUP], MinLatency(us), 13
[Intended-CLEANUP], MaxLatency(us), 835
[Intended-CLEANUP], 50thPercentileLatency(us), 25
[Intended-CLEANUP], 95thPercentileLatency(us), 66
[Intended-CLEANUP], 99thPercentileLatency(us), 111
[Intended-CLEANUP], 99.9PercentileLatency(us), 835
[Intended-CLEANUP], 99.99PercentileLatency(us), 835
[Intended-UPDATE], Operations, 500817
[Intended-UPDATE], AverageLatency(us), 489.583953819459
[Intended-UPDATE], MinLatency(us), 153
[Intended-UPDATE], MaxLatency(us), 47231
[Intended-UPDATE], 50thPercentileLatency(us), 387
[Intended-UPDATE], 95thPercentileLatency(us), 955
[Intended-UPDATE], 99thPercentileLatency(us), 2625
[Intended-UPDATE], 99.9PercentileLatency(us), 5983
[Intended-UPDATE], 99.99PercentileLatency(us), 31471
