java -cp /mnt/dev/YCSB-aerospike-dist/aerospike-binding/conf:/mnt/dev/YCSB-aerospike-dist/conf:/mnt/dev/YCSB-aerospike-dist/lib/aerospike-client-3.1.2.jar:/mnt/dev/YCSB-aerospike-dist/lib/htrace-core4-4.1.0-incubating.jar:/mnt/dev/YCSB-aerospike-dist/lib/jbcrypt-0.3m.jar:/mnt/dev/YCSB-aerospike-dist/lib/jackson-mapper-asl-1.9.4.jar:/mnt/dev/YCSB-aerospike-dist/lib/aerospike-binding-0.18.0-SNAPSHOT.jar:/mnt/dev/YCSB-aerospike-dist/lib/HdrHistogram-2.1.12.jar:/mnt/dev/YCSB-aerospike-dist/lib/jackson-core-asl-1.9.4.jar:/mnt/dev/YCSB-aerospike-dist/lib/core-0.18.0-SNAPSHOT.jar:/mnt/dev/YCSB-aerospike-dist/lib/luaj-jse-3.0.jar:/mnt/dev/YCSB-aerospike-dist/lib/gnu-crypto-2.0.1.jar site.ycsb.Client -db site.ycsb.db.AerospikeClient -s -threads 256 -P /mnt/dev/YCSB-aerospike-dist/workloads/workloada -p recordcount=100000000 -p operationcount=1000000 -p fieldcount=10 -p fieldlength=128 -p fieldlengthdistribution=constant -p readallfields=true -p writeallfields=true -p insertorder=hashed -p requestdistribution=uniform -p readproportion=1 -p updateproportion=0 -p insertproportion=0 -p scanproportion=0 -p readmodifywriteproportion=0 -p measurementtype=hdrhistogram -p measurement.interval=both -p hdrhistogram.percentiles=50,95,99,99.9,99.99 -p status.interval=10 -p as.host=172.16.0.4 -p as.port=3000 -p as.namespace=ycsb -p as.timeout=10000 -t
Command line: -db site.ycsb.db.AerospikeClient -s -threads 256 -P /mnt/dev/YCSB-aerospike-dist/workloads/workloada -p recordcount=100000000 -p operationcount=1000000 -p fieldcount=10 -p fieldlength=128 -p fieldlengthdistribution=constant -p readallfields=true -p writeallfields=true -p insertorder=hashed -p requestdistribution=uniform -p readproportion=1 -p updateproportion=0 -p insertproportion=0 -p scanproportion=0 -p readmodifywriteproportion=0 -p measurementtype=hdrhistogram -p measurement.interval=both -p hdrhistogram.percentiles=50,95,99,99.9,99.99 -p status.interval=10 -p as.host=172.16.0.4 -p as.port=3000 -p as.namespace=ycsb -p as.timeout=10000 -t
YCSB Client 0.18.0-SNAPSHOT

Loading workload...
Starting test.
2026-09-14 11:17:55:000 0 sec: 0 operations; est completion in 0 second 
DBWrapper: report latency for each error is false and specific error codes to track for latency are: []
2026-09-14 11:17:57:968 3 sec: 1000000 operations; 331785 current ops/sec; [READ: Count=1000000, Max=60959, Min=212, Avg=663.67, 50=452, 90=875, 99=4747, 99.9=11407, 99.99=36799] [CLEANUP: Count=256, Max=425, Min=23, Avg=56.41, 50=41, 90=101, 99=337, 99.9=425, 99.99=425] [Intended-READ: Count=1000000, Max=60959, Min=212, Avg=663.72, 50=452, 90=875, 99=4747, 99.9=11407, 99.99=36799] [Intended-CLEANUP: Count=256, Max=426, Min=24, Avg=56.87, 50=41, 90=101, 99=337, 99.9=426, 99.99=426] 
[OVERALL], RunTime(ms), 3013
[OVERALL], Throughput(ops/sec), 331895.1211417192
[TOTAL_GCS_G1_Young_Generation], Count, 14
[TOTAL_GC_TIME_G1_Young_Generation], Time(ms), 27
[TOTAL_GC_TIME_%_G1_Young_Generation], Time(%), 0.8961168270826418
[TOTAL_GCS_G1_Old_Generation], Count, 0
[TOTAL_GC_TIME_G1_Old_Generation], Time(ms), 0
[TOTAL_GC_TIME_%_G1_Old_Generation], Time(%), 0.0
[TOTAL_GCs], Count, 14
[TOTAL_GC_TIME], Time(ms), 27
[TOTAL_GC_TIME_%], Time(%), 0.8961168270826418
[READ], Operations, 1000000
[READ], AverageLatency(us), 663.670041
[READ], MinLatency(us), 212
[READ], MaxLatency(us), 60959
[READ], 50thPercentileLatency(us), 452
[READ], 95thPercentileLatency(us), 1670
[READ], 99thPercentileLatency(us), 4747
[READ], 99.9PercentileLatency(us), 11407
[READ], 99.99PercentileLatency(us), 36799
[READ], Return=OK, 1000000
[CLEANUP], Operations, 256
[CLEANUP], AverageLatency(us), 56.41015625
[CLEANUP], MinLatency(us), 23
[CLEANUP], MaxLatency(us), 425
[CLEANUP], 50thPercentileLatency(us), 41
[CLEANUP], 95thPercentileLatency(us), 138
[CLEANUP], 99thPercentileLatency(us), 337
[CLEANUP], 99.9PercentileLatency(us), 425
[CLEANUP], 99.99PercentileLatency(us), 425
[Intended-READ], Operations, 1000000
[Intended-READ], AverageLatency(us), 663.716423
[Intended-READ], MinLatency(us), 212
[Intended-READ], MaxLatency(us), 60959
[Intended-READ], 50thPercentileLatency(us), 452
[Intended-READ], 95thPercentileLatency(us), 1670
[Intended-READ], 99thPercentileLatency(us), 4747
[Intended-READ], 99.9PercentileLatency(us), 11407
[Intended-READ], 99.99PercentileLatency(us), 36799
[Intended-CLEANUP], Operations, 256
[Intended-CLEANUP], AverageLatency(us), 56.87109375
[Intended-CLEANUP], MinLatency(us), 24
[Intended-CLEANUP], MaxLatency(us), 426
[Intended-CLEANUP], 50thPercentileLatency(us), 41
[Intended-CLEANUP], 95thPercentileLatency(us), 139
[Intended-CLEANUP], 99thPercentileLatency(us), 337
[Intended-CLEANUP], 99.9PercentileLatency(us), 426
[Intended-CLEANUP], 99.99PercentileLatency(us), 426
