java -cp /mnt/dev/YCSB-hreplace-dist/redis-binding/conf:/mnt/dev/YCSB-hreplace-dist/conf:/mnt/dev/YCSB-hreplace-dist/lib/htrace-core4-4.1.0-incubating.jar:/mnt/dev/YCSB-hreplace-dist/lib/slf4j-api-1.7.25.jar:/mnt/dev/YCSB-hreplace-dist/lib/jackson-mapper-asl-1.9.4.jar:/mnt/dev/YCSB-hreplace-dist/lib/HdrHistogram-2.1.12.jar:/mnt/dev/YCSB-hreplace-dist/lib/jackson-core-asl-1.9.4.jar:/mnt/dev/YCSB-hreplace-dist/lib/jedis-3.9.0.jar:/mnt/dev/YCSB-hreplace-dist/lib/core-0.18.0-SNAPSHOT.jar:/mnt/dev/YCSB-hreplace-dist/lib/commons-pool2-2.11.1.jar:/mnt/dev/YCSB-hreplace-dist/lib/redis-binding-0.18.0-SNAPSHOT.jar site.ycsb.Client -db site.ycsb.db.RedisClient -s -threads 256 -P /mnt/dev/YCSB-hreplace-dist/workloads/workloada -p recordcount=100000000 -p operationcount=2000000000 -p fieldcount=10 -p fieldlength=128 -p fieldlengthdistribution=constant -p readallfields=true -p writeallfields=true -p insertorder=hashed -p requestdistribution=uniform -p readproportion=0.5 -p updateproportion=0.5 -p insertproportion=0 -p scanproportion=0 -p readmodifywriteproportion=0 -p measurementtype=hdrhistogram -p measurement.interval=both -p hdrhistogram.percentiles=50,95,99,99.9,99.99 -p status.interval=10 -p maxexecutiontime=300 -p redis.host=172.16.0.4 -p redis.port=16379 -p redis.scanindex=none -p redis.timeout=10000 -p redis.cluster=false -p redis.updatecommand=keylane.hreplace -t
Command line: -db site.ycsb.db.RedisClient -s -threads 256 -P /mnt/dev/YCSB-hreplace-dist/workloads/workloada -p recordcount=100000000 -p operationcount=2000000000 -p fieldcount=10 -p fieldlength=128 -p fieldlengthdistribution=constant -p readallfields=true -p writeallfields=true -p insertorder=hashed -p requestdistribution=uniform -p readproportion=0.5 -p updateproportion=0.5 -p insertproportion=0 -p scanproportion=0 -p readmodifywriteproportion=0 -p measurementtype=hdrhistogram -p measurement.interval=both -p hdrhistogram.percentiles=50,95,99,99.9,99.99 -p status.interval=10 -p maxexecutiontime=300 -p redis.host=172.16.0.4 -p redis.port=16379 -p redis.scanindex=none -p redis.timeout=10000 -p redis.cluster=false -p redis.updatecommand=keylane.hreplace -t
YCSB Client 0.18.0-SNAPSHOT

Loading workload...
Starting test.
SLF4J: Failed to load class "org.slf4j.impl.StaticLoggerBinder".
SLF4J: Defaulting to no-operation (NOP) logger implementation
SLF4J: See http://www.slf4j.org/codes.html#StaticLoggerBinder for further details.
Maximum execution time specified as: 300 secs
2026-09-14 10:40:41:989 0 sec: 0 operations; est completion in 0 second 
DBWrapper: report latency for each error is false and specific error codes to track for latency are: []
2026-09-14 10:40:51:947 10 sec: 4584876 operations; 458487.6 current ops/sec; est completion in 1 hour 12 minutes [READ: Count=2292300, Max=75071, Min=183, Avg=638.52, 50=532, 90=763, 99=3361, 99.9=6019, 99.99=13479] [UPDATE: Count=2296991, Max=72895, Min=155, Avg=460.83, 50=393, 90=566, 99=2359, 99.9=4859, 99.99=10199] [Intended-READ: Count=2298835, Max=75071, Min=183, Avg=638.53, 50=532, 90=763, 99=3359, 99.9=6019, 99.99=13479] [Intended-UPDATE: Count=2300330, Max=72895, Min=156, Avg=460.88, 50=393, 90=566, 99=2357, 99.9=4855, 99.99=10151] 
2026-09-14 10:41:01:946 20 sec: 9273542 operations; 468866.6 current ops/sec; est completion in 1 hour 11 minutes [READ: Count=2342599, Max=11607, Min=198, Avg=635.37, 50=531, 90=757, 99=3429, 99.9=5947, 99.99=7483] [UPDATE: Count=2343083, Max=8091, Min=156, Avg=452.1, 50=392, 90=558, 99=2291, 99.9=4695, 99.99=6007] [Intended-READ: Count=2338681, Max=11607, Min=198, Avg=635.38, 50=531, 90=757, 99=3431, 99.9=5947, 99.99=7483] [Intended-UPDATE: Count=2341358, Max=8091, Min=156, Avg=452.11, 50=392, 90=558, 99=2291, 99.9=4695, 99.99=6007] 
2026-09-14 10:41:11:946 30 sec: 13967304 operations; 469376.2 current ops/sec; est completion in 1 hour 11 minutes [READ: Count=2346410, Max=10423, Min=192, Avg=633.67, 50=532, 90=758, 99=3325, 99.9=5731, 99.99=7155] [UPDATE: Count=2346583, Max=9679, Min=157, Avg=452.65, 50=393, 90=560, 99=2261, 99.9=4571, 99.99=6035] [Intended-READ: Count=2345503, Max=10423, Min=192, Avg=633.71, 50=532, 90=758, 99=3325, 99.9=5731, 99.99=7155] [Intended-UPDATE: Count=2347746, Max=9679, Min=157, Avg=452.69, 50=393, 90=560, 99=2261, 99.9=4567, 99.99=6035] 
2026-09-14 10:41:21:946 40 sec: 18654129 operations; 468682.5 current ops/sec; est completion in 1 hour 10 minutes [READ: Count=2344462, Max=13487, Min=173, Avg=634.71, 50=534, 90=761, 99=3305, 99.9=5671, 99.99=7135] [UPDATE: Count=2342687, Max=8487, Min=162, Avg=453.13, 50=394, 90=560, 99=2253, 99.9=4487, 99.99=5847] [Intended-READ: Count=2343899, Max=13487, Min=173, Avg=634.76, 50=534, 90=761, 99=3305, 99.9=5671, 99.99=7135] [Intended-UPDATE: Count=2340957, Max=8487, Min=162, Avg=453.17, 50=394, 90=560, 99=2253, 99.9=4487, 99.99=5847] 
2026-09-14 10:41:31:946 50 sec: 23362123 operations; 470799.4 current ops/sec; est completion in 1 hour 10 minutes [READ: Count=2353942, Max=11263, Min=180, Avg=631.25, 50=531, 90=753, 99=3319, 99.9=5799, 99.99=7331] [UPDATE: Count=2353917, Max=9383, Min=156, Avg=451.73, 50=393, 90=556, 99=2265, 99.9=4627, 99.99=5919] [Intended-READ: Count=2353711, Max=11263, Min=180, Avg=631.31, 50=531, 90=753, 99=3319, 99.9=5799, 99.99=7331] [Intended-UPDATE: Count=2354003, Max=9383, Min=157, Avg=451.75, 50=393, 90=556, 99=2265, 99.9=4627, 99.99=5919] 
2026-09-14 10:41:41:946 60 sec: 28061178 operations; 469905.5 current ops/sec; est completion in 1 hour 10 minutes [READ: Count=2349633, Max=10063, Min=195, Avg=632.29, 50=531, 90=760, 99=3337, 99.9=5731, 99.99=7359] [UPDATE: Count=2349194, Max=10215, Min=159, Avg=452.83, 50=392, 90=561, 99=2271, 99.9=4599, 99.99=5995] [Intended-READ: Count=2349535, Max=10063, Min=195, Avg=632.31, 50=531, 90=760, 99=3337, 99.9=5731, 99.99=7359] [Intended-UPDATE: Count=2348976, Max=10215, Min=159, Avg=452.86, 50=392, 90=561, 99=2271, 99.9=4599, 99.99=5995] 
2026-09-14 10:41:51:946 70 sec: 32756476 operations; 469529.8 current ops/sec; est completion in 1 hour 10 minutes [READ: Count=2348908, Max=203135, Min=183, Avg=633.79, 50=532, 90=759, 99=3319, 99.9=5759, 99.99=7195] [UPDATE: Count=2346506, Max=33567, Min=157, Avg=452.19, 50=393, 90=559, 99=2245, 99.9=4575, 99.99=6023] [Intended-READ: Count=2348935, Max=203135, Min=183, Avg=633.81, 50=532, 90=759, 99=3319, 99.9=5759, 99.99=7195] [Intended-UPDATE: Count=2346376, Max=33567, Min=157, Avg=452.23, 50=393, 90=559, 99=2245, 99.9=4575, 99.99=6023] 
2026-09-14 10:42:01:946 80 sec: 37449347 operations; 469287.1 current ops/sec; est completion in 1 hour 9 minutes [READ: Count=2346477, Max=11495, Min=187, Avg=633.83, 50=533, 90=755, 99=3337, 99.9=5727, 99.99=7151] [UPDATE: Count=2346214, Max=10495, Min=156, Avg=452.75, 50=393, 90=557, 99=2291, 99.9=4535, 99.99=5939] [Intended-READ: Count=2346225, Max=11495, Min=187, Avg=633.88, 50=533, 90=755, 99=3337, 99.9=5727, 99.99=7151] [Intended-UPDATE: Count=2345961, Max=10495, Min=156, Avg=452.79, 50=393, 90=557, 99=2291, 99.9=4535, 99.99=5939] 
2026-09-14 10:42:11:946 90 sec: 42138531 operations; 468918.4 current ops/sec; est completion in 1 hour 9 minutes [READ: Count=2344728, Max=13015, Min=179, Avg=635.24, 50=533, 90=759, 99=3357, 99.9=5747, 99.99=7151] [UPDATE: Count=2344563, Max=8751, Min=160, Avg=452.27, 50=393, 90=559, 99=2255, 99.9=4495, 99.99=5895] [Intended-READ: Count=2344741, Max=13015, Min=179, Avg=635.27, 50=533, 90=759, 99=3357, 99.9=5747, 99.99=7151] [Intended-UPDATE: Count=2344870, Max=8751, Min=160, Avg=452.29, 50=393, 90=559, 99=2255, 99.9=4495, 99.99=5895] 
2026-09-14 10:42:21:946 100 sec: 46839657 operations; 470112.6 current ops/sec; est completion in 1 hour 9 minutes [READ: Count=2349976, Max=10831, Min=175, Avg=633.57, 50=531, 90=755, 99=3385, 99.9=5975, 99.99=7267] [UPDATE: Count=2351233, Max=9759, Min=156, Avg=451.26, 50=392, 90=557, 99=2273, 99.9=4635, 99.99=6019] [Intended-READ: Count=2350228, Max=10831, Min=175, Avg=633.61, 50=531, 90=755, 99=3385, 99.9=5975, 99.99=7263] [Intended-UPDATE: Count=2351080, Max=9759, Min=156, Avg=451.31, 50=392, 90=557, 99=2273, 99.9=4635, 99.99=6019] 
2026-09-14 10:42:31:946 110 sec: 51557027 operations; 471737 current ops/sec; est completion in 1 hour 9 minutes [READ: Count=2359252, Max=11351, Min=194, Avg=628.6, 50=529, 90=752, 99=3289, 99.9=5715, 99.99=7235] [UPDATE: Count=2357760, Max=9279, Min=156, Avg=452.37, 50=392, 90=558, 99=2289, 99.9=4619, 99.99=5943] [Intended-READ: Count=2358836, Max=11351, Min=194, Avg=628.69, 50=529, 90=752, 99=3291, 99.9=5715, 99.99=7235] [Intended-UPDATE: Count=2357358, Max=9279, Min=156, Avg=452.39, 50=392, 90=558, 99=2289, 99.9=4619, 99.99=5943] 
2026-09-14 10:42:41:946 120 sec: 56235912 operations; 467888.5 current ops/sec; est completion in 1 hour 9 minutes [READ: Count=2338702, Max=11231, Min=188, Avg=636.87, 50=533, 90=765, 99=3331, 99.9=5831, 99.99=7195] [UPDATE: Count=2340212, Max=8447, Min=159, Avg=453.21, 50=393, 90=561, 99=2255, 99.9=4631, 99.99=5903] [Intended-READ: Count=2338746, Max=11231, Min=189, Avg=636.85, 50=533, 90=765, 99=3331, 99.9=5831, 99.99=7195] [Intended-UPDATE: Count=2340436, Max=8447, Min=159, Avg=453.24, 50=393, 90=561, 99=2255, 99.9=4631, 99.99=5903] 
2026-09-14 10:42:51:946 130 sec: 60937847 operations; 470193.5 current ops/sec; est completion in 1 hour 8 minutes [READ: Count=2351684, Max=12015, Min=194, Avg=633.4, 50=531, 90=755, 99=3349, 99.9=5863, 99.99=7319] [UPDATE: Count=2350470, Max=9167, Min=160, Avg=451.22, 50=391, 90=556, 99=2277, 99.9=4623, 99.99=6099] [Intended-READ: Count=2352351, Max=12015, Min=194, Avg=633.41, 50=531, 90=755, 99=3347, 99.9=5863, 99.99=7319] [Intended-UPDATE: Count=2351237, Max=9167, Min=160, Avg=451.25, 50=392, 90=556, 99=2277, 99.9=4623, 99.99=6099] 
2026-09-14 10:43:01:946 140 sec: 65642500 operations; 470465.3 current ops/sec; est completion in 1 hour 8 minutes [READ: Count=2352880, Max=11119, Min=186, Avg=632.06, 50=531, 90=756, 99=3343, 99.9=5843, 99.99=7423] [UPDATE: Count=2351602, Max=9263, Min=149, Avg=451.94, 50=392, 90=558, 99=2285, 99.9=4615, 99.99=6071] [Intended-READ: Count=2352200, Max=11119, Min=186, Avg=632.13, 50=531, 90=756, 99=3343, 99.9=5843, 99.99=7423] [Intended-UPDATE: Count=2350811, Max=9263, Min=149, Avg=451.99, 50=392, 90=558, 99=2285, 99.9=4619, 99.99=6071] 
2026-09-14 10:43:11:946 150 sec: 70335190 operations; 469269 current ops/sec; est completion in 1 hour 8 minutes [READ: Count=2347373, Max=10591, Min=184, Avg=633.5, 50=532, 90=759, 99=3331, 99.9=5747, 99.99=7083] [UPDATE: Count=2345330, Max=9351, Min=162, Avg=453.06, 50=393, 90=560, 99=2281, 99.9=4511, 99.99=5895] [Intended-READ: Count=2347609, Max=10591, Min=184, Avg=633.76, 50=532, 90=759, 99=3335, 99.9=5751, 99.99=7087] [Intended-UPDATE: Count=2345201, Max=9351, Min=162, Avg=453.09, 50=393, 90=560, 99=2281, 99.9=4511, 99.99=5895] 
2026-09-14 10:43:21:946 160 sec: 75055918 operations; 472072.8 current ops/sec; est completion in 1 hour 8 minutes [READ: Count=2360510, Max=11215, Min=184, Avg=629.57, 50=531, 90=753, 99=3261, 99.9=5727, 99.99=7375] [UPDATE: Count=2360067, Max=9975, Min=159, Avg=450.96, 50=392, 90=556, 99=2247, 99.9=4507, 99.99=5891] [Intended-READ: Count=2360568, Max=11215, Min=184, Avg=629.44, 50=531, 90=753, 99=3259, 99.9=5715, 99.99=7351] [Intended-UPDATE: Count=2360504, Max=9975, Min=159, Avg=451.02, 50=392, 90=556, 99=2247, 99.9=4507, 99.99=5891] 
2026-09-14 10:43:31:946 170 sec: 79740059 operations; 468414.1 current ops/sec; est completion in 1 hour 8 minutes [READ: Count=2341473, Max=11111, Min=199, Avg=636.01, 50=534, 90=761, 99=3343, 99.9=5735, 99.99=7227] [UPDATE: Count=2342791, Max=9839, Min=160, Avg=452.93, 50=394, 90=559, 99=2263, 99.9=4507, 99.99=5943] [Intended-READ: Count=2341568, Max=11111, Min=199, Avg=635.98, 50=534, 90=761, 99=3341, 99.9=5735, 99.99=7227] [Intended-UPDATE: Count=2342761, Max=9839, Min=160, Avg=452.94, 50=394, 90=559, 99=2263, 99.9=4507, 99.99=5943] 
2026-09-14 10:43:41:946 180 sec: 84454035 operations; 471397.6 current ops/sec; est completion in 1 hour 8 minutes [READ: Count=2356238, Max=10487, Min=189, Avg=630.33, 50=530, 90=753, 99=3319, 99.9=5859, 99.99=7471] [UPDATE: Count=2357745, Max=8463, Min=158, Avg=451.68, 50=391, 90=556, 99=2289, 99.9=4687, 99.99=5943] [Intended-READ: Count=2355933, Max=10487, Min=189, Avg=630.37, 50=530, 90=753, 99=3319, 99.9=5859, 99.99=7471] [Intended-UPDATE: Count=2357725, Max=8463, Min=158, Avg=451.72, 50=391, 90=556, 99=2289, 99.9=4687, 99.99=5943] 
2026-09-14 10:43:51:946 190 sec: 89148558 operations; 469452.3 current ops/sec; est completion in 1 hour 7 minutes [READ: Count=2346967, Max=9607, Min=180, Avg=633.82, 50=533, 90=759, 99=3323, 99.9=5719, 99.99=7147] [UPDATE: Count=2347589, Max=8975, Min=153, Avg=452.68, 50=393, 90=559, 99=2271, 99.9=4587, 99.99=5959] [Intended-READ: Count=2347213, Max=9607, Min=180, Avg=633.85, 50=533, 90=759, 99=3323, 99.9=5719, 99.99=7147] [Intended-UPDATE: Count=2347893, Max=8975, Min=154, Avg=452.71, 50=393, 90=559, 99=2271, 99.9=4587, 99.99=5959] 
2026-09-14 10:44:01:946 200 sec: 93837456 operations; 468889.8 current ops/sec; est completion in 1 hour 7 minutes [READ: Count=2344260, Max=10183, Min=196, Avg=634.89, 50=532, 90=760, 99=3343, 99.9=5811, 99.99=7099] [UPDATE: Count=2344531, Max=10391, Min=160, Avg=452.85, 50=393, 90=559, 99=2273, 99.9=4575, 99.99=6051] [Intended-READ: Count=2343873, Max=10183, Min=196, Avg=634.94, 50=533, 90=760, 99=3343, 99.9=5811, 99.99=7099] [Intended-UPDATE: Count=2343995, Max=10391, Min=160, Avg=452.89, 50=393, 90=559, 99=2273, 99.9=4575, 99.99=6051] 
2026-09-14 10:44:11:946 210 sec: 98532626 operations; 469517 current ops/sec; est completion in 1 hour 7 minutes [READ: Count=2346268, Max=11207, Min=193, Avg=634.51, 50=531, 90=759, 99=3369, 99.9=5919, 99.99=7451] [UPDATE: Count=2348926, Max=10319, Min=159, Avg=451.96, 50=392, 90=558, 99=2271, 99.9=4635, 99.99=5931] [Intended-READ: Count=2346360, Max=11207, Min=193, Avg=634.55, 50=531, 90=759, 99=3369, 99.9=5919, 99.99=7451] [Intended-UPDATE: Count=2349210, Max=10319, Min=159, Avg=452, 50=392, 90=558, 99=2271, 99.9=4635, 99.99=5931] 
2026-09-14 10:44:21:946 220 sec: 103227577 operations; 469495.1 current ops/sec; est completion in 1 hour 7 minutes [READ: Count=2348111, Max=11391, Min=192, Avg=634.61, 50=533, 90=759, 99=3313, 99.9=5747, 99.99=7107] [UPDATE: Count=2347213, Max=9423, Min=156, Avg=451.74, 50=392, 90=558, 99=2255, 99.9=4599, 99.99=5963] [Intended-READ: Count=2348407, Max=11391, Min=192, Avg=634.63, 50=533, 90=759, 99=3313, 99.9=5747, 99.99=7107] [Intended-UPDATE: Count=2346923, Max=9423, Min=156, Avg=451.76, 50=392, 90=558, 99=2255, 99.9=4599, 99.99=5963] 
2026-09-14 10:44:31:947 230 sec: 107922161 operations; 469458.4 current ops/sec; est completion in 1 hour 7 minutes [READ: Count=2348882, Max=10623, Min=208, Avg=634.09, 50=532, 90=759, 99=3327, 99.9=5739, 99.99=6983] [UPDATE: Count=2345438, Max=9415, Min=157, Avg=452.38, 50=392, 90=558, 99=2281, 99.9=4551, 99.99=5887] [Intended-READ: Count=2348583, Max=10623, Min=208, Avg=634.13, 50=532, 90=759, 99=3329, 99.9=5739, 99.99=6983] [Intended-UPDATE: Count=2345446, Max=9415, Min=157, Avg=452.42, 50=392, 90=558, 99=2281, 99.9=4551, 99.99=5887] 
2026-09-14 10:44:41:946 240 sec: 112618465 operations; 469630.4 current ops/sec; est completion in 1 hour 7 minutes [READ: Count=2346275, Max=10199, Min=200, Avg=634.15, 50=532, 90=759, 99=3365, 99.9=5839, 99.99=7103] [UPDATE: Count=2349966, Max=9039, Min=159, Avg=452.05, 50=392, 90=558, 99=2287, 99.9=4651, 99.99=5935] [Intended-READ: Count=2346250, Max=10199, Min=200, Avg=634.2, 50=532, 90=759, 99=3365, 99.9=5839, 99.99=7103] [Intended-UPDATE: Count=2349965, Max=9039, Min=159, Avg=452.09, 50=392, 90=558, 99=2287, 99.9=4651, 99.99=5935] 
2026-09-14 10:44:51:946 250 sec: 117326512 operations; 470804.7 current ops/sec; est completion in 1 hour 6 minutes [READ: Count=2352790, Max=11775, Min=204, Avg=631.82, 50=530, 90=755, 99=3341, 99.9=5843, 99.99=7127] [UPDATE: Count=2355410, Max=9687, Min=152, Avg=451.74, 50=392, 90=557, 99=2265, 99.9=4643, 99.99=6023] [Intended-READ: Count=2353067, Max=11775, Min=204, Avg=631.86, 50=530, 90=755, 99=3341, 99.9=5843, 99.99=7127] [Intended-UPDATE: Count=2355393, Max=9687, Min=153, Avg=451.77, 50=392, 90=557, 99=2267, 99.9=4643, 99.99=6023] 
2026-09-14 10:45:01:946 260 sec: 122003022 operations; 467651 current ops/sec; est completion in 1 hour 6 minutes [READ: Count=2337248, Max=10495, Min=192, Avg=637.74, 50=533, 90=764, 99=3357, 99.9=5751, 99.99=7155] [UPDATE: Count=2339080, Max=9079, Min=161, Avg=453.12, 50=392, 90=560, 99=2283, 99.9=4499, 99.99=6015] [Intended-READ: Count=2337269, Max=10495, Min=192, Avg=637.78, 50=533, 90=764, 99=3357, 99.9=5751, 99.99=7155] [Intended-UPDATE: Count=2339410, Max=9079, Min=161, Avg=453.16, 50=392, 90=560, 99=2283, 99.9=4499, 99.99=6015] 
2026-09-14 10:45:11:946 270 sec: 126708875 operations; 470585.3 current ops/sec; est completion in 1 hour 6 minutes [READ: Count=2351507, Max=12087, Min=180, Avg=632.52, 50=532, 90=757, 99=3317, 99.9=5791, 99.99=7487] [UPDATE: Count=2354710, Max=9983, Min=160, Avg=451.51, 50=392, 90=556, 99=2265, 99.9=4531, 99.99=5999] [Intended-READ: Count=2351823, Max=12087, Min=180, Avg=632.53, 50=532, 90=757, 99=3317, 99.9=5791, 99.99=7487] [Intended-UPDATE: Count=2354633, Max=9983, Min=160, Avg=451.53, 50=392, 90=556, 99=2265, 99.9=4531, 99.99=5999] 
2026-09-14 10:45:21:946 280 sec: 131409897 operations; 470102.2 current ops/sec; est completion in 1 hour 6 minutes [READ: Count=2351319, Max=11895, Min=180, Avg=633.18, 50=533, 90=756, 99=3299, 99.9=5755, 99.99=7139] [UPDATE: Count=2349323, Max=9007, Min=158, Avg=451.87, 50=393, 90=556, 99=2269, 99.9=4579, 99.99=5923] [Intended-READ: Count=2350682, Max=11895, Min=180, Avg=633.24, 50=533, 90=757, 99=3299, 99.9=5755, 99.99=7139] [Intended-UPDATE: Count=2349060, Max=9007, Min=158, Avg=451.92, 50=393, 90=556, 99=2269, 99.9=4579, 99.99=5923] 
2026-09-14 10:45:31:946 290 sec: 136106408 operations; 469651.1 current ops/sec; est completion in 1 hour 6 minutes [READ: Count=2345876, Max=11783, Min=184, Avg=634.22, 50=531, 90=759, 99=3329, 99.9=5731, 99.99=6943] [UPDATE: Count=2350678, Max=9159, Min=160, Avg=452.12, 50=392, 90=557, 99=2281, 99.9=4543, 99.99=5867] [Intended-READ: Count=2345921, Max=11783, Min=185, Avg=634.25, 50=531, 90=759, 99=3329, 99.9=5731, 99.99=6943] [Intended-UPDATE: Count=2350720, Max=9159, Min=160, Avg=452.15, 50=392, 90=557, 99=2281, 99.9=4543, 99.99=5867] 
2026-09-14 10:45:41:946 300 sec: 140799254 operations; 469284.6 current ops/sec; est completion in 1 hour 6 minutes [READ: Count=2346617, Max=11303, Min=178, Avg=635.1, 50=532, 90=760, 99=3359, 99.9=5783, 99.99=7239] [UPDATE: Count=2346180, Max=9223, Min=157, Avg=451.95, 50=392, 90=559, 99=2257, 99.9=4579, 99.99=6047] [Intended-READ: Count=2346542, Max=11303, Min=178, Avg=635.13, 50=532, 90=760, 99=3359, 99.9=5783, 99.99=7239] [Intended-UPDATE: Count=2346057, Max=9223, Min=157, Avg=451.98, 50=392, 90=559, 99=2257, 99.9=4579, 99.99=6047] 
Maximum time elapsed. Requesting stop for the workload.
Stop requested for workload. Now Joining!
2026-09-14 10:45:41:981 300 sec: 140813583 operations; 409400 current ops/sec; est completion in 1 hour 6 minutes [READ: Count=7020, Max=3663, Min=261, Avg=630.51, 50=555, 90=802, 99=2411, 99.9=3421, 99.99=3663] [CLEANUP: Count=256, Max=3271, Min=10, Avg=908.32, 50=24, 90=2707, 99=3187, 99.9=3271, 99.99=3271] [UPDATE: Count=6904, Max=2447, Min=181, Avg=440.19, 50=407, 90=575, 99=1366, 99.9=2297, 99.99=2447] [Intended-READ: Count=6593, Max=3663, Min=261, Avg=636.1, 50=557, 90=817, 99=2449, 99.9=3427, 99.99=3663] [Intended-CLEANUP: Count=256, Max=3273, Min=10, Avg=908.46, 50=24, 90=2707, 99=3187, 99.9=3273, 99.99=3273] [Intended-UPDATE: Count=6501, Max=2447, Min=185, Avg=443.78, 50=409, 90=579, 99=1382, 99.9=2297, 99.99=2447] 
[OVERALL], RunTime(ms), 300034
[OVERALL], Throughput(ops/sec), 469325.4197857576
[TOTAL_GCS_G1_Young_Generation], Count, 2315
[TOTAL_GC_TIME_G1_Young_Generation], Time(ms), 1914
[TOTAL_GC_TIME_%_G1_Young_Generation], Time(%), 0.6379277015271603
[TOTAL_GCS_G1_Old_Generation], Count, 0
[TOTAL_GC_TIME_G1_Old_Generation], Time(ms), 0
[TOTAL_GC_TIME_%_G1_Old_Generation], Time(%), 0.0
[TOTAL_GCs], Count, 2315
[TOTAL_GC_TIME], Time(ms), 1914
[TOTAL_GC_TIME_%], Time(%), 0.6379277015271603
[READ], Operations, 70400687
[READ], AverageLatency(us), 633.7665762409392
[READ], MinLatency(us), 173
[READ], MaxLatency(us), 203135
[READ], 50thPercentileLatency(us), 532
[READ], 95thPercentileLatency(us), 1118
[READ], 99thPercentileLatency(us), 3335
[READ], 99.9PercentileLatency(us), 5799
[READ], 99.99PercentileLatency(us), 7291
[READ], Return=OK, 70400687
[CLEANUP], Operations, 256
[CLEANUP], AverageLatency(us), 908.32421875
[CLEANUP], MinLatency(us), 10
[CLEANUP], MaxLatency(us), 3271
[CLEANUP], 50thPercentileLatency(us), 24
[CLEANUP], 95thPercentileLatency(us), 2921
[CLEANUP], 99thPercentileLatency(us), 3187
[CLEANUP], 99.9PercentileLatency(us), 3271
[CLEANUP], 99.99PercentileLatency(us), 3271
[UPDATE], Operations, 70412896
[UPDATE], AverageLatency(us), 452.49449252875496
[UPDATE], MinLatency(us), 149
[UPDATE], MaxLatency(us), 72895
[UPDATE], 50thPercentileLatency(us), 392
[UPDATE], 95thPercentileLatency(us), 692
[UPDATE], 99thPercentileLatency(us), 2273
[UPDATE], 99.9PercentileLatency(us), 4591
[UPDATE], 99.99PercentileLatency(us), 5999
[UPDATE], Return=OK, 70412896
[Intended-READ], Operations, 70400687
[Intended-READ], AverageLatency(us), 633.8015449053786
[Intended-READ], MinLatency(us), 173
[Intended-READ], MaxLatency(us), 203135
[Intended-READ], 50thPercentileLatency(us), 532
[Intended-READ], 95thPercentileLatency(us), 1119
[Intended-READ], 99thPercentileLatency(us), 3335
[Intended-READ], 99.9PercentileLatency(us), 5799
[Intended-READ], 99.99PercentileLatency(us), 7291
[Intended-CLEANUP], Operations, 256
[Intended-CLEANUP], AverageLatency(us), 908.4609375
[Intended-CLEANUP], MinLatency(us), 10
[Intended-CLEANUP], MaxLatency(us), 3273
[Intended-CLEANUP], 50thPercentileLatency(us), 24
[Intended-CLEANUP], 95thPercentileLatency(us), 2921
[Intended-CLEANUP], 99thPercentileLatency(us), 3187
[Intended-CLEANUP], 99.9PercentileLatency(us), 3273
[Intended-CLEANUP], 99.99PercentileLatency(us), 3273
[Intended-UPDATE], Operations, 70412896
[Intended-UPDATE], AverageLatency(us), 452.5300619931894
[Intended-UPDATE], MinLatency(us), 149
[Intended-UPDATE], MaxLatency(us), 72895
[Intended-UPDATE], 50thPercentileLatency(us), 392
[Intended-UPDATE], 95thPercentileLatency(us), 692
[Intended-UPDATE], 99thPercentileLatency(us), 2273
[Intended-UPDATE], 99.9PercentileLatency(us), 4591
[Intended-UPDATE], 99.99PercentileLatency(us), 5999
