START SERVER main-f666837-abcd-20260914
READY main-f666837-abcd-20260914 count=100000000
START main-f666837-abcd-20260914-hreplace-c-c256-target100000-warmup
DONE main-f666837-abcd-20260914-hreplace-c-c256-target100000-warmup qps=98795 errors=0
START main-f666837-abcd-20260914-hreplace-c-c256-target100000-measured
DONE main-f666837-abcd-20260914-hreplace-c-c256-target100000-measured qps=99975 errors=0
RESULT 1/16 hreplace C target=100000: 99975 QPS, errors=0
START main-f666837-abcd-20260914-hreplace-c-c256-warmup
DONE main-f666837-abcd-20260914-hreplace-c-c256-warmup qps=309693 errors=0
START main-f666837-abcd-20260914-hreplace-c-c256-measured
DONE main-f666837-abcd-20260914-hreplace-c-c256-measured qps=546596 errors=0
RESULT 2/16 hreplace C target=0: 546596 QPS, errors=0
START main-f666837-abcd-20260914-hreplace-a-c256-target100000-warmup
DONE main-f666837-abcd-20260914-hreplace-a-c256-target100000-warmup qps=98883 errors=0
START main-f666837-abcd-20260914-hreplace-a-c256-target100000-measured
DONE main-f666837-abcd-20260914-hreplace-a-c256-target100000-measured qps=99973 errors=0
RESULT 3/16 hreplace A target=100000: 99973 QPS, errors=0
START main-f666837-abcd-20260914-hreplace-a-c256-warmup
DONE main-f666837-abcd-20260914-hreplace-a-c256-warmup qps=390320 errors=0
START main-f666837-abcd-20260914-hreplace-a-c256-measured
DONE main-f666837-abcd-20260914-hreplace-a-c256-measured qps=469325 errors=0
RESULT 4/16 hreplace A target=0: 469325 QPS, errors=0
START main-f666837-abcd-20260914-hreplace-b-c256-target100000-warmup
DONE main-f666837-abcd-20260914-hreplace-b-c256-target100000-warmup qps=98971 errors=0
START main-f666837-abcd-20260914-hreplace-b-c256-target100000-measured
DONE main-f666837-abcd-20260914-hreplace-b-c256-target100000-measured qps=99971 errors=0
RESULT 5/16 hreplace B target=100000: 99971 QPS, errors=0
START main-f666837-abcd-20260914-hreplace-b-c256-warmup
DONE main-f666837-abcd-20260914-hreplace-b-c256-warmup qps=345185 errors=0
START main-f666837-abcd-20260914-hreplace-b-c256-measured
DONE main-f666837-abcd-20260914-hreplace-b-c256-measured qps=530361 errors=0
RESULT 6/16 hreplace B target=0: 530361 QPS, errors=0
START main-f666837-abcd-20260914-hreplace-d-c256-target100000-warmup
DONE main-f666837-abcd-20260914-hreplace-d-c256-target100000-warmup qps=99000 errors=0
START main-f666837-abcd-20260914-hreplace-d-c256-target100000-measured
DONE main-f666837-abcd-20260914-hreplace-d-c256-target100000-measured qps=99974 errors=0
RESULT 7/16 hreplace D target=100000: 99974 QPS, errors=0
START main-f666837-abcd-20260914-hreplace-d-c256-warmup
DONE main-f666837-abcd-20260914-hreplace-d-c256-warmup qps=337382 errors=0
START main-f666837-abcd-20260914-hreplace-d-c256-measured
DONE main-f666837-abcd-20260914-hreplace-d-c256-measured qps=542007 errors=0
RESULT 8/16 hreplace D target=0: 542007 QPS, errors=0
Running as unit: aerospike-ycsb-compare.service; invocation ID: d059b0a554d74ff5a061d3664afd2539
RECOVER Aerospike on its preserved partition
START main-f666837-abcd-20260914-aerospike-c-c256-target100000-warmup
DONE main-f666837-abcd-20260914-aerospike-c-c256-target100000-warmup qps=97295 errors=0
START main-f666837-abcd-20260914-aerospike-c-c256-target100000-measured
DONE main-f666837-abcd-20260914-aerospike-c-c256-target100000-measured qps=99931 errors=0
RESULT 9/16 aerospike C target=100000: 99931 QPS, errors=0
START main-f666837-abcd-20260914-aerospike-c-c256-warmup
DONE main-f666837-abcd-20260914-aerospike-c-c256-warmup qps=331895 errors=0
START main-f666837-abcd-20260914-aerospike-c-c256-measured
DONE main-f666837-abcd-20260914-aerospike-c-c256-measured qps=404598 errors=0
RESULT 10/16 aerospike C target=0: 404598 QPS, errors=0
START main-f666837-abcd-20260914-aerospike-a-c256-target100000-warmup
DONE main-f666837-abcd-20260914-aerospike-a-c256-target100000-warmup qps=93941 errors=0
START main-f666837-abcd-20260914-aerospike-a-c256-target100000-measured
DONE main-f666837-abcd-20260914-aerospike-a-c256-target100000-measured qps=99894 errors=0
RESULT 11/16 aerospike A target=100000: 99894 QPS, errors=0
START main-f666837-abcd-20260914-aerospike-a-c256-warmup
DONE main-f666837-abcd-20260914-aerospike-a-c256-warmup qps=393856 errors=0
START main-f666837-abcd-20260914-aerospike-a-c256-measured
DONE main-f666837-abcd-20260914-aerospike-a-c256-measured qps=485671 errors=0
RESULT 12/16 aerospike A target=0: 485671 QPS, errors=0
START main-f666837-abcd-20260914-aerospike-b-c256-target100000-warmup
DONE main-f666837-abcd-20260914-aerospike-b-c256-target100000-warmup qps=97934 errors=0
START main-f666837-abcd-20260914-aerospike-b-c256-target100000-measured
DONE main-f666837-abcd-20260914-aerospike-b-c256-target100000-measured qps=99846 errors=0
RESULT 13/16 aerospike B target=100000: 99846 QPS, errors=0
START main-f666837-abcd-20260914-aerospike-b-c256-warmup
DONE main-f666837-abcd-20260914-aerospike-b-c256-warmup qps=318269 errors=0
START main-f666837-abcd-20260914-aerospike-b-c256-measured
DONE main-f666837-abcd-20260914-aerospike-b-c256-measured qps=415142 errors=0
RESULT 14/16 aerospike B target=0: 415142 QPS, errors=0
START main-f666837-abcd-20260914-aerospike-d-c256-target100000-warmup
DONE main-f666837-abcd-20260914-aerospike-d-c256-target100000-warmup qps=97333 errors=0
START main-f666837-abcd-20260914-aerospike-d-c256-target100000-measured
DONE main-f666837-abcd-20260914-aerospike-d-c256-target100000-measured qps=99919 errors=0
RESULT 15/16 aerospike D target=100000: 99919 QPS, errors=0
START main-f666837-abcd-20260914-aerospike-d-c256-warmup
DONE main-f666837-abcd-20260914-aerospike-d-c256-warmup qps=320513 errors=0
START main-f666837-abcd-20260914-aerospike-d-c256-measured
DONE main-f666837-abcd-20260914-aerospike-d-c256-measured qps=412465 errors=0
RESULT 16/16 aerospike D target=0: 412465 QPS, errors=0
