java -cp /mnt/dev/YCSB-aerospike-dist/aerospike-binding/conf:/mnt/dev/YCSB-aerospike-dist/conf:/mnt/dev/YCSB-aerospike-dist/lib/aerospike-client-3.1.2.jar:/mnt/dev/YCSB-aerospike-dist/lib/htrace-core4-4.1.0-incubating.jar:/mnt/dev/YCSB-aerospike-dist/lib/jbcrypt-0.3m.jar:/mnt/dev/YCSB-aerospike-dist/lib/jackson-mapper-asl-1.9.4.jar:/mnt/dev/YCSB-aerospike-dist/lib/aerospike-binding-0.18.0-SNAPSHOT.jar:/mnt/dev/YCSB-aerospike-dist/lib/HdrHistogram-2.1.12.jar:/mnt/dev/YCSB-aerospike-dist/lib/jackson-core-asl-1.9.4.jar:/mnt/dev/YCSB-aerospike-dist/lib/core-0.18.0-SNAPSHOT.jar:/mnt/dev/YCSB-aerospike-dist/lib/luaj-jse-3.0.jar:/mnt/dev/YCSB-aerospike-dist/lib/gnu-crypto-2.0.1.jar site.ycsb.Client -db site.ycsb.db.AerospikeClient -s -threads 256 -P /mnt/dev/YCSB-aerospike-dist/workloads/workloada -target 100000 -p recordcount=12000000000 -p operationcount=2000000000 -p fieldcount=10 -p fieldlength=128 -p fieldlengthdistribution=constant -p readallfields=true -p writeallfields=true -p insertorder=hashed -p requestdistribution=uniform -p readproportion=0.95 -p updateproportion=0 -p insertproportion=0.05 -p scanproportion=0 -p readmodifywriteproportion=0 -p measurementtype=hdrhistogram -p measurement.interval=both -p hdrhistogram.percentiles=50,95,99,99.9,99.99 -p status.interval=10 -p maxexecutiontime=300 -p insertstart=0 -p insertcount=100000000 -p as.host=172.16.0.4 -p as.port=3000 -p as.namespace=ycsb -p as.timeout=10000 -t
Command line: -db site.ycsb.db.AerospikeClient -s -threads 256 -P /mnt/dev/YCSB-aerospike-dist/workloads/workloada -target 100000 -p recordcount=12000000000 -p operationcount=2000000000 -p fieldcount=10 -p fieldlength=128 -p fieldlengthdistribution=constant -p readallfields=true -p writeallfields=true -p insertorder=hashed -p requestdistribution=uniform -p readproportion=0.95 -p updateproportion=0 -p insertproportion=0.05 -p scanproportion=0 -p readmodifywriteproportion=0 -p measurementtype=hdrhistogram -p measurement.interval=both -p hdrhistogram.percentiles=50,95,99,99.9,99.99 -p status.interval=10 -p maxexecutiontime=300 -p insertstart=0 -p insertcount=100000000 -p as.host=172.16.0.4 -p as.port=3000 -p as.namespace=ycsb -p as.timeout=10000 -t
YCSB Client 0.18.0-SNAPSHOT

Loading workload...
Starting test.
Maximum execution time specified as: 300 secs
2026-09-14 11:44:04:538 0 sec: 0 operations; est completion in 0 second 
DBWrapper: report latency for each error is false and specific error codes to track for latency are: []
2026-09-14 11:44:14:458 10 sec: 979206 operations; 97920.6 current ops/sec; est completion in 5 hours 40 minutes [READ: Count=930137, Max=30959, Min=159, Avg=293.47, 50=280, 90=350, 99=467, 99.9=989, 99.99=3659] [INSERT: Count=49148, Max=6275, Min=151, Avg=222.47, 50=208, 90=281, 99=401, 99.9=860, 99.99=2735] [Intended-READ: Count=930545, Max=94015, Min=175, Avg=476.46, 50=339, 90=411, 99=1044, 99.9=36095, 99.99=63135] [Intended-INSERT: Count=49168, Max=88895, Min=167, Avg=397.91, 50=268, 90=343, 99=888, 99.9=36895, 99.99=57055] 
2026-09-14 11:44:24:458 20 sec: 1979192 operations; 99998.6 current ops/sec; est completion in 5 hours 36 minutes [READ: Count=949915, Max=2303, Min=159, Avg=290.86, 50=280, 90=347, 99=447, 99.9=585, 99.99=1434] [INSERT: Count=50040, Max=2733, Min=152, Avg=219.48, 50=208, 90=277, 99=378, 99.9=491, 99.99=1338] [Intended-READ: Count=949784, Max=2795, Min=181, Avg=349.89, 50=339, 90=407, 99=512, 99.9=1297, 99.99=2027] [Intended-INSERT: Count=50029, Max=2795, Min=171, Avg=278.56, 50=267, 90=336, 99=442, 99.9=1004, 99.99=1838] 
2026-09-14 11:44:34:458 30 sec: 2979210 operations; 100001.8 current ops/sec; est completion in 5 hours 35 minutes [READ: Count=950289, Max=2407, Min=162, Avg=291.28, 50=281, 90=348, 99=450, 99.9=586, 99.99=1388] [INSERT: Count=49723, Max=1414, Min=151, Avg=220.41, 50=209, 90=277, 99=379, 99.9=506, 99.99=1223] [Intended-READ: Count=950223, Max=2469, Min=190, Avg=349.97, 50=339, 90=407, 99=514, 99.9=1189, 99.99=1582] [Intended-INSERT: Count=49719, Max=2008, Min=168, Avg=279.56, 50=268, 90=337, 99=446, 99.9=1084, 99.99=1505] 
2026-09-14 11:44:44:458 40 sec: 3979204 operations; 99999.4 current ops/sec; est completion in 5 hours 34 minutes [READ: Count=950092, Max=1998, Min=168, Avg=291.01, 50=280, 90=347, 99=450, 99.9=582, 99.99=1306] [INSERT: Count=49897, Max=1333, Min=149, Avg=219.58, 50=208, 90=276, 99=379, 99.9=508, 99.99=1202] [Intended-READ: Count=950098, Max=2071, Min=225, Avg=349.72, 50=339, 90=407, 99=517, 99.9=1153, 99.99=1488] [Intended-INSERT: Count=49902, Max=1719, Min=169, Avg=278.82, 50=268, 90=335, 99=449, 99.9=1108, 99.99=1508] 
2026-09-14 11:44:54:458 50 sec: 4979196 operations; 99999.2 current ops/sec; est completion in 5 hours 33 minutes [READ: Count=949851, Max=1879, Min=177, Avg=291.47, 50=280, 90=349, 99=456, 99.9=603, 99.99=1272] [INSERT: Count=50144, Max=1318, Min=152, Avg=220.26, 50=208, 90=279, 99=386, 99.9=500, 99.99=1124] [Intended-READ: Count=949825, Max=2071, Min=217, Avg=350, 50=339, 90=408, 99=521, 99.9=1153, 99.99=1504] [Intended-INSERT: Count=50139, Max=1912, Min=172, Avg=279.12, 50=268, 90=338, 99=450, 99.9=1011, 99.99=1399] 
2026-09-14 11:45:04:458 60 sec: 5979186 operations; 99999 current ops/sec; est completion in 5 hours 33 minutes [READ: Count=950515, Max=2473, Min=166, Avg=290.98, 50=280, 90=348, 99=451, 99.9=581, 99.99=1245] [INSERT: Count=49495, Max=1285, Min=151, Avg=219.96, 50=208, 90=277, 99=376, 99.9=495, 99.99=1159] [Intended-READ: Count=950415, Max=3037, Min=231, Avg=349.48, 50=339, 90=407, 99=514, 99.9=1095, 99.99=1423] [Intended-INSERT: Count=49492, Max=1539, Min=167, Avg=278.86, 50=268, 90=337, 99=439, 99.9=872, 99.99=1392] 
2026-09-14 11:45:14:458 70 sec: 6979200 operations; 100001.4 current ops/sec; est completion in 5 hours 33 minutes [READ: Count=949884, Max=1886, Min=172, Avg=290.7, 50=280, 90=348, 99=447, 99.9=584, 99.99=1255] [INSERT: Count=50114, Max=1636, Min=149, Avg=219.95, 50=208, 90=278, 99=375, 99.9=514, 99.99=1167] [Intended-READ: Count=949866, Max=1963, Min=194, Avg=349.11, 50=339, 90=407, 99=511, 99.9=1087, 99.99=1464] [Intended-INSERT: Count=50115, Max=1700, Min=171, Avg=278.82, 50=267, 90=337, 99=440, 99.9=992, 99.99=1300] 
2026-09-14 11:45:24:458 80 sec: 7979198 operations; 99999.8 current ops/sec; est completion in 5 hours 32 minutes [READ: Count=950116, Max=1895, Min=165, Avg=290.95, 50=280, 90=348, 99=450, 99.9=595, 99.99=1283] [INSERT: Count=49879, Max=1338, Min=151, Avg=220.05, 50=208, 90=278, 99=380, 99.9=490, 99.99=1127] [Intended-READ: Count=950121, Max=2043, Min=196, Avg=349.47, 50=339, 90=407, 99=515, 99.9=1121, 99.99=1512] [Intended-INSERT: Count=49883, Max=1628, Min=171, Avg=279.08, 50=268, 90=337, 99=447, 99.9=936, 99.99=1369] 
2026-09-14 11:45:34:458 90 sec: 8979198 operations; 100000 current ops/sec; est completion in 5 hours 32 minutes [READ: Count=950005, Max=2109, Min=168, Avg=292.2, 50=281, 90=352, 99=455, 99.9=582, 99.99=1231] [INSERT: Count=49991, Max=1335, Min=150, Avg=221.31, 50=209, 90=281, 99=385, 99.9=494, 99.99=1072] [Intended-READ: Count=950100, Max=2169, Min=191, Avg=350.67, 50=339, 90=411, 99=520, 99.9=1095, 99.99=1510] [Intended-INSERT: Count=49990, Max=1401, Min=168, Avg=280.1, 50=268, 90=341, 99=449, 99.9=909, 99.99=1294] 
2026-09-14 11:45:44:458 100 sec: 9979195 operations; 99999.7 current ops/sec; est completion in 5 hours 32 minutes [READ: Count=949944, Max=1906, Min=174, Avg=291.78, 50=280, 90=351, 99=458, 99.9=598, 99.99=1312] [INSERT: Count=50050, Max=1494, Min=149, Avg=221.32, 50=209, 90=281, 99=384, 99.9=516, 99.99=1218] [Intended-READ: Count=949852, Max=2073, Min=219, Avg=350.46, 50=339, 90=410, 99=526, 99.9=1096, 99.99=1507] [Intended-INSERT: Count=50046, Max=1681, Min=168, Avg=280.36, 50=268, 90=341, 99=453, 99.9=978, 99.99=1431] 
2026-09-14 11:45:54:458 110 sec: 10979206 operations; 100001.1 current ops/sec; est completion in 5 hours 32 minutes [READ: Count=949551, Max=2002, Min=166, Avg=291.01, 50=280, 90=348, 99=451, 99.9=583, 99.99=1301] [INSERT: Count=50455, Max=1320, Min=149, Avg=220.21, 50=209, 90=278, 99=381, 99.9=491, 99.99=1039] [Intended-READ: Count=949531, Max=2061, Min=198, Avg=349.5, 50=339, 90=407, 99=515, 99.9=1117, 99.99=1500] [Intended-INSERT: Count=50456, Max=1751, Min=170, Avg=278.94, 50=268, 90=337, 99=447, 99.9=900, 99.99=1372] 
2026-09-14 11:46:04:458 120 sec: 11979199 operations; 99999.3 current ops/sec; est completion in 5 hours 31 minutes [READ: Count=949856, Max=1948, Min=166, Avg=291.34, 50=280, 90=349, 99=452, 99.9=596, 99.99=1364] [INSERT: Count=50134, Max=1470, Min=152, Avg=220.14, 50=208, 90=278, 99=382, 99.9=499, 99.99=1285] [Intended-READ: Count=949851, Max=2071, Min=224, Avg=349.85, 50=339, 90=409, 99=516, 99.9=1130, 99.99=1528] [Intended-INSERT: Count=50132, Max=1675, Min=171, Avg=278.94, 50=268, 90=337, 99=446, 99.9=1000, 99.99=1398] 
2026-09-14 11:46:14:458 130 sec: 12979198 operations; 99999.9 current ops/sec; est completion in 5 hours 31 minutes [READ: Count=949817, Max=1883, Min=164, Avg=291.11, 50=280, 90=348, 99=454, 99.9=582, 99.99=1264] [INSERT: Count=50178, Max=1495, Min=153, Avg=220.71, 50=209, 90=278, 99=384, 99.9=496, 99.99=1133] [Intended-READ: Count=949811, Max=1979, Min=215, Avg=349.59, 50=339, 90=408, 99=519, 99.9=1109, 99.99=1457] [Intended-INSERT: Count=50182, Max=1551, Min=171, Avg=279.42, 50=268, 90=337, 99=449, 99.9=981, 99.99=1440] 
2026-09-14 11:46:24:458 140 sec: 13979184 operations; 99998.6 current ops/sec; est completion in 5 hours 31 minutes [READ: Count=949533, Max=2031, Min=180, Avg=291.09, 50=280, 90=348, 99=452, 99.9=579, 99.99=1320] [INSERT: Count=50468, Max=1505, Min=151, Avg=220.07, 50=208, 90=276, 99=381, 99.9=495, 99.99=1189] [Intended-READ: Count=949557, Max=2189, Min=220, Avg=349.58, 50=339, 90=407, 99=516, 99.9=1101, 99.99=1517] [Intended-INSERT: Count=50463, Max=1605, Min=162, Avg=278.91, 50=268, 90=336, 99=446, 99.9=968, 99.99=1430] 
2026-09-14 11:46:34:458 150 sec: 14979200 operations; 100001.6 current ops/sec; est completion in 5 hours 31 minutes [READ: Count=950041, Max=1968, Min=176, Avg=291.43, 50=280, 90=348, 99=454, 99.9=590, 99.99=1256] [INSERT: Count=49967, Max=1498, Min=151, Avg=220.86, 50=209, 90=278, 99=387, 99.9=518, 99.99=1273] [Intended-READ: Count=950020, Max=2091, Min=204, Avg=349.89, 50=339, 90=407, 99=519, 99.9=1099, 99.99=1478] [Intended-INSERT: Count=49968, Max=1740, Min=171, Avg=279.67, 50=268, 90=337, 99=453, 99.9=1019, 99.99=1422] 
2026-09-14 11:46:44:458 160 sec: 15979207 operations; 100000.7 current ops/sec; est completion in 5 hours 31 minutes [READ: Count=949868, Max=1875, Min=175, Avg=291.31, 50=280, 90=348, 99=452, 99.9=595, 99.99=1306] [INSERT: Count=50137, Max=1396, Min=150, Avg=220.59, 50=209, 90=278, 99=386, 99.9=520, 99.99=1185] [Intended-READ: Count=949862, Max=2107, Min=209, Avg=350.05, 50=339, 90=408, 99=520, 99.9=1138, 99.99=1511] [Intended-INSERT: Count=50138, Max=2023, Min=166, Avg=279.69, 50=268, 90=338, 99=455, 99.9=1040, 99.99=1404] 
2026-09-14 11:46:54:458 170 sec: 16979193 operations; 99998.6 current ops/sec; est completion in 5 hours 30 minutes [READ: Count=949785, Max=4007, Min=172, Avg=291.09, 50=280, 90=348, 99=452, 99.9=589, 99.99=1294] [INSERT: Count=50209, Max=1511, Min=152, Avg=220.06, 50=208, 90=278, 99=380, 99.9=501, 99.99=1094] [Intended-READ: Count=949819, Max=4065, Min=226, Avg=349.63, 50=339, 90=407, 99=516, 99.9=1124, 99.99=1585] [Intended-INSERT: Count=50216, Max=2857, Min=169, Avg=279.12, 50=268, 90=338, 99=446, 99.9=1027, 99.99=1467] 
2026-09-14 11:47:04:458 180 sec: 17979192 operations; 99999.9 current ops/sec; est completion in 5 hours 30 minutes [READ: Count=950165, Max=2789, Min=170, Avg=291.03, 50=280, 90=348, 99=451, 99.9=585, 99.99=1281] [INSERT: Count=49834, Max=1526, Min=151, Avg=220.35, 50=209, 90=277, 99=379, 99.9=518, 99.99=1132] [Intended-READ: Count=950145, Max=3625, Min=217, Avg=349.7, 50=339, 90=407, 99=515, 99.9=1156, 99.99=1920] [Intended-INSERT: Count=49828, Max=2763, Min=170, Avg=279.44, 50=268, 90=337, 99=443, 99.9=1090, 99.99=1908] 
2026-09-14 11:47:14:458 190 sec: 18979206 operations; 100001.4 current ops/sec; est completion in 5 hours 30 minutes [READ: Count=949738, Max=1798, Min=165, Avg=291.46, 50=280, 90=349, 99=454, 99.9=581, 99.99=1276] [INSERT: Count=50266, Max=1467, Min=151, Avg=220.77, 50=209, 90=280, 99=384, 99.9=500, 99.99=1164] [Intended-READ: Count=949721, Max=2305, Min=220, Avg=350, 50=339, 90=408, 99=519, 99.9=1108, 99.99=1510] [Intended-INSERT: Count=50268, Max=1760, Min=171, Avg=279.52, 50=268, 90=339, 99=448, 99.9=895, 99.99=1470] 
2026-09-14 11:47:24:458 200 sec: 19979207 operations; 100000.1 current ops/sec; est completion in 5 hours 30 minutes [READ: Count=949805, Max=2177, Min=167, Avg=291.54, 50=280, 90=349, 99=454, 99.9=580, 99.99=1242] [INSERT: Count=50193, Max=1251, Min=153, Avg=220.86, 50=209, 90=279, 99=382, 99.9=494, 99.99=1085] [Intended-READ: Count=949809, Max=2239, Min=217, Avg=349.92, 50=339, 90=408, 99=518, 99.9=1041, 99.99=1465] [Intended-INSERT: Count=50191, Max=1591, Min=169, Avg=279.7, 50=269, 90=339, 99=447, 99.9=895, 99.99=1323] 
2026-09-14 11:47:34:458 210 sec: 20979193 operations; 99998.6 current ops/sec; est completion in 5 hours 30 minutes [READ: Count=950411, Max=5335, Min=176, Avg=292.23, 50=281, 90=351, 99=453, 99.9=586, 99.99=1539] [INSERT: Count=49585, Max=4359, Min=151, Avg=221.78, 50=209, 90=281, 99=383, 99.9=490, 99.99=1404] [Intended-READ: Count=950423, Max=5351, Min=228, Avg=350.81, 50=340, 90=410, 99=517, 99.9=1119, 99.99=2085] [Intended-INSERT: Count=49588, Max=4431, Min=174, Avg=280.62, 50=269, 90=341, 99=447, 99.9=848, 99.99=2041] 
2026-09-14 11:47:44:458 220 sec: 21979187 operations; 99999.4 current ops/sec; est completion in 5 hours 29 minutes [READ: Count=950160, Max=1841, Min=168, Avg=291.31, 50=280, 90=349, 99=451, 99.9=590, 99.99=1319] [INSERT: Count=49830, Max=1433, Min=151, Avg=220.53, 50=209, 90=278, 99=381, 99.9=514, 99.99=1288] [Intended-READ: Count=950260, Max=2165, Min=211, Avg=350.05, 50=339, 90=408, 99=518, 99.9=1142, 99.99=1485] [Intended-INSERT: Count=49829, Max=2121, Min=172, Avg=279.7, 50=268, 90=338, 99=447, 99.9=1075, 99.99=1559] 
2026-09-14 11:47:54:458 230 sec: 22979205 operations; 100001.8 current ops/sec; est completion in 5 hours 29 minutes [READ: Count=949628, Max=1929, Min=161, Avg=291.92, 50=281, 90=351, 99=453, 99.9=579, 99.99=1331] [INSERT: Count=50387, Max=1363, Min=154, Avg=221.63, 50=209, 90=281, 99=383, 99.9=486, 99.99=1031] [Intended-READ: Count=949504, Max=1988, Min=181, Avg=350.34, 50=339, 90=410, 99=517, 99.9=1061, 99.99=1497] [Intended-INSERT: Count=50382, Max=1857, Min=168, Avg=280.22, 50=269, 90=341, 99=445, 99.9=715, 99.99=1424] 
2026-09-14 11:48:04:458 240 sec: 23979201 operations; 99999.6 current ops/sec; est completion in 5 hours 29 minutes [READ: Count=949787, Max=1969, Min=182, Avg=290.8, 50=280, 90=348, 99=450, 99.9=576, 99.99=1280] [INSERT: Count=50204, Max=1314, Min=149, Avg=220.11, 50=208, 90=277, 99=377, 99.9=493, 99.99=1165] [Intended-READ: Count=949794, Max=2173, Min=218, Avg=349.44, 50=339, 90=407, 99=515, 99.9=1118, 99.99=1504] [Intended-INSERT: Count=50207, Max=1501, Min=167, Avg=279.08, 50=268, 90=337, 99=443, 99.9=1039, 99.99=1321] 
2026-09-14 11:48:14:458 250 sec: 24979193 operations; 99999.2 current ops/sec; est completion in 5 hours 29 minutes [READ: Count=949875, Max=1977, Min=162, Avg=291.45, 50=280, 90=350, 99=458, 99.9=592, 99.99=1342] [INSERT: Count=50125, Max=1509, Min=149, Avg=220.74, 50=208, 90=279, 99=388, 99.9=512, 99.99=1230] [Intended-READ: Count=949866, Max=2139, Min=192, Avg=349.96, 50=339, 90=409, 99=523, 99.9=1134, 99.99=1543] [Intended-INSERT: Count=50122, Max=1726, Min=172, Avg=279.55, 50=268, 90=338, 99=453, 99.9=1037, 99.99=1434] 
2026-09-14 11:48:24:458 260 sec: 25979191 operations; 99999.8 current ops/sec; est completion in 5 hours 29 minutes [READ: Count=950064, Max=1975, Min=175, Avg=290.79, 50=280, 90=347, 99=452, 99.9=588, 99.99=1334] [INSERT: Count=49945, Max=1721, Min=149, Avg=220.33, 50=208, 90=277, 99=383, 99.9=508, 99.99=1312] [Intended-READ: Count=950091, Max=2241, Min=214, Avg=349.35, 50=339, 90=406, 99=516, 99.9=1139, 99.99=1531] [Intended-INSERT: Count=49947, Max=1780, Min=168, Avg=279.24, 50=268, 90=336, 99=449, 99.9=1080, 99.99=1478] 
2026-09-14 11:48:34:458 270 sec: 26979199 operations; 100000.8 current ops/sec; est completion in 5 hours 29 minutes [READ: Count=950090, Max=1832, Min=167, Avg=292.25, 50=281, 90=351, 99=457, 99.9=592, 99.99=1299] [INSERT: Count=49914, Max=1375, Min=152, Avg=221.56, 50=209, 90=281, 99=382, 99.9=496, 99.99=1211] [Intended-READ: Count=950064, Max=2042, Min=218, Avg=350.85, 50=340, 90=410, 99=522, 99.9=1143, 99.99=1510] [Intended-INSERT: Count=49913, Max=1629, Min=168, Avg=280.41, 50=269, 90=340, 99=449, 99.9=942, 99.99=1412] 
2026-09-14 11:48:44:458 280 sec: 27979202 operations; 100000.3 current ops/sec; est completion in 5 hours 28 minutes [READ: Count=950074, Max=2018, Min=166, Avg=292.19, 50=281, 90=351, 99=457, 99.9=599, 99.99=1324] [INSERT: Count=49918, Max=1307, Min=152, Avg=221.79, 50=209, 90=282, 99=385, 99.9=507, 99.99=1237] [Intended-READ: Count=950079, Max=2527, Min=207, Avg=350.99, 50=339, 90=411, 99=525, 99.9=1144, 99.99=1557] [Intended-INSERT: Count=49927, Max=1907, Min=174, Avg=280.66, 50=269, 90=342, 99=449, 99.9=911, 99.99=1682] 
2026-09-14 11:48:54:458 290 sec: 28979196 operations; 99999.4 current ops/sec; est completion in 5 hours 28 minutes [READ: Count=949977, Max=2143, Min=162, Avg=291.07, 50=280, 90=348, 99=452, 99.9=588, 99.99=1293] [INSERT: Count=50014, Max=1512, Min=151, Avg=220.6, 50=209, 90=279, 99=381, 99.9=497, 99.99=1175] [Intended-READ: Count=949968, Max=2187, Min=197, Avg=349.52, 50=339, 90=408, 99=516, 99.9=1108, 99.99=1543] [Intended-INSERT: Count=50005, Max=1572, Min=173, Avg=279.49, 50=268, 90=338, 99=446, 99.9=1058, 99.99=1367] 
2026-09-14 11:49:04:458 300 sec: 29979189 operations; 99999.3 current ops/sec; est completion in 5 hours 28 minutes [READ: Count=949744, Max=16559, Min=172, Avg=292.51, 50=281, 90=349, 99=456, 99.9=600, 99.99=1763] [INSERT: Count=50253, Max=15047, Min=151, Avg=221.56, 50=209, 90=279, 99=385, 99.9=522, 99.99=1175] [Intended-READ: Count=949795, Max=25839, Min=224, Avg=353.89, 50=339, 90=409, 99=522, 99.9=1241, 99.99=12407] [Intended-INSERT: Count=50256, Max=22271, Min=171, Avg=283, 50=268, 90=338, 99=451, 99.9=1127, 99.99=11191] 
Maximum time elapsed. Requesting stop for the workload.
Stop requested for workload. Now Joining!
2026-09-14 11:49:04:497 300 sec: 29981502 operations; 74612.9 current ops/sec; est completion in 5 hours 28 minutes [READ: Count=2167, Max=626, Min=220, Avg=297.95, 50=285, 90=369, 99=469, 99.9=581, 99.99=626] [CLEANUP: Count=256, Max=8031, Min=25, Avg=132.29, 50=37, 90=267, 99=1803, 99.9=8031, 99.99=8031] [INSERT: Count=121, Max=472, Min=165, Avg=230.03, 50=212, 90=294, 99=413, 99.9=472, 99.99=472] [Intended-READ: Count=2085, Max=687, Min=245, Avg=355.45, 50=344, 90=424, 99=527, 99.9=621, 99.99=687] [Intended-CLEANUP: Count=256, Max=8031, Min=25, Avg=132.48, 50=37, 90=267, 99=1804, 99.9=8031, 99.99=8031] [Intended-INSERT: Count=117, Max=544, Min=222, Avg=289.27, 50=274, 90=357, 99=444, 99.9=544, 99.99=544] 
[OVERALL], RunTime(ms), 300059
[OVERALL], Throughput(ops/sec), 99918.68932443287
[TOTAL_GCS_G1_Young_Generation], Count, 413
[TOTAL_GC_TIME_G1_Young_Generation], Time(ms), 384
[TOTAL_GC_TIME_%_G1_Young_Generation], Time(%), 0.12797483161644876
[TOTAL_GCS_G1_Old_Generation], Count, 0
[TOTAL_GC_TIME_G1_Old_Generation], Time(ms), 0
[TOTAL_GC_TIME_%_G1_Old_Generation], Time(%), 0.0
[TOTAL_GCs], Count, 413
[TOTAL_GC_TIME], Time(ms), 384
[TOTAL_GC_TIME_%], Time(%), 0.12797483161644876
[READ], Operations, 28480884
[READ], AverageLatency(us), 291.4535925570288
[READ], MinLatency(us), 159
[READ], MaxLatency(us), 30959
[READ], 50thPercentileLatency(us), 280
[READ], 95thPercentileLatency(us), 379
[READ], 99thPercentileLatency(us), 453
[READ], 99.9PercentileLatency(us), 593
[READ], 99.99PercentileLatency(us), 1357
[READ], Return=OK, 28480884
[CLEANUP], Operations, 256
[CLEANUP], AverageLatency(us), 132.2890625
[CLEANUP], MinLatency(us), 25
[CLEANUP], MaxLatency(us), 8031
[CLEANUP], 50thPercentileLatency(us), 37
[CLEANUP], 95thPercentileLatency(us), 436
[CLEANUP], 99thPercentileLatency(us), 1803
[CLEANUP], 99.9PercentileLatency(us), 8031
[CLEANUP], 99.99PercentileLatency(us), 8031
[INSERT], Operations, 1500618
[INSERT], AverageLatency(us), 220.66868450198518
[INSERT], MinLatency(us), 149
[INSERT], MaxLatency(us), 15047
[INSERT], 50thPercentileLatency(us), 209
[INSERT], 95thPercentileLatency(us), 309
[INSERT], 99thPercentileLatency(us), 382
[INSERT], 99.9PercentileLatency(us), 507
[INSERT], 99.99PercentileLatency(us), 1226
[INSERT], Return=OK, 1500618
[Intended-READ], Operations, 28480884
[Intended-READ], AverageLatency(us), 354.1890739416656
[Intended-READ], MinLatency(us), 175
[Intended-READ], MaxLatency(us), 94015
[Intended-READ], 50thPercentileLatency(us), 339
[Intended-READ], 95thPercentileLatency(us), 439
[Intended-READ], 99thPercentileLatency(us), 520
[Intended-READ], 99.9PercentileLatency(us), 1215
[Intended-READ], 99.99PercentileLatency(us), 17327
[Intended-CLEANUP], Operations, 256
[Intended-CLEANUP], AverageLatency(us), 132.48046875
[Intended-CLEANUP], MinLatency(us), 25
[Intended-CLEANUP], MaxLatency(us), 8031
[Intended-CLEANUP], 50thPercentileLatency(us), 37
[Intended-CLEANUP], 95thPercentileLatency(us), 436
[Intended-CLEANUP], 99thPercentileLatency(us), 1804
[Intended-CLEANUP], 99.9PercentileLatency(us), 8031
[Intended-CLEANUP], 99.99PercentileLatency(us), 8031
[Intended-INSERT], Operations, 1500618
[Intended-INSERT], AverageLatency(us), 283.48395860905305
[Intended-INSERT], MinLatency(us), 162
[Intended-INSERT], MaxLatency(us), 88895
[Intended-INSERT], 50thPercentileLatency(us), 268
[Intended-INSERT], 95thPercentileLatency(us), 370
[Intended-INSERT], 99thPercentileLatency(us), 449
[Intended-INSERT], 99.9PercentileLatency(us), 1114
[Intended-INSERT], 99.99PercentileLatency(us), 15687
