java -cp /mnt/dev/YCSB-hreplace-dist/redis-binding/conf:/mnt/dev/YCSB-hreplace-dist/conf:/mnt/dev/YCSB-hreplace-dist/lib/htrace-core4-4.1.0-incubating.jar:/mnt/dev/YCSB-hreplace-dist/lib/slf4j-api-1.7.25.jar:/mnt/dev/YCSB-hreplace-dist/lib/jackson-mapper-asl-1.9.4.jar:/mnt/dev/YCSB-hreplace-dist/lib/HdrHistogram-2.1.12.jar:/mnt/dev/YCSB-hreplace-dist/lib/jackson-core-asl-1.9.4.jar:/mnt/dev/YCSB-hreplace-dist/lib/jedis-3.9.0.jar:/mnt/dev/YCSB-hreplace-dist/lib/core-0.18.0-SNAPSHOT.jar:/mnt/dev/YCSB-hreplace-dist/lib/commons-pool2-2.11.1.jar:/mnt/dev/YCSB-hreplace-dist/lib/redis-binding-0.18.0-SNAPSHOT.jar site.ycsb.Client -db site.ycsb.db.RedisClient -s -threads 256 -P /mnt/dev/YCSB-hreplace-dist/workloads/workloada -target 100000 -p recordcount=12000000000 -p operationcount=2000000000 -p fieldcount=10 -p fieldlength=128 -p fieldlengthdistribution=constant -p readallfields=true -p writeallfields=true -p insertorder=hashed -p requestdistribution=uniform -p readproportion=0.95 -p updateproportion=0 -p insertproportion=0.05 -p scanproportion=0 -p readmodifywriteproportion=0 -p measurementtype=hdrhistogram -p measurement.interval=both -p hdrhistogram.percentiles=50,95,99,99.9,99.99 -p status.interval=10 -p maxexecutiontime=300 -p insertstart=0 -p insertcount=100000000 -p redis.host=172.16.0.4 -p redis.port=16379 -p redis.scanindex=none -p redis.timeout=10000 -p redis.cluster=false -p redis.updatecommand=keylane.hreplace -t
Command line: -db site.ycsb.db.RedisClient -s -threads 256 -P /mnt/dev/YCSB-hreplace-dist/workloads/workloada -target 100000 -p recordcount=12000000000 -p operationcount=2000000000 -p fieldcount=10 -p fieldlength=128 -p fieldlengthdistribution=constant -p readallfields=true -p writeallfields=true -p insertorder=hashed -p requestdistribution=uniform -p readproportion=0.95 -p updateproportion=0 -p insertproportion=0.05 -p scanproportion=0 -p readmodifywriteproportion=0 -p measurementtype=hdrhistogram -p measurement.interval=both -p hdrhistogram.percentiles=50,95,99,99.9,99.99 -p status.interval=10 -p maxexecutiontime=300 -p insertstart=0 -p insertcount=100000000 -p redis.host=172.16.0.4 -p redis.port=16379 -p redis.scanindex=none -p redis.timeout=10000 -p redis.cluster=false -p redis.updatecommand=keylane.hreplace -t
YCSB Client 0.18.0-SNAPSHOT

Loading workload...
Starting test.
SLF4J: Failed to load class "org.slf4j.impl.StaticLoggerBinder".
SLF4J: Defaulting to no-operation (NOP) logger implementation
SLF4J: See http://www.slf4j.org/codes.html#StaticLoggerBinder for further details.
Maximum execution time specified as: 300 secs
2026-09-14 10:56:09:946 0 sec: 0 operations; est completion in 0 second 
DBWrapper: report latency for each error is false and specific error codes to track for latency are: []
2026-09-14 10:56:19:896 10 sec: 993115 operations; 99311.5 current ops/sec; est completion in 5 hours 35 minutes [READ: Count=943289, Max=25199, Min=210, Avg=303.4, 50=291, 90=348, 99=470, 99.9=1237, 99.99=9863] [INSERT: Count=49927, Max=13143, Min=160, Avg=235.31, 50=221, 90=285, 99=410, 99.9=1333, 99.99=11407] [Intended-READ: Count=943824, Max=76607, Min=227, Avg=492.39, 50=350, 90=409, 99=634, 99.9=39519, 99.99=59615] [Intended-INSERT: Count=49957, Max=77055, Min=183, Avg=419.96, 50=280, 90=346, 99=705, 99.9=39135, 99.99=60639] 
2026-09-14 10:56:29:896 20 sec: 1993113 operations; 99999.8 current ops/sec; est completion in 5 hours 34 minutes [READ: Count=949933, Max=1590, Min=209, Avg=298.87, 50=291, 90=344, 99=447, 99.9=556, 99.99=1137] [INSERT: Count=50011, Max=1602, Min=161, Avg=229.84, 50=221, 90=276, 99=379, 99.9=480, 99.99=1067] [Intended-READ: Count=949558, Max=2091, Min=232, Avg=357.78, 50=350, 90=404, 99=513, 99.9=964, 99.99=1243] [Intended-INSERT: Count=49998, Max=1663, Min=179, Avg=289.18, 50=281, 90=336, 99=446, 99.9=902, 99.99=1203] 
2026-09-14 10:56:39:896 30 sec: 2993111 operations; 99999.8 current ops/sec; est completion in 5 hours 33 minutes [READ: Count=950342, Max=2441, Min=210, Avg=299.27, 50=291, 90=345, 99=450, 99.9=575, 99.99=1178] [INSERT: Count=49650, Max=2079, Min=158, Avg=230.86, 50=221, 90=281, 99=384, 99.9=498, 99.99=1351] [Intended-READ: Count=950288, Max=2501, Min=234, Avg=358.26, 50=350, 90=405, 99=518, 99.9=978, 99.99=1287] [Intended-INSERT: Count=49640, Max=2137, Min=183, Avg=290.18, 50=281, 90=341, 99=453, 99.9=910, 99.99=1402] 
2026-09-14 10:56:49:896 40 sec: 3993103 operations; 99999.2 current ops/sec; est completion in 5 hours 33 minutes [READ: Count=949910, Max=1513, Min=208, Avg=299.12, 50=291, 90=346, 99=449, 99.9=559, 99.99=1091] [INSERT: Count=50072, Max=1488, Min=157, Avg=230.46, 50=221, 90=279, 99=384, 99.9=492, 99.99=1022] [Intended-READ: Count=949907, Max=1572, Min=225, Avg=357.9, 50=350, 90=405, 99=514, 99.9=962, 99.99=1224] [Intended-INSERT: Count=50069, Max=1550, Min=181, Avg=289.8, 50=281, 90=339, 99=453, 99.9=911, 99.99=1148] 
2026-09-14 10:56:59:896 50 sec: 4993104 operations; 100000.1 current ops/sec; est completion in 5 hours 32 minutes [READ: Count=949874, Max=1507, Min=206, Avg=298.65, 50=291, 90=344, 99=450, 99.9=561, 99.99=1079] [INSERT: Count=50146, Max=1223, Min=161, Avg=229.78, 50=221, 90=277, 99=380, 99.9=492, 99.99=941] [Intended-READ: Count=949855, Max=1567, Min=229, Avg=357.4, 50=350, 90=403, 99=515, 99.9=951, 99.99=1197] [Intended-INSERT: Count=50147, Max=1284, Min=184, Avg=289.02, 50=280, 90=336, 99=447, 99.9=862, 99.99=1105] 
2026-09-14 10:57:09:896 60 sec: 5993109 operations; 100000.5 current ops/sec; est completion in 5 hours 32 minutes [READ: Count=949916, Max=1681, Min=210, Avg=299.98, 50=292, 90=348, 99=451, 99.9=560, 99.99=1111] [INSERT: Count=50083, Max=1467, Min=158, Avg=231.17, 50=221, 90=282, 99=379, 99.9=476, 99.99=1193] [Intended-READ: Count=949918, Max=1741, Min=226, Avg=358.75, 50=351, 90=408, 99=517, 99.9=948, 99.99=1223] [Intended-INSERT: Count=50083, Max=1530, Min=183, Avg=290.32, 50=281, 90=342, 99=447, 99.9=880, 99.99=1252] 
2026-09-14 10:57:19:896 70 sec: 6993108 operations; 99999.9 current ops/sec; est completion in 5 hours 32 minutes [READ: Count=949996, Max=54047, Min=210, Avg=314.17, 50=292, 90=347, 99=456, 99.9=859, 99.99=48159] [INSERT: Count=50015, Max=1389, Min=161, Avg=231.34, 50=221, 90=281, 99=385, 99.9=510, 99.99=1166] [Intended-READ: Count=950070, Max=54207, Min=228, Avg=492.25, 50=351, 90=408, 99=586, 99.9=37887, 99.99=51327] [Intended-INSERT: Count=50020, Max=53631, Min=185, Avg=411.19, 50=281, 90=342, 99=504, 99.9=35103, 99.99=49791] 
2026-09-14 10:57:29:896 80 sec: 7993105 operations; 99999.7 current ops/sec; est completion in 5 hours 32 minutes [READ: Count=950027, Max=57983, Min=208, Avg=323.85, 50=292, 90=349, 99=468, 99.9=1036, 99.99=52511] [INSERT: Count=49950, Max=2765, Min=161, Avg=232.46, 50=222, 90=284, 99=391, 99.9=526, 99.99=1364] [Intended-READ: Count=950041, Max=58047, Min=232, Avg=609.08, 50=351, 90=409, 99=2823, 99.9=45279, 99.99=54175] [Intended-INSERT: Count=49952, Max=54847, Min=185, Avg=534.54, 50=282, 90=345, 99=4191, 99.9=43999, 99.99=51487] 
2026-09-14 10:57:39:896 90 sec: 8993106 operations; 100000.1 current ops/sec; est completion in 5 hours 32 minutes [READ: Count=949711, Max=2741, Min=211, Avg=299.17, 50=291, 90=345, 99=448, 99.9=559, 99.99=1092] [INSERT: Count=50292, Max=1232, Min=157, Avg=230.98, 50=221, 90=281, 99=380, 99.9=492, 99.99=967] [Intended-READ: Count=949609, Max=2801, Min=232, Avg=358.16, 50=350, 90=406, 99=516, 99.9=939, 99.99=1205] [Intended-INSERT: Count=50281, Max=1290, Min=179, Avg=290.19, 50=281, 90=341, 99=447, 99.9=843, 99.99=1110] 
2026-09-14 10:57:49:896 100 sec: 9993108 operations; 100000.2 current ops/sec; est completion in 5 hours 31 minutes [READ: Count=949959, Max=1776, Min=212, Avg=298.53, 50=291, 90=343, 99=445, 99.9=557, 99.99=1083] [INSERT: Count=50041, Max=1180, Min=159, Avg=230.5, 50=221, 90=278, 99=380, 99.9=478, 99.99=939] [Intended-READ: Count=950047, Max=1840, Min=231, Avg=357.32, 50=350, 90=403, 99=511, 99.9=931, 99.99=1225] [Intended-INSERT: Count=50041, Max=1434, Min=183, Avg=289.58, 50=281, 90=337, 99=446, 99.9=851, 99.99=1076] 
2026-09-14 10:57:59:896 110 sec: 10993105 operations; 99999.7 current ops/sec; est completion in 5 hours 31 minutes [READ: Count=950093, Max=1595, Min=210, Avg=299.04, 50=291, 90=345, 99=450, 99.9=562, 99.99=1140] [INSERT: Count=49910, Max=1277, Min=160, Avg=230.84, 50=221, 90=279, 99=386, 99.9=490, 99.99=1060] [Intended-READ: Count=949982, Max=1646, Min=233, Avg=357.79, 50=350, 90=405, 99=515, 99.9=942, 99.99=1248] [Intended-INSERT: Count=49915, Max=1586, Min=182, Avg=289.9, 50=281, 90=339, 99=450, 99.9=885, 99.99=1197] 
2026-09-14 10:58:09:896 120 sec: 11993102 operations; 99999.7 current ops/sec; est completion in 5 hours 31 minutes [READ: Count=950151, Max=1691, Min=209, Avg=298.61, 50=291, 90=344, 99=448, 99.9=557, 99.99=1156] [INSERT: Count=49832, Max=1432, Min=156, Avg=230.53, 50=221, 90=278, 99=381, 99.9=499, 99.99=990] [Intended-READ: Count=950154, Max=1751, Min=231, Avg=357.42, 50=350, 90=403, 99=514, 99.9=966, 99.99=1279] [Intended-INSERT: Count=49827, Max=1453, Min=185, Avg=289.55, 50=281, 90=337, 99=445, 99.9=869, 99.99=1131] 
2026-09-14 10:58:19:896 130 sec: 12993105 operations; 100000.3 current ops/sec; est completion in 5 hours 31 minutes [READ: Count=950184, Max=1833, Min=209, Avg=298.55, 50=291, 90=344, 99=445, 99.9=559, 99.99=1081] [INSERT: Count=49825, Max=1189, Min=163, Avg=231.18, 50=222, 90=280, 99=379, 99.9=489, 99.99=1057] [Intended-READ: Count=950301, Max=1897, Min=229, Avg=357.38, 50=350, 90=403, 99=510, 99.9=925, 99.99=1211] [Intended-INSERT: Count=49827, Max=1300, Min=185, Avg=290.42, 50=281, 90=340, 99=446, 99.9=896, 99.99=1211] 
2026-09-14 10:58:29:896 140 sec: 13993106 operations; 100000.1 current ops/sec; est completion in 5 hours 31 minutes [READ: Count=950108, Max=1505, Min=209, Avg=299.75, 50=292, 90=347, 99=449, 99.9=560, 99.99=1082] [INSERT: Count=49896, Max=1336, Min=159, Avg=231.86, 50=222, 90=281, 99=382, 99.9=485, 99.99=1091] [Intended-READ: Count=950006, Max=1574, Min=224, Avg=358.81, 50=351, 90=407, 99=515, 99.9=954, 99.99=1205] [Intended-INSERT: Count=49895, Max=1369, Min=185, Avg=291.28, 50=282, 90=341, 99=447, 99.9=909, 99.99=1169] 
2026-09-14 10:58:39:896 150 sec: 14993105 operations; 99999.9 current ops/sec; est completion in 5 hours 31 minutes [READ: Count=949555, Max=1619, Min=209, Avg=299.2, 50=292, 90=345, 99=449, 99.9=558, 99.99=1156] [INSERT: Count=50437, Max=1633, Min=160, Avg=231.49, 50=222, 90=281, 99=380, 99.9=474, 99.99=1104] [Intended-READ: Count=949540, Max=1682, Min=228, Avg=358.43, 50=351, 90=405, 99=517, 99.9=971, 99.99=1262] [Intended-INSERT: Count=50437, Max=1693, Min=179, Avg=290.83, 50=282, 90=341, 99=447, 99.9=832, 99.99=1215] 
2026-09-14 10:58:49:896 160 sec: 15993110 operations; 100000.5 current ops/sec; est completion in 5 hours 30 minutes [READ: Count=949633, Max=1474, Min=210, Avg=299.59, 50=292, 90=346, 99=450, 99.9=563, 99.99=1073] [INSERT: Count=50366, Max=1403, Min=161, Avg=231.7, 50=222, 90=282, 99=382, 99.9=491, 99.99=1033] [Intended-READ: Count=949749, Max=1534, Min=234, Avg=358.72, 50=351, 90=406, 99=517, 99.9=994, 99.99=1193] [Intended-INSERT: Count=50366, Max=1462, Min=182, Avg=291.04, 50=282, 90=342, 99=448, 99.9=861, 99.99=1094] 
2026-09-14 10:58:59:896 170 sec: 16993096 operations; 99998.6 current ops/sec; est completion in 5 hours 30 minutes [READ: Count=949919, Max=1496, Min=210, Avg=299.19, 50=292, 90=345, 99=448, 99.9=559, 99.99=1087] [INSERT: Count=50073, Max=1317, Min=159, Avg=231.25, 50=222, 90=279, 99=380, 99.9=490, 99.99=983] [Intended-READ: Count=949832, Max=1555, Min=226, Avg=358.23, 50=351, 90=405, 99=515, 99.9=958, 99.99=1211] [Intended-INSERT: Count=50074, Max=1378, Min=180, Avg=290.5, 50=282, 90=340, 99=446, 99.9=861, 99.99=1162] 
2026-09-14 10:59:09:896 180 sec: 17993103 operations; 100000.7 current ops/sec; est completion in 5 hours 30 minutes [READ: Count=950174, Max=1445, Min=210, Avg=299.15, 50=292, 90=345, 99=447, 99.9=559, 99.99=1062] [INSERT: Count=49835, Max=1257, Min=162, Avg=231.92, 50=222, 90=281, 99=383, 99.9=503, 99.99=1016] [Intended-READ: Count=950141, Max=1505, Min=224, Avg=358.17, 50=351, 90=405, 99=513, 99.9=934, 99.99=1175] [Intended-INSERT: Count=49833, Max=1320, Min=180, Avg=291.41, 50=282, 90=341, 99=450, 99.9=906, 99.99=1102] 
2026-09-14 10:59:19:896 190 sec: 18993110 operations; 100000.7 current ops/sec; est completion in 5 hours 30 minutes [READ: Count=949785, Max=1512, Min=207, Avg=299.17, 50=291, 90=345, 99=449, 99.9=558, 99.99=1072] [INSERT: Count=50216, Max=1299, Min=158, Avg=231.07, 50=222, 90=279, 99=378, 99.9=477, 99.99=992] [Intended-READ: Count=949787, Max=1572, Min=227, Avg=358.11, 50=351, 90=405, 99=515, 99.9=904, 99.99=1196] [Intended-INSERT: Count=50216, Max=1410, Min=186, Avg=290.56, 50=282, 90=340, 99=446, 99.9=879, 99.99=1145] 
2026-09-14 10:59:29:896 200 sec: 19993110 operations; 100000 current ops/sec; est completion in 5 hours 30 minutes [READ: Count=950200, Max=1860, Min=209, Avg=298.82, 50=291, 90=344, 99=446, 99.9=557, 99.99=1191] [INSERT: Count=49795, Max=1617, Min=154, Avg=231.06, 50=222, 90=279, 99=379, 99.9=498, 99.99=1311] [Intended-READ: Count=950200, Max=1922, Min=231, Avg=357.91, 50=350, 90=404, 99=513, 99.9=972, 99.99=1380] [Intended-INSERT: Count=49797, Max=1654, Min=177, Avg=290.42, 50=281, 90=339, 99=445, 99.9=917, 99.99=1388] 
2026-09-14 10:59:39:896 210 sec: 20993104 operations; 99999.4 current ops/sec; est completion in 5 hours 29 minutes [READ: Count=950002, Max=1628, Min=207, Avg=298.29, 50=291, 90=342, 99=447, 99.9=567, 99.99=1092] [INSERT: Count=49998, Max=1353, Min=159, Avg=230.49, 50=222, 90=276, 99=381, 99.9=505, 99.99=1066] [Intended-READ: Count=949999, Max=1687, Min=224, Avg=357.24, 50=350, 90=402, 99=515, 99.9=977, 99.99=1232] [Intended-INSERT: Count=49996, Max=1412, Min=186, Avg=289.85, 50=281, 90=336, 99=450, 99.9=917, 99.99=1157] 
2026-09-14 10:59:49:896 220 sec: 21993106 operations; 100000.2 current ops/sec; est completion in 5 hours 29 minutes [READ: Count=949877, Max=2173, Min=207, Avg=298.6, 50=291, 90=344, 99=447, 99.9=557, 99.99=1203] [INSERT: Count=50128, Max=2103, Min=160, Avg=230.71, 50=221, 90=279, 99=380, 99.9=470, 99.99=955] [Intended-READ: Count=949879, Max=2231, Min=229, Avg=357.45, 50=350, 90=403, 99=513, 99.9=957, 99.99=1467] [Intended-INSERT: Count=50129, Max=2167, Min=183, Avg=289.69, 50=281, 90=339, 99=443, 99.9=653, 99.99=1235] 
2026-09-14 10:59:59:896 230 sec: 22993109 operations; 100000.3 current ops/sec; est completion in 5 hours 29 minutes [READ: Count=949977, Max=1571, Min=210, Avg=297.92, 50=291, 90=342, 99=445, 99.9=558, 99.99=1148] [INSERT: Count=50021, Max=1462, Min=161, Avg=229.98, 50=221, 90=277, 99=375, 99.9=474, 99.99=952] [Intended-READ: Count=949972, Max=1629, Min=231, Avg=356.74, 50=350, 90=402, 99=510, 99.9=948, 99.99=1256] [Intended-INSERT: Count=50019, Max=1536, Min=182, Avg=289.02, 50=281, 90=336, 99=441, 99.9=773, 99.99=1139] 
2026-09-14 11:00:09:896 240 sec: 23993104 operations; 99999.5 current ops/sec; est completion in 5 hours 29 minutes [READ: Count=950014, Max=1634, Min=208, Avg=298.95, 50=291, 90=345, 99=449, 99.9=562, 99.99=1139] [INSERT: Count=49979, Max=1400, Min=156, Avg=231.15, 50=222, 90=281, 99=380, 99.9=483, 99.99=1082] [Intended-READ: Count=950021, Max=1831, Min=227, Avg=357.79, 50=350, 90=405, 99=514, 99.9=963, 99.99=1251] [Intended-INSERT: Count=49979, Max=1462, Min=181, Avg=290.42, 50=281, 90=340, 99=447, 99.9=903, 99.99=1251] 
2026-09-14 11:00:19:896 250 sec: 24993101 operations; 99999.7 current ops/sec; est completion in 5 hours 29 minutes [READ: Count=950092, Max=1534, Min=210, Avg=298.39, 50=291, 90=343, 99=446, 99.9=556, 99.99=1082] [INSERT: Count=49905, Max=1204, Min=155, Avg=230.6, 50=221, 90=278, 99=375, 99.9=485, 99.99=1060] [Intended-READ: Count=950089, Max=1594, Min=230, Avg=357.18, 50=350, 90=403, 99=511, 99.9=964, 99.99=1192] [Intended-INSERT: Count=49908, Max=1295, Min=182, Avg=289.84, 50=281, 90=338, 99=441, 99.9=936, 99.99=1168] 
2026-09-14 11:00:29:896 260 sec: 25993108 operations; 100000.7 current ops/sec; est completion in 5 hours 29 minutes [READ: Count=950095, Max=1570, Min=206, Avg=298.87, 50=291, 90=344, 99=447, 99.9=556, 99.99=1129] [INSERT: Count=49920, Max=1399, Min=157, Avg=231.08, 50=222, 90=278, 99=380, 99.9=485, 99.99=1161] [Intended-READ: Count=950104, Max=1631, Min=231, Avg=357.78, 50=350, 90=404, 99=513, 99.9=979, 99.99=1255] [Intended-INSERT: Count=49917, Max=1473, Min=176, Avg=290.29, 50=281, 90=338, 99=444, 99.9=919, 99.99=1245] 
2026-09-14 11:00:39:896 270 sec: 26993115 operations; 100000.7 current ops/sec; est completion in 5 hours 28 minutes [READ: Count=950038, Max=2337, Min=211, Avg=299.62, 50=292, 90=346, 99=452, 99.9=569, 99.99=1157] [INSERT: Count=49970, Max=1440, Min=164, Avg=232, 50=222, 90=283, 99=385, 99.9=495, 99.99=1100] [Intended-READ: Count=950025, Max=2395, Min=233, Avg=358.62, 50=351, 90=406, 99=520, 99.9=980, 99.99=1332] [Intended-INSERT: Count=49973, Max=1503, Min=179, Avg=291.31, 50=282, 90=342, 99=454, 99.9=912, 99.99=1319] 
2026-09-14 11:00:49:896 280 sec: 27993109 operations; 99999.4 current ops/sec; est completion in 5 hours 28 minutes [READ: Count=950216, Max=2413, Min=210, Avg=298.7, 50=291, 90=344, 99=448, 99.9=559, 99.99=1173] [INSERT: Count=49769, Max=1541, Min=161, Avg=231.06, 50=222, 90=280, 99=381, 99.9=479, 99.99=1187] [Intended-READ: Count=950212, Max=2473, Min=228, Avg=357.59, 50=350, 90=404, 99=514, 99.9=985, 99.99=1294] [Intended-INSERT: Count=49769, Max=1608, Min=182, Avg=290.09, 50=281, 90=338, 99=445, 99.9=883, 99.99=1342] 
2026-09-14 11:00:59:896 290 sec: 28993110 operations; 100000.1 current ops/sec; est completion in 5 hours 28 minutes [READ: Count=950003, Max=1672, Min=210, Avg=298.29, 50=291, 90=343, 99=446, 99.9=557, 99.99=1145] [INSERT: Count=49999, Max=1414, Min=161, Avg=230.74, 50=222, 90=279, 99=380, 99.9=493, 99.99=1118] [Intended-READ: Count=950005, Max=1727, Min=221, Avg=357.05, 50=350, 90=403, 99=511, 99.9=947, 99.99=1253] [Intended-INSERT: Count=49997, Max=1473, Min=183, Avg=289.74, 50=281, 90=338, 99=444, 99.9=870, 99.99=1304] 
2026-09-14 11:01:09:896 300 sec: 29993107 operations; 99999.7 current ops/sec; est completion in 5 hours 28 minutes [READ: Count=950382, Max=1617, Min=209, Avg=299.12, 50=291, 90=346, 99=450, 99.9=560, 99.99=1136] [INSERT: Count=49613, Max=1433, Min=158, Avg=231.42, 50=222, 90=282, 99=382, 99.9=484, 99.99=1034] [Intended-READ: Count=950383, Max=1676, Min=231, Avg=357.93, 50=350, 90=405, 99=516, 99.9=951, 99.99=1239] [Intended-INSERT: Count=49617, Max=1489, Min=186, Avg=290.64, 50=281, 90=342, 99=449, 99.9=848, 99.99=1121] 
Maximum time elapsed. Requesting stop for the workload.
Stop requested for workload. Now Joining!
2026-09-14 11:01:09:931 300 sec: 29996433 operations; 92388.89 current ops/sec; est completion in 5 hours 28 minutes [READ: Count=3164, Max=597, Min=223, Avg=304.04, 50=293, 90=369, 99=468, 99.9=571, 99.99=597] [CLEANUP: Count=256, Max=1700, Min=9, Avg=280.07, 50=13, 90=1318, 99=1626, 99.9=1700, 99.99=1700] [INSERT: Count=140, Max=416, Min=170, Avg=240.96, 50=226, 90=322, 99=413, 99.9=416, 99.99=416] [Intended-READ: Count=3121, Max=661, Min=249, Avg=361.85, 50=352, 90=427, 99=525, 99.9=629, 99.99=661] [Intended-CLEANUP: Count=256, Max=1701, Min=9, Avg=280.21, 50=13, 90=1318, 99=1626, 99.9=1701, 99.99=1701] [Intended-INSERT: Count=135, Max=475, Min=215, Avg=298.45, 50=286, 90=382, 99=471, 99.9=475, 99.99=475] 
[OVERALL], RunTime(ms), 300041
[OVERALL], Throughput(ops/sec), 99974.4468256005
[TOTAL_GCS_G1_Young_Generation], Count, 564
[TOTAL_GC_TIME_G1_Young_Generation], Time(ms), 385
[TOTAL_GC_TIME_%_G1_Young_Generation], Time(%), 0.1283157968410984
[TOTAL_GCS_G1_Old_Generation], Count, 0
[TOTAL_GC_TIME_G1_Old_Generation], Time(ms), 0
[TOTAL_GC_TIME_%_G1_Old_Generation], Time(%), 0.0
[TOTAL_GCs], Count, 564
[TOTAL_GC_TIME], Time(ms), 385
[TOTAL_GC_TIME_%], Time(%), 0.1283157968410984
[READ], Operations, 28496619
[READ], AverageLatency(us), 300.427266020576
[READ], MinLatency(us), 206
[READ], MaxLatency(us), 57983
[READ], 50thPercentileLatency(us), 291
[READ], 95thPercentileLatency(us), 376
[READ], 99thPercentileLatency(us), 450
[READ], 99.9PercentileLatency(us), 571
[READ], 99.99PercentileLatency(us), 1292
[READ], Return=OK, 28496619
[CLEANUP], Operations, 256
[CLEANUP], AverageLatency(us), 280.06640625
[CLEANUP], MinLatency(us), 9
[CLEANUP], MaxLatency(us), 1700
[CLEANUP], 50thPercentileLatency(us), 13
[CLEANUP], 95thPercentileLatency(us), 1504
[CLEANUP], 99thPercentileLatency(us), 1626
[CLEANUP], 99.9PercentileLatency(us), 1700
[CLEANUP], 99.99PercentileLatency(us), 1700
[INSERT], Operations, 1499814
[INSERT], AverageLatency(us), 231.16256215770755
[INSERT], MinLatency(us), 154
[INSERT], MaxLatency(us), 13143
[INSERT], 50thPercentileLatency(us), 222
[INSERT], 95thPercentileLatency(us), 315
[INSERT], 99thPercentileLatency(us), 382
[INSERT], 99.9PercentileLatency(us), 497
[INSERT], 99.99PercentileLatency(us), 1193
[INSERT], Return=OK, 1499814
[Intended-READ], Operations, 28496619
[Intended-READ], AverageLatency(us), 375.16095607692966
[Intended-READ], MinLatency(us), 221
[Intended-READ], MaxLatency(us), 76607
[Intended-READ], 50thPercentileLatency(us), 350
[Intended-READ], 95thPercentileLatency(us), 437
[Intended-READ], 99thPercentileLatency(us), 519
[Intended-READ], 99.9PercentileLatency(us), 1192
[Intended-READ], 99.99PercentileLatency(us), 41887
[Intended-CLEANUP], Operations, 256
[Intended-CLEANUP], AverageLatency(us), 280.21484375
[Intended-CLEANUP], MinLatency(us), 9
[Intended-CLEANUP], MaxLatency(us), 1701
[Intended-CLEANUP], 50thPercentileLatency(us), 13
[Intended-CLEANUP], 95thPercentileLatency(us), 1504
[Intended-CLEANUP], 99thPercentileLatency(us), 1626
[Intended-CLEANUP], 99.9PercentileLatency(us), 1701
[Intended-CLEANUP], 99.99PercentileLatency(us), 1701
[Intended-INSERT], Operations, 1499814
[Intended-INSERT], AverageLatency(us), 306.6836461054504
[Intended-INSERT], MinLatency(us), 176
[Intended-INSERT], MaxLatency(us), 77055
[Intended-INSERT], 50thPercentileLatency(us), 281
[Intended-INSERT], 95thPercentileLatency(us), 376
[Intended-INSERT], 99thPercentileLatency(us), 451
[Intended-INSERT], 99.9PercentileLatency(us), 1137
[Intended-INSERT], 99.99PercentileLatency(us), 40767
