java -cp /mnt/dev/YCSB-hreplace-dist/redis-binding/conf:/mnt/dev/YCSB-hreplace-dist/conf:/mnt/dev/YCSB-hreplace-dist/lib/htrace-core4-4.1.0-incubating.jar:/mnt/dev/YCSB-hreplace-dist/lib/slf4j-api-1.7.25.jar:/mnt/dev/YCSB-hreplace-dist/lib/jackson-mapper-asl-1.9.4.jar:/mnt/dev/YCSB-hreplace-dist/lib/HdrHistogram-2.1.12.jar:/mnt/dev/YCSB-hreplace-dist/lib/jackson-core-asl-1.9.4.jar:/mnt/dev/YCSB-hreplace-dist/lib/jedis-3.9.0.jar:/mnt/dev/YCSB-hreplace-dist/lib/core-0.18.0-SNAPSHOT.jar:/mnt/dev/YCSB-hreplace-dist/lib/commons-pool2-2.11.1.jar:/mnt/dev/YCSB-hreplace-dist/lib/redis-binding-0.18.0-SNAPSHOT.jar site.ycsb.Client -db site.ycsb.db.RedisClient -s -threads 256 -P /mnt/dev/YCSB-hreplace-dist/workloads/workloada -p recordcount=100000000 -p operationcount=1000000 -p fieldcount=10 -p fieldlength=128 -p fieldlengthdistribution=constant -p readallfields=true -p writeallfields=true -p insertorder=hashed -p requestdistribution=uniform -p readproportion=1 -p updateproportion=0 -p insertproportion=0 -p scanproportion=0 -p readmodifywriteproportion=0 -p measurementtype=hdrhistogram -p measurement.interval=both -p hdrhistogram.percentiles=50,95,99,99.9,99.99 -p status.interval=10 -p redis.host=172.16.0.4 -p redis.port=16379 -p redis.scanindex=none -p redis.timeout=10000 -p redis.cluster=false -p redis.updatecommand=keylane.hreplace -t
Command line: -db site.ycsb.db.RedisClient -s -threads 256 -P /mnt/dev/YCSB-hreplace-dist/workloads/workloada -p recordcount=100000000 -p operationcount=1000000 -p fieldcount=10 -p fieldlength=128 -p fieldlengthdistribution=constant -p readallfields=true -p writeallfields=true -p insertorder=hashed -p requestdistribution=uniform -p readproportion=1 -p updateproportion=0 -p insertproportion=0 -p scanproportion=0 -p readmodifywriteproportion=0 -p measurementtype=hdrhistogram -p measurement.interval=both -p hdrhistogram.percentiles=50,95,99,99.9,99.99 -p status.interval=10 -p redis.host=172.16.0.4 -p redis.port=16379 -p redis.scanindex=none -p redis.timeout=10000 -p redis.cluster=false -p redis.updatecommand=keylane.hreplace -t
YCSB Client 0.18.0-SNAPSHOT

Loading workload...
Starting test.
SLF4J: Failed to load class "org.slf4j.impl.StaticLoggerBinder".
SLF4J: Defaulting to no-operation (NOP) logger implementation
SLF4J: See http://www.slf4j.org/codes.html#StaticLoggerBinder for further details.
2026-09-14 10:30:22:014 0 sec: 0 operations; est completion in 0 second 
DBWrapper: report latency for each error is false and specific error codes to track for latency are: []
2026-09-14 10:30:25:207 3 sec: 1000000 operations; 309693.4 current ops/sec; [READ: Count=1000000, Max=299519, Min=222, Avg=733.22, 50=463, 90=1276, 99=3855, 99.9=9079, 99.99=135423] [CLEANUP: Count=256, Max=812, Min=14, Avg=33.03, 50=23, 90=51, 99=117, 99.9=812, 99.99=812] [Intended-READ: Count=1000000, Max=299519, Min=222, Avg=733.26, 50=463, 90=1276, 99=3855, 99.9=9079, 99.99=135423] [Intended-CLEANUP: Count=256, Max=813, Min=14, Avg=33.37, 50=24, 90=52, 99=118, 99.9=813, 99.99=813] 
[OVERALL], RunTime(ms), 3229
[OVERALL], Throughput(ops/sec), 309693.4035305048
[TOTAL_GCS_G1_Young_Generation], Count, 17
[TOTAL_GC_TIME_G1_Young_Generation], Time(ms), 34
[TOTAL_GC_TIME_%_G1_Young_Generation], Time(%), 1.0529575720037163
[TOTAL_GCS_G1_Old_Generation], Count, 0
[TOTAL_GC_TIME_G1_Old_Generation], Time(ms), 0
[TOTAL_GC_TIME_%_G1_Old_Generation], Time(%), 0.0
[TOTAL_GCs], Count, 17
[TOTAL_GC_TIME], Time(ms), 34
[TOTAL_GC_TIME_%], Time(%), 1.0529575720037163
[READ], Operations, 1000000
[READ], AverageLatency(us), 733.223055
[READ], MinLatency(us), 222
[READ], MaxLatency(us), 299519
[READ], 50thPercentileLatency(us), 463
[READ], 95thPercentileLatency(us), 2297
[READ], 99thPercentileLatency(us), 3855
[READ], 99.9PercentileLatency(us), 9079
[READ], 99.99PercentileLatency(us), 135423
[READ], Return=OK, 1000000
[CLEANUP], Operations, 256
[CLEANUP], AverageLatency(us), 33.03125
[CLEANUP], MinLatency(us), 14
[CLEANUP], MaxLatency(us), 812
[CLEANUP], 50thPercentileLatency(us), 23
[CLEANUP], 95thPercentileLatency(us), 72
[CLEANUP], 99thPercentileLatency(us), 117
[CLEANUP], 99.9PercentileLatency(us), 812
[CLEANUP], 99.99PercentileLatency(us), 812
[Intended-READ], Operations, 1000000
[Intended-READ], AverageLatency(us), 733.259358
[Intended-READ], MinLatency(us), 222
[Intended-READ], MaxLatency(us), 299519
[Intended-READ], 50thPercentileLatency(us), 463
[Intended-READ], 95thPercentileLatency(us), 2297
[Intended-READ], 99thPercentileLatency(us), 3855
[Intended-READ], 99.9PercentileLatency(us), 9079
[Intended-READ], 99.99PercentileLatency(us), 135423
[Intended-CLEANUP], Operations, 256
[Intended-CLEANUP], AverageLatency(us), 33.37109375
[Intended-CLEANUP], MinLatency(us), 14
[Intended-CLEANUP], MaxLatency(us), 813
[Intended-CLEANUP], 50thPercentileLatency(us), 24
[Intended-CLEANUP], 95thPercentileLatency(us), 72
[Intended-CLEANUP], 99thPercentileLatency(us), 118
[Intended-CLEANUP], 99.9PercentileLatency(us), 813
[Intended-CLEANUP], 99.99PercentileLatency(us), 813
