java -cp /mnt/dev/YCSB-hreplace-dist/redis-binding/conf:/mnt/dev/YCSB-hreplace-dist/conf:/mnt/dev/YCSB-hreplace-dist/lib/htrace-core4-4.1.0-incubating.jar:/mnt/dev/YCSB-hreplace-dist/lib/slf4j-api-1.7.25.jar:/mnt/dev/YCSB-hreplace-dist/lib/jackson-mapper-asl-1.9.4.jar:/mnt/dev/YCSB-hreplace-dist/lib/HdrHistogram-2.1.12.jar:/mnt/dev/YCSB-hreplace-dist/lib/jackson-core-asl-1.9.4.jar:/mnt/dev/YCSB-hreplace-dist/lib/jedis-3.9.0.jar:/mnt/dev/YCSB-hreplace-dist/lib/core-0.18.0-SNAPSHOT.jar:/mnt/dev/YCSB-hreplace-dist/lib/commons-pool2-2.11.1.jar:/mnt/dev/YCSB-hreplace-dist/lib/redis-binding-0.18.0-SNAPSHOT.jar site.ycsb.Client -db site.ycsb.db.RedisClient -s -threads 256 -P /mnt/dev/YCSB-hreplace-dist/workloads/workloada -p recordcount=100000000 -p operationcount=2000000000 -p fieldcount=10 -p fieldlength=128 -p fieldlengthdistribution=constant -p readallfields=true -p writeallfields=true -p insertorder=hashed -p requestdistribution=uniform -p readproportion=1 -p updateproportion=0 -p insertproportion=0 -p scanproportion=0 -p readmodifywriteproportion=0 -p measurementtype=hdrhistogram -p measurement.interval=both -p hdrhistogram.percentiles=50,95,99,99.9,99.99 -p status.interval=10 -p maxexecutiontime=300 -p redis.host=172.16.0.4 -p redis.port=16379 -p redis.scanindex=none -p redis.timeout=10000 -p redis.cluster=false -p redis.updatecommand=keylane.hreplace -t
Command line: -db site.ycsb.db.RedisClient -s -threads 256 -P /mnt/dev/YCSB-hreplace-dist/workloads/workloada -p recordcount=100000000 -p operationcount=2000000000 -p fieldcount=10 -p fieldlength=128 -p fieldlengthdistribution=constant -p readallfields=true -p writeallfields=true -p insertorder=hashed -p requestdistribution=uniform -p readproportion=1 -p updateproportion=0 -p insertproportion=0 -p scanproportion=0 -p readmodifywriteproportion=0 -p measurementtype=hdrhistogram -p measurement.interval=both -p hdrhistogram.percentiles=50,95,99,99.9,99.99 -p status.interval=10 -p maxexecutiontime=300 -p redis.host=172.16.0.4 -p redis.port=16379 -p redis.scanindex=none -p redis.timeout=10000 -p redis.cluster=false -p redis.updatecommand=keylane.hreplace -t
YCSB Client 0.18.0-SNAPSHOT

Loading workload...
Starting test.
SLF4J: Failed to load class "org.slf4j.impl.StaticLoggerBinder".
SLF4J: Defaulting to no-operation (NOP) logger implementation
SLF4J: See http://www.slf4j.org/codes.html#StaticLoggerBinder for further details.
Maximum execution time specified as: 300 secs
2026-09-14 10:30:26:007 0 sec: 0 operations; est completion in 0 second 
DBWrapper: report latency for each error is false and specific error codes to track for latency are: []
2026-09-14 10:30:35:955 10 sec: 5295430 operations; 529490.05 current ops/sec; est completion in 1 hour 2 minutes [READ: Count=5296882, Max=53951, Min=223, Avg=475.19, 50=451, 90=579, 99=915, 99.9=3185, 99.99=6795] [Intended-READ: Count=5303684, Max=53951, Min=223, Avg=475.24, 50=451, 90=579, 99=915, 99.9=3185, 99.99=6767] 
2026-09-14 10:30:45:954 20 sec: 10771616 operations; 547618.6 current ops/sec; est completion in 1 hour 1 minute [READ: Count=5474977, Max=5503, Min=219, Avg=465.98, 50=450, 90=572, 99=759, 99.9=2571, 99.99=3935] [Intended-READ: Count=5470391, Max=5503, Min=219, Avg=466.03, 50=450, 90=572, 99=759, 99.9=2583, 99.99=3935] 
2026-09-14 10:30:55:955 30 sec: 16249620 operations; 547800.4 current ops/sec; est completion in 1 hour 1 minute [READ: Count=5477991, Max=24191, Min=215, Avg=465.85, 50=449, 90=574, 99=761, 99.9=2499, 99.99=3851] [Intended-READ: Count=5478463, Max=24191, Min=215, Avg=465.85, 50=449, 90=574, 99=761, 99.9=2487, 99.99=3851] 
2026-09-14 10:31:05:954 40 sec: 21726270 operations; 547665 current ops/sec; est completion in 1 hour [READ: Count=5476983, Max=5171, Min=217, Avg=465.96, 50=450, 90=573, 99=756, 99.9=2479, 99.99=3865] [Intended-READ: Count=5475109, Max=5171, Min=217, Avg=466.02, 50=450, 90=573, 99=756, 99.9=2491, 99.99=3867] 
2026-09-14 10:31:15:955 50 sec: 27219372 operations; 549310.2 current ops/sec; est completion in 1 hour [READ: Count=5492749, Max=6131, Min=216, Avg=464.52, 50=449, 90=568, 99=743, 99.9=2483, 99.99=3861] [Intended-READ: Count=5494366, Max=6131, Min=216, Avg=464.54, 50=449, 90=568, 99=743, 99.9=2465, 99.99=3855] 
2026-09-14 10:31:25:954 60 sec: 32700178 operations; 548080.6 current ops/sec; est completion in 1 hour [READ: Count=5480903, Max=5231, Min=226, Avg=465.56, 50=449, 90=571, 99=751, 99.9=2533, 99.99=3921] [Intended-READ: Count=5479958, Max=5231, Min=226, Avg=465.6, 50=450, 90=571, 99=751, 99.9=2533, 99.99=3923] 
2026-09-14 10:31:35:954 70 sec: 38183302 operations; 548312.4 current ops/sec; est completion in 59 minutes [READ: Count=5483085, Max=4951, Min=221, Avg=465.39, 50=449, 90=571, 99=750, 99.9=2497, 99.99=3885] [Intended-READ: Count=5482971, Max=4951, Min=221, Avg=465.42, 50=449, 90=571, 99=750, 99.9=2497, 99.99=3885] 
2026-09-14 10:31:45:955 80 sec: 43650402 operations; 546710 current ops/sec; est completion in 59 minutes [READ: Count=5467722, Max=5475, Min=220, Avg=466.82, 50=450, 90=574, 99=764, 99.9=2557, 99.99=3961] [Intended-READ: Count=5468359, Max=5475, Min=220, Avg=466.86, 50=450, 90=574, 99=765, 99.9=2557, 99.99=3961] 
2026-09-14 10:31:55:954 90 sec: 49128826 operations; 547842.4 current ops/sec; est completion in 59 minutes [READ: Count=5477790, Max=5039, Min=221, Avg=465.76, 50=449, 90=573, 99=758, 99.9=2481, 99.99=3821] [Intended-READ: Count=5479089, Max=5039, Min=221, Avg=465.79, 50=449, 90=573, 99=758, 99.9=2481, 99.99=3823] 
2026-09-14 10:32:05:954 100 sec: 54608373 operations; 547954.7 current ops/sec; est completion in 59 minutes [READ: Count=5479533, Max=5719, Min=223, Avg=465.68, 50=451, 90=568, 99=733, 99.9=2551, 99.99=3911] [Intended-READ: Count=5476847, Max=5719, Min=223, Avg=465.72, 50=451, 90=568, 99=733, 99.9=2553, 99.99=3911] 
2026-09-14 10:32:15:954 110 sec: 60084609 operations; 547623.6 current ops/sec; est completion in 59 minutes [READ: Count=5476288, Max=9023, Min=217, Avg=465.99, 50=450, 90=573, 99=753, 99.9=2457, 99.99=3873] [Intended-READ: Count=5476437, Max=9023, Min=217, Avg=466.02, 50=450, 90=573, 99=753, 99.9=2457, 99.99=3873] 
2026-09-14 10:32:25:955 120 sec: 65570654 operations; 548604.5 current ops/sec; est completion in 59 minutes [READ: Count=5486062, Max=5059, Min=226, Avg=465.21, 50=449, 90=570, 99=748, 99.9=2565, 99.99=3945] [Intended-READ: Count=5487073, Max=5059, Min=226, Avg=465.24, 50=449, 90=570, 99=748, 99.9=2563, 99.99=3945] 
2026-09-14 10:32:35:955 130 sec: 71048569 operations; 547791.5 current ops/sec; est completion in 58 minutes [READ: Count=5478354, Max=5215, Min=222, Avg=465.78, 50=450, 90=572, 99=751, 99.9=2523, 99.99=3955] [Intended-READ: Count=5478880, Max=5215, Min=222, Avg=465.84, 50=450, 90=572, 99=751, 99.9=2523, 99.99=3955] 
2026-09-14 10:32:45:954 140 sec: 76514446 operations; 546587.7 current ops/sec; est completion in 58 minutes [READ: Count=5465357, Max=5667, Min=217, Avg=466.9, 50=450, 90=575, 99=763, 99.9=2619, 99.99=4049] [Intended-READ: Count=5465973, Max=5667, Min=217, Avg=466.91, 50=450, 90=575, 99=763, 99.9=2619, 99.99=4049] 
2026-09-14 10:32:55:956 150 sec: 81991889 operations; 547634.77 current ops/sec; est completion in 58 minutes [READ: Count=5477511, Max=4799, Min=220, Avg=465.97, 50=450, 90=573, 99=755, 99.9=2505, 99.99=3901] [Intended-READ: Count=5477827, Max=4799, Min=220, Avg=466, 50=450, 90=573, 99=755, 99.9=2507, 99.99=3901] 
2026-09-14 10:33:05:954 160 sec: 87467092 operations; 547629.83 current ops/sec; est completion in 58 minutes [READ: Count=5475162, Max=6619, Min=228, Avg=465.96, 50=450, 90=572, 99=747, 99.9=2487, 99.99=3879] [Intended-READ: Count=5472434, Max=6619, Min=228, Avg=466, 50=450, 90=572, 99=747, 99.9=2487, 99.99=3879] 
2026-09-14 10:33:15:954 170 sec: 92945611 operations; 547851.9 current ops/sec; est completion in 58 minutes [READ: Count=5478461, Max=4975, Min=218, Avg=465.77, 50=450, 90=570, 99=743, 99.9=2503, 99.99=3897] [Intended-READ: Count=5479973, Max=4975, Min=218, Avg=465.81, 50=450, 90=570, 99=743, 99.9=2503, 99.99=3897] 
2026-09-14 10:33:25:954 180 sec: 98414100 operations; 546848.9 current ops/sec; est completion in 57 minutes [READ: Count=5468463, Max=5107, Min=219, Avg=466.65, 50=450, 90=574, 99=754, 99.9=2565, 99.99=3919] [Intended-READ: Count=5467631, Max=5107, Min=219, Avg=466.69, 50=450, 90=574, 99=754, 99.9=2565, 99.99=3919] 
2026-09-14 10:33:35:954 190 sec: 103891851 operations; 547775.1 current ops/sec; est completion in 57 minutes [READ: Count=5477727, Max=4919, Min=224, Avg=465.83, 50=449, 90=573, 99=755, 99.9=2511, 99.99=3853] [Intended-READ: Count=5476992, Max=4919, Min=224, Avg=465.87, 50=450, 90=573, 99=755, 99.9=2511, 99.99=3853] 
2026-09-14 10:33:45:954 200 sec: 109364323 operations; 547247.2 current ops/sec; est completion in 57 minutes [READ: Count=5472528, Max=5107, Min=220, Avg=466.3, 50=450, 90=572, 99=752, 99.9=2513, 99.99=3877] [Intended-READ: Count=5472619, Max=5107, Min=220, Avg=466.34, 50=450, 90=572, 99=752, 99.9=2513, 99.99=3877] 
2026-09-14 10:33:55:954 210 sec: 114836337 operations; 547201.4 current ops/sec; est completion in 57 minutes [READ: Count=5472007, Max=4975, Min=222, Avg=466.34, 50=450, 90=574, 99=762, 99.9=2527, 99.99=3887] [Intended-READ: Count=5473122, Max=4975, Min=222, Avg=466.38, 50=450, 90=574, 99=762, 99.9=2527, 99.99=3887] 
2026-09-14 10:34:05:954 220 sec: 120284340 operations; 544800.3 current ops/sec; est completion in 57 minutes [READ: Count=5448032, Max=4943, Min=226, Avg=468.39, 50=451, 90=580, 99=774, 99.9=2485, 99.99=3911] [Intended-READ: Count=5446809, Max=4943, Min=226, Avg=468.43, 50=451, 90=580, 99=774, 99.9=2485, 99.99=3911] 
2026-09-14 10:34:15:954 230 sec: 125744194 operations; 545985.4 current ops/sec; est completion in 57 minutes [READ: Count=5460298, Max=4779, Min=220, Avg=467.42, 50=450, 90=578, 99=767, 99.9=2497, 99.99=3811] [Intended-READ: Count=5461937, Max=4779, Min=220, Avg=467.46, 50=450, 90=578, 99=767, 99.9=2497, 99.99=3811] 
2026-09-14 10:34:25:955 240 sec: 131194274 operations; 545008 current ops/sec; est completion in 56 minutes [READ: Count=5449888, Max=4923, Min=224, Avg=468.23, 50=452, 90=577, 99=759, 99.9=2489, 99.99=3837] [Intended-READ: Count=5449798, Max=4923, Min=224, Avg=468.27, 50=452, 90=577, 99=759, 99.9=2489, 99.99=3837] 
2026-09-14 10:34:35:954 250 sec: 136671198 operations; 547692.4 current ops/sec; est completion in 56 minutes [READ: Count=5476625, Max=5171, Min=218, Avg=465.87, 50=450, 90=571, 99=746, 99.9=2501, 99.99=3895] [Intended-READ: Count=5476655, Max=5171, Min=218, Avg=465.91, 50=450, 90=571, 99=746, 99.9=2501, 99.99=3895] 
2026-09-14 10:34:45:954 260 sec: 142135265 operations; 546406.7 current ops/sec; est completion in 56 minutes [READ: Count=5464064, Max=5259, Min=224, Avg=467.02, 50=451, 90=575, 99=761, 99.9=2507, 99.99=3909] [Intended-READ: Count=5462526, Max=5259, Min=224, Avg=467.06, 50=451, 90=575, 99=761, 99.9=2507, 99.99=3909] 
2026-09-14 10:34:55:954 270 sec: 147614933 operations; 547966.8 current ops/sec; est completion in 56 minutes [READ: Count=5479677, Max=4919, Min=220, Avg=465.69, 50=450, 90=572, 99=753, 99.9=2511, 99.99=3857] [Intended-READ: Count=5481098, Max=4919, Min=220, Avg=465.72, 50=450, 90=572, 99=753, 99.9=2511, 99.99=3857] 
2026-09-14 10:35:05:954 280 sec: 153088521 operations; 547358.8 current ops/sec; est completion in 56 minutes [READ: Count=5473597, Max=8231, Min=212, Avg=466.18, 50=450, 90=571, 99=748, 99.9=2623, 99.99=4763] [Intended-READ: Count=5473575, Max=8231, Min=212, Avg=466.24, 50=450, 90=571, 99=748, 99.9=2627, 99.99=4839] 
2026-09-14 10:35:15:954 290 sec: 158561389 operations; 547286.8 current ops/sec; est completion in 56 minutes [READ: Count=5472887, Max=11735, Min=225, Avg=466.26, 50=450, 90=572, 99=750, 99.9=2557, 99.99=4035] [Intended-READ: Count=5471466, Max=11735, Min=225, Avg=466.27, 50=450, 90=572, 99=750, 99.9=2551, 99.99=4019] 
2026-09-14 10:35:25:954 300 sec: 163983948 operations; 542255.9 current ops/sec; est completion in 55 minutes [READ: Count=5422509, Max=5419, Min=217, Avg=470.58, 50=452, 90=586, 99=784, 99.9=2545, 99.99=3999] [Intended-READ: Count=5423419, Max=5419, Min=217, Avg=470.62, 50=452, 90=586, 99=784, 99.9=2545, 99.99=3999] 
Maximum time elapsed. Requesting stop for the workload.
Stop requested for workload. Now Joining!
2026-09-14 10:35:26:009 300 sec: 164008948 operations; 454545.45 current ops/sec; est completion in 55 minutes [READ: Count=24836, Max=3167, Min=253, Avg=475.99, 50=454, 90=611, 99=863, 99.9=1644, 99.99=2819] [CLEANUP: Count=256, Max=8759, Min=2290, Avg=5186.65, 50=5215, 90=7355, 99=8463, 99.9=8759, 99.99=8759] [Intended-READ: Count=23467, Max=3167, Min=253, Avg=475.75, 50=454, 90=610, 99=862, 99.9=1644, 99.99=2819] [Intended-CLEANUP: Count=256, Max=8759, Min=2290, Avg=5186.71, 50=5215, 90=7355, 99=8463, 99.9=8759, 99.99=8759] 
[OVERALL], RunTime(ms), 300055
[OVERALL], Throughput(ops/sec), 546596.2840145973
[TOTAL_GCS_G1_Young_Generation], Count, 2354
[TOTAL_GC_TIME_G1_Young_Generation], Time(ms), 1856
[TOTAL_GC_TIME_%_G1_Young_Generation], Time(%), 0.618553265234707
[TOTAL_GCS_G1_Old_Generation], Count, 0
[TOTAL_GC_TIME_G1_Old_Generation], Time(ms), 0
[TOTAL_GC_TIME_%_G1_Old_Generation], Time(%), 0.0
[TOTAL_GCs], Count, 2354
[TOTAL_GC_TIME], Time(ms), 1856
[TOTAL_GC_TIME_%], Time(%), 0.618553265234707
[READ], Operations, 164008948
[READ], AverageLatency(us), 466.624854809751
[READ], MinLatency(us), 212
[READ], MaxLatency(us), 53951
[READ], 50thPercentileLatency(us), 450
[READ], 95thPercentileLatency(us), 622
[READ], 99thPercentileLatency(us), 759
[READ], 99.9PercentileLatency(us), 2545
[READ], 99.99PercentileLatency(us), 3957
[READ], Return=OK, 164008948
[CLEANUP], Operations, 256
[CLEANUP], AverageLatency(us), 5186.65234375
[CLEANUP], MinLatency(us), 2290
[CLEANUP], MaxLatency(us), 8759
[CLEANUP], 50thPercentileLatency(us), 5215
[CLEANUP], 95thPercentileLatency(us), 8139
[CLEANUP], 99thPercentileLatency(us), 8463
[CLEANUP], 99.9PercentileLatency(us), 8759
[CLEANUP], 99.99PercentileLatency(us), 8759
[Intended-READ], Operations, 164008948
[Intended-READ], AverageLatency(us), 466.66100475810623
[Intended-READ], MinLatency(us), 212
[Intended-READ], MaxLatency(us), 53951
[Intended-READ], 50thPercentileLatency(us), 450
[Intended-READ], 95thPercentileLatency(us), 622
[Intended-READ], 99thPercentileLatency(us), 759
[Intended-READ], 99.9PercentileLatency(us), 2545
[Intended-READ], 99.99PercentileLatency(us), 3957
[Intended-CLEANUP], Operations, 256
[Intended-CLEANUP], AverageLatency(us), 5186.71484375
[Intended-CLEANUP], MinLatency(us), 2290
[Intended-CLEANUP], MaxLatency(us), 8759
[Intended-CLEANUP], 50thPercentileLatency(us), 5215
[Intended-CLEANUP], 95thPercentileLatency(us), 8139
[Intended-CLEANUP], 99thPercentileLatency(us), 8463
[Intended-CLEANUP], 99.9PercentileLatency(us), 8759
[Intended-CLEANUP], 99.99PercentileLatency(us), 8759
