java -cp /mnt/dev/YCSB-aerospike-dist/aerospike-binding/conf:/mnt/dev/YCSB-aerospike-dist/conf:/mnt/dev/YCSB-aerospike-dist/lib/aerospike-client-3.1.2.jar:/mnt/dev/YCSB-aerospike-dist/lib/htrace-core4-4.1.0-incubating.jar:/mnt/dev/YCSB-aerospike-dist/lib/jbcrypt-0.3m.jar:/mnt/dev/YCSB-aerospike-dist/lib/jackson-mapper-asl-1.9.4.jar:/mnt/dev/YCSB-aerospike-dist/lib/aerospike-binding-0.18.0-SNAPSHOT.jar:/mnt/dev/YCSB-aerospike-dist/lib/HdrHistogram-2.1.12.jar:/mnt/dev/YCSB-aerospike-dist/lib/jackson-core-asl-1.9.4.jar:/mnt/dev/YCSB-aerospike-dist/lib/core-0.18.0-SNAPSHOT.jar:/mnt/dev/YCSB-aerospike-dist/lib/luaj-jse-3.0.jar:/mnt/dev/YCSB-aerospike-dist/lib/gnu-crypto-2.0.1.jar site.ycsb.Client -db site.ycsb.db.AerospikeClient -s -threads 256 -P /mnt/dev/YCSB-aerospike-dist/workloads/workloada -target 100000 -p recordcount=100000000 -p operationcount=2000000000 -p fieldcount=10 -p fieldlength=128 -p fieldlengthdistribution=constant -p readallfields=true -p writeallfields=true -p insertorder=hashed -p requestdistribution=uniform -p readproportion=0.5 -p updateproportion=0.5 -p insertproportion=0 -p scanproportion=0 -p readmodifywriteproportion=0 -p measurementtype=hdrhistogram -p measurement.interval=both -p hdrhistogram.percentiles=50,95,99,99.9,99.99 -p status.interval=10 -p maxexecutiontime=300 -p as.host=172.16.0.4 -p as.port=3000 -p as.namespace=ycsb -p as.timeout=10000 -t
Command line: -db site.ycsb.db.AerospikeClient -s -threads 256 -P /mnt/dev/YCSB-aerospike-dist/workloads/workloada -target 100000 -p recordcount=100000000 -p operationcount=2000000000 -p fieldcount=10 -p fieldlength=128 -p fieldlengthdistribution=constant -p readallfields=true -p writeallfields=true -p insertorder=hashed -p requestdistribution=uniform -p readproportion=0.5 -p updateproportion=0.5 -p insertproportion=0 -p scanproportion=0 -p readmodifywriteproportion=0 -p measurementtype=hdrhistogram -p measurement.interval=both -p hdrhistogram.percentiles=50,95,99,99.9,99.99 -p status.interval=10 -p maxexecutiontime=300 -p as.host=172.16.0.4 -p as.port=3000 -p as.namespace=ycsb -p as.timeout=10000 -t
YCSB Client 0.18.0-SNAPSHOT

Loading workload...
Starting test.
Maximum execution time specified as: 300 secs
2026-09-14 11:23:16:667 0 sec: 0 operations; est completion in 0 second 
DBWrapper: report latency for each error is false and specific error codes to track for latency are: []
2026-09-14 11:23:26:598 10 sec: 969075 operations; 96907.5 current ops/sec; est completion in 5 hours 43 minutes [READ: Count=484823, Max=26031, Min=159, Avg=296.45, 50=280, 90=344, 99=449, 99.9=1983, 99.99=11615] [UPDATE: Count=484541, Max=24815, Min=147, Avg=218.82, 50=203, 90=262, 99=366, 99.9=1304, 99.99=11039] [Intended-READ: Count=485099, Max=84991, Min=179, Avg=457.6, 50=339, 90=405, 99=1102, 99.9=32351, 99.99=65311] [Intended-UPDATE: Count=484726, Max=87295, Min=166, Avg=379.99, 50=262, 90=324, 99=988, 99.9=33247, 99.99=63519] 
2026-09-14 11:23:36:598 20 sec: 1969076 operations; 100000.1 current ops/sec; est completion in 5 hours 38 minutes [READ: Count=499420, Max=3813, Min=159, Avg=289.79, 50=281, 90=341, 99=430, 99.9=550, 99.99=1492] [UPDATE: Count=500381, Max=2845, Min=149, Avg=212.47, 50=204, 90=259, 99=347, 99.9=455, 99.99=1301] [Intended-READ: Count=499233, Max=3929, Min=171, Avg=347.98, 50=339, 90=399, 99=494, 99.9=1289, 99.99=2739] [Intended-UPDATE: Count=500278, Max=3697, Min=166, Avg=270.86, 50=262, 90=317, 99=411, 99.9=1189, 99.99=2677] 
2026-09-14 11:23:46:598 30 sec: 2969067 operations; 99999.1 current ops/sec; est completion in 5 hours 36 minutes [READ: Count=500108, Max=2193, Min=160, Avg=289.5, 50=280, 90=341, 99=430, 99.9=552, 99.99=1386] [UPDATE: Count=499868, Max=2177, Min=150, Avg=212.39, 50=203, 90=259, 99=347, 99.9=455, 99.99=1201] [Intended-READ: Count=500058, Max=2251, Min=189, Avg=347.12, 50=338, 90=399, 99=496, 99.9=1118, 99.99=1547] [Intended-UPDATE: Count=499862, Max=2217, Min=166, Avg=270.3, 50=262, 90=318, 99=413, 99.9=1015, 99.99=1431] 
2026-09-14 11:23:56:598 40 sec: 3969062 operations; 99999.5 current ops/sec; est completion in 5 hours 35 minutes [READ: Count=500168, Max=1820, Min=159, Avg=289.89, 50=280, 90=342, 99=432, 99.9=560, 99.99=1270] [UPDATE: Count=499866, Max=2811, Min=150, Avg=212.9, 50=204, 90=261, 99=350, 99.9=468, 99.99=1155] [Intended-READ: Count=500248, Max=1880, Min=187, Avg=347.26, 50=338, 90=400, 99=495, 99.9=1072, 99.99=1460] [Intended-UPDATE: Count=499832, Max=2885, Min=166, Avg=270.46, 50=262, 90=319, 99=413, 99.9=944, 99.99=1365] 
2026-09-14 11:24:06:598 50 sec: 4969059 operations; 99999.7 current ops/sec; est completion in 5 hours 34 minutes [READ: Count=500490, Max=1829, Min=165, Avg=290.85, 50=281, 90=344, 99=439, 99.9=571, 99.99=1202] [UPDATE: Count=499490, Max=2185, Min=148, Avg=213.85, 50=204, 90=263, 99=355, 99.9=469, 99.99=1087] [Intended-READ: Count=500417, Max=2026, Min=182, Avg=348.19, 50=339, 90=402, 99=502, 99.9=1071, 99.99=1403] [Intended-UPDATE: Count=499488, Max=2247, Min=163, Avg=271.46, 50=262, 90=322, 99=418, 99.9=906, 99.99=1303] 
2026-09-14 11:24:16:598 60 sec: 5969070 operations; 100001.1 current ops/sec; est completion in 5 hours 34 minutes [READ: Count=500361, Max=1806, Min=156, Avg=289.65, 50=280, 90=342, 99=434, 99.9=558, 99.99=1295] [UPDATE: Count=499619, Max=1700, Min=149, Avg=212.51, 50=203, 90=260, 99=351, 99.9=470, 99.99=1185] [Intended-READ: Count=500360, Max=1866, Min=195, Avg=347, 50=338, 90=400, 99=497, 99.9=1107, 99.99=1443] [Intended-UPDATE: Count=499612, Max=1909, Min=165, Avg=270.13, 50=262, 90=318, 99=414, 99.9=989, 99.99=1378] 
2026-09-14 11:24:26:598 70 sec: 6969063 operations; 99999.3 current ops/sec; est completion in 5 hours 33 minutes [READ: Count=500599, Max=1860, Min=159, Avg=290.38, 50=281, 90=343, 99=437, 99.9=575, 99.99=1338] [UPDATE: Count=499400, Max=1804, Min=148, Avg=213.21, 50=204, 90=261, 99=353, 99.9=460, 99.99=1248] [Intended-READ: Count=500594, Max=2089, Min=182, Avg=347.78, 50=339, 90=401, 99=500, 99.9=1139, 99.99=1485] [Intended-UPDATE: Count=499411, Max=2113, Min=161, Avg=270.85, 50=262, 90=320, 99=416, 99.9=954, 99.99=1420] 
2026-09-14 11:24:36:598 80 sec: 7969060 operations; 99999.7 current ops/sec; est completion in 5 hours 33 minutes [READ: Count=499264, Max=1708, Min=162, Avg=290.78, 50=281, 90=344, 99=443, 99.9=577, 99.99=1246] [UPDATE: Count=500718, Max=2871, Min=148, Avg=213.51, 50=204, 90=262, 99=358, 99.9=474, 99.99=1161] [Intended-READ: Count=499279, Max=2483, Min=190, Avg=348.21, 50=339, 90=402, 99=507, 99.9=1115, 99.99=1479] [Intended-UPDATE: Count=500718, Max=2935, Min=167, Avg=271.13, 50=262, 90=320, 99=421, 99.9=934, 99.99=1368] 
2026-09-14 11:24:46:598 90 sec: 8969058 operations; 99999.8 current ops/sec; est completion in 5 hours 32 minutes [READ: Count=499716, Max=2273, Min=162, Avg=290.74, 50=281, 90=344, 99=438, 99.9=571, 99.99=1233] [UPDATE: Count=500288, Max=1657, Min=147, Avg=213.61, 50=204, 90=262, 99=355, 99.9=472, 99.99=1156] [Intended-READ: Count=499699, Max=2333, Min=181, Avg=348.26, 50=339, 90=402, 99=503, 99.9=1072, 99.99=1423] [Intended-UPDATE: Count=500277, Max=1767, Min=166, Avg=271.37, 50=262, 90=321, 99=420, 99.9=952, 99.99=1297] 
2026-09-14 11:24:56:598 100 sec: 9969072 operations; 100001.4 current ops/sec; est completion in 5 hours 32 minutes [READ: Count=500530, Max=3447, Min=159, Avg=290.99, 50=281, 90=345, 99=442, 99.9=569, 99.99=1261] [UPDATE: Count=499472, Max=2901, Min=144, Avg=213.88, 50=204, 90=264, 99=359, 99.9=478, 99.99=1128] [Intended-READ: Count=500519, Max=4107, Min=183, Avg=348.32, 50=339, 90=404, 99=505, 99.9=1057, 99.99=1493] [Intended-UPDATE: Count=499469, Max=3937, Min=166, Avg=271.45, 50=262, 90=323, 99=423, 99.9=932, 99.99=1391] 
2026-09-14 11:25:06:598 110 sec: 10969064 operations; 99999.2 current ops/sec; est completion in 5 hours 32 minutes [READ: Count=500192, Max=1866, Min=162, Avg=290.24, 50=280, 90=343, 99=437, 99.9=570, 99.99=1265] [UPDATE: Count=499802, Max=1930, Min=150, Avg=213.26, 50=203, 90=262, 99=354, 99.9=466, 99.99=1121] [Intended-READ: Count=500181, Max=1961, Min=188, Avg=347.66, 50=338, 90=402, 99=500, 99.9=1077, 99.99=1450] [Intended-UPDATE: Count=499799, Max=1990, Min=166, Avg=270.83, 50=262, 90=321, 99=417, 99.9=877, 99.99=1339] 
2026-09-14 11:25:16:598 120 sec: 11969066 operations; 100000.2 current ops/sec; est completion in 5 hours 32 minutes [READ: Count=500104, Max=2151, Min=160, Avg=290.03, 50=280, 90=343, 99=438, 99.9=568, 99.99=1317] [UPDATE: Count=499879, Max=2693, Min=143, Avg=212.98, 50=203, 90=261, 99=355, 99.9=471, 99.99=1258] [Intended-READ: Count=500125, Max=2473, Min=192, Avg=347.5, 50=338, 90=401, 99=501, 99.9=1111, 99.99=1621] [Intended-UPDATE: Count=499885, Max=2751, Min=168, Avg=270.69, 50=262, 90=319, 99=418, 99.9=994, 99.99=1536] 
2026-09-14 11:25:26:598 130 sec: 12969058 operations; 99999.2 current ops/sec; est completion in 5 hours 31 minutes [READ: Count=499993, Max=1941, Min=160, Avg=289.47, 50=280, 90=341, 99=434, 99.9=557, 99.99=1347] [UPDATE: Count=500023, Max=1820, Min=148, Avg=212.53, 50=203, 90=259, 99=350, 99.9=459, 99.99=1193] [Intended-READ: Count=499992, Max=2187, Min=189, Avg=346.98, 50=338, 90=399, 99=497, 99.9=1091, 99.99=1537] [Intended-UPDATE: Count=500022, Max=1879, Min=166, Avg=270.27, 50=262, 90=318, 99=414, 99.9=957, 99.99=1421] 
2026-09-14 11:25:36:598 140 sec: 13969067 operations; 100000.9 current ops/sec; est completion in 5 hours 31 minutes [READ: Count=499574, Max=4979, Min=158, Avg=290.46, 50=281, 90=343, 99=435, 99.9=561, 99.99=1511] [UPDATE: Count=500434, Max=4911, Min=149, Avg=213.24, 50=204, 90=261, 99=352, 99.9=467, 99.99=1312] [Intended-READ: Count=499574, Max=5039, Min=197, Avg=347.93, 50=338, 90=401, 99=498, 99.9=1134, 99.99=1826] [Intended-UPDATE: Count=500439, Max=4967, Min=166, Avg=271.06, 50=262, 90=319, 99=416, 99.9=1085, 99.99=1766] 
2026-09-14 11:25:46:598 150 sec: 14969073 operations; 100000.6 current ops/sec; est completion in 5 hours 31 minutes [READ: Count=499878, Max=2213, Min=162, Avg=290.45, 50=281, 90=343, 99=438, 99.9=573, 99.99=1303] [UPDATE: Count=500114, Max=1713, Min=149, Avg=213.41, 50=204, 90=262, 99=357, 99.9=467, 99.99=1210] [Intended-READ: Count=499866, Max=2275, Min=177, Avg=348.03, 50=339, 90=402, 99=503, 99.9=1109, 99.99=1510] [Intended-UPDATE: Count=500109, Max=1875, Min=167, Avg=271.14, 50=262, 90=320, 99=422, 99.9=885, 99.99=1398] 
2026-09-14 11:25:56:598 160 sec: 15969061 operations; 99998.8 current ops/sec; est completion in 5 hours 31 minutes [READ: Count=500842, Max=1851, Min=157, Avg=290.11, 50=281, 90=342, 99=436, 99.9=573, 99.99=1231] [UPDATE: Count=499141, Max=1940, Min=148, Avg=213.05, 50=204, 90=260, 99=353, 99.9=481, 99.99=1144] [Intended-READ: Count=500843, Max=1917, Min=183, Avg=347.54, 50=338, 90=400, 99=500, 99.9=1085, 99.99=1420] [Intended-UPDATE: Count=499145, Max=2000, Min=164, Avg=270.66, 50=262, 90=319, 99=417, 99.9=938, 99.99=1351] 
2026-09-14 11:26:06:598 170 sec: 16968980 operations; 99991.9 current ops/sec; est completion in 5 hours 31 minutes [READ: Count=500830, Max=1849, Min=163, Avg=290.27, 50=281, 90=343, 99=435, 99.9=560, 99.99=1285] [UPDATE: Count=499170, Max=1795, Min=148, Avg=213.16, 50=204, 90=261, 99=351, 99.9=462, 99.99=1186] [Intended-READ: Count=500861, Max=1906, Min=186, Avg=347.71, 50=339, 90=401, 99=497, 99.9=1121, 99.99=1452] [Intended-UPDATE: Count=499166, Max=1982, Min=165, Avg=270.82, 50=262, 90=320, 99=414, 99.9=959, 99.99=1357] 
2026-09-14 11:26:16:598 180 sec: 17969073 operations; 100009.3 current ops/sec; est completion in 5 hours 30 minutes [READ: Count=498815, Max=1895, Min=161, Avg=290.53, 50=281, 90=344, 99=437, 99.9=567, 99.99=1216] [UPDATE: Count=501201, Max=2227, Min=148, Avg=213.32, 50=204, 90=262, 99=354, 99.9=474, 99.99=1166] [Intended-READ: Count=498828, Max=2036, Min=171, Avg=347.89, 50=339, 90=402, 99=500, 99.9=1042, 99.99=1414] [Intended-UPDATE: Count=501263, Max=2287, Min=163, Avg=270.88, 50=262, 90=320, 99=417, 99.9=902, 99.99=1311] 
2026-09-14 11:26:26:598 190 sec: 18969070 operations; 99999.7 current ops/sec; est completion in 5 hours 30 minutes [READ: Count=499529, Max=1794, Min=160, Avg=291.01, 50=281, 90=345, 99=437, 99.9=563, 99.99=1245] [UPDATE: Count=500469, Max=1576, Min=147, Avg=213.83, 50=204, 90=264, 99=352, 99.9=458, 99.99=1159] [Intended-READ: Count=499475, Max=2029, Min=184, Avg=348.51, 50=339, 90=403, 99=500, 99.9=1114, 99.99=1499] [Intended-UPDATE: Count=500396, Max=1757, Min=167, Avg=271.6, 50=263, 90=322, 99=415, 99.9=957, 99.99=1349] 
2026-09-14 11:26:36:598 200 sec: 19969065 operations; 99999.5 current ops/sec; est completion in 5 hours 30 minutes [READ: Count=499888, Max=2345, Min=160, Avg=289.9, 50=280, 90=342, 99=435, 99.9=567, 99.99=1295] [UPDATE: Count=500093, Max=1743, Min=150, Avg=212.75, 50=203, 90=260, 99=352, 99.9=467, 99.99=1200] [Intended-READ: Count=499899, Max=2389, Min=185, Avg=347.29, 50=338, 90=400, 99=498, 99.9=1089, 99.99=1447] [Intended-UPDATE: Count=500102, Max=1998, Min=165, Avg=270.32, 50=262, 90=319, 99=415, 99.9=931, 99.99=1389] 
2026-09-14 11:26:46:598 210 sec: 20969059 operations; 99999.4 current ops/sec; est completion in 5 hours 30 minutes [READ: Count=500238, Max=1848, Min=163, Avg=290.2, 50=281, 90=343, 99=435, 99.9=560, 99.99=1248] [UPDATE: Count=499770, Max=1664, Min=150, Avg=212.96, 50=204, 90=261, 99=352, 99.9=458, 99.99=1144] [Intended-READ: Count=500234, Max=1974, Min=188, Avg=347.74, 50=338, 90=402, 99=499, 99.9=1074, 99.99=1406] [Intended-UPDATE: Count=499764, Max=1735, Min=165, Avg=270.72, 50=262, 90=320, 99=417, 99.9=871, 99.99=1309] 
2026-09-14 11:26:56:598 220 sec: 21969065 operations; 100000.6 current ops/sec; est completion in 5 hours 30 minutes [READ: Count=499605, Max=2022, Min=159, Avg=289.68, 50=280, 90=342, 99=433, 99.9=559, 99.99=1249] [UPDATE: Count=500396, Max=1667, Min=149, Avg=212.52, 50=203, 90=261, 99=350, 99.9=456, 99.99=1158] [Intended-READ: Count=499603, Max=2081, Min=191, Avg=347.01, 50=338, 90=400, 99=496, 99.9=1101, 99.99=1460] [Intended-UPDATE: Count=500389, Max=2085, Min=167, Avg=270.09, 50=261, 90=319, 99=413, 99.9=945, 99.99=1318] 
2026-09-14 11:27:06:598 230 sec: 22969064 operations; 99999.9 current ops/sec; est completion in 5 hours 29 minutes [READ: Count=500312, Max=2003, Min=160, Avg=290.5, 50=281, 90=344, 99=436, 99.9=571, 99.99=1362] [UPDATE: Count=499690, Max=1934, Min=150, Avg=213.66, 50=204, 90=263, 99=355, 99.9=472, 99.99=1236] [Intended-READ: Count=500310, Max=2137, Min=173, Avg=348.13, 50=339, 90=402, 99=501, 99.9=1165, 99.99=1583] [Intended-UPDATE: Count=499740, Max=2119, Min=165, Avg=271.4, 50=262, 90=322, 99=419, 99.9=1001, 99.99=1489] 
2026-09-14 11:27:16:598 240 sec: 23969063 operations; 99999.9 current ops/sec; est completion in 5 hours 29 minutes [READ: Count=499588, Max=2493, Min=159, Avg=289.57, 50=280, 90=341, 99=433, 99.9=560, 99.99=1341] [UPDATE: Count=500404, Max=2357, Min=148, Avg=212.39, 50=203, 90=259, 99=349, 99.9=468, 99.99=1275] [Intended-READ: Count=499588, Max=3843, Min=185, Avg=347.1, 50=338, 90=399, 99=496, 99.9=1134, 99.99=1585] [Intended-UPDATE: Count=500372, Max=2423, Min=164, Avg=270.14, 50=262, 90=318, 99=413, 99.9=1027, 99.99=1439] 
2026-09-14 11:27:26:598 250 sec: 24969057 operations; 99999.4 current ops/sec; est completion in 5 hours 29 minutes [READ: Count=500301, Max=1699, Min=157, Avg=289.92, 50=281, 90=341, 99=437, 99.9=578, 99.99=1305] [UPDATE: Count=499704, Max=2107, Min=148, Avg=212.93, 50=204, 90=260, 99=353, 99.9=488, 99.99=1234] [Intended-READ: Count=500304, Max=2125, Min=184, Avg=347.45, 50=338, 90=400, 99=500, 99.9=1117, 99.99=1500] [Intended-UPDATE: Count=499688, Max=2163, Min=166, Avg=270.73, 50=262, 90=318, 99=417, 99.9=1025, 99.99=1412] 
2026-09-14 11:27:36:598 260 sec: 25969063 operations; 100000.6 current ops/sec; est completion in 5 hours 29 minutes [READ: Count=500393, Max=1819, Min=157, Avg=290.02, 50=281, 90=341, 99=437, 99.9=575, 99.99=1363] [UPDATE: Count=499623, Max=1948, Min=148, Avg=212.9, 50=204, 90=260, 99=352, 99.9=478, 99.99=1248] [Intended-READ: Count=500395, Max=2103, Min=174, Avg=347.46, 50=339, 90=399, 99=500, 99.9=1095, 99.99=1516] [Intended-UPDATE: Count=499637, Max=2042, Min=163, Avg=270.56, 50=262, 90=318, 99=415, 99.9=914, 99.99=1405] 
2026-09-14 11:27:46:598 270 sec: 26969063 operations; 100000 current ops/sec; est completion in 5 hours 29 minutes [READ: Count=500755, Max=2057, Min=165, Avg=290.46, 50=281, 90=342, 99=442, 99.9=580, 99.99=1338] [UPDATE: Count=499239, Max=1982, Min=150, Avg=213.28, 50=204, 90=261, 99=356, 99.9=483, 99.99=1179] [Intended-READ: Count=500751, Max=2121, Min=186, Avg=348.14, 50=339, 90=401, 99=508, 99.9=1134, 99.99=1478] [Intended-UPDATE: Count=499223, Max=2041, Min=165, Avg=271.24, 50=262, 90=319, 99=423, 99.9=1028, 99.99=1395] 
2026-09-14 11:27:56:598 280 sec: 27969063 operations; 100000 current ops/sec; est completion in 5 hours 29 minutes [READ: Count=501002, Max=2113, Min=162, Avg=289.99, 50=281, 90=343, 99=435, 99.9=554, 99.99=1198] [UPDATE: Count=498982, Max=1769, Min=147, Avg=212.92, 50=204, 90=261, 99=352, 99.9=468, 99.99=1099] [Intended-READ: Count=501000, Max=2171, Min=184, Avg=347.24, 50=338, 90=401, 99=497, 99.9=982, 99.99=1401] [Intended-UPDATE: Count=498988, Max=1830, Min=164, Avg=270.46, 50=262, 90=319, 99=415, 99.9=901, 99.99=1373] 
2026-09-14 11:28:06:598 290 sec: 28969065 operations; 100000.2 current ops/sec; est completion in 5 hours 28 minutes [READ: Count=499901, Max=1947, Min=161, Avg=290.31, 50=281, 90=343, 99=433, 99.9=551, 99.99=1315] [UPDATE: Count=500104, Max=1863, Min=147, Avg=213.21, 50=204, 90=262, 99=350, 99.9=459, 99.99=1198] [Intended-READ: Count=499911, Max=2006, Min=194, Avg=347.66, 50=339, 90=401, 99=495, 99.9=1080, 99.99=1507] [Intended-UPDATE: Count=500101, Max=1925, Min=167, Avg=270.86, 50=262, 90=320, 99=413, 99.9=982, 99.99=1403] 
2026-09-14 11:28:16:598 300 sec: 29969075 operations; 100001 current ops/sec; est completion in 5 hours 28 minutes [READ: Count=500150, Max=1768, Min=162, Avg=289.66, 50=280, 90=341, 99=432, 99.9=551, 99.99=1270] [UPDATE: Count=499856, Max=1614, Min=146, Avg=212.55, 50=203, 90=260, 99=349, 99.9=453, 99.99=1158] [Intended-READ: Count=500144, Max=1977, Min=187, Avg=346.98, 50=338, 90=399, 99=495, 99.9=1086, 99.99=1436] [Intended-UPDATE: Count=499858, Max=1761, Min=165, Avg=270.01, 50=262, 90=318, 99=411, 99.9=882, 99.99=1317] 
Maximum time elapsed. Requesting stop for the workload.
Stop requested for workload. Now Joining!
2026-09-14 11:28:16:630 300 sec: 29971408 operations; 75258.06 current ops/sec; est completion in 5 hours 28 minutes [READ: Count=1177, Max=464, Min=190, Avg=286.87, 50=279, 90=333, 99=417, 99.9=457, 99.99=464] [CLEANUP: Count=256, Max=1972, Min=29, Avg=270.89, 50=45, 90=976, 99=1677, 99.9=1972, 99.99=1972] [UPDATE: Count=1125, Max=475, Min=155, Avg=210.12, 50=202, 90=251, 99=334, 99.9=411, 99.99=475] [Intended-READ: Count=1156, Max=529, Min=242, Avg=344.09, 50=337, 90=392, 99=475, 99.9=525, 99.99=529] [Intended-CLEANUP: Count=256, Max=1972, Min=29, Avg=271.04, 50=45, 90=976, 99=1677, 99.9=1972, 99.99=1972] [Intended-UPDATE: Count=1103, Max=534, Min=175, Avg=266.22, 50=260, 90=311, 99=396, 99.9=475, 99.99=534] 
[OVERALL], RunTime(ms), 300032
[OVERALL], Throughput(ops/sec), 99894.03796928328
[TOTAL_GCS_G1_Young_Generation], Count, 387
[TOTAL_GC_TIME_G1_Young_Generation], Time(ms), 364
[TOTAL_GC_TIME_%_G1_Young_Generation], Time(%), 0.12132039249146759
[TOTAL_GCS_G1_Old_Generation], Count, 0
[TOTAL_GC_TIME_G1_Old_Generation], Time(ms), 0
[TOTAL_GC_TIME_%_G1_Old_Generation], Time(%), 0.0
[TOTAL_GCs], Count, 387
[TOTAL_GC_TIME], Time(ms), 364
[TOTAL_GC_TIME_%], Time(%), 0.12132039249146759
[READ], Operations, 14988546
[READ], AverageLatency(us), 290.3864508939026
[READ], MinLatency(us), 156
[READ], MaxLatency(us), 26031
[READ], 50thPercentileLatency(us), 281
[READ], 95thPercentileLatency(us), 370
[READ], 99thPercentileLatency(us), 436
[READ], 99.9PercentileLatency(us), 572
[READ], 99.99PercentileLatency(us), 1357
[READ], Return=OK, 14988546
[CLEANUP], Operations, 256
[CLEANUP], AverageLatency(us), 270.88671875
[CLEANUP], MinLatency(us), 29
[CLEANUP], MaxLatency(us), 1972
[CLEANUP], 50thPercentileLatency(us), 45
[CLEANUP], 95thPercentileLatency(us), 1124
[CLEANUP], 99thPercentileLatency(us), 1677
[CLEANUP], 99.9PercentileLatency(us), 1972
[CLEANUP], 99.99PercentileLatency(us), 1972
[UPDATE], Operations, 14982862
[UPDATE], AverageLatency(us), 213.26027891066474
[UPDATE], MinLatency(us), 143
[UPDATE], MaxLatency(us), 24815
[UPDATE], 50thPercentileLatency(us), 204
[UPDATE], 95thPercentileLatency(us), 289
[UPDATE], 99thPercentileLatency(us), 353
[UPDATE], 99.9PercentileLatency(us), 473
[UPDATE], 99.99PercentileLatency(us), 1239
[UPDATE], Return=OK, 14982862
[Intended-READ], Operations, 14988546
[Intended-READ], AverageLatency(us), 351.2155867553797
[Intended-READ], MinLatency(us), 171
[Intended-READ], MaxLatency(us), 84991
[Intended-READ], 50thPercentileLatency(us), 338
[Intended-READ], 95thPercentileLatency(us), 429
[Intended-READ], 99thPercentileLatency(us), 501
[Intended-READ], 99.9PercentileLatency(us), 1205
[Intended-READ], 99.99PercentileLatency(us), 10535
[Intended-CLEANUP], Operations, 256
[Intended-CLEANUP], AverageLatency(us), 271.04296875
[Intended-CLEANUP], MinLatency(us), 29
[Intended-CLEANUP], MaxLatency(us), 1972
[Intended-CLEANUP], 50thPercentileLatency(us), 45
[Intended-CLEANUP], 95thPercentileLatency(us), 1124
[Intended-CLEANUP], 99thPercentileLatency(us), 1677
[Intended-CLEANUP], 99.9PercentileLatency(us), 1972
[Intended-CLEANUP], 99.99PercentileLatency(us), 1972
[Intended-UPDATE], Operations, 14982862
[Intended-UPDATE], AverageLatency(us), 274.3088790379301
[Intended-UPDATE], MinLatency(us), 161
[Intended-UPDATE], MaxLatency(us), 87295
[Intended-UPDATE], 50thPercentileLatency(us), 262
[Intended-UPDATE], 95thPercentileLatency(us), 348
[Intended-UPDATE], 99thPercentileLatency(us), 418
[Intended-UPDATE], 99.9PercentileLatency(us), 1106
[Intended-UPDATE], 99.99PercentileLatency(us), 9951
