java -cp /mnt/dev/YCSB-aerospike-dist/aerospike-binding/conf:/mnt/dev/YCSB-aerospike-dist/conf:/mnt/dev/YCSB-aerospike-dist/lib/aerospike-client-3.1.2.jar:/mnt/dev/YCSB-aerospike-dist/lib/htrace-core4-4.1.0-incubating.jar:/mnt/dev/YCSB-aerospike-dist/lib/jbcrypt-0.3m.jar:/mnt/dev/YCSB-aerospike-dist/lib/jackson-mapper-asl-1.9.4.jar:/mnt/dev/YCSB-aerospike-dist/lib/aerospike-binding-0.18.0-SNAPSHOT.jar:/mnt/dev/YCSB-aerospike-dist/lib/HdrHistogram-2.1.12.jar:/mnt/dev/YCSB-aerospike-dist/lib/jackson-core-asl-1.9.4.jar:/mnt/dev/YCSB-aerospike-dist/lib/core-0.18.0-SNAPSHOT.jar:/mnt/dev/YCSB-aerospike-dist/lib/luaj-jse-3.0.jar:/mnt/dev/YCSB-aerospike-dist/lib/gnu-crypto-2.0.1.jar site.ycsb.Client -db site.ycsb.db.AerospikeClient -s -threads 256 -P /mnt/dev/YCSB-aerospike-dist/workloads/workloada -p recordcount=100000000 -p operationcount=2000000000 -p fieldcount=10 -p fieldlength=128 -p fieldlengthdistribution=constant -p readallfields=true -p writeallfields=true -p insertorder=hashed -p requestdistribution=uniform -p readproportion=0.95 -p updateproportion=0.05 -p insertproportion=0 -p scanproportion=0 -p readmodifywriteproportion=0 -p measurementtype=hdrhistogram -p measurement.interval=both -p hdrhistogram.percentiles=50,95,99,99.9,99.99 -p status.interval=10 -p maxexecutiontime=300 -p as.host=172.16.0.4 -p as.port=3000 -p as.namespace=ycsb -p as.timeout=10000 -t
Command line: -db site.ycsb.db.AerospikeClient -s -threads 256 -P /mnt/dev/YCSB-aerospike-dist/workloads/workloada -p recordcount=100000000 -p operationcount=2000000000 -p fieldcount=10 -p fieldlength=128 -p fieldlengthdistribution=constant -p readallfields=true -p writeallfields=true -p insertorder=hashed -p requestdistribution=uniform -p readproportion=0.95 -p updateproportion=0.05 -p insertproportion=0 -p scanproportion=0 -p readmodifywriteproportion=0 -p measurementtype=hdrhistogram -p measurement.interval=both -p hdrhistogram.percentiles=50,95,99,99.9,99.99 -p status.interval=10 -p maxexecutiontime=300 -p as.host=172.16.0.4 -p as.port=3000 -p as.namespace=ycsb -p as.timeout=10000 -t
YCSB Client 0.18.0-SNAPSHOT

Loading workload...
Starting test.
Maximum execution time specified as: 300 secs
2026-09-14 11:38:48:909 0 sec: 0 operations; est completion in 0 second 
DBWrapper: report latency for each error is false and specific error codes to track for latency are: []
2026-09-14 11:38:58:843 10 sec: 3762509 operations; 376250.9 current ops/sec; est completion in 1 hour 28 minutes [READ: Count=3574002, Max=115071, Min=163, Avg=644.02, 50=432, 90=696, 99=6035, 99.9=17391, 99.99=35871] [UPDATE: Count=189162, Max=125631, Min=160, Avg=531.01, 50=335, 90=589, 99=5231, 99.9=16247, 99.99=35295] [Intended-READ: Count=3581279, Max=115071, Min=163, Avg=644.1, 50=432, 90=696, 99=6039, 99.9=17423, 99.99=35871] [Intended-UPDATE: Count=189350, Max=125631, Min=160, Avg=531.03, 50=335, 90=589, 99=5231, 99.9=16247, 99.99=35295] 
2026-09-14 11:39:08:844 20 sec: 7895299 operations; 413279 current ops/sec; est completion in 1 hour 24 minutes [READ: Count=3926093, Max=62111, Min=171, Avg=623.72, 50=429, 90=655, 99=6035, 99.9=16295, 99.99=28911] [UPDATE: Count=206366, Max=61503, Min=159, Avg=509, 50=332, 90=544, 99=5427, 99.9=14759, 99.99=30575] [Intended-READ: Count=3921781, Max=62111, Min=171, Avg=623.7, 50=429, 90=655, 99=6035, 99.9=16263, 99.99=28911] [Intended-UPDATE: Count=206324, Max=61503, Min=159, Avg=509.02, 50=332, 90=544, 99=5427, 99.9=14759, 99.99=30575] 
2026-09-14 11:39:18:843 30 sec: 12067967 operations; 417266.8 current ops/sec; est completion in 1 hour 22 minutes [READ: Count=3964125, Max=52543, Min=169, Avg=617.86, 50=434, 90=677, 99=5607, 99.9=14895, 99.99=27183] [UPDATE: Count=208512, Max=41535, Min=156, Avg=501.86, 50=335, 90=561, 99=4979, 99.9=13783, 99.99=24927] [Intended-READ: Count=3963670, Max=52543, Min=169, Avg=617.87, 50=434, 90=677, 99=5607, 99.9=14903, 99.99=27183] [Intended-UPDATE: Count=208474, Max=41535, Min=156, Avg=501.88, 50=336, 90=561, 99=4979, 99.9=13783, 99.99=24927] 
2026-09-14 11:39:28:843 40 sec: 16206226 operations; 413825.9 current ops/sec; est completion in 1 hour 21 minutes [READ: Count=3932151, Max=52767, Min=174, Avg=622.82, 50=431, 90=669, 99=5839, 99.9=14999, 99.99=25903] [UPDATE: Count=206098, Max=40959, Min=157, Avg=508.05, 50=334, 90=555, 99=5203, 99.9=14063, 99.99=25983] [Intended-READ: Count=3931895, Max=52767, Min=174, Avg=622.88, 50=431, 90=669, 99=5843, 99.9=15007, 99.99=25903] [Intended-UPDATE: Count=206110, Max=40959, Min=157, Avg=508.05, 50=334, 90=555, 99=5203, 99.9=14063, 99.99=25983] 
2026-09-14 11:39:38:843 50 sec: 20336862 operations; 413063.6 current ops/sec; est completion in 1 hour 21 minutes [READ: Count=3923815, Max=55135, Min=163, Avg=624.04, 50=431, 90=674, 99=5851, 99.9=14815, 99.99=26655] [UPDATE: Count=207168, Max=53791, Min=156, Avg=509.79, 50=334, 90=561, 99=5207, 99.9=13911, 99.99=27727] [Intended-READ: Count=3923113, Max=55135, Min=163, Avg=624.08, 50=431, 90=674, 99=5847, 99.9=14815, 99.99=26655] [Intended-UPDATE: Count=207130, Max=53791, Min=156, Avg=509.9, 50=334, 90=561, 99=5199, 99.9=13911, 99.99=27727] 
2026-09-14 11:39:48:843 60 sec: 24492982 operations; 415612 current ops/sec; est completion in 1 hour 20 minutes [READ: Count=3948549, Max=100415, Min=167, Avg=620.36, 50=435, 90=678, 99=5751, 99.9=16111, 99.99=29679] [UPDATE: Count=207223, Max=79615, Min=154, Avg=503.39, 50=337, 90=561, 99=5015, 99.9=14927, 99.99=28703] [Intended-READ: Count=3948918, Max=100415, Min=167, Avg=620.38, 50=435, 90=678, 99=5751, 99.9=16103, 99.99=29679] [Intended-UPDATE: Count=207232, Max=79615, Min=154, Avg=503.41, 50=337, 90=561, 99=5015, 99.9=14927, 99.99=28703] 
2026-09-14 11:39:58:844 70 sec: 28682821 operations; 418983.9 current ops/sec; est completion in 1 hour 20 minutes [READ: Count=3979989, Max=85759, Min=170, Avg=615.25, 50=432, 90=666, 99=5763, 99.9=16367, 99.99=30703] [UPDATE: Count=209887, Max=44479, Min=158, Avg=501.77, 50=335, 90=550, 99=5167, 99.9=15239, 99.99=26767] [Intended-READ: Count=3980208, Max=85759, Min=170, Avg=615.24, 50=432, 90=666, 99=5759, 99.9=16367, 99.99=30639] [Intended-UPDATE: Count=209908, Max=44479, Min=158, Avg=501.7, 50=335, 90=550, 99=5163, 99.9=15239, 99.99=26767] 
2026-09-14 11:40:08:843 80 sec: 32840925 operations; 415810.4 current ops/sec; est completion in 1 hour 19 minutes [READ: Count=3950271, Max=68415, Min=158, Avg=620, 50=430, 90=674, 99=5771, 99.9=15295, 99.99=28319] [UPDATE: Count=207786, Max=46271, Min=158, Avg=504.47, 50=334, 90=558, 99=5123, 99.9=14391, 99.99=27727] [Intended-READ: Count=3949499, Max=68415, Min=158, Avg=620.06, 50=430, 90=674, 99=5771, 99.9=15295, 99.99=28367] [Intended-UPDATE: Count=207750, Max=46271, Min=158, Avg=504.59, 50=334, 90=558, 99=5123, 99.9=14391, 99.99=27727] 
2026-09-14 11:40:18:844 90 sec: 37026545 operations; 418562 current ops/sec; est completion in 1 hour 19 minutes [READ: Count=3975685, Max=52991, Min=165, Avg=615.79, 50=433, 90=679, 99=5547, 99.9=14191, 99.99=26591] [UPDATE: Count=209980, Max=46495, Min=155, Avg=502.93, 50=336, 90=566, 99=4927, 99.9=13407, 99.99=25039] [Intended-READ: Count=3976533, Max=52991, Min=165, Avg=615.75, 50=433, 90=679, 99=5547, 99.9=14191, 99.99=26591] [Intended-UPDATE: Count=209984, Max=46495, Min=156, Avg=502.92, 50=336, 90=566, 99=4927, 99.9=13407, 99.99=25039] 
2026-09-14 11:40:28:843 100 sec: 41215841 operations; 418929.6 current ops/sec; est completion in 1 hour 19 minutes [READ: Count=3979479, Max=91519, Min=165, Avg=615.33, 50=434, 90=685, 99=5383, 99.9=13679, 99.99=25679] [UPDATE: Count=209680, Max=55103, Min=155, Avg=500.82, 50=337, 90=568, 99=4891, 99.9=12175, 99.99=21199] [Intended-READ: Count=3978444, Max=91519, Min=165, Avg=615.44, 50=434, 90=685, 99=5383, 99.9=13687, 99.99=25679] [Intended-UPDATE: Count=209647, Max=55103, Min=155, Avg=500.9, 50=337, 90=568, 99=4891, 99.9=12175, 99.99=21199] 
2026-09-14 11:40:38:843 110 sec: 45387082 operations; 417124.1 current ops/sec; est completion in 1 hour 18 minutes [READ: Count=3961748, Max=67007, Min=164, Avg=618.05, 50=431, 90=679, 99=5599, 99.9=14519, 99.99=26623] [UPDATE: Count=209557, Max=62303, Min=160, Avg=503.72, 50=334, 90=564, 99=4967, 99.9=13895, 99.99=25343] [Intended-READ: Count=3962154, Max=67007, Min=164, Avg=618.06, 50=431, 90=679, 99=5599, 99.9=14511, 99.99=26623] [Intended-UPDATE: Count=209585, Max=62303, Min=160, Avg=503.81, 50=334, 90=564, 99=4967, 99.9=13895, 99.99=25343] 
2026-09-14 11:40:48:843 120 sec: 49540481 operations; 415339.9 current ops/sec; est completion in 1 hour 18 minutes [READ: Count=3945739, Max=62911, Min=168, Avg=620.48, 50=432, 90=678, 99=5679, 99.9=14383, 99.99=24863] [UPDATE: Count=207608, Max=45375, Min=157, Avg=508.09, 50=336, 90=566, 99=5067, 99.9=13639, 99.99=23055] [Intended-READ: Count=3945340, Max=62911, Min=168, Avg=620.53, 50=432, 90=678, 99=5679, 99.9=14383, 99.99=24863] [Intended-UPDATE: Count=207616, Max=45375, Min=157, Avg=508.03, 50=336, 90=566, 99=5067, 99.9=13639, 99.99=23055] 
2026-09-14 11:40:58:843 130 sec: 53710967 operations; 417048.6 current ops/sec; est completion in 1 hour 18 minutes [READ: Count=3961931, Max=68927, Min=163, Avg=618.18, 50=436, 90=692, 99=5431, 99.9=14751, 99.99=28847] [UPDATE: Count=208580, Max=45151, Min=157, Avg=502.7, 50=338, 90=574, 99=4803, 99.9=13231, 99.99=27551] [Intended-READ: Count=3962505, Max=68927, Min=163, Avg=618.2, 50=436, 90=692, 99=5431, 99.9=14751, 99.99=28847] [Intended-UPDATE: Count=208568, Max=45151, Min=157, Avg=502.79, 50=338, 90=574, 99=4803, 99.9=13231, 99.99=27551] 
2026-09-14 11:41:08:843 140 sec: 57859805 operations; 414883.8 current ops/sec; est completion in 1 hour 18 minutes [READ: Count=3941226, Max=67199, Min=167, Avg=621.26, 50=432, 90=685, 99=5615, 99.9=14039, 99.99=24207] [UPDATE: Count=207623, Max=45055, Min=156, Avg=509.5, 50=336, 90=572, 99=5091, 99.9=12983, 99.99=23631] [Intended-READ: Count=3941121, Max=67199, Min=167, Avg=621.29, 50=432, 90=685, 99=5615, 99.9=14039, 99.99=24207] [Intended-UPDATE: Count=207638, Max=45055, Min=156, Avg=509.49, 50=336, 90=572, 99=5087, 99.9=12983, 99.99=23631] 
2026-09-14 11:41:18:843 150 sec: 62005576 operations; 414577.1 current ops/sec; est completion in 1 hour 18 minutes [READ: Count=3937836, Max=43615, Min=165, Avg=621.65, 50=430, 90=675, 99=5739, 99.9=14375, 99.99=25967] [UPDATE: Count=207901, Max=42751, Min=157, Avg=509.75, 50=334, 90=563, 99=5199, 99.9=13223, 99.99=24511] [Intended-READ: Count=3937348, Max=43615, Min=165, Avg=621.69, 50=430, 90=675, 99=5739, 99.9=14375, 99.99=25967] [Intended-UPDATE: Count=207871, Max=42751, Min=157, Avg=509.83, 50=334, 90=563, 99=5203, 99.9=13223, 99.99=24511] 
2026-09-14 11:41:28:843 160 sec: 66153940 operations; 414836.4 current ops/sec; est completion in 1 hour 17 minutes [READ: Count=3941009, Max=63455, Min=164, Avg=621.4, 50=429, 90=667, 99=5827, 99.9=15079, 99.99=28271] [UPDATE: Count=207381, Max=49375, Min=157, Avg=506.02, 50=333, 90=555, 99=5127, 99.9=13975, 99.99=25439] [Intended-READ: Count=3941638, Max=63455, Min=164, Avg=621.45, 50=429, 90=667, 99=5831, 99.9=15079, 99.99=28271] [Intended-UPDATE: Count=207391, Max=49375, Min=157, Avg=506.08, 50=333, 90=555, 99=5127, 99.9=13975, 99.99=25439] 
2026-09-14 11:41:38:843 170 sec: 70276348 operations; 412240.8 current ops/sec; est completion in 1 hour 17 minutes [READ: Count=3916120, Max=59071, Min=170, Avg=625.11, 50=426, 90=667, 99=5943, 99.9=14759, 99.99=27343] [UPDATE: Count=206279, Max=41695, Min=157, Avg=514.47, 50=331, 90=560, 99=5279, 99.9=13887, 99.99=26031] [Intended-READ: Count=3915677, Max=59071, Min=170, Avg=625.13, 50=426, 90=667, 99=5939, 99.9=14759, 99.99=27343] [Intended-UPDATE: Count=206271, Max=41695, Min=157, Avg=514.48, 50=332, 90=559, 99=5279, 99.9=13887, 99.99=26031] 
2026-09-14 11:41:48:843 180 sec: 74421852 operations; 414550.4 current ops/sec; est completion in 1 hour 17 minutes [READ: Count=3939451, Max=76543, Min=165, Avg=621.81, 50=430, 90=680, 99=5727, 99.9=14231, 99.99=24239] [UPDATE: Count=206035, Max=59391, Min=156, Avg=505.6, 50=335, 90=565, 99=5023, 99.9=13239, 99.99=22319] [Intended-READ: Count=3939399, Max=76543, Min=165, Avg=621.85, 50=430, 90=680, 99=5727, 99.9=14239, 99.99=24255] [Intended-UPDATE: Count=206047, Max=59391, Min=156, Avg=505.74, 50=335, 90=565, 99=5027, 99.9=13295, 99.99=22351] 
2026-09-14 11:41:58:843 190 sec: 78589431 operations; 416757.9 current ops/sec; est completion in 1 hour 17 minutes [READ: Count=3958940, Max=124927, Min=170, Avg=618.63, 50=435, 90=691, 99=5439, 99.9=14543, 99.99=27903] [UPDATE: Count=208675, Max=103039, Min=155, Avg=503.9, 50=338, 90=574, 99=4787, 99.9=13303, 99.99=27839] [Intended-READ: Count=3959344, Max=124927, Min=170, Avg=618.66, 50=435, 90=691, 99=5439, 99.9=14535, 99.99=27903] [Intended-UPDATE: Count=208663, Max=103039, Min=155, Avg=503.89, 50=338, 90=574, 99=4787, 99.9=13279, 99.99=27839] 
2026-09-14 11:42:08:843 200 sec: 82766065 operations; 417663.4 current ops/sec; est completion in 1 hour 17 minutes [READ: Count=3967405, Max=78527, Min=168, Avg=617.07, 50=434, 90=694, 99=5383, 99.9=13839, 99.99=25775] [UPDATE: Count=209153, Max=82303, Min=158, Avg=505.64, 50=338, 90=578, 99=4799, 99.9=13015, 99.99=26479] [Intended-READ: Count=3967031, Max=78527, Min=168, Avg=617.19, 50=434, 90=694, 99=5383, 99.9=13839, 99.99=25775] [Intended-UPDATE: Count=209164, Max=82303, Min=158, Avg=505.59, 50=338, 90=578, 99=4799, 99.9=13015, 99.99=26479] 
2026-09-14 11:42:18:843 210 sec: 86931536 operations; 416547.1 current ops/sec; est completion in 1 hour 17 minutes [READ: Count=3956986, Max=42175, Min=170, Avg=618.68, 50=432, 90=685, 99=5491, 99.9=13879, 99.99=23951] [UPDATE: Count=208530, Max=35007, Min=158, Avg=507.19, 50=335, 90=572, 99=4931, 99.9=13319, 99.99=22975] [Intended-READ: Count=3957388, Max=42175, Min=170, Avg=618.61, 50=432, 90=685, 99=5491, 99.9=13887, 99.99=23951] [Intended-UPDATE: Count=208526, Max=35007, Min=158, Avg=507.25, 50=335, 90=572, 99=4931, 99.9=13319, 99.99=22975] 
2026-09-14 11:42:28:843 220 sec: 91086197 operations; 415466.1 current ops/sec; est completion in 1 hour 16 minutes [READ: Count=3946879, Max=43007, Min=167, Avg=620.58, 50=433, 90=691, 99=5467, 99.9=13087, 99.99=22127] [UPDATE: Count=207754, Max=42527, Min=154, Avg=503.98, 50=337, 90=578, 99=4751, 99.9=11919, 99.99=21951] [Intended-READ: Count=3946316, Max=43007, Min=167, Avg=620.62, 50=433, 90=691, 99=5467, 99.9=13079, 99.99=22127] [Intended-UPDATE: Count=207752, Max=42527, Min=154, Avg=503.98, 50=337, 90=578, 99=4751, 99.9=11919, 99.99=21951] 
2026-09-14 11:42:38:843 230 sec: 95263014 operations; 417681.7 current ops/sec; est completion in 1 hour 16 minutes [READ: Count=3968798, Max=50431, Min=168, Avg=617.03, 50=434, 90=691, 99=5323, 99.9=13015, 99.99=23391] [UPDATE: Count=208020, Max=36959, Min=160, Avg=505.5, 50=338, 90=574, 99=4783, 99.9=12407, 99.99=21551] [Intended-READ: Count=3969233, Max=50431, Min=168, Avg=617.04, 50=434, 90=691, 99=5319, 99.9=13015, 99.99=23391] [Intended-UPDATE: Count=208023, Max=36959, Min=160, Avg=505.61, 50=338, 90=575, 99=4783, 99.9=12407, 99.99=21551] 
2026-09-14 11:42:48:843 240 sec: 99410975 operations; 414796.1 current ops/sec; est completion in 1 hour 16 minutes [READ: Count=3940758, Max=61471, Min=164, Avg=621.33, 50=432, 90=693, 99=5443, 99.9=13759, 99.99=25711] [UPDATE: Count=207220, Max=48511, Min=153, Avg=507.88, 50=336, 90=578, 99=4831, 99.9=12935, 99.99=23471] [Intended-READ: Count=3941365, Max=61471, Min=164, Avg=621.37, 50=432, 90=693, 99=5443, 99.9=13767, 99.99=25727] [Intended-UPDATE: Count=207223, Max=48511, Min=153, Avg=507.83, 50=336, 90=578, 99=4823, 99.9=12935, 99.99=23471] 
2026-09-14 11:42:58:843 250 sec: 103621352 operations; 421037.7 current ops/sec; est completion in 1 hour 16 minutes [READ: Count=3999642, Max=57343, Min=167, Avg=612.28, 50=439, 90=698, 99=5095, 99.9=14207, 99.99=27231] [UPDATE: Count=210700, Max=51103, Min=157, Avg=499.3, 50=342, 90=582, 99=4519, 99.9=13047, 99.99=26783] [Intended-READ: Count=3998565, Max=57343, Min=167, Avg=612.34, 50=439, 90=698, 99=5095, 99.9=14207, 99.99=27231] [Intended-UPDATE: Count=210705, Max=51103, Min=157, Avg=499.37, 50=342, 90=582, 99=4519, 99.9=13047, 99.99=26783] 
2026-09-14 11:43:08:843 260 sec: 107821956 operations; 420060.4 current ops/sec; est completion in 1 hour 16 minutes [READ: Count=3990494, Max=55967, Min=170, Avg=613.56, 50=437, 90=695, 99=5219, 99.9=13503, 99.99=25727] [UPDATE: Count=210205, Max=38815, Min=156, Avg=500.74, 50=340, 90=579, 99=4667, 99.9=12631, 99.99=25919] [Intended-READ: Count=3991470, Max=55967, Min=170, Avg=613.58, 50=437, 90=695, 99=5219, 99.9=13503, 99.99=25727] [Intended-UPDATE: Count=210221, Max=38815, Min=156, Avg=500.73, 50=340, 90=579, 99=4667, 99.9=12631, 99.99=25919] 
2026-09-14 11:43:18:843 270 sec: 111999389 operations; 417743.3 current ops/sec; est completion in 1 hour 15 minutes [READ: Count=3968805, Max=50239, Min=171, Avg=617.15, 50=434, 90=692, 99=5351, 99.9=12727, 99.99=22143] [UPDATE: Count=208574, Max=34655, Min=147, Avg=502.3, 50=338, 90=577, 99=4747, 99.9=11591, 99.99=20927] [Intended-READ: Count=3967860, Max=50239, Min=171, Avg=617.2, 50=434, 90=692, 99=5351, 99.9=12727, 99.99=22143] [Intended-UPDATE: Count=208577, Max=34655, Min=147, Avg=502.41, 50=339, 90=577, 99=4747, 99.9=11591, 99.99=20927] 
2026-09-14 11:43:28:843 280 sec: 116205563 operations; 420617.4 current ops/sec; est completion in 1 hour 15 minutes [READ: Count=3995300, Max=48831, Min=164, Avg=612.95, 50=436, 90=691, 99=5199, 99.9=12863, 99.99=23839] [UPDATE: Count=210830, Max=41855, Min=162, Avg=497.86, 50=340, 90=574, 99=4663, 99.9=11967, 99.99=21727] [Intended-READ: Count=3995401, Max=48831, Min=164, Avg=612.96, 50=437, 90=691, 99=5199, 99.9=12863, 99.99=23839] [Intended-UPDATE: Count=210831, Max=41855, Min=162, Avg=497.98, 50=340, 90=575, 99=4663, 99.9=11967, 99.99=21727] 
2026-09-14 11:43:38:843 290 sec: 120384075 operations; 417851.2 current ops/sec; est completion in 1 hour 15 minutes [READ: Count=3970088, Max=59583, Min=168, Avg=616.74, 50=433, 90=690, 99=5387, 99.9=13031, 99.99=23247] [UPDATE: Count=208474, Max=47199, Min=156, Avg=504.38, 50=337, 90=573, 99=4863, 99.9=12583, 99.99=22175] [Intended-READ: Count=3969931, Max=59583, Min=168, Avg=616.8, 50=434, 90=690, 99=5387, 99.9=13039, 99.99=23247] [Intended-UPDATE: Count=208440, Max=47199, Min=156, Avg=504.38, 50=337, 90=573, 99=4863, 99.9=12583, 99.99=22175] 
2026-09-14 11:43:48:843 300 sec: 124544231 operations; 416015.6 current ops/sec; est completion in 1 hour 15 minutes [READ: Count=3951708, Max=84031, Min=165, Avg=619.74, 50=432, 90=681, 99=5519, 99.9=13703, 99.99=25935] [UPDATE: Count=208435, Max=82687, Min=155, Avg=504.26, 50=337, 90=566, 99=4963, 99.9=12583, 99.99=24431] [Intended-READ: Count=3951914, Max=84031, Min=165, Avg=619.71, 50=432, 90=681, 99=5519, 99.9=13703, 99.99=25935] [Intended-UPDATE: Count=208431, Max=82687, Min=155, Avg=504.19, 50=337, 90=566, 99=4963, 99.9=12583, 99.99=24431] 
Maximum time elapsed. Requesting stop for the workload.
Stop requested for workload. Now Joining!
2026-09-14 11:43:48:875 300 sec: 124554970 operations; 346419.35 current ops/sec; est completion in 1 hour 15 minutes [READ: Count=10060, Max=16079, Min=203, Avg=622.95, 50=439, 90=701, 99=5639, 99.9=13055, 99.99=15143] [CLEANUP: Count=256, Max=6187, Min=30, Avg=2901.32, 50=3471, 90=4851, 99=5579, 99.9=6187, 99.99=6187] [UPDATE: Count=492, Max=15439, Min=192, Avg=636.98, 50=355, 90=636, 99=7371, 99.9=15439, 99.99=15439] [Intended-READ: Count=8742, Max=16079, Min=204, Avg=644.54, 50=439, 90=723, 99=5899, 99.9=13263, 99.99=16079] [Intended-CLEANUP: Count=256, Max=6187, Min=31, Avg=2901.45, 50=3471, 90=4851, 99=5579, 99.9=6187, 99.99=6187] [Intended-UPDATE: Count=436, Max=15439, Min=192, Avg=672.92, 50=356, 90=715, 99=7371, 99.9=15439, 99.99=15439] 
[OVERALL], RunTime(ms), 300030
[OVERALL], Throughput(ops/sec), 415141.7191614172
[TOTAL_GCS_G1_Young_Generation], Count, 1367
[TOTAL_GC_TIME_G1_Young_Generation], Time(ms), 1443
[TOTAL_GC_TIME_%_G1_Young_Generation], Time(%), 0.480951904809519
[TOTAL_GCS_G1_Old_Generation], Count, 0
[TOTAL_GC_TIME_G1_Old_Generation], Time(ms), 0
[TOTAL_GC_TIME_%_G1_Old_Generation], Time(%), 0.0
[TOTAL_GCs], Count, 1367
[TOTAL_GC_TIME], Time(ms), 1443
[TOTAL_GC_TIME_%], Time(%), 0.480951904809519
[READ], Operations, 118325082
[READ], AverageLatency(us), 619.6674467210595
[READ], MinLatency(us), 158
[READ], MaxLatency(us), 124927
[READ], 50thPercentileLatency(us), 433
[READ], 95thPercentileLatency(us), 951
[READ], 99thPercentileLatency(us), 5575
[READ], 99.9PercentileLatency(us), 14423
[READ], 99.99PercentileLatency(us), 26639
[READ], Return=OK, 118325082
[CLEANUP], Operations, 256
[CLEANUP], AverageLatency(us), 2901.3203125
[CLEANUP], MinLatency(us), 30
[CLEANUP], MaxLatency(us), 6187
[CLEANUP], 50thPercentileLatency(us), 3471
[CLEANUP], 95thPercentileLatency(us), 5167
[CLEANUP], 99thPercentileLatency(us), 5579
[CLEANUP], 99.9PercentileLatency(us), 6187
[CLEANUP], 99.99PercentileLatency(us), 6187
[UPDATE], Operations, 6229888
[UPDATE], AverageLatency(us), 505.7784403186703
[UPDATE], MinLatency(us), 147
[UPDATE], MaxLatency(us), 125631
[UPDATE], 50thPercentileLatency(us), 336
[UPDATE], 95thPercentileLatency(us), 809
[UPDATE], 99thPercentileLatency(us), 4963
[UPDATE], 99.9PercentileLatency(us), 13391
[UPDATE], 99.99PercentileLatency(us), 25167
[UPDATE], Return=OK, 6229888
[Intended-READ], Operations, 118325082
[Intended-READ], AverageLatency(us), 619.7010186479313
[Intended-READ], MinLatency(us), 158
[Intended-READ], MaxLatency(us), 124927
[Intended-READ], 50thPercentileLatency(us), 433
[Intended-READ], 95thPercentileLatency(us), 951
[Intended-READ], 99thPercentileLatency(us), 5575
[Intended-READ], 99.9PercentileLatency(us), 14423
[Intended-READ], 99.99PercentileLatency(us), 26639
[Intended-CLEANUP], Operations, 256
[Intended-CLEANUP], AverageLatency(us), 2901.453125
[Intended-CLEANUP], MinLatency(us), 31
[Intended-CLEANUP], MaxLatency(us), 6187
[Intended-CLEANUP], 50thPercentileLatency(us), 3471
[Intended-CLEANUP], 95thPercentileLatency(us), 5167
[Intended-CLEANUP], 99thPercentileLatency(us), 5579
[Intended-CLEANUP], 99.9PercentileLatency(us), 6187
[Intended-CLEANUP], 99.99PercentileLatency(us), 6187
[Intended-UPDATE], Operations, 6229888
[Intended-UPDATE], AverageLatency(us), 505.8125317822728
[Intended-UPDATE], MinLatency(us), 147
[Intended-UPDATE], MaxLatency(us), 125631
[Intended-UPDATE], 50thPercentileLatency(us), 336
[Intended-UPDATE], 95thPercentileLatency(us), 809
[Intended-UPDATE], 99thPercentileLatency(us), 4963
[Intended-UPDATE], 99.9PercentileLatency(us), 13391
[Intended-UPDATE], 99.99PercentileLatency(us), 25167
