java -cp /mnt/dev/YCSB-aerospike-dist/aerospike-binding/conf:/mnt/dev/YCSB-aerospike-dist/conf:/mnt/dev/YCSB-aerospike-dist/lib/aerospike-client-3.1.2.jar:/mnt/dev/YCSB-aerospike-dist/lib/htrace-core4-4.1.0-incubating.jar:/mnt/dev/YCSB-aerospike-dist/lib/jbcrypt-0.3m.jar:/mnt/dev/YCSB-aerospike-dist/lib/jackson-mapper-asl-1.9.4.jar:/mnt/dev/YCSB-aerospike-dist/lib/aerospike-binding-0.18.0-SNAPSHOT.jar:/mnt/dev/YCSB-aerospike-dist/lib/HdrHistogram-2.1.12.jar:/mnt/dev/YCSB-aerospike-dist/lib/jackson-core-asl-1.9.4.jar:/mnt/dev/YCSB-aerospike-dist/lib/core-0.18.0-SNAPSHOT.jar:/mnt/dev/YCSB-aerospike-dist/lib/luaj-jse-3.0.jar:/mnt/dev/YCSB-aerospike-dist/lib/gnu-crypto-2.0.1.jar site.ycsb.Client -db site.ycsb.db.AerospikeClient -s -threads 256 -P /mnt/dev/YCSB-aerospike-dist/workloads/workloada -p recordcount=100000000 -p operationcount=1000000 -p fieldcount=10 -p fieldlength=128 -p fieldlengthdistribution=constant -p readallfields=true -p writeallfields=true -p insertorder=hashed -p requestdistribution=uniform -p readproportion=0.95 -p updateproportion=0.05 -p insertproportion=0 -p scanproportion=0 -p readmodifywriteproportion=0 -p measurementtype=hdrhistogram -p measurement.interval=both -p hdrhistogram.percentiles=50,95,99,99.9,99.99 -p status.interval=10 -p as.host=172.16.0.4 -p as.port=3000 -p as.namespace=ycsb -p as.timeout=10000 -t
Command line: -db site.ycsb.db.AerospikeClient -s -threads 256 -P /mnt/dev/YCSB-aerospike-dist/workloads/workloada -p recordcount=100000000 -p operationcount=1000000 -p fieldcount=10 -p fieldlength=128 -p fieldlengthdistribution=constant -p readallfields=true -p writeallfields=true -p insertorder=hashed -p requestdistribution=uniform -p readproportion=0.95 -p updateproportion=0.05 -p insertproportion=0 -p scanproportion=0 -p readmodifywriteproportion=0 -p measurementtype=hdrhistogram -p measurement.interval=both -p hdrhistogram.percentiles=50,95,99,99.9,99.99 -p status.interval=10 -p as.host=172.16.0.4 -p as.port=3000 -p as.namespace=ycsb -p as.timeout=10000 -t
YCSB Client 0.18.0-SNAPSHOT

Loading workload...
Starting test.
2026-09-14 11:38:43:074 0 sec: 0 operations; est completion in 0 second 
DBWrapper: report latency for each error is false and specific error codes to track for latency are: []
2026-09-14 11:38:46:153 3 sec: 1000000 operations; 318167.36 current ops/sec; [READ: Count=950100, Max=116095, Min=178, Avg=642.63, 50=443, 90=755, 99=5219, 99.9=17503, 99.99=37247] [CLEANUP: Count=256, Max=617, Min=24, Avg=56.27, 50=42, 90=87, 99=245, 99.9=617, 99.99=617] [UPDATE: Count=49900, Max=97855, Min=161, Avg=525.83, 50=347, 90=649, 99=4451, 99.9=14871, 99.99=36223] [Intended-READ: Count=950100, Max=116095, Min=178, Avg=642.67, 50=443, 90=755, 99=5219, 99.9=17503, 99.99=37247] [Intended-CLEANUP: Count=256, Max=618, Min=24, Avg=56.6, 50=43, 90=87, 99=246, 99.9=618, 99.99=618] [Intended-UPDATE: Count=49900, Max=97855, Min=161, Avg=525.87, 50=347, 90=649, 99=4451, 99.9=14871, 99.99=36223] 
[OVERALL], RunTime(ms), 3142
[OVERALL], Throughput(ops/sec), 318268.6187141948
[TOTAL_GCS_G1_Young_Generation], Count, 14
[TOTAL_GC_TIME_G1_Young_Generation], Time(ms), 39
[TOTAL_GC_TIME_%_G1_Young_Generation], Time(%), 1.2412476129853598
[TOTAL_GCS_G1_Old_Generation], Count, 0
[TOTAL_GC_TIME_G1_Old_Generation], Time(ms), 0
[TOTAL_GC_TIME_%_G1_Old_Generation], Time(%), 0.0
[TOTAL_GCs], Count, 14
[TOTAL_GC_TIME], Time(ms), 39
[TOTAL_GC_TIME_%], Time(%), 1.2412476129853598
[READ], Operations, 950100
[READ], AverageLatency(us), 642.6274644774235
[READ], MinLatency(us), 178
[READ], MaxLatency(us), 116095
[READ], 50thPercentileLatency(us), 443
[READ], 95thPercentileLatency(us), 1103
[READ], 99thPercentileLatency(us), 5219
[READ], 99.9PercentileLatency(us), 17503
[READ], 99.99PercentileLatency(us), 37247
[READ], Return=OK, 950100
[CLEANUP], Operations, 256
[CLEANUP], AverageLatency(us), 56.26953125
[CLEANUP], MinLatency(us), 24
[CLEANUP], MaxLatency(us), 617
[CLEANUP], 50thPercentileLatency(us), 42
[CLEANUP], 95thPercentileLatency(us), 143
[CLEANUP], 99thPercentileLatency(us), 245
[CLEANUP], 99.9PercentileLatency(us), 617
[CLEANUP], 99.99PercentileLatency(us), 617
[UPDATE], Operations, 49900
[UPDATE], AverageLatency(us), 525.8266933867735
[UPDATE], MinLatency(us), 161
[UPDATE], MaxLatency(us), 97855
[UPDATE], 50thPercentileLatency(us), 347
[UPDATE], 95thPercentileLatency(us), 991
[UPDATE], 99thPercentileLatency(us), 4451
[UPDATE], 99.9PercentileLatency(us), 14871
[UPDATE], 99.99PercentileLatency(us), 36223
[UPDATE], Return=OK, 49900
[Intended-READ], Operations, 950100
[Intended-READ], AverageLatency(us), 642.6710146300389
[Intended-READ], MinLatency(us), 178
[Intended-READ], MaxLatency(us), 116095
[Intended-READ], 50thPercentileLatency(us), 443
[Intended-READ], 95thPercentileLatency(us), 1103
[Intended-READ], 99thPercentileLatency(us), 5219
[Intended-READ], 99.9PercentileLatency(us), 17503
[Intended-READ], 99.99PercentileLatency(us), 37247
[Intended-CLEANUP], Operations, 256
[Intended-CLEANUP], AverageLatency(us), 56.59765625
[Intended-CLEANUP], MinLatency(us), 24
[Intended-CLEANUP], MaxLatency(us), 618
[Intended-CLEANUP], 50thPercentileLatency(us), 43
[Intended-CLEANUP], 95thPercentileLatency(us), 143
[Intended-CLEANUP], 99thPercentileLatency(us), 246
[Intended-CLEANUP], 99.9PercentileLatency(us), 618
[Intended-CLEANUP], 99.99PercentileLatency(us), 618
[Intended-UPDATE], Operations, 49900
[Intended-UPDATE], AverageLatency(us), 525.8683366733467
[Intended-UPDATE], MinLatency(us), 161
[Intended-UPDATE], MaxLatency(us), 97855
[Intended-UPDATE], 50thPercentileLatency(us), 347
[Intended-UPDATE], 95thPercentileLatency(us), 991
[Intended-UPDATE], 99thPercentileLatency(us), 4451
[Intended-UPDATE], 99.9PercentileLatency(us), 14871
[Intended-UPDATE], 99.99PercentileLatency(us), 36223
