java -cp /mnt/dev/YCSB-aerospike-dist/aerospike-binding/conf:/mnt/dev/YCSB-aerospike-dist/conf:/mnt/dev/YCSB-aerospike-dist/lib/aerospike-client-3.1.2.jar:/mnt/dev/YCSB-aerospike-dist/lib/htrace-core4-4.1.0-incubating.jar:/mnt/dev/YCSB-aerospike-dist/lib/jbcrypt-0.3m.jar:/mnt/dev/YCSB-aerospike-dist/lib/jackson-mapper-asl-1.9.4.jar:/mnt/dev/YCSB-aerospike-dist/lib/aerospike-binding-0.18.0-SNAPSHOT.jar:/mnt/dev/YCSB-aerospike-dist/lib/HdrHistogram-2.1.12.jar:/mnt/dev/YCSB-aerospike-dist/lib/jackson-core-asl-1.9.4.jar:/mnt/dev/YCSB-aerospike-dist/lib/core-0.18.0-SNAPSHOT.jar:/mnt/dev/YCSB-aerospike-dist/lib/luaj-jse-3.0.jar:/mnt/dev/YCSB-aerospike-dist/lib/gnu-crypto-2.0.1.jar site.ycsb.Client -db site.ycsb.db.AerospikeClient -s -threads 256 -P /mnt/dev/YCSB-aerospike-dist/workloads/workloada -target 100000 -p recordcount=100000000 -p operationcount=1000000 -p fieldcount=10 -p fieldlength=128 -p fieldlengthdistribution=constant -p readallfields=true -p writeallfields=true -p insertorder=hashed -p requestdistribution=uniform -p readproportion=0.5 -p updateproportion=0.5 -p insertproportion=0 -p scanproportion=0 -p readmodifywriteproportion=0 -p measurementtype=hdrhistogram -p measurement.interval=both -p hdrhistogram.percentiles=50,95,99,99.9,99.99 -p status.interval=10 -p as.host=172.16.0.4 -p as.port=3000 -p as.namespace=ycsb -p as.timeout=10000 -t
Command line: -db site.ycsb.db.AerospikeClient -s -threads 256 -P /mnt/dev/YCSB-aerospike-dist/workloads/workloada -target 100000 -p recordcount=100000000 -p operationcount=1000000 -p fieldcount=10 -p fieldlength=128 -p fieldlengthdistribution=constant -p readallfields=true -p writeallfields=true -p insertorder=hashed -p requestdistribution=uniform -p readproportion=0.5 -p updateproportion=0.5 -p insertproportion=0 -p scanproportion=0 -p readmodifywriteproportion=0 -p measurementtype=hdrhistogram -p measurement.interval=both -p hdrhistogram.percentiles=50,95,99,99.9,99.99 -p status.interval=10 -p as.host=172.16.0.4 -p as.port=3000 -p as.namespace=ycsb -p as.timeout=10000 -t
YCSB Client 0.18.0-SNAPSHOT

Loading workload...
Starting test.
2026-09-14 11:23:03:379 0 sec: 0 operations; est completion in 0 second 
DBWrapper: report latency for each error is false and specific error codes to track for latency are: []
2026-09-14 11:23:13:324 10 sec: 943069 operations; 94297.47 current ops/sec; est completion in 1 second [READ: Count=471677, Max=182911, Min=161, Avg=297.95, 50=281, 90=347, 99=454, 99.9=1398, 99.99=6011] [UPDATE: Count=471672, Max=181247, Min=146, Avg=220.09, 50=204, 90=266, 99=374, 99.9=1082, 99.99=5975] [Intended-READ: Count=471931, Max=392959, Min=202, Avg=791.41, 50=339, 90=408, 99=696, 99.9=162303, 99.99=335359] [Intended-UPDATE: Count=471869, Max=390655, Min=166, Avg=741.1, 50=263, 90=328, 99=644, 99.9=172287, 99.99=342271] 
2026-09-14 11:23:13:969 10 sec: 1000000 operations; 88265.12 current ops/sec; [READ: Count=28452, Max=3443, Min=181, Avg=288.38, 50=278, 90=335, 99=424, 99.9=985, 99.99=2799] [CLEANUP: Count=256, Max=382, Min=17, Avg=40.82, 50=32, 90=68, 99=164, 99.9=382, 99.99=382] [UPDATE: Count=28199, Max=3915, Min=152, Avg=211.22, 50=202, 90=254, 99=339, 99.9=617, 99.99=2663] [Intended-READ: Count=28198, Max=3677, Min=205, Avg=354.67, 50=336, 90=394, 99=519, 99.9=2821, 99.99=3387] [Intended-CLEANUP: Count=256, Max=383, Min=17, Avg=41.11, 50=32, 90=68, 99=165, 99.9=383, 99.99=383] [Intended-UPDATE: Count=28002, Max=4011, Min=170, Avg=277.33, 50=261, 90=314, 99=429, 99.9=2795, 99.99=3589] 
[OVERALL], RunTime(ms), 10645
[OVERALL], Throughput(ops/sec), 93940.81728511037
[TOTAL_GCS_G1_Young_Generation], Count, 16
[TOTAL_GC_TIME_G1_Young_Generation], Time(ms), 36
[TOTAL_GC_TIME_%_G1_Young_Generation], Time(%), 0.3381869422263974
[TOTAL_GCS_G1_Old_Generation], Count, 0
[TOTAL_GC_TIME_G1_Old_Generation], Time(ms), 0
[TOTAL_GC_TIME_%_G1_Old_Generation], Time(%), 0.0
[TOTAL_GCs], Count, 16
[TOTAL_GC_TIME], Time(ms), 36
[TOTAL_GC_TIME_%], Time(%), 0.3381869422263974
[READ], Operations, 500129
[READ], AverageLatency(us), 297.40966230712473
[READ], MinLatency(us), 161
[READ], MaxLatency(us), 182911
[READ], 50thPercentileLatency(us), 281
[READ], 95thPercentileLatency(us), 375
[READ], 99thPercentileLatency(us), 453
[READ], 99.9PercentileLatency(us), 1367
[READ], 99.99PercentileLatency(us), 5499
[READ], Return=OK, 500129
[CLEANUP], Operations, 256
[CLEANUP], AverageLatency(us), 40.82421875
[CLEANUP], MinLatency(us), 17
[CLEANUP], MaxLatency(us), 382
[CLEANUP], 50thPercentileLatency(us), 32
[CLEANUP], 95thPercentileLatency(us), 87
[CLEANUP], 99thPercentileLatency(us), 164
[CLEANUP], 99.9PercentileLatency(us), 382
[CLEANUP], 99.99PercentileLatency(us), 382
[UPDATE], Operations, 499871
[UPDATE], AverageLatency(us), 219.5851929797888
[UPDATE], MinLatency(us), 146
[UPDATE], MaxLatency(us), 181247
[UPDATE], 50thPercentileLatency(us), 204
[UPDATE], 95thPercentileLatency(us), 294
[UPDATE], 99thPercentileLatency(us), 372
[UPDATE], 99.9PercentileLatency(us), 1050
[UPDATE], 99.99PercentileLatency(us), 5643
[UPDATE], Return=OK, 499871
[Intended-READ], Operations, 500129
[Intended-READ], AverageLatency(us), 766.786101185894
[Intended-READ], MinLatency(us), 202
[Intended-READ], MaxLatency(us), 392959
[Intended-READ], 50thPercentileLatency(us), 339
[Intended-READ], 95thPercentileLatency(us), 441
[Intended-READ], 99thPercentileLatency(us), 676
[Intended-READ], 99.9PercentileLatency(us), 156415
[Intended-READ], 99.99PercentileLatency(us), 333311
[Intended-CLEANUP], Operations, 256
[Intended-CLEANUP], AverageLatency(us), 41.11328125
[Intended-CLEANUP], MinLatency(us), 17
[Intended-CLEANUP], MaxLatency(us), 383
[Intended-CLEANUP], 50thPercentileLatency(us), 32
[Intended-CLEANUP], 95thPercentileLatency(us), 87
[Intended-CLEANUP], 99thPercentileLatency(us), 165
[Intended-CLEANUP], 99.9PercentileLatency(us), 383
[Intended-CLEANUP], 99.99PercentileLatency(us), 383
[Intended-UPDATE], Operations, 499871
[Intended-UPDATE], AverageLatency(us), 715.1242520570307
[Intended-UPDATE], MinLatency(us), 166
[Intended-UPDATE], MaxLatency(us), 390655
[Intended-UPDATE], 50thPercentileLatency(us), 263
[Intended-UPDATE], 95thPercentileLatency(us), 360
[Intended-UPDATE], 99thPercentileLatency(us), 616
[Intended-UPDATE], 99.9PercentileLatency(us), 167039
[Intended-UPDATE], 99.99PercentileLatency(us), 339967
