java -cp /mnt/dev/YCSB-hreplace-dist/redis-binding/conf:/mnt/dev/YCSB-hreplace-dist/conf:/mnt/dev/YCSB-hreplace-dist/lib/htrace-core4-4.1.0-incubating.jar:/mnt/dev/YCSB-hreplace-dist/lib/slf4j-api-1.7.25.jar:/mnt/dev/YCSB-hreplace-dist/lib/jackson-mapper-asl-1.9.4.jar:/mnt/dev/YCSB-hreplace-dist/lib/HdrHistogram-2.1.12.jar:/mnt/dev/YCSB-hreplace-dist/lib/jackson-core-asl-1.9.4.jar:/mnt/dev/YCSB-hreplace-dist/lib/jedis-3.9.0.jar:/mnt/dev/YCSB-hreplace-dist/lib/core-0.18.0-SNAPSHOT.jar:/mnt/dev/YCSB-hreplace-dist/lib/commons-pool2-2.11.1.jar:/mnt/dev/YCSB-hreplace-dist/lib/redis-binding-0.18.0-SNAPSHOT.jar site.ycsb.Client -db site.ycsb.db.RedisClient -s -threads 256 -P /mnt/dev/YCSB-hreplace-dist/workloads/workloada -target 100000 -p recordcount=100000000 -p operationcount=2000000000 -p fieldcount=10 -p fieldlength=128 -p fieldlengthdistribution=constant -p readallfields=true -p writeallfields=true -p insertorder=hashed -p requestdistribution=uniform -p readproportion=0.95 -p updateproportion=0.05 -p insertproportion=0 -p scanproportion=0 -p readmodifywriteproportion=0 -p measurementtype=hdrhistogram -p measurement.interval=both -p hdrhistogram.percentiles=50,95,99,99.9,99.99 -p status.interval=10 -p maxexecutiontime=300 -p redis.host=172.16.0.4 -p redis.port=16379 -p redis.scanindex=none -p redis.timeout=10000 -p redis.cluster=false -p redis.updatecommand=keylane.hreplace -t
Command line: -db site.ycsb.db.RedisClient -s -threads 256 -P /mnt/dev/YCSB-hreplace-dist/workloads/workloada -target 100000 -p recordcount=100000000 -p operationcount=2000000000 -p fieldcount=10 -p fieldlength=128 -p fieldlengthdistribution=constant -p readallfields=true -p writeallfields=true -p insertorder=hashed -p requestdistribution=uniform -p readproportion=0.95 -p updateproportion=0.05 -p insertproportion=0 -p scanproportion=0 -p readmodifywriteproportion=0 -p measurementtype=hdrhistogram -p measurement.interval=both -p hdrhistogram.percentiles=50,95,99,99.9,99.99 -p status.interval=10 -p maxexecutiontime=300 -p redis.host=172.16.0.4 -p redis.port=16379 -p redis.scanindex=none -p redis.timeout=10000 -p redis.cluster=false -p redis.updatecommand=keylane.hreplace -t
YCSB Client 0.18.0-SNAPSHOT

Loading workload...
Starting test.
SLF4J: Failed to load class "org.slf4j.impl.StaticLoggerBinder".
SLF4J: Defaulting to no-operation (NOP) logger implementation
SLF4J: See http://www.slf4j.org/codes.html#StaticLoggerBinder for further details.
Maximum execution time specified as: 300 secs
2026-09-14 10:45:53:674 0 sec: 0 operations; est completion in 0 second 
DBWrapper: report latency for each error is false and specific error codes to track for latency are: []
2026-09-14 10:46:03:638 10 sec: 991795 operations; 99179.5 current ops/sec; est completion in 5 hours 35 minutes [READ: Count=942025, Max=55199, Min=183, Avg=318.15, 50=290, 90=348, 99=698, 99.9=3581, 99.99=19695] [UPDATE: Count=49863, Max=54527, Min=158, Avg=259.42, 50=218, 90=282, 99=747, 99.9=5095, 99.99=32111] [Intended-READ: Count=942775, Max=106687, Min=230, Avg=541.15, 50=349, 90=409, 99=3305, 99.9=38719, 99.99=78591] [Intended-UPDATE: Count=49878, Max=104511, Min=178, Avg=479.61, 50=278, 90=344, 99=3961, 99.9=38143, 99.99=87871] 
2026-09-14 10:46:13:638 20 sec: 1991791 operations; 99999.6 current ops/sec; est completion in 5 hours 34 minutes [READ: Count=949938, Max=15367, Min=173, Avg=296.77, 50=289, 90=340, 99=435, 99.9=702, 99.99=1290] [UPDATE: Count=50006, Max=3297, Min=159, Avg=226.81, 50=218, 90=272, 99=374, 99.9=568, 99.99=1298] [Intended-READ: Count=949490, Max=15583, Min=229, Avg=357.68, 50=348, 90=400, 99=504, 99.9=1076, 99.99=10463] [Intended-UPDATE: Count=49998, Max=15007, Min=182, Avg=288.33, 50=278, 90=331, 99=443, 99.9=1017, 99.99=11223] 
2026-09-14 10:46:23:638 30 sec: 2991789 operations; 99999.8 current ops/sec; est completion in 5 hours 33 minutes [READ: Count=949852, Max=3145, Min=176, Avg=297.12, 50=289, 90=342, 99=440, 99.9=680, 99.99=1195] [UPDATE: Count=50141, Max=1856, Min=155, Avg=227.32, 50=218, 90=275, 99=381, 99.9=533, 99.99=1218] [Intended-READ: Count=949670, Max=3203, Min=233, Avg=356.07, 50=348, 90=402, 99=507, 99.9=1038, 99.99=1342] [Intended-UPDATE: Count=50139, Max=1915, Min=180, Avg=286.56, 50=278, 90=334, 99=448, 99.9=975, 99.99=1277] 
2026-09-14 10:46:33:638 40 sec: 3991777 operations; 99998.8 current ops/sec; est completion in 5 hours 33 minutes [READ: Count=950189, Max=3775, Min=173, Avg=296.67, 50=289, 90=340, 99=438, 99.9=651, 99.99=1263] [UPDATE: Count=49825, Max=2187, Min=158, Avg=226.85, 50=218, 90=272, 99=378, 99.9=577, 99.99=1380] [Intended-READ: Count=950176, Max=3833, Min=230, Avg=355.76, 50=348, 90=400, 99=505, 99.9=1030, 99.99=1387] [Intended-UPDATE: Count=49824, Max=2249, Min=185, Avg=286.26, 50=278, 90=332, 99=446, 99.9=969, 99.99=1442] 
2026-09-14 10:46:43:638 50 sec: 4991791 operations; 100001.4 current ops/sec; est completion in 5 hours 33 minutes [READ: Count=949895, Max=1599, Min=165, Avg=296.94, 50=289, 90=342, 99=441, 99.9=693, 99.99=1168] [UPDATE: Count=50107, Max=1232, Min=156, Avg=227.09, 50=218, 90=273, 99=381, 99.9=534, 99.99=1036] [Intended-READ: Count=949868, Max=1658, Min=193, Avg=356.07, 50=348, 90=401, 99=511, 99.9=1034, 99.99=1290] [Intended-UPDATE: Count=50105, Max=1382, Min=181, Avg=286.57, 50=278, 90=332, 99=450, 99.9=943, 99.99=1233] 
2026-09-14 10:46:53:638 60 sec: 5991788 operations; 99999.7 current ops/sec; est completion in 5 hours 32 minutes [READ: Count=950090, Max=3377, Min=188, Avg=296.45, 50=289, 90=340, 99=439, 99.9=661, 99.99=1103] [UPDATE: Count=49898, Max=1348, Min=154, Avg=226.84, 50=218, 90=273, 99=375, 99.9=518, 99.99=1027] [Intended-READ: Count=950112, Max=3437, Min=226, Avg=355.34, 50=348, 90=400, 99=506, 99.9=1001, 99.99=1241] [Intended-UPDATE: Count=49907, Max=1408, Min=181, Avg=286.05, 50=278, 90=331, 99=441, 99.9=953, 99.99=1180] 
2026-09-14 10:47:03:638 70 sec: 6991788 operations; 100000 current ops/sec; est completion in 5 hours 32 minutes [READ: Count=949772, Max=1751, Min=172, Avg=297.13, 50=289, 90=343, 99=442, 99.9=644, 99.99=1104] [UPDATE: Count=50231, Max=1465, Min=158, Avg=227.77, 50=219, 90=276, 99=380, 99.9=533, 99.99=1268] [Intended-READ: Count=949773, Max=1811, Min=228, Avg=356.04, 50=348, 90=402, 99=509, 99.9=1009, 99.99=1301] [Intended-UPDATE: Count=50224, Max=1525, Min=183, Avg=287.21, 50=278, 90=335, 99=450, 99.9=910, 99.99=1347] 
2026-09-14 10:47:13:637 80 sec: 7991777 operations; 99998.9 current ops/sec; est completion in 5 hours 32 minutes [READ: Count=950053, Max=3383, Min=166, Avg=296.6, 50=289, 90=341, 99=439, 99.9=667, 99.99=1134] [UPDATE: Count=49954, Max=1592, Min=157, Avg=227.56, 50=218, 90=275, 99=380, 99.9=514, 99.99=1224] [Intended-READ: Count=950132, Max=3447, Min=199, Avg=355.62, 50=348, 90=401, 99=507, 99.9=1033, 99.99=1280] [Intended-UPDATE: Count=49956, Max=1640, Min=181, Avg=286.95, 50=278, 90=334, 99=449, 99.9=998, 99.99=1321] 
2026-09-14 10:47:23:638 90 sec: 8991786 operations; 100000.9 current ops/sec; est completion in 5 hours 32 minutes [READ: Count=949695, Max=3053, Min=174, Avg=297.21, 50=289, 90=344, 99=444, 99.9=681, 99.99=1204] [UPDATE: Count=50295, Max=1574, Min=157, Avg=228.51, 50=219, 90=279, 99=384, 99.9=518, 99.99=1104] [Intended-READ: Count=949580, Max=3113, Min=212, Avg=356.17, 50=348, 90=403, 99=511, 99.9=1039, 99.99=1305] [Intended-UPDATE: Count=50291, Max=1639, Min=185, Avg=287.75, 50=278, 90=338, 99=452, 99.9=960, 99.99=1266] 
2026-09-14 10:47:33:638 100 sec: 9991787 operations; 100000.1 current ops/sec; est completion in 5 hours 31 minutes [READ: Count=950100, Max=1935, Min=178, Avg=297.45, 50=290, 90=344, 99=443, 99.9=666, 99.99=1101] [UPDATE: Count=49889, Max=1412, Min=156, Avg=228.5, 50=219, 90=279, 99=385, 99.9=507, 99.99=971] [Intended-READ: Count=950094, Max=1999, Min=205, Avg=356.4, 50=349, 90=403, 99=509, 99.9=1007, 99.99=1215] [Intended-UPDATE: Count=49894, Max=1472, Min=182, Avg=287.61, 50=278, 90=338, 99=450, 99.9=870, 99.99=1314] 
2026-09-14 10:47:43:638 110 sec: 10991788 operations; 100000.1 current ops/sec; est completion in 5 hours 31 minutes [READ: Count=949879, Max=1547, Min=178, Avg=297.16, 50=289, 90=343, 99=442, 99.9=684, 99.99=1116] [UPDATE: Count=50121, Max=1344, Min=159, Avg=227.83, 50=219, 90=276, 99=380, 99.9=521, 99.99=1016] [Intended-READ: Count=949889, Max=1992, Min=222, Avg=356.24, 50=349, 90=403, 99=512, 99.9=1018, 99.99=1231] [Intended-UPDATE: Count=50117, Max=1479, Min=186, Avg=287.13, 50=278, 90=335, 99=450, 99.9=928, 99.99=1146] 
2026-09-14 10:47:53:638 120 sec: 11991775 operations; 99998.7 current ops/sec; est completion in 5 hours 31 minutes [READ: Count=950401, Max=2631, Min=163, Avg=297.6, 50=289, 90=345, 99=444, 99.9=708, 99.99=1254] [UPDATE: Count=49605, Max=1661, Min=160, Avg=228.47, 50=219, 90=279, 99=387, 99.9=550, 99.99=1189] [Intended-READ: Count=950497, Max=2675, Min=212, Avg=356.53, 50=349, 90=404, 99=512, 99.9=1024, 99.99=1349] [Intended-UPDATE: Count=49603, Max=1721, Min=179, Avg=287.73, 50=278, 90=338, 99=454, 99.9=955, 99.99=1310] 
2026-09-14 10:48:03:638 130 sec: 12991793 operations; 100001.8 current ops/sec; est completion in 5 hours 31 minutes [READ: Count=949987, Max=1531, Min=158, Avg=297.26, 50=289, 90=344, 99=442, 99.9=653, 99.99=1105] [UPDATE: Count=50019, Max=1504, Min=158, Avg=228.13, 50=219, 90=277, 99=382, 99.9=518, 99.99=1047] [Intended-READ: Count=949877, Max=1594, Min=214, Avg=356.22, 50=348, 90=403, 99=509, 99.9=1029, 99.99=1224] [Intended-UPDATE: Count=50019, Max=1564, Min=184, Avg=287.28, 50=278, 90=336, 99=449, 99.9=902, 99.99=1172] 
2026-09-14 10:48:13:638 140 sec: 13991788 operations; 99999.5 current ops/sec; est completion in 5 hours 31 minutes [READ: Count=950027, Max=2907, Min=181, Avg=295.49, 50=289, 90=338, 99=434, 99.9=655, 99.99=1160] [UPDATE: Count=49965, Max=1456, Min=157, Avg=226.03, 50=218, 90=269, 99=373, 99.9=514, 99.99=1149] [Intended-READ: Count=950029, Max=2967, Min=233, Avg=354.44, 50=348, 90=397, 99=501, 99.9=1014, 99.99=1278] [Intended-UPDATE: Count=49966, Max=1522, Min=183, Avg=285.32, 50=277, 90=328, 99=442, 99.9=919, 99.99=1239] 
2026-09-14 10:48:23:638 150 sec: 14991783 operations; 99999.5 current ops/sec; est completion in 5 hours 31 minutes [READ: Count=949993, Max=2529, Min=181, Avg=296.52, 50=289, 90=341, 99=441, 99.9=694, 99.99=1299] [UPDATE: Count=49998, Max=1294, Min=156, Avg=227.58, 50=218, 90=276, 99=384, 99.9=543, 99.99=1274] [Intended-READ: Count=949997, Max=2587, Min=225, Avg=355.48, 50=348, 90=401, 99=508, 99.9=1033, 99.99=1393] [Intended-UPDATE: Count=49999, Max=1379, Min=180, Avg=286.92, 50=278, 90=334, 99=451, 99.9=984, 99.99=1343] 
2026-09-14 10:48:33:637 160 sec: 15991778 operations; 99999.5 current ops/sec; est completion in 5 hours 30 minutes [READ: Count=949834, Max=1998, Min=173, Avg=297.01, 50=289, 90=342, 99=442, 99.9=672, 99.99=1192] [UPDATE: Count=50174, Max=1437, Min=153, Avg=227.91, 50=219, 90=275, 99=383, 99.9=545, 99.99=1204] [Intended-READ: Count=949832, Max=2591, Min=229, Avg=356.01, 50=348, 90=402, 99=509, 99.9=1024, 99.99=1311] [Intended-UPDATE: Count=50185, Max=1597, Min=179, Avg=287.19, 50=278, 90=334, 99=449, 99.9=963, 99.99=1279] 
2026-09-14 10:48:43:638 170 sec: 16991789 operations; 100001.1 current ops/sec; est completion in 5 hours 30 minutes [READ: Count=949676, Max=1697, Min=170, Avg=296.63, 50=289, 90=341, 99=442, 99.9=685, 99.99=1146] [UPDATE: Count=50321, Max=1578, Min=155, Avg=227.45, 50=218, 90=275, 99=380, 99.9=525, 99.99=1056] [Intended-READ: Count=949677, Max=2161, Min=225, Avg=355.65, 50=348, 90=401, 99=512, 99.9=998, 99.99=1266] [Intended-UPDATE: Count=50307, Max=1637, Min=181, Avg=286.74, 50=278, 90=334, 99=449, 99.9=912, 99.99=1229] 
2026-09-14 10:48:53:638 180 sec: 17991787 operations; 99999.8 current ops/sec; est completion in 5 hours 30 minutes [READ: Count=949754, Max=1512, Min=166, Avg=296.31, 50=289, 90=340, 99=438, 99.9=654, 99.99=1129] [UPDATE: Count=50254, Max=1353, Min=159, Avg=227.27, 50=218, 90=274, 99=382, 99.9=542, 99.99=1013] [Intended-READ: Count=949855, Max=1573, Min=207, Avg=355.35, 50=348, 90=400, 99=506, 99.9=1031, 99.99=1267] [Intended-UPDATE: Count=50255, Max=1413, Min=183, Avg=286.35, 50=278, 90=333, 99=447, 99.9=928, 99.99=1194] 
2026-09-14 10:49:03:637 190 sec: 18991786 operations; 99999.9 current ops/sec; est completion in 5 hours 30 minutes [READ: Count=950099, Max=4123, Min=192, Avg=296.28, 50=289, 90=340, 99=439, 99.9=689, 99.99=1170] [UPDATE: Count=49887, Max=1354, Min=158, Avg=227.3, 50=218, 90=274, 99=379, 99.9=539, 99.99=1157] [Intended-READ: Count=950011, Max=4183, Min=228, Avg=355.24, 50=348, 90=400, 99=506, 99.9=1047, 99.99=1314] [Intended-UPDATE: Count=49887, Max=1413, Min=182, Avg=286.51, 50=278, 90=333, 99=445, 99.9=925, 99.99=1307] 
2026-09-14 10:49:13:638 200 sec: 19991780 operations; 99999.4 current ops/sec; est completion in 5 hours 30 minutes [READ: Count=950030, Max=1734, Min=179, Avg=295.91, 50=289, 90=339, 99=441, 99.9=664, 99.99=1087] [UPDATE: Count=49979, Max=1452, Min=157, Avg=226.73, 50=218, 90=271, 99=382, 99.9=524, 99.99=944] [Intended-READ: Count=950003, Max=1793, Min=215, Avg=354.87, 50=348, 90=399, 99=508, 99.9=1019, 99.99=1210] [Intended-UPDATE: Count=49981, Max=1514, Min=179, Avg=285.8, 50=277, 90=330, 99=448, 99.9=877, 99.99=1122] 
2026-09-14 10:49:23:638 210 sec: 20991788 operations; 100000.8 current ops/sec; est completion in 5 hours 29 minutes [READ: Count=949826, Max=1664, Min=176, Avg=296.18, 50=289, 90=340, 99=440, 99.9=673, 99.99=1161] [UPDATE: Count=50177, Max=1349, Min=156, Avg=227.04, 50=218, 90=273, 99=382, 99.9=540, 99.99=1175] [Intended-READ: Count=949823, Max=1723, Min=229, Avg=355.16, 50=348, 90=400, 99=508, 99.9=1024, 99.99=1293] [Intended-UPDATE: Count=50178, Max=1411, Min=175, Avg=286.19, 50=277, 90=332, 99=450, 99.9=939, 99.99=1271] 
2026-09-14 10:49:33:637 220 sec: 21991787 operations; 99999.9 current ops/sec; est completion in 5 hours 29 minutes [READ: Count=950031, Max=1925, Min=174, Avg=296.64, 50=289, 90=342, 99=441, 99.9=664, 99.99=1092] [UPDATE: Count=49958, Max=1414, Min=154, Avg=227.57, 50=218, 90=276, 99=380, 99.9=531, 99.99=1225] [Intended-READ: Count=950027, Max=1993, Min=231, Avg=355.59, 50=348, 90=401, 99=508, 99.9=1004, 99.99=1205] [Intended-UPDATE: Count=49956, Max=1474, Min=179, Avg=286.62, 50=278, 90=335, 99=446, 99.9=824, 99.99=1287] 
2026-09-14 10:49:43:638 230 sec: 22991787 operations; 100000 current ops/sec; est completion in 5 hours 29 minutes [READ: Count=949655, Max=1569, Min=173, Avg=297.25, 50=289, 90=343, 99=443, 99.9=680, 99.99=1149] [UPDATE: Count=50345, Max=1327, Min=157, Avg=228.1, 50=219, 90=278, 99=381, 99.9=550, 99.99=1057] [Intended-READ: Count=949664, Max=1633, Min=214, Avg=356.34, 50=349, 90=403, 99=513, 99.9=1033, 99.99=1282] [Intended-UPDATE: Count=50349, Max=1386, Min=182, Avg=287.37, 50=278, 90=337, 99=449, 99.9=954, 99.99=1222] 
2026-09-14 10:49:53:637 240 sec: 23991779 operations; 99999.2 current ops/sec; est completion in 5 hours 29 minutes [READ: Count=950314, Max=2077, Min=176, Avg=296.41, 50=289, 90=340, 99=440, 99.9=680, 99.99=1141] [UPDATE: Count=49686, Max=1315, Min=160, Avg=227.26, 50=218, 90=273, 99=383, 99.9=530, 99.99=1061] [Intended-READ: Count=950310, Max=2119, Min=227, Avg=355.34, 50=348, 90=400, 99=507, 99.9=1003, 99.99=1253] [Intended-UPDATE: Count=49687, Max=1373, Min=186, Avg=286.4, 50=278, 90=332, 99=449, 99.9=905, 99.99=1134] 
2026-09-14 10:50:03:637 250 sec: 24991790 operations; 100001.1 current ops/sec; est completion in 5 hours 29 minutes [READ: Count=949807, Max=1728, Min=185, Avg=296.79, 50=289, 90=342, 99=440, 99.9=671, 99.99=1106] [UPDATE: Count=50200, Max=1306, Min=158, Avg=227.91, 50=219, 90=275, 99=384, 99.9=531, 99.99=1020] [Intended-READ: Count=949798, Max=1789, Min=220, Avg=355.73, 50=348, 90=401, 99=507, 99.9=1032, 99.99=1214] [Intended-UPDATE: Count=50195, Max=1366, Min=183, Avg=287.1, 50=278, 90=334, 99=455, 99.9=913, 99.99=1113] 
2026-09-14 10:50:13:638 260 sec: 25991786 operations; 99999.6 current ops/sec; est completion in 5 hours 29 minutes [READ: Count=950336, Max=1675, Min=182, Avg=297.52, 50=290, 90=345, 99=445, 99.9=653, 99.99=1116] [UPDATE: Count=49668, Max=1272, Min=158, Avg=228.55, 50=219, 90=280, 99=386, 99.9=511, 99.99=976] [Intended-READ: Count=950342, Max=2329, Min=225, Avg=356.5, 50=349, 90=404, 99=512, 99.9=1002, 99.99=1253] [Intended-UPDATE: Count=49668, Max=1336, Min=185, Avg=287.72, 50=278, 90=339, 99=454, 99.9=859, 99.99=1078] 
2026-09-14 10:50:23:637 270 sec: 26991780 operations; 99999.4 current ops/sec; est completion in 5 hours 28 minutes [READ: Count=949998, Max=2529, Min=172, Avg=296.11, 50=289, 90=339, 99=439, 99.9=667, 99.99=1113] [UPDATE: Count=49986, Max=1381, Min=157, Avg=226.8, 50=218, 90=271, 99=377, 99.9=553, 99.99=1271] [Intended-READ: Count=950009, Max=2587, Min=226, Avg=355.02, 50=348, 90=399, 99=506, 99.9=1011, 99.99=1231] [Intended-UPDATE: Count=49986, Max=1444, Min=184, Avg=285.99, 50=278, 90=330, 99=444, 99.9=916, 99.99=1330] 
2026-09-14 10:50:33:637 280 sec: 27991782 operations; 100000.2 current ops/sec; est completion in 5 hours 28 minutes [READ: Count=950053, Max=2639, Min=166, Avg=296.27, 50=289, 90=340, 99=437, 99.9=648, 99.99=1133] [UPDATE: Count=49950, Max=1333, Min=153, Avg=226.97, 50=218, 90=272, 99=378, 99.9=532, 99.99=1181] [Intended-READ: Count=950050, Max=2701, Min=228, Avg=355.29, 50=348, 90=400, 99=503, 99.9=1009, 99.99=1223] [Intended-UPDATE: Count=49950, Max=1405, Min=177, Avg=286.39, 50=278, 90=331, 99=446, 99.9=959, 99.99=1256] 
2026-09-14 10:50:43:637 290 sec: 28991788 operations; 100000.6 current ops/sec; est completion in 5 hours 28 minutes [READ: Count=949903, Max=2085, Min=194, Avg=296.53, 50=289, 90=341, 99=442, 99.9=673, 99.99=1153] [UPDATE: Count=50106, Max=1482, Min=159, Avg=227.51, 50=218, 90=274, 99=382, 99.9=561, 99.99=1189] [Intended-READ: Count=949889, Max=2153, Min=226, Avg=355.64, 50=348, 90=401, 99=512, 99.9=1040, 99.99=1279] [Intended-UPDATE: Count=50106, Max=1548, Min=184, Avg=287.23, 50=278, 90=334, 99=452, 99.9=985, 99.99=1324] 
2026-09-14 10:50:53:637 300 sec: 29991788 operations; 100000 current ops/sec; est completion in 5 hours 28 minutes [READ: Count=949769, Max=1652, Min=171, Avg=296.31, 50=289, 90=340, 99=442, 99.9=660, 99.99=1146] [UPDATE: Count=50218, Max=1294, Min=155, Avg=227.14, 50=218, 90=272, 99=383, 99.9=558, 99.99=1010] [Intended-READ: Count=949772, Max=1774, Min=187, Avg=355.28, 50=348, 90=400, 99=510, 99.9=1021, 99.99=1264] [Intended-UPDATE: Count=50217, Max=1353, Min=184, Avg=286.25, 50=278, 90=331, 99=449, 99.9=947, 99.99=1246] 
Maximum time elapsed. Requesting stop for the workload.
Stop requested for workload. Now Joining!
2026-09-14 10:50:53:676 300 sec: 29995438 operations; 93589.74 current ops/sec; est completion in 5 hours 28 minutes [READ: Count=3456, Max=530, Min=212, Avg=293.95, 50=288, 90=335, 99=419, 99.9=488, 99.99=530] [CLEANUP: Count=256, Max=1940, Min=9, Avg=307.37, 50=14, 90=1423, 99=1807, 99.9=1940, 99.99=1940] [UPDATE: Count=175, Max=463, Min=164, Avg=224.15, 50=217, 90=259, 99=387, 99.9=463, 99.99=463] [Intended-READ: Count=3416, Max=599, Min=243, Avg=352.03, 50=347, 90=395, 99=476, 99.9=547, 99.99=599] [Intended-CLEANUP: Count=256, Max=1940, Min=10, Avg=307.48, 50=14, 90=1423, 99=1807, 99.9=1940, 99.99=1940] [Intended-UPDATE: Count=174, Max=522, Min=213, Avg=281.56, 50=276, 90=320, 99=452, 99.9=522, 99.99=522] 
[OVERALL], RunTime(ms), 300040
[OVERALL], Throughput(ops/sec), 99971.46380482602
[TOTAL_GCS_G1_Young_Generation], Count, 561
[TOTAL_GC_TIME_G1_Young_Generation], Time(ms), 408
[TOTAL_GC_TIME_%_G1_Young_Generation], Time(%), 0.1359818690841221
[TOTAL_GCS_G1_Old_Generation], Count, 0
[TOTAL_GC_TIME_G1_Old_Generation], Time(ms), 0
[TOTAL_GC_TIME_%_G1_Old_Generation], Time(%), 0.0
[TOTAL_GCs], Count, 561
[TOTAL_GC_TIME], Time(ms), 408
[TOTAL_GC_TIME_%], Time(%), 0.1359818690841221
[READ], Operations, 28494437
[READ], AverageLatency(us), 297.41650087699577
[READ], MinLatency(us), 158
[READ], MaxLatency(us), 55199
[READ], 50thPercentileLatency(us), 289
[READ], 95thPercentileLatency(us), 372
[READ], 99thPercentileLatency(us), 442
[READ], 99.9PercentileLatency(us), 838
[READ], 99.99PercentileLatency(us), 2397
[READ], Return=OK, 28494437
[CLEANUP], Operations, 256
[CLEANUP], AverageLatency(us), 307.37109375
[CLEANUP], MinLatency(us), 9
[CLEANUP], MaxLatency(us), 1940
[CLEANUP], 50thPercentileLatency(us), 14
[CLEANUP], 95thPercentileLatency(us), 1675
[CLEANUP], 99thPercentileLatency(us), 1807
[CLEANUP], 99.9PercentileLatency(us), 1940
[CLEANUP], 99.99PercentileLatency(us), 1940
[UPDATE], Operations, 1501001
[UPDATE], AverageLatency(us), 228.53752662389965
[UPDATE], MinLatency(us), 153
[UPDATE], MaxLatency(us), 54527
[UPDATE], 50thPercentileLatency(us), 218
[UPDATE], 95thPercentileLatency(us), 311
[UPDATE], 99thPercentileLatency(us), 383
[UPDATE], 99.9PercentileLatency(us), 607
[UPDATE], 99.99PercentileLatency(us), 3345
[UPDATE], Return=OK, 1501001
[Intended-READ], Operations, 28494437
[Intended-READ], AverageLatency(us), 361.8940471784019
[Intended-READ], MinLatency(us), 187
[Intended-READ], MaxLatency(us), 106687
[Intended-READ], 50thPercentileLatency(us), 348
[Intended-READ], 95thPercentileLatency(us), 432
[Intended-READ], 99thPercentileLatency(us), 512
[Intended-READ], 99.9PercentileLatency(us), 1109
[Intended-READ], 99.99PercentileLatency(us), 21519
[Intended-CLEANUP], Operations, 256
[Intended-CLEANUP], AverageLatency(us), 307.484375
[Intended-CLEANUP], MinLatency(us), 10
[Intended-CLEANUP], MaxLatency(us), 1940
[Intended-CLEANUP], 50thPercentileLatency(us), 14
[Intended-CLEANUP], 95thPercentileLatency(us), 1675
[Intended-CLEANUP], 99thPercentileLatency(us), 1807
[Intended-CLEANUP], 99.9PercentileLatency(us), 1940
[Intended-CLEANUP], 99.99PercentileLatency(us), 1940
[Intended-UPDATE], Operations, 1501001
[Intended-UPDATE], AverageLatency(us), 293.2170338327556
[Intended-UPDATE], MinLatency(us), 175
[Intended-UPDATE], MaxLatency(us), 104511
[Intended-UPDATE], 50thPercentileLatency(us), 278
[Intended-UPDATE], 95thPercentileLatency(us), 372
[Intended-UPDATE], 99thPercentileLatency(us), 452
[Intended-UPDATE], 99.9PercentileLatency(us), 1036
[Intended-UPDATE], 99.99PercentileLatency(us), 21663
