java -cp /mnt/dev/YCSB-aerospike-dist/aerospike-binding/conf:/mnt/dev/YCSB-aerospike-dist/conf:/mnt/dev/YCSB-aerospike-dist/lib/aerospike-client-3.1.2.jar:/mnt/dev/YCSB-aerospike-dist/lib/htrace-core4-4.1.0-incubating.jar:/mnt/dev/YCSB-aerospike-dist/lib/jbcrypt-0.3m.jar:/mnt/dev/YCSB-aerospike-dist/lib/jackson-mapper-asl-1.9.4.jar:/mnt/dev/YCSB-aerospike-dist/lib/aerospike-binding-0.18.0-SNAPSHOT.jar:/mnt/dev/YCSB-aerospike-dist/lib/HdrHistogram-2.1.12.jar:/mnt/dev/YCSB-aerospike-dist/lib/jackson-core-asl-1.9.4.jar:/mnt/dev/YCSB-aerospike-dist/lib/core-0.18.0-SNAPSHOT.jar:/mnt/dev/YCSB-aerospike-dist/lib/luaj-jse-3.0.jar:/mnt/dev/YCSB-aerospike-dist/lib/gnu-crypto-2.0.1.jar site.ycsb.Client -db site.ycsb.db.AerospikeClient -s -threads 256 -P /mnt/dev/YCSB-aerospike-dist/workloads/workloada -p recordcount=14000000000 -p operationcount=1000000 -p fieldcount=10 -p fieldlength=128 -p fieldlengthdistribution=constant -p readallfields=true -p writeallfields=true -p insertorder=hashed -p requestdistribution=uniform -p readproportion=0.95 -p updateproportion=0 -p insertproportion=0.05 -p scanproportion=0 -p readmodifywriteproportion=0 -p measurementtype=hdrhistogram -p measurement.interval=both -p hdrhistogram.percentiles=50,95,99,99.9,99.99 -p status.interval=10 -p insertstart=0 -p insertcount=100000000 -p as.host=172.16.0.4 -p as.port=3000 -p as.namespace=ycsb -p as.timeout=10000 -t
Command line: -db site.ycsb.db.AerospikeClient -s -threads 256 -P /mnt/dev/YCSB-aerospike-dist/workloads/workloada -p recordcount=14000000000 -p operationcount=1000000 -p fieldcount=10 -p fieldlength=128 -p fieldlengthdistribution=constant -p readallfields=true -p writeallfields=true -p insertorder=hashed -p requestdistribution=uniform -p readproportion=0.95 -p updateproportion=0 -p insertproportion=0.05 -p scanproportion=0 -p readmodifywriteproportion=0 -p measurementtype=hdrhistogram -p measurement.interval=both -p hdrhistogram.percentiles=50,95,99,99.9,99.99 -p status.interval=10 -p insertstart=0 -p insertcount=100000000 -p as.host=172.16.0.4 -p as.port=3000 -p as.namespace=ycsb -p as.timeout=10000 -t
YCSB Client 0.18.0-SNAPSHOT

Loading workload...
Starting test.
2026-09-14 11:49:07:363 0 sec: 0 operations; est completion in 0 second 
DBWrapper: report latency for each error is false and specific error codes to track for latency are: []
2026-09-14 11:49:10:418 3 sec: 1000000 operations; 320410.12 current ops/sec; [READ: Count=949761, Max=78143, Min=191, Avg=676.93, 50=455, 90=909, 99=4959, 99.9=17871, 99.99=42015] [CLEANUP: Count=256, Max=1036, Min=24, Avg=59.77, 50=43, 90=93, 99=271, 99.9=1036, 99.99=1036] [INSERT: Count=50239, Max=65343, Min=156, Avg=573.91, 50=359, 90=819, 99=4487, 99.9=16943, 99.99=30671] [Intended-READ: Count=949761, Max=78143, Min=191, Avg=676.98, 50=455, 90=909, 99=4959, 99.9=17871, 99.99=42015] [Intended-CLEANUP: Count=256, Max=1037, Min=24, Avg=60.21, 50=43, 90=93, 99=272, 99.9=1037, 99.99=1037] [Intended-INSERT: Count=50239, Max=65343, Min=156, Avg=573.96, 50=359, 90=819, 99=4487, 99.9=16943, 99.99=30671] 
[OVERALL], RunTime(ms), 3120
[OVERALL], Throughput(ops/sec), 320512.8205128205
[TOTAL_GCS_G1_Young_Generation], Count, 13
[TOTAL_GC_TIME_G1_Young_Generation], Time(ms), 38
[TOTAL_GC_TIME_%_G1_Young_Generation], Time(%), 1.217948717948718
[TOTAL_GCS_G1_Old_Generation], Count, 0
[TOTAL_GC_TIME_G1_Old_Generation], Time(ms), 0
[TOTAL_GC_TIME_%_G1_Old_Generation], Time(%), 0.0
[TOTAL_GCs], Count, 13
[TOTAL_GC_TIME], Time(ms), 38
[TOTAL_GC_TIME_%], Time(%), 1.217948717948718
[READ], Operations, 949761
[READ], AverageLatency(us), 676.9253696456267
[READ], MinLatency(us), 191
[READ], MaxLatency(us), 78143
[READ], 50thPercentileLatency(us), 455
[READ], 95thPercentileLatency(us), 1426
[READ], 99thPercentileLatency(us), 4959
[READ], 99.9PercentileLatency(us), 17871
[READ], 99.99PercentileLatency(us), 42015
[READ], Return=OK, 949761
[CLEANUP], Operations, 256
[CLEANUP], AverageLatency(us), 59.765625
[CLEANUP], MinLatency(us), 24
[CLEANUP], MaxLatency(us), 1036
[CLEANUP], 50thPercentileLatency(us), 43
[CLEANUP], 95thPercentileLatency(us), 147
[CLEANUP], 99thPercentileLatency(us), 271
[CLEANUP], 99.9PercentileLatency(us), 1036
[CLEANUP], 99.99PercentileLatency(us), 1036
[INSERT], Operations, 50239
[INSERT], AverageLatency(us), 573.908935289317
[INSERT], MinLatency(us), 156
[INSERT], MaxLatency(us), 65343
[INSERT], 50thPercentileLatency(us), 359
[INSERT], 95thPercentileLatency(us), 1371
[INSERT], 99thPercentileLatency(us), 4487
[INSERT], 99.9PercentileLatency(us), 16943
[INSERT], 99.99PercentileLatency(us), 30671
[INSERT], Return=OK, 50239
[Intended-READ], Operations, 949761
[Intended-READ], AverageLatency(us), 676.9783229675676
[Intended-READ], MinLatency(us), 191
[Intended-READ], MaxLatency(us), 78143
[Intended-READ], 50thPercentileLatency(us), 455
[Intended-READ], 95thPercentileLatency(us), 1426
[Intended-READ], 99thPercentileLatency(us), 4959
[Intended-READ], 99.9PercentileLatency(us), 17871
[Intended-READ], 99.99PercentileLatency(us), 42015
[Intended-CLEANUP], Operations, 256
[Intended-CLEANUP], AverageLatency(us), 60.20703125
[Intended-CLEANUP], MinLatency(us), 24
[Intended-CLEANUP], MaxLatency(us), 1037
[Intended-CLEANUP], 50thPercentileLatency(us), 43
[Intended-CLEANUP], 95thPercentileLatency(us), 147
[Intended-CLEANUP], 99thPercentileLatency(us), 272
[Intended-CLEANUP], 99.9PercentileLatency(us), 1037
[Intended-CLEANUP], 99.99PercentileLatency(us), 1037
[Intended-INSERT], Operations, 50239
[Intended-INSERT], AverageLatency(us), 573.9591552379626
[Intended-INSERT], MinLatency(us), 156
[Intended-INSERT], MaxLatency(us), 65343
[Intended-INSERT], 50thPercentileLatency(us), 359
[Intended-INSERT], 95thPercentileLatency(us), 1371
[Intended-INSERT], 99thPercentileLatency(us), 4487
[Intended-INSERT], 99.9PercentileLatency(us), 16943
[Intended-INSERT], 99.99PercentileLatency(us), 30671
