java -cp /mnt/dev/YCSB-aerospike-dist/aerospike-binding/conf:/mnt/dev/YCSB-aerospike-dist/conf:/mnt/dev/YCSB-aerospike-dist/lib/aerospike-client-3.1.2.jar:/mnt/dev/YCSB-aerospike-dist/lib/htrace-core4-4.1.0-incubating.jar:/mnt/dev/YCSB-aerospike-dist/lib/jbcrypt-0.3m.jar:/mnt/dev/YCSB-aerospike-dist/lib/jackson-mapper-asl-1.9.4.jar:/mnt/dev/YCSB-aerospike-dist/lib/aerospike-binding-0.18.0-SNAPSHOT.jar:/mnt/dev/YCSB-aerospike-dist/lib/HdrHistogram-2.1.12.jar:/mnt/dev/YCSB-aerospike-dist/lib/jackson-core-asl-1.9.4.jar:/mnt/dev/YCSB-aerospike-dist/lib/core-0.18.0-SNAPSHOT.jar:/mnt/dev/YCSB-aerospike-dist/lib/luaj-jse-3.0.jar:/mnt/dev/YCSB-aerospike-dist/lib/gnu-crypto-2.0.1.jar site.ycsb.Client -db site.ycsb.db.AerospikeClient -s -threads 256 -P /mnt/dev/YCSB-aerospike-dist/workloads/workloada -target 100000 -p recordcount=10000000000 -p operationcount=1000000 -p fieldcount=10 -p fieldlength=128 -p fieldlengthdistribution=constant -p readallfields=true -p writeallfields=true -p insertorder=hashed -p requestdistribution=uniform -p readproportion=0.95 -p updateproportion=0 -p insertproportion=0.05 -p scanproportion=0 -p readmodifywriteproportion=0 -p measurementtype=hdrhistogram -p measurement.interval=both -p hdrhistogram.percentiles=50,95,99,99.9,99.99 -p status.interval=10 -p insertstart=0 -p insertcount=100000000 -p as.host=172.16.0.4 -p as.port=3000 -p as.namespace=ycsb -p as.timeout=10000 -t
Command line: -db site.ycsb.db.AerospikeClient -s -threads 256 -P /mnt/dev/YCSB-aerospike-dist/workloads/workloada -target 100000 -p recordcount=10000000000 -p operationcount=1000000 -p fieldcount=10 -p fieldlength=128 -p fieldlengthdistribution=constant -p readallfields=true -p writeallfields=true -p insertorder=hashed -p requestdistribution=uniform -p readproportion=0.95 -p updateproportion=0 -p insertproportion=0.05 -p scanproportion=0 -p readmodifywriteproportion=0 -p measurementtype=hdrhistogram -p measurement.interval=both -p hdrhistogram.percentiles=50,95,99,99.9,99.99 -p status.interval=10 -p insertstart=0 -p insertcount=100000000 -p as.host=172.16.0.4 -p as.port=3000 -p as.namespace=ycsb -p as.timeout=10000 -t
YCSB Client 0.18.0-SNAPSHOT

Loading workload...
Starting test.
2026-09-14 11:43:51:601 0 sec: 0 operations; est completion in 0 second 
DBWrapper: report latency for each error is false and specific error codes to track for latency are: []
2026-09-14 11:44:01:533 10 sec: 976986 operations; 97688.83 current ops/sec; est completion in 1 second [READ: Count=928465, Max=55519, Min=156, Avg=295.49, 50=281, 90=354, 99=470, 99.9=848, 99.99=4079] [INSERT: Count=48624, Max=12479, Min=149, Avg=224.15, 50=210, 90=282, 99=403, 99.9=793, 99.99=2843] [Intended-READ: Count=928917, Max=115839, Min=181, Avg=432.47, 50=340, 90=415, 99=598, 99.9=30703, 99.99=84799] [Intended-INSERT: Count=48647, Max=94079, Min=171, Avg=360.66, 50=269, 90=344, 99=531, 99.9=31359, 99.99=80063] 
2026-09-14 11:44:01:807 10 sec: 1000000 operations; 83992.7 current ops/sec; [READ: Count=21777, Max=2723, Min=171, Avg=291.93, 50=280, 90=349, 99=462, 99.9=709, 99.99=2443] [CLEANUP: Count=256, Max=488, Min=17, Avg=46.97, 50=34, 90=65, 99=339, 99.9=488, 99.99=488] [INSERT: Count=1134, Max=560, Min=150, Avg=218.13, 50=207, 90=278, 99=383, 99.9=525, 99.99=560] [Intended-READ: Count=21325, Max=3287, Min=204, Avg=356.36, 50=338, 90=410, 99=563, 99.9=2311, 99.99=2767] [Intended-CLEANUP: Count=256, Max=488, Min=18, Avg=47.23, 50=35, 90=65, 99=340, 99.9=488, 99.99=488] [Intended-INSERT: Count=1111, Max=2611, Min=182, Avg=284.61, 50=266, 90=337, 99=492, 99.9=2603, 99.99=2611] 
[OVERALL], RunTime(ms), 10274
[OVERALL], Throughput(ops/sec), 97333.07377846993
[TOTAL_GCS_G1_Young_Generation], Count, 17
[TOTAL_GC_TIME_G1_Young_Generation], Time(ms), 35
[TOTAL_GC_TIME_%_G1_Young_Generation], Time(%), 0.34066575822464473
[TOTAL_GCS_G1_Old_Generation], Count, 0
[TOTAL_GC_TIME_G1_Old_Generation], Time(ms), 0
[TOTAL_GC_TIME_%_G1_Old_Generation], Time(%), 0.0
[TOTAL_GCs], Count, 17
[TOTAL_GC_TIME], Time(ms), 35
[TOTAL_GC_TIME_%], Time(%), 0.34066575822464473
[READ], Operations, 950242
[READ], AverageLatency(us), 295.40380871399077
[READ], MinLatency(us), 156
[READ], MaxLatency(us), 55519
[READ], 50thPercentileLatency(us), 281
[READ], 95thPercentileLatency(us), 386
[READ], 99thPercentileLatency(us), 470
[READ], 99.9PercentileLatency(us), 843
[READ], 99.99PercentileLatency(us), 4029
[READ], Return=OK, 950242
[CLEANUP], Operations, 256
[CLEANUP], AverageLatency(us), 46.96875
[CLEANUP], MinLatency(us), 17
[CLEANUP], MaxLatency(us), 488
[CLEANUP], 50thPercentileLatency(us), 34
[CLEANUP], 95thPercentileLatency(us), 107
[CLEANUP], 99thPercentileLatency(us), 339
[CLEANUP], 99.9PercentileLatency(us), 488
[CLEANUP], 99.99PercentileLatency(us), 488
[INSERT], Operations, 49758
[INSERT], AverageLatency(us), 224.01505285582218
[INSERT], MinLatency(us), 149
[INSERT], MaxLatency(us), 12479
[INSERT], 50thPercentileLatency(us), 209
[INSERT], 95thPercentileLatency(us), 314
[INSERT], 99thPercentileLatency(us), 403
[INSERT], 99.9PercentileLatency(us), 790
[INSERT], 99.99PercentileLatency(us), 2843
[INSERT], Return=OK, 49758
[Intended-READ], Operations, 950242
[Intended-READ], AverageLatency(us), 430.7622521420859
[Intended-READ], MinLatency(us), 181
[Intended-READ], MaxLatency(us), 115839
[Intended-READ], 50thPercentileLatency(us), 340
[Intended-READ], 95thPercentileLatency(us), 450
[Intended-READ], 99thPercentileLatency(us), 597
[Intended-READ], 99.9PercentileLatency(us), 29631
[Intended-READ], 99.99PercentileLatency(us), 84479
[Intended-CLEANUP], Operations, 256
[Intended-CLEANUP], AverageLatency(us), 47.234375
[Intended-CLEANUP], MinLatency(us), 18
[Intended-CLEANUP], MaxLatency(us), 488
[Intended-CLEANUP], 50thPercentileLatency(us), 35
[Intended-CLEANUP], 95thPercentileLatency(us), 107
[Intended-CLEANUP], 99thPercentileLatency(us), 340
[Intended-CLEANUP], 99.9PercentileLatency(us), 488
[Intended-CLEANUP], 99.99PercentileLatency(us), 488
[Intended-INSERT], Operations, 49758
[Intended-INSERT], AverageLatency(us), 358.96153382370676
[Intended-INSERT], MinLatency(us), 171
[Intended-INSERT], MaxLatency(us), 94079
[Intended-INSERT], 50thPercentileLatency(us), 269
[Intended-INSERT], 95thPercentileLatency(us), 379
[Intended-INSERT], 99thPercentileLatency(us), 530
[Intended-INSERT], 99.9PercentileLatency(us), 30783
[Intended-INSERT], 99.99PercentileLatency(us), 80063
