java -cp /mnt/dev/YCSB-hreplace-dist/redis-binding/conf:/mnt/dev/YCSB-hreplace-dist/conf:/mnt/dev/YCSB-hreplace-dist/lib/htrace-core4-4.1.0-incubating.jar:/mnt/dev/YCSB-hreplace-dist/lib/slf4j-api-1.7.25.jar:/mnt/dev/YCSB-hreplace-dist/lib/jackson-mapper-asl-1.9.4.jar:/mnt/dev/YCSB-hreplace-dist/lib/HdrHistogram-2.1.12.jar:/mnt/dev/YCSB-hreplace-dist/lib/jackson-core-asl-1.9.4.jar:/mnt/dev/YCSB-hreplace-dist/lib/jedis-3.9.0.jar:/mnt/dev/YCSB-hreplace-dist/lib/core-0.18.0-SNAPSHOT.jar:/mnt/dev/YCSB-hreplace-dist/lib/commons-pool2-2.11.1.jar:/mnt/dev/YCSB-hreplace-dist/lib/redis-binding-0.18.0-SNAPSHOT.jar site.ycsb.Client -db site.ycsb.db.RedisClient -s -threads 256 -P /mnt/dev/YCSB-hreplace-dist/workloads/workloada -target 100000 -p recordcount=100000000 -p operationcount=2000000000 -p fieldcount=10 -p fieldlength=128 -p fieldlengthdistribution=constant -p readallfields=true -p writeallfields=true -p insertorder=hashed -p requestdistribution=uniform -p readproportion=1 -p updateproportion=0 -p insertproportion=0 -p scanproportion=0 -p readmodifywriteproportion=0 -p measurementtype=hdrhistogram -p measurement.interval=both -p hdrhistogram.percentiles=50,95,99,99.9,99.99 -p status.interval=10 -p maxexecutiontime=300 -p redis.host=172.16.0.4 -p redis.port=16379 -p redis.scanindex=none -p redis.timeout=10000 -p redis.cluster=false -p redis.updatecommand=keylane.hreplace -t
Command line: -db site.ycsb.db.RedisClient -s -threads 256 -P /mnt/dev/YCSB-hreplace-dist/workloads/workloada -target 100000 -p recordcount=100000000 -p operationcount=2000000000 -p fieldcount=10 -p fieldlength=128 -p fieldlengthdistribution=constant -p readallfields=true -p writeallfields=true -p insertorder=hashed -p requestdistribution=uniform -p readproportion=1 -p updateproportion=0 -p insertproportion=0 -p scanproportion=0 -p readmodifywriteproportion=0 -p measurementtype=hdrhistogram -p measurement.interval=both -p hdrhistogram.percentiles=50,95,99,99.9,99.99 -p status.interval=10 -p maxexecutiontime=300 -p redis.host=172.16.0.4 -p redis.port=16379 -p redis.scanindex=none -p redis.timeout=10000 -p redis.cluster=false -p redis.updatecommand=keylane.hreplace -t
YCSB Client 0.18.0-SNAPSHOT

Loading workload...
Starting test.
SLF4J: Failed to load class "org.slf4j.impl.StaticLoggerBinder".
SLF4J: Defaulting to no-operation (NOP) logger implementation
SLF4J: See http://www.slf4j.org/codes.html#StaticLoggerBinder for further details.
Maximum execution time specified as: 300 secs
2026-09-14 10:25:21:043 0 sec: 0 operations; est completion in 0 second 
DBWrapper: report latency for each error is false and specific error codes to track for latency are: []
2026-09-14 10:25:30:997 10 sec: 993197 operations; 99319.7 current ops/sec; est completion in 5 hours 35 minutes [READ: Count=993263, Max=28415, Min=209, Avg=315.62, 50=300, 90=382, 99=474, 99.9=1192, 99.99=10279] [Intended-READ: Count=993695, Max=62687, Min=227, Avg=467.81, 50=359, 90=442, 99=582, 99.9=32335, 99.99=52415] 
2026-09-14 10:25:40:997 20 sec: 1993176 operations; 99997.9 current ops/sec; est completion in 5 hours 34 minutes [READ: Count=999947, Max=2819, Min=208, Avg=312.35, 50=299, 90=383, 99=464, 99.9=559, 99.99=1060] [Intended-READ: Count=999581, Max=2893, Min=231, Avg=370.61, 50=358, 90=441, 99=529, 99.9=905, 99.99=1186] 
2026-09-14 10:25:50:997 30 sec: 2993161 operations; 99998.5 current ops/sec; est completion in 5 hours 33 minutes [READ: Count=999977, Max=1697, Min=204, Avg=313.39, 50=300, 90=383, 99=465, 99.9=572, 99.99=1227] [Intended-READ: Count=999950, Max=1727, Min=228, Avg=371.7, 50=359, 90=442, 99=529, 99.9=1011, 99.99=1337] 
2026-09-14 10:26:00:997 40 sec: 3993136 operations; 99997.5 current ops/sec; est completion in 5 hours 33 minutes [READ: Count=999976, Max=1687, Min=204, Avg=312.13, 50=299, 90=381, 99=462, 99.9=557, 99.99=1164] [Intended-READ: Count=1000143, Max=1746, Min=226, Avg=370.42, 50=358, 90=440, 99=526, 99.9=978, 99.99=1294] 
2026-09-14 10:26:10:997 50 sec: 4993167 operations; 100003.1 current ops/sec; est completion in 5 hours 32 minutes [READ: Count=1000052, Max=1719, Min=209, Avg=312.74, 50=300, 90=381, 99=460, 99.9=555, 99.99=1199] [Intended-READ: Count=999895, Max=1778, Min=226, Avg=371.06, 50=359, 90=440, 99=524, 99.9=996, 99.99=1301] 
2026-09-14 10:26:20:997 60 sec: 5993170 operations; 100000.3 current ops/sec; est completion in 5 hours 32 minutes [READ: Count=999989, Max=1885, Min=211, Avg=311.4, 50=299, 90=379, 99=460, 99.9=564, 99.99=1320] [Intended-READ: Count=999985, Max=1919, Min=232, Avg=369.63, 50=358, 90=438, 99=525, 99.9=978, 99.99=1419] 
2026-09-14 10:26:30:997 70 sec: 6993165 operations; 99999.5 current ops/sec; est completion in 5 hours 32 minutes [READ: Count=999986, Max=1778, Min=202, Avg=311, 50=299, 90=379, 99=460, 99.9=555, 99.99=1150] [Intended-READ: Count=999976, Max=1841, Min=230, Avg=369.32, 50=357, 90=438, 99=524, 99.9=961, 99.99=1318] 
2026-09-14 10:26:40:997 80 sec: 7993135 operations; 99997 current ops/sec; est completion in 5 hours 32 minutes [READ: Count=999972, Max=1608, Min=208, Avg=312.14, 50=299, 90=381, 99=461, 99.9=578, 99.99=1150] [Intended-READ: Count=1000043, Max=1674, Min=226, Avg=370.55, 50=358, 90=440, 99=528, 99.9=968, 99.99=1248] 
2026-09-14 10:26:50:997 90 sec: 8993154 operations; 100001.9 current ops/sec; est completion in 5 hours 32 minutes [READ: Count=1000052, Max=1671, Min=208, Avg=310.71, 50=298, 90=379, 99=456, 99.9=548, 99.99=1154] [Intended-READ: Count=999997, Max=1735, Min=234, Avg=369, 50=357, 90=437, 99=519, 99.9=945, 99.99=1280] 
2026-09-14 10:27:00:997 100 sec: 9993174 operations; 100002 current ops/sec; est completion in 5 hours 31 minutes [READ: Count=999993, Max=1533, Min=208, Avg=313.08, 50=300, 90=383, 99=464, 99.9=565, 99.99=1165] [Intended-READ: Count=1000109, Max=1579, Min=231, Avg=371.29, 50=359, 90=441, 99=527, 99.9=953, 99.99=1261] 
2026-09-14 10:27:10:997 110 sec: 10993164 operations; 99999 current ops/sec; est completion in 5 hours 31 minutes [READ: Count=999981, Max=1840, Min=207, Avg=310.95, 50=298, 90=379, 99=461, 99.9=560, 99.99=1178] [Intended-READ: Count=999849, Max=1891, Min=230, Avg=369.39, 50=357, 90=438, 99=525, 99.9=990, 99.99=1327] 
2026-09-14 10:27:20:997 120 sec: 11993135 operations; 99997.1 current ops/sec; est completion in 5 hours 31 minutes [READ: Count=999974, Max=1731, Min=210, Avg=312.24, 50=299, 90=381, 99=462, 99.9=562, 99.99=1322] [Intended-READ: Count=1000039, Max=1792, Min=225, Avg=370.81, 50=358, 90=440, 99=526, 99.9=989, 99.99=1433] 
2026-09-14 10:27:30:997 130 sec: 12993161 operations; 100002.6 current ops/sec; est completion in 5 hours 31 minutes [READ: Count=1000055, Max=1625, Min=208, Avg=312.31, 50=300, 90=381, 99=459, 99.9=556, 99.99=1201] [Intended-READ: Count=1000003, Max=1686, Min=231, Avg=370.92, 50=359, 90=440, 99=523, 99.9=976, 99.99=1292] 
2026-09-14 10:27:40:997 140 sec: 13993172 operations; 100001.1 current ops/sec; est completion in 5 hours 31 minutes [READ: Count=999988, Max=1788, Min=207, Avg=313, 50=300, 90=383, 99=465, 99.9=582, 99.99=1244] [Intended-READ: Count=999984, Max=1851, Min=229, Avg=371.74, 50=359, 90=442, 99=531, 99.9=1003, 99.99=1349] 
2026-09-14 10:27:50:997 150 sec: 14993166 operations; 99999.4 current ops/sec; est completion in 5 hours 31 minutes [READ: Count=999984, Max=1611, Min=210, Avg=312.09, 50=299, 90=381, 99=463, 99.9=566, 99.99=1170] [Intended-READ: Count=999972, Max=1674, Min=232, Avg=370.63, 50=358, 90=440, 99=527, 99.9=976, 99.99=1290] 
2026-09-14 10:28:00:997 160 sec: 15993137 operations; 99997.1 current ops/sec; est completion in 5 hours 30 minutes [READ: Count=999974, Max=1632, Min=207, Avg=314.07, 50=301, 90=384, 99=465, 99.9=561, 99.99=1180] [Intended-READ: Count=1000027, Max=1667, Min=232, Avg=372.5, 50=360, 90=443, 99=530, 99.9=982, 99.99=1280] 
2026-09-14 10:28:10:997 170 sec: 16993155 operations; 100001.8 current ops/sec; est completion in 5 hours 30 minutes [READ: Count=1000041, Max=1813, Min=208, Avg=313.07, 50=300, 90=382, 99=463, 99.9=567, 99.99=1245] [Intended-READ: Count=1000002, Max=1850, Min=227, Avg=371.6, 50=359, 90=441, 99=527, 99.9=977, 99.99=1346] 
2026-09-14 10:28:20:997 180 sec: 17992851 operations; 99969.6 current ops/sec; est completion in 5 hours 30 minutes [READ: Count=999669, Max=8135, Min=206, Avg=313.45, 50=301, 90=382, 99=463, 99.9=579, 99.99=1243] [Intended-READ: Count=999656, Max=8199, Min=230, Avg=371.98, 50=360, 90=441, 99=527, 99.9=969, 99.99=1402] 
2026-09-14 10:28:30:997 190 sec: 18993163 operations; 100031.2 current ops/sec; est completion in 5 hours 30 minutes [READ: Count=1000309, Max=208895, Min=206, Avg=314.33, 50=301, 90=383, 99=464, 99.9=583, 99.99=1493] [Intended-READ: Count=1000385, Max=209023, Min=230, Avg=386.59, 50=359, 90=442, 99=530, 99.9=1156, 99.99=24207] 
2026-09-14 10:28:40:997 200 sec: 19993134 operations; 99997.1 current ops/sec; est completion in 5 hours 30 minutes [READ: Count=999979, Max=1605, Min=206, Avg=311.7, 50=299, 90=380, 99=458, 99.9=564, 99.99=1212] [Intended-READ: Count=999943, Max=2737, Min=233, Avg=370.03, 50=358, 90=439, 99=524, 99.9=947, 99.99=1302] 
2026-09-14 10:28:50:997 210 sec: 20993163 operations; 100002.9 current ops/sec; est completion in 5 hours 29 minutes [READ: Count=1000040, Max=1596, Min=205, Avg=311.08, 50=299, 90=379, 99=457, 99.9=559, 99.99=1238] [Intended-READ: Count=1000004, Max=1660, Min=228, Avg=369.41, 50=357, 90=437, 99=521, 99.9=1016, 99.99=1317] 
2026-09-14 10:29:00:997 220 sec: 21993168 operations; 100000.5 current ops/sec; est completion in 5 hours 29 minutes [READ: Count=999996, Max=1719, Min=209, Avg=313.09, 50=300, 90=383, 99=463, 99.9=560, 99.99=1234] [Intended-READ: Count=999983, Max=1744, Min=235, Avg=371.36, 50=359, 90=441, 99=527, 99.9=971, 99.99=1326] 
2026-09-14 10:29:10:997 230 sec: 22993160 operations; 99999.2 current ops/sec; est completion in 5 hours 29 minutes [READ: Count=999982, Max=1542, Min=202, Avg=311.96, 50=299, 90=382, 99=462, 99.9=559, 99.99=1166] [Intended-READ: Count=999973, Max=1622, Min=226, Avg=370.3, 50=358, 90=440, 99=526, 99.9=980, 99.99=1311] 
2026-09-14 10:29:20:997 240 sec: 23993136 operations; 99997.6 current ops/sec; est completion in 5 hours 29 minutes [READ: Count=999975, Max=1744, Min=206, Avg=312, 50=300, 90=380, 99=459, 99.9=560, 99.99=1190] [Intended-READ: Count=1000031, Max=1805, Min=222, Avg=370.28, 50=358, 90=439, 99=524, 99.9=984, 99.99=1335] 
2026-09-14 10:29:30:997 250 sec: 24993163 operations; 100002.7 current ops/sec; est completion in 5 hours 29 minutes [READ: Count=1000051, Max=1660, Min=210, Avg=312.93, 50=300, 90=382, 99=459, 99.9=565, 99.99=1243] [Intended-READ: Count=1000015, Max=1721, Min=227, Avg=371.29, 50=359, 90=440, 99=523, 99.9=988, 99.99=1350] 
2026-09-14 10:29:40:997 260 sec: 25993170 operations; 100000.7 current ops/sec; est completion in 5 hours 29 minutes [READ: Count=999990, Max=1758, Min=208, Avg=312.06, 50=300, 90=381, 99=459, 99.9=568, 99.99=1216] [Intended-READ: Count=999982, Max=1816, Min=230, Avg=370.58, 50=358, 90=439, 99=525, 99.9=1007, 99.99=1356] 
2026-09-14 10:29:50:997 270 sec: 26993160 operations; 99999 current ops/sec; est completion in 5 hours 28 minutes [READ: Count=999989, Max=1637, Min=210, Avg=311.39, 50=299, 90=379, 99=459, 99.9=557, 99.99=1152] [Intended-READ: Count=999979, Max=1701, Min=231, Avg=369.61, 50=358, 90=438, 99=523, 99.9=966, 99.99=1238] 
2026-09-14 10:30:00:997 280 sec: 27993136 operations; 99997.6 current ops/sec; est completion in 5 hours 28 minutes [READ: Count=999976, Max=4379, Min=209, Avg=313.42, 50=300, 90=383, 99=465, 99.9=569, 99.99=1201] [Intended-READ: Count=1000031, Max=4451, Min=230, Avg=371.74, 50=359, 90=442, 99=529, 99.9=990, 99.99=1406] 
2026-09-14 10:30:10:997 290 sec: 28993166 operations; 100003 current ops/sec; est completion in 5 hours 28 minutes [READ: Count=1000044, Max=1705, Min=207, Avg=311.29, 50=299, 90=380, 99=460, 99.9=555, 99.99=1157] [Intended-READ: Count=1000013, Max=1763, Min=228, Avg=369.57, 50=357, 90=439, 99=524, 99.9=976, 99.99=1236] 
2026-09-14 10:30:20:997 300 sec: 29993172 operations; 100000.6 current ops/sec; est completion in 5 hours 28 minutes [READ: Count=999989, Max=1653, Min=207, Avg=311.43, 50=299, 90=380, 99=460, 99.9=565, 99.99=1196] [Intended-READ: Count=999972, Max=1710, Min=231, Avg=369.64, 50=357, 90=439, 99=523, 99.9=969, 99.99=1294] 
Maximum time elapsed. Requesting stop for the workload.
Stop requested for workload. Now Joining!
2026-09-14 10:30:21:039 300 sec: 29997122 operations; 94047.62 current ops/sec; est completion in 5 hours 28 minutes [READ: Count=3929, Max=736, Min=217, Avg=310.09, 50=298, 90=378, 99=439, 99.9=517, 99.99=736] [CLEANUP: Count=256, Max=1949, Min=9, Avg=365.64, 50=14, 90=1446, 99=1901, 99.9=1949, 99.99=1949] [Intended-READ: Count=3905, Max=800, Min=247, Avg=367.1, 50=357, 90=436, 99=501, 99.9=579, 99.99=800] [Intended-CLEANUP: Count=256, Max=1949, Min=9, Avg=365.79, 50=14, 90=1446, 99=1901, 99.9=1949, 99.99=1949] 
[OVERALL], RunTime(ms), 300047
[OVERALL], Throughput(ops/sec), 99974.7439567801
[TOTAL_GCS_G1_Young_Generation], Count, 538
[TOTAL_GC_TIME_G1_Young_Generation], Time(ms), 356
[TOTAL_GC_TIME_%_G1_Young_Generation], Time(%), 0.11864807846770672
[TOTAL_GCS_G1_Old_Generation], Count, 0
[TOTAL_GC_TIME_G1_Old_Generation], Time(ms), 0
[TOTAL_GC_TIME_%_G1_Old_Generation], Time(%), 0.0
[TOTAL_GCs], Count, 538
[TOTAL_GC_TIME], Time(ms), 356
[TOTAL_GC_TIME_%], Time(%), 0.11864807846770672
[READ], Operations, 29997122
[READ], AverageLatency(us), 312.41201622609
[READ], MinLatency(us), 202
[READ], MaxLatency(us), 208895
[READ], 50thPercentileLatency(us), 300
[READ], 95thPercentileLatency(us), 406
[READ], 99thPercentileLatency(us), 462
[READ], 99.9PercentileLatency(us), 573
[READ], 99.99PercentileLatency(us), 1279
[READ], Return=OK, 29997122
[CLEANUP], Operations, 256
[CLEANUP], AverageLatency(us), 365.64453125
[CLEANUP], MinLatency(us), 9
[CLEANUP], MaxLatency(us), 1949
[CLEANUP], 50thPercentileLatency(us), 14
[CLEANUP], 95thPercentileLatency(us), 1798
[CLEANUP], 99thPercentileLatency(us), 1901
[CLEANUP], 99.9PercentileLatency(us), 1949
[CLEANUP], 99.99PercentileLatency(us), 1949
[Intended-READ], Operations, 29997122
[Intended-READ], AverageLatency(us), 374.3584264183744
[Intended-READ], MinLatency(us), 222
[Intended-READ], MaxLatency(us), 209023
[Intended-READ], 50thPercentileLatency(us), 358
[Intended-READ], 95thPercentileLatency(us), 465
[Intended-READ], 99thPercentileLatency(us), 527
[Intended-READ], 99.9PercentileLatency(us), 1028
[Intended-READ], 99.99PercentileLatency(us), 14447
[Intended-CLEANUP], Operations, 256
[Intended-CLEANUP], AverageLatency(us), 365.78515625
[Intended-CLEANUP], MinLatency(us), 9
[Intended-CLEANUP], MaxLatency(us), 1949
[Intended-CLEANUP], 50thPercentileLatency(us), 14
[Intended-CLEANUP], 95thPercentileLatency(us), 1799
[Intended-CLEANUP], 99thPercentileLatency(us), 1901
[Intended-CLEANUP], 99.9PercentileLatency(us), 1949
[Intended-CLEANUP], 99.99PercentileLatency(us), 1949
