java -cp /mnt/dev/YCSB-aerospike-dist/aerospike-binding/conf:/mnt/dev/YCSB-aerospike-dist/conf:/mnt/dev/YCSB-aerospike-dist/lib/aerospike-client-3.1.2.jar:/mnt/dev/YCSB-aerospike-dist/lib/htrace-core4-4.1.0-incubating.jar:/mnt/dev/YCSB-aerospike-dist/lib/jbcrypt-0.3m.jar:/mnt/dev/YCSB-aerospike-dist/lib/jackson-mapper-asl-1.9.4.jar:/mnt/dev/YCSB-aerospike-dist/lib/aerospike-binding-0.18.0-SNAPSHOT.jar:/mnt/dev/YCSB-aerospike-dist/lib/HdrHistogram-2.1.12.jar:/mnt/dev/YCSB-aerospike-dist/lib/jackson-core-asl-1.9.4.jar:/mnt/dev/YCSB-aerospike-dist/lib/core-0.18.0-SNAPSHOT.jar:/mnt/dev/YCSB-aerospike-dist/lib/luaj-jse-3.0.jar:/mnt/dev/YCSB-aerospike-dist/lib/gnu-crypto-2.0.1.jar site.ycsb.Client -db site.ycsb.db.AerospikeClient -s -threads 256 -P /mnt/dev/YCSB-aerospike-dist/workloads/workloada -target 100000 -p recordcount=100000000 -p operationcount=2000000000 -p fieldcount=10 -p fieldlength=128 -p fieldlengthdistribution=constant -p readallfields=true -p writeallfields=true -p insertorder=hashed -p requestdistribution=uniform -p readproportion=0.95 -p updateproportion=0.05 -p insertproportion=0 -p scanproportion=0 -p readmodifywriteproportion=0 -p measurementtype=hdrhistogram -p measurement.interval=both -p hdrhistogram.percentiles=50,95,99,99.9,99.99 -p status.interval=10 -p maxexecutiontime=300 -p as.host=172.16.0.4 -p as.port=3000 -p as.namespace=ycsb -p as.timeout=10000 -t
Command line: -db site.ycsb.db.AerospikeClient -s -threads 256 -P /mnt/dev/YCSB-aerospike-dist/workloads/workloada -target 100000 -p recordcount=100000000 -p operationcount=2000000000 -p fieldcount=10 -p fieldlength=128 -p fieldlengthdistribution=constant -p readallfields=true -p writeallfields=true -p insertorder=hashed -p requestdistribution=uniform -p readproportion=0.95 -p updateproportion=0.05 -p insertproportion=0 -p scanproportion=0 -p readmodifywriteproportion=0 -p measurementtype=hdrhistogram -p measurement.interval=both -p hdrhistogram.percentiles=50,95,99,99.9,99.99 -p status.interval=10 -p maxexecutiontime=300 -p as.host=172.16.0.4 -p as.port=3000 -p as.namespace=ycsb -p as.timeout=10000 -t
YCSB Client 0.18.0-SNAPSHOT

Loading workload...
Starting test.
Maximum execution time specified as: 300 secs
2026-09-14 11:33:40:222 0 sec: 0 operations; est completion in 0 second 
DBWrapper: report latency for each error is false and specific error codes to track for latency are: []
2026-09-14 11:33:50:164 10 sec: 954275 operations; 95427.5 current ops/sec; est completion in 5 hours 49 minutes [READ: Count=906365, Max=53695, Min=156, Avg=298.91, 50=283, 90=353, 99=474, 99.9=1144, 99.99=22479] [UPDATE: Count=47979, Max=18719, Min=151, Avg=225.05, 50=210, 90=282, 99=404, 99.9=992, 99.99=4515] [Intended-READ: Count=906882, Max=209279, Min=185, Avg=497.29, 50=341, 90=414, 99=608, 99.9=53151, 99.99=120319] [Intended-UPDATE: Count=47994, Max=183167, Min=174, Avg=431.61, 50=270, 90=343, 99=564, 99.9=56383, 99.99=135935] 
2026-09-14 11:34:00:164 20 sec: 1954270 operations; 99999.5 current ops/sec; est completion in 5 hours 40 minutes [READ: Count=950042, Max=4049, Min=156, Avg=293.86, 50=283, 90=352, 99=455, 99.9=590, 99.99=1371] [UPDATE: Count=49926, Max=3251, Min=149, Avg=222.28, 50=210, 90=281, 99=383, 99.9=515, 99.99=1671] [Intended-READ: Count=949717, Max=4115, Min=176, Avg=352.38, 50=341, 90=411, 99=520, 99.9=1246, 99.99=1780] [Intended-UPDATE: Count=49921, Max=3313, Min=171, Avg=281.15, 50=269, 90=340, 99=450, 99.9=1165, 99.99=1885] 
2026-09-14 11:34:10:164 30 sec: 2954258 operations; 99998.8 current ops/sec; est completion in 5 hours 38 minutes [READ: Count=950276, Max=2201, Min=160, Avg=293.55, 50=283, 90=351, 99=457, 99.9=601, 99.99=1337] [UPDATE: Count=49713, Max=1320, Min=149, Avg=221.67, 50=210, 90=280, 99=386, 99.9=509, 99.99=1269] [Intended-READ: Count=950208, Max=2263, Min=181, Avg=351.97, 50=341, 90=410, 99=522, 99.9=1205, 99.99=1565] [Intended-UPDATE: Count=49709, Max=1763, Min=173, Avg=280.24, 50=269, 90=338, 99=450, 99.9=1042, 99.99=1509] 
2026-09-14 11:34:20:164 40 sec: 3954254 operations; 99999.6 current ops/sec; est completion in 5 hours 36 minutes [READ: Count=950093, Max=1985, Min=155, Avg=293.75, 50=283, 90=352, 99=458, 99.9=588, 99.99=1319] [UPDATE: Count=49921, Max=2085, Min=152, Avg=221.91, 50=210, 90=280, 99=387, 99.9=524, 99.99=1255] [Intended-READ: Count=950062, Max=2237, Min=179, Avg=352.03, 50=341, 90=411, 99=522, 99.9=1125, 99.99=1544] [Intended-UPDATE: Count=49916, Max=2141, Min=175, Avg=280.57, 50=269, 90=339, 99=451, 99.9=1080, 99.99=1397] 
2026-09-14 11:34:30:164 50 sec: 4954271 operations; 100001.7 current ops/sec; est completion in 5 hours 35 minutes [READ: Count=949813, Max=1998, Min=158, Avg=294.02, 50=282, 90=353, 99=464, 99.9=609, 99.99=1308] [UPDATE: Count=50188, Max=1550, Min=149, Avg=221.97, 50=210, 90=282, 99=387, 99.9=519, 99.99=1135] [Intended-READ: Count=949791, Max=2063, Min=176, Avg=352.3, 50=341, 90=412, 99=527, 99.9=1101, 99.99=1471] [Intended-UPDATE: Count=50195, Max=1726, Min=171, Avg=280.4, 50=269, 90=340, 99=449, 99.9=924, 99.99=1313] 
2026-09-14 11:34:40:163 60 sec: 5954267 operations; 99999.6 current ops/sec; est completion in 5 hours 34 minutes [READ: Count=949817, Max=2097, Min=158, Avg=293.78, 50=282, 90=352, 99=462, 99.9=610, 99.99=1280] [UPDATE: Count=50174, Max=1303, Min=149, Avg=221.95, 50=210, 90=281, 99=391, 99.9=537, 99.99=1099] [Intended-READ: Count=949822, Max=2261, Min=189, Avg=352.12, 50=341, 90=412, 99=529, 99.9=1112, 99.99=1469] [Intended-UPDATE: Count=50170, Max=1880, Min=172, Avg=280.56, 50=269, 90=340, 99=458, 99.9=971, 99.99=1362] 
2026-09-14 11:34:50:164 70 sec: 6954254 operations; 99998.7 current ops/sec; est completion in 5 hours 34 minutes [READ: Count=949915, Max=1826, Min=160, Avg=293.57, 50=282, 90=352, 99=462, 99.9=617, 99.99=1324] [UPDATE: Count=50073, Max=1433, Min=152, Avg=221.86, 50=210, 90=281, 99=389, 99.9=522, 99.99=1122] [Intended-READ: Count=949942, Max=1961, Min=183, Avg=351.77, 50=341, 90=411, 99=527, 99.9=1121, 99.99=1510] [Intended-UPDATE: Count=50071, Max=1793, Min=171, Avg=280.27, 50=269, 90=340, 99=453, 99.9=887, 99.99=1402] 
2026-09-14 11:35:00:164 80 sec: 7954254 operations; 100000 current ops/sec; est completion in 5 hours 33 minutes [READ: Count=949718, Max=1708, Min=155, Avg=293.34, 50=282, 90=351, 99=458, 99.9=599, 99.99=1230] [UPDATE: Count=50307, Max=1440, Min=149, Avg=221.56, 50=210, 90=279, 99=382, 99.9=521, 99.99=1130] [Intended-READ: Count=949687, Max=1991, Min=172, Avg=351.47, 50=341, 90=410, 99=522, 99.9=1111, 99.99=1431] [Intended-UPDATE: Count=50308, Max=1651, Min=174, Avg=279.94, 50=269, 90=338, 99=447, 99.9=1017, 99.99=1501] 
2026-09-14 11:35:10:164 90 sec: 8954270 operations; 100001.6 current ops/sec; est completion in 5 hours 33 minutes [READ: Count=950226, Max=1631, Min=160, Avg=293.38, 50=282, 90=352, 99=458, 99.9=595, 99.99=1209] [UPDATE: Count=49760, Max=1468, Min=152, Avg=221.58, 50=210, 90=280, 99=382, 99.9=512, 99.99=1116] [Intended-READ: Count=950204, Max=1867, Min=185, Avg=351.47, 50=341, 90=411, 99=521, 99.9=1077, 99.99=1414] [Intended-UPDATE: Count=49760, Max=1756, Min=174, Avg=280.01, 50=269, 90=340, 99=447, 99.9=992, 99.99=1426] 
2026-09-14 11:35:20:164 100 sec: 9954268 operations; 99999.8 current ops/sec; est completion in 5 hours 33 minutes [READ: Count=949864, Max=1943, Min=159, Avg=292.62, 50=282, 90=350, 99=453, 99.9=585, 99.99=1320] [UPDATE: Count=50124, Max=1441, Min=151, Avg=221.15, 50=210, 90=279, 99=380, 99.9=507, 99.99=1187] [Intended-READ: Count=949873, Max=2311, Min=182, Avg=350.86, 50=340, 90=409, 99=517, 99.9=1130, 99.99=1504] [Intended-UPDATE: Count=50131, Max=1527, Min=174, Avg=279.67, 50=268, 90=339, 99=443, 99.9=1069, 99.99=1387] 
2026-09-14 11:35:30:164 110 sec: 10954256 operations; 99998.8 current ops/sec; est completion in 5 hours 32 minutes [READ: Count=950265, Max=1924, Min=157, Avg=292.96, 50=282, 90=351, 99=457, 99.9=593, 99.99=1291] [UPDATE: Count=49733, Max=1334, Min=150, Avg=221.48, 50=210, 90=279, 99=386, 99.9=519, 99.99=1213] [Intended-READ: Count=950281, Max=2053, Min=185, Avg=351.16, 50=341, 90=410, 99=521, 99.9=1088, 99.99=1465] [Intended-UPDATE: Count=49729, Max=1865, Min=169, Avg=279.97, 50=269, 90=339, 99=449, 99.9=915, 99.99=1379] 
2026-09-14 11:35:40:164 120 sec: 11954252 operations; 99999.6 current ops/sec; est completion in 5 hours 32 minutes [READ: Count=949462, Max=1768, Min=158, Avg=292.94, 50=282, 90=350, 99=462, 99.9=605, 99.99=1263] [UPDATE: Count=50551, Max=1484, Min=151, Avg=221.61, 50=210, 90=280, 99=392, 99.9=526, 99.99=1111] [Intended-READ: Count=949441, Max=1944, Min=179, Avg=351.22, 50=340, 90=410, 99=528, 99.9=1069, 99.99=1445] [Intended-UPDATE: Count=50548, Max=1545, Min=174, Avg=279.84, 50=269, 90=338, 99=456, 99.9=882, 99.99=1277] 
2026-09-14 11:35:50:164 130 sec: 12954267 operations; 100001.5 current ops/sec; est completion in 5 hours 32 minutes [READ: Count=949816, Max=10535, Min=155, Avg=293.91, 50=282, 90=352, 99=464, 99.9=612, 99.99=1372] [UPDATE: Count=50180, Max=7143, Min=152, Avg=222.35, 50=210, 90=279, 99=391, 99.9=526, 99.99=1276] [Intended-READ: Count=949828, Max=10591, Min=172, Avg=352.31, 50=341, 90=411, 99=528, 99.9=1149, 99.99=1679] [Intended-UPDATE: Count=50178, Max=7215, Min=171, Avg=280.92, 50=269, 90=338, 99=454, 99.9=987, 99.99=1472] 
2026-09-14 11:36:00:164 140 sec: 13954270 operations; 100000.3 current ops/sec; est completion in 5 hours 32 minutes [READ: Count=950000, Max=1796, Min=157, Avg=293.44, 50=282, 90=351, 99=460, 99.9=598, 99.99=1284] [UPDATE: Count=49994, Max=1317, Min=149, Avg=221.91, 50=210, 90=280, 99=387, 99.9=522, 99.99=1166] [Intended-READ: Count=949985, Max=2045, Min=177, Avg=351.56, 50=341, 90=410, 99=524, 99.9=1090, 99.99=1439] [Intended-UPDATE: Count=49995, Max=1482, Min=170, Avg=280.35, 50=269, 90=339, 99=450, 99.9=1043, 99.99=1378] 
2026-09-14 11:36:10:164 150 sec: 14954257 operations; 99998.7 current ops/sec; est completion in 5 hours 31 minutes [READ: Count=950240, Max=1846, Min=159, Avg=292.54, 50=282, 90=349, 99=460, 99.9=601, 99.99=1272] [UPDATE: Count=49750, Max=2389, Min=150, Avg=221.25, 50=210, 90=278, 99=385, 99.9=516, 99.99=1114] [Intended-READ: Count=950277, Max=2077, Min=184, Avg=350.68, 50=340, 90=408, 99=524, 99.9=1054, 99.99=1443] [Intended-UPDATE: Count=49750, Max=2453, Min=168, Avg=279.57, 50=269, 90=337, 99=449, 99.9=864, 99.99=1350] 
2026-09-14 11:36:20:164 160 sec: 15954255 operations; 99999.8 current ops/sec; est completion in 5 hours 31 minutes [READ: Count=950050, Max=1984, Min=154, Avg=293.07, 50=282, 90=352, 99=460, 99.9=594, 99.99=1216] [UPDATE: Count=49971, Max=1219, Min=149, Avg=221.91, 50=210, 90=281, 99=388, 99.9=508, 99.99=1145] [Intended-READ: Count=950107, Max=2059, Min=182, Avg=351.16, 50=340, 90=411, 99=524, 99.9=1078, 99.99=1410] [Intended-UPDATE: Count=49970, Max=1751, Min=167, Avg=280.34, 50=269, 90=340, 99=453, 99.9=887, 99.99=1245] 
2026-09-14 11:36:30:164 170 sec: 16954276 operations; 100002.1 current ops/sec; est completion in 5 hours 31 minutes [READ: Count=950131, Max=1979, Min=156, Avg=293.49, 50=282, 90=352, 99=464, 99.9=616, 99.99=1316] [UPDATE: Count=49863, Max=1669, Min=150, Avg=222.05, 50=210, 90=280, 99=392, 99.9=542, 99.99=1241] [Intended-READ: Count=950038, Max=2111, Min=181, Avg=351.76, 50=341, 90=411, 99=529, 99.9=1120, 99.99=1515] [Intended-UPDATE: Count=49865, Max=1781, Min=169, Avg=280.65, 50=269, 90=339, 99=458, 99.9=1098, 99.99=1535] 
2026-09-14 11:36:40:164 180 sec: 17954268 operations; 99999.2 current ops/sec; est completion in 5 hours 31 minutes [READ: Count=950028, Max=4935, Min=157, Avg=294.04, 50=282, 90=353, 99=462, 99.9=609, 99.99=1380] [UPDATE: Count=49970, Max=4991, Min=149, Avg=223.18, 50=210, 90=283, 99=394, 99.9=555, 99.99=1279] [Intended-READ: Count=950032, Max=4995, Min=187, Avg=352.34, 50=341, 90=412, 99=528, 99.9=1112, 99.99=1719] [Intended-UPDATE: Count=49975, Max=5051, Min=169, Avg=281.96, 50=270, 90=342, 99=461, 99.9=1062, 99.99=1793] 
2026-09-14 11:36:50:163 190 sec: 18954255 operations; 99998.7 current ops/sec; est completion in 5 hours 30 minutes [READ: Count=950290, Max=8511, Min=159, Avg=293.89, 50=282, 90=353, 99=461, 99.9=609, 99.99=1303] [UPDATE: Count=49692, Max=1961, Min=153, Avg=222.42, 50=210, 90=282, 99=388, 99.9=522, 99.99=1200] [Intended-READ: Count=950310, Max=8575, Min=175, Avg=352.22, 50=341, 90=412, 99=526, 99.9=1122, 99.99=1853] [Intended-UPDATE: Count=49693, Max=4475, Min=170, Avg=281.1, 50=269, 90=341, 99=452, 99.9=968, 99.99=2023] 
2026-09-14 11:37:00:164 200 sec: 19954257 operations; 100000.2 current ops/sec; est completion in 5 hours 30 minutes [READ: Count=949986, Max=1891, Min=159, Avg=293.3, 50=282, 90=351, 99=465, 99.9=618, 99.99=1271] [UPDATE: Count=50041, Max=1648, Min=149, Avg=221.52, 50=210, 90=280, 99=390, 99.9=535, 99.99=1117] [Intended-READ: Count=949960, Max=2013, Min=177, Avg=351.53, 50=340, 90=410, 99=530, 99.9=1128, 99.99=1533] [Intended-UPDATE: Count=50036, Max=2223, Min=171, Avg=280, 50=269, 90=338, 99=454, 99.9=979, 99.99=1408] 
2026-09-14 11:37:10:163 210 sec: 20954268 operations; 100001.1 current ops/sec; est completion in 5 hours 30 minutes [READ: Count=950398, Max=1804, Min=161, Avg=292.86, 50=282, 90=351, 99=458, 99.9=594, 99.99=1240] [UPDATE: Count=49583, Max=1755, Min=152, Avg=221.55, 50=210, 90=280, 99=383, 99.9=515, 99.99=1111] [Intended-READ: Count=950391, Max=2049, Min=182, Avg=351.01, 50=340, 90=410, 99=522, 99.9=1080, 99.99=1464] [Intended-UPDATE: Count=49581, Max=1822, Min=164, Avg=280.13, 50=269, 90=339, 99=447, 99.9=1033, 99.99=1562] 
2026-09-14 11:37:20:163 220 sec: 21954266 operations; 99999.8 current ops/sec; est completion in 5 hours 30 minutes [READ: Count=950350, Max=1823, Min=158, Avg=292.24, 50=282, 90=349, 99=452, 99.9=590, 99.99=1265] [UPDATE: Count=49654, Max=1413, Min=149, Avg=220.87, 50=210, 90=277, 99=381, 99.9=515, 99.99=1161] [Intended-READ: Count=950459, Max=2113, Min=177, Avg=350.38, 50=340, 90=407, 99=516, 99.9=1094, 99.99=1471] [Intended-UPDATE: Count=49654, Max=1737, Min=173, Avg=279.51, 50=269, 90=336, 99=445, 99.9=1090, 99.99=1433] 
2026-09-14 11:37:30:164 230 sec: 22954257 operations; 99999.1 current ops/sec; est completion in 5 hours 30 minutes [READ: Count=950119, Max=2299, Min=158, Avg=292.9, 50=282, 90=350, 99=458, 99.9=595, 99.99=1309] [UPDATE: Count=49869, Max=1282, Min=150, Avg=221.69, 50=210, 90=280, 99=387, 99.9=514, 99.99=1100] [Intended-READ: Count=950007, Max=2359, Min=172, Avg=351.13, 50=340, 90=409, 99=522, 99.9=1107, 99.99=1493] [Intended-UPDATE: Count=49875, Max=1752, Min=164, Avg=280.18, 50=269, 90=339, 99=451, 99.9=981, 99.99=1366] 
2026-09-14 11:37:40:164 240 sec: 23954255 operations; 99999.8 current ops/sec; est completion in 5 hours 29 minutes [READ: Count=949904, Max=2027, Min=156, Avg=293.39, 50=282, 90=351, 99=468, 99.9=622, 99.99=1307] [UPDATE: Count=50109, Max=1606, Min=151, Avg=222.18, 50=210, 90=281, 99=395, 99.9=527, 99.99=1171] [Intended-READ: Count=949913, Max=2059, Min=172, Avg=351.7, 50=340, 90=411, 99=535, 99.9=1108, 99.99=1488] [Intended-UPDATE: Count=50101, Max=1765, Min=172, Avg=280.9, 50=269, 90=340, 99=464, 99.9=991, 99.99=1393] 
2026-09-14 11:37:50:164 250 sec: 24954269 operations; 99991.4 current ops/sec; est completion in 5 hours 29 minutes [READ: Count=950132, Max=1785, Min=156, Avg=292.74, 50=282, 90=350, 99=461, 99.9=613, 99.99=1267] [UPDATE: Count=49893, Max=1333, Min=151, Avg=221.22, 50=210, 90=279, 99=384, 99.9=545, 99.99=1194] [Intended-READ: Count=950171, Max=2093, Min=182, Avg=350.96, 50=340, 90=409, 99=525, 99.9=1106, 99.99=1457] [Intended-UPDATE: Count=49895, Max=1555, Min=170, Avg=279.68, 50=269, 90=337, 99=448, 99.9=1050, 99.99=1345] 
2026-09-14 11:38:00:164 260 sec: 25954265 operations; 100009.6 current ops/sec; est completion in 5 hours 29 minutes [READ: Count=949740, Max=1753, Min=160, Avg=293.05, 50=282, 90=351, 99=462, 99.9=603, 99.99=1268] [UPDATE: Count=50239, Max=1318, Min=148, Avg=221.55, 50=210, 90=279, 99=388, 99.9=509, 99.99=1146] [Intended-READ: Count=949687, Max=2000, Min=183, Avg=351.23, 50=340, 90=410, 99=526, 99.9=1121, 99.99=1498] [Intended-UPDATE: Count=50239, Max=1651, Min=173, Avg=279.97, 50=269, 90=338, 99=452, 99.9=997, 99.99=1377] 
2026-09-14 11:38:10:164 270 sec: 26954251 operations; 99998.6 current ops/sec; est completion in 5 hours 29 minutes [READ: Count=949858, Max=1899, Min=159, Avg=293.1, 50=282, 90=351, 99=461, 99.9=599, 99.99=1277] [UPDATE: Count=50131, Max=1879, Min=149, Avg=221.73, 50=210, 90=281, 99=387, 99.9=515, 99.99=1221] [Intended-READ: Count=949859, Max=2297, Min=181, Avg=351.37, 50=340, 90=411, 99=526, 99.9=1131, 99.99=1491] [Intended-UPDATE: Count=50132, Max=1942, Min=173, Avg=280.24, 50=269, 90=340, 99=450, 99.9=1039, 99.99=1488] 
2026-09-14 11:38:20:163 280 sec: 27954250 operations; 99999.9 current ops/sec; est completion in 5 hours 29 minutes [READ: Count=949982, Max=1850, Min=154, Avg=292.56, 50=282, 90=349, 99=461, 99.9=612, 99.99=1239] [UPDATE: Count=50031, Max=1392, Min=150, Avg=220.91, 50=210, 90=277, 99=387, 99.9=522, 99.99=1133] [Intended-READ: Count=949984, Max=2123, Min=185, Avg=350.68, 50=340, 90=408, 99=524, 99.9=1103, 99.99=1419] [Intended-UPDATE: Count=50030, Max=1723, Min=174, Avg=279.15, 50=269, 90=336, 99=451, 99.9=995, 99.99=1395] 
2026-09-14 11:38:30:163 290 sec: 28954268 operations; 100001.8 current ops/sec; est completion in 5 hours 29 minutes [READ: Count=949954, Max=1780, Min=159, Avg=293.99, 50=283, 90=352, 99=466, 99.9=623, 99.99=1242] [UPDATE: Count=50035, Max=1741, Min=151, Avg=222.67, 50=210, 90=282, 99=394, 99.9=532, 99.99=1183] [Intended-READ: Count=949954, Max=2085, Min=174, Avg=352.22, 50=341, 90=411, 99=531, 99.9=1131, 99.99=1464] [Intended-UPDATE: Count=50034, Max=1805, Min=166, Avg=280.99, 50=269, 90=341, 99=457, 99.9=1022, 99.99=1351] 
2026-09-14 11:38:40:163 300 sec: 29954266 operations; 99999.8 current ops/sec; est completion in 5 hours 28 minutes [READ: Count=950030, Max=1900, Min=159, Avg=293.33, 50=282, 90=351, 99=459, 99.9=605, 99.99=1260] [UPDATE: Count=49969, Max=1328, Min=149, Avg=222.06, 50=210, 90=280, 99=390, 99.9=511, 99.99=1192] [Intended-READ: Count=950020, Max=2189, Min=185, Avg=351.62, 50=341, 90=410, 99=526, 99.9=1089, 99.99=1442] [Intended-UPDATE: Count=49970, Max=1676, Min=174, Avg=280.88, 50=269, 90=339, 99=458, 99.9=1050, 99.99=1402] 
Maximum time elapsed. Requesting stop for the workload.
Stop requested for workload. Now Joining!
2026-09-14 11:38:40:198 300 sec: 29957251 operations; 85285.71 current ops/sec; est completion in 5 hours 28 minutes [READ: Count=2809, Max=836, Min=164, Avg=290.99, 50=280, 90=347, 99=462, 99.9=588, 99.99=836] [CLEANUP: Count=256, Max=1700, Min=30, Avg=257.74, 50=45, 90=1201, 99=1469, 99.9=1700, 99.99=1700] [UPDATE: Count=155, Max=425, Min=164, Avg=220.51, 50=206, 90=291, 99=387, 99.9=425, 99.99=425] [Intended-READ: Count=2781, Max=859, Min=225, Avg=348.53, 50=339, 90=406, 99=526, 99.9=634, 99.99=859] [Intended-CLEANUP: Count=256, Max=1701, Min=30, Avg=257.88, 50=45, 90=1201, 99=1470, 99.9=1701, 99.99=1701] [Intended-UPDATE: Count=153, Max=484, Min=193, Avg=280.19, 50=267, 90=341, 99=463, 99.9=484, 99.99=484] 
[OVERALL], RunTime(ms), 300034
[OVERALL], Throughput(ops/sec), 99846.18743209103
[TOTAL_GCS_G1_Young_Generation], Count, 409
[TOTAL_GC_TIME_G1_Young_Generation], Time(ms), 359
[TOTAL_GC_TIME_%_G1_Young_Generation], Time(%), 0.11965310598132213
[TOTAL_GCS_G1_Old_Generation], Count, 0
[TOTAL_GC_TIME_G1_Old_Generation], Time(ms), 0
[TOTAL_GC_TIME_%_G1_Old_Generation], Time(%), 0.0
[TOTAL_GCs], Count, 409
[TOTAL_GC_TIME], Time(ms), 359
[TOTAL_GC_TIME_%], Time(%), 0.11965310598132213
[READ], Operations, 28459673
[READ], AverageLatency(us), 293.47533712000137
[READ], MinLatency(us), 154
[READ], MaxLatency(us), 53695
[READ], 50thPercentileLatency(us), 282
[READ], 95thPercentileLatency(us), 382
[READ], 99thPercentileLatency(us), 461
[READ], 99.9PercentileLatency(us), 608
[READ], 99.99PercentileLatency(us), 1335
[READ], Return=OK, 28459673
[CLEANUP], Operations, 256
[CLEANUP], AverageLatency(us), 257.7421875
[CLEANUP], MinLatency(us), 30
[CLEANUP], MaxLatency(us), 1700
[CLEANUP], 50thPercentileLatency(us), 45
[CLEANUP], 95thPercentileLatency(us), 1305
[CLEANUP], 99thPercentileLatency(us), 1469
[CLEANUP], 99.9PercentileLatency(us), 1700
[CLEANUP], 99.99PercentileLatency(us), 1700
[UPDATE], Operations, 1497578
[UPDATE], AverageLatency(us), 221.8983652270533
[UPDATE], MinLatency(us), 148
[UPDATE], MaxLatency(us), 18719
[UPDATE], 50thPercentileLatency(us), 210
[UPDATE], 95thPercentileLatency(us), 312
[UPDATE], 99thPercentileLatency(us), 388
[UPDATE], 99.9PercentileLatency(us), 526
[UPDATE], 99.99PercentileLatency(us), 1219
[UPDATE], Return=OK, 1497578
[Intended-READ], Operations, 28459673
[Intended-READ], AverageLatency(us), 356.1824312949766
[Intended-READ], MinLatency(us), 172
[Intended-READ], MaxLatency(us), 209279
[Intended-READ], 50thPercentileLatency(us), 341
[Intended-READ], 95thPercentileLatency(us), 442
[Intended-READ], 99thPercentileLatency(us), 526
[Intended-READ], 99.9PercentileLatency(us), 1170
[Intended-READ], 99.99PercentileLatency(us), 7419
[Intended-CLEANUP], Operations, 256
[Intended-CLEANUP], AverageLatency(us), 257.875
[Intended-CLEANUP], MinLatency(us), 30
[Intended-CLEANUP], MaxLatency(us), 1701
[Intended-CLEANUP], 50thPercentileLatency(us), 45
[Intended-CLEANUP], 95thPercentileLatency(us), 1305
[Intended-CLEANUP], 99thPercentileLatency(us), 1470
[Intended-CLEANUP], 99.9PercentileLatency(us), 1701
[Intended-CLEANUP], 99.99PercentileLatency(us), 1701
[Intended-UPDATE], Operations, 1497578
[Intended-UPDATE], AverageLatency(us), 285.1636448986296
[Intended-UPDATE], MinLatency(us), 164
[Intended-UPDATE], MaxLatency(us), 183167
[Intended-UPDATE], 50thPercentileLatency(us), 269
[Intended-UPDATE], 95thPercentileLatency(us), 371
[Intended-UPDATE], 99thPercentileLatency(us), 453
[Intended-UPDATE], 99.9PercentileLatency(us), 1086
[Intended-UPDATE], 99.99PercentileLatency(us), 8215
