java -cp /mnt/dev/YCSB-aerospike-dist/aerospike-binding/conf:/mnt/dev/YCSB-aerospike-dist/conf:/mnt/dev/YCSB-aerospike-dist/lib/aerospike-client-3.1.2.jar:/mnt/dev/YCSB-aerospike-dist/lib/htrace-core4-4.1.0-incubating.jar:/mnt/dev/YCSB-aerospike-dist/lib/jbcrypt-0.3m.jar:/mnt/dev/YCSB-aerospike-dist/lib/jackson-mapper-asl-1.9.4.jar:/mnt/dev/YCSB-aerospike-dist/lib/aerospike-binding-0.18.0-SNAPSHOT.jar:/mnt/dev/YCSB-aerospike-dist/lib/HdrHistogram-2.1.12.jar:/mnt/dev/YCSB-aerospike-dist/lib/jackson-core-asl-1.9.4.jar:/mnt/dev/YCSB-aerospike-dist/lib/core-0.18.0-SNAPSHOT.jar:/mnt/dev/YCSB-aerospike-dist/lib/luaj-jse-3.0.jar:/mnt/dev/YCSB-aerospike-dist/lib/gnu-crypto-2.0.1.jar site.ycsb.Client -db site.ycsb.db.AerospikeClient -s -threads 256 -P /mnt/dev/YCSB-aerospike-dist/workloads/workloada -p recordcount=100000000 -p operationcount=2000000000 -p fieldcount=10 -p fieldlength=128 -p fieldlengthdistribution=constant -p readallfields=true -p writeallfields=true -p insertorder=hashed -p requestdistribution=uniform -p readproportion=0.5 -p updateproportion=0.5 -p insertproportion=0 -p scanproportion=0 -p readmodifywriteproportion=0 -p measurementtype=hdrhistogram -p measurement.interval=both -p hdrhistogram.percentiles=50,95,99,99.9,99.99 -p status.interval=10 -p maxexecutiontime=300 -p as.host=172.16.0.4 -p as.port=3000 -p as.namespace=ycsb -p as.timeout=10000 -t
Command line: -db site.ycsb.db.AerospikeClient -s -threads 256 -P /mnt/dev/YCSB-aerospike-dist/workloads/workloada -p recordcount=100000000 -p operationcount=2000000000 -p fieldcount=10 -p fieldlength=128 -p fieldlengthdistribution=constant -p readallfields=true -p writeallfields=true -p insertorder=hashed -p requestdistribution=uniform -p readproportion=0.5 -p updateproportion=0.5 -p insertproportion=0 -p scanproportion=0 -p readmodifywriteproportion=0 -p measurementtype=hdrhistogram -p measurement.interval=both -p hdrhistogram.percentiles=50,95,99,99.9,99.99 -p status.interval=10 -p maxexecutiontime=300 -p as.host=172.16.0.4 -p as.port=3000 -p as.namespace=ycsb -p as.timeout=10000 -t
YCSB Client 0.18.0-SNAPSHOT

Loading workload...
Starting test.
Maximum execution time specified as: 300 secs
2026-09-14 11:28:24:689 0 sec: 0 operations; est completion in 0 second 
DBWrapper: report latency for each error is false and specific error codes to track for latency are: []
2026-09-14 11:28:34:613 10 sec: 4567650 operations; 456765 current ops/sec; est completion in 1 hour 12 minutes [READ: Count=2282562, Max=122303, Min=180, Avg=600.31, 50=479, 90=777, 99=3021, 99.9=12399, 99.99=31551] [UPDATE: Count=2292117, Max=72127, Min=152, Avg=473.65, 50=361, 90=637, 99=2545, 99.9=11207, 99.99=27135] [Intended-READ: Count=2292628, Max=122303, Min=180, Avg=600.26, 50=479, 90=777, 99=3017, 99.9=12367, 99.99=31519] [Intended-UPDATE: Count=2297258, Max=72127, Min=152, Avg=473.67, 50=361, 90=637, 99=2543, 99.9=11207, 99.99=27135] 
2026-09-14 11:28:44:613 20 sec: 9501535 operations; 493388.5 current ops/sec; est completion in 1 hour 9 minutes [READ: Count=2468428, Max=45247, Min=172, Avg=581.54, 50=475, 90=746, 99=2853, 99.9=11751, 99.99=24655] [UPDATE: Count=2460932, Max=45215, Min=152, Avg=451.14, 50=355, 90=591, 99=2253, 99.9=11071, 99.99=23871] [Intended-READ: Count=2461953, Max=45247, Min=172, Avg=581.63, 50=475, 90=746, 99=2857, 99.9=11783, 99.99=24655] [Intended-UPDATE: Count=2458458, Max=45215, Min=152, Avg=451.15, 50=355, 90=591, 99=2255, 99.9=11071, 99.99=23871] 
2026-09-14 11:28:54:613 30 sec: 14381681 operations; 488014.6 current ops/sec; est completion in 1 hour 9 minutes [READ: Count=2438632, Max=55711, Min=172, Avg=587.14, 50=468, 90=740, 99=3137, 99.9=13399, 99.99=28895] [UPDATE: Count=2440921, Max=55551, Min=154, Avg=457.38, 50=350, 90=588, 99=2563, 99.9=12607, 99.99=26959] [Intended-READ: Count=2437719, Max=55711, Min=172, Avg=587.12, 50=468, 90=740, 99=3135, 99.9=13383, 99.99=28895] [Intended-UPDATE: Count=2440855, Max=55551, Min=154, Avg=457.4, 50=350, 90=588, 99=2561, 99.9=12607, 99.99=26959] 
2026-09-14 11:29:04:613 40 sec: 19269315 operations; 488763.4 current ops/sec; est completion in 1 hour 8 minutes [READ: Count=2444625, Max=67007, Min=172, Avg=584.97, 50=467, 90=736, 99=3067, 99.9=13807, 99.99=30399] [UPDATE: Count=2442647, Max=82495, Min=150, Avg=457.7, 50=349, 90=583, 99=2563, 99.9=13223, 99.99=29487] [Intended-READ: Count=2444211, Max=67007, Min=172, Avg=585.04, 50=467, 90=736, 99=3069, 99.9=13815, 99.99=30399] [Intended-UPDATE: Count=2442553, Max=82495, Min=150, Avg=457.73, 50=349, 90=583, 99=2563, 99.9=13223, 99.99=29487] 
2026-09-14 11:29:14:613 50 sec: 24142150 operations; 487283.5 current ops/sec; est completion in 1 hour 8 minutes [READ: Count=2436634, Max=98943, Min=170, Avg=588.25, 50=466, 90=741, 99=3191, 99.9=13975, 99.99=30367] [UPDATE: Count=2435816, Max=98495, Min=152, Avg=457.71, 50=348, 90=587, 99=2631, 99.9=12847, 99.99=28367] [Intended-READ: Count=2435930, Max=98943, Min=170, Avg=588.31, 50=466, 90=741, 99=3193, 99.9=13999, 99.99=30367] [Intended-UPDATE: Count=2434583, Max=98495, Min=152, Avg=457.82, 50=348, 90=587, 99=2633, 99.9=12855, 99.99=28367] 
2026-09-14 11:29:24:613 60 sec: 29083512 operations; 494136.2 current ops/sec; est completion in 1 hour 7 minutes [READ: Count=2469680, Max=61471, Min=160, Avg=581.27, 50=477, 90=755, 99=2509, 99.9=12415, 99.99=29935] [UPDATE: Count=2471252, Max=53695, Min=153, Avg=450.03, 50=355, 90=596, 99=1952, 99.9=11463, 99.99=28335] [Intended-READ: Count=2469268, Max=61471, Min=160, Avg=581.23, 50=477, 90=755, 99=2509, 99.9=12399, 99.99=29935] [Intended-UPDATE: Count=2471319, Max=53695, Min=153, Avg=450.01, 50=355, 90=596, 99=1952, 99.9=11463, 99.99=28335] 
2026-09-14 11:29:34:613 70 sec: 34031669 operations; 494815.7 current ops/sec; est completion in 1 hour 7 minutes [READ: Count=2475392, Max=77375, Min=171, Avg=580.5, 50=474, 90=750, 99=2621, 99.9=12159, 99.99=31311] [UPDATE: Count=2473132, Max=74623, Min=154, Avg=449.56, 50=353, 90=592, 99=2049, 99.9=11311, 99.99=28591] [Intended-READ: Count=2475720, Max=77375, Min=171, Avg=580.57, 50=474, 90=750, 99=2621, 99.9=12159, 99.99=31311] [Intended-UPDATE: Count=2473574, Max=74623, Min=154, Avg=449.64, 50=353, 90=592, 99=2049, 99.9=11311, 99.99=28591] 
2026-09-14 11:29:44:613 80 sec: 39009892 operations; 497822.3 current ops/sec; est completion in 1 hour 7 minutes [READ: Count=2489392, Max=73727, Min=172, Avg=577.1, 50=480, 90=753, 99=2501, 99.9=10591, 99.99=23631] [UPDATE: Count=2489348, Max=72319, Min=153, Avg=446.46, 50=358, 90=597, 99=1969, 99.9=9639, 99.99=23199] [Intended-READ: Count=2490181, Max=73727, Min=172, Avg=577.17, 50=480, 90=753, 99=2501, 99.9=10591, 99.99=23631] [Intended-UPDATE: Count=2489120, Max=72319, Min=153, Avg=446.48, 50=358, 90=597, 99=1968, 99.9=9639, 99.99=23199] 
2026-09-14 11:29:54:614 90 sec: 43934208 operations; 492431.6 current ops/sec; est completion in 1 hour 6 minutes [READ: Count=2461539, Max=55743, Min=165, Avg=582.61, 50=476, 90=759, 99=2875, 99.9=10575, 99.99=23727] [UPDATE: Count=2462386, Max=55679, Min=151, Avg=452.45, 50=356, 90=604, 99=2329, 99.9=9791, 99.99=22383] [Intended-READ: Count=2460326, Max=55743, Min=165, Avg=582.65, 50=476, 90=759, 99=2877, 99.9=10567, 99.99=23727] [Intended-UPDATE: Count=2461639, Max=55679, Min=151, Avg=452.51, 50=356, 90=604, 99=2331, 99.9=9791, 99.99=22383] 
2026-09-14 11:30:04:614 100 sec: 48809490 operations; 487528.2 current ops/sec; est completion in 1 hour 6 minutes [READ: Count=2436937, Max=71423, Min=168, Avg=587.84, 50=470, 90=752, 99=3191, 99.9=12295, 99.99=25935] [UPDATE: Count=2437648, Max=62111, Min=152, Avg=457.71, 50=352, 90=598, 99=2639, 99.9=11343, 99.99=23727] [Intended-READ: Count=2436695, Max=71423, Min=168, Avg=587.87, 50=470, 90=752, 99=3191, 99.9=12295, 99.99=25935] [Intended-UPDATE: Count=2437588, Max=62111, Min=152, Avg=457.75, 50=352, 90=598, 99=2639, 99.9=11343, 99.99=23727] 
2026-09-14 11:30:14:613 110 sec: 53653739 operations; 484424.9 current ops/sec; est completion in 1 hour 6 minutes [READ: Count=2420377, Max=74559, Min=163, Avg=592.84, 50=465, 90=747, 99=3279, 99.9=15103, 99.99=34559] [UPDATE: Count=2424094, Max=74431, Min=153, Avg=459.3, 50=347, 90=586, 99=2647, 99.9=13775, 99.99=31839] [Intended-READ: Count=2420517, Max=74559, Min=163, Avg=592.84, 50=465, 90=747, 99=3277, 99.9=15103, 99.99=34559] [Intended-UPDATE: Count=2424425, Max=74431, Min=153, Avg=459.31, 50=347, 90=586, 99=2645, 99.9=13775, 99.99=31839] 
2026-09-14 11:30:24:613 120 sec: 58524573 operations; 487083.4 current ops/sec; est completion in 1 hour 6 minutes [READ: Count=2434517, Max=73983, Min=162, Avg=589.49, 50=471, 90=756, 99=2991, 99.9=13775, 99.99=29103] [UPDATE: Count=2436551, Max=71231, Min=155, Avg=456.81, 50=351, 90=595, 99=2371, 99.9=12615, 99.99=28511] [Intended-READ: Count=2434909, Max=73983, Min=162, Avg=589.73, 50=471, 90=756, 99=2993, 99.9=13855, 99.99=29183] [Intended-UPDATE: Count=2437146, Max=71231, Min=155, Avg=456.93, 50=351, 90=595, 99=2371, 99.9=12623, 99.99=28543] 
2026-09-14 11:30:34:613 130 sec: 63393129 operations; 486855.6 current ops/sec; est completion in 1 hour 6 minutes [READ: Count=2434942, Max=79999, Min=171, Avg=590.07, 50=473, 90=762, 99=2817, 99.9=14255, 99.99=33375] [UPDATE: Count=2433285, Max=63167, Min=154, Avg=456.95, 50=352, 90=599, 99=2195, 99.9=12927, 99.99=33119] [Intended-READ: Count=2434587, Max=79999, Min=171, Avg=589.99, 50=473, 90=762, 99=2817, 99.9=14191, 99.99=33343] [Intended-UPDATE: Count=2432615, Max=63167, Min=154, Avg=456.98, 50=352, 90=599, 99=2193, 99.9=12919, 99.99=33119] 
2026-09-14 11:30:44:613 140 sec: 68189839 operations; 479671 current ops/sec; est completion in 1 hour 6 minutes [READ: Count=2397893, Max=64799, Min=172, Avg=597.84, 50=460, 90=746, 99=3603, 99.9=15399, 99.99=34719] [UPDATE: Count=2398749, Max=59359, Min=151, Avg=464.94, 50=343, 90=587, 99=3025, 99.9=14055, 99.99=32415] [Intended-READ: Count=2397734, Max=64799, Min=172, Avg=597.81, 50=460, 90=746, 99=3601, 99.9=15375, 99.99=34719] [Intended-UPDATE: Count=2398916, Max=59359, Min=151, Avg=464.91, 50=343, 90=587, 99=3023, 99.9=14047, 99.99=32415] 
2026-09-14 11:30:54:613 150 sec: 72993382 operations; 480354.3 current ops/sec; est completion in 1 hour 6 minutes [READ: Count=2403107, Max=89215, Min=164, Avg=596.82, 50=454, 90=728, 99=3759, 99.9=16703, 99.99=37663] [UPDATE: Count=2400423, Max=82879, Min=152, Avg=464.27, 50=339, 90=573, 99=3105, 99.9=15263, 99.99=35359] [Intended-READ: Count=2403256, Max=89215, Min=164, Avg=596.84, 50=454, 90=728, 99=3761, 99.9=16703, 99.99=37663] [Intended-UPDATE: Count=2400285, Max=82879, Min=152, Avg=464.37, 50=339, 90=573, 99=3109, 99.9=15263, 99.99=35359] 
2026-09-14 11:31:04:613 160 sec: 77790687 operations; 479730.5 current ops/sec; est completion in 1 hour 5 minutes [READ: Count=2400320, Max=78399, Min=165, Avg=596.69, 50=456, 90=729, 99=3879, 99.9=15671, 99.99=32655] [UPDATE: Count=2397744, Max=78399, Min=146, Avg=465.52, 50=341, 90=576, 99=3273, 99.9=14463, 99.99=31711] [Intended-READ: Count=2401635, Max=78399, Min=165, Avg=596.87, 50=456, 90=729, 99=3879, 99.9=15703, 99.99=32991] [Intended-UPDATE: Count=2398616, Max=78399, Min=146, Avg=465.52, 50=341, 90=576, 99=3269, 99.9=14463, 99.99=31711] 
2026-09-14 11:31:14:613 170 sec: 82650883 operations; 486019.6 current ops/sec; est completion in 1 hour 5 minutes [READ: Count=2429512, Max=74751, Min=174, Avg=589.1, 50=465, 90=746, 99=3353, 99.9=13263, 99.99=28191] [UPDATE: Count=2429993, Max=72447, Min=153, Avg=459.85, 50=347, 90=592, 99=2849, 99.9=12351, 99.99=26863] [Intended-READ: Count=2428615, Max=74751, Min=174, Avg=589, 50=465, 90=747, 99=3353, 99.9=13255, 99.99=28063] [Intended-UPDATE: Count=2430474, Max=72447, Min=153, Avg=459.87, 50=347, 90=592, 99=2849, 99.9=12335, 99.99=26799] 
2026-09-14 11:31:24:613 180 sec: 87525388 operations; 487450.5 current ops/sec; est completion in 1 hour 5 minutes [READ: Count=2437559, Max=84735, Min=171, Avg=589.34, 50=471, 90=750, 99=3187, 99.9=12855, 99.99=29039] [UPDATE: Count=2436887, Max=78079, Min=150, Avg=456.29, 50=351, 90=593, 99=2579, 99.9=11663, 99.99=26991] [Intended-READ: Count=2437062, Max=84735, Min=171, Avg=589.36, 50=471, 90=750, 99=3185, 99.9=12855, 99.99=29039] [Intended-UPDATE: Count=2435746, Max=78079, Min=150, Avg=456.32, 50=351, 90=593, 99=2579, 99.9=11671, 99.99=26991] 
2026-09-14 11:31:34:613 190 sec: 92409517 operations; 488412.9 current ops/sec; est completion in 1 hour 5 minutes [READ: Count=2441986, Max=78975, Min=173, Avg=588.51, 50=474, 90=758, 99=2903, 99.9=13015, 99.99=30703] [UPDATE: Count=2442218, Max=75007, Min=154, Avg=454.94, 50=353, 90=598, 99=2293, 99.9=11671, 99.99=28607] [Intended-READ: Count=2442214, Max=78975, Min=173, Avg=588.57, 50=474, 90=758, 99=2903, 99.9=13015, 99.99=30703] [Intended-UPDATE: Count=2442127, Max=75007, Min=154, Avg=455, 50=353, 90=598, 99=2293, 99.9=11679, 99.99=28607] 
2026-09-14 11:31:44:613 200 sec: 97234443 operations; 482492.6 current ops/sec; est completion in 1 hour 5 minutes [READ: Count=2412309, Max=78655, Min=162, Avg=594.82, 50=467, 90=758, 99=3443, 99.9=13375, 99.99=28559] [UPDATE: Count=2412497, Max=79295, Min=151, Avg=461.7, 50=348, 90=597, 99=2833, 99.9=12351, 99.99=27471] [Intended-READ: Count=2412072, Max=78655, Min=162, Avg=594.86, 50=468, 90=758, 99=3441, 99.9=13375, 99.99=28559] [Intended-UPDATE: Count=2412297, Max=79295, Min=151, Avg=461.72, 50=348, 90=597, 99=2831, 99.9=12343, 99.99=27471] 
2026-09-14 11:31:54:613 210 sec: 102021909 operations; 478746.6 current ops/sec; est completion in 1 hour 5 minutes [READ: Count=2394409, Max=84799, Min=171, Avg=598.97, 50=459, 90=741, 99=3809, 99.9=15031, 99.99=30239] [UPDATE: Count=2393024, Max=82175, Min=154, Avg=465.72, 50=343, 90=584, 99=3177, 99.9=13679, 99.99=29231] [Intended-READ: Count=2394340, Max=84799, Min=171, Avg=599, 50=459, 90=741, 99=3811, 99.9=15031, 99.99=30239] [Intended-UPDATE: Count=2393142, Max=82175, Min=154, Avg=465.79, 50=343, 90=584, 99=3179, 99.9=13679, 99.99=29231] 
2026-09-14 11:32:04:613 220 sec: 106869405 operations; 484749.6 current ops/sec; est completion in 1 hour 4 minutes [READ: Count=2424544, Max=67327, Min=163, Avg=591.62, 50=465, 90=751, 99=3391, 99.9=13511, 99.99=28447] [UPDATE: Count=2423275, Max=61855, Min=154, Avg=459.82, 50=347, 90=593, 99=2841, 99.9=12287, 99.99=26175] [Intended-READ: Count=2424711, Max=67327, Min=163, Avg=591.68, 50=466, 90=751, 99=3391, 99.9=13511, 99.99=28447] [Intended-UPDATE: Count=2423073, Max=61855, Min=154, Avg=459.86, 50=347, 90=593, 99=2841, 99.9=12287, 99.99=26175] 
2026-09-14 11:32:14:614 230 sec: 111713517 operations; 484411.2 current ops/sec; est completion in 1 hour 4 minutes [READ: Count=2421873, Max=63231, Min=169, Avg=591.51, 50=463, 90=741, 99=3569, 99.9=13447, 99.99=28063] [UPDATE: Count=2422006, Max=59519, Min=152, Avg=460.81, 50=346, 90=587, 99=2963, 99.9=12407, 99.99=27919] [Intended-READ: Count=2421895, Max=63231, Min=169, Avg=591.49, 50=463, 90=741, 99=3567, 99.9=13447, 99.99=28063] [Intended-UPDATE: Count=2422496, Max=59519, Min=152, Avg=460.84, 50=346, 90=587, 99=2963, 99.9=12415, 99.99=27919] 
2026-09-14 11:32:24:613 240 sec: 116550780 operations; 483726.3 current ops/sec; est completion in 1 hour 4 minutes [READ: Count=2419531, Max=45695, Min=180, Avg=592.51, 50=465, 90=751, 99=3513, 99.9=12455, 99.99=26511] [UPDATE: Count=2417654, Max=45247, Min=151, Avg=460.98, 50=348, 90=596, 99=2937, 99.9=11399, 99.99=25471] [Intended-READ: Count=2419442, Max=45695, Min=180, Avg=592.66, 50=465, 90=751, 99=3519, 99.9=12455, 99.99=26511] [Intended-UPDATE: Count=2417283, Max=45247, Min=151, Avg=461.04, 50=348, 90=596, 99=2939, 99.9=11391, 99.99=25471] 
2026-09-14 11:32:34:613 250 sec: 121405756 operations; 485497.6 current ops/sec; est completion in 1 hour 4 minutes [READ: Count=2426034, Max=57599, Min=175, Avg=590.81, 50=464, 90=753, 99=3513, 99.9=12031, 99.99=24127] [UPDATE: Count=2428901, Max=51583, Min=156, Avg=459.21, 50=347, 90=596, 99=2979, 99.9=10871, 99.99=22815] [Intended-READ: Count=2425789, Max=57599, Min=175, Avg=590.76, 50=464, 90=753, 99=3509, 99.9=12039, 99.99=24127] [Intended-UPDATE: Count=2428798, Max=51583, Min=156, Avg=459.2, 50=347, 90=596, 99=2979, 99.9=10871, 99.99=22815] 
2026-09-14 11:32:44:613 260 sec: 126244263 operations; 483850.7 current ops/sec; est completion in 1 hour 4 minutes [READ: Count=2419836, Max=62303, Min=177, Avg=592.54, 50=466, 90=751, 99=3509, 99.9=13063, 99.99=27695] [UPDATE: Count=2418724, Max=59423, Min=151, Avg=460.78, 50=348, 90=594, 99=2911, 99.9=12015, 99.99=26047] [Intended-READ: Count=2419799, Max=62303, Min=177, Avg=592.59, 50=466, 90=751, 99=3509, 99.9=13063, 99.99=27695] [Intended-UPDATE: Count=2419471, Max=59423, Min=151, Avg=460.85, 50=348, 90=594, 99=2913, 99.9=12015, 99.99=26047] 
2026-09-14 11:32:54:613 270 sec: 131129778 operations; 488551.5 current ops/sec; est completion in 1 hour 4 minutes [READ: Count=2444046, Max=79167, Min=175, Avg=587.78, 50=477, 90=770, 99=2781, 99.9=12175, 99.99=26335] [UPDATE: Count=2441463, Max=78463, Min=153, Avg=455.37, 50=356, 90=608, 99=2169, 99.9=11439, 99.99=25999] [Intended-READ: Count=2444519, Max=79167, Min=175, Avg=587.8, 50=477, 90=771, 99=2779, 99.9=12167, 99.99=26335] [Intended-UPDATE: Count=2441659, Max=78463, Min=153, Avg=455.35, 50=356, 90=608, 99=2167, 99.9=11431, 99.99=25999] 
2026-09-14 11:33:04:613 280 sec: 135974815 operations; 484503.7 current ops/sec; est completion in 1 hour 3 minutes [READ: Count=2422390, Max=64991, Min=166, Avg=591.74, 50=468, 90=755, 99=3437, 99.9=12479, 99.99=24511] [UPDATE: Count=2423072, Max=64799, Min=154, Avg=460.24, 50=350, 90=597, 99=2845, 99.9=11551, 99.99=23951] [Intended-READ: Count=2422483, Max=64991, Min=166, Avg=591.82, 50=468, 90=755, 99=3437, 99.9=12479, 99.99=24511] [Intended-UPDATE: Count=2422115, Max=64799, Min=154, Avg=460.34, 50=350, 90=597, 99=2847, 99.9=11551, 99.99=23951] 
2026-09-14 11:33:14:613 290 sec: 140837030 operations; 486221.5 current ops/sec; est completion in 1 hour 3 minutes [READ: Count=2430471, Max=52991, Min=162, Avg=590.08, 50=467, 90=752, 99=3355, 99.9=12767, 99.99=26447] [UPDATE: Count=2431255, Max=55167, Min=151, Avg=458.01, 50=349, 90=595, 99=2757, 99.9=11543, 99.99=25103] [Intended-READ: Count=2429980, Max=52991, Min=162, Avg=590.08, 50=467, 90=752, 99=3355, 99.9=12767, 99.99=26511] [Intended-UPDATE: Count=2431405, Max=55167, Min=151, Avg=458, 50=349, 90=595, 99=2755, 99.9=11543, 99.99=25103] 
2026-09-14 11:33:24:614 300 sec: 145704858 operations; 486782.8 current ops/sec; est completion in 1 hour 3 minutes [READ: Count=2434320, Max=70911, Min=162, Avg=589.16, 50=468, 90=749, 99=3309, 99.9=12583, 99.99=27263] [UPDATE: Count=2433579, Max=64351, Min=153, Avg=458.15, 50=350, 90=593, 99=2711, 99.9=11687, 99.99=26111] [Intended-READ: Count=2434255, Max=70911, Min=162, Avg=589.2, 50=468, 90=749, 99=3309, 99.9=12583, 99.99=27263] [Intended-UPDATE: Count=2433891, Max=64351, Min=153, Avg=458.21, 50=350, 90=593, 99=2711, 99.9=11687, 99.99=26111] 
Maximum time elapsed. Requesting stop for the workload.
Stop requested for workload. Now Joining!
2026-09-14 11:33:24:649 300 sec: 145718767 operations; 375918.92 current ops/sec; est completion in 1 hour 3 minutes [READ: Count=6845, Max=9695, Min=248, Avg=588.01, 50=491, 90=817, 99=2609, 99.9=7415, 99.99=9695] [CLEANUP: Count=256, Max=5299, Min=27, Avg=389.24, 50=44, 90=1339, 99=2949, 99.9=5299, 99.99=5299] [UPDATE: Count=6532, Max=9623, Min=172, Avg=465.01, 50=371, 90=671, 99=2197, 99.9=7499, 99.99=9623] [Intended-READ: Count=6197, Max=9695, Min=248, Avg=591.61, 50=492, 90=825, 99=2615, 99.9=7415, 99.99=9695] [Intended-CLEANUP: Count=256, Max=5299, Min=27, Avg=389.37, 50=44, 90=1339, 99=2949, 99.9=5299, 99.99=5299] [Intended-UPDATE: Count=5198, Max=8759, Min=176, Avg=468.13, 50=373, 90=683, 99=2315, 99.9=7423, 99.99=8759] 
[OVERALL], RunTime(ms), 300036
[OVERALL], Throughput(ops/sec), 485670.94282019493
[TOTAL_GCS_G1_Young_Generation], Count, 1510
[TOTAL_GC_TIME_G1_Young_Generation], Time(ms), 1590
[TOTAL_GC_TIME_%_G1_Young_Generation], Time(%), 0.5299364076310843
[TOTAL_GCS_G1_Old_Generation], Count, 0
[TOTAL_GC_TIME_G1_Old_Generation], Time(ms), 0
[TOTAL_GC_TIME_%_G1_Old_Generation], Time(%), 0.0
[TOTAL_GCs], Count, 1510
[TOTAL_GC_TIME], Time(ms), 1590
[TOTAL_GC_TIME_%], Time(%), 0.5299364076310843
[READ], Operations, 72860642
[READ], AverageLatency(us), 589.7242124767444
[READ], MinLatency(us), 160
[READ], MaxLatency(us), 122303
[READ], 50thPercentileLatency(us), 468
[READ], 95thPercentileLatency(us), 912
[READ], 99thPercentileLatency(us), 3223
[READ], 99.9PercentileLatency(us), 13247
[READ], 99.99PercentileLatency(us), 29311
[READ], Return=OK, 72860642
[CLEANUP], Operations, 256
[CLEANUP], AverageLatency(us), 389.23828125
[CLEANUP], MinLatency(us), 27
[CLEANUP], MaxLatency(us), 5299
[CLEANUP], 50thPercentileLatency(us), 44
[CLEANUP], 95thPercentileLatency(us), 1614
[CLEANUP], 99thPercentileLatency(us), 2949
[CLEANUP], 99.9PercentileLatency(us), 5299
[CLEANUP], 99.99PercentileLatency(us), 5299
[UPDATE], Operations, 72858125
[UPDATE], AverageLatency(us), 458.3787491237251
[UPDATE], MinLatency(us), 146
[UPDATE], MaxLatency(us), 98495
[UPDATE], 50thPercentileLatency(us), 350
[UPDATE], 95thPercentileLatency(us), 742
[UPDATE], 99thPercentileLatency(us), 2633
[UPDATE], 99.9PercentileLatency(us), 12191
[UPDATE], 99.99PercentileLatency(us), 27727
[UPDATE], Return=OK, 72858125
[Intended-READ], Operations, 72860642
[Intended-READ], AverageLatency(us), 589.7613182162188
[Intended-READ], MinLatency(us), 160
[Intended-READ], MaxLatency(us), 122303
[Intended-READ], 50thPercentileLatency(us), 468
[Intended-READ], 95thPercentileLatency(us), 912
[Intended-READ], 99thPercentileLatency(us), 3223
[Intended-READ], 99.9PercentileLatency(us), 13247
[Intended-READ], 99.99PercentileLatency(us), 29311
[Intended-CLEANUP], Operations, 256
[Intended-CLEANUP], AverageLatency(us), 389.3671875
[Intended-CLEANUP], MinLatency(us), 27
[Intended-CLEANUP], MaxLatency(us), 5299
[Intended-CLEANUP], 50thPercentileLatency(us), 44
[Intended-CLEANUP], 95thPercentileLatency(us), 1614
[Intended-CLEANUP], 99thPercentileLatency(us), 2949
[Intended-CLEANUP], 99.9PercentileLatency(us), 5299
[Intended-CLEANUP], 99.99PercentileLatency(us), 5299
[Intended-UPDATE], Operations, 72858125
[Intended-UPDATE], AverageLatency(us), 458.41736477571993
[Intended-UPDATE], MinLatency(us), 146
[Intended-UPDATE], MaxLatency(us), 98495
[Intended-UPDATE], 50thPercentileLatency(us), 350
[Intended-UPDATE], 95thPercentileLatency(us), 742
[Intended-UPDATE], 99thPercentileLatency(us), 2633
[Intended-UPDATE], 99.9PercentileLatency(us), 12191
[Intended-UPDATE], 99.99PercentileLatency(us), 27727
