java -cp /mnt/dev/YCSB-aerospike-dist/aerospike-binding/conf:/mnt/dev/YCSB-aerospike-dist/conf:/mnt/dev/YCSB-aerospike-dist/lib/aerospike-client-3.1.2.jar:/mnt/dev/YCSB-aerospike-dist/lib/htrace-core4-4.1.0-incubating.jar:/mnt/dev/YCSB-aerospike-dist/lib/jbcrypt-0.3m.jar:/mnt/dev/YCSB-aerospike-dist/lib/jackson-mapper-asl-1.9.4.jar:/mnt/dev/YCSB-aerospike-dist/lib/aerospike-binding-0.18.0-SNAPSHOT.jar:/mnt/dev/YCSB-aerospike-dist/lib/HdrHistogram-2.1.12.jar:/mnt/dev/YCSB-aerospike-dist/lib/jackson-core-asl-1.9.4.jar:/mnt/dev/YCSB-aerospike-dist/lib/core-0.18.0-SNAPSHOT.jar:/mnt/dev/YCSB-aerospike-dist/lib/luaj-jse-3.0.jar:/mnt/dev/YCSB-aerospike-dist/lib/gnu-crypto-2.0.1.jar site.ycsb.Client -db site.ycsb.db.AerospikeClient -s -threads 256 -P /mnt/dev/YCSB-aerospike-dist/workloads/workloada -p recordcount=16000000000 -p operationcount=2000000000 -p fieldcount=10 -p fieldlength=128 -p fieldlengthdistribution=constant -p readallfields=true -p writeallfields=true -p insertorder=hashed -p requestdistribution=uniform -p readproportion=0.95 -p updateproportion=0 -p insertproportion=0.05 -p scanproportion=0 -p readmodifywriteproportion=0 -p measurementtype=hdrhistogram -p measurement.interval=both -p hdrhistogram.percentiles=50,95,99,99.9,99.99 -p status.interval=10 -p maxexecutiontime=300 -p insertstart=0 -p insertcount=100000000 -p as.host=172.16.0.4 -p as.port=3000 -p as.namespace=ycsb -p as.timeout=10000 -t
Command line: -db site.ycsb.db.AerospikeClient -s -threads 256 -P /mnt/dev/YCSB-aerospike-dist/workloads/workloada -p recordcount=16000000000 -p operationcount=2000000000 -p fieldcount=10 -p fieldlength=128 -p fieldlengthdistribution=constant -p readallfields=true -p writeallfields=true -p insertorder=hashed -p requestdistribution=uniform -p readproportion=0.95 -p updateproportion=0 -p insertproportion=0.05 -p scanproportion=0 -p readmodifywriteproportion=0 -p measurementtype=hdrhistogram -p measurement.interval=both -p hdrhistogram.percentiles=50,95,99,99.9,99.99 -p status.interval=10 -p maxexecutiontime=300 -p insertstart=0 -p insertcount=100000000 -p as.host=172.16.0.4 -p as.port=3000 -p as.namespace=ycsb -p as.timeout=10000 -t
YCSB Client 0.18.0-SNAPSHOT

Loading workload...
Starting test.
Maximum execution time specified as: 300 secs
2026-09-14 11:49:13:136 0 sec: 0 operations; est completion in 0 second 
DBWrapper: report latency for each error is false and specific error codes to track for latency are: []
2026-09-14 11:49:23:067 10 sec: 3818698 operations; 381831.62 current ops/sec; est completion in 1 hour 27 minutes [READ: Count=3627428, Max=60095, Min=190, Avg=659.57, 50=452, 90=854, 99=5203, 99.9=15063, 99.99=30527] [INSERT: Count=191935, Max=50591, Min=161, Avg=554.86, 50=355, 90=777, 99=4667, 99.9=14215, 99.99=30415] [Intended-READ: Count=3635968, Max=60095, Min=190, Avg=659.61, 50=452, 90=854, 99=5203, 99.9=15055, 99.99=30511] [Intended-INSERT: Count=192218, Max=50591, Min=161, Avg=554.9, 50=355, 90=777, 99=4667, 99.9=14207, 99.99=30415] 
2026-09-14 11:49:33:067 20 sec: 7970796 operations; 415209.8 current ops/sec; est completion in 1 hour 23 minutes [READ: Count=3944358, Max=60863, Min=193, Avg=620.65, 50=437, 90=677, 99=5551, 99.9=14439, 99.99=25759] [INSERT: Count=207482, Max=35327, Min=158, Avg=503.9, 50=339, 90=564, 99=4811, 99.9=13503, 99.99=24303] [Intended-READ: Count=3940385, Max=60863, Min=193, Avg=620.61, 50=437, 90=677, 99=5551, 99.9=14463, 99.99=25759] [Intended-INSERT: Count=207364, Max=35327, Min=158, Avg=503.82, 50=339, 90=564, 99=4811, 99.9=13503, 99.99=24303] 
2026-09-14 11:49:43:067 30 sec: 12160804 operations; 419042.7 current ops/sec; est completion in 1 hour 21 minutes [READ: Count=3980732, Max=65599, Min=193, Avg=614.99, 50=444, 90=698, 99=5219, 99.9=14943, 99.99=28047] [INSERT: Count=209494, Max=43231, Min=161, Avg=501.36, 50=344, 90=581, 99=4675, 99.9=14071, 99.99=26303] [Intended-READ: Count=3978934, Max=65599, Min=193, Avg=615, 50=444, 90=698, 99=5215, 99.9=14927, 99.99=28047] [Intended-INSERT: Count=209463, Max=43231, Min=161, Avg=501.37, 50=344, 90=581, 99=4675, 99.9=14071, 99.99=26303] 
2026-09-14 11:49:53:067 40 sec: 16311859 operations; 415105.5 current ops/sec; est completion in 1 hour 21 minutes [READ: Count=3942594, Max=74687, Min=206, Avg=620.55, 50=436, 90=681, 99=5539, 99.9=13903, 99.99=25503] [INSERT: Count=208107, Max=74175, Min=164, Avg=507.9, 50=339, 90=570, 99=4879, 99.9=13263, 99.99=26271] [Intended-READ: Count=3941941, Max=74687, Min=206, Avg=620.64, 50=436, 90=681, 99=5543, 99.9=13911, 99.99=25519] [Intended-INSERT: Count=208056, Max=74175, Min=164, Avg=508.01, 50=339, 90=570, 99=4879, 99.9=13279, 99.99=26271] 
2026-09-14 11:50:03:067 50 sec: 20456296 operations; 414402.26 current ops/sec; est completion in 1 hour 20 minutes [READ: Count=3937422, Max=54943, Min=181, Avg=621.92, 50=435, 90=681, 99=5623, 99.9=14423, 99.99=26287] [INSERT: Count=207044, Max=43167, Min=160, Avg=507.77, 50=338, 90=570, 99=5007, 99.9=13343, 99.99=25039] [Intended-READ: Count=3936738, Max=54943, Min=181, Avg=621.91, 50=435, 90=682, 99=5619, 99.9=14415, 99.99=26223] [Intended-INSERT: Count=207022, Max=43167, Min=160, Avg=507.75, 50=338, 90=570, 99=5007, 99.9=13327, 99.99=25039] 
2026-09-14 11:50:13:067 60 sec: 24666185 operations; 421031 current ops/sec; est completion in 1 hour 20 minutes [READ: Count=3998543, Max=57215, Min=192, Avg=612.14, 50=443, 90=697, 99=5051, 99.9=14815, 99.99=28991] [INSERT: Count=211345, Max=54943, Min=162, Avg=498.06, 50=345, 90=579, 99=4491, 99.9=13839, 99.99=29791] [Intended-READ: Count=3998588, Max=57215, Min=192, Avg=612.17, 50=444, 90=697, 99=5051, 99.9=14815, 99.99=28991] [Intended-INSERT: Count=211355, Max=54943, Min=162, Avg=498.11, 50=345, 90=579, 99=4491, 99.9=13839, 99.99=29791] 
2026-09-14 11:50:23:067 70 sec: 28847473 operations; 418128.8 current ops/sec; est completion in 1 hour 19 minutes [READ: Count=3972286, Max=70719, Min=204, Avg=616.25, 50=441, 90=694, 99=5219, 99.9=14455, 99.99=27039] [INSERT: Count=208951, Max=47199, Min=163, Avg=502.97, 50=343, 90=580, 99=4611, 99.9=13431, 99.99=26687] [Intended-READ: Count=3972301, Max=70719, Min=204, Avg=616.29, 50=441, 90=694, 99=5219, 99.9=14455, 99.99=27039] [Intended-INSERT: Count=208970, Max=47199, Min=163, Avg=502.96, 50=343, 90=580, 99=4611, 99.9=13431, 99.99=26687] 
2026-09-14 11:50:33:067 80 sec: 32993445 operations; 414597.2 current ops/sec; est completion in 1 hour 19 minutes [READ: Count=3938561, Max=55615, Min=207, Avg=621.22, 50=437, 90=695, 99=5415, 99.9=13423, 99.99=24639] [INSERT: Count=207406, Max=51807, Min=160, Avg=512.3, 50=340, 90=583, 99=4923, 99.9=12647, 99.99=24223] [Intended-READ: Count=3938589, Max=55615, Min=207, Avg=621.26, 50=437, 90=695, 99=5419, 99.9=13423, 99.99=24639] [Intended-INSERT: Count=207421, Max=51807, Min=160, Avg=512.39, 50=340, 90=583, 99=4923, 99.9=12647, 99.99=24223] 
2026-09-14 11:50:43:067 90 sec: 37117858 operations; 412441.3 current ops/sec; est completion in 1 hour 19 minutes [READ: Count=3918015, Max=63007, Min=196, Avg=624.73, 50=435, 90=693, 99=5463, 99.9=13879, 99.99=25791] [INSERT: Count=206327, Max=38175, Min=159, Avg=511.66, 50=339, 90=579, 99=4939, 99.9=13039, 99.99=24975] [Intended-READ: Count=3917624, Max=63007, Min=196, Avg=624.75, 50=435, 90=693, 99=5459, 99.9=13879, 99.99=25791] [Intended-INSERT: Count=206282, Max=38175, Min=159, Avg=511.71, 50=339, 90=579, 99=4939, 99.9=13039, 99.99=24975] 
2026-09-14 11:50:53:067 100 sec: 41241527 operations; 412366.9 current ops/sec; est completion in 1 hour 19 minutes [READ: Count=3917306, Max=60927, Min=204, Avg=624.95, 50=434, 90=688, 99=5579, 99.9=13839, 99.99=24799] [INSERT: Count=206391, Max=55615, Min=161, Avg=509.19, 50=338, 90=576, 99=4927, 99.9=12599, 99.99=22111] [Intended-READ: Count=3917977, Max=60927, Min=204, Avg=624.99, 50=434, 90=688, 99=5579, 99.9=13839, 99.99=24799] [Intended-INSERT: Count=206405, Max=55615, Min=161, Avg=509.23, 50=338, 90=576, 99=4923, 99.9=12599, 99.99=22111] 
2026-09-14 11:51:03:067 110 sec: 45371162 operations; 412963.5 current ops/sec; est completion in 1 hour 18 minutes [READ: Count=3923376, Max=78975, Min=195, Avg=623.66, 50=434, 90=684, 99=5623, 99.9=13879, 99.99=24319] [INSERT: Count=206235, Max=47775, Min=162, Avg=515.32, 50=339, 90=574, 99=5151, 99.9=13391, 99.99=23055] [Intended-READ: Count=3922725, Max=78975, Min=195, Avg=623.69, 50=434, 90=684, 99=5623, 99.9=13879, 99.99=24319] [Intended-INSERT: Count=206242, Max=47775, Min=162, Avg=515.36, 50=339, 90=574, 99=5151, 99.9=13391, 99.99=23055] 
2026-09-14 11:51:13:067 120 sec: 49482696 operations; 411153.4 current ops/sec; est completion in 1 hour 18 minutes [READ: Count=3905938, Max=54207, Min=202, Avg=626.89, 50=435, 90=695, 99=5591, 99.9=14103, 99.99=25295] [INSERT: Count=205771, Max=37791, Min=158, Avg=509.04, 50=339, 90=577, 99=4935, 99.9=12719, 99.99=23999] [Intended-READ: Count=3905998, Max=54207, Min=202, Avg=626.93, 50=435, 90=695, 99=5591, 99.9=14103, 99.99=25295] [Intended-INSERT: Count=205744, Max=37791, Min=158, Avg=509.02, 50=339, 90=577, 99=4935, 99.9=12719, 99.99=23999] 
2026-09-14 11:51:23:067 130 sec: 53630785 operations; 414767.42 current ops/sec; est completion in 1 hour 18 minutes [READ: Count=3940364, Max=68095, Min=202, Avg=621.12, 50=439, 90=704, 99=5359, 99.9=14055, 99.99=26927] [INSERT: Count=207573, Max=52831, Min=160, Avg=508.97, 50=342, 90=588, 99=4851, 99.9=13663, 99.99=24815] [Intended-READ: Count=3940448, Max=68095, Min=202, Avg=621.13, 50=439, 90=704, 99=5355, 99.9=14055, 99.99=26927] [Intended-INSERT: Count=207606, Max=52831, Min=160, Avg=509, 50=342, 90=588, 99=4851, 99.9=13663, 99.99=24815] 
2026-09-14 11:51:33:067 140 sec: 57761491 operations; 413111.91 current ops/sec; est completion in 1 hour 18 minutes [READ: Count=3924125, Max=76223, Min=196, Avg=623.9, 50=436, 90=695, 99=5519, 99.9=14007, 99.99=26799] [INSERT: Count=206613, Max=60639, Min=160, Avg=509.02, 50=339, 90=582, 99=4883, 99.9=13175, 99.99=24527] [Intended-READ: Count=3925652, Max=76223, Min=196, Avg=623.87, 50=436, 90=695, 99=5515, 99.9=13999, 99.99=26799] [Intended-INSERT: Count=206740, Max=60639, Min=160, Avg=508.97, 50=339, 90=582, 99=4879, 99.9=13175, 99.99=24527] 
2026-09-14 11:51:43:067 150 sec: 61897900 operations; 413640.9 current ops/sec; est completion in 1 hour 18 minutes [READ: Count=3929560, Max=57375, Min=179, Avg=622.92, 50=435, 90=694, 99=5459, 99.9=14743, 99.99=27503] [INSERT: Count=207136, Max=49343, Min=158, Avg=508.67, 50=339, 90=578, 99=4839, 99.9=13703, 99.99=25215] [Intended-READ: Count=3928219, Max=57375, Min=179, Avg=623.02, 50=435, 90=694, 99=5459, 99.9=14743, 99.99=27503] [Intended-INSERT: Count=207052, Max=49343, Min=158, Avg=508.8, 50=339, 90=578, 99=4839, 99.9=13703, 99.99=25215] 
2026-09-14 11:51:53:067 160 sec: 66034571 operations; 413667.1 current ops/sec; est completion in 1 hour 18 minutes [READ: Count=3928997, Max=217983, Min=200, Avg=622.89, 50=436, 90=692, 99=5479, 99.9=14111, 99.99=26703] [INSERT: Count=207358, Max=37951, Min=157, Avg=509.52, 50=341, 90=581, 99=4883, 99.9=12927, 99.99=28911] [Intended-READ: Count=3929081, Max=217983, Min=200, Avg=622.95, 50=436, 90=692, 99=5479, 99.9=14111, 99.99=26703] [Intended-INSERT: Count=207276, Max=37951, Min=157, Avg=509.55, 50=341, 90=581, 99=4883, 99.9=12927, 99.99=28911] 
2026-09-14 11:52:03:067 170 sec: 70187466 operations; 415289.5 current ops/sec; est completion in 1 hour 17 minutes [READ: Count=3944598, Max=78911, Min=189, Avg=620.49, 50=436, 90=694, 99=5427, 99.9=13951, 99.99=28031] [INSERT: Count=208301, Max=69119, Min=162, Avg=506.93, 50=340, 90=579, 99=4795, 99.9=13439, 99.99=26287] [Intended-READ: Count=3945210, Max=78911, Min=189, Avg=620.53, 50=436, 90=694, 99=5427, 99.9=13951, 99.99=28031] [Intended-INSERT: Count=208358, Max=69119, Min=162, Avg=506.96, 50=340, 90=579, 99=4795, 99.9=13439, 99.99=26287] 
2026-09-14 11:52:13:067 180 sec: 74281170 operations; 409370.4 current ops/sec; est completion in 1 hour 17 minutes [READ: Count=3889489, Max=53439, Min=198, Avg=629.31, 50=428, 90=666, 99=6091, 99.9=15935, 99.99=28735] [INSERT: Count=204197, Max=46079, Min=161, Avg=516.79, 50=334, 90=555, 99=5427, 99.9=15351, 99.99=28975] [Intended-READ: Count=3888884, Max=53439, Min=198, Avg=629.34, 50=428, 90=666, 99=6091, 99.9=15943, 99.99=28735] [Intended-INSERT: Count=204144, Max=46079, Min=161, Avg=516.84, 50=334, 90=555, 99=5427, 99.9=15351, 99.99=28975] 
2026-09-14 11:52:23:067 190 sec: 78368109 operations; 408693.9 current ops/sec; est completion in 1 hour 17 minutes [READ: Count=3882409, Max=67455, Min=188, Avg=630.72, 50=431, 90=675, 99=6015, 99.9=16183, 99.99=30127] [INSERT: Count=204508, Max=47679, Min=162, Avg=512.44, 50=337, 90=562, 99=5231, 99.9=14599, 99.99=29935] [Intended-READ: Count=3882162, Max=67455, Min=188, Avg=630.7, 50=431, 90=675, 99=6015, 99.9=16175, 99.99=30127] [Intended-INSERT: Count=204542, Max=47679, Min=162, Avg=512.44, 50=337, 90=562, 99=5231, 99.9=14599, 99.99=29935] 
2026-09-14 11:52:33:067 200 sec: 82471717 operations; 410360.8 current ops/sec; est completion in 1 hour 17 minutes [READ: Count=3898949, Max=67583, Min=215, Avg=627.98, 50=433, 90=676, 99=5843, 99.9=15655, 99.99=30783] [INSERT: Count=204659, Max=53887, Min=159, Avg=511.33, 50=337, 90=562, 99=5207, 99.9=14927, 99.99=29039] [Intended-READ: Count=3898733, Max=67583, Min=215, Avg=628.03, 50=433, 90=676, 99=5843, 99.9=15655, 99.99=30783] [Intended-INSERT: Count=204640, Max=53887, Min=159, Avg=511.35, 50=337, 90=562, 99=5207, 99.9=14927, 99.99=29039] 
2026-09-14 11:52:43:067 210 sec: 86571809 operations; 410009.2 current ops/sec; est completion in 1 hour 17 minutes [READ: Count=3894708, Max=51935, Min=183, Avg=628.48, 50=431, 90=680, 99=5899, 99.9=14679, 99.99=27583] [INSERT: Count=205380, Max=43551, Min=161, Avg=514.13, 50=336, 90=569, 99=5223, 99.9=13655, 99.99=27695] [Intended-READ: Count=3894717, Max=51935, Min=183, Avg=628.51, 50=431, 90=681, 99=5899, 99.9=14679, 99.99=27583] [Intended-INSERT: Count=205366, Max=43551, Min=161, Avg=514.21, 50=336, 90=569, 99=5223, 99.9=13655, 99.99=27695] 
2026-09-14 11:52:53:067 220 sec: 90686103 operations; 411429.4 current ops/sec; est completion in 1 hour 17 minutes [READ: Count=3908449, Max=69439, Min=177, Avg=626.08, 50=432, 90=688, 99=5671, 99.9=14559, 99.99=27551] [INSERT: Count=205846, Max=65855, Min=159, Avg=515.27, 50=337, 90=576, 99=5075, 99.9=13727, 99.99=24559] [Intended-READ: Count=3908537, Max=69439, Min=177, Avg=626.11, 50=432, 90=688, 99=5671, 99.9=14567, 99.99=27551] [Intended-INSERT: Count=205856, Max=65855, Min=159, Avg=515.32, 50=337, 90=577, 99=5079, 99.9=13727, 99.99=24559] 
2026-09-14 11:53:03:067 230 sec: 94811873 operations; 412577 current ops/sec; est completion in 1 hour 17 minutes [READ: Count=3919200, Max=68159, Min=180, Avg=624.52, 50=432, 90=684, 99=5663, 99.9=14799, 99.99=28431] [INSERT: Count=206631, Max=52671, Min=160, Avg=512.81, 50=337, 90=573, 99=5039, 99.9=14143, 99.99=27951] [Intended-READ: Count=3919586, Max=68159, Min=181, Avg=624.53, 50=432, 90=684, 99=5663, 99.9=14799, 99.99=28431] [Intended-INSERT: Count=206635, Max=52671, Min=160, Avg=512.81, 50=337, 90=573, 99=5039, 99.9=14143, 99.99=27951] 
2026-09-14 11:53:13:070 240 sec: 98950655 operations; 413795.44 current ops/sec; est completion in 1 hour 16 minutes [READ: Count=3933038, Max=64703, Min=190, Avg=622.77, 50=436, 90=697, 99=5535, 99.9=13847, 99.99=23903] [INSERT: Count=206651, Max=62911, Min=161, Avg=507.13, 50=340, 90=580, 99=4887, 99.9=12575, 99.99=24111] [Intended-READ: Count=3932500, Max=64703, Min=190, Avg=622.8, 50=436, 90=697, 99=5535, 99.9=13847, 99.99=23903] [Intended-INSERT: Count=206647, Max=62911, Min=161, Avg=507.15, 50=340, 90=580, 99=4887, 99.9=12575, 99.99=24111] 
2026-09-14 11:53:23:067 250 sec: 103131529 operations; 418171.03 current ops/sec; est completion in 1 hour 16 minutes [READ: Count=3970882, Max=67263, Min=197, Avg=616.12, 50=442, 90=706, 99=5187, 99.9=14039, 99.99=27871] [INSERT: Count=209044, Max=56767, Min=163, Avg=505.11, 50=344, 90=588, 99=4675, 99.9=13223, 99.99=27615] [Intended-READ: Count=3971286, Max=67263, Min=197, Avg=616.16, 50=442, 90=706, 99=5187, 99.9=14039, 99.99=27871] [Intended-INSERT: Count=209060, Max=56767, Min=163, Avg=505.16, 50=344, 90=588, 99=4675, 99.9=13223, 99.99=27615] 
2026-09-14 11:53:33:067 260 sec: 107295929 operations; 416440 current ops/sec; est completion in 1 hour 16 minutes [READ: Count=3956731, Max=84223, Min=198, Avg=618.67, 50=439, 90=701, 99=5251, 99.9=13647, 99.99=26703] [INSERT: Count=207674, Max=41151, Min=160, Avg=503.49, 50=343, 90=587, 99=4671, 99.9=12663, 99.99=24495] [Intended-READ: Count=3956653, Max=84223, Min=198, Avg=618.75, 50=439, 90=701, 99=5251, 99.9=13655, 99.99=26703] [Intended-INSERT: Count=207658, Max=41151, Min=160, Avg=503.54, 50=343, 90=587, 99=4671, 99.9=12663, 99.99=24495] 
2026-09-14 11:53:43:067 270 sec: 111427811 operations; 413188.2 current ops/sec; est completion in 1 hour 16 minutes [READ: Count=3923622, Max=90943, Min=208, Avg=623.81, 50=434, 90=687, 99=5715, 99.9=15103, 99.99=27711] [INSERT: Count=208221, Max=85631, Min=165, Avg=508.76, 50=338, 90=572, 99=5103, 99.9=13807, 99.99=25663] [Intended-READ: Count=3923549, Max=90943, Min=208, Avg=623.79, 50=434, 90=687, 99=5715, 99.9=15095, 99.99=27711] [Intended-INSERT: Count=208248, Max=85631, Min=165, Avg=508.8, 50=338, 90=572, 99=5107, 99.9=13807, 99.99=25663] 
2026-09-14 11:53:53:067 280 sec: 115539694 operations; 411188.3 current ops/sec; est completion in 1 hour 16 minutes [READ: Count=3906032, Max=61823, Min=184, Avg=626.63, 50=435, 90=695, 99=5643, 99.9=14679, 99.99=26175] [INSERT: Count=205851, Max=54079, Min=163, Avg=513.01, 50=339, 90=581, 99=5055, 99.9=13455, 99.99=24239] [Intended-READ: Count=3905740, Max=61823, Min=184, Avg=626.68, 50=435, 90=695, 99=5643, 99.9=14679, 99.99=26175] [Intended-INSERT: Count=205813, Max=54079, Min=163, Avg=513.06, 50=339, 90=581, 99=5051, 99.9=13455, 99.99=24239] 
2026-09-14 11:54:03:067 290 sec: 119649134 operations; 410944 current ops/sec; est completion in 1 hour 15 minutes [READ: Count=3904192, Max=65407, Min=201, Avg=626.81, 50=435, 90=700, 99=5643, 99.9=14975, 99.99=27007] [INSERT: Count=205246, Max=50207, Min=163, Avg=517.58, 50=339, 90=584, 99=5187, 99.9=14215, 99.99=25951] [Intended-READ: Count=3904395, Max=65407, Min=201, Avg=626.81, 50=435, 90=700, 99=5643, 99.9=14975, 99.99=27023] [Intended-INSERT: Count=205266, Max=50207, Min=163, Avg=517.53, 50=339, 90=584, 99=5183, 99.9=14215, 99.99=25951] 
2026-09-14 11:54:13:067 300 sec: 123742559 operations; 409342.5 current ops/sec; est completion in 1 hour 15 minutes [READ: Count=3888438, Max=52095, Min=187, Avg=629.36, 50=433, 90=685, 99=5919, 99.9=14687, 99.99=25551] [INSERT: Count=205024, Max=38719, Min=164, Avg=515.97, 50=338, 90=571, 99=5335, 99.9=13479, 99.99=24831] [Intended-READ: Count=3888862, Max=52095, Min=187, Avg=629.43, 50=433, 90=685, 99=5919, 99.9=14695, 99.99=25535] [Intended-INSERT: Count=205015, Max=38719, Min=164, Avg=516.04, 50=338, 90=571, 99=5339, 99.9=13479, 99.99=24831] 
Maximum time elapsed. Requesting stop for the workload.
Stop requested for workload. Now Joining!
2026-09-14 11:54:13:100 300 sec: 123753502 operations; 321852.94 current ops/sec; est completion in 1 hour 15 minutes [READ: Count=10279, Max=43135, Min=241, Avg=670.1, 50=425, 90=615, 99=7327, 99.9=26831, 99.99=38943] [CLEANUP: Count=256, Max=4899, Min=27, Avg=236.28, 50=41, 90=575, 99=4079, 99.9=4899, 99.99=4899] [INSERT: Count=480, Max=36991, Min=183, Avg=627.31, 50=334, 90=523, 99=6639, 99.9=36991, 99.99=36991] [Intended-READ: Count=8639, Max=43135, Min=241, Avg=669.55, 50=425, 90=608, 99=7163, 99.9=33823, 99.99=43135] [Intended-CLEANUP: Count=256, Max=4899, Min=28, Avg=236.46, 50=42, 90=575, 99=4079, 99.9=4899, 99.99=4899] [Intended-INSERT: Count=417, Max=36991, Min=183, Avg=652.01, 50=331, 90=537, 99=6555, 99.9=36991, 99.99=36991] 
[OVERALL], RunTime(ms), 300034
[OVERALL], Throughput(ops/sec), 412464.9273082384
[TOTAL_GCS_G1_Young_Generation], Count, 1122
[TOTAL_GC_TIME_G1_Young_Generation], Time(ms), 1220
[TOTAL_GC_TIME_%_G1_Young_Generation], Time(%), 0.4066205830005933
[TOTAL_GCS_G1_Old_Generation], Count, 0
[TOTAL_GC_TIME_G1_Old_Generation], Time(ms), 0
[TOTAL_GC_TIME_%_G1_Old_Generation], Time(%), 0.0
[TOTAL_GCs], Count, 1122
[TOTAL_GC_TIME], Time(ms), 1220
[TOTAL_GC_TIME_%], Time(%), 0.4066205830005933
[READ], Operations, 117560621
[READ], AverageLatency(us), 624.2185745344098
[READ], MinLatency(us), 177
[READ], MaxLatency(us), 217983
[READ], 50thPercentileLatency(us), 436
[READ], 95thPercentileLatency(us), 974
[READ], 99thPercentileLatency(us), 5551
[READ], 99.9PercentileLatency(us), 14495
[READ], 99.99PercentileLatency(us), 27055
[READ], Return=OK, 117560621
[CLEANUP], Operations, 256
[CLEANUP], AverageLatency(us), 236.28125
[CLEANUP], MinLatency(us), 27
[CLEANUP], MaxLatency(us), 4899
[CLEANUP], 50thPercentileLatency(us), 41
[CLEANUP], 95thPercentileLatency(us), 1569
[CLEANUP], 99thPercentileLatency(us), 4079
[CLEANUP], 99.9PercentileLatency(us), 4899
[CLEANUP], 99.99PercentileLatency(us), 4899
[INSERT], Operations, 6192881
[INSERT], AverageLatency(us), 510.9142675275046
[INSERT], MinLatency(us), 157
[INSERT], MaxLatency(us), 85631
[INSERT], 50thPercentileLatency(us), 340
[INSERT], 95thPercentileLatency(us), 835
[INSERT], 99thPercentileLatency(us), 4943
[INSERT], 99.9PercentileLatency(us), 13551
[INSERT], 99.99PercentileLatency(us), 26127
[INSERT], Return=OK, 6192881
[Intended-READ], Operations, 117560621
[Intended-READ], AverageLatency(us), 624.2516161087649
[Intended-READ], MinLatency(us), 177
[Intended-READ], MaxLatency(us), 217983
[Intended-READ], 50thPercentileLatency(us), 436
[Intended-READ], 95thPercentileLatency(us), 974
[Intended-READ], 99thPercentileLatency(us), 5551
[Intended-READ], 99.9PercentileLatency(us), 14495
[Intended-READ], 99.99PercentileLatency(us), 27055
[Intended-CLEANUP], Operations, 256
[Intended-CLEANUP], AverageLatency(us), 236.45703125
[Intended-CLEANUP], MinLatency(us), 28
[Intended-CLEANUP], MaxLatency(us), 4899
[Intended-CLEANUP], 50thPercentileLatency(us), 42
[Intended-CLEANUP], 95thPercentileLatency(us), 1570
[Intended-CLEANUP], 99thPercentileLatency(us), 4079
[Intended-CLEANUP], 99.9PercentileLatency(us), 4899
[Intended-CLEANUP], 99.99PercentileLatency(us), 4899
[Intended-INSERT], Operations, 6192881
[Intended-INSERT], AverageLatency(us), 510.94727058375577
[Intended-INSERT], MinLatency(us), 157
[Intended-INSERT], MaxLatency(us), 85631
[Intended-INSERT], 50thPercentileLatency(us), 340
[Intended-INSERT], 95thPercentileLatency(us), 835
[Intended-INSERT], 99thPercentileLatency(us), 4943
[Intended-INSERT], 99.9PercentileLatency(us), 13551
[Intended-INSERT], 99.99PercentileLatency(us), 26127
