java -cp /mnt/dev/YCSB-hreplace-dist/redis-binding/conf:/mnt/dev/YCSB-hreplace-dist/conf:/mnt/dev/YCSB-hreplace-dist/lib/htrace-core4-4.1.0-incubating.jar:/mnt/dev/YCSB-hreplace-dist/lib/slf4j-api-1.7.25.jar:/mnt/dev/YCSB-hreplace-dist/lib/jackson-mapper-asl-1.9.4.jar:/mnt/dev/YCSB-hreplace-dist/lib/HdrHistogram-2.1.12.jar:/mnt/dev/YCSB-hreplace-dist/lib/jackson-core-asl-1.9.4.jar:/mnt/dev/YCSB-hreplace-dist/lib/jedis-3.9.0.jar:/mnt/dev/YCSB-hreplace-dist/lib/core-0.18.0-SNAPSHOT.jar:/mnt/dev/YCSB-hreplace-dist/lib/commons-pool2-2.11.1.jar:/mnt/dev/YCSB-hreplace-dist/lib/redis-binding-0.18.0-SNAPSHOT.jar site.ycsb.Client -db site.ycsb.db.RedisClient -s -threads 256 -P /mnt/dev/YCSB-hreplace-dist/workloads/workloada -target 100000 -p recordcount=100000000 -p operationcount=1000000 -p fieldcount=10 -p fieldlength=128 -p fieldlengthdistribution=constant -p readallfields=true -p writeallfields=true -p insertorder=hashed -p requestdistribution=uniform -p readproportion=0.5 -p updateproportion=0.5 -p insertproportion=0 -p scanproportion=0 -p readmodifywriteproportion=0 -p measurementtype=hdrhistogram -p measurement.interval=both -p hdrhistogram.percentiles=50,95,99,99.9,99.99 -p status.interval=10 -p redis.host=172.16.0.4 -p redis.port=16379 -p redis.scanindex=none -p redis.timeout=10000 -p redis.cluster=false -p redis.updatecommand=keylane.hreplace -t
Command line: -db site.ycsb.db.RedisClient -s -threads 256 -P /mnt/dev/YCSB-hreplace-dist/workloads/workloada -target 100000 -p recordcount=100000000 -p operationcount=1000000 -p fieldcount=10 -p fieldlength=128 -p fieldlengthdistribution=constant -p readallfields=true -p writeallfields=true -p insertorder=hashed -p requestdistribution=uniform -p readproportion=0.5 -p updateproportion=0.5 -p insertproportion=0 -p scanproportion=0 -p readmodifywriteproportion=0 -p measurementtype=hdrhistogram -p measurement.interval=both -p hdrhistogram.percentiles=50,95,99,99.9,99.99 -p status.interval=10 -p redis.host=172.16.0.4 -p redis.port=16379 -p redis.scanindex=none -p redis.timeout=10000 -p redis.cluster=false -p redis.updatecommand=keylane.hreplace -t
YCSB Client 0.18.0-SNAPSHOT

Loading workload...
Starting test.
SLF4J: Failed to load class "org.slf4j.impl.StaticLoggerBinder".
SLF4J: Defaulting to no-operation (NOP) logger implementation
SLF4J: See http://www.slf4j.org/codes.html#StaticLoggerBinder for further details.
2026-09-14 10:35:26:806 0 sec: 0 operations; est completion in 0 second 
DBWrapper: report latency for each error is false and specific error codes to track for latency are: []
2026-09-14 10:35:36:788 10 sec: 992634 operations; 99263.4 current ops/sec; est completion in 1 second [READ: Count=496581, Max=25327, Min=171, Avg=327.83, 50=296, 90=355, 99=983, 99.9=5199, 99.99=8839] [UPDATE: Count=496325, Max=25311, Min=151, Avg=245.15, 50=217, 90=274, 99=880, 99.9=3451, 99.99=8287] [Intended-READ: Count=496883, Max=86655, Min=204, Avg=503.53, 50=355, 90=417, 99=2605, 99.9=33119, 99.99=63967] [Intended-UPDATE: Count=496512, Max=84351, Min=167, Avg=422.89, 50=277, 90=336, 99=2117, 99.9=34431, 99.99=64959] 
2026-09-14 10:35:36:902 10 sec: 1000000 operations; 64614.04 current ops/sec; [READ: Count=3698, Max=5539, Min=224, Avg=301.17, 50=292, 90=342, 99=421, 99.9=2113, 99.99=5539] [CLEANUP: Count=256, Max=580, Min=10, Avg=24.22, 50=16, 90=27, 99=185, 99.9=580, 99.99=580] [UPDATE: Count=3396, Max=1355, Min=159, Avg=222.93, 50=215, 90=263, 99=344, 99.9=692, 99.99=1355] [Intended-READ: Count=3396, Max=6059, Min=250, Avg=361.46, 50=351, 90=401, 99=482, 99.9=2495, 99.99=6059] [Intended-CLEANUP: Count=256, Max=580, Min=11, Avg=24.41, 50=16, 90=27, 99=185, 99.9=580, 99.99=580] [Intended-UPDATE: Count=3209, Max=3753, Min=193, Avg=281.93, 50=274, 90=324, 99=405, 99.9=797, 99.99=3753] 
[OVERALL], RunTime(ms), 10113
[OVERALL], Throughput(ops/sec), 98882.62632255512
[TOTAL_GCS_G1_Young_Generation], Count, 30
[TOTAL_GC_TIME_G1_Young_Generation], Time(ms), 30
[TOTAL_GC_TIME_%_G1_Young_Generation], Time(%), 0.29664787896766537
[TOTAL_GCS_G1_Old_Generation], Count, 0
[TOTAL_GC_TIME_G1_Old_Generation], Time(ms), 0
[TOTAL_GC_TIME_%_G1_Old_Generation], Time(%), 0.0
[TOTAL_GCs], Count, 30
[TOTAL_GC_TIME], Time(ms), 30
[TOTAL_GC_TIME_%], Time(%), 0.29664787896766537
[READ], Operations, 500279
[READ], AverageLatency(us), 327.63781609861695
[READ], MinLatency(us), 171
[READ], MaxLatency(us), 25327
[READ], 50thPercentileLatency(us), 296
[READ], 95thPercentileLatency(us), 391
[READ], 99thPercentileLatency(us), 979
[READ], 99.9PercentileLatency(us), 5187
[READ], 99.99PercentileLatency(us), 8783
[READ], Return=OK, 500279
[CLEANUP], Operations, 256
[CLEANUP], AverageLatency(us), 24.22265625
[CLEANUP], MinLatency(us), 10
[CLEANUP], MaxLatency(us), 580
[CLEANUP], 50thPercentileLatency(us), 16
[CLEANUP], 95thPercentileLatency(us), 41
[CLEANUP], 99thPercentileLatency(us), 185
[CLEANUP], 99.9PercentileLatency(us), 580
[CLEANUP], 99.99PercentileLatency(us), 580
[UPDATE], Operations, 499721
[UPDATE], AverageLatency(us), 245.0013367459042
[UPDATE], MinLatency(us), 151
[UPDATE], MaxLatency(us), 25311
[UPDATE], 50thPercentileLatency(us), 217
[UPDATE], 95thPercentileLatency(us), 310
[UPDATE], 99thPercentileLatency(us), 872
[UPDATE], 99.9PercentileLatency(us), 3445
[UPDATE], 99.99PercentileLatency(us), 8287
[UPDATE], Return=OK, 499721
[Intended-READ], Operations, 500279
[Intended-READ], AverageLatency(us), 502.5699579634564
[Intended-READ], MinLatency(us), 204
[Intended-READ], MaxLatency(us), 86655
[Intended-READ], 50thPercentileLatency(us), 355
[Intended-READ], 95thPercentileLatency(us), 460
[Intended-READ], 99thPercentileLatency(us), 2585
[Intended-READ], 99.9PercentileLatency(us), 32991
[Intended-READ], 99.99PercentileLatency(us), 63903
[Intended-CLEANUP], Operations, 256
[Intended-CLEANUP], AverageLatency(us), 24.41015625
[Intended-CLEANUP], MinLatency(us), 11
[Intended-CLEANUP], MaxLatency(us), 580
[Intended-CLEANUP], 50thPercentileLatency(us), 16
[Intended-CLEANUP], 95thPercentileLatency(us), 41
[Intended-CLEANUP], 99thPercentileLatency(us), 185
[Intended-CLEANUP], 99.9PercentileLatency(us), 580
[Intended-CLEANUP], 99.99PercentileLatency(us), 580
[Intended-UPDATE], Operations, 499721
[Intended-UPDATE], AverageLatency(us), 421.98927401490033
[Intended-UPDATE], MinLatency(us), 167
[Intended-UPDATE], MaxLatency(us), 84351
[Intended-UPDATE], 50thPercentileLatency(us), 277
[Intended-UPDATE], 95thPercentileLatency(us), 377
[Intended-UPDATE], 99thPercentileLatency(us), 2099
[Intended-UPDATE], 99.9PercentileLatency(us), 34367
[Intended-UPDATE], 99.99PercentileLatency(us), 64959
