java -cp /mnt/dev/YCSB-hreplace-dist/redis-binding/conf:/mnt/dev/YCSB-hreplace-dist/conf:/mnt/dev/YCSB-hreplace-dist/lib/htrace-core4-4.1.0-incubating.jar:/mnt/dev/YCSB-hreplace-dist/lib/slf4j-api-1.7.25.jar:/mnt/dev/YCSB-hreplace-dist/lib/jackson-mapper-asl-1.9.4.jar:/mnt/dev/YCSB-hreplace-dist/lib/HdrHistogram-2.1.12.jar:/mnt/dev/YCSB-hreplace-dist/lib/jackson-core-asl-1.9.4.jar:/mnt/dev/YCSB-hreplace-dist/lib/jedis-3.9.0.jar:/mnt/dev/YCSB-hreplace-dist/lib/core-0.18.0-SNAPSHOT.jar:/mnt/dev/YCSB-hreplace-dist/lib/commons-pool2-2.11.1.jar:/mnt/dev/YCSB-hreplace-dist/lib/redis-binding-0.18.0-SNAPSHOT.jar site.ycsb.Client -db site.ycsb.db.RedisClient -s -threads 256 -P /mnt/dev/YCSB-hreplace-dist/workloads/workloada -p recordcount=14000000000 -p operationcount=1000000 -p fieldcount=10 -p fieldlength=128 -p fieldlengthdistribution=constant -p readallfields=true -p writeallfields=true -p insertorder=hashed -p requestdistribution=uniform -p readproportion=0.95 -p updateproportion=0 -p insertproportion=0.05 -p scanproportion=0 -p readmodifywriteproportion=0 -p measurementtype=hdrhistogram -p measurement.interval=both -p hdrhistogram.percentiles=50,95,99,99.9,99.99 -p status.interval=10 -p insertstart=0 -p insertcount=100000000 -p redis.host=172.16.0.4 -p redis.port=16379 -p redis.scanindex=none -p redis.timeout=10000 -p redis.cluster=false -p redis.updatecommand=keylane.hreplace -t
Command line: -db site.ycsb.db.RedisClient -s -threads 256 -P /mnt/dev/YCSB-hreplace-dist/workloads/workloada -p recordcount=14000000000 -p operationcount=1000000 -p fieldcount=10 -p fieldlength=128 -p fieldlengthdistribution=constant -p readallfields=true -p writeallfields=true -p insertorder=hashed -p requestdistribution=uniform -p readproportion=0.95 -p updateproportion=0 -p insertproportion=0.05 -p scanproportion=0 -p readmodifywriteproportion=0 -p measurementtype=hdrhistogram -p measurement.interval=both -p hdrhistogram.percentiles=50,95,99,99.9,99.99 -p status.interval=10 -p insertstart=0 -p insertcount=100000000 -p redis.host=172.16.0.4 -p redis.port=16379 -p redis.scanindex=none -p redis.timeout=10000 -p redis.cluster=false -p redis.updatecommand=keylane.hreplace -t
YCSB Client 0.18.0-SNAPSHOT

Loading workload...
Starting test.
SLF4J: Failed to load class "org.slf4j.impl.StaticLoggerBinder".
SLF4J: Defaulting to no-operation (NOP) logger implementation
SLF4J: See http://www.slf4j.org/codes.html#StaticLoggerBinder for further details.
2026-09-14 11:01:10:863 0 sec: 0 operations; est completion in 0 second 
DBWrapper: report latency for each error is false and specific error codes to track for latency are: []
2026-09-14 11:01:13:810 2 sec: 1000000 operations; 337268.13 current ops/sec; [READ: Count=949948, Max=85503, Min=219, Avg=658.37, 50=482, 90=1095, 99=2239, 99.9=10031, 99.99=62943] [CLEANUP: Count=256, Max=791, Min=12, Avg=34.73, 50=23, 90=59, 99=166, 99.9=791, 99.99=791] [INSERT: Count=50052, Max=85055, Min=173, Avg=600.52, 50=388, 90=1152, 99=2523, 99.9=11743, 99.99=65407] [Intended-READ: Count=949948, Max=85503, Min=219, Avg=658.41, 50=482, 90=1095, 99=2239, 99.9=10031, 99.99=62943] [Intended-CLEANUP: Count=256, Max=792, Min=13, Avg=35.14, 50=24, 90=66, 99=167, 99.9=792, 99.99=792] [Intended-INSERT: Count=50052, Max=85055, Min=173, Avg=600.56, 50=388, 90=1152, 99=2523, 99.9=11743, 99.99=65407] 
[OVERALL], RunTime(ms), 2964
[OVERALL], Throughput(ops/sec), 337381.9163292847
[TOTAL_GCS_G1_Young_Generation], Count, 16
[TOTAL_GC_TIME_G1_Young_Generation], Time(ms), 45
[TOTAL_GC_TIME_%_G1_Young_Generation], Time(%), 1.5182186234817814
[TOTAL_GCS_G1_Old_Generation], Count, 0
[TOTAL_GC_TIME_G1_Old_Generation], Time(ms), 0
[TOTAL_GC_TIME_%_G1_Old_Generation], Time(%), 0.0
[TOTAL_GCs], Count, 16
[TOTAL_GC_TIME], Time(ms), 45
[TOTAL_GC_TIME_%], Time(%), 1.5182186234817814
[READ], Operations, 949948
[READ], AverageLatency(us), 658.369877088009
[READ], MinLatency(us), 219
[READ], MaxLatency(us), 85503
[READ], 50thPercentileLatency(us), 482
[READ], 95thPercentileLatency(us), 1320
[READ], 99thPercentileLatency(us), 2239
[READ], 99.9PercentileLatency(us), 10031
[READ], 99.99PercentileLatency(us), 62943
[READ], Return=OK, 949948
[CLEANUP], Operations, 256
[CLEANUP], AverageLatency(us), 34.73046875
[CLEANUP], MinLatency(us), 12
[CLEANUP], MaxLatency(us), 791
[CLEANUP], 50thPercentileLatency(us), 23
[CLEANUP], 95thPercentileLatency(us), 81
[CLEANUP], 99thPercentileLatency(us), 166
[CLEANUP], 99.9PercentileLatency(us), 791
[CLEANUP], 99.99PercentileLatency(us), 791
[INSERT], Operations, 50052
[INSERT], AverageLatency(us), 600.5211380164628
[INSERT], MinLatency(us), 173
[INSERT], MaxLatency(us), 85055
[INSERT], 50thPercentileLatency(us), 388
[INSERT], 95thPercentileLatency(us), 1402
[INSERT], 99thPercentileLatency(us), 2523
[INSERT], 99.9PercentileLatency(us), 11743
[INSERT], 99.99PercentileLatency(us), 65407
[INSERT], Return=OK, 50052
[Intended-READ], Operations, 949948
[Intended-READ], AverageLatency(us), 658.4066601540295
[Intended-READ], MinLatency(us), 219
[Intended-READ], MaxLatency(us), 85503
[Intended-READ], 50thPercentileLatency(us), 482
[Intended-READ], 95thPercentileLatency(us), 1320
[Intended-READ], 99thPercentileLatency(us), 2239
[Intended-READ], 99.9PercentileLatency(us), 10031
[Intended-READ], 99.99PercentileLatency(us), 62943
[Intended-CLEANUP], Operations, 256
[Intended-CLEANUP], AverageLatency(us), 35.140625
[Intended-CLEANUP], MinLatency(us), 13
[Intended-CLEANUP], MaxLatency(us), 792
[Intended-CLEANUP], 50thPercentileLatency(us), 24
[Intended-CLEANUP], 95thPercentileLatency(us), 82
[Intended-CLEANUP], 99thPercentileLatency(us), 167
[Intended-CLEANUP], 99.9PercentileLatency(us), 792
[Intended-CLEANUP], 99.99PercentileLatency(us), 792
[Intended-INSERT], Operations, 50052
[Intended-INSERT], AverageLatency(us), 600.558179493327
[Intended-INSERT], MinLatency(us), 173
[Intended-INSERT], MaxLatency(us), 85055
[Intended-INSERT], 50thPercentileLatency(us), 388
[Intended-INSERT], 95thPercentileLatency(us), 1402
[Intended-INSERT], 99thPercentileLatency(us), 2523
[Intended-INSERT], 99.9PercentileLatency(us), 11743
[Intended-INSERT], 99.99PercentileLatency(us), 65407
