java -cp /mnt/dev/YCSB-hreplace-dist/redis-binding/conf:/mnt/dev/YCSB-hreplace-dist/conf:/mnt/dev/YCSB-hreplace-dist/lib/htrace-core4-4.1.0-incubating.jar:/mnt/dev/YCSB-hreplace-dist/lib/slf4j-api-1.7.25.jar:/mnt/dev/YCSB-hreplace-dist/lib/jackson-mapper-asl-1.9.4.jar:/mnt/dev/YCSB-hreplace-dist/lib/HdrHistogram-2.1.12.jar:/mnt/dev/YCSB-hreplace-dist/lib/jackson-core-asl-1.9.4.jar:/mnt/dev/YCSB-hreplace-dist/lib/jedis-3.9.0.jar:/mnt/dev/YCSB-hreplace-dist/lib/core-0.18.0-SNAPSHOT.jar:/mnt/dev/YCSB-hreplace-dist/lib/commons-pool2-2.11.1.jar:/mnt/dev/YCSB-hreplace-dist/lib/redis-binding-0.18.0-SNAPSHOT.jar site.ycsb.Client -db site.ycsb.db.RedisClient -s -threads 256 -P /mnt/dev/YCSB-hreplace-dist/workloads/workloada -p recordcount=16000000000 -p operationcount=2000000000 -p fieldcount=10 -p fieldlength=128 -p fieldlengthdistribution=constant -p readallfields=true -p writeallfields=true -p insertorder=hashed -p requestdistribution=uniform -p readproportion=0.95 -p updateproportion=0 -p insertproportion=0.05 -p scanproportion=0 -p readmodifywriteproportion=0 -p measurementtype=hdrhistogram -p measurement.interval=both -p hdrhistogram.percentiles=50,95,99,99.9,99.99 -p status.interval=10 -p maxexecutiontime=300 -p insertstart=0 -p insertcount=100000000 -p redis.host=172.16.0.4 -p redis.port=16379 -p redis.scanindex=none -p redis.timeout=10000 -p redis.cluster=false -p redis.updatecommand=keylane.hreplace -t
Command line: -db site.ycsb.db.RedisClient -s -threads 256 -P /mnt/dev/YCSB-hreplace-dist/workloads/workloada -p recordcount=16000000000 -p operationcount=2000000000 -p fieldcount=10 -p fieldlength=128 -p fieldlengthdistribution=constant -p readallfields=true -p writeallfields=true -p insertorder=hashed -p requestdistribution=uniform -p readproportion=0.95 -p updateproportion=0 -p insertproportion=0.05 -p scanproportion=0 -p readmodifywriteproportion=0 -p measurementtype=hdrhistogram -p measurement.interval=both -p hdrhistogram.percentiles=50,95,99,99.9,99.99 -p status.interval=10 -p maxexecutiontime=300 -p insertstart=0 -p insertcount=100000000 -p redis.host=172.16.0.4 -p redis.port=16379 -p redis.scanindex=none -p redis.timeout=10000 -p redis.cluster=false -p redis.updatecommand=keylane.hreplace -t
YCSB Client 0.18.0-SNAPSHOT

Loading workload...
Starting test.
SLF4J: Failed to load class "org.slf4j.impl.StaticLoggerBinder".
SLF4J: Defaulting to no-operation (NOP) logger implementation
SLF4J: See http://www.slf4j.org/codes.html#StaticLoggerBinder for further details.
Maximum execution time specified as: 300 secs
2026-09-14 11:01:14:640 0 sec: 0 operations; est completion in 0 second 
DBWrapper: report latency for each error is false and specific error codes to track for latency are: []
2026-09-14 11:01:24:584 10 sec: 5262655 operations; 526265.5 current ops/sec; est completion in 1 hour 3 minutes [READ: Count=4999663, Max=29439, Min=222, Avg=482.42, 50=459, 90=582, 99=958, 99.9=3607, 99.99=8599] [INSERT: Count=263859, Max=22735, Min=169, Avg=382.11, 50=360, 90=470, 99=872, 99.9=2729, 99.99=8455] [Intended-READ: Count=5010293, Max=29439, Min=222, Avg=482.45, 50=459, 90=582, 99=958, 99.9=3605, 99.99=8575] [Intended-INSERT: Count=264265, Max=22735, Min=169, Avg=382.15, 50=360, 90=470, 99=872, 99.9=2729, 99.99=8455] 
2026-09-14 11:01:34:583 20 sec: 10689555 operations; 542690 current ops/sec; est completion in 1 hour 2 minutes [READ: Count=5155930, Max=5935, Min=222, Avg=475.1, 50=459, 90=578, 99=760, 99.9=2931, 99.99=4531] [INSERT: Count=270517, Max=5507, Min=177, Avg=371.63, 50=359, 90=464, 99=621, 99.9=1879, 99.99=3775] [Intended-READ: Count=5148342, Max=5935, Min=222, Avg=475.13, 50=459, 90=578, 99=759, 99.9=2931, 99.99=4531] [Intended-INSERT: Count=270538, Max=5507, Min=177, Avg=371.65, 50=359, 90=464, 99=621, 99.9=1879, 99.99=3775] 
2026-09-14 11:01:44:584 30 sec: 16106058 operations; 541650.3 current ops/sec; est completion in 1 hour 1 minute [READ: Count=5146106, Max=6399, Min=223, Avg=476.06, 50=460, 90=580, 99=770, 99.9=2855, 99.99=4591] [INSERT: Count=270428, Max=5539, Min=170, Avg=372.82, 50=359, 90=466, 99=635, 99.9=2001, 99.99=3803] [Intended-READ: Count=5146495, Max=6399, Min=223, Avg=476.1, 50=460, 90=580, 99=771, 99.9=2855, 99.99=4591] [Intended-INSERT: Count=270111, Max=5539, Min=170, Avg=372.85, 50=359, 90=466, 99=635, 99.9=2001, 99.99=3803] 
2026-09-14 11:01:54:584 40 sec: 21540013 operations; 543395.5 current ops/sec; est completion in 1 hour 1 minute [READ: Count=5162639, Max=5715, Min=222, Avg=474.51, 50=458, 90=578, 99=764, 99.9=2869, 99.99=4435] [INSERT: Count=271168, Max=5543, Min=174, Avg=371.52, 50=358, 90=463, 99=624, 99.9=1886, 99.99=3923] [Intended-READ: Count=5162071, Max=5715, Min=222, Avg=474.55, 50=458, 90=578, 99=764, 99.9=2869, 99.99=4435] [Intended-INSERT: Count=271256, Max=5543, Min=173, Avg=371.56, 50=359, 90=463, 99=624, 99.9=1886, 99.99=3923] 
2026-09-14 11:02:04:584 50 sec: 26967480 operations; 542746.7 current ops/sec; est completion in 1 hour [READ: Count=5156135, Max=9887, Min=226, Avg=475.07, 50=459, 90=579, 99=766, 99.9=2885, 99.99=4499] [INSERT: Count=271941, Max=5611, Min=173, Avg=372.89, 50=360, 90=466, 99=630, 99.9=1907, 99.99=4023] [Intended-READ: Count=5155693, Max=9887, Min=226, Avg=475.11, 50=459, 90=579, 99=766, 99.9=2885, 99.99=4499] [Intended-INSERT: Count=271924, Max=5611, Min=178, Avg=372.95, 50=360, 90=466, 99=630, 99.9=1908, 99.99=4047] 
2026-09-14 11:02:14:584 60 sec: 32400666 operations; 543318.6 current ops/sec; est completion in 1 hour [READ: Count=5161235, Max=7531, Min=220, Avg=474.62, 50=459, 90=577, 99=757, 99.9=2885, 99.99=4483] [INSERT: Count=271522, Max=10615, Min=173, Avg=371.73, 50=359, 90=464, 99=620, 99.9=1833, 99.99=3763] [Intended-READ: Count=5161402, Max=7531, Min=220, Avg=474.66, 50=459, 90=578, 99=757, 99.9=2885, 99.99=4483] [Intended-INSERT: Count=271452, Max=10615, Min=173, Avg=371.74, 50=359, 90=464, 99=620, 99.9=1827, 99.99=3725] 
2026-09-14 11:02:24:585 70 sec: 37835503 operations; 543483.7 current ops/sec; est completion in 1 hour [READ: Count=5162893, Max=6911, Min=224, Avg=474.51, 50=458, 90=577, 99=760, 99.9=2921, 99.99=4523] [INSERT: Count=271704, Max=5267, Min=176, Avg=371.96, 50=359, 90=463, 99=625, 99.9=1814, 99.99=3897] [Intended-READ: Count=5161349, Max=6911, Min=224, Avg=474.56, 50=458, 90=577, 99=760, 99.9=2935, 99.99=4531] [Intended-INSERT: Count=271700, Max=5267, Min=176, Avg=371.99, 50=359, 90=463, 99=625, 99.9=1814, 99.99=3897] 
2026-09-14 11:02:34:584 80 sec: 43263226 operations; 542772.3 current ops/sec; est completion in 1 hour [READ: Count=5155965, Max=5827, Min=225, Avg=474.95, 50=459, 90=579, 99=763, 99.9=2889, 99.99=4543] [INSERT: Count=271887, Max=5019, Min=176, Avg=373.41, 50=360, 90=466, 99=629, 99.9=1957, 99.99=3679] [Intended-READ: Count=5157041, Max=5827, Min=225, Avg=474.97, 50=459, 90=579, 99=763, 99.9=2877, 99.99=4531] [Intended-INSERT: Count=271859, Max=5019, Min=176, Avg=373.46, 50=360, 90=466, 99=629, 99.9=1957, 99.99=3679] 
2026-09-14 11:02:44:583 90 sec: 48665995 operations; 540276.9 current ops/sec; est completion in 1 hour [READ: Count=5132321, Max=5523, Min=225, Avg=477.23, 50=460, 90=583, 99=778, 99.9=2863, 99.99=4435] [INSERT: Count=270411, Max=4827, Min=164, Avg=375.02, 50=361, 90=469, 99=640, 99.9=1808, 99.99=3549] [Intended-READ: Count=5133259, Max=5523, Min=225, Avg=477.27, 50=460, 90=583, 99=779, 99.9=2863, 99.99=4435] [Intended-INSERT: Count=270402, Max=4827, Min=164, Avg=375.06, 50=361, 90=469, 99=640, 99.9=1808, 99.99=3549] 
2026-09-14 11:02:54:584 100 sec: 54090905 operations; 542491 current ops/sec; est completion in 59 minutes [READ: Count=5153986, Max=5959, Min=224, Avg=475.27, 50=459, 90=580, 99=767, 99.9=2763, 99.99=4471] [INSERT: Count=270768, Max=5243, Min=165, Avg=373.38, 50=360, 90=466, 99=633, 99.9=1705, 99.99=3795] [Intended-READ: Count=5151952, Max=5959, Min=224, Avg=475.3, 50=459, 90=580, 99=767, 99.9=2763, 99.99=4471] [Intended-INSERT: Count=270889, Max=5243, Min=165, Avg=373.42, 50=361, 90=466, 99=633, 99.9=1711, 99.99=3795] 
2026-09-14 11:03:04:584 110 sec: 59517400 operations; 542649.5 current ops/sec; est completion in 59 minutes [READ: Count=5156045, Max=5715, Min=223, Avg=475.1, 50=459, 90=579, 99=762, 99.9=2941, 99.99=4555] [INSERT: Count=270528, Max=5483, Min=170, Avg=373.77, 50=361, 90=466, 99=628, 99.9=1984, 99.99=3831] [Intended-READ: Count=5156496, Max=5715, Min=223, Avg=475.14, 50=459, 90=579, 99=762, 99.9=2941, 99.99=4555] [Intended-INSERT: Count=270439, Max=5483, Min=170, Avg=373.81, 50=361, 90=466, 99=628, 99.9=1984, 99.99=3831] 
2026-09-14 11:03:14:584 120 sec: 64939668 operations; 542226.8 current ops/sec; est completion in 59 minutes [READ: Count=5151390, Max=5567, Min=227, Avg=475.44, 50=459, 90=581, 99=770, 99.9=2935, 99.99=4507] [INSERT: Count=270921, Max=4795, Min=172, Avg=374.25, 50=361, 90=468, 99=637, 99.9=1865, 99.99=3785] [Intended-READ: Count=5151646, Max=5567, Min=227, Avg=475.48, 50=459, 90=581, 99=770, 99.9=2935, 99.99=4507] [Intended-INSERT: Count=270890, Max=4795, Min=172, Avg=374.29, 50=361, 90=468, 99=637, 99.9=1862, 99.99=3785] 
2026-09-14 11:03:24:583 130 sec: 70362308 operations; 542264 current ops/sec; est completion in 59 minutes [READ: Count=5150576, Max=6327, Min=223, Avg=475.47, 50=459, 90=580, 99=764, 99.9=2873, 99.99=4487] [INSERT: Count=272036, Max=5675, Min=168, Avg=374.31, 50=361, 90=468, 99=630, 99.9=1762, 99.99=3667] [Intended-READ: Count=5151824, Max=6327, Min=223, Avg=475.51, 50=459, 90=580, 99=764, 99.9=2873, 99.99=4487] [Intended-INSERT: Count=272098, Max=5675, Min=168, Avg=374.33, 50=361, 90=468, 99=630, 99.9=1762, 99.99=3667] 
2026-09-14 11:03:34:583 140 sec: 75792742 operations; 543043.4 current ops/sec; est completion in 59 minutes [READ: Count=5159064, Max=7215, Min=228, Avg=474.73, 50=458, 90=578, 99=766, 99.9=3015, 99.99=4591] [INSERT: Count=271337, Max=4903, Min=170, Avg=373.28, 50=360, 90=466, 99=634, 99.9=1952, 99.99=3861] [Intended-READ: Count=5157457, Max=7215, Min=228, Avg=474.77, 50=458, 90=578, 99=766, 99.9=3017, 99.99=4591] [Intended-INSERT: Count=271263, Max=4903, Min=170, Avg=373.33, 50=360, 90=466, 99=635, 99.9=1952, 99.99=3861] 
2026-09-14 11:03:44:584 150 sec: 81220689 operations; 542794.7 current ops/sec; est completion in 59 minutes [READ: Count=5156872, Max=5439, Min=225, Avg=475.01, 50=459, 90=578, 99=762, 99.9=2949, 99.99=4431] [INSERT: Count=271107, Max=4819, Min=173, Avg=373.31, 50=361, 90=464, 99=623, 99.9=1789, 99.99=3607] [Intended-READ: Count=5157679, Max=5439, Min=225, Avg=475.05, 50=459, 90=578, 99=762, 99.9=2947, 99.99=4431] [Intended-INSERT: Count=271144, Max=4819, Min=173, Avg=373.34, 50=361, 90=464, 99=623, 99.9=1789, 99.99=3607] 
2026-09-14 11:03:54:584 160 sec: 86638878 operations; 541818.9 current ops/sec; est completion in 58 minutes [READ: Count=5148118, Max=10463, Min=228, Avg=475.83, 50=460, 90=580, 99=765, 99.9=2873, 99.99=4487] [INSERT: Count=270029, Max=5007, Min=171, Avg=374.24, 50=361, 90=467, 99=635, 99.9=1943, 99.99=3937] [Intended-READ: Count=5147246, Max=10463, Min=228, Avg=475.88, 50=460, 90=580, 99=765, 99.9=2873, 99.99=4487] [Intended-INSERT: Count=269994, Max=5007, Min=171, Avg=374.33, 50=361, 90=467, 99=636, 99.9=1955, 99.99=3953] 
2026-09-14 11:04:04:583 170 sec: 92069000 operations; 543012.2 current ops/sec; est completion in 58 minutes [READ: Count=5158134, Max=5703, Min=222, Avg=474.83, 50=459, 90=578, 99=764, 99.9=2833, 99.99=4391] [INSERT: Count=272014, Max=4547, Min=168, Avg=373.3, 50=360, 90=465, 99=630, 99.9=1871, 99.99=3497] [Intended-READ: Count=5159892, Max=5703, Min=223, Avg=474.85, 50=459, 90=578, 99=764, 99.9=2833, 99.99=4391] [Intended-INSERT: Count=272144, Max=4547, Min=168, Avg=373.3, 50=360, 90=465, 99=629, 99.9=1842, 99.99=3497] 
2026-09-14 11:04:14:583 180 sec: 97507544 operations; 543854.4 current ops/sec; est completion in 58 minutes [READ: Count=5165142, Max=5611, Min=228, Avg=474.08, 50=458, 90=576, 99=754, 99.9=2867, 99.99=4435] [INSERT: Count=273419, Max=5047, Min=159, Avg=372.83, 50=360, 90=464, 99=620, 99.9=1746, 99.99=3675] [Intended-READ: Count=5163550, Max=5611, Min=228, Avg=474.11, 50=458, 90=576, 99=754, 99.9=2869, 99.99=4435] [Intended-INSERT: Count=273268, Max=5047, Min=159, Avg=372.86, 50=360, 90=464, 99=620, 99.9=1746, 99.99=3675] 
2026-09-14 11:04:24:583 190 sec: 102934356 operations; 542681.2 current ops/sec; est completion in 58 minutes [READ: Count=5155587, Max=5935, Min=224, Avg=475.09, 50=459, 90=578, 99=758, 99.9=2893, 99.99=4455] [INSERT: Count=271120, Max=5255, Min=166, Avg=373.68, 50=361, 90=466, 99=626, 99.9=1622, 99.99=3739] [Intended-READ: Count=5154865, Max=5935, Min=224, Avg=475.12, 50=459, 90=578, 99=758, 99.9=2893, 99.99=4455] [Intended-INSERT: Count=271129, Max=5255, Min=166, Avg=373.72, 50=361, 90=466, 99=626, 99.9=1622, 99.99=3739] 
2026-09-14 11:04:34:583 200 sec: 108371061 operations; 543670.5 current ops/sec; est completion in 58 minutes [READ: Count=5164836, Max=6031, Min=225, Avg=474.19, 50=459, 90=576, 99=752, 99.9=2835, 99.99=4459] [INSERT: Count=271913, Max=4667, Min=173, Avg=373.11, 50=361, 90=464, 99=617, 99.9=1894, 99.99=3709] [Intended-READ: Count=5165442, Max=6031, Min=225, Avg=474.22, 50=459, 90=576, 99=752, 99.9=2835, 99.99=4459] [Intended-INSERT: Count=271905, Max=4667, Min=173, Avg=373.14, 50=361, 90=464, 99=617, 99.9=1895, 99.99=3709] 
2026-09-14 11:04:44:584 210 sec: 113787360 operations; 541629.9 current ops/sec; est completion in 58 minutes [READ: Count=5146202, Max=5847, Min=222, Avg=475.95, 50=459, 90=581, 99=772, 99.9=2929, 99.99=4539] [INSERT: Count=270645, Max=5147, Min=173, Avg=375.38, 50=362, 90=469, 99=637, 99.9=1995, 99.99=3791] [Intended-READ: Count=5146349, Max=5847, Min=222, Avg=475.99, 50=459, 90=581, 99=772, 99.9=2929, 99.99=4539] [Intended-INSERT: Count=270629, Max=5147, Min=173, Avg=375.42, 50=362, 90=469, 99=637, 99.9=1995, 99.99=3791] 
2026-09-14 11:04:54:583 220 sec: 119184333 operations; 539697.3 current ops/sec; est completion in 57 minutes [READ: Count=5126807, Max=5555, Min=226, Avg=477.66, 50=461, 90=583, 99=772, 99.9=2891, 99.99=4431] [INSERT: Count=269672, Max=5351, Min=177, Avg=376.25, 50=363, 90=471, 99=636, 99.9=1822, 99.99=3813] [Intended-READ: Count=5126903, Max=5555, Min=226, Avg=477.7, 50=461, 90=583, 99=772, 99.9=2891, 99.99=4431] [Intended-INSERT: Count=269687, Max=5351, Min=177, Avg=376.28, 50=363, 90=471, 99=636, 99.9=1822, 99.99=3813] 
2026-09-14 11:05:04:584 230 sec: 124608267 operations; 542393.4 current ops/sec; est completion in 57 minutes [READ: Count=5152699, Max=5347, Min=229, Avg=475.28, 50=459, 90=579, 99=762, 99.9=2813, 99.99=4471] [INSERT: Count=271188, Max=4911, Min=180, Avg=374.98, 50=362, 90=467, 99=629, 99.9=1923, 99.99=3741] [Intended-READ: Count=5152586, Max=5347, Min=229, Avg=475.31, 50=459, 90=579, 99=762, 99.9=2815, 99.99=4471] [Intended-INSERT: Count=271188, Max=4911, Min=180, Avg=375.02, 50=362, 90=467, 99=630, 99.9=1923, 99.99=3741] 
2026-09-14 11:05:14:583 240 sec: 130037996 operations; 542972.9 current ops/sec; est completion in 57 minutes [READ: Count=5157910, Max=5755, Min=227, Avg=474.76, 50=459, 90=577, 99=758, 99.9=2905, 99.99=4531] [INSERT: Count=271805, Max=5167, Min=170, Avg=374.56, 50=361, 90=466, 99=627, 99.9=2037, 99.99=3767] [Intended-READ: Count=5157127, Max=5755, Min=227, Avg=474.8, 50=459, 90=577, 99=758, 99.9=2905, 99.99=4531] [Intended-INSERT: Count=271803, Max=5167, Min=170, Avg=374.59, 50=361, 90=466, 99=627, 99.9=2037, 99.99=3767] 
2026-09-14 11:05:24:583 250 sec: 135449296 operations; 541130 current ops/sec; est completion in 57 minutes [READ: Count=5140166, Max=5867, Min=223, Avg=476.41, 50=460, 90=582, 99=770, 99.9=2855, 99.99=4451] [INSERT: Count=271158, Max=4979, Min=176, Avg=375.6, 50=362, 90=469, 99=640, 99.9=1903, 99.99=3595] [Intended-READ: Count=5140789, Max=5867, Min=223, Avg=476.45, 50=460, 90=582, 99=770, 99.9=2855, 99.99=4451] [Intended-INSERT: Count=271172, Max=4979, Min=176, Avg=375.63, 50=362, 90=469, 99=640, 99.9=1903, 99.99=3595] 
2026-09-14 11:05:34:587 260 sec: 140892065 operations; 544222.48 current ops/sec; est completion in 57 minutes [READ: Count=5170973, Max=5271, Min=223, Avg=473.85, 50=458, 90=575, 99=750, 99.9=2919, 99.99=4447] [INSERT: Count=272372, Max=4835, Min=174, Avg=372.87, 50=360, 90=463, 99=619, 99.9=2003, 99.99=3763] [Intended-READ: Count=5171746, Max=5271, Min=223, Avg=473.89, 50=458, 90=575, 99=751, 99.9=2919, 99.99=4447] [Intended-INSERT: Count=272367, Max=4835, Min=175, Avg=372.91, 50=360, 90=463, 99=619, 99.9=2003, 99.99=3763] 
2026-09-14 11:05:44:583 270 sec: 146319353 operations; 542783.08 current ops/sec; est completion in 57 minutes [READ: Count=5154812, Max=5803, Min=222, Avg=474.86, 50=459, 90=578, 99=767, 99.9=2847, 99.99=4503] [INSERT: Count=271917, Max=5427, Min=178, Avg=374.02, 50=361, 90=466, 99=637, 99.9=1786, 99.99=3875] [Intended-READ: Count=5155267, Max=5803, Min=222, Avg=474.9, 50=459, 90=578, 99=767, 99.9=2847, 99.99=4503] [Intended-INSERT: Count=271990, Max=5427, Min=178, Avg=374.06, 50=361, 90=466, 99=637, 99.9=1786, 99.99=3875] 
2026-09-14 11:05:54:583 280 sec: 151742221 operations; 542286.8 current ops/sec; est completion in 56 minutes [READ: Count=5151769, Max=5339, Min=225, Avg=475.45, 50=459, 90=578, 99=760, 99.9=2879, 99.99=4443] [INSERT: Count=271051, Max=4703, Min=172, Avg=373.53, 50=360, 90=465, 99=628, 99.9=1958, 99.99=3607] [Intended-READ: Count=5151264, Max=5339, Min=225, Avg=475.48, 50=459, 90=578, 99=760, 99.9=2879, 99.99=4443] [Intended-INSERT: Count=270972, Max=4703, Min=173, Avg=373.56, 50=360, 90=465, 99=628, 99.9=1963, 99.99=3607] 
2026-09-14 11:06:04:583 290 sec: 157173119 operations; 543089.8 current ops/sec; est completion in 56 minutes [READ: Count=5159404, Max=5983, Min=224, Avg=474.73, 50=458, 90=578, 99=762, 99.9=2913, 99.99=4403] [INSERT: Count=271512, Max=5099, Min=175, Avg=373.48, 50=360, 90=466, 99=629, 99.9=1939, 99.99=3867] [Intended-READ: Count=5159047, Max=5983, Min=224, Avg=474.77, 50=458, 90=578, 99=762, 99.9=2913, 99.99=4403] [Intended-INSERT: Count=271531, Max=5099, Min=175, Avg=373.53, 50=360, 90=466, 99=629, 99.9=1939, 99.99=3867] 
2026-09-14 11:06:14:583 300 sec: 162604941 operations; 543182.2 current ops/sec; est completion in 56 minutes [READ: Count=5160246, Max=5407, Min=227, Avg=474.64, 50=459, 90=578, 99=757, 99.9=2879, 99.99=4471] [INSERT: Count=271527, Max=5003, Min=171, Avg=373.45, 50=361, 90=465, 99=625, 99.9=1754, 99.99=3443] [Intended-READ: Count=5159139, Max=5407, Min=227, Avg=474.67, 50=459, 90=578, 99=757, 99.9=2879, 99.99=4471] [Intended-INSERT: Count=271510, Max=5003, Min=171, Avg=373.5, 50=361, 90=465, 99=625, 99.9=1754, 99.99=3443] 
Maximum time elapsed. Requesting stop for the workload.
Stop requested for workload. Now Joining!
2026-09-14 11:06:14:631 300 sec: 162627589 operations; 471833.33 current ops/sec; est completion in 56 minutes [READ: Count=21409, Max=4207, Min=250, Avg=488.07, 50=456, 90=579, 99=1543, 99.9=3859, 99.99=4093] [CLEANUP: Count=256, Max=5191, Min=11, Avg=2050.59, 50=1981, 90=4127, 99=4987, 99.9=5191, 99.99=5191] [INSERT: Count=1079, Max=2859, Min=208, Avg=378.16, 50=357, 90=462, 99=783, 99.9=2847, 99.99=2859] [Intended-READ: Count=20823, Max=4207, Min=250, Avg=489.22, 50=457, 90=580, 99=1550, 99.9=3865, 99.99=4093] [Intended-CLEANUP: Count=256, Max=5191, Min=11, Avg=2050.68, 50=1981, 90=4127, 99=4987, 99.9=5191, 99.99=5191] [Intended-INSERT: Count=1036, Max=2859, Min=208, Avg=375.13, 50=357, 90=462, 99=701, 99.9=2847, 99.99=2859] 
[OVERALL], RunTime(ms), 300047
[OVERALL], Throughput(ops/sec), 542007.048895673
[TOTAL_GCS_G1_Young_Generation], Count, 2034
[TOTAL_GC_TIME_G1_Young_Generation], Time(ms), 1746
[TOTAL_GC_TIME_%_G1_Young_Generation], Time(%), 0.5819088342826291
[TOTAL_GCS_G1_Old_Generation], Count, 0
[TOTAL_GC_TIME_G1_Old_Generation], Time(ms), 0
[TOTAL_GC_TIME_%_G1_Old_Generation], Time(%), 0.0
[TOTAL_GCs], Count, 2034
[TOTAL_GC_TIME], Time(ms), 1746
[TOTAL_GC_TIME_%], Time(%), 0.5819088342826291
[READ], Operations, 154495034
[READ], AverageLatency(us), 475.4305834710519
[READ], MinLatency(us), 220
[READ], MaxLatency(us), 29439
[READ], 50thPercentileLatency(us), 459
[READ], 95thPercentileLatency(us), 624
[READ], 99thPercentileLatency(us), 766
[READ], 99.9PercentileLatency(us), 2915
[READ], 99.99PercentileLatency(us), 4515
[READ], Return=OK, 154495034
[CLEANUP], Operations, 256
[CLEANUP], AverageLatency(us), 2050.5859375
[CLEANUP], MinLatency(us), 11
[CLEANUP], MaxLatency(us), 5191
[CLEANUP], 50thPercentileLatency(us), 1981
[CLEANUP], 95thPercentileLatency(us), 4447
[CLEANUP], 99thPercentileLatency(us), 4987
[CLEANUP], 99.9PercentileLatency(us), 5191
[CLEANUP], 99.99PercentileLatency(us), 5191
[INSERT], Operations, 8132555
[INSERT], AverageLatency(us), 373.8811517413654
[INSERT], MinLatency(us), 159
[INSERT], MaxLatency(us), 22735
[INSERT], 50thPercentileLatency(us), 361
[INSERT], 95thPercentileLatency(us), 507
[INSERT], 99thPercentileLatency(us), 632
[INSERT], 99.9PercentileLatency(us), 1945
[INSERT], 99.99PercentileLatency(us), 3845
[INSERT], Return=OK, 8132555
[Intended-READ], Operations, 154495034
[Intended-READ], AverageLatency(us), 475.4668560932515
[Intended-READ], MinLatency(us), 220
[Intended-READ], MaxLatency(us), 29439
[Intended-READ], 50thPercentileLatency(us), 459
[Intended-READ], 95thPercentileLatency(us), 624
[Intended-READ], 99thPercentileLatency(us), 766
[Intended-READ], 99.9PercentileLatency(us), 2915
[Intended-READ], 99.99PercentileLatency(us), 4515
[Intended-CLEANUP], Operations, 256
[Intended-CLEANUP], AverageLatency(us), 2050.6796875
[Intended-CLEANUP], MinLatency(us), 11
[Intended-CLEANUP], MaxLatency(us), 5191
[Intended-CLEANUP], 50thPercentileLatency(us), 1981
[Intended-CLEANUP], 95thPercentileLatency(us), 4447
[Intended-CLEANUP], 99thPercentileLatency(us), 4987
[Intended-CLEANUP], 99.9PercentileLatency(us), 5191
[Intended-CLEANUP], 99.99PercentileLatency(us), 5191
[Intended-INSERT], Operations, 8132555
[Intended-INSERT], AverageLatency(us), 373.9175218612109
[Intended-INSERT], MinLatency(us), 159
[Intended-INSERT], MaxLatency(us), 22735
[Intended-INSERT], 50thPercentileLatency(us), 361
[Intended-INSERT], 95thPercentileLatency(us), 507
[Intended-INSERT], 99thPercentileLatency(us), 632
[Intended-INSERT], 99.9PercentileLatency(us), 1945
[Intended-INSERT], 99.99PercentileLatency(us), 3845
