java -cp /mnt/dev/YCSB-hreplace-dist/redis-binding/conf:/mnt/dev/YCSB-hreplace-dist/conf:/mnt/dev/YCSB-hreplace-dist/lib/htrace-core4-4.1.0-incubating.jar:/mnt/dev/YCSB-hreplace-dist/lib/slf4j-api-1.7.25.jar:/mnt/dev/YCSB-hreplace-dist/lib/jackson-mapper-asl-1.9.4.jar:/mnt/dev/YCSB-hreplace-dist/lib/HdrHistogram-2.1.12.jar:/mnt/dev/YCSB-hreplace-dist/lib/jackson-core-asl-1.9.4.jar:/mnt/dev/YCSB-hreplace-dist/lib/jedis-3.9.0.jar:/mnt/dev/YCSB-hreplace-dist/lib/core-0.18.0-SNAPSHOT.jar:/mnt/dev/YCSB-hreplace-dist/lib/commons-pool2-2.11.1.jar:/mnt/dev/YCSB-hreplace-dist/lib/redis-binding-0.18.0-SNAPSHOT.jar site.ycsb.Client -db site.ycsb.db.RedisClient -s -threads 256 -P /mnt/dev/YCSB-hreplace-dist/workloads/workloada -target 100000 -p recordcount=100000000 -p operationcount=1000000 -p fieldcount=10 -p fieldlength=128 -p fieldlengthdistribution=constant -p readallfields=true -p writeallfields=true -p insertorder=hashed -p requestdistribution=uniform -p readproportion=1 -p updateproportion=0 -p insertproportion=0 -p scanproportion=0 -p readmodifywriteproportion=0 -p measurementtype=hdrhistogram -p measurement.interval=both -p hdrhistogram.percentiles=50,95,99,99.9,99.99 -p status.interval=10 -p redis.host=172.16.0.4 -p redis.port=16379 -p redis.scanindex=none -p redis.timeout=10000 -p redis.cluster=false -p redis.updatecommand=keylane.hreplace -t
Command line: -db site.ycsb.db.RedisClient -s -threads 256 -P /mnt/dev/YCSB-hreplace-dist/workloads/workloada -target 100000 -p recordcount=100000000 -p operationcount=1000000 -p fieldcount=10 -p fieldlength=128 -p fieldlengthdistribution=constant -p readallfields=true -p writeallfields=true -p insertorder=hashed -p requestdistribution=uniform -p readproportion=1 -p updateproportion=0 -p insertproportion=0 -p scanproportion=0 -p readmodifywriteproportion=0 -p measurementtype=hdrhistogram -p measurement.interval=both -p hdrhistogram.percentiles=50,95,99,99.9,99.99 -p status.interval=10 -p redis.host=172.16.0.4 -p redis.port=16379 -p redis.scanindex=none -p redis.timeout=10000 -p redis.cluster=false -p redis.updatecommand=keylane.hreplace -t
YCSB Client 0.18.0-SNAPSHOT

Loading workload...
Starting test.
SLF4J: Failed to load class "org.slf4j.impl.StaticLoggerBinder".
SLF4J: Defaulting to no-operation (NOP) logger implementation
SLF4J: See http://www.slf4j.org/codes.html#StaticLoggerBinder for further details.
2026-09-14 10:25:10:145 0 sec: 0 operations; est completion in 0 second 
DBWrapper: report latency for each error is false and specific error codes to track for latency are: []
2026-09-14 10:25:20:127 10 sec: 990149 operations; 99014.9 current ops/sec; est completion in 1 second [READ: Count=990205, Max=42335, Min=210, Avg=312.88, 50=294, 90=378, 99=473, 99.9=1074, 99.99=15271] [Intended-READ: Count=990692, Max=79039, Min=229, Avg=497.72, 50=353, 90=439, 99=611, 99.9=43135, 99.99=65503] 
2026-09-14 10:25:20:250 10 sec: 1000000 operations; 80745.9 current ops/sec; [READ: Count=9795, Max=1351, Min=217, Avg=303.65, 50=291, 90=369, 99=461, 99.9=580, 99.99=1351] [CLEANUP: Count=256, Max=636, Min=11, Avg=28.19, 50=16, 90=29, 99=416, 99.9=636, 99.99=636] [Intended-READ: Count=9308, Max=1413, Min=247, Avg=361.25, 50=349, 90=429, 99=518, 99.9=648, 99.99=1413] [Intended-CLEANUP: Count=256, Max=637, Min=11, Avg=28.41, 50=17, 90=29, 99=416, 99.9=637, 99.99=637] 
[OVERALL], RunTime(ms), 10122
[OVERALL], Throughput(ops/sec), 98794.70460383323
[TOTAL_GCS_G1_Young_Generation], Count, 20
[TOTAL_GC_TIME_G1_Young_Generation], Time(ms), 29
[TOTAL_GC_TIME_%_G1_Young_Generation], Time(%), 0.28650464335111636
[TOTAL_GCS_G1_Old_Generation], Count, 0
[TOTAL_GC_TIME_G1_Old_Generation], Time(ms), 0
[TOTAL_GC_TIME_%_G1_Old_Generation], Time(%), 0.0
[TOTAL_GCs], Count, 20
[TOTAL_GC_TIME], Time(ms), 29
[TOTAL_GC_TIME_%], Time(%), 0.28650464335111636
[READ], Operations, 1000000
[READ], AverageLatency(us), 312.787915
[READ], MinLatency(us), 210
[READ], MaxLatency(us), 42335
[READ], 50thPercentileLatency(us), 294
[READ], 95thPercentileLatency(us), 405
[READ], 99thPercentileLatency(us), 473
[READ], 99.9PercentileLatency(us), 1068
[READ], 99.99PercentileLatency(us), 15231
[READ], Return=OK, 1000000
[CLEANUP], Operations, 256
[CLEANUP], AverageLatency(us), 28.19140625
[CLEANUP], MinLatency(us), 11
[CLEANUP], MaxLatency(us), 636
[CLEANUP], 50thPercentileLatency(us), 16
[CLEANUP], 95thPercentileLatency(us), 43
[CLEANUP], 99thPercentileLatency(us), 416
[CLEANUP], 99.9PercentileLatency(us), 636
[CLEANUP], 99.99PercentileLatency(us), 636
[Intended-READ], Operations, 1000000
[Intended-READ], AverageLatency(us), 496.44983
[Intended-READ], MinLatency(us), 229
[Intended-READ], MaxLatency(us), 79039
[Intended-READ], 50thPercentileLatency(us), 353
[Intended-READ], 95thPercentileLatency(us), 468
[Intended-READ], 99thPercentileLatency(us), 607
[Intended-READ], 99.9PercentileLatency(us), 42911
[Intended-READ], 99.99PercentileLatency(us), 65503
[Intended-CLEANUP], Operations, 256
[Intended-CLEANUP], AverageLatency(us), 28.41015625
[Intended-CLEANUP], MinLatency(us), 11
[Intended-CLEANUP], MaxLatency(us), 637
[Intended-CLEANUP], 50thPercentileLatency(us), 17
[Intended-CLEANUP], 95thPercentileLatency(us), 43
[Intended-CLEANUP], 99thPercentileLatency(us), 416
[Intended-CLEANUP], 99.9PercentileLatency(us), 637
[Intended-CLEANUP], 99.99PercentileLatency(us), 637
