java -cp /mnt/dev/YCSB-hreplace-dist/redis-binding/conf:/mnt/dev/YCSB-hreplace-dist/conf:/mnt/dev/YCSB-hreplace-dist/lib/htrace-core4-4.1.0-incubating.jar:/mnt/dev/YCSB-hreplace-dist/lib/slf4j-api-1.7.25.jar:/mnt/dev/YCSB-hreplace-dist/lib/jackson-mapper-asl-1.9.4.jar:/mnt/dev/YCSB-hreplace-dist/lib/HdrHistogram-2.1.12.jar:/mnt/dev/YCSB-hreplace-dist/lib/jackson-core-asl-1.9.4.jar:/mnt/dev/YCSB-hreplace-dist/lib/jedis-3.9.0.jar:/mnt/dev/YCSB-hreplace-dist/lib/core-0.18.0-SNAPSHOT.jar:/mnt/dev/YCSB-hreplace-dist/lib/commons-pool2-2.11.1.jar:/mnt/dev/YCSB-hreplace-dist/lib/redis-binding-0.18.0-SNAPSHOT.jar site.ycsb.Client -db site.ycsb.db.RedisClient -s -threads 256 -P /mnt/dev/YCSB-hreplace-dist/workloads/workloada -p recordcount=100000000 -p operationcount=2000000000 -p fieldcount=10 -p fieldlength=128 -p fieldlengthdistribution=constant -p readallfields=true -p writeallfields=true -p insertorder=hashed -p requestdistribution=uniform -p readproportion=0.95 -p updateproportion=0.05 -p insertproportion=0 -p scanproportion=0 -p readmodifywriteproportion=0 -p measurementtype=hdrhistogram -p measurement.interval=both -p hdrhistogram.percentiles=50,95,99,99.9,99.99 -p status.interval=10 -p maxexecutiontime=300 -p redis.host=172.16.0.4 -p redis.port=16379 -p redis.scanindex=none -p redis.timeout=10000 -p redis.cluster=false -p redis.updatecommand=keylane.hreplace -t
Command line: -db site.ycsb.db.RedisClient -s -threads 256 -P /mnt/dev/YCSB-hreplace-dist/workloads/workloada -p recordcount=100000000 -p operationcount=2000000000 -p fieldcount=10 -p fieldlength=128 -p fieldlengthdistribution=constant -p readallfields=true -p writeallfields=true -p insertorder=hashed -p requestdistribution=uniform -p readproportion=0.95 -p updateproportion=0.05 -p insertproportion=0 -p scanproportion=0 -p readmodifywriteproportion=0 -p measurementtype=hdrhistogram -p measurement.interval=both -p hdrhistogram.percentiles=50,95,99,99.9,99.99 -p status.interval=10 -p maxexecutiontime=300 -p redis.host=172.16.0.4 -p redis.port=16379 -p redis.scanindex=none -p redis.timeout=10000 -p redis.cluster=false -p redis.updatecommand=keylane.hreplace -t
YCSB Client 0.18.0-SNAPSHOT

Loading workload...
Starting test.
SLF4J: Failed to load class "org.slf4j.impl.StaticLoggerBinder".
SLF4J: Defaulting to no-operation (NOP) logger implementation
SLF4J: See http://www.slf4j.org/codes.html#StaticLoggerBinder for further details.
Maximum execution time specified as: 300 secs
2026-09-14 10:50:58:288 0 sec: 0 operations; est completion in 0 second 
DBWrapper: report latency for each error is false and specific error codes to track for latency are: []
2026-09-14 10:51:08:243 10 sec: 5158349 operations; 515834.9 current ops/sec; est completion in 1 hour 4 minutes [READ: Count=4900296, Max=83455, Min=186, Avg=493.54, 50=464, 90=601, 99=1201, 99.9=3451, 99.99=8727] [UPDATE: Count=258914, Max=79871, Min=163, Avg=387.15, 50=361, 90=481, 99=959, 99.9=2681, 99.99=10383] [Intended-READ: Count=4909809, Max=83455, Min=186, Avg=493.53, 50=464, 90=601, 99=1200, 99.9=3449, 99.99=8727] [Intended-UPDATE: Count=259244, Max=79871, Min=163, Avg=387.16, 50=361, 90=481, 99=958, 99.9=2675, 99.99=10383] 
2026-09-14 10:51:18:243 20 sec: 10490357 operations; 533200.8 current ops/sec; est completion in 1 hour 3 minutes [READ: Count=5065033, Max=9023, Min=177, Avg=483.94, 50=461, 90=591, 99=894, 99.9=3307, 99.99=4603] [UPDATE: Count=266546, Max=4515, Min=172, Avg=375.06, 50=359, 90=473, 99=678, 99.9=2129, 99.99=3445] [Intended-READ: Count=5061532, Max=9023, Min=177, Avg=483.98, 50=461, 90=591, 99=894, 99.9=3309, 99.99=4603] [Intended-UPDATE: Count=266472, Max=4515, Min=172, Avg=375.1, 50=359, 90=473, 99=678, 99.9=2129, 99.99=3445] 
2026-09-14 10:51:28:243 30 sec: 15839349 operations; 534899.2 current ops/sec; est completion in 1 hour 2 minutes [READ: Count=5081863, Max=7755, Min=187, Avg=482.4, 50=461, 90=589, 99=870, 99.9=3123, 99.99=4259] [UPDATE: Count=267016, Max=4771, Min=174, Avg=374.72, 50=359, 90=471, 99=660, 99.9=2095, 99.99=3513] [Intended-READ: Count=5077700, Max=7755, Min=187, Avg=482.45, 50=461, 90=589, 99=870, 99.9=3123, 99.99=4263] [Intended-UPDATE: Count=266852, Max=4771, Min=174, Avg=374.76, 50=359, 90=471, 99=661, 99.9=2095, 99.99=3513] 
2026-09-14 10:51:38:243 40 sec: 21165572 operations; 532622.3 current ops/sec; est completion in 1 hour 2 minutes [READ: Count=5059601, Max=9199, Min=194, Avg=484.43, 50=461, 90=594, 99=920, 99.9=3159, 99.99=4543] [UPDATE: Count=266635, Max=4391, Min=174, Avg=376.39, 50=359, 90=475, 99=702, 99.9=2095, 99.99=3353] [Intended-READ: Count=5059720, Max=9199, Min=194, Avg=484.46, 50=461, 90=594, 99=919, 99.9=3159, 99.99=4543] [Intended-UPDATE: Count=266767, Max=4391, Min=174, Avg=376.45, 50=359, 90=475, 99=702, 99.9=2095, 99.99=3353] 
2026-09-14 10:51:48:243 50 sec: 26494053 operations; 532848.1 current ops/sec; est completion in 1 hour 2 minutes [READ: Count=5062478, Max=8003, Min=191, Avg=484.2, 50=461, 90=594, 99=924, 99.9=3149, 99.99=4351] [UPDATE: Count=266054, Max=4767, Min=168, Avg=377.07, 50=360, 90=476, 99=708, 99.9=2149, 99.99=3641] [Intended-READ: Count=5063575, Max=8003, Min=191, Avg=484.24, 50=461, 90=594, 99=924, 99.9=3149, 99.99=4351] [Intended-UPDATE: Count=266059, Max=4767, Min=169, Avg=377.08, 50=360, 90=476, 99=707, 99.9=2149, 99.99=3641] 
2026-09-14 10:51:58:243 60 sec: 31828558 operations; 533450.5 current ops/sec; est completion in 1 hour 1 minute [READ: Count=5067494, Max=7511, Min=171, Avg=483.7, 50=461, 90=593, 99=899, 99.9=3111, 99.99=4259] [UPDATE: Count=267051, Max=4307, Min=169, Avg=376.43, 50=360, 90=474, 99=688, 99.9=2093, 99.99=3443] [Intended-READ: Count=5067249, Max=7511, Min=171, Avg=483.74, 50=461, 90=593, 99=899, 99.9=3111, 99.99=4259] [Intended-UPDATE: Count=266916, Max=4307, Min=169, Avg=376.48, 50=360, 90=474, 99=688, 99.9=2093, 99.99=3443] 
2026-09-14 10:52:08:243 70 sec: 37159019 operations; 533046.1 current ops/sec; est completion in 1 hour 1 minute [READ: Count=5064384, Max=9231, Min=211, Avg=484.04, 50=462, 90=594, 99=886, 99.9=3063, 99.99=4431] [UPDATE: Count=266527, Max=4651, Min=175, Avg=377.63, 50=361, 90=476, 99=696, 99.9=2155, 99.99=3585] [Intended-READ: Count=5063448, Max=9231, Min=211, Avg=484.07, 50=462, 90=594, 99=886, 99.9=3065, 99.99=4431] [Intended-UPDATE: Count=266530, Max=4651, Min=175, Avg=377.67, 50=361, 90=476, 99=696, 99.9=2155, 99.99=3585] 
2026-09-14 10:52:18:243 80 sec: 42483692 operations; 532467.3 current ops/sec; est completion in 1 hour 1 minute [READ: Count=5057667, Max=9399, Min=184, Avg=484.62, 50=461, 90=594, 99=909, 99.9=3255, 99.99=5115] [UPDATE: Count=266425, Max=5119, Min=169, Avg=377.32, 50=361, 90=476, 99=693, 99.9=2103, 99.99=3579] [Intended-READ: Count=5056746, Max=9399, Min=184, Avg=484.65, 50=461, 90=594, 99=909, 99.9=3257, 99.99=5115] [Intended-UPDATE: Count=266385, Max=5119, Min=169, Avg=377.34, 50=361, 90=476, 99=692, 99.9=2103, 99.99=3579] 
2026-09-14 10:52:28:243 90 sec: 47805167 operations; 532147.5 current ops/sec; est completion in 1 hour 1 minute [READ: Count=5055999, Max=9767, Min=200, Avg=484.77, 50=461, 90=597, 99=900, 99.9=3161, 99.99=4859] [UPDATE: Count=266098, Max=5307, Min=173, Avg=379.1, 50=361, 90=481, 99=706, 99.9=2121, 99.99=3425] [Intended-READ: Count=5056085, Max=9767, Min=200, Avg=484.8, 50=461, 90=597, 99=900, 99.9=3159, 99.99=4859] [Intended-UPDATE: Count=266167, Max=5307, Min=173, Avg=379.14, 50=361, 90=481, 99=707, 99.9=2121, 99.99=3425] 
2026-09-14 10:52:38:244 100 sec: 53144906 operations; 533973.9 current ops/sec; est completion in 1 hour 1 minute [READ: Count=5071359, Max=8823, Min=202, Avg=483.18, 50=461, 90=593, 99=894, 99.9=3091, 99.99=4219] [UPDATE: Count=267690, Max=4903, Min=174, Avg=377.2, 50=360, 90=475, 99=699, 99.9=2091, 99.99=3355] [Intended-READ: Count=5071828, Max=8823, Min=202, Avg=483.21, 50=461, 90=593, 99=894, 99.9=3091, 99.99=4219] [Intended-UPDATE: Count=267596, Max=4903, Min=174, Avg=377.23, 50=360, 90=475, 99=699, 99.9=2093, 99.99=3355] 
2026-09-14 10:52:48:243 110 sec: 58467083 operations; 532217.7 current ops/sec; est completion in 1 hour [READ: Count=5057095, Max=8415, Min=179, Avg=484.64, 50=461, 90=595, 99=926, 99.9=3043, 99.99=4219] [UPDATE: Count=265146, Max=4943, Min=168, Avg=379.16, 50=361, 90=478, 99=715, 99.9=2185, 99.99=3489] [Intended-READ: Count=5057658, Max=8415, Min=179, Avg=484.67, 50=462, 90=595, 99=926, 99.9=3043, 99.99=4219] [Intended-UPDATE: Count=265205, Max=4943, Min=168, Avg=379.19, 50=361, 90=478, 99=715, 99.9=2185, 99.99=3489] 
2026-09-14 10:52:58:243 120 sec: 63787232 operations; 532014.9 current ops/sec; est completion in 1 hour [READ: Count=5054691, Max=8791, Min=196, Avg=484.92, 50=461, 90=595, 99=918, 99.9=3159, 99.99=4835] [UPDATE: Count=265376, Max=4787, Min=170, Avg=378.4, 50=361, 90=477, 99=705, 99.9=2151, 99.99=3423] [Intended-READ: Count=5053462, Max=8791, Min=196, Avg=484.96, 50=461, 90=595, 99=918, 99.9=3159, 99.99=4835] [Intended-UPDATE: Count=265340, Max=4787, Min=170, Avg=378.45, 50=361, 90=477, 99=705, 99.9=2151, 99.99=3423] 
2026-09-14 10:53:08:243 130 sec: 69105409 operations; 531817.7 current ops/sec; est completion in 1 hour [READ: Count=5052200, Max=7527, Min=205, Avg=485.06, 50=462, 90=597, 99=907, 99.9=3123, 99.99=4339] [UPDATE: Count=266053, Max=4835, Min=169, Avg=379.34, 50=362, 90=480, 99=708, 99.9=2099, 99.99=3405] [Intended-READ: Count=5053774, Max=7527, Min=205, Avg=485.1, 50=462, 90=597, 99=907, 99.9=3121, 99.99=4339] [Intended-UPDATE: Count=266040, Max=4835, Min=169, Avg=379.39, 50=362, 90=480, 99=708, 99.9=2099, 99.99=3405] 
2026-09-14 10:53:18:243 140 sec: 74426087 operations; 532067.8 current ops/sec; est completion in 1 hour [READ: Count=5055256, Max=9031, Min=175, Avg=484.88, 50=462, 90=595, 99=904, 99.9=3185, 99.99=4955] [UPDATE: Count=265411, Max=4443, Min=168, Avg=377.89, 50=361, 90=477, 99=696, 99.9=2143, 99.99=3349] [Intended-READ: Count=5054391, Max=9031, Min=176, Avg=484.91, 50=462, 90=595, 99=904, 99.9=3185, 99.99=4955] [Intended-UPDATE: Count=265412, Max=4443, Min=168, Avg=377.92, 50=361, 90=477, 99=696, 99.9=2143, 99.99=3349] 
2026-09-14 10:53:28:243 150 sec: 79622016 operations; 519592.9 current ops/sec; est completion in 1 hour [READ: Count=4936373, Max=55071, Min=204, Avg=497.05, 50=462, 90=595, 99=922, 99.9=3425, 99.99=52575] [UPDATE: Count=259575, Max=4499, Min=169, Avg=378.31, 50=361, 90=478, 99=699, 99.9=2063, 99.99=3455] [Intended-READ: Count=4937022, Max=55071, Min=204, Avg=497.11, 50=462, 90=595, 99=922, 99.9=3431, 99.99=52575] [Intended-UPDATE: Count=259609, Max=4499, Min=169, Avg=378.34, 50=361, 90=478, 99=699, 99.9=2063, 99.99=3455] 
2026-09-14 10:53:38:243 160 sec: 84893697 operations; 527168.1 current ops/sec; est completion in 1 hour [READ: Count=5008736, Max=26959, Min=197, Avg=489.61, 50=461, 90=595, 99=921, 99.9=3309, 99.99=25135] [UPDATE: Count=262913, Max=4187, Min=160, Avg=377.88, 50=361, 90=476, 99=701, 99.9=2079, 99.99=3301] [Intended-READ: Count=5008183, Max=26959, Min=197, Avg=489.62, 50=461, 90=595, 99=920, 99.9=3303, 99.99=25135] [Intended-UPDATE: Count=262895, Max=4187, Min=160, Avg=377.92, 50=361, 90=476, 99=701, 99.9=2079, 99.99=3301] 
2026-09-14 10:53:48:243 170 sec: 90126708 operations; 523301.1 current ops/sec; est completion in 1 hour [READ: Count=4971201, Max=27167, Min=187, Avg=493.25, 50=464, 90=600, 99=958, 99.9=3411, 99.99=25311] [UPDATE: Count=261842, Max=202751, Min=175, Avg=380.86, 50=363, 90=480, 99=709, 99.9=2085, 99.99=3301] [Intended-READ: Count=4971590, Max=27167, Min=187, Avg=493.29, 50=464, 90=600, 99=958, 99.9=3411, 99.99=25311] [Intended-UPDATE: Count=262017, Max=202751, Min=175, Avg=380.9, 50=363, 90=480, 99=708, 99.9=2081, 99.99=3301] 
2026-09-14 10:53:58:243 180 sec: 95440170 operations; 531346.2 current ops/sec; est completion in 59 minutes [READ: Count=5047964, Max=9007, Min=192, Avg=485.55, 50=463, 90=594, 99=888, 99.9=3209, 99.99=6327] [UPDATE: Count=265455, Max=6771, Min=172, Avg=379, 50=363, 90=477, 99=677, 99.9=2115, 99.99=3983] [Intended-READ: Count=5048124, Max=9007, Min=192, Avg=485.59, 50=463, 90=594, 99=888, 99.9=3209, 99.99=6327] [Intended-UPDATE: Count=265274, Max=6771, Min=172, Avg=379.04, 50=363, 90=477, 99=677, 99.9=2115, 99.99=3983] 
2026-09-14 10:54:08:243 190 sec: 100719042 operations; 527887.2 current ops/sec; est completion in 59 minutes [READ: Count=5015517, Max=9623, Min=181, Avg=488.76, 50=465, 90=602, 99=958, 99.9=3023, 99.99=4395] [UPDATE: Count=263284, Max=5143, Min=166, Avg=380.93, 50=364, 90=481, 99=714, 99.9=2036, 99.99=3565] [Intended-READ: Count=5014235, Max=9623, Min=181, Avg=488.8, 50=465, 90=602, 99=958, 99.9=3023, 99.99=4395] [Intended-UPDATE: Count=263279, Max=5143, Min=166, Avg=380.97, 50=364, 90=481, 99=714, 99.9=2036, 99.99=3567] 
2026-09-14 10:54:18:243 200 sec: 105981095 operations; 526205.3 current ops/sec; est completion in 59 minutes [READ: Count=4998063, Max=53791, Min=196, Avg=490.54, 50=464, 90=598, 99=926, 99.9=3161, 99.99=18047] [UPDATE: Count=264063, Max=4343, Min=173, Avg=378.78, 50=362, 90=478, 99=690, 99.9=2149, 99.99=3395] [Intended-READ: Count=4998844, Max=53791, Min=196, Avg=490.57, 50=464, 90=598, 99=926, 99.9=3161, 99.99=18047] [Intended-UPDATE: Count=264062, Max=4343, Min=173, Avg=378.82, 50=362, 90=478, 99=690, 99.9=2149, 99.99=3395] 
2026-09-14 10:54:28:243 210 sec: 111234348 operations; 525325.3 current ops/sec; est completion in 59 minutes [READ: Count=4991073, Max=60095, Min=200, Avg=491.36, 50=462, 90=594, 99=915, 99.9=3369, 99.99=49407] [UPDATE: Count=262233, Max=5303, Min=169, Avg=378.5, 50=362, 90=476, 99=694, 99.9=2099, 99.99=3359] [Intended-READ: Count=4991460, Max=60095, Min=200, Avg=491.39, 50=462, 90=594, 99=915, 99.9=3369, 99.99=49407] [Intended-UPDATE: Count=262267, Max=5303, Min=169, Avg=378.53, 50=362, 90=476, 99=694, 99.9=2101, 99.99=3359] 
2026-09-14 10:54:38:243 220 sec: 116550076 operations; 531572.8 current ops/sec; est completion in 59 minutes [READ: Count=5050117, Max=9359, Min=213, Avg=485.28, 50=462, 90=597, 99=899, 99.9=3133, 99.99=4851] [UPDATE: Count=265462, Max=5331, Min=169, Avg=379.13, 50=362, 90=479, 99=704, 99.9=2131, 99.99=3527] [Intended-READ: Count=5048770, Max=9359, Min=213, Avg=485.32, 50=462, 90=597, 99=899, 99.9=3133, 99.99=4851] [Intended-UPDATE: Count=265415, Max=5331, Min=169, Avg=379.17, 50=362, 90=479, 99=704, 99.9=2131, 99.99=3527] 
2026-09-14 10:54:48:243 230 sec: 121865484 operations; 531540.8 current ops/sec; est completion in 59 minutes [READ: Count=5049579, Max=8783, Min=197, Avg=485.32, 50=462, 90=595, 99=921, 99.9=3087, 99.99=4499] [UPDATE: Count=265854, Max=5375, Min=168, Avg=379.88, 50=363, 90=478, 99=705, 99.9=2181, 99.99=3455] [Intended-READ: Count=5049512, Max=8783, Min=197, Avg=485.35, 50=462, 90=595, 99=921, 99.9=3089, 99.99=4499] [Intended-UPDATE: Count=265852, Max=5375, Min=168, Avg=379.91, 50=363, 90=478, 99=705, 99.9=2181, 99.99=3455] 
2026-09-14 10:54:58:243 240 sec: 127175202 operations; 530971.8 current ops/sec; est completion in 58 minutes [READ: Count=5043624, Max=9663, Min=183, Avg=486.03, 50=463, 90=595, 99=918, 99.9=3241, 99.99=5451] [UPDATE: Count=266140, Max=4863, Min=173, Avg=377.5, 50=362, 90=476, 99=685, 99.9=1996, 99.99=3155] [Intended-READ: Count=5044457, Max=9663, Min=183, Avg=486.06, 50=463, 90=595, 99=918, 99.9=3241, 99.99=5451] [Intended-UPDATE: Count=266145, Max=4863, Min=173, Avg=377.54, 50=362, 90=476, 99=685, 99.9=1996, 99.99=3155] 
2026-09-14 10:55:08:243 250 sec: 132489818 operations; 531461.6 current ops/sec; est completion in 58 minutes [READ: Count=5049119, Max=9239, Min=203, Avg=485.43, 50=462, 90=595, 99=905, 99.9=3227, 99.99=5239] [UPDATE: Count=265504, Max=4143, Min=171, Avg=378.76, 50=362, 90=478, 99=689, 99.9=2097, 99.99=3181] [Intended-READ: Count=5048921, Max=9239, Min=203, Avg=485.48, 50=462, 90=595, 99=905, 99.9=3229, 99.99=5239] [Intended-UPDATE: Count=265505, Max=4143, Min=171, Avg=378.8, 50=362, 90=478, 99=689, 99.9=2097, 99.99=3181] 
2026-09-14 10:55:18:243 260 sec: 137807044 operations; 531722.6 current ops/sec; est completion in 58 minutes [READ: Count=5051883, Max=9591, Min=203, Avg=485.18, 50=462, 90=594, 99=899, 99.9=3255, 99.99=5195] [UPDATE: Count=265416, Max=4619, Min=173, Avg=378.3, 50=362, 90=477, 99=687, 99.9=2111, 99.99=3273] [Intended-READ: Count=5052539, Max=9591, Min=203, Avg=485.22, 50=462, 90=594, 99=900, 99.9=3253, 99.99=5195] [Intended-UPDATE: Count=265496, Max=4619, Min=173, Avg=378.34, 50=362, 90=477, 99=687, 99.9=2111, 99.99=3273] 
2026-09-14 10:55:28:243 270 sec: 143123535 operations; 531649.1 current ops/sec; est completion in 58 minutes [READ: Count=5050031, Max=8131, Min=191, Avg=485.23, 50=463, 90=594, 99=895, 99.9=3087, 99.99=4247] [UPDATE: Count=266346, Max=4579, Min=175, Avg=379.42, 50=363, 90=477, 99=689, 99.9=2121, 99.99=3367] [Intended-READ: Count=5048833, Max=8131, Min=191, Avg=485.26, 50=463, 90=594, 99=894, 99.9=3087, 99.99=4251] [Intended-UPDATE: Count=266305, Max=4579, Min=176, Avg=379.46, 50=363, 90=477, 99=689, 99.9=2121, 99.99=3367] 
2026-09-14 10:55:38:243 280 sec: 148451211 operations; 532767.6 current ops/sec; est completion in 58 minutes [READ: Count=5061164, Max=8767, Min=200, Avg=484.26, 50=462, 90=593, 99=878, 99.9=3213, 99.99=5019] [UPDATE: Count=266573, Max=4503, Min=172, Avg=378.15, 50=362, 90=476, 99=684, 99.9=2087, 99.99=3495] [Intended-READ: Count=5062439, Max=8767, Min=200, Avg=484.29, 50=462, 90=593, 99=878, 99.9=3213, 99.99=5019] [Intended-UPDATE: Count=266545, Max=4503, Min=172, Avg=378.19, 50=362, 90=477, 99=684, 99.9=2087, 99.99=3495] 
2026-09-14 10:55:48:243 290 sec: 153776990 operations; 532577.9 current ops/sec; est completion in 58 minutes [READ: Count=5058891, Max=9071, Min=195, Avg=484.38, 50=462, 90=594, 99=888, 99.9=3109, 99.99=4783] [UPDATE: Count=266828, Max=4703, Min=168, Avg=378.69, 50=362, 90=478, 99=691, 99.9=2121, 99.99=3491] [Intended-READ: Count=5057801, Max=9071, Min=195, Avg=484.44, 50=462, 90=594, 99=889, 99.9=3109, 99.99=4783] [Intended-UPDATE: Count=266798, Max=4703, Min=168, Avg=378.73, 50=362, 90=478, 99=691, 99.9=2121, 99.99=3491] 
2026-09-14 10:55:58:243 300 sec: 159109961 operations; 533297.1 current ops/sec; est completion in 57 minutes [READ: Count=5066892, Max=8911, Min=199, Avg=483.75, 50=462, 90=593, 99=880, 99.9=3047, 99.99=4347] [UPDATE: Count=266154, Max=4831, Min=174, Avg=377.6, 50=362, 90=475, 99=676, 99.9=2069, 99.99=3329] [Intended-READ: Count=5068011, Max=8911, Min=199, Avg=483.76, 50=462, 90=593, 99=879, 99.9=3047, 99.99=4347] [Intended-UPDATE: Count=266182, Max=4831, Min=174, Avg=377.63, 50=362, 90=475, 99=676, 99.9=2067, 99.99=3329] 
Maximum time elapsed. Requesting stop for the workload.
Stop requested for workload. Now Joining!
2026-09-14 10:55:58:278 300 sec: 159127508 operations; 487416.67 current ops/sec; est completion in 57 minutes [READ: Count=16521, Max=2487, Min=247, Avg=478.67, 50=463, 90=603, 99=833, 99.9=1310, 99.99=2475] [CLEANUP: Count=256, Max=2933, Min=10, Avg=651.87, 50=17, 90=1941, 99=2911, 99.9=2933, 99.99=2933] [UPDATE: Count=760, Max=1401, Min=197, Avg=372.54, 50=362, 90=473, 99=651, 99.9=1401, 99.99=1401] [Intended-READ: Count=14446, Max=2487, Min=247, Avg=479.45, 50=463, 90=605, 99=841, 99.9=1311, 99.99=2475] [Intended-CLEANUP: Count=256, Max=2933, Min=10, Avg=652.06, 50=17, 90=1941, 99=2911, 99.9=2933, 99.99=2933] [Intended-UPDATE: Count=713, Max=900, Min=197, Avg=372.54, 50=363, 90=478, 99=643, 99.9=900, 99.99=900] 
[OVERALL], RunTime(ms), 300036
[OVERALL], Throughput(ops/sec), 530361.3833006705
[TOTAL_GCS_G1_Young_Generation], Count, 2400
[TOTAL_GC_TIME_G1_Young_Generation], Time(ms), 2047
[TOTAL_GC_TIME_%_G1_Young_Generation], Time(%), 0.6822514631577544
[TOTAL_GCS_G1_Old_Generation], Count, 0
[TOTAL_GC_TIME_G1_Old_Generation], Time(ms), 0
[TOTAL_GC_TIME_%_G1_Old_Generation], Time(%), 0.0
[TOTAL_GCs], Count, 2400
[TOTAL_GC_TIME], Time(ms), 2047
[TOTAL_GC_TIME_%], Time(%), 0.6822514631577544
[READ], Operations, 151172164
[READ], AverageLatency(us), 486.2809921540847
[READ], MinLatency(us), 171
[READ], MaxLatency(us), 83455
[READ], 50thPercentileLatency(us), 462
[READ], 95thPercentileLatency(us), 649
[READ], 99thPercentileLatency(us), 916
[READ], 99.9PercentileLatency(us), 3189
[READ], 99.99PercentileLatency(us), 5151
[READ], Return=OK, 151172164
[CLEANUP], Operations, 256
[CLEANUP], AverageLatency(us), 651.8671875
[CLEANUP], MinLatency(us), 10
[CLEANUP], MaxLatency(us), 2933
[CLEANUP], 50thPercentileLatency(us), 17
[CLEANUP], 95thPercentileLatency(us), 2503
[CLEANUP], 99thPercentileLatency(us), 2911
[CLEANUP], 99.9PercentileLatency(us), 2933
[CLEANUP], 99.99PercentileLatency(us), 2933
[UPDATE], Operations, 7955344
[UPDATE], AverageLatency(us), 378.47380352125566
[UPDATE], MinLatency(us), 160
[UPDATE], MaxLatency(us), 202751
[UPDATE], 50thPercentileLatency(us), 361
[UPDATE], 95thPercentileLatency(us), 524
[UPDATE], 99thPercentileLatency(us), 700
[UPDATE], 99.9PercentileLatency(us), 2125
[UPDATE], 99.99PercentileLatency(us), 3497
[UPDATE], Return=OK, 7955344
[Intended-READ], Operations, 151172164
[Intended-READ], AverageLatency(us), 486.31733153598304
[Intended-READ], MinLatency(us), 171
[Intended-READ], MaxLatency(us), 83455
[Intended-READ], 50thPercentileLatency(us), 462
[Intended-READ], 95thPercentileLatency(us), 649
[Intended-READ], 99thPercentileLatency(us), 916
[Intended-READ], 99.9PercentileLatency(us), 3189
[Intended-READ], 99.99PercentileLatency(us), 5151
[Intended-CLEANUP], Operations, 256
[Intended-CLEANUP], AverageLatency(us), 652.05859375
[Intended-CLEANUP], MinLatency(us), 10
[Intended-CLEANUP], MaxLatency(us), 2933
[Intended-CLEANUP], 50thPercentileLatency(us), 17
[Intended-CLEANUP], 95thPercentileLatency(us), 2503
[Intended-CLEANUP], 99thPercentileLatency(us), 2911
[Intended-CLEANUP], 99.9PercentileLatency(us), 2933
[Intended-CLEANUP], 99.99PercentileLatency(us), 2933
[Intended-UPDATE], Operations, 7955344
[Intended-UPDATE], AverageLatency(us), 378.51015367782963
[Intended-UPDATE], MinLatency(us), 160
[Intended-UPDATE], MaxLatency(us), 202751
[Intended-UPDATE], 50thPercentileLatency(us), 361
[Intended-UPDATE], 95thPercentileLatency(us), 524
[Intended-UPDATE], 99thPercentileLatency(us), 700
[Intended-UPDATE], 99.9PercentileLatency(us), 2125
[Intended-UPDATE], 99.99PercentileLatency(us), 3497
