java -cp /mnt/dev/YCSB-hreplace-dist/redis-binding/conf:/mnt/dev/YCSB-hreplace-dist/conf:/mnt/dev/YCSB-hreplace-dist/lib/htrace-core4-4.1.0-incubating.jar:/mnt/dev/YCSB-hreplace-dist/lib/slf4j-api-1.7.25.jar:/mnt/dev/YCSB-hreplace-dist/lib/jackson-mapper-asl-1.9.4.jar:/mnt/dev/YCSB-hreplace-dist/lib/HdrHistogram-2.1.12.jar:/mnt/dev/YCSB-hreplace-dist/lib/jackson-core-asl-1.9.4.jar:/mnt/dev/YCSB-hreplace-dist/lib/jedis-3.9.0.jar:/mnt/dev/YCSB-hreplace-dist/lib/core-0.18.0-SNAPSHOT.jar:/mnt/dev/YCSB-hreplace-dist/lib/commons-pool2-2.11.1.jar:/mnt/dev/YCSB-hreplace-dist/lib/redis-binding-0.18.0-SNAPSHOT.jar site.ycsb.Client -db site.ycsb.db.RedisClient -s -threads 256 -P /mnt/dev/YCSB-hreplace-dist/workloads/workloada -target 100000 -p recordcount=100000000 -p operationcount=2000000000 -p fieldcount=10 -p fieldlength=128 -p fieldlengthdistribution=constant -p readallfields=true -p writeallfields=true -p insertorder=hashed -p requestdistribution=uniform -p readproportion=0.5 -p updateproportion=0.5 -p insertproportion=0 -p scanproportion=0 -p readmodifywriteproportion=0 -p measurementtype=hdrhistogram -p measurement.interval=both -p hdrhistogram.percentiles=50,95,99,99.9,99.99 -p status.interval=10 -p maxexecutiontime=300 -p redis.host=172.16.0.4 -p redis.port=16379 -p redis.scanindex=none -p redis.timeout=10000 -p redis.cluster=false -p redis.updatecommand=keylane.hreplace -t
Command line: -db site.ycsb.db.RedisClient -s -threads 256 -P /mnt/dev/YCSB-hreplace-dist/workloads/workloada -target 100000 -p recordcount=100000000 -p operationcount=2000000000 -p fieldcount=10 -p fieldlength=128 -p fieldlengthdistribution=constant -p readallfields=true -p writeallfields=true -p insertorder=hashed -p requestdistribution=uniform -p readproportion=0.5 -p updateproportion=0.5 -p insertproportion=0 -p scanproportion=0 -p readmodifywriteproportion=0 -p measurementtype=hdrhistogram -p measurement.interval=both -p hdrhistogram.percentiles=50,95,99,99.9,99.99 -p status.interval=10 -p maxexecutiontime=300 -p redis.host=172.16.0.4 -p redis.port=16379 -p redis.scanindex=none -p redis.timeout=10000 -p redis.cluster=false -p redis.updatecommand=keylane.hreplace -t
YCSB Client 0.18.0-SNAPSHOT

Loading workload...
Starting test.
SLF4J: Failed to load class "org.slf4j.impl.StaticLoggerBinder".
SLF4J: Defaulting to no-operation (NOP) logger implementation
SLF4J: See http://www.slf4j.org/codes.html#StaticLoggerBinder for further details.
Maximum execution time specified as: 300 secs
2026-09-14 10:35:37:734 0 sec: 0 operations; est completion in 0 second 
DBWrapper: report latency for each error is false and specific error codes to track for latency are: []
2026-09-14 10:35:47:693 10 sec: 992805 operations; 99270.57 current ops/sec; est completion in 5 hours 35 minutes [READ: Count=496148, Max=26351, Min=170, Avg=328.18, 50=295, 90=356, 99=989, 99.9=5083, 99.99=10519] [UPDATE: Count=496904, Max=23647, Min=151, Avg=245.97, 50=217, 90=276, 99=958, 99.9=3093, 99.99=8759] [Intended-READ: Count=496461, Max=94847, Min=229, Avg=611.31, 50=354, 90=419, 99=3605, 99.9=53439, 99.99=77439] [Intended-UPDATE: Count=497106, Max=96959, Min=169, Avg=525.16, 50=276, 90=337, 99=2749, 99.9=52735, 99.99=78719] 
2026-09-14 10:35:57:693 20 sec: 1992798 operations; 99999.3 current ops/sec; est completion in 5 hours 34 minutes [READ: Count=500705, Max=11583, Min=169, Avg=320.84, 50=295, 90=355, 99=832, 99.9=3755, 99.99=6583] [UPDATE: Count=499156, Max=5891, Min=151, Avg=234.05, 50=217, 90=274, 99=450, 99.9=2467, 99.99=3931] [Intended-READ: Count=500537, Max=11639, Min=218, Avg=382.23, 50=354, 90=415, 99=1038, 99.9=4119, 99.99=7047] [Intended-UPDATE: Count=499114, Max=9919, Min=165, Avg=295.53, 50=276, 90=334, 99=677, 99.9=2795, 99.99=4727] 
2026-09-14 10:36:07:693 30 sec: 2992789 operations; 99999.1 current ops/sec; est completion in 5 hours 33 minutes [READ: Count=500774, Max=11639, Min=167, Avg=324.42, 50=295, 90=354, 99=860, 99.9=4739, 99.99=7979] [UPDATE: Count=499204, Max=5075, Min=148, Avg=233.09, 50=217, 90=271, 99=439, 99.9=2513, 99.99=3937] [Intended-READ: Count=500720, Max=15079, Min=200, Avg=388.83, 50=354, 90=414, 99=1103, 99.9=5507, 99.99=8879] [Intended-UPDATE: Count=499154, Max=10583, Min=177, Avg=297.55, 50=276, 90=331, 99=709, 99.9=3357, 99.99=6915] 
2026-09-14 10:36:17:693 40 sec: 3992802 operations; 100001.3 current ops/sec; est completion in 5 hours 33 minutes [READ: Count=499903, Max=11671, Min=168, Avg=323.4, 50=295, 90=356, 99=775, 99.9=4751, 99.99=7995] [UPDATE: Count=500108, Max=5635, Min=150, Avg=234.2, 50=217, 90=274, 99=452, 99.9=2453, 99.99=4123] [Intended-READ: Count=499911, Max=11711, Min=218, Avg=387.27, 50=354, 90=416, 99=1070, 99.9=5703, 99.99=8759] [Intended-UPDATE: Count=500094, Max=10847, Min=167, Avg=298.29, 50=276, 90=334, 99=736, 99.9=3375, 99.99=6643] 
2026-09-14 10:36:27:693 50 sec: 4992804 operations; 100000.2 current ops/sec; est completion in 5 hours 33 minutes [READ: Count=500002, Max=12807, Min=167, Avg=322.95, 50=295, 90=354, 99=840, 99.9=4531, 99.99=7895] [UPDATE: Count=499985, Max=5859, Min=149, Avg=233.84, 50=217, 90=272, 99=448, 99.9=2595, 99.99=4175] [Intended-READ: Count=500011, Max=16111, Min=217, Avg=386.37, 50=354, 90=414, 99=1101, 99.9=5151, 99.99=9007] [Intended-UPDATE: Count=499976, Max=13855, Min=169, Avg=298.08, 50=276, 90=331, 99=756, 99.9=3285, 99.99=6947] 
2026-09-14 10:36:37:693 60 sec: 5992794 operations; 99999 current ops/sec; est completion in 5 hours 32 minutes [READ: Count=499578, Max=12183, Min=162, Avg=325.02, 50=295, 90=354, 99=857, 99.9=5119, 99.99=8623] [UPDATE: Count=500436, Max=6579, Min=150, Avg=233.86, 50=217, 90=272, 99=454, 99.9=2475, 99.99=3967] [Intended-READ: Count=499566, Max=13991, Min=212, Avg=389.74, 50=354, 90=414, 99=1114, 99.9=5867, 99.99=9407] [Intended-UPDATE: Count=500428, Max=11679, Min=170, Avg=298.96, 50=276, 90=332, 99=762, 99.9=3479, 99.99=7143] 
2026-09-14 10:36:47:693 70 sec: 6992789 operations; 99999.5 current ops/sec; est completion in 5 hours 32 minutes [READ: Count=499906, Max=10687, Min=170, Avg=320.14, 50=295, 90=353, 99=740, 99.9=4009, 99.99=6943] [UPDATE: Count=500068, Max=6791, Min=150, Avg=232.98, 50=217, 90=271, 99=446, 99.9=2349, 99.99=3669] [Intended-READ: Count=499883, Max=10743, Min=199, Avg=382, 50=354, 90=413, 99=1013, 99.9=4491, 99.99=7327] [Intended-UPDATE: Count=500061, Max=7295, Min=171, Avg=295.24, 50=276, 90=331, 99=673, 99.9=2863, 99.99=5239] 
2026-09-14 10:36:57:693 80 sec: 7992799 operations; 100001 current ops/sec; est completion in 5 hours 32 minutes [READ: Count=500070, Max=12895, Min=164, Avg=324.16, 50=295, 90=355, 99=805, 99.9=4879, 99.99=8319] [UPDATE: Count=499943, Max=6603, Min=151, Avg=233.98, 50=217, 90=274, 99=449, 99.9=2393, 99.99=4139] [Intended-READ: Count=500066, Max=12959, Min=225, Avg=388.43, 50=354, 90=415, 99=1073, 99.9=5599, 99.99=8751] [Intended-UPDATE: Count=499946, Max=11479, Min=174, Avg=298.35, 50=276, 90=334, 99=712, 99.9=3469, 99.99=6667] 
2026-09-14 10:37:07:693 90 sec: 8992803 operations; 100000.4 current ops/sec; est completion in 5 hours 32 minutes [READ: Count=500092, Max=10263, Min=176, Avg=324.32, 50=295, 90=355, 99=819, 99.9=5211, 99.99=8415] [UPDATE: Count=499886, Max=6171, Min=153, Avg=233.72, 50=217, 90=273, 99=453, 99.9=2379, 99.99=3929] [Intended-READ: Count=500090, Max=10327, Min=191, Avg=388.18, 50=354, 90=415, 99=1061, 99.9=5767, 99.99=8607] [Intended-UPDATE: Count=499886, Max=9663, Min=171, Avg=298.1, 50=276, 90=333, 99=745, 99.9=3287, 99.99=6263] 
2026-09-14 10:37:17:693 100 sec: 9992795 operations; 99999.2 current ops/sec; est completion in 5 hours 31 minutes [READ: Count=499425, Max=11535, Min=162, Avg=322.38, 50=295, 90=355, 99=820, 99.9=4335, 99.99=7967] [UPDATE: Count=500567, Max=6779, Min=148, Avg=234.31, 50=217, 90=273, 99=460, 99.9=2489, 99.99=4179] [Intended-READ: Count=499422, Max=13663, Min=222, Avg=385.21, 50=354, 90=415, 99=1052, 99.9=4995, 99.99=8367] [Intended-UPDATE: Count=500558, Max=10823, Min=171, Avg=297.48, 50=276, 90=333, 99=724, 99.9=3241, 99.99=6463] 
2026-09-14 10:37:27:693 110 sec: 10992786 operations; 99999.1 current ops/sec; est completion in 5 hours 31 minutes [READ: Count=500735, Max=11239, Min=169, Avg=322.16, 50=295, 90=356, 99=784, 99.9=4335, 99.99=7559] [UPDATE: Count=499263, Max=5439, Min=149, Avg=233.91, 50=217, 90=274, 99=440, 99.9=2445, 99.99=3931] [Intended-READ: Count=500730, Max=13743, Min=202, Avg=385.06, 50=354, 90=416, 99=1036, 99.9=4903, 99.99=8207] [Intended-UPDATE: Count=499320, Max=10303, Min=171, Avg=296.96, 50=276, 90=334, 99=697, 99.9=3027, 99.99=5911] 
2026-09-14 10:37:37:693 120 sec: 11992801 operations; 100001.5 current ops/sec; est completion in 5 hours 31 minutes [READ: Count=500665, Max=11311, Min=168, Avg=321.75, 50=295, 90=356, 99=755, 99.9=4235, 99.99=7563] [UPDATE: Count=499329, Max=5067, Min=148, Avg=233.94, 50=217, 90=275, 99=443, 99.9=2445, 99.99=3753] [Intended-READ: Count=500672, Max=13879, Min=220, Avg=383.97, 50=354, 90=416, 99=1007, 99.9=4795, 99.99=8015] [Intended-UPDATE: Count=499262, Max=9063, Min=169, Avg=296.58, 50=276, 90=335, 99=682, 99.9=3021, 99.99=5567] 
2026-09-14 10:37:47:693 130 sec: 12992801 operations; 100000 current ops/sec; est completion in 5 hours 31 minutes [READ: Count=500373, Max=10543, Min=178, Avg=323.93, 50=296, 90=355, 99=832, 99.9=4719, 99.99=7963] [UPDATE: Count=499641, Max=6499, Min=152, Avg=233.96, 50=217, 90=273, 99=451, 99.9=2435, 99.99=4007] [Intended-READ: Count=500382, Max=13679, Min=213, Avg=387.57, 50=354, 90=415, 99=1082, 99.9=5387, 99.99=8783] [Intended-UPDATE: Count=499650, Max=9967, Min=170, Avg=297.81, 50=276, 90=333, 99=710, 99.9=3215, 99.99=6355] 
2026-09-14 10:37:57:693 140 sec: 13992792 operations; 99999.1 current ops/sec; est completion in 5 hours 31 minutes [READ: Count=500336, Max=11727, Min=173, Avg=322.38, 50=295, 90=353, 99=770, 99.9=4795, 99.99=8091] [UPDATE: Count=499651, Max=6487, Min=150, Avg=232.56, 50=217, 90=271, 99=438, 99.9=2295, 99.99=3589] [Intended-READ: Count=500327, Max=11783, Min=213, Avg=385.66, 50=354, 90=413, 99=1026, 99.9=5451, 99.99=8367] [Intended-UPDATE: Count=499643, Max=11183, Min=173, Avg=295.98, 50=276, 90=331, 99=682, 99.9=3059, 99.99=5819] 
2026-09-14 10:38:07:693 150 sec: 14992787 operations; 99999.5 current ops/sec; est completion in 5 hours 31 minutes [READ: Count=499925, Max=10519, Min=177, Avg=321.05, 50=295, 90=354, 99=795, 99.9=4111, 99.99=7651] [UPDATE: Count=500089, Max=5479, Min=148, Avg=233.41, 50=217, 90=271, 99=452, 99.9=2439, 99.99=3783] [Intended-READ: Count=499918, Max=11239, Min=212, Avg=383.41, 50=354, 90=413, 99=1036, 99.9=4679, 99.99=7943] [Intended-UPDATE: Count=500076, Max=9119, Min=169, Avg=295.85, 50=276, 90=331, 99=706, 99.9=2923, 99.99=5411] 
2026-09-14 10:38:17:693 160 sec: 15992798 operations; 100001.1 current ops/sec; est completion in 5 hours 30 minutes [READ: Count=500276, Max=10335, Min=160, Avg=317.4, 50=295, 90=351, 99=702, 99.9=3625, 99.99=6619] [UPDATE: Count=499766, Max=5723, Min=147, Avg=232.17, 50=216, 90=268, 99=440, 99.9=2357, 99.99=3681] [Intended-READ: Count=500325, Max=10399, Min=223, Avg=378.39, 50=353, 90=411, 99=956, 99.9=3963, 99.99=6959] [Intended-UPDATE: Count=499781, Max=8019, Min=172, Avg=293.36, 50=275, 90=328, 99=648, 99.9=2673, 99.99=4703] 
2026-09-14 10:38:27:693 170 sec: 16992797 operations; 99999.9 current ops/sec; est completion in 5 hours 30 minutes [READ: Count=499755, Max=11575, Min=170, Avg=325.56, 50=295, 90=354, 99=897, 99.9=5111, 99.99=8431] [UPDATE: Count=500179, Max=6879, Min=152, Avg=233.63, 50=217, 90=272, 99=459, 99.9=2379, 99.99=3723] [Intended-READ: Count=499715, Max=12095, Min=204, Avg=390.13, 50=354, 90=414, 99=1143, 99.9=5755, 99.99=8911] [Intended-UPDATE: Count=500194, Max=9095, Min=166, Avg=298.25, 50=276, 90=332, 99=774, 99.9=3289, 99.99=6467] 
2026-09-14 10:38:37:693 180 sec: 17992797 operations; 100000 current ops/sec; est completion in 5 hours 30 minutes [READ: Count=499700, Max=11263, Min=168, Avg=324.13, 50=296, 90=357, 99=842, 99.9=4863, 99.99=7871] [UPDATE: Count=500322, Max=5879, Min=151, Avg=234.09, 50=217, 90=275, 99=460, 99.9=2343, 99.99=3881] [Intended-READ: Count=499697, Max=11319, Min=228, Avg=387.48, 50=354, 90=417, 99=1064, 99.9=5447, 99.99=8059] [Intended-UPDATE: Count=500297, Max=9687, Min=171, Avg=297.83, 50=276, 90=335, 99=736, 99.9=3223, 99.99=6063] 
2026-09-14 10:38:47:693 190 sec: 18992794 operations; 99999.7 current ops/sec; est completion in 5 hours 30 minutes [READ: Count=499884, Max=12007, Min=175, Avg=326.93, 50=296, 90=357, 99=878, 99.9=5339, 99.99=8711] [UPDATE: Count=500115, Max=5271, Min=150, Avg=234.37, 50=217, 90=275, 99=444, 99.9=2503, 99.99=4069] [Intended-READ: Count=499882, Max=14743, Min=204, Avg=392.41, 50=354, 90=417, 99=1132, 99.9=6203, 99.99=9327] [Intended-UPDATE: Count=500112, Max=10431, Min=172, Avg=300.14, 50=276, 90=335, 99=740, 99.9=3679, 99.99=7323] 
2026-09-14 10:38:57:693 200 sec: 19992802 operations; 100000.8 current ops/sec; est completion in 5 hours 30 minutes [READ: Count=500101, Max=11087, Min=172, Avg=324.61, 50=295, 90=355, 99=851, 99.9=5067, 99.99=8295] [UPDATE: Count=499892, Max=5743, Min=152, Avg=233.9, 50=217, 90=273, 99=454, 99.9=2531, 99.99=4033] [Intended-READ: Count=500086, Max=11151, Min=228, Avg=388.87, 50=354, 90=415, 99=1096, 99.9=5679, 99.99=8663] [Intended-UPDATE: Count=499909, Max=9359, Min=175, Avg=298.13, 50=276, 90=333, 99=746, 99.9=3341, 99.99=6435] 
2026-09-14 10:39:07:693 210 sec: 20992799 operations; 99999.7 current ops/sec; est completion in 5 hours 29 minutes [READ: Count=499899, Max=9679, Min=171, Avg=318.16, 50=295, 90=354, 99=710, 99.9=3529, 99.99=6667] [UPDATE: Count=500092, Max=6139, Min=151, Avg=233.54, 50=217, 90=272, 99=449, 99.9=2433, 99.99=3749] [Intended-READ: Count=499913, Max=9743, Min=217, Avg=379.04, 50=354, 90=414, 99=959, 99.9=3883, 99.99=6787] [Intended-UPDATE: Count=500097, Max=8051, Min=168, Avg=294.65, 50=276, 90=332, 99=661, 99.9=2747, 99.99=4475] 
2026-09-14 10:39:17:693 220 sec: 21992796 operations; 99999.7 current ops/sec; est completion in 5 hours 29 minutes [READ: Count=499573, Max=11127, Min=163, Avg=320.45, 50=295, 90=356, 99=751, 99.9=3859, 99.99=6731] [UPDATE: Count=500426, Max=6075, Min=152, Avg=234.09, 50=217, 90=275, 99=456, 99.9=2403, 99.99=3705] [Intended-READ: Count=499575, Max=11183, Min=228, Avg=381.95, 50=354, 90=416, 99=997, 99.9=4267, 99.99=7103] [Intended-UPDATE: Count=500411, Max=9471, Min=173, Avg=295.47, 50=276, 90=335, 99=676, 99.9=2715, 99.99=4475] 
2026-09-14 10:39:27:693 230 sec: 22992795 operations; 99999.9 current ops/sec; est completion in 5 hours 29 minutes [READ: Count=500221, Max=10695, Min=172, Avg=320.44, 50=295, 90=353, 99=710, 99.9=4179, 99.99=7183] [UPDATE: Count=499794, Max=6023, Min=152, Avg=233.21, 50=217, 90=272, 99=440, 99.9=2449, 99.99=3807] [Intended-READ: Count=500207, Max=10759, Min=229, Avg=382.63, 50=354, 90=413, 99=978, 99.9=4683, 99.99=7823] [Intended-UPDATE: Count=499790, Max=9111, Min=171, Avg=295.62, 50=276, 90=332, 99=654, 99.9=2951, 99.99=5635] 
2026-09-14 10:39:37:693 240 sec: 23992797 operations; 100000.2 current ops/sec; est completion in 5 hours 29 minutes [READ: Count=498998, Max=9719, Min=174, Avg=320.63, 50=295, 90=352, 99=771, 99.9=4227, 99.99=7059] [UPDATE: Count=500996, Max=5867, Min=149, Avg=232.91, 50=216, 90=269, 99=442, 99.9=2489, 99.99=3833] [Intended-READ: Count=498992, Max=10487, Min=202, Avg=382.72, 50=353, 90=412, 99=1027, 99.9=4699, 99.99=7339] [Intended-UPDATE: Count=501010, Max=9799, Min=172, Avg=295.27, 50=275, 90=329, 99=701, 99.9=2943, 99.99=5103] 
2026-09-14 10:39:47:693 250 sec: 24992798 operations; 100000.1 current ops/sec; est completion in 5 hours 29 minutes [READ: Count=500260, Max=10791, Min=178, Avg=329.2, 50=296, 90=356, 99=941, 99.9=5555, 99.99=8495] [UPDATE: Count=499784, Max=7463, Min=152, Avg=233.9, 50=217, 90=273, 99=445, 99.9=2495, 99.99=4037] [Intended-READ: Count=500337, Max=12199, Min=228, Avg=395.39, 50=354, 90=416, 99=1250, 99.9=6271, 99.99=9079] [Intended-UPDATE: Count=499775, Max=9919, Min=174, Avg=300.37, 50=276, 90=333, 99=785, 99.9=3703, 99.99=6727] 
2026-09-14 10:39:57:693 260 sec: 25992788 operations; 99999 current ops/sec; est completion in 5 hours 29 minutes [READ: Count=498908, Max=11279, Min=159, Avg=320.36, 50=295, 90=355, 99=735, 99.9=3941, 99.99=7671] [UPDATE: Count=501060, Max=5591, Min=145, Avg=233.59, 50=217, 90=273, 99=446, 99.9=2437, 99.99=3799] [Intended-READ: Count=498855, Max=11335, Min=218, Avg=382.49, 50=354, 90=415, 99=985, 99.9=4695, 99.99=7879] [Intended-UPDATE: Count=501074, Max=9807, Min=171, Avg=295.51, 50=276, 90=333, 99=664, 99.9=2881, 99.99=5079] 
2026-09-14 10:40:07:693 270 sec: 26992784 operations; 99999.6 current ops/sec; est completion in 5 hours 28 minutes [READ: Count=499355, Max=10583, Min=176, Avg=321.58, 50=296, 90=356, 99=762, 99.9=4135, 99.99=7595] [UPDATE: Count=500622, Max=5971, Min=150, Avg=234.58, 50=217, 90=274, 99=456, 99.9=2583, 99.99=4147] [Intended-READ: Count=499354, Max=11263, Min=205, Avg=384.17, 50=354, 90=416, 99=1033, 99.9=4723, 99.99=7951] [Intended-UPDATE: Count=500601, Max=9095, Min=174, Avg=297.32, 50=276, 90=334, 99=706, 99.9=3141, 99.99=5695] 
2026-09-14 10:40:17:693 280 sec: 27992801 operations; 100001.7 current ops/sec; est completion in 5 hours 28 minutes [READ: Count=500315, Max=12567, Min=172, Avg=323.32, 50=295, 90=354, 99=829, 99.9=4515, 99.99=7283] [UPDATE: Count=499698, Max=6403, Min=153, Avg=233.35, 50=217, 90=272, 99=448, 99.9=2447, 99.99=4031] [Intended-READ: Count=500291, Max=12775, Min=232, Avg=386.5, 50=354, 90=414, 99=1055, 99.9=5111, 99.99=8079] [Intended-UPDATE: Count=499708, Max=9535, Min=176, Avg=296.51, 50=276, 90=332, 99=715, 99.9=3037, 99.99=5715] 
2026-09-14 10:40:27:693 290 sec: 28992800 operations; 99999.9 current ops/sec; est completion in 5 hours 28 minutes [READ: Count=499829, Max=256127, Min=172, Avg=328.11, 50=295, 90=356, 99=920, 99.9=5167, 99.99=8207] [UPDATE: Count=500179, Max=207999, Min=153, Avg=235, 50=217, 90=273, 99=456, 99.9=2491, 99.99=4075] [Intended-READ: Count=499880, Max=256255, Min=199, Avg=425.85, 50=354, 90=416, 99=1241, 99.9=6243, 99.99=162175] [Intended-UPDATE: Count=500207, Max=249471, Min=172, Avg=332.02, 50=276, 90=334, 99=808, 99.9=3917, 99.99=138111] 
2026-09-14 10:40:37:693 300 sec: 29992786 operations; 99998.6 current ops/sec; est completion in 5 hours 28 minutes [READ: Count=500249, Max=9695, Min=171, Avg=317.97, 50=295, 90=352, 99=741, 99.9=3531, 99.99=6403] [UPDATE: Count=499723, Max=6267, Min=148, Avg=233.17, 50=217, 90=269, 99=452, 99.9=2443, 99.99=4045] [Intended-READ: Count=500219, Max=11423, Min=211, Avg=379.3, 50=354, 90=412, 99=997, 99.9=3959, 99.99=7043] [Intended-UPDATE: Count=499686, Max=8687, Min=169, Avg=294.57, 50=276, 90=329, 99=689, 99.9=2765, 99.99=4991] 
Maximum time elapsed. Requesting stop for the workload.
Stop requested for workload. Now Joining!
2026-09-14 10:40:37:730 300 sec: 29996264 operations; 94000 current ops/sec; est completion in 5 hours 28 minutes [READ: Count=1753, Max=2087, Min=227, Avg=298.75, 50=293, 90=333, 99=398, 99.9=1098, 99.99=2087] [CLEANUP: Count=256, Max=1666, Min=9, Avg=261.7, 50=14, 90=1152, 99=1619, 99.9=1666, 99.99=1666] [UPDATE: Count=1673, Max=938, Min=165, Avg=219.32, 50=215, 90=250, 99=324, 99.9=887, 99.99=938] [Intended-READ: Count=1689, Max=2123, Min=260, Avg=358.03, 50=352, 90=393, 99=460, 99.9=2113, 99.99=2123] [Intended-CLEANUP: Count=256, Max=1666, Min=9, Avg=261.94, 50=14, 90=1152, 99=1620, 99.9=1666, 99.99=1666] [Intended-UPDATE: Count=1625, Max=1969, Min=189, Avg=278.33, 50=274, 90=310, 99=384, 99.9=996, 99.99=1969] 
[OVERALL], RunTime(ms), 300045
[OVERALL], Throughput(ops/sec), 99972.55078404906
[TOTAL_GCS_G1_Young_Generation], Count, 803
[TOTAL_GC_TIME_G1_Young_Generation], Time(ms), 542
[TOTAL_GC_TIME_%_G1_Young_Generation], Time(%), 0.18063957073105702
[TOTAL_GCS_G1_Old_Generation], Count, 0
[TOTAL_GC_TIME_G1_Old_Generation], Time(ms), 0
[TOTAL_GC_TIME_%_G1_Old_Generation], Time(%), 0.0
[TOTAL_GCs], Count, 803
[TOTAL_GC_TIME], Time(ms), 542
[TOTAL_GC_TIME_%], Time(%), 0.18063957073105702
[READ], Operations, 14997713
[READ], AverageLatency(us), 322.8602529599013
[READ], MinLatency(us), 159
[READ], MaxLatency(us), 256127
[READ], 50thPercentileLatency(us), 295
[READ], 95thPercentileLatency(us), 390
[READ], 99thPercentileLatency(us), 815
[READ], 99.9PercentileLatency(us), 4515
[READ], 99.99PercentileLatency(us), 7939
[READ], Return=OK, 14997713
[CLEANUP], Operations, 256
[CLEANUP], AverageLatency(us), 261.69921875
[CLEANUP], MinLatency(us), 9
[CLEANUP], MaxLatency(us), 1666
[CLEANUP], 50thPercentileLatency(us), 14
[CLEANUP], 95thPercentileLatency(us), 1375
[CLEANUP], 99thPercentileLatency(us), 1619
[CLEANUP], 99.9PercentileLatency(us), 1666
[CLEANUP], 99.99PercentileLatency(us), 1666
[UPDATE], Operations, 14998551
[UPDATE], AverageLatency(us), 234.10513088897721
[UPDATE], MinLatency(us), 145
[UPDATE], MaxLatency(us), 207999
[UPDATE], 50thPercentileLatency(us), 217
[UPDATE], 95thPercentileLatency(us), 307
[UPDATE], 99thPercentileLatency(us), 458
[UPDATE], 99.9PercentileLatency(us), 2471
[UPDATE], 99.99PercentileLatency(us), 3999
[UPDATE], Return=OK, 14998551
[Intended-READ], Operations, 14997713
[Intended-READ], AverageLatency(us), 394.36489750137235
[Intended-READ], MinLatency(us), 191
[Intended-READ], MaxLatency(us), 256255
[Intended-READ], 50thPercentileLatency(us), 354
[Intended-READ], 95thPercentileLatency(us), 453
[Intended-READ], 99thPercentileLatency(us), 1078
[Intended-READ], 99.9PercentileLatency(us), 5675
[Intended-READ], 99.99PercentileLatency(us), 33983
[Intended-CLEANUP], Operations, 256
[Intended-CLEANUP], AverageLatency(us), 261.94140625
[Intended-CLEANUP], MinLatency(us), 9
[Intended-CLEANUP], MaxLatency(us), 1666
[Intended-CLEANUP], 50thPercentileLatency(us), 14
[Intended-CLEANUP], 95thPercentileLatency(us), 1375
[Intended-CLEANUP], 99thPercentileLatency(us), 1620
[Intended-CLEANUP], 99.9PercentileLatency(us), 1666
[Intended-CLEANUP], 99.99PercentileLatency(us), 1666
[Intended-UPDATE], Operations, 14998551
[Intended-UPDATE], AverageLatency(us), 305.65252743415016
[Intended-UPDATE], MinLatency(us), 165
[Intended-UPDATE], MaxLatency(us), 249471
[Intended-UPDATE], 50thPercentileLatency(us), 276
[Intended-UPDATE], 95thPercentileLatency(us), 370
[Intended-UPDATE], 99thPercentileLatency(us), 747
[Intended-UPDATE], 99.9PercentileLatency(us), 3497
[Intended-UPDATE], 99.99PercentileLatency(us), 33503
