java -cp /mnt/dev/YCSB-aerospike-dist/aerospike-binding/conf:/mnt/dev/YCSB-aerospike-dist/conf:/mnt/dev/YCSB-aerospike-dist/lib/aerospike-client-3.1.2.jar:/mnt/dev/YCSB-aerospike-dist/lib/htrace-core4-4.1.0-incubating.jar:/mnt/dev/YCSB-aerospike-dist/lib/jbcrypt-0.3m.jar:/mnt/dev/YCSB-aerospike-dist/lib/jackson-mapper-asl-1.9.4.jar:/mnt/dev/YCSB-aerospike-dist/lib/aerospike-binding-0.18.0-SNAPSHOT.jar:/mnt/dev/YCSB-aerospike-dist/lib/HdrHistogram-2.1.12.jar:/mnt/dev/YCSB-aerospike-dist/lib/jackson-core-asl-1.9.4.jar:/mnt/dev/YCSB-aerospike-dist/lib/core-0.18.0-SNAPSHOT.jar:/mnt/dev/YCSB-aerospike-dist/lib/luaj-jse-3.0.jar:/mnt/dev/YCSB-aerospike-dist/lib/gnu-crypto-2.0.1.jar site.ycsb.Client -db site.ycsb.db.AerospikeClient -s -threads 256 -P /mnt/dev/YCSB-aerospike-dist/workloads/workloada -target 100000 -p recordcount=100000000 -p operationcount=2000000000 -p fieldcount=10 -p fieldlength=128 -p fieldlengthdistribution=constant -p readallfields=true -p writeallfields=true -p insertorder=hashed -p requestdistribution=uniform -p readproportion=0.5 -p updateproportion=0.5 -p insertproportion=0 -p scanproportion=0 -p readmodifywriteproportion=0 -p measurementtype=hdrhistogram -p measurement.interval=both -p hdrhistogram.percentiles=50,95,99,99.9,99.99 -p status.interval=10 -p maxexecutiontime=300 -p as.host=172.16.0.4 -p as.port=3000 -p as.namespace=ycsb -p as.timeout=10000 -t
Command line: -db site.ycsb.db.AerospikeClient -s -threads 256 -P /mnt/dev/YCSB-aerospike-dist/workloads/workloada -target 100000 -p recordcount=100000000 -p operationcount=2000000000 -p fieldcount=10 -p fieldlength=128 -p fieldlengthdistribution=constant -p readallfields=true -p writeallfields=true -p insertorder=hashed -p requestdistribution=uniform -p readproportion=0.5 -p updateproportion=0.5 -p insertproportion=0 -p scanproportion=0 -p readmodifywriteproportion=0 -p measurementtype=hdrhistogram -p measurement.interval=both -p hdrhistogram.percentiles=50,95,99,99.9,99.99 -p status.interval=10 -p maxexecutiontime=300 -p as.host=172.16.0.4 -p as.port=3000 -p as.namespace=ycsb -p as.timeout=10000 -t
YCSB Client 0.18.0-SNAPSHOT

Loading workload...
Starting test.
Maximum execution time specified as: 300 secs
2026-09-16 03:16:25:267 0 sec: 0 operations; est completion in 0 second 
DBWrapper: report latency for each error is false and specific error codes to track for latency are: []
2026-09-16 03:16:35:173 10 sec: 972082 operations; 97198.48 current ops/sec; est completion in 5 hours 42 minutes [READ: Count=485496, Max=259327, Min=163, Avg=296.14, 50=285, 90=345, 99=447, 99.9=903, 99.99=3579] [UPDATE: Count=486849, Max=207871, Min=148, Avg=221.9, 50=211, 90=270, 99=369, 99.9=711, 99.99=2907] [Intended-READ: Count=485762, Max=259327, Min=184, Avg=681.61, 50=343, 90=407, 99=1841, 99.9=101823, 99.99=177279] [Intended-UPDATE: Count=487046, Max=257279, Min=162, Avg=601.91, 50=269, 90=331, 99=1659, 99.9=99711, 99.99=179455] 
2026-09-16 03:16:45:172 20 sec: 1972043 operations; 100006.1 current ops/sec; est completion in 5 hours 37 minutes [READ: Count=499121, Max=5091, Min=162, Avg=294.19, 50=286, 90=344, 99=433, 99.9=575, 99.99=1678] [UPDATE: Count=500692, Max=5915, Min=147, Avg=219.82, 50=212, 90=268, 99=357, 99.9=483, 99.99=1413] [Intended-READ: Count=498952, Max=5155, Min=189, Avg=352.89, 50=344, 90=402, 99=500, 99.9=1430, 99.99=2985] [Intended-UPDATE: Count=500563, Max=5983, Min=171, Avg=278.84, 50=270, 90=326, 99=425, 99.9=1317, 99.99=2821] 
2026-09-16 03:16:55:172 30 sec: 2972068 operations; 100002.5 current ops/sec; est completion in 5 hours 35 minutes [READ: Count=499536, Max=2131, Min=162, Avg=296.04, 50=286, 90=348, 99=469, 99.9=787, 99.99=1423] [UPDATE: Count=500447, Max=2089, Min=149, Avg=221.11, 50=212, 90=271, 99=374, 99.9=558, 99.99=1383] [Intended-READ: Count=499487, Max=2189, Min=189, Avg=354.18, 50=344, 90=406, 99=541, 99.9=1253, 99.99=1613] [Intended-UPDATE: Count=500426, Max=2119, Min=168, Avg=279.45, 50=270, 90=330, 99=441, 99.9=1151, 99.99=1548] 
2026-09-16 03:17:05:172 40 sec: 3972066 operations; 99999.8 current ops/sec; est completion in 5 hours 35 minutes [READ: Count=499865, Max=1944, Min=154, Avg=293.98, 50=286, 90=344, 99=435, 99.9=574, 99.99=1388] [UPDATE: Count=500109, Max=1847, Min=148, Avg=220.03, 50=212, 90=269, 99=358, 99.9=491, 99.99=1285] [Intended-READ: Count=499853, Max=2007, Min=183, Avg=352.12, 50=344, 90=403, 99=500, 99.9=1281, 99.99=1630] [Intended-UPDATE: Count=500127, Max=2123, Min=165, Avg=278.47, 50=270, 90=328, 99=424, 99.9=1178, 99.99=1527] 
2026-09-16 03:17:15:172 50 sec: 4972050 operations; 99998.4 current ops/sec; est completion in 5 hours 34 minutes [READ: Count=499710, Max=1970, Min=158, Avg=293.21, 50=286, 90=342, 99=425, 99.9=534, 99.99=1404] [UPDATE: Count=500338, Max=2079, Min=147, Avg=219.09, 50=211, 90=267, 99=349, 99.9=443, 99.99=1317] [Intended-READ: Count=499789, Max=2029, Min=172, Avg=351.18, 50=344, 90=401, 99=489, 99.9=1241, 99.99=1666] [Intended-UPDATE: Count=500307, Max=2105, Min=168, Avg=277.23, 50=269, 90=326, 99=413, 99.9=1073, 99.99=1559] 
2026-09-16 03:17:25:172 60 sec: 5972037 operations; 99998.7 current ops/sec; est completion in 5 hours 33 minutes [READ: Count=500136, Max=1997, Min=161, Avg=293.97, 50=286, 90=343, 99=425, 99.9=548, 99.99=1414] [UPDATE: Count=499825, Max=1981, Min=149, Avg=219.94, 50=212, 90=268, 99=349, 99.9=453, 99.99=1299] [Intended-READ: Count=500087, Max=2173, Min=185, Avg=352.13, 50=344, 90=403, 99=490, 99.9=1252, 99.99=1524] [Intended-UPDATE: Count=499830, Max=2043, Min=168, Avg=278.29, 50=270, 90=327, 99=414, 99.9=1083, 99.99=1450] 
2026-09-16 03:17:35:172 70 sec: 6972061 operations; 100002.4 current ops/sec; est completion in 5 hours 33 minutes [READ: Count=500502, Max=2044, Min=153, Avg=294.4, 50=287, 90=344, 99=429, 99.9=550, 99.99=1408] [UPDATE: Count=499511, Max=1985, Min=149, Avg=220.18, 50=212, 90=269, 99=353, 99.9=448, 99.99=1324] [Intended-READ: Count=500472, Max=2107, Min=172, Avg=352.61, 50=345, 90=403, 99=494, 99.9=1259, 99.99=1496] [Intended-UPDATE: Count=499516, Max=2030, Min=169, Avg=278.73, 50=271, 90=328, 99=419, 99.9=1157, 99.99=1455] 
2026-09-16 03:17:45:172 80 sec: 7972064 operations; 100000.3 current ops/sec; est completion in 5 hours 33 minutes [READ: Count=500779, Max=2021, Min=162, Avg=294.07, 50=286, 90=344, 99=429, 99.9=538, 99.99=1365] [UPDATE: Count=499186, Max=1821, Min=148, Avg=220.01, 50=212, 90=268, 99=354, 99.9=462, 99.99=1298] [Intended-READ: Count=500787, Max=2081, Min=179, Avg=352.29, 50=344, 90=403, 99=494, 99.9=1207, 99.99=1514] [Intended-UPDATE: Count=499197, Max=2745, Min=170, Avg=278.56, 50=270, 90=327, 99=420, 99.9=1123, 99.99=1427] 
2026-09-16 03:17:55:172 90 sec: 8972052 operations; 99998.8 current ops/sec; est completion in 5 hours 32 minutes [READ: Count=500204, Max=1933, Min=155, Avg=293.44, 50=286, 90=343, 99=428, 99.9=535, 99.99=1364] [UPDATE: Count=499805, Max=2027, Min=147, Avg=219.5, 50=211, 90=268, 99=352, 99.9=454, 99.99=1296] [Intended-READ: Count=500217, Max=1992, Min=186, Avg=351.44, 50=344, 90=402, 99=492, 99.9=1165, 99.99=1489] [Intended-UPDATE: Count=499798, Max=2061, Min=169, Avg=277.71, 50=270, 90=327, 99=417, 99.9=1046, 99.99=1404] 
2026-09-16 03:18:05:172 100 sec: 9972042 operations; 99999 current ops/sec; est completion in 5 hours 32 minutes [READ: Count=499251, Max=1990, Min=162, Avg=294.4, 50=286, 90=345, 99=430, 99.9=565, 99.99=1496] [UPDATE: Count=500753, Max=2077, Min=147, Avg=220.29, 50=212, 90=270, 99=354, 99.9=474, 99.99=1336] [Intended-READ: Count=499240, Max=2055, Min=180, Avg=352.58, 50=344, 90=404, 99=496, 99.9=1248, 99.99=1657] [Intended-UPDATE: Count=500734, Max=2141, Min=168, Avg=278.73, 50=270, 90=329, 99=420, 99.9=1117, 99.99=1521] 
2026-09-16 03:18:15:172 110 sec: 10972065 operations; 100002.3 current ops/sec; est completion in 5 hours 32 minutes [READ: Count=500089, Max=2042, Min=159, Avg=293.56, 50=285, 90=344, 99=430, 99.9=544, 99.99=1400] [UPDATE: Count=499908, Max=2099, Min=147, Avg=219.61, 50=211, 90=269, 99=354, 99.9=456, 99.99=1224] [Intended-READ: Count=500079, Max=2105, Min=183, Avg=351.52, 50=343, 90=403, 99=495, 99.9=1190, 99.99=1591] [Intended-UPDATE: Count=499898, Max=2169, Min=167, Avg=277.8, 50=270, 90=328, 99=420, 99.9=987, 99.99=1464] 
2026-09-16 03:18:25:172 120 sec: 11972062 operations; 99999.7 current ops/sec; est completion in 5 hours 32 minutes [READ: Count=499783, Max=1970, Min=159, Avg=292.67, 50=285, 90=342, 99=426, 99.9=546, 99.99=1425] [UPDATE: Count=500210, Max=2115, Min=147, Avg=218.48, 50=211, 90=266, 99=349, 99.9=444, 99.99=1317] [Intended-READ: Count=499767, Max=2032, Min=183, Avg=350.74, 50=343, 90=400, 99=491, 99.9=1267, 99.99=1543] [Intended-UPDATE: Count=500209, Max=2173, Min=167, Avg=276.81, 50=269, 90=325, 99=415, 99.9=1130, 99.99=1499] 
2026-09-16 03:18:35:172 130 sec: 12972050 operations; 99998.8 current ops/sec; est completion in 5 hours 31 minutes [READ: Count=499783, Max=2321, Min=160, Avg=293.47, 50=286, 90=343, 99=428, 99.9=544, 99.99=1350] [UPDATE: Count=500197, Max=2063, Min=145, Avg=219.47, 50=211, 90=268, 99=352, 99.9=458, 99.99=1276] [Intended-READ: Count=499787, Max=2395, Min=197, Avg=351.48, 50=344, 90=402, 99=493, 99.9=1170, 99.99=1520] [Intended-UPDATE: Count=500224, Max=2127, Min=170, Avg=277.76, 50=270, 90=327, 99=418, 99.9=1011, 99.99=1395] 
2026-09-16 03:18:45:172 140 sec: 13972040 operations; 99999 current ops/sec; est completion in 5 hours 31 minutes [READ: Count=500524, Max=2091, Min=159, Avg=292.96, 50=285, 90=342, 99=424, 99.9=543, 99.99=1351] [UPDATE: Count=499490, Max=1784, Min=148, Avg=218.77, 50=211, 90=266, 99=348, 99.9=448, 99.99=1246] [Intended-READ: Count=500550, Max=2187, Min=180, Avg=350.89, 50=343, 90=401, 99=489, 99.9=1179, 99.99=1465] [Intended-UPDATE: Count=499471, Max=2016, Min=162, Avg=276.86, 50=269, 90=325, 99=412, 99.9=956, 99.99=1352] 
2026-09-16 03:18:55:172 150 sec: 14972063 operations; 100002.3 current ops/sec; est completion in 5 hours 31 minutes [READ: Count=500891, Max=1932, Min=160, Avg=293.48, 50=285, 90=344, 99=429, 99.9=536, 99.99=1402] [UPDATE: Count=499132, Max=1942, Min=149, Avg=219.72, 50=211, 90=270, 99=354, 99.9=456, 99.99=1320] [Intended-READ: Count=500869, Max=1991, Min=182, Avg=351.37, 50=343, 90=403, 99=493, 99.9=1256, 99.99=1561] [Intended-UPDATE: Count=499128, Max=1976, Min=163, Avg=277.76, 50=269, 90=328, 99=418, 99.9=1078, 99.99=1459] 
2026-09-16 03:19:05:172 160 sec: 15972065 operations; 100000.2 current ops/sec; est completion in 5 hours 31 minutes [READ: Count=498921, Max=1770, Min=160, Avg=293.51, 50=285, 90=344, 99=429, 99.9=549, 99.99=1344] [UPDATE: Count=501064, Max=1842, Min=148, Avg=219.73, 50=211, 90=270, 99=355, 99.9=467, 99.99=1275] [Intended-READ: Count=498902, Max=2195, Min=182, Avg=351.29, 50=343, 90=403, 99=493, 99.9=1109, 99.99=1524] [Intended-UPDATE: Count=501060, Max=2039, Min=169, Avg=277.75, 50=269, 90=328, 99=419, 99.9=984, 99.99=1441] 
2026-09-16 03:19:15:172 170 sec: 16972051 operations; 99998.6 current ops/sec; est completion in 5 hours 31 minutes [READ: Count=500669, Max=3897, Min=161, Avg=292.83, 50=285, 90=342, 99=425, 99.9=546, 99.99=1349] [UPDATE: Count=499313, Max=4263, Min=145, Avg=218.94, 50=211, 90=267, 99=351, 99.9=463, 99.99=1288] [Intended-READ: Count=500688, Max=4447, Min=185, Avg=350.68, 50=343, 90=401, 99=489, 99.9=1171, 99.99=1481] [Intended-UPDATE: Count=499333, Max=4303, Min=163, Avg=277.09, 50=269, 90=326, 99=415, 99.9=1076, 99.99=1437] 
2026-09-16 03:19:25:172 180 sec: 17972039 operations; 99998.8 current ops/sec; est completion in 5 hours 30 minutes [READ: Count=499882, Max=2030, Min=161, Avg=296.18, 50=286, 90=348, 99=480, 99.9=809, 99.99=1410] [UPDATE: Count=500118, Max=2044, Min=149, Avg=221.11, 50=212, 90=272, 99=372, 99.9=579, 99.99=1277] [Intended-READ: Count=499905, Max=2089, Min=182, Avg=354.33, 50=344, 90=407, 99=557, 99.9=1277, 99.99=1550] [Intended-UPDATE: Count=500106, Max=2099, Min=170, Avg=279.38, 50=270, 90=331, 99=439, 99.9=1156, 99.99=1465] 
2026-09-16 03:19:35:172 190 sec: 18972062 operations; 100002.3 current ops/sec; est completion in 5 hours 30 minutes [READ: Count=499791, Max=4013, Min=159, Avg=294.18, 50=286, 90=345, 99=432, 99.9=584, 99.99=1494] [UPDATE: Count=500237, Max=4043, Min=143, Avg=220.11, 50=212, 90=270, 99=357, 99.9=483, 99.99=1392] [Intended-READ: Count=499764, Max=4033, Min=190, Avg=352.21, 50=344, 90=404, 99=497, 99.9=1284, 99.99=1593] [Intended-UPDATE: Count=500229, Max=4103, Min=168, Avg=278.34, 50=270, 90=328, 99=423, 99.9=1150, 99.99=1513] 
2026-09-16 03:19:45:172 200 sec: 19972058 operations; 99999.6 current ops/sec; est completion in 5 hours 30 minutes [READ: Count=500139, Max=1949, Min=159, Avg=293.87, 50=286, 90=344, 99=429, 99.9=552, 99.99=1403] [UPDATE: Count=499835, Max=1879, Min=147, Avg=219.97, 50=212, 90=269, 99=354, 99.9=468, 99.99=1321] [Intended-READ: Count=500129, Max=2000, Min=186, Avg=352.04, 50=344, 90=403, 99=495, 99.9=1241, 99.99=1510] [Intended-UPDATE: Count=499842, Max=1928, Min=168, Avg=278.46, 50=270, 90=328, 99=421, 99.9=1160, 99.99=1445] 
2026-09-16 03:19:55:172 210 sec: 20972049 operations; 99999.1 current ops/sec; est completion in 5 hours 30 minutes [READ: Count=500400, Max=1854, Min=162, Avg=293.01, 50=285, 90=342, 99=429, 99.9=547, 99.99=1334] [UPDATE: Count=499593, Max=1813, Min=149, Avg=219.21, 50=211, 90=267, 99=355, 99.9=464, 99.99=1280] [Intended-READ: Count=500408, Max=1924, Min=185, Avg=350.84, 50=343, 90=401, 99=493, 99.9=1147, 99.99=1463] [Intended-UPDATE: Count=499590, Max=1964, Min=167, Avg=277.25, 50=269, 90=326, 99=419, 99.9=994, 99.99=1392] 
2026-09-16 03:20:05:172 220 sec: 21972038 operations; 99998.9 current ops/sec; est completion in 5 hours 30 minutes [READ: Count=499702, Max=2449, Min=162, Avg=294, 50=286, 90=344, 99=429, 99.9=554, 99.99=1421] [UPDATE: Count=500296, Max=2435, Min=150, Avg=220.2, 50=212, 90=269, 99=354, 99.9=464, 99.99=1311] [Intended-READ: Count=499712, Max=2511, Min=186, Avg=352.25, 50=344, 90=403, 99=494, 99.9=1258, 99.99=1545] [Intended-UPDATE: Count=500302, Max=2711, Min=167, Avg=278.71, 50=270, 90=328, 99=420, 99.9=1133, 99.99=1435] 
2026-09-16 03:20:15:172 230 sec: 22972065 operations; 100002.7 current ops/sec; est completion in 5 hours 29 minutes [READ: Count=500120, Max=1921, Min=160, Avg=294.05, 50=286, 90=345, 99=429, 99.9=539, 99.99=1361] [UPDATE: Count=499898, Max=1822, Min=148, Avg=220.38, 50=212, 90=270, 99=353, 99.9=450, 99.99=1267] [Intended-READ: Count=500104, Max=1988, Min=183, Avg=352.22, 50=344, 90=404, 99=493, 99.9=1178, 99.99=1507] [Intended-UPDATE: Count=499890, Max=1949, Min=165, Avg=278.79, 50=271, 90=329, 99=418, 99.9=1039, 99.99=1387] 
2026-09-16 03:20:25:172 240 sec: 23972062 operations; 99999.7 current ops/sec; est completion in 5 hours 29 minutes [READ: Count=500654, Max=2065, Min=159, Avg=294.61, 50=286, 90=346, 99=432, 99.9=569, 99.99=1494] [UPDATE: Count=499342, Max=2103, Min=148, Avg=220.83, 50=212, 90=271, 99=357, 99.9=483, 99.99=1393] [Intended-READ: Count=500649, Max=2127, Min=182, Avg=353.52, 50=345, 90=405, 99=501, 99.9=1297, 99.99=1621] [Intended-UPDATE: Count=499335, Max=2163, Min=167, Avg=280, 50=271, 90=331, 99=427, 99.9=1207, 99.99=1539] 
2026-09-16 03:20:35:172 250 sec: 24972049 operations; 99998.7 current ops/sec; est completion in 5 hours 29 minutes [READ: Count=501131, Max=539135, Min=158, Avg=445.92, 50=288, 90=374, 99=765, 99.9=1422, 99.99=532479] [UPDATE: Count=498878, Max=539135, Min=146, Avg=333.3, 50=214, 90=295, 99=602, 99.9=1180, 99.99=531455] [Intended-READ: Count=501217, Max=539135, Min=190, Avg=18256.28, 50=346, 90=441, 99=457215, 99.9=526335, 99.99=535551] [Intended-UPDATE: Count=498956, Max=539135, Min=165, Avg=18241.82, 50=272, 90=367, 99=454655, 99.9=525823, 99.99=535551] 
2026-09-16 03:20:45:173 260 sec: 25972037 operations; 99998.8 current ops/sec; est completion in 5 hours 29 minutes [READ: Count=499718, Max=2051, Min=159, Avg=294.05, 50=286, 90=344, 99=428, 99.9=545, 99.99=1393] [UPDATE: Count=500284, Max=1809, Min=147, Avg=220.34, 50=212, 90=269, 99=354, 99.9=464, 99.99=1282] [Intended-READ: Count=499657, Max=2117, Min=180, Avg=352.42, 50=345, 90=404, 99=494, 99.9=1108, 99.99=1523] [Intended-UPDATE: Count=500214, Max=1870, Min=167, Avg=279.01, 50=271, 90=329, 99=421, 99.9=1044, 99.99=1428] 
2026-09-16 03:20:55:172 270 sec: 26972061 operations; 100002.4 current ops/sec; est completion in 5 hours 29 minutes [READ: Count=500492, Max=2034, Min=159, Avg=294.17, 50=286, 90=344, 99=428, 99.9=560, 99.99=1394] [UPDATE: Count=499503, Max=1846, Min=149, Avg=220.29, 50=212, 90=269, 99=353, 99.9=466, 99.99=1301] [Intended-READ: Count=500488, Max=2179, Min=185, Avg=352.64, 50=345, 90=404, 99=494, 99.9=1254, 99.99=1610] [Intended-UPDATE: Count=499504, Max=2069, Min=161, Avg=278.98, 50=271, 90=329, 99=419, 99.9=1148, 99.99=1488] 
2026-09-16 03:21:05:172 280 sec: 27972062 operations; 100000.1 current ops/sec; est completion in 5 hours 29 minutes [READ: Count=500309, Max=2079, Min=158, Avg=293.95, 50=286, 90=345, 99=430, 99.9=548, 99.99=1383] [UPDATE: Count=499684, Max=2273, Min=145, Avg=220.24, 50=212, 90=269, 99=355, 99.9=466, 99.99=1310] [Intended-READ: Count=500291, Max=2139, Min=187, Avg=352.62, 50=344, 90=404, 99=497, 99.9=1290, 99.99=1555] [Intended-UPDATE: Count=499677, Max=2333, Min=167, Avg=279.07, 50=271, 90=329, 99=422, 99.9=1150, 99.99=1453] 
2026-09-16 03:21:15:172 290 sec: 28972051 operations; 99998.9 current ops/sec; est completion in 5 hours 28 minutes [READ: Count=500504, Max=2475, Min=157, Avg=293.63, 50=286, 90=344, 99=430, 99.9=569, 99.99=1495] [UPDATE: Count=499545, Max=1989, Min=148, Avg=219.94, 50=212, 90=268, 99=356, 99.9=474, 99.99=1401] [Intended-READ: Count=500585, Max=2533, Min=183, Avg=352.18, 50=344, 90=403, 99=496, 99.9=1334, 99.99=1673] [Intended-UPDATE: Count=499543, Max=2361, Min=166, Avg=278.64, 50=270, 90=328, 99=423, 99.9=1240, 99.99=1559] 
2026-09-16 03:21:25:172 300 sec: 29972041 operations; 99999 current ops/sec; est completion in 5 hours 28 minutes [READ: Count=499710, Max=2197, Min=162, Avg=292.84, 50=285, 90=341, 99=426, 99.9=548, 99.99=1440] [UPDATE: Count=500228, Max=1940, Min=147, Avg=219.07, 50=211, 90=266, 99=351, 99.9=461, 99.99=1327] [Intended-READ: Count=499652, Max=2257, Min=182, Avg=350.94, 50=343, 90=400, 99=491, 99.9=1227, 99.99=1578] [Intended-UPDATE: Count=500242, Max=2010, Min=167, Avg=277.58, 50=269, 90=325, 99=417, 99.9=1144, 99.99=1480] 
Maximum time elapsed. Requesting stop for the workload.
Stop requested for workload. Now Joining!
2026-09-16 03:21:25:204 300 sec: 29974595 operations; 82387.1 current ops/sec; est completion in 5 hours 28 minutes [READ: Count=1350, Max=553, Min=208, Avg=293.96, 50=286, 90=346, 99=433, 99.9=517, 99.99=553] [CLEANUP: Count=256, Max=2163, Min=28, Avg=216.64, 50=44, 90=942, 99=1427, 99.9=2163, 99.99=2163] [UPDATE: Count=1163, Max=440, Min=157, Avg=219.68, 50=212, 90=272, 99=359, 99.9=424, 99.99=440] [Intended-READ: Count=1313, Max=612, Min=251, Avg=351.32, 50=343, 90=406, 99=497, 99.9=579, 99.99=612] [Intended-CLEANUP: Count=256, Max=2163, Min=28, Avg=216.79, 50=44, 90=942, 99=1427, 99.9=2163, 99.99=2163] [Intended-UPDATE: Count=1136, Max=502, Min=191, Avg=276.56, 50=268, 90=334, 99=417, 99.9=459, 99.99=502] 
[OVERALL], RunTime(ms), 300031
[OVERALL], Throughput(ops/sec), 99904.99315070776
[TOTAL_GCS_G1_Young_Generation], Count, 388
[TOTAL_GC_TIME_G1_Young_Generation], Time(ms), 398
[TOTAL_GC_TIME_%_G1_Young_Generation], Time(%), 0.1326529591942166
[TOTAL_GCS_G1_Old_Generation], Count, 0
[TOTAL_GC_TIME_G1_Old_Generation], Time(ms), 0
[TOTAL_GC_TIME_%_G1_Old_Generation], Time(%), 0.0
[TOTAL_GCs], Count, 388
[TOTAL_GC_TIME], Time(ms), 398
[TOTAL_GC_TIME_%], Time(%), 0.1326529591942166
[READ], Operations, 14989162
[READ], AverageLatency(us), 299.03833082863474
[READ], MinLatency(us), 153
[READ], MaxLatency(us), 539135
[READ], 50thPercentileLatency(us), 286
[READ], 95thPercentileLatency(us), 372
[READ], 99thPercentileLatency(us), 439
[READ], 99.9PercentileLatency(us), 726
[READ], 99.99PercentileLatency(us), 1516
[READ], Return=OK, 14989162
[CLEANUP], Operations, 256
[CLEANUP], AverageLatency(us), 216.640625
[CLEANUP], MinLatency(us), 28
[CLEANUP], MaxLatency(us), 2163
[CLEANUP], 50thPercentileLatency(us), 44
[CLEANUP], 95thPercentileLatency(us), 1137
[CLEANUP], 99thPercentileLatency(us), 1427
[CLEANUP], 99.9PercentileLatency(us), 2163
[CLEANUP], 99.99PercentileLatency(us), 2163
[UPDATE], Operations, 14985433
[UPDATE], AverageLatency(us), 223.71249953204554
[UPDATE], MinLatency(us), 143
[UPDATE], MaxLatency(us), 539135
[UPDATE], 50thPercentileLatency(us), 212
[UPDATE], 95thPercentileLatency(us), 297
[UPDATE], 99thPercentileLatency(us), 361
[UPDATE], 99.9PercentileLatency(us), 551
[UPDATE], 99.99PercentileLatency(us), 1366
[UPDATE], Return=OK, 14985433
[Intended-READ], Operations, 14989162
[Intended-READ], AverageLatency(us), 961.4295318844376
[Intended-READ], MinLatency(us), 172
[Intended-READ], MaxLatency(us), 539135
[Intended-READ], 50thPercentileLatency(us), 344
[Intended-READ], 95thPercentileLatency(us), 432
[Intended-READ], 99thPercentileLatency(us), 512
[Intended-READ], 99.9PercentileLatency(us), 296959
[Intended-READ], 99.99PercentileLatency(us), 510463
[Intended-CLEANUP], Operations, 256
[Intended-CLEANUP], AverageLatency(us), 216.7890625
[Intended-CLEANUP], MinLatency(us), 28
[Intended-CLEANUP], MaxLatency(us), 2163
[Intended-CLEANUP], 50thPercentileLatency(us), 44
[Intended-CLEANUP], 95thPercentileLatency(us), 1138
[Intended-CLEANUP], 99thPercentileLatency(us), 1427
[Intended-CLEANUP], 99.9PercentileLatency(us), 2163
[Intended-CLEANUP], 99.99PercentileLatency(us), 2163
[Intended-UPDATE], Operations, 14985433
[Intended-UPDATE], AverageLatency(us), 886.9203848831062
[Intended-UPDATE], MinLatency(us), 161
[Intended-UPDATE], MaxLatency(us), 539135
[Intended-UPDATE], 50thPercentileLatency(us), 270
[Intended-UPDATE], 95thPercentileLatency(us), 357
[Intended-UPDATE], 99thPercentileLatency(us), 436
[Intended-UPDATE], 99.9PercentileLatency(us), 297215
[Intended-UPDATE], 99.99PercentileLatency(us), 509695
