java -cp /mnt/dev/YCSB-aerospike-dist/aerospike-binding/conf:/mnt/dev/YCSB-aerospike-dist/conf:/mnt/dev/YCSB-aerospike-dist/lib/aerospike-client-3.1.2.jar:/mnt/dev/YCSB-aerospike-dist/lib/htrace-core4-4.1.0-incubating.jar:/mnt/dev/YCSB-aerospike-dist/lib/jbcrypt-0.3m.jar:/mnt/dev/YCSB-aerospike-dist/lib/jackson-mapper-asl-1.9.4.jar:/mnt/dev/YCSB-aerospike-dist/lib/aerospike-binding-0.18.0-SNAPSHOT.jar:/mnt/dev/YCSB-aerospike-dist/lib/HdrHistogram-2.1.12.jar:/mnt/dev/YCSB-aerospike-dist/lib/jackson-core-asl-1.9.4.jar:/mnt/dev/YCSB-aerospike-dist/lib/core-0.18.0-SNAPSHOT.jar:/mnt/dev/YCSB-aerospike-dist/lib/luaj-jse-3.0.jar:/mnt/dev/YCSB-aerospike-dist/lib/gnu-crypto-2.0.1.jar site.ycsb.Client -db site.ycsb.db.AerospikeClient -s -threads 256 -P /mnt/dev/YCSB-aerospike-dist/workloads/workloada -p recordcount=100000000 -p operationcount=2000000000 -p fieldcount=10 -p fieldlength=128 -p fieldlengthdistribution=constant -p readallfields=true -p writeallfields=true -p insertorder=hashed -p requestdistribution=uniform -p readproportion=0.95 -p updateproportion=0.05 -p insertproportion=0 -p scanproportion=0 -p readmodifywriteproportion=0 -p measurementtype=hdrhistogram -p measurement.interval=both -p hdrhistogram.percentiles=50,95,99,99.9,99.99 -p status.interval=10 -p maxexecutiontime=300 -p as.host=172.16.0.4 -p as.port=3000 -p as.namespace=ycsb -p as.timeout=10000 -t
Command line: -db site.ycsb.db.AerospikeClient -s -threads 256 -P /mnt/dev/YCSB-aerospike-dist/workloads/workloada -p recordcount=100000000 -p operationcount=2000000000 -p fieldcount=10 -p fieldlength=128 -p fieldlengthdistribution=constant -p readallfields=true -p writeallfields=true -p insertorder=hashed -p requestdistribution=uniform -p readproportion=0.95 -p updateproportion=0.05 -p insertproportion=0 -p scanproportion=0 -p readmodifywriteproportion=0 -p measurementtype=hdrhistogram -p measurement.interval=both -p hdrhistogram.percentiles=50,95,99,99.9,99.99 -p status.interval=10 -p maxexecutiontime=300 -p as.host=172.16.0.4 -p as.port=3000 -p as.namespace=ycsb -p as.timeout=10000 -t
YCSB Client 0.18.0-SNAPSHOT

Loading workload...
Starting test.
Maximum execution time specified as: 300 secs
2026-09-16 03:32:03:949 0 sec: 0 operations; est completion in 0 second 
DBWrapper: report latency for each error is false and specific error codes to track for latency are: []
2026-09-16 03:32:13:888 10 sec: 4164307 operations; 416430.7 current ops/sec; est completion in 1 hour 19 minutes [READ: Count=3956888, Max=161023, Min=169, Avg=588.35, 50=535, 90=821, 99=1335, 99.9=3687, 99.99=13439] [UPDATE: Count=208125, Max=59711, Min=163, Avg=463.96, 50=415, 90=683, 99=1167, 99.9=2967, 99.99=7103] [Intended-READ: Count=3963309, Max=161023, Min=169, Avg=588.38, 50=535, 90=821, 99=1335, 99.9=3685, 99.99=13431] [Intended-UPDATE: Count=208445, Max=59711, Min=163, Avg=464, 50=415, 90=683, 99=1168, 99.9=2967, 99.99=7103] 
2026-09-16 03:32:23:888 20 sec: 8594422 operations; 443011.5 current ops/sec; est completion in 1 hour 17 minutes [READ: Count=4208322, Max=6823, Min=168, Avg=582.59, 50=531, 90=835, 99=1334, 99.9=3031, 99.99=4631] [UPDATE: Count=221413, Max=5167, Min=160, Avg=457.54, 50=411, 90=689, 99=1133, 99.9=1932, 99.99=4279] [Intended-READ: Count=4204885, Max=6823, Min=168, Avg=582.62, 50=531, 90=835, 99=1334, 99.9=3033, 99.99=4631] [Intended-UPDATE: Count=221233, Max=5167, Min=160, Avg=457.57, 50=411, 90=689, 99=1133, 99.9=1929, 99.99=4279] 
2026-09-16 03:32:33:888 30 sec: 13026598 operations; 443217.6 current ops/sec; est completion in 1 hour 16 minutes [READ: Count=4210963, Max=6035, Min=173, Avg=582.37, 50=530, 90=840, 99=1344, 99.9=2827, 99.99=4259] [UPDATE: Count=221204, Max=4263, Min=157, Avg=456.46, 50=409, 90=691, 99=1138, 99.9=1870, 99.99=3121] [Intended-READ: Count=4209840, Max=6035, Min=173, Avg=582.4, 50=530, 90=840, 99=1344, 99.9=2827, 99.99=4263] [Intended-UPDATE: Count=221134, Max=4263, Min=157, Avg=456.49, 50=409, 90=692, 99=1138, 99.9=1870, 99.99=3121] 
2026-09-16 03:32:43:888 40 sec: 17453452 operations; 442685.4 current ops/sec; est completion in 1 hour 15 minutes [READ: Count=4205043, Max=6235, Min=172, Avg=583.05, 50=530, 90=841, 99=1362, 99.9=2831, 99.99=4243] [UPDATE: Count=221778, Max=4831, Min=164, Avg=458.3, 50=410, 90=694, 99=1148, 99.9=1932, 99.99=3795] [Intended-READ: Count=4204940, Max=6235, Min=172, Avg=583.1, 50=530, 90=841, 99=1363, 99.9=2831, 99.99=4243] [Intended-UPDATE: Count=221825, Max=4831, Min=164, Avg=458.32, 50=410, 90=694, 99=1147, 99.9=1932, 99.99=3795] 
2026-09-16 03:32:53:888 50 sec: 21889194 operations; 443574.2 current ops/sec; est completion in 1 hour 15 minutes [READ: Count=4213894, Max=12991, Min=166, Avg=581.9, 50=530, 90=835, 99=1351, 99.9=2845, 99.99=4271] [UPDATE: Count=221902, Max=9631, Min=162, Avg=456.58, 50=410, 90=688, 99=1132, 99.9=1886, 99.99=3265] [Intended-READ: Count=4214331, Max=12991, Min=166, Avg=581.93, 50=530, 90=835, 99=1351, 99.9=2845, 99.99=4271] [Intended-UPDATE: Count=221877, Max=9631, Min=162, Avg=456.63, 50=410, 90=688, 99=1133, 99.9=1886, 99.99=3265] 
2026-09-16 03:33:03:888 60 sec: 26341935 operations; 445274.1 current ops/sec; est completion in 1 hour 14 minutes [READ: Count=4231121, Max=14927, Min=162, Avg=579.56, 50=529, 90=829, 99=1330, 99.9=2801, 99.99=4267] [UPDATE: Count=221651, Max=7591, Min=163, Avg=456.02, 50=410, 90=686, 99=1123, 99.9=1855, 99.99=3115] [Intended-READ: Count=4230708, Max=14927, Min=162, Avg=579.6, 50=529, 90=829, 99=1330, 99.9=2801, 99.99=4267] [Intended-UPDATE: Count=221667, Max=7591, Min=163, Avg=456.05, 50=410, 90=686, 99=1123, 99.9=1855, 99.99=3115] 
2026-09-16 03:33:13:888 70 sec: 30793973 operations; 445203.8 current ops/sec; est completion in 1 hour 14 minutes [READ: Count=4230135, Max=9095, Min=163, Avg=579.68, 50=530, 90=829, 99=1320, 99.9=2727, 99.99=4207] [UPDATE: Count=221871, Max=7115, Min=166, Avg=455.83, 50=410, 90=685, 99=1127, 99.9=1823, 99.99=3051] [Intended-READ: Count=4229490, Max=9095, Min=163, Avg=579.71, 50=530, 90=829, 99=1320, 99.9=2727, 99.99=4207] [Intended-UPDATE: Count=221824, Max=7115, Min=166, Avg=455.87, 50=410, 90=685, 99=1127, 99.9=1823, 99.99=3051] 
2026-09-16 03:33:23:888 80 sec: 35258285 operations; 446431.2 current ops/sec; est completion in 1 hour 14 minutes [READ: Count=4241716, Max=5367, Min=172, Avg=578.07, 50=530, 90=824, 99=1301, 99.9=2639, 99.99=4215] [UPDATE: Count=222634, Max=4081, Min=168, Avg=455.01, 50=411, 90=681, 99=1101, 99.9=1769, 99.99=2537] [Intended-READ: Count=4241699, Max=5367, Min=172, Avg=578.1, 50=530, 90=824, 99=1301, 99.9=2639, 99.99=4215] [Intended-UPDATE: Count=222647, Max=4081, Min=168, Avg=455.05, 50=411, 90=681, 99=1101, 99.9=1769, 99.99=2537] 
2026-09-16 03:33:33:888 90 sec: 39718798 operations; 446051.3 current ops/sec; est completion in 1 hour 14 minutes [READ: Count=4236843, Max=5271, Min=168, Avg=578.59, 50=531, 90=824, 99=1294, 99.9=2721, 99.99=4219] [UPDATE: Count=223562, Max=4211, Min=161, Avg=455.06, 50=412, 90=680, 99=1092, 99.9=1826, 99.99=2785] [Intended-READ: Count=4236652, Max=5271, Min=168, Avg=578.63, 50=531, 90=824, 99=1294, 99.9=2721, 99.99=4219] [Intended-UPDATE: Count=223558, Max=4211, Min=161, Avg=455.08, 50=412, 90=680, 99=1092, 99.9=1826, 99.99=2785] 
2026-09-16 03:33:43:887 100 sec: 44170361 operations; 445156.3 current ops/sec; est completion in 1 hour 13 minutes [READ: Count=4228645, Max=5767, Min=160, Avg=579.77, 50=531, 90=827, 99=1299, 99.9=2899, 99.99=4243] [UPDATE: Count=222831, Max=4163, Min=163, Avg=456.56, 50=412, 90=685, 99=1104, 99.9=1837, 99.99=3291] [Intended-READ: Count=4228864, Max=5767, Min=160, Avg=579.8, 50=531, 90=827, 99=1299, 99.9=2899, 99.99=4243] [Intended-UPDATE: Count=222789, Max=4163, Min=163, Avg=456.59, 50=412, 90=685, 99=1104, 99.9=1837, 99.99=3291] 
2026-09-16 03:33:53:887 110 sec: 48638491 operations; 446813 current ops/sec; est completion in 1 hour 13 minutes [READ: Count=4244504, Max=9687, Min=185, Avg=577.6, 50=531, 90=821, 99=1262, 99.9=2647, 99.99=4267] [UPDATE: Count=223659, Max=4371, Min=164, Avg=454.39, 50=412, 90=679, 99=1075, 99.9=1764, 99.99=2617] [Intended-READ: Count=4244561, Max=9687, Min=185, Avg=577.63, 50=531, 90=821, 99=1262, 99.9=2647, 99.99=4267] [Intended-UPDATE: Count=223672, Max=4371, Min=164, Avg=454.42, 50=412, 90=679, 99=1075, 99.9=1764, 99.99=2617] 
2026-09-16 03:34:03:887 120 sec: 53115641 operations; 447715 current ops/sec; est completion in 1 hour 13 minutes [READ: Count=4252639, Max=5563, Min=158, Avg=576.44, 50=531, 90=817, 99=1247, 99.9=2727, 99.99=4187] [UPDATE: Count=224510, Max=4663, Min=164, Avg=454.14, 50=412, 90=676, 99=1067, 99.9=1818, 99.99=3127] [Intended-READ: Count=4252779, Max=5563, Min=158, Avg=576.47, 50=531, 90=817, 99=1247, 99.9=2727, 99.99=4187] [Intended-UPDATE: Count=224507, Max=4663, Min=164, Avg=454.18, 50=412, 90=676, 99=1067, 99.9=1819, 99.99=3127] 
2026-09-16 03:34:13:887 130 sec: 57587018 operations; 447137.7 current ops/sec; est completion in 1 hour 13 minutes [READ: Count=4247959, Max=10191, Min=172, Avg=577.15, 50=531, 90=817, 99=1264, 99.9=2721, 99.99=4299] [UPDATE: Count=223456, Max=5363, Min=161, Avg=454.43, 50=412, 90=676, 99=1077, 99.9=1838, 99.99=2991] [Intended-READ: Count=4248033, Max=10191, Min=172, Avg=577.2, 50=531, 90=817, 99=1264, 99.9=2719, 99.99=4299] [Intended-UPDATE: Count=223465, Max=5363, Min=161, Avg=454.46, 50=412, 90=676, 99=1077, 99.9=1836, 99.99=2991] 
2026-09-16 03:34:23:887 140 sec: 62059596 operations; 447257.8 current ops/sec; est completion in 1 hour 12 minutes [READ: Count=4248284, Max=9847, Min=173, Avg=577, 50=530, 90=819, 99=1269, 99.9=2727, 99.99=4247] [UPDATE: Count=224253, Max=8075, Min=163, Avg=454.52, 50=412, 90=679, 99=1081, 99.9=1792, 99.99=2879] [Intended-READ: Count=4248035, Max=9847, Min=173, Avg=577.04, 50=530, 90=819, 99=1269, 99.9=2727, 99.99=4247] [Intended-UPDATE: Count=224241, Max=8075, Min=163, Avg=454.56, 50=412, 90=679, 99=1080, 99.9=1792, 99.99=2879] 
2026-09-16 03:34:33:887 150 sec: 66531740 operations; 447214.4 current ops/sec; est completion in 1 hour 12 minutes [READ: Count=4248961, Max=7507, Min=178, Avg=577.01, 50=531, 90=816, 99=1249, 99.9=2867, 99.99=5775] [UPDATE: Count=223131, Max=6471, Min=163, Avg=454.71, 50=412, 90=677, 99=1071, 99.9=1851, 99.99=3725] [Intended-READ: Count=4248404, Max=7507, Min=178, Avg=577.04, 50=531, 90=816, 99=1249, 99.9=2867, 99.99=5775] [Intended-UPDATE: Count=223121, Max=6471, Min=163, Avg=454.76, 50=412, 90=677, 99=1071, 99.9=1851, 99.99=3725] 
2026-09-16 03:34:43:887 160 sec: 71001283 operations; 446954.3 current ops/sec; est completion in 1 hour 12 minutes [READ: Count=4246241, Max=5859, Min=170, Avg=577.37, 50=530, 90=821, 99=1274, 99.9=2707, 99.99=4231] [UPDATE: Count=223340, Max=5319, Min=165, Avg=455, 50=412, 90=680, 99=1087, 99.9=1778, 99.99=2931] [Intended-READ: Count=4246792, Max=5859, Min=170, Avg=577.4, 50=530, 90=821, 99=1274, 99.9=2707, 99.99=4231] [Intended-UPDATE: Count=223352, Max=5319, Min=165, Avg=455.03, 50=412, 90=680, 99=1087, 99.9=1778, 99.99=2931] 
2026-09-16 03:34:53:887 170 sec: 75466007 operations; 446472.4 current ops/sec; est completion in 1 hour 12 minutes [READ: Count=4240868, Max=10391, Min=175, Avg=577.99, 50=530, 90=821, 99=1291, 99.9=2727, 99.99=4235] [UPDATE: Count=223875, Max=4835, Min=158, Avg=456.27, 50=412, 90=681, 99=1096, 99.9=1821, 99.99=3283] [Intended-READ: Count=4240456, Max=10391, Min=175, Avg=578.02, 50=530, 90=821, 99=1291, 99.9=2727, 99.99=4235] [Intended-UPDATE: Count=223891, Max=4835, Min=158, Avg=456.31, 50=413, 90=681, 99=1096, 99.9=1821, 99.99=3283] 
2026-09-16 03:35:03:888 180 sec: 79924508 operations; 445850.1 current ops/sec; est completion in 1 hour 12 minutes [READ: Count=4234465, Max=5287, Min=177, Avg=578.84, 50=530, 90=826, 99=1314, 99.9=2767, 99.99=4239] [UPDATE: Count=224041, Max=4467, Min=159, Avg=456.26, 50=412, 90=683, 99=1115, 99.9=1817, 99.99=3079] [Intended-READ: Count=4234834, Max=5287, Min=177, Avg=578.87, 50=530, 90=826, 99=1314, 99.9=2767, 99.99=4239] [Intended-UPDATE: Count=224014, Max=4467, Min=159, Avg=456.29, 50=412, 90=683, 99=1115, 99.9=1817, 99.99=3079] 
2026-09-16 03:35:13:887 190 sec: 84386150 operations; 446164.2 current ops/sec; est completion in 1 hour 11 minutes [READ: Count=4238556, Max=5159, Min=168, Avg=578.42, 50=530, 90=826, 99=1298, 99.9=2707, 99.99=4223] [UPDATE: Count=223043, Max=4439, Min=160, Avg=455.34, 50=411, 90=683, 99=1098, 99.9=1807, 99.99=3239] [Intended-READ: Count=4238065, Max=5159, Min=168, Avg=578.46, 50=530, 90=826, 99=1298, 99.9=2707, 99.99=4223] [Intended-UPDATE: Count=223052, Max=4439, Min=160, Avg=455.36, 50=411, 90=683, 99=1098, 99.9=1807, 99.99=3239] 
2026-09-16 03:35:23:888 200 sec: 88849333 operations; 446318.3 current ops/sec; est completion in 1 hour 11 minutes [READ: Count=4239575, Max=8687, Min=175, Avg=578.24, 50=530, 90=822, 99=1290, 99.9=2789, 99.99=4251] [UPDATE: Count=223617, Max=4619, Min=163, Avg=455.39, 50=412, 90=679, 99=1101, 99.9=1841, 99.99=3221] [Intended-READ: Count=4240032, Max=8687, Min=175, Avg=578.28, 50=531, 90=822, 99=1290, 99.9=2789, 99.99=4251] [Intended-UPDATE: Count=223618, Max=4619, Min=163, Avg=455.44, 50=412, 90=679, 99=1101, 99.9=1841, 99.99=3221] 
2026-09-16 03:35:33:888 210 sec: 93343960 operations; 449462.7 current ops/sec; est completion in 1 hour 11 minutes [READ: Count=4270210, Max=5399, Min=178, Avg=574.13, 50=530, 90=809, 99=1237, 99.9=2649, 99.99=4203] [UPDATE: Count=224474, Max=4703, Min=162, Avg=452.53, 50=412, 90=671, 99=1054, 99.9=1776, 99.99=2829] [Intended-READ: Count=4269739, Max=5399, Min=178, Avg=574.19, 50=530, 90=809, 99=1238, 99.9=2657, 99.99=4211] [Intended-UPDATE: Count=224478, Max=4703, Min=162, Avg=452.57, 50=412, 90=671, 99=1054, 99.9=1776, 99.99=2829] 
2026-09-16 03:35:43:887 220 sec: 97838192 operations; 449423.2 current ops/sec; est completion in 1 hour 11 minutes [READ: Count=4269364, Max=6515, Min=181, Avg=574.17, 50=531, 90=806, 99=1231, 99.9=2667, 99.99=4231] [UPDATE: Count=224787, Max=6811, Min=162, Avg=452.95, 50=412, 90=671, 99=1050, 99.9=1785, 99.99=2523] [Intended-READ: Count=4269325, Max=6515, Min=181, Avg=574.19, 50=531, 90=806, 99=1231, 99.9=2661, 99.99=4215] [Intended-UPDATE: Count=224771, Max=6811, Min=162, Avg=453, 50=413, 90=671, 99=1050, 99.9=1785, 99.99=2523] 
2026-09-16 03:35:53:888 230 sec: 102338793 operations; 450060.1 current ops/sec; est completion in 1 hour 11 minutes [READ: Count=4276124, Max=6747, Min=175, Avg=573.4, 50=531, 90=805, 99=1216, 99.9=2617, 99.99=4219] [UPDATE: Count=224506, Max=4523, Min=160, Avg=451.92, 50=412, 90=666, 99=1041, 99.9=1774, 99.99=3215] [Intended-READ: Count=4276697, Max=6747, Min=175, Avg=573.43, 50=531, 90=805, 99=1216, 99.9=2617, 99.99=4219] [Intended-UPDATE: Count=224544, Max=4523, Min=160, Avg=451.96, 50=412, 90=666, 99=1041, 99.9=1774, 99.99=3215] 
2026-09-16 03:36:03:888 240 sec: 106824200 operations; 448540.7 current ops/sec; est completion in 1 hour 10 minutes [READ: Count=4260944, Max=7263, Min=151, Avg=575.27, 50=531, 90=812, 99=1234, 99.9=2649, 99.99=4251] [UPDATE: Count=224495, Max=4315, Min=159, Avg=453.49, 50=413, 90=672, 99=1057, 99.9=1783, 99.99=2929] [Intended-READ: Count=4261015, Max=7263, Min=151, Avg=575.31, 50=531, 90=812, 99=1234, 99.9=2647, 99.99=4251] [Intended-UPDATE: Count=224467, Max=4315, Min=159, Avg=453.52, 50=413, 90=673, 99=1057, 99.9=1783, 99.99=2929] 
2026-09-16 03:36:13:887 250 sec: 111297065 operations; 447286.5 current ops/sec; est completion in 1 hour 10 minutes [READ: Count=4248920, Max=5519, Min=169, Avg=576.94, 50=532, 90=817, 99=1249, 99.9=2753, 99.99=4223] [UPDATE: Count=223899, Max=4259, Min=160, Avg=454.81, 50=413, 90=677, 99=1063, 99.9=1798, 99.99=3263] [Intended-READ: Count=4248759, Max=5519, Min=169, Avg=576.98, 50=532, 90=817, 99=1249, 99.9=2753, 99.99=4223] [Intended-UPDATE: Count=223911, Max=4259, Min=160, Avg=454.86, 50=413, 90=677, 99=1063, 99.9=1798, 99.99=3263] 
2026-09-16 03:36:23:888 260 sec: 115764010 operations; 446694.5 current ops/sec; est completion in 1 hour 10 minutes [READ: Count=4243602, Max=6487, Min=176, Avg=577.68, 50=530, 90=822, 99=1285, 99.9=2823, 99.99=4251] [UPDATE: Count=223393, Max=6123, Min=164, Avg=455.79, 50=411, 90=683, 99=1102, 99.9=1834, 99.99=3141] [Intended-READ: Count=4243184, Max=6487, Min=176, Avg=577.71, 50=530, 90=822, 99=1285, 99.9=2823, 99.99=4251] [Intended-UPDATE: Count=223405, Max=6123, Min=164, Avg=455.8, 50=411, 90=683, 99=1102, 99.9=1834, 99.99=3141] 
2026-09-16 03:36:33:887 270 sec: 120224083 operations; 446007.3 current ops/sec; est completion in 1 hour 10 minutes [READ: Count=4237382, Max=9783, Min=174, Avg=578.55, 50=530, 90=826, 99=1289, 99.9=2815, 99.99=4323] [UPDATE: Count=222657, Max=9671, Min=157, Avg=456.37, 50=412, 90=682, 99=1101, 99.9=1923, 99.99=3259] [Intended-READ: Count=4237702, Max=9783, Min=174, Avg=578.59, 50=530, 90=826, 99=1289, 99.9=2815, 99.99=4323] [Intended-UPDATE: Count=222655, Max=9671, Min=157, Avg=456.41, 50=412, 90=682, 99=1101, 99.9=1923, 99.99=3259] 
2026-09-16 03:36:43:887 280 sec: 124702115 operations; 447803.2 current ops/sec; est completion in 1 hour 10 minutes [READ: Count=4254469, Max=5323, Min=170, Avg=576.27, 50=531, 90=818, 99=1253, 99.9=2683, 99.99=4215] [UPDATE: Count=223878, Max=4979, Min=161, Avg=454.25, 50=411, 90=678, 99=1070, 99.9=1792, 99.99=2731] [Intended-READ: Count=4254354, Max=5323, Min=170, Avg=576.31, 50=531, 90=818, 99=1253, 99.9=2683, 99.99=4215] [Intended-UPDATE: Count=223866, Max=4979, Min=161, Avg=454.31, 50=411, 90=678, 99=1070, 99.9=1792, 99.99=2731] 
2026-09-16 03:36:53:887 290 sec: 129185550 operations; 448343.5 current ops/sec; est completion in 1 hour 10 minutes [READ: Count=4258868, Max=12559, Min=173, Avg=575.62, 50=531, 90=815, 99=1243, 99.9=2743, 99.99=4199] [UPDATE: Count=224246, Max=4907, Min=164, Avg=453.24, 50=411, 90=675, 99=1058, 99.9=1798, 99.99=3041] [Intended-READ: Count=4259175, Max=12559, Min=173, Avg=575.65, 50=531, 90=815, 99=1243, 99.9=2743, 99.99=4199] [Intended-UPDATE: Count=224234, Max=4907, Min=164, Avg=453.26, 50=411, 90=675, 99=1058, 99.9=1798, 99.99=3041] 
2026-09-16 03:37:03:887 300 sec: 133660410 operations; 447486 current ops/sec; est completion in 1 hour 9 minutes [READ: Count=4251603, Max=6163, Min=172, Avg=576.68, 50=531, 90=817, 99=1259, 99.9=2815, 99.99=4291] [UPDATE: Count=223218, Max=5899, Min=162, Avg=454.57, 50=412, 90=677, 99=1072, 99.9=1852, 99.99=3297] [Intended-READ: Count=4251060, Max=6163, Min=172, Avg=576.72, 50=531, 90=817, 99=1259, 99.9=2815, 99.99=4291] [Intended-UPDATE: Count=223212, Max=5899, Min=162, Avg=454.61, 50=412, 90=678, 99=1072, 99.9=1852, 99.99=3297] 
Maximum time elapsed. Requesting stop for the workload.
Stop requested for workload. Now Joining!
2026-09-16 03:37:03:916 300 sec: 133671865 operations; 395000 current ops/sec; est completion in 1 hour 9 minutes [READ: Count=10760, Max=2605, Min=239, Avg=595.38, 50=541, 90=882, 99=1400, 99.9=1887, 99.99=2487] [CLEANUP: Count=256, Max=2275, Min=27, Avg=340.06, 50=39, 90=1434, 99=2055, 99.9=2275, 99.99=2275] [UPDATE: Count=548, Max=1792, Min=182, Avg=465.26, 50=415, 90=691, 99=1338, 99.9=1792, 99.99=1792] [Intended-READ: Count=10149, Max=2605, Min=239, Avg=596.18, 50=542, 90=885, 99=1410, 99.9=1887, 99.99=2487] [Intended-CLEANUP: Count=256, Max=2277, Min=27, Avg=340.17, 50=39, 90=1435, 99=2055, 99.9=2277, 99.99=2277] [Intended-UPDATE: Count=522, Max=1792, Min=182, Avg=464.39, 50=414, 90=691, 99=1338, 99.9=1792, 99.99=1792] 
[OVERALL], RunTime(ms), 300039
[OVERALL], Throughput(ops/sec), 445514.9663877029
[TOTAL_GCS_G1_Young_Generation], Count, 1466
[TOTAL_GC_TIME_G1_Young_Generation], Time(ms), 1519
[TOTAL_GC_TIME_%_G1_Young_Generation], Time(%), 0.506267518555921
[TOTAL_GCS_G1_Old_Generation], Count, 0
[TOTAL_GC_TIME_G1_Old_Generation], Time(ms), 0
[TOTAL_GC_TIME_%_G1_Old_Generation], Time(%), 0.0
[TOTAL_GCs], Count, 1466
[TOTAL_GC_TIME], Time(ms), 1519
[TOTAL_GC_TIME_%], Time(%), 0.506267518555921
[READ], Operations, 126987868
[READ], AverageLatency(us), 578.2599710312485
[READ], MinLatency(us), 151
[READ], MaxLatency(us), 161023
[READ], 50thPercentileLatency(us), 531
[READ], 95thPercentileLatency(us), 946
[READ], 99thPercentileLatency(us), 1285
[READ], 99.9PercentileLatency(us), 2793
[READ], 99.99PercentileLatency(us), 4323
[READ], Return=OK, 126987868
[CLEANUP], Operations, 256
[CLEANUP], AverageLatency(us), 340.0625
[CLEANUP], MinLatency(us), 27
[CLEANUP], MaxLatency(us), 2275
[CLEANUP], 50thPercentileLatency(us), 39
[CLEANUP], 95thPercentileLatency(us), 1915
[CLEANUP], 99thPercentileLatency(us), 2055
[CLEANUP], 99.9PercentileLatency(us), 2275
[CLEANUP], 99.99PercentileLatency(us), 2275
[UPDATE], Operations, 6683997
[UPDATE], AverageLatency(us), 455.3661399010203
[UPDATE], MinLatency(us), 157
[UPDATE], MaxLatency(us), 59711
[UPDATE], 50thPercentileLatency(us), 412
[UPDATE], 95thPercentileLatency(us), 793
[UPDATE], 99thPercentileLatency(us), 1093
[UPDATE], 99.9PercentileLatency(us), 1843
[UPDATE], 99.99PercentileLatency(us), 3321
[UPDATE], Return=OK, 6683997
[Intended-READ], Operations, 126987868
[Intended-READ], AverageLatency(us), 578.2950545716698
[Intended-READ], MinLatency(us), 151
[Intended-READ], MaxLatency(us), 161023
[Intended-READ], 50thPercentileLatency(us), 531
[Intended-READ], 95thPercentileLatency(us), 946
[Intended-READ], 99thPercentileLatency(us), 1285
[Intended-READ], 99.9PercentileLatency(us), 2793
[Intended-READ], 99.99PercentileLatency(us), 4323
[Intended-CLEANUP], Operations, 256
[Intended-CLEANUP], AverageLatency(us), 340.171875
[Intended-CLEANUP], MinLatency(us), 27
[Intended-CLEANUP], MaxLatency(us), 2277
[Intended-CLEANUP], 50thPercentileLatency(us), 39
[Intended-CLEANUP], 95thPercentileLatency(us), 1915
[Intended-CLEANUP], 99thPercentileLatency(us), 2055
[Intended-CLEANUP], 99.9PercentileLatency(us), 2277
[Intended-CLEANUP], 99.99PercentileLatency(us), 2277
[Intended-UPDATE], Operations, 6683997
[Intended-UPDATE], AverageLatency(us), 455.40187405829175
[Intended-UPDATE], MinLatency(us), 157
[Intended-UPDATE], MaxLatency(us), 59711
[Intended-UPDATE], 50thPercentileLatency(us), 412
[Intended-UPDATE], 95thPercentileLatency(us), 793
[Intended-UPDATE], 99thPercentileLatency(us), 1093
[Intended-UPDATE], 99.9PercentileLatency(us), 1843
[Intended-UPDATE], 99.99PercentileLatency(us), 3321
