java -cp /mnt/dev/YCSB-aerospike-dist/aerospike-binding/conf:/mnt/dev/YCSB-aerospike-dist/conf:/mnt/dev/YCSB-aerospike-dist/lib/aerospike-client-3.1.2.jar:/mnt/dev/YCSB-aerospike-dist/lib/htrace-core4-4.1.0-incubating.jar:/mnt/dev/YCSB-aerospike-dist/lib/jbcrypt-0.3m.jar:/mnt/dev/YCSB-aerospike-dist/lib/jackson-mapper-asl-1.9.4.jar:/mnt/dev/YCSB-aerospike-dist/lib/aerospike-binding-0.18.0-SNAPSHOT.jar:/mnt/dev/YCSB-aerospike-dist/lib/HdrHistogram-2.1.12.jar:/mnt/dev/YCSB-aerospike-dist/lib/jackson-core-asl-1.9.4.jar:/mnt/dev/YCSB-aerospike-dist/lib/core-0.18.0-SNAPSHOT.jar:/mnt/dev/YCSB-aerospike-dist/lib/luaj-jse-3.0.jar:/mnt/dev/YCSB-aerospike-dist/lib/gnu-crypto-2.0.1.jar site.ycsb.Client -db site.ycsb.db.AerospikeClient -s -threads 256 -P /mnt/dev/YCSB-aerospike-dist/workloads/workloada -p recordcount=8000000000 -p operationcount=2000000000 -p fieldcount=10 -p fieldlength=128 -p fieldlengthdistribution=constant -p readallfields=true -p writeallfields=true -p insertorder=hashed -p requestdistribution=uniform -p readproportion=0.95 -p updateproportion=0 -p insertproportion=0.05 -p scanproportion=0 -p readmodifywriteproportion=0 -p measurementtype=hdrhistogram -p measurement.interval=both -p hdrhistogram.percentiles=50,95,99,99.9,99.99 -p status.interval=10 -p maxexecutiontime=300 -p insertstart=0 -p insertcount=100000000 -p as.host=172.16.0.4 -p as.port=3000 -p as.namespace=ycsb -p as.timeout=10000 -t
Command line: -db site.ycsb.db.AerospikeClient -s -threads 256 -P /mnt/dev/YCSB-aerospike-dist/workloads/workloada -p recordcount=8000000000 -p operationcount=2000000000 -p fieldcount=10 -p fieldlength=128 -p fieldlengthdistribution=constant -p readallfields=true -p writeallfields=true -p insertorder=hashed -p requestdistribution=uniform -p readproportion=0.95 -p updateproportion=0 -p insertproportion=0.05 -p scanproportion=0 -p readmodifywriteproportion=0 -p measurementtype=hdrhistogram -p measurement.interval=both -p hdrhistogram.percentiles=50,95,99,99.9,99.99 -p status.interval=10 -p maxexecutiontime=300 -p insertstart=0 -p insertcount=100000000 -p as.host=172.16.0.4 -p as.port=3000 -p as.namespace=ycsb -p as.timeout=10000 -t
YCSB Client 0.18.0-SNAPSHOT

Loading workload...
Starting test.
Maximum execution time specified as: 300 secs
2026-09-16 03:42:32:125 0 sec: 0 operations; est completion in 0 second 
DBWrapper: report latency for each error is false and specific error codes to track for latency are: []
2026-09-16 03:42:42:060 10 sec: 4296392 operations; 429639.2 current ops/sec; est completion in 1 hour 17 minutes [READ: Count=4083011, Max=118975, Min=213, Avg=583.57, 50=532, 90=809, 99=1270, 99.9=3723, 99.99=14631] [INSERT: Count=214041, Max=102847, Min=157, Avg=457.87, 50=414, 90=671, 99=1091, 99.9=2653, 99.99=4515] [Intended-READ: Count=4089822, Max=118975, Min=213, Avg=583.59, 50=532, 90=809, 99=1270, 99.9=3721, 99.99=14631] [Intended-INSERT: Count=214202, Max=102847, Min=157, Avg=457.91, 50=414, 90=671, 99=1091, 99.9=2653, 99.99=4515] 
2026-09-16 03:42:52:060 20 sec: 8791036 operations; 449464.4 current ops/sec; est completion in 1 hour 15 minutes [READ: Count=4270573, Max=9895, Min=200, Avg=574.01, 50=530, 90=811, 99=1213, 99.9=2595, 99.99=4659] [INSERT: Count=223787, Max=9231, Min=162, Avg=450.16, 50=411, 90=667, 99=1029, 99.9=1610, 99.99=2085] [Intended-READ: Count=4267251, Max=9895, Min=200, Avg=574.05, 50=530, 90=811, 99=1213, 99.9=2597, 99.99=4659] [Intended-INSERT: Count=223808, Max=9231, Min=162, Avg=450.19, 50=411, 90=668, 99=1029, 99.9=1610, 99.99=2085] 
2026-09-16 03:43:02:060 30 sec: 13280233 operations; 448919.7 current ops/sec; est completion in 1 hour 14 minutes [READ: Count=4264647, Max=8639, Min=207, Avg=574.75, 50=530, 90=816, 99=1224, 99.9=2563, 99.99=4467] [INSERT: Count=224477, Max=2555, Min=165, Avg=451.22, 50=410, 90=673, 99=1042, 99.9=1678, 99.99=2069] [Intended-READ: Count=4263023, Max=8639, Min=207, Avg=574.78, 50=530, 90=816, 99=1224, 99.9=2563, 99.99=4467] [Intended-INSERT: Count=224358, Max=2555, Min=165, Avg=451.25, 50=410, 90=673, 99=1042, 99.9=1678, 99.99=2069] 
2026-09-16 03:43:12:060 40 sec: 17767558 operations; 448732.5 current ops/sec; est completion in 1 hour 14 minutes [READ: Count=4263112, Max=6231, Min=204, Avg=574.94, 50=531, 90=816, 99=1220, 99.9=2547, 99.99=4611] [INSERT: Count=224196, Max=2621, Min=162, Avg=451.31, 50=411, 90=672, 99=1038, 99.9=1657, 99.99=2163] [Intended-READ: Count=4262949, Max=6231, Min=204, Avg=574.98, 50=531, 90=816, 99=1220, 99.9=2547, 99.99=4611] [Intended-INSERT: Count=224241, Max=2621, Min=162, Avg=451.34, 50=411, 90=672, 99=1038, 99.9=1657, 99.99=2163] 
2026-09-16 03:43:22:060 50 sec: 22241168 operations; 447361 current ops/sec; est completion in 1 hour 14 minutes [READ: Count=4249916, Max=5527, Min=217, Avg=576.66, 50=531, 90=821, 99=1240, 99.9=2565, 99.99=4515] [INSERT: Count=223782, Max=2911, Min=161, Avg=453.19, 50=412, 90=678, 99=1062, 99.9=1674, 99.99=2217] [Intended-READ: Count=4249867, Max=5527, Min=217, Avg=576.7, 50=531, 90=821, 99=1241, 99.9=2565, 99.99=4515] [Intended-INSERT: Count=223754, Max=2911, Min=161, Avg=453.22, 50=412, 90=678, 99=1062, 99.9=1674, 99.99=2217] 
2026-09-16 03:43:32:060 60 sec: 26716776 operations; 447560.8 current ops/sec; est completion in 1 hour 13 minutes [READ: Count=4251598, Max=6199, Min=220, Avg=576.41, 50=531, 90=819, 99=1237, 99.9=2637, 99.99=4551] [INSERT: Count=223960, Max=4571, Min=161, Avg=452.5, 50=412, 90=675, 99=1053, 99.9=1711, 99.99=2203] [Intended-READ: Count=4251334, Max=6199, Min=220, Avg=576.44, 50=531, 90=819, 99=1237, 99.9=2637, 99.99=4551] [Intended-INSERT: Count=223966, Max=4571, Min=161, Avg=452.53, 50=412, 90=675, 99=1053, 99.9=1711, 99.99=2203] 
2026-09-16 03:43:42:060 70 sec: 31196766 operations; 447999 current ops/sec; est completion in 1 hour 13 minutes [READ: Count=4256394, Max=6303, Min=214, Avg=575.85, 50=530, 90=820, 99=1233, 99.9=2573, 99.99=4583] [INSERT: Count=223551, Max=6283, Min=164, Avg=452.31, 50=411, 90=677, 99=1049, 99.9=1682, 99.99=2111] [Intended-READ: Count=4256405, Max=6303, Min=214, Avg=575.88, 50=530, 90=820, 99=1233, 99.9=2573, 99.99=4583] [Intended-INSERT: Count=223553, Max=6283, Min=164, Avg=452.34, 50=411, 90=677, 99=1049, 99.9=1682, 99.99=2111] 
2026-09-16 03:43:52:060 80 sec: 35695693 operations; 449892.7 current ops/sec; est completion in 1 hour 13 minutes [READ: Count=4274540, Max=6179, Min=215, Avg=573.4, 50=530, 90=811, 99=1212, 99.9=2527, 99.99=4511] [INSERT: Count=224404, Max=2765, Min=164, Avg=450.51, 50=411, 90=669, 99=1031, 99.9=1648, 99.99=2185] [Intended-READ: Count=4274388, Max=6179, Min=215, Avg=573.43, 50=530, 90=811, 99=1212, 99.9=2527, 99.99=4511] [Intended-INSERT: Count=224398, Max=2765, Min=164, Avg=450.55, 50=411, 90=669, 99=1031, 99.9=1648, 99.99=2185] 
2026-09-16 03:44:02:060 90 sec: 40201681 operations; 450598.8 current ops/sec; est completion in 1 hour 13 minutes [READ: Count=4281022, Max=6303, Min=225, Avg=572.51, 50=529, 90=808, 99=1209, 99.9=2471, 99.99=4447] [INSERT: Count=224997, Max=2633, Min=168, Avg=449.76, 50=410, 90=667, 99=1026, 99.9=1656, 99.99=2097] [Intended-READ: Count=4280953, Max=6303, Min=225, Avg=572.54, 50=529, 90=809, 99=1209, 99.9=2471, 99.99=4447] [Intended-INSERT: Count=224945, Max=2633, Min=168, Avg=449.79, 50=410, 90=667, 99=1025, 99.9=1656, 99.99=2097] 
2026-09-16 03:44:12:061 100 sec: 44717034 operations; 451535.3 current ops/sec; est completion in 1 hour 12 minutes [READ: Count=4289535, Max=6039, Min=223, Avg=571.38, 50=529, 90=803, 99=1198, 99.9=2555, 99.99=4479] [INSERT: Count=225708, Max=2619, Min=160, Avg=449.07, 50=410, 90=664, 99=1020, 99.9=1682, 99.99=2113] [Intended-READ: Count=4289473, Max=6039, Min=223, Avg=571.41, 50=529, 90=803, 99=1198, 99.9=2555, 99.99=4479] [Intended-INSERT: Count=225714, Max=2619, Min=160, Avg=449.11, 50=410, 90=664, 99=1020, 99.9=1682, 99.99=2113] 
2026-09-16 03:44:22:060 110 sec: 49220933 operations; 450389.9 current ops/sec; est completion in 1 hour 12 minutes [READ: Count=4278838, Max=7295, Min=184, Avg=572.76, 50=530, 90=808, 99=1211, 99.9=2567, 99.99=4623] [INSERT: Count=225116, Max=3851, Min=163, Avg=450.16, 50=411, 90=667, 99=1034, 99.9=1691, 99.99=2075] [Intended-READ: Count=4278493, Max=7295, Min=184, Avg=572.8, 50=530, 90=808, 99=1211, 99.9=2567, 99.99=4623] [Intended-INSERT: Count=225133, Max=3851, Min=163, Avg=450.19, 50=411, 90=667, 99=1034, 99.9=1691, 99.99=2077] 
2026-09-16 03:44:32:060 120 sec: 53725812 operations; 450487.9 current ops/sec; est completion in 1 hour 12 minutes [READ: Count=4279807, Max=7207, Min=217, Avg=572.64, 50=530, 90=805, 99=1201, 99.9=2567, 99.99=4555] [INSERT: Count=224988, Max=5587, Min=166, Avg=449.9, 50=411, 90=665, 99=1027, 99.9=1654, 99.99=2111] [Intended-READ: Count=4279949, Max=7207, Min=217, Avg=572.68, 50=530, 90=805, 99=1201, 99.9=2567, 99.99=4555] [Intended-INSERT: Count=224973, Max=5587, Min=166, Avg=449.94, 50=411, 90=665, 99=1027, 99.9=1654, 99.99=2111] 
2026-09-16 03:44:42:060 130 sec: 58235801 operations; 450998.9 current ops/sec; est completion in 1 hour 12 minutes [READ: Count=4285064, Max=6019, Min=230, Avg=571.94, 50=530, 90=804, 99=1192, 99.9=2569, 99.99=4563] [INSERT: Count=224909, Max=2565, Min=163, Avg=450.09, 50=412, 90=665, 99=1020, 99.9=1666, 99.99=2085] [Intended-READ: Count=4284730, Max=6019, Min=230, Avg=571.98, 50=530, 90=804, 99=1192, 99.9=2569, 99.99=4563] [Intended-INSERT: Count=224988, Max=2565, Min=164, Avg=450.11, 50=412, 90=665, 99=1020, 99.9=1666, 99.99=2085] 
2026-09-16 03:44:52:060 140 sec: 62746120 operations; 451031.9 current ops/sec; est completion in 1 hour 12 minutes [READ: Count=4285599, Max=5847, Min=174, Avg=571.93, 50=530, 90=802, 99=1197, 99.9=2571, 99.99=4567] [INSERT: Count=224770, Max=2445, Min=160, Avg=450.17, 50=412, 90=663, 99=1018, 99.9=1670, 99.99=2071] [Intended-READ: Count=4286227, Max=5847, Min=174, Avg=571.97, 50=530, 90=802, 99=1197, 99.9=2571, 99.99=4567] [Intended-INSERT: Count=224682, Max=2445, Min=160, Avg=450.21, 50=412, 90=663, 99=1019, 99.9=1670, 99.99=2071] 
2026-09-16 03:45:02:060 150 sec: 67253788 operations; 450766.8 current ops/sec; est completion in 1 hour 11 minutes [READ: Count=4282073, Max=6083, Min=216, Avg=572.28, 50=530, 90=804, 99=1196, 99.9=2537, 99.99=4611] [INSERT: Count=225542, Max=6087, Min=166, Avg=451.04, 50=413, 90=665, 99=1021, 99.9=1690, 99.99=2161] [Intended-READ: Count=4281529, Max=6083, Min=216, Avg=572.31, 50=530, 90=804, 99=1196, 99.9=2537, 99.99=4611] [Intended-INSERT: Count=225544, Max=6087, Min=166, Avg=451.07, 50=413, 90=665, 99=1021, 99.9=1690, 99.99=2161] 
2026-09-16 03:45:12:060 160 sec: 71744717 operations; 449092.9 current ops/sec; est completion in 1 hour 11 minutes [READ: Count=4266127, Max=11127, Min=218, Avg=574.45, 50=531, 90=810, 99=1221, 99.9=2597, 99.99=4603] [INSERT: Count=224827, Max=8639, Min=167, Avg=452.64, 50=413, 90=671, 99=1045, 99.9=1710, 99.99=2217] [Intended-READ: Count=4266687, Max=11127, Min=218, Avg=574.48, 50=531, 90=810, 99=1221, 99.9=2597, 99.99=4603] [Intended-INSERT: Count=224835, Max=8639, Min=167, Avg=452.69, 50=413, 90=671, 99=1045, 99.9=1710, 99.99=2217] 
2026-09-16 03:45:22:060 170 sec: 76228655 operations; 448393.8 current ops/sec; est completion in 1 hour 11 minutes [READ: Count=4259483, Max=11679, Min=202, Avg=575.31, 50=531, 90=815, 99=1236, 99.9=2525, 99.99=4535] [INSERT: Count=224452, Max=6551, Min=158, Avg=452.85, 50=412, 90=673, 99=1052, 99.9=1656, 99.99=2149] [Intended-READ: Count=4258871, Max=11679, Min=202, Avg=575.35, 50=531, 90=815, 99=1236, 99.9=2525, 99.99=4535] [Intended-INSERT: Count=224452, Max=6551, Min=158, Avg=452.88, 50=412, 90=673, 99=1052, 99.9=1656, 99.99=2149] 
2026-09-16 03:45:32:062 180 sec: 80711728 operations; 448307.3 current ops/sec; est completion in 1 hour 11 minutes [READ: Count=4259363, Max=5471, Min=223, Avg=575.47, 50=531, 90=817, 99=1229, 99.9=2533, 99.99=4511] [INSERT: Count=223743, Max=3943, Min=157, Avg=453.4, 50=412, 90=675, 99=1051, 99.9=1719, 99.99=2257] [Intended-READ: Count=4259410, Max=5471, Min=223, Avg=575.51, 50=531, 90=817, 99=1229, 99.9=2533, 99.99=4511] [Intended-INSERT: Count=223731, Max=3943, Min=157, Avg=453.44, 50=412, 90=675, 99=1051, 99.9=1719, 99.99=2257] 
2026-09-16 03:45:42:060 190 sec: 85188957 operations; 447722.9 current ops/sec; est completion in 1 hour 11 minutes [READ: Count=4253743, Max=5991, Min=221, Avg=576.15, 50=530, 90=821, 99=1239, 99.9=2547, 99.99=4531] [INSERT: Count=223431, Max=4619, Min=167, Avg=453.36, 50=412, 90=678, 99=1055, 99.9=1690, 99.99=2239] [Intended-READ: Count=4254158, Max=5991, Min=221, Avg=576.18, 50=530, 90=821, 99=1239, 99.9=2547, 99.99=4531] [Intended-INSERT: Count=223433, Max=4619, Min=167, Avg=453.4, 50=412, 90=678, 99=1055, 99.9=1690, 99.99=2239] 
2026-09-16 03:45:52:060 200 sec: 89678794 operations; 448983.7 current ops/sec; est completion in 1 hour 11 minutes [READ: Count=4264929, Max=5767, Min=225, Avg=574.54, 50=531, 90=813, 99=1219, 99.9=2537, 99.99=4459] [INSERT: Count=224926, Max=3203, Min=162, Avg=452, 50=412, 90=672, 99=1044, 99.9=1677, 99.99=2197] [Intended-READ: Count=4264896, Max=5767, Min=225, Avg=574.58, 50=531, 90=813, 99=1219, 99.9=2537, 99.99=4459] [Intended-INSERT: Count=224927, Max=3203, Min=162, Avg=452.04, 50=412, 90=672, 99=1044, 99.9=1677, 99.99=2197] 
2026-09-16 03:46:02:060 210 sec: 94173327 operations; 449453.3 current ops/sec; est completion in 1 hour 10 minutes [READ: Count=4268754, Max=6203, Min=224, Avg=573.97, 50=530, 90=812, 99=1220, 99.9=2553, 99.99=4591] [INSERT: Count=225783, Max=2563, Min=158, Avg=451.3, 50=411, 90=670, 99=1036, 99.9=1694, 99.99=2097] [Intended-READ: Count=4268330, Max=6203, Min=224, Avg=574, 50=530, 90=812, 99=1220, 99.9=2553, 99.99=4591] [Intended-INSERT: Count=225784, Max=2563, Min=158, Avg=451.34, 50=411, 90=670, 99=1036, 99.9=1694, 99.99=2097] 
2026-09-16 03:46:12:060 220 sec: 98659143 operations; 448581.6 current ops/sec; est completion in 1 hour 10 minutes [READ: Count=4261438, Max=7727, Min=218, Avg=575.08, 50=530, 90=816, 99=1228, 99.9=2613, 99.99=4611] [INSERT: Count=224417, Max=7575, Min=162, Avg=452.95, 50=412, 90=674, 99=1055, 99.9=1685, 99.99=2131] [Intended-READ: Count=4261572, Max=7727, Min=218, Avg=575.11, 50=530, 90=816, 99=1228, 99.9=2613, 99.99=4611] [Intended-INSERT: Count=224421, Max=7575, Min=162, Avg=452.98, 50=412, 90=674, 99=1055, 99.9=1685, 99.99=2131] 
2026-09-16 03:46:22:060 230 sec: 103132040 operations; 447289.7 current ops/sec; est completion in 1 hour 10 minutes [READ: Count=4248914, Max=6219, Min=205, Avg=576.7, 50=530, 90=822, 99=1246, 99.9=2577, 99.99=4619] [INSERT: Count=223937, Max=4021, Min=161, Avg=454.43, 50=412, 90=680, 99=1062, 99.9=1666, 99.99=2195] [Intended-READ: Count=4249204, Max=6219, Min=205, Avg=576.74, 50=530, 90=822, 99=1246, 99.9=2577, 99.99=4619] [Intended-INSERT: Count=223933, Max=4021, Min=161, Avg=454.47, 50=412, 90=680, 99=1062, 99.9=1666, 99.99=2195] 
2026-09-16 03:46:32:060 240 sec: 107614679 operations; 448263.9 current ops/sec; est completion in 1 hour 10 minutes [READ: Count=4258800, Max=8439, Min=182, Avg=575.49, 50=531, 90=816, 99=1230, 99.9=2617, 99.99=4611] [INSERT: Count=223825, Max=4779, Min=164, Avg=453.49, 50=413, 90=675, 99=1049, 99.9=1656, 99.99=2145] [Intended-READ: Count=4258892, Max=8439, Min=182, Avg=575.52, 50=531, 90=816, 99=1230, 99.9=2617, 99.99=4611] [Intended-INSERT: Count=223827, Max=4779, Min=164, Avg=453.54, 50=413, 90=675, 99=1049, 99.9=1656, 99.99=2145] 
2026-09-16 03:46:42:060 250 sec: 112104222 operations; 448954.3 current ops/sec; est completion in 1 hour 10 minutes [READ: Count=4264354, Max=5739, Min=222, Avg=574.69, 50=531, 90=813, 99=1217, 99.9=2557, 99.99=4619] [INSERT: Count=225178, Max=2395, Min=163, Avg=451.88, 50=413, 90=671, 99=1037, 99.9=1653, 99.99=2049] [Intended-READ: Count=4263759, Max=5739, Min=222, Avg=574.73, 50=531, 90=813, 99=1217, 99.9=2557, 99.99=4619] [Intended-INSERT: Count=225170, Max=2395, Min=163, Avg=451.91, 50=413, 90=671, 99=1037, 99.9=1653, 99.99=2049] 
2026-09-16 03:46:52:060 260 sec: 116598877 operations; 449465.5 current ops/sec; est completion in 1 hour 10 minutes [READ: Count=4269816, Max=5691, Min=213, Avg=573.87, 50=531, 90=808, 99=1204, 99.9=2539, 99.99=4631] [INSERT: Count=224933, Max=3007, Min=158, Avg=452.72, 50=413, 90=671, 99=1030, 99.9=1663, 99.99=2131] [Intended-READ: Count=4270449, Max=5691, Min=213, Avg=573.9, 50=531, 90=808, 99=1204, 99.9=2537, 99.99=4631] [Intended-INSERT: Count=224947, Max=3007, Min=158, Avg=452.76, 50=413, 90=671, 99=1030, 99.9=1663, 99.99=2131] 
2026-09-16 03:47:02:060 270 sec: 121080104 operations; 448122.7 current ops/sec; est completion in 1 hour 9 minutes [READ: Count=4257203, Max=7919, Min=224, Avg=575.61, 50=531, 90=812, 99=1224, 99.9=2837, 99.99=5927] [INSERT: Count=224032, Max=7743, Min=169, Avg=453.92, 50=413, 90=673, 99=1045, 99.9=1729, 99.99=6055] [Intended-READ: Count=4256818, Max=7919, Min=224, Avg=575.65, 50=531, 90=812, 99=1224, 99.9=2837, 99.99=5927] [Intended-INSERT: Count=224031, Max=7743, Min=169, Avg=453.95, 50=413, 90=673, 99=1045, 99.9=1729, 99.99=6055] 
2026-09-16 03:47:12:060 280 sec: 125585762 operations; 450565.8 current ops/sec; est completion in 1 hour 9 minutes [READ: Count=4280942, Max=5999, Min=190, Avg=572.48, 50=531, 90=803, 99=1189, 99.9=2545, 99.99=4619] [INSERT: Count=224628, Max=5259, Min=157, Avg=451.1, 50=413, 90=664, 99=1015, 99.9=1690, 99.99=2113] [Intended-READ: Count=4280951, Max=5999, Min=190, Avg=572.55, 50=531, 90=803, 99=1190, 99.9=2547, 99.99=4619] [Intended-INSERT: Count=224622, Max=5259, Min=157, Avg=451.12, 50=413, 90=664, 99=1015, 99.9=1690, 99.99=2113] 
2026-09-16 03:47:22:060 290 sec: 130116135 operations; 453037.3 current ops/sec; est completion in 1 hour 9 minutes [READ: Count=4303832, Max=5927, Min=217, Avg=569.37, 50=530, 90=794, 99=1163, 99.9=2435, 99.99=4403] [INSERT: Count=226503, Max=2477, Min=164, Avg=448.58, 50=412, 90=658, 99=997, 99.9=1652, 99.99=2037] [Intended-READ: Count=4303643, Max=5927, Min=217, Avg=569.36, 50=530, 90=794, 99=1162, 99.9=2431, 99.99=4403] [Intended-INSERT: Count=226505, Max=2477, Min=164, Avg=448.63, 50=412, 90=658, 99=997, 99.9=1652, 99.99=2037] 
2026-09-16 03:47:32:060 300 sec: 134652511 operations; 453637.6 current ops/sec; est completion in 1 hour 9 minutes [READ: Count=4309418, Max=7199, Min=168, Avg=568.62, 50=530, 90=790, 99=1151, 99.9=2543, 99.99=4611] [INSERT: Count=226986, Max=4799, Min=163, Avg=447.54, 50=412, 90=655, 99=979, 99.9=1647, 99.99=2117] [Intended-READ: Count=4309927, Max=7199, Min=168, Avg=568.66, 50=530, 90=790, 99=1151, 99.9=2543, 99.99=4611] [Intended-INSERT: Count=227014, Max=4799, Min=163, Avg=447.57, 50=412, 90=655, 99=979, 99.9=1644, 99.99=2117] 
Maximum time elapsed. Requesting stop for the workload.
Stop requested for workload. Now Joining!
2026-09-16 03:47:32:092 300 sec: 134664073 operations; 361312.5 current ops/sec; est completion in 1 hour 9 minutes [READ: Count=10880, Max=2097, Min=251, Avg=571.64, 50=531, 90=803, 99=1206, 99.9=1786, 99.99=2030] [CLEANUP: Count=256, Max=4707, Min=27, Avg=861.53, 50=42, 90=2923, 99=4655, 99.9=4707, 99.99=4707] [INSERT: Count=519, Max=1282, Min=181, Avg=442.22, 50=408, 90=630, 99=1038, 99.9=1282, 99.99=1282] [Intended-READ: Count=9765, Max=2097, Min=266, Avg=572, 50=531, 90=803, 99=1220, 99.9=1792, 99.99=2097] [Intended-CLEANUP: Count=256, Max=4707, Min=27, Avg=861.67, 50=42, 90=2925, 99=4655, 99.9=4707, 99.99=4707] [Intended-INSERT: Count=457, Max=1282, Min=181, Avg=442.94, 50=408, 90=636, 99=1038, 99.9=1282, 99.99=1282] 
[OVERALL], RunTime(ms), 300032
[OVERALL], Throughput(ops/sec), 448832.3678807594
[TOTAL_GCS_G1_Young_Generation], Count, 1219
[TOTAL_GC_TIME_G1_Young_Generation], Time(ms), 1256
[TOTAL_GC_TIME_%_G1_Young_Generation], Time(%), 0.4186220136518771
[TOTAL_GCS_G1_Old_Generation], Count, 0
[TOTAL_GC_TIME_G1_Old_Generation], Time(ms), 0
[TOTAL_GC_TIME_%_G1_Old_Generation], Time(%), 0.0
[TOTAL_GCs], Count, 1219
[TOTAL_GC_TIME], Time(ms), 1256
[TOTAL_GC_TIME_%], Time(%), 0.4186220136518771
[READ], Operations, 127933725
[READ], AverageLatency(us), 574.2072633154393
[READ], MinLatency(us), 168
[READ], MaxLatency(us), 118975
[READ], 50thPercentileLatency(us), 530
[READ], 95thPercentileLatency(us), 925
[READ], 99thPercentileLatency(us), 1216
[READ], 99.9PercentileLatency(us), 2623
[READ], 99.99PercentileLatency(us), 4635
[READ], Return=OK, 127933725
[CLEANUP], Operations, 256
[CLEANUP], AverageLatency(us), 861.53125
[CLEANUP], MinLatency(us), 27
[CLEANUP], MaxLatency(us), 4707
[CLEANUP], 50thPercentileLatency(us), 42
[CLEANUP], 95thPercentileLatency(us), 4167
[CLEANUP], 99thPercentileLatency(us), 4655
[CLEANUP], 99.9PercentileLatency(us), 4707
[CLEANUP], 99.99PercentileLatency(us), 4707
[INSERT], Operations, 6730348
[INSERT], AverageLatency(us), 451.69894038168604
[INSERT], MinLatency(us), 157
[INSERT], MaxLatency(us), 102847
[INSERT], 50thPercentileLatency(us), 412
[INSERT], 95thPercentileLatency(us), 775
[INSERT], 99thPercentileLatency(us), 1037
[INSERT], 99.9PercentileLatency(us), 1690
[INSERT], 99.99PercentileLatency(us), 2271
[INSERT], Return=OK, 6730348
[Intended-READ], Operations, 127933725
[Intended-READ], AverageLatency(us), 574.2419200957371
[Intended-READ], MinLatency(us), 168
[Intended-READ], MaxLatency(us), 118975
[Intended-READ], 50thPercentileLatency(us), 530
[Intended-READ], 95thPercentileLatency(us), 925
[Intended-READ], 99thPercentileLatency(us), 1216
[Intended-READ], 99.9PercentileLatency(us), 2623
[Intended-READ], 99.99PercentileLatency(us), 4635
[Intended-CLEANUP], Operations, 256
[Intended-CLEANUP], AverageLatency(us), 861.671875
[Intended-CLEANUP], MinLatency(us), 27
[Intended-CLEANUP], MaxLatency(us), 4707
[Intended-CLEANUP], 50thPercentileLatency(us), 42
[Intended-CLEANUP], 95thPercentileLatency(us), 4167
[Intended-CLEANUP], 99thPercentileLatency(us), 4655
[Intended-CLEANUP], 99.9PercentileLatency(us), 4707
[Intended-CLEANUP], 99.99PercentileLatency(us), 4707
[Intended-INSERT], Operations, 6730348
[Intended-INSERT], AverageLatency(us), 451.73383664559395
[Intended-INSERT], MinLatency(us), 157
[Intended-INSERT], MaxLatency(us), 102847
[Intended-INSERT], 50thPercentileLatency(us), 412
[Intended-INSERT], 95thPercentileLatency(us), 775
[Intended-INSERT], 99thPercentileLatency(us), 1037
[Intended-INSERT], 99.9PercentileLatency(us), 1690
[Intended-INSERT], 99.99PercentileLatency(us), 2271
