java -cp /mnt/dev/YCSB-aerospike-dist/aerospike-binding/conf:/mnt/dev/YCSB-aerospike-dist/conf:/mnt/dev/YCSB-aerospike-dist/lib/aerospike-client-3.1.2.jar:/mnt/dev/YCSB-aerospike-dist/lib/htrace-core4-4.1.0-incubating.jar:/mnt/dev/YCSB-aerospike-dist/lib/jbcrypt-0.3m.jar:/mnt/dev/YCSB-aerospike-dist/lib/jackson-mapper-asl-1.9.4.jar:/mnt/dev/YCSB-aerospike-dist/lib/aerospike-binding-0.18.0-SNAPSHOT.jar:/mnt/dev/YCSB-aerospike-dist/lib/HdrHistogram-2.1.12.jar:/mnt/dev/YCSB-aerospike-dist/lib/jackson-core-asl-1.9.4.jar:/mnt/dev/YCSB-aerospike-dist/lib/core-0.18.0-SNAPSHOT.jar:/mnt/dev/YCSB-aerospike-dist/lib/luaj-jse-3.0.jar:/mnt/dev/YCSB-aerospike-dist/lib/gnu-crypto-2.0.1.jar site.ycsb.Client -db site.ycsb.db.AerospikeClient -s -threads 256 -P /mnt/dev/YCSB-aerospike-dist/workloads/workloada -target 100000 -p recordcount=4000000000 -p operationcount=2000000000 -p fieldcount=10 -p fieldlength=128 -p fieldlengthdistribution=constant -p readallfields=true -p writeallfields=true -p insertorder=hashed -p requestdistribution=uniform -p readproportion=0.95 -p updateproportion=0 -p insertproportion=0.05 -p scanproportion=0 -p readmodifywriteproportion=0 -p measurementtype=hdrhistogram -p measurement.interval=both -p hdrhistogram.percentiles=50,95,99,99.9,99.99 -p status.interval=10 -p maxexecutiontime=300 -p insertstart=0 -p insertcount=100000000 -p as.host=172.16.0.4 -p as.port=3000 -p as.namespace=ycsb -p as.timeout=10000 -t
Command line: -db site.ycsb.db.AerospikeClient -s -threads 256 -P /mnt/dev/YCSB-aerospike-dist/workloads/workloada -target 100000 -p recordcount=4000000000 -p operationcount=2000000000 -p fieldcount=10 -p fieldlength=128 -p fieldlengthdistribution=constant -p readallfields=true -p writeallfields=true -p insertorder=hashed -p requestdistribution=uniform -p readproportion=0.95 -p updateproportion=0 -p insertproportion=0.05 -p scanproportion=0 -p readmodifywriteproportion=0 -p measurementtype=hdrhistogram -p measurement.interval=both -p hdrhistogram.percentiles=50,95,99,99.9,99.99 -p status.interval=10 -p maxexecutiontime=300 -p insertstart=0 -p insertcount=100000000 -p as.host=172.16.0.4 -p as.port=3000 -p as.namespace=ycsb -p as.timeout=10000 -t
YCSB Client 0.18.0-SNAPSHOT

Loading workload...
Starting test.
Maximum execution time specified as: 300 secs
2026-09-16 03:37:21:608 0 sec: 0 operations; est completion in 0 second 
DBWrapper: report latency for each error is false and specific error codes to track for latency are: []
2026-09-16 03:37:31:492 10 sec: 973737 operations; 97373.7 current ops/sec; est completion in 5 hours 42 minutes [READ: Count=925136, Max=24751, Min=158, Avg=292.76, 50=281, 90=348, 99=446, 99.9=907, 99.99=2669] [INSERT: Count=48674, Max=4783, Min=156, Avg=225.86, 50=212, 90=285, 99=389, 99.9=1069, 99.99=3095] [Intended-READ: Count=925565, Max=80703, Min=188, Avg=450.39, 50=341, 90=410, 99=600, 99.9=31599, 99.99=56735] [Intended-INSERT: Count=48690, Max=74879, Min=173, Avg=399.37, 50=272, 90=347, 99=547, 99.9=34399, 99.99=63423] 
2026-09-16 03:37:41:492 20 sec: 1973733 operations; 99999.6 current ops/sec; est completion in 5 hours 37 minutes [READ: Count=950476, Max=4239, Min=157, Avg=291.75, 50=282, 90=347, 99=439, 99.9=564, 99.99=1773] [INSERT: Count=49494, Max=2129, Min=153, Avg=223.25, 50=212, 90=283, 99=377, 99.9=485, 99.99=1288] [Intended-READ: Count=950232, Max=4303, Min=187, Avg=351.78, 50=341, 90=407, 99=507, 99.9=1379, 99.99=2467] [Intended-INSERT: Count=49481, Max=3409, Min=174, Avg=283.71, 50=272, 90=343, 99=444, 99.9=1196, 99.99=2289] 
2026-09-16 03:37:51:492 30 sec: 2973724 operations; 99999.1 current ops/sec; est completion in 5 hours 35 minutes [READ: Count=949884, Max=5191, Min=165, Avg=290.76, 50=281, 90=344, 99=433, 99.9=551, 99.99=1453] [INSERT: Count=50110, Max=1767, Min=157, Avg=222.69, 50=212, 90=279, 99=372, 99.9=476, 99.99=1393] [Intended-READ: Count=949921, Max=5215, Min=194, Avg=350.28, 50=341, 90=404, 99=499, 99.9=1186, 99.99=1610] [Intended-INSERT: Count=50114, Max=2087, Min=175, Avg=282.79, 50=272, 90=339, 99=441, 99.9=1136, 99.99=1538] 
2026-09-16 03:38:01:492 40 sec: 3973724 operations; 100000 current ops/sec; est completion in 5 hours 34 minutes [READ: Count=949882, Max=1904, Min=177, Avg=290.8, 50=281, 90=345, 99=437, 99.9=569, 99.99=1335] [INSERT: Count=50106, Max=1660, Min=154, Avg=222.67, 50=211, 90=281, 99=375, 99.9=484, 99.99=1295] [Intended-READ: Count=949763, Max=1963, Min=191, Avg=350.02, 50=341, 90=404, 99=502, 99.9=1126, 99.99=1471] [Intended-INSERT: Count=50108, Max=1733, Min=176, Avg=282.27, 50=271, 90=341, 99=440, 99.9=1119, 99.99=1419] 
2026-09-16 03:38:11:492 50 sec: 4973731 operations; 100000.7 current ops/sec; est completion in 5 hours 34 minutes [READ: Count=950013, Max=1899, Min=177, Avg=290.38, 50=281, 90=344, 99=434, 99.9=559, 99.99=1336] [INSERT: Count=49994, Max=1460, Min=155, Avg=221.87, 50=211, 90=278, 99=373, 99.9=477, 99.99=1260] [Intended-READ: Count=949988, Max=1977, Min=229, Avg=349.53, 50=340, 90=404, 99=499, 99.9=1156, 99.99=1488] [Intended-INSERT: Count=49990, Max=1614, Min=178, Avg=281.37, 50=271, 90=338, 99=439, 99.9=1057, 99.99=1447] 
2026-09-16 03:38:21:492 60 sec: 5973728 operations; 99999.7 current ops/sec; est completion in 5 hours 33 minutes [READ: Count=950246, Max=1794, Min=171, Avg=290.69, 50=281, 90=345, 99=438, 99.9=549, 99.99=1312] [INSERT: Count=49770, Max=1610, Min=154, Avg=222.64, 50=211, 90=281, 99=375, 99.9=483, 99.99=1147] [Intended-READ: Count=950358, Max=1903, Min=221, Avg=349.8, 50=340, 90=405, 99=503, 99.9=1122, 99.99=1464] [Intended-INSERT: Count=49770, Max=1670, Min=174, Avg=281.99, 50=271, 90=341, 99=440, 99.9=979, 99.99=1421] 
2026-09-16 03:38:31:492 70 sec: 6973716 operations; 99998.8 current ops/sec; est completion in 5 hours 33 minutes [READ: Count=949922, Max=1961, Min=190, Avg=290.64, 50=281, 90=344, 99=435, 99.9=546, 99.99=1356] [INSERT: Count=50061, Max=1662, Min=152, Avg=222.43, 50=212, 90=280, 99=374, 99.9=497, 99.99=1219] [Intended-READ: Count=949823, Max=2022, Min=232, Avg=349.94, 50=341, 90=404, 99=500, 99.9=1174, 99.99=1502] [Intended-INSERT: Count=50058, Max=1722, Min=170, Avg=281.98, 50=272, 90=340, 99=439, 99.9=1024, 99.99=1414] 
2026-09-16 03:38:41:492 80 sec: 7973717 operations; 100000.1 current ops/sec; est completion in 5 hours 33 minutes [READ: Count=950370, Max=4527, Min=173, Avg=291.12, 50=282, 90=344, 99=436, 99.9=549, 99.99=1294] [INSERT: Count=49621, Max=1331, Min=156, Avg=223.08, 50=212, 90=279, 99=375, 99.9=487, 99.99=1217] [Intended-READ: Count=950363, Max=4603, Min=210, Avg=350.37, 50=341, 90=404, 99=502, 99.9=1163, 99.99=1520] [Intended-INSERT: Count=49627, Max=1427, Min=175, Avg=282.49, 50=272, 90=339, 99=440, 99.9=1060, 99.99=1361] 
2026-09-16 03:38:51:492 90 sec: 8973730 operations; 100001.3 current ops/sec; est completion in 5 hours 32 minutes [READ: Count=950127, Max=2071, Min=171, Avg=291.67, 50=282, 90=346, 99=434, 99.9=550, 99.99=1309] [INSERT: Count=49877, Max=1355, Min=151, Avg=223.4, 50=213, 90=280, 99=372, 99.9=471, 99.99=1133] [Intended-READ: Count=950103, Max=2129, Min=231, Avg=350.85, 50=342, 90=405, 99=499, 99.9=1132, 99.99=1504] [Intended-INSERT: Count=49874, Max=1961, Min=177, Avg=282.78, 50=273, 90=340, 99=435, 99.9=836, 99.99=1527] 
2026-09-16 03:39:01:492 100 sec: 9973731 operations; 100000.1 current ops/sec; est completion in 5 hours 32 minutes [READ: Count=949912, Max=1940, Min=167, Avg=290.89, 50=281, 90=345, 99=438, 99.9=568, 99.99=1356] [INSERT: Count=50081, Max=1770, Min=154, Avg=223.07, 50=212, 90=280, 99=376, 99.9=496, 99.99=1205] [Intended-READ: Count=949912, Max=2001, Min=208, Avg=350.01, 50=341, 90=404, 99=504, 99.9=1174, 99.99=1524] [Intended-INSERT: Count=50078, Max=1831, Min=173, Avg=282.15, 50=272, 90=340, 99=441, 99.9=946, 99.99=1400] 
2026-09-16 03:39:11:492 110 sec: 10973722 operations; 99999.1 current ops/sec; est completion in 5 hours 32 minutes [READ: Count=950004, Max=1873, Min=164, Avg=289.98, 50=280, 90=344, 99=433, 99.9=554, 99.99=1258] [INSERT: Count=50003, Max=1414, Min=154, Avg=222.4, 50=211, 90=279, 99=372, 99.9=485, 99.99=1172] [Intended-READ: Count=949990, Max=1935, Min=205, Avg=348.91, 50=340, 90=403, 99=497, 99.9=1102, 99.99=1457] [Intended-INSERT: Count=50002, Max=1625, Min=171, Avg=281.65, 50=271, 90=339, 99=439, 99.9=1008, 99.99=1360] 
2026-09-16 03:39:21:492 120 sec: 11973719 operations; 99999.7 current ops/sec; est completion in 5 hours 32 minutes [READ: Count=949931, Max=2051, Min=170, Avg=291.33, 50=281, 90=346, 99=439, 99.9=560, 99.99=1307] [INSERT: Count=50053, Max=1501, Min=151, Avg=223.62, 50=212, 90=282, 99=376, 99.9=482, 99.99=1152] [Intended-READ: Count=949943, Max=2111, Min=202, Avg=350.68, 50=341, 90=406, 99=505, 99.9=1145, 99.99=1469] [Intended-INSERT: Count=50055, Max=1572, Min=175, Avg=283.41, 50=272, 90=343, 99=445, 99.9=1081, 99.99=1348] 
2026-09-16 03:39:31:492 130 sec: 12973730 operations; 100001.1 current ops/sec; est completion in 5 hours 31 minutes [READ: Count=949839, Max=1845, Min=177, Avg=291.48, 50=282, 90=345, 99=435, 99.9=551, 99.99=1368] [INSERT: Count=50167, Max=1313, Min=152, Avg=224.1, 50=213, 90=282, 99=374, 99.9=485, 99.99=1203] [Intended-READ: Count=949835, Max=2077, Min=219, Avg=350.91, 50=342, 90=405, 99=501, 99.9=1184, 99.99=1513] [Intended-INSERT: Count=50166, Max=1906, Min=165, Avg=283.73, 50=273, 90=342, 99=439, 99.9=1064, 99.99=1397] 
2026-09-16 03:39:41:492 140 sec: 13973727 operations; 99999.7 current ops/sec; est completion in 5 hours 31 minutes [READ: Count=950131, Max=4447, Min=176, Avg=290.77, 50=281, 90=344, 99=434, 99.9=557, 99.99=1337] [INSERT: Count=49876, Max=1873, Min=154, Avg=223.29, 50=212, 90=280, 99=376, 99.9=486, 99.99=1165] [Intended-READ: Count=950139, Max=4463, Min=201, Avg=350.04, 50=341, 90=404, 99=500, 99.9=1133, 99.99=1520] [Intended-INSERT: Count=49877, Max=1938, Min=178, Avg=282.77, 50=272, 90=340, 99=442, 99.9=997, 99.99=1445] 
2026-09-16 03:39:51:492 150 sec: 14973717 operations; 99999 current ops/sec; est completion in 5 hours 31 minutes [READ: Count=949625, Max=1817, Min=163, Avg=290.61, 50=281, 90=344, 99=434, 99.9=550, 99.99=1258] [INSERT: Count=50366, Max=1403, Min=151, Avg=222.94, 50=212, 90=280, 99=375, 99.9=487, 99.99=1157] [Intended-READ: Count=949609, Max=2113, Min=215, Avg=349.86, 50=341, 90=404, 99=500, 99.9=1116, 99.99=1468] [Intended-INSERT: Count=50365, Max=1839, Min=165, Avg=282.42, 50=272, 90=340, 99=439, 99.9=983, 99.99=1436] 
2026-09-16 03:40:01:492 160 sec: 15973721 operations; 100000.4 current ops/sec; est completion in 5 hours 31 minutes [READ: Count=949990, Max=2083, Min=172, Avg=291.2, 50=281, 90=346, 99=435, 99.9=547, 99.99=1410] [INSERT: Count=50007, Max=1486, Min=146, Avg=223.73, 50=213, 90=282, 99=373, 99.9=471, 99.99=1252] [Intended-READ: Count=949998, Max=2127, Min=230, Avg=350.55, 50=341, 90=406, 99=500, 99.9=1155, 99.99=1577] [Intended-INSERT: Count=50006, Max=1732, Min=169, Avg=283.43, 50=273, 90=343, 99=439, 99.9=1059, 99.99=1490] 
2026-09-16 03:40:11:492 170 sec: 16973729 operations; 100000.8 current ops/sec; est completion in 5 hours 31 minutes [READ: Count=950272, Max=2021, Min=174, Avg=290.79, 50=282, 90=344, 99=429, 99.9=537, 99.99=1308] [INSERT: Count=49732, Max=1431, Min=150, Avg=223.49, 50=213, 90=280, 99=366, 99.9=479, 99.99=1190] [Intended-READ: Count=950282, Max=2089, Min=214, Avg=350.22, 50=341, 90=404, 99=493, 99.9=1138, 99.99=1482] [Intended-INSERT: Count=49732, Max=1730, Min=171, Avg=283.35, 50=273, 90=340, 99=434, 99.9=1128, 99.99=1445] 
2026-09-16 03:40:21:492 180 sec: 17973719 operations; 99999 current ops/sec; est completion in 5 hours 30 minutes [READ: Count=950153, Max=1957, Min=173, Avg=290.99, 50=281, 90=346, 99=431, 99.9=543, 99.99=1360] [INSERT: Count=49848, Max=1814, Min=152, Avg=223.71, 50=212, 90=282, 99=371, 99.9=464, 99.99=1311] [Intended-READ: Count=950135, Max=2021, Min=214, Avg=350.22, 50=341, 90=405, 99=495, 99.9=1187, 99.99=1523] [Intended-INSERT: Count=49847, Max=1930, Min=170, Avg=283.37, 50=273, 90=342, 99=437, 99.9=1080, 99.99=1471] 
2026-09-16 03:40:31:492 190 sec: 18973718 operations; 99999.9 current ops/sec; est completion in 5 hours 30 minutes [READ: Count=950113, Max=1781, Min=178, Avg=290.06, 50=281, 90=343, 99=431, 99.9=552, 99.99=1290] [INSERT: Count=49881, Max=1704, Min=153, Avg=222.94, 50=212, 90=279, 99=371, 99.9=483, 99.99=1251] [Intended-READ: Count=950115, Max=1842, Min=232, Avg=349.24, 50=340, 90=402, 99=496, 99.9=1168, 99.99=1432] [Intended-INSERT: Count=49882, Max=1769, Min=177, Avg=282.46, 50=272, 90=340, 99=436, 99.9=1052, 99.99=1410] 
2026-09-16 03:40:41:492 200 sec: 19973720 operations; 100000.2 current ops/sec; est completion in 5 hours 30 minutes [READ: Count=950016, Max=3791, Min=168, Avg=289.77, 50=280, 90=344, 99=432, 99.9=546, 99.99=1295] [INSERT: Count=49981, Max=3093, Min=154, Avg=222.79, 50=212, 90=279, 99=374, 99.9=502, 99.99=1300] [Intended-READ: Count=950031, Max=3853, Min=227, Avg=348.84, 50=340, 90=403, 99=498, 99.9=1139, 99.99=1498] [Intended-INSERT: Count=49981, Max=3155, Min=175, Avg=282.08, 50=272, 90=339, 99=439, 99.9=1052, 99.99=1559] 
2026-09-16 03:40:51:492 210 sec: 20973730 operations; 100001 current ops/sec; est completion in 5 hours 30 minutes [READ: Count=950301, Max=1999, Min=164, Avg=289.25, 50=280, 90=343, 99=432, 99.9=546, 99.99=1296] [INSERT: Count=49705, Max=1258, Min=155, Avg=222.13, 50=211, 90=280, 99=372, 99.9=471, 99.99=1219] [Intended-READ: Count=950282, Max=2059, Min=222, Avg=347.87, 50=339, 90=402, 99=496, 99.9=1109, 99.99=1442] [Intended-INSERT: Count=49708, Max=1351, Min=172, Avg=280.98, 50=271, 90=340, 99=435, 99.9=914, 99.99=1300] 
2026-09-16 03:41:01:492 220 sec: 21973718 operations; 99998.8 current ops/sec; est completion in 5 hours 30 minutes [READ: Count=949970, Max=1833, Min=171, Avg=288.29, 50=279, 90=341, 99=426, 99.9=541, 99.99=1264] [INSERT: Count=50025, Max=1191, Min=150, Avg=220.86, 50=211, 90=276, 99=362, 99.9=457, 99.99=1154] [Intended-READ: Count=949968, Max=1892, Min=221, Avg=346.84, 50=338, 90=399, 99=490, 99.9=1096, 99.99=1434] [Intended-INSERT: Count=50024, Max=1571, Min=172, Avg=279.64, 50=270, 90=336, 99=426, 99.9=891, 99.99=1286] 
2026-09-16 03:41:11:492 230 sec: 22973717 operations; 99999.9 current ops/sec; est completion in 5 hours 29 minutes [READ: Count=950145, Max=3803, Min=187, Avg=289.69, 50=280, 90=344, 99=436, 99.9=583, 99.99=1385] [INSERT: Count=49857, Max=1986, Min=155, Avg=221.86, 50=211, 90=277, 99=373, 99.9=500, 99.99=1297] [Intended-READ: Count=950151, Max=3863, Min=231, Avg=348.48, 50=339, 90=403, 99=501, 99.9=1159, 99.99=1560] [Intended-INSERT: Count=49856, Max=3485, Min=175, Avg=280.9, 50=271, 90=337, 99=438, 99.9=955, 99.99=1829] 
2026-09-16 03:41:21:492 240 sec: 23973719 operations; 100000.2 current ops/sec; est completion in 5 hours 29 minutes [READ: Count=949942, Max=1842, Min=171, Avg=289.78, 50=280, 90=345, 99=434, 99.9=557, 99.99=1278] [INSERT: Count=50057, Max=1582, Min=154, Avg=222.87, 50=211, 90=282, 99=373, 99.9=481, 99.99=1202] [Intended-READ: Count=949942, Max=1893, Min=199, Avg=348.38, 50=339, 90=404, 99=498, 99.9=1118, 99.99=1445] [Intended-INSERT: Count=50059, Max=1642, Min=174, Avg=281.64, 50=271, 90=341, 99=437, 99.9=926, 99.99=1308] 
2026-09-16 03:41:31:492 250 sec: 24973730 operations; 100001.1 current ops/sec; est completion in 5 hours 29 minutes [READ: Count=949903, Max=1921, Min=183, Avg=290.16, 50=280, 90=345, 99=434, 99.9=553, 99.99=1313] [INSERT: Count=50099, Max=1293, Min=150, Avg=223.29, 50=212, 90=282, 99=375, 99.9=476, 99.99=1162] [Intended-READ: Count=949880, Max=2010, Min=227, Avg=348.79, 50=339, 90=404, 99=498, 99.9=1121, 99.99=1480] [Intended-INSERT: Count=50096, Max=1460, Min=167, Avg=282.28, 50=271, 90=342, 99=441, 99.9=1086, 99.99=1367] 
2026-09-16 03:41:41:492 260 sec: 25973714 operations; 99998.4 current ops/sec; est completion in 5 hours 29 minutes [READ: Count=949709, Max=4667, Min=174, Avg=289.86, 50=280, 90=344, 99=435, 99.9=553, 99.99=1415] [INSERT: Count=50296, Max=1388, Min=156, Avg=222.79, 50=211, 90=282, 99=373, 99.9=478, 99.99=1104] [Intended-READ: Count=949857, Max=4695, Min=225, Avg=348.53, 50=339, 90=403, 99=501, 99.9=1142, 99.99=1649] [Intended-INSERT: Count=50306, Max=1895, Min=175, Avg=281.74, 50=271, 90=341, 99=438, 99.9=967, 99.99=1424] 
2026-09-16 03:41:51:492 270 sec: 26973717 operations; 100000.3 current ops/sec; est completion in 5 hours 29 minutes [READ: Count=949946, Max=2169, Min=173, Avg=288.07, 50=279, 90=339, 99=424, 99.9=534, 99.99=1335] [INSERT: Count=50043, Max=1757, Min=154, Avg=220.95, 50=211, 90=276, 99=364, 99.9=468, 99.99=1264] [Intended-READ: Count=949853, Max=2229, Min=209, Avg=346.76, 50=338, 90=399, 99=487, 99.9=1118, 99.99=1481] [Intended-INSERT: Count=50038, Max=1815, Min=174, Avg=279.86, 50=270, 90=335, 99=428, 99.9=1002, 99.99=1401] 
2026-09-16 03:42:01:492 280 sec: 27973723 operations; 100000.6 current ops/sec; est completion in 5 hours 28 minutes [READ: Count=950141, Max=2004, Min=170, Avg=289.07, 50=280, 90=342, 99=428, 99.9=542, 99.99=1331] [INSERT: Count=49861, Max=1564, Min=152, Avg=222.23, 50=211, 90=279, 99=369, 99.9=477, 99.99=1344] [Intended-READ: Count=950102, Max=2073, Min=226, Avg=347.62, 50=339, 90=401, 99=491, 99.9=1138, 99.99=1504] [Intended-INSERT: Count=49856, Max=1679, Min=167, Avg=281.27, 50=271, 90=338, 99=432, 99.9=1083, 99.99=1449] 
2026-09-16 03:42:11:492 290 sec: 28973730 operations; 100000.7 current ops/sec; est completion in 5 hours 28 minutes [READ: Count=949568, Max=2147, Min=167, Avg=289.43, 50=280, 90=343, 99=429, 99.9=538, 99.99=1310] [INSERT: Count=50433, Max=1722, Min=153, Avg=222.56, 50=212, 90=280, 99=366, 99.9=467, 99.99=1204] [Intended-READ: Count=949560, Max=2209, Min=212, Avg=348.13, 50=339, 90=403, 99=493, 99.9=1126, 99.99=1464] [Intended-INSERT: Count=50434, Max=1784, Min=171, Avg=281.56, 50=271, 90=340, 99=430, 99.9=1052, 99.99=1348] 
2026-09-16 03:42:21:492 300 sec: 29973713 operations; 99998.3 current ops/sec; est completion in 5 hours 28 minutes [READ: Count=950203, Max=1818, Min=174, Avg=290.33, 50=280, 90=346, 99=433, 99.9=538, 99.99=1295] [INSERT: Count=49794, Max=1754, Min=152, Avg=223.83, 50=212, 90=284, 99=374, 99.9=474, 99.99=1283] [Intended-READ: Count=950207, Max=1930, Min=229, Avg=348.88, 50=339, 90=406, 99=497, 99.9=1119, 99.99=1474] [Intended-INSERT: Count=49799, Max=1816, Min=177, Avg=282.86, 50=272, 90=343, 99=439, 99.9=1089, 99.99=1406] 
Maximum time elapsed. Requesting stop for the workload.
Stop requested for workload. Now Joining!
2026-09-16 03:42:21:526 300 sec: 29976487 operations; 81588.24 current ops/sec; est completion in 5 hours 28 minutes [READ: Count=2604, Max=530, Min=222, Avg=291.53, 50=281, 90=354, 99=448, 99.9=513, 99.99=530] [CLEANUP: Count=256, Max=2653, Min=29, Avg=149.42, 50=42, 90=327, 99=1871, 99.9=2653, 99.99=2653] [INSERT: Count=141, Max=386, Min=158, Avg=222.99, 50=216, 90=267, 99=372, 99.9=386, 99.99=386] [Intended-READ: Count=2567, Max=590, Min=249, Avg=349.45, 50=340, 90=411, 99=508, 99.9=584, 99.99=590] [Intended-CLEANUP: Count=256, Max=2653, Min=29, Avg=149.64, 50=42, 90=327, 99=1872, 99.9=2653, 99.99=2653] [Intended-INSERT: Count=134, Max=445, Min=177, Avg=282.51, 50=279, 90=332, 99=404, 99.9=445, 99.99=445] 
[OVERALL], RunTime(ms), 300033
[OVERALL], Throughput(ops/sec), 99910.63316368533
[TOTAL_GCS_G1_Young_Generation], Count, 410
[TOTAL_GC_TIME_G1_Young_Generation], Time(ms), 380
[TOTAL_GC_TIME_%_G1_Young_Generation], Time(%), 0.12665273486583142
[TOTAL_GCS_G1_Old_Generation], Count, 0
[TOTAL_GC_TIME_G1_Old_Generation], Time(ms), 0
[TOTAL_GC_TIME_%_G1_Old_Generation], Time(%), 0.0
[TOTAL_GCs], Count, 410
[TOTAL_GC_TIME], Time(ms), 380
[TOTAL_GC_TIME_%], Time(%), 0.12665273486583142
[READ], Operations, 28478474
[READ], AverageLatency(us), 290.41032841155743
[READ], MinLatency(us), 157
[READ], MaxLatency(us), 24751
[READ], 50thPercentileLatency(us), 281
[READ], 95thPercentileLatency(us), 371
[READ], 99thPercentileLatency(us), 434
[READ], 99.9PercentileLatency(us), 555
[READ], 99.99PercentileLatency(us), 1371
[READ], Return=OK, 28478474
[CLEANUP], Operations, 256
[CLEANUP], AverageLatency(us), 149.421875
[CLEANUP], MinLatency(us), 29
[CLEANUP], MaxLatency(us), 2653
[CLEANUP], 50thPercentileLatency(us), 42
[CLEANUP], 95thPercentileLatency(us), 821
[CLEANUP], 99thPercentileLatency(us), 1871
[CLEANUP], 99.9PercentileLatency(us), 2653
[CLEANUP], 99.99PercentileLatency(us), 2653
[INSERT], Operations, 1498013
[INSERT], AverageLatency(us), 222.90854418486356
[INSERT], MinLatency(us), 146
[INSERT], MaxLatency(us), 4783
[INSERT], 50thPercentileLatency(us), 212
[INSERT], 95thPercentileLatency(us), 308
[INSERT], 99thPercentileLatency(us), 373
[INSERT], 99.9PercentileLatency(us), 485
[INSERT], 99.99PercentileLatency(us), 1269
[INSERT], Return=OK, 1498013
[Intended-READ], Operations, 28478474
[Intended-READ], AverageLatency(us), 352.67407288045
[Intended-READ], MinLatency(us), 187
[Intended-READ], MaxLatency(us), 80703
[Intended-READ], 50thPercentileLatency(us), 340
[Intended-READ], 95thPercentileLatency(us), 432
[Intended-READ], 99thPercentileLatency(us), 500
[Intended-READ], 99.9PercentileLatency(us), 1219
[Intended-READ], 99.99PercentileLatency(us), 12159
[Intended-CLEANUP], Operations, 256
[Intended-CLEANUP], AverageLatency(us), 149.640625
[Intended-CLEANUP], MinLatency(us), 29
[Intended-CLEANUP], MaxLatency(us), 2653
[Intended-CLEANUP], 50thPercentileLatency(us), 42
[Intended-CLEANUP], 95thPercentileLatency(us), 821
[Intended-CLEANUP], 99thPercentileLatency(us), 1872
[Intended-CLEANUP], 99.9PercentileLatency(us), 2653
[Intended-CLEANUP], 99.99PercentileLatency(us), 2653
[Intended-INSERT], Operations, 1498013
[Intended-INSERT], AverageLatency(us), 285.9780262254066
[Intended-INSERT], MinLatency(us), 165
[Intended-INSERT], MaxLatency(us), 74879
[Intended-INSERT], 50thPercentileLatency(us), 272
[Intended-INSERT], 95thPercentileLatency(us), 369
[Intended-INSERT], 99thPercentileLatency(us), 439
[Intended-INSERT], 99.9PercentileLatency(us), 1131
[Intended-INSERT], 99.99PercentileLatency(us), 15743
