java -cp /mnt/dev/YCSB-hreplace-dist/redis-binding/conf:/mnt/dev/YCSB-hreplace-dist/conf:/mnt/dev/YCSB-hreplace-dist/lib/htrace-core4-4.1.0-incubating.jar:/mnt/dev/YCSB-hreplace-dist/lib/slf4j-api-1.7.25.jar:/mnt/dev/YCSB-hreplace-dist/lib/jackson-mapper-asl-1.9.4.jar:/mnt/dev/YCSB-hreplace-dist/lib/HdrHistogram-2.1.12.jar:/mnt/dev/YCSB-hreplace-dist/lib/jackson-core-asl-1.9.4.jar:/mnt/dev/YCSB-hreplace-dist/lib/jedis-3.9.0.jar:/mnt/dev/YCSB-hreplace-dist/lib/core-0.18.0-SNAPSHOT.jar:/mnt/dev/YCSB-hreplace-dist/lib/commons-pool2-2.11.1.jar:/mnt/dev/YCSB-hreplace-dist/lib/redis-binding-0.18.0-SNAPSHOT.jar site.ycsb.Client -db site.ycsb.db.RedisClient -s -threads 256 -P /mnt/dev/YCSB-hreplace-dist/workloads/workloada -p recordcount=100000000 -p operationcount=1000000 -p fieldcount=10 -p fieldlength=128 -p fieldlengthdistribution=constant -p readallfields=true -p writeallfields=true -p insertorder=hashed -p requestdistribution=uniform -p readproportion=0.95 -p updateproportion=0.05 -p insertproportion=0 -p scanproportion=0 -p readmodifywriteproportion=0 -p measurementtype=hdrhistogram -p measurement.interval=both -p hdrhistogram.percentiles=50,95,99,99.9,99.99 -p status.interval=10 -p redis.host=172.16.0.4 -p redis.port=16379 -p redis.scanindex=none -p redis.timeout=10000 -p redis.cluster=false -p redis.updatecommand=keylane.hreplace -t
Command line: -db site.ycsb.db.RedisClient -s -threads 256 -P /mnt/dev/YCSB-hreplace-dist/workloads/workloada -p recordcount=100000000 -p operationcount=1000000 -p fieldcount=10 -p fieldlength=128 -p fieldlengthdistribution=constant -p readallfields=true -p writeallfields=true -p insertorder=hashed -p requestdistribution=uniform -p readproportion=0.95 -p updateproportion=0.05 -p insertproportion=0 -p scanproportion=0 -p readmodifywriteproportion=0 -p measurementtype=hdrhistogram -p measurement.interval=both -p hdrhistogram.percentiles=50,95,99,99.9,99.99 -p status.interval=10 -p redis.host=172.16.0.4 -p redis.port=16379 -p redis.scanindex=none -p redis.timeout=10000 -p redis.cluster=false -p redis.updatecommand=keylane.hreplace -t
YCSB Client 0.18.0-SNAPSHOT

Loading workload...
Starting test.
SLF4J: Failed to load class "org.slf4j.impl.StaticLoggerBinder".
SLF4J: Defaulting to no-operation (NOP) logger implementation
SLF4J: See http://www.slf4j.org/codes.html#StaticLoggerBinder for further details.
2026-09-16 04:20:12:253 0 sec: 0 operations; est completion in 0 second 
DBWrapper: report latency for each error is false and specific error codes to track for latency are: []
2026-09-16 04:20:14:535 2 sec: 1000000 operations; 430848.77 current ops/sec; [READ: Count=949900, Max=70975, Min=220, Avg=522.36, 50=451, 90=636, 99=1702, 99.9=6383, 99.99=32079] [CLEANUP: Count=256, Max=855, Min=12, Avg=32.53, 50=21, 90=54, 99=109, 99.9=855, 99.99=855] [UPDATE: Count=50100, Max=68799, Min=171, Avg=433.4, 50=356, 90=533, 99=1762, 99.9=6971, 99.99=25167] [Intended-READ: Count=949900, Max=70975, Min=220, Avg=522.4, 50=451, 90=636, 99=1702, 99.9=6383, 99.99=32079] [Intended-CLEANUP: Count=256, Max=857, Min=12, Avg=32.97, 50=22, 90=54, 99=110, 99.9=857, 99.99=857] [Intended-UPDATE: Count=50100, Max=68799, Min=171, Avg=433.44, 50=356, 90=533, 99=1762, 99.9=6971, 99.99=25167] 
[OVERALL], RunTime(ms), 2321
[OVERALL], Throughput(ops/sec), 430848.77208099957
[TOTAL_GCS_G1_Young_Generation], Count, 17
[TOTAL_GC_TIME_G1_Young_Generation], Time(ms), 30
[TOTAL_GC_TIME_%_G1_Young_Generation], Time(%), 1.2925463162429989
[TOTAL_GCS_G1_Old_Generation], Count, 0
[TOTAL_GC_TIME_G1_Old_Generation], Time(ms), 0
[TOTAL_GC_TIME_%_G1_Old_Generation], Time(%), 0.0
[TOTAL_GCs], Count, 17
[TOTAL_GC_TIME], Time(ms), 30
[TOTAL_GC_TIME_%], Time(%), 1.2925463162429989
[READ], Operations, 949900
[READ], AverageLatency(us), 522.3561080113697
[READ], MinLatency(us), 220
[READ], MaxLatency(us), 70975
[READ], 50thPercentileLatency(us), 451
[READ], 95thPercentileLatency(us), 829
[READ], 99thPercentileLatency(us), 1702
[READ], 99.9PercentileLatency(us), 6383
[READ], 99.99PercentileLatency(us), 32079
[READ], Return=OK, 949900
[CLEANUP], Operations, 256
[CLEANUP], AverageLatency(us), 32.52734375
[CLEANUP], MinLatency(us), 12
[CLEANUP], MaxLatency(us), 855
[CLEANUP], 50thPercentileLatency(us), 21
[CLEANUP], 95thPercentileLatency(us), 79
[CLEANUP], 99thPercentileLatency(us), 109
[CLEANUP], 99.9PercentileLatency(us), 855
[CLEANUP], 99.99PercentileLatency(us), 855
[UPDATE], Operations, 50100
[UPDATE], AverageLatency(us), 433.40319361277443
[UPDATE], MinLatency(us), 171
[UPDATE], MaxLatency(us), 68799
[UPDATE], 50thPercentileLatency(us), 356
[UPDATE], 95thPercentileLatency(us), 787
[UPDATE], 99thPercentileLatency(us), 1762
[UPDATE], 99.9PercentileLatency(us), 6971
[UPDATE], 99.99PercentileLatency(us), 25167
[UPDATE], Return=OK, 50100
[Intended-READ], Operations, 949900
[Intended-READ], AverageLatency(us), 522.4014043583535
[Intended-READ], MinLatency(us), 220
[Intended-READ], MaxLatency(us), 70975
[Intended-READ], 50thPercentileLatency(us), 451
[Intended-READ], 95thPercentileLatency(us), 829
[Intended-READ], 99thPercentileLatency(us), 1702
[Intended-READ], 99.9PercentileLatency(us), 6383
[Intended-READ], 99.99PercentileLatency(us), 32079
[Intended-CLEANUP], Operations, 256
[Intended-CLEANUP], AverageLatency(us), 32.97265625
[Intended-CLEANUP], MinLatency(us), 12
[Intended-CLEANUP], MaxLatency(us), 857
[Intended-CLEANUP], 50thPercentileLatency(us), 22
[Intended-CLEANUP], 95thPercentileLatency(us), 79
[Intended-CLEANUP], 99thPercentileLatency(us), 110
[Intended-CLEANUP], 99.9PercentileLatency(us), 857
[Intended-CLEANUP], 99.99PercentileLatency(us), 857
[Intended-UPDATE], Operations, 50100
[Intended-UPDATE], AverageLatency(us), 433.4432734530938
[Intended-UPDATE], MinLatency(us), 171
[Intended-UPDATE], MaxLatency(us), 68799
[Intended-UPDATE], 50thPercentileLatency(us), 356
[Intended-UPDATE], 95thPercentileLatency(us), 787
[Intended-UPDATE], 99thPercentileLatency(us), 1762
[Intended-UPDATE], 99.9PercentileLatency(us), 6971
[Intended-UPDATE], 99.99PercentileLatency(us), 25167
