java -cp /mnt/dev/YCSB-hreplace-dist/redis-binding/conf:/mnt/dev/YCSB-hreplace-dist/conf:/mnt/dev/YCSB-hreplace-dist/lib/htrace-core4-4.1.0-incubating.jar:/mnt/dev/YCSB-hreplace-dist/lib/slf4j-api-1.7.25.jar:/mnt/dev/YCSB-hreplace-dist/lib/jackson-mapper-asl-1.9.4.jar:/mnt/dev/YCSB-hreplace-dist/lib/HdrHistogram-2.1.12.jar:/mnt/dev/YCSB-hreplace-dist/lib/jackson-core-asl-1.9.4.jar:/mnt/dev/YCSB-hreplace-dist/lib/jedis-3.9.0.jar:/mnt/dev/YCSB-hreplace-dist/lib/core-0.18.0-SNAPSHOT.jar:/mnt/dev/YCSB-hreplace-dist/lib/commons-pool2-2.11.1.jar:/mnt/dev/YCSB-hreplace-dist/lib/redis-binding-0.18.0-SNAPSHOT.jar site.ycsb.Client -db site.ycsb.db.RedisClient -s -threads 256 -P /mnt/dev/YCSB-hreplace-dist/workloads/workloada -p recordcount=100000000 -p operationcount=1000000 -p fieldcount=10 -p fieldlength=128 -p fieldlengthdistribution=constant -p readallfields=true -p writeallfields=true -p insertorder=hashed -p requestdistribution=uniform -p readproportion=0.5 -p updateproportion=0.5 -p insertproportion=0 -p scanproportion=0 -p readmodifywriteproportion=0 -p measurementtype=hdrhistogram -p measurement.interval=both -p hdrhistogram.percentiles=50,95,99,99.9,99.99 -p status.interval=10 -p redis.host=172.16.0.4 -p redis.port=16379 -p redis.scanindex=none -p redis.timeout=10000 -p redis.cluster=false -p redis.updatecommand=keylane.hreplace -t
Command line: -db site.ycsb.db.RedisClient -s -threads 256 -P /mnt/dev/YCSB-hreplace-dist/workloads/workloada -p recordcount=100000000 -p operationcount=1000000 -p fieldcount=10 -p fieldlength=128 -p fieldlengthdistribution=constant -p readallfields=true -p writeallfields=true -p insertorder=hashed -p requestdistribution=uniform -p readproportion=0.5 -p updateproportion=0.5 -p insertproportion=0 -p scanproportion=0 -p readmodifywriteproportion=0 -p measurementtype=hdrhistogram -p measurement.interval=both -p hdrhistogram.percentiles=50,95,99,99.9,99.99 -p status.interval=10 -p redis.host=172.16.0.4 -p redis.port=16379 -p redis.scanindex=none -p redis.timeout=10000 -p redis.cluster=false -p redis.updatecommand=keylane.hreplace -t
YCSB Client 0.18.0-SNAPSHOT

Loading workload...
Starting test.
SLF4J: Failed to load class "org.slf4j.impl.StaticLoggerBinder".
SLF4J: Defaulting to no-operation (NOP) logger implementation
SLF4J: See http://www.slf4j.org/codes.html#StaticLoggerBinder for further details.
2026-09-16 04:09:56:233 0 sec: 0 operations; est completion in 0 second 
DBWrapper: report latency for each error is false and specific error codes to track for latency are: []
2026-09-16 04:09:58:607 2 sec: 1000000 operations; 414593.7 current ops/sec; [READ: Count=500863, Max=78015, Min=210, Avg=570.65, 50=481, 90=695, 99=2545, 99.9=7847, 99.99=32831] [CLEANUP: Count=256, Max=773, Min=14, Avg=35.93, 50=26, 90=52, 99=131, 99.9=773, 99.99=773] [UPDATE: Count=499137, Max=76351, Min=158, Avg=473.94, 50=376, 90=590, 99=2377, 99.9=6775, 99.99=44063] [Intended-READ: Count=500863, Max=78015, Min=210, Avg=570.7, 50=481, 90=695, 99=2545, 99.9=7847, 99.99=32831] [Intended-CLEANUP: Count=256, Max=775, Min=14, Avg=36.21, 50=26, 90=52, 99=131, 99.9=775, 99.99=775] [Intended-UPDATE: Count=499137, Max=76351, Min=158, Avg=473.99, 50=376, 90=590, 99=2377, 99.9=6775, 99.99=44063] 
[OVERALL], RunTime(ms), 2412
[OVERALL], Throughput(ops/sec), 414593.69817578775
[TOTAL_GCS_G1_Young_Generation], Count, 22
[TOTAL_GC_TIME_G1_Young_Generation], Time(ms), 32
[TOTAL_GC_TIME_%_G1_Young_Generation], Time(%), 1.3266998341625207
[TOTAL_GCS_G1_Old_Generation], Count, 0
[TOTAL_GC_TIME_G1_Old_Generation], Time(ms), 0
[TOTAL_GC_TIME_%_G1_Old_Generation], Time(%), 0.0
[TOTAL_GCs], Count, 22
[TOTAL_GC_TIME], Time(ms), 32
[TOTAL_GC_TIME_%], Time(%), 1.3266998341625207
[READ], Operations, 500863
[READ], AverageLatency(us), 570.6533543104601
[READ], MinLatency(us), 210
[READ], MaxLatency(us), 78015
[READ], 50thPercentileLatency(us), 481
[READ], 95thPercentileLatency(us), 923
[READ], 99thPercentileLatency(us), 2545
[READ], 99.9PercentileLatency(us), 7847
[READ], 99.99PercentileLatency(us), 32831
[READ], Return=OK, 500863
[CLEANUP], Operations, 256
[CLEANUP], AverageLatency(us), 35.9296875
[CLEANUP], MinLatency(us), 14
[CLEANUP], MaxLatency(us), 773
[CLEANUP], 50thPercentileLatency(us), 26
[CLEANUP], 95thPercentileLatency(us), 82
[CLEANUP], 99thPercentileLatency(us), 131
[CLEANUP], 99.9PercentileLatency(us), 773
[CLEANUP], 99.99PercentileLatency(us), 773
[UPDATE], Operations, 499137
[UPDATE], AverageLatency(us), 473.9390007152345
[UPDATE], MinLatency(us), 158
[UPDATE], MaxLatency(us), 76351
[UPDATE], 50thPercentileLatency(us), 376
[UPDATE], 95thPercentileLatency(us), 899
[UPDATE], 99thPercentileLatency(us), 2377
[UPDATE], 99.9PercentileLatency(us), 6775
[UPDATE], 99.99PercentileLatency(us), 44063
[UPDATE], Return=OK, 499137
[Intended-READ], Operations, 500863
[Intended-READ], AverageLatency(us), 570.6957072093567
[Intended-READ], MinLatency(us), 210
[Intended-READ], MaxLatency(us), 78015
[Intended-READ], 50thPercentileLatency(us), 481
[Intended-READ], 95thPercentileLatency(us), 923
[Intended-READ], 99thPercentileLatency(us), 2545
[Intended-READ], 99.9PercentileLatency(us), 7847
[Intended-READ], 99.99PercentileLatency(us), 32831
[Intended-CLEANUP], Operations, 256
[Intended-CLEANUP], AverageLatency(us), 36.21484375
[Intended-CLEANUP], MinLatency(us), 14
[Intended-CLEANUP], MaxLatency(us), 775
[Intended-CLEANUP], 50thPercentileLatency(us), 26
[Intended-CLEANUP], 95thPercentileLatency(us), 82
[Intended-CLEANUP], 99thPercentileLatency(us), 131
[Intended-CLEANUP], 99.9PercentileLatency(us), 775
[Intended-CLEANUP], 99.99PercentileLatency(us), 775
[Intended-UPDATE], Operations, 499137
[Intended-UPDATE], AverageLatency(us), 473.9851303349581
[Intended-UPDATE], MinLatency(us), 158
[Intended-UPDATE], MaxLatency(us), 76351
[Intended-UPDATE], 50thPercentileLatency(us), 376
[Intended-UPDATE], 95thPercentileLatency(us), 899
[Intended-UPDATE], 99thPercentileLatency(us), 2377
[Intended-UPDATE], 99.9PercentileLatency(us), 6775
[Intended-UPDATE], 99.99PercentileLatency(us), 44063
