java -cp /mnt/dev/YCSB-aerospike-dist/aerospike-binding/conf:/mnt/dev/YCSB-aerospike-dist/conf:/mnt/dev/YCSB-aerospike-dist/lib/aerospike-client-3.1.2.jar:/mnt/dev/YCSB-aerospike-dist/lib/htrace-core4-4.1.0-incubating.jar:/mnt/dev/YCSB-aerospike-dist/lib/jbcrypt-0.3m.jar:/mnt/dev/YCSB-aerospike-dist/lib/jackson-mapper-asl-1.9.4.jar:/mnt/dev/YCSB-aerospike-dist/lib/aerospike-binding-0.18.0-SNAPSHOT.jar:/mnt/dev/YCSB-aerospike-dist/lib/HdrHistogram-2.1.12.jar:/mnt/dev/YCSB-aerospike-dist/lib/jackson-core-asl-1.9.4.jar:/mnt/dev/YCSB-aerospike-dist/lib/core-0.18.0-SNAPSHOT.jar:/mnt/dev/YCSB-aerospike-dist/lib/luaj-jse-3.0.jar:/mnt/dev/YCSB-aerospike-dist/lib/gnu-crypto-2.0.1.jar site.ycsb.Client -db site.ycsb.db.AerospikeClient -s -threads 256 -P /mnt/dev/YCSB-aerospike-dist/workloads/workloada -target 100000 -p recordcount=100000000 -p operationcount=2000000000 -p fieldcount=10 -p fieldlength=128 -p fieldlengthdistribution=constant -p readallfields=true -p writeallfields=true -p insertorder=hashed -p requestdistribution=uniform -p readproportion=0.95 -p updateproportion=0.05 -p insertproportion=0 -p scanproportion=0 -p readmodifywriteproportion=0 -p measurementtype=hdrhistogram -p measurement.interval=both -p hdrhistogram.percentiles=50,95,99,99.9,99.99 -p status.interval=10 -p maxexecutiontime=300 -p as.host=172.16.0.4 -p as.port=3000 -p as.namespace=ycsb -p as.timeout=10000 -t
Command line: -db site.ycsb.db.AerospikeClient -s -threads 256 -P /mnt/dev/YCSB-aerospike-dist/workloads/workloada -target 100000 -p recordcount=100000000 -p operationcount=2000000000 -p fieldcount=10 -p fieldlength=128 -p fieldlengthdistribution=constant -p readallfields=true -p writeallfields=true -p insertorder=hashed -p requestdistribution=uniform -p readproportion=0.95 -p updateproportion=0.05 -p insertproportion=0 -p scanproportion=0 -p readmodifywriteproportion=0 -p measurementtype=hdrhistogram -p measurement.interval=both -p hdrhistogram.percentiles=50,95,99,99.9,99.99 -p status.interval=10 -p maxexecutiontime=300 -p as.host=172.16.0.4 -p as.port=3000 -p as.namespace=ycsb -p as.timeout=10000 -t
YCSB Client 0.18.0-SNAPSHOT

Loading workload...
Starting test.
Maximum execution time specified as: 300 secs
2026-09-16 03:26:53:424 0 sec: 0 operations; est completion in 0 second 
DBWrapper: report latency for each error is false and specific error codes to track for latency are: []
2026-09-16 03:27:03:361 10 sec: 964803 operations; 96480.3 current ops/sec; est completion in 5 hours 45 minutes [READ: Count=916838, Max=22767, Min=159, Avg=295.64, 50=283, 90=353, 99=456, 99.9=834, 99.99=6083] [UPDATE: Count=48045, Max=26031, Min=151, Avg=226.24, 50=212, 90=282, 99=382, 99.9=741, 99.99=9855] [Intended-READ: Count=917338, Max=109247, Min=184, Avg=453.41, 50=342, 90=414, 99=558, 99.9=44415, 99.99=95103] [Intended-UPDATE: Count=48061, Max=101503, Min=171, Avg=370.08, 50=272, 90=343, 99=478, 99.9=35679, 99.99=90879] 
2026-09-16 03:27:13:361 20 sec: 1964798 operations; 99999.5 current ops/sec; est completion in 5 hours 38 minutes [READ: Count=950256, Max=2381, Min=156, Avg=291.73, 50=282, 90=348, 99=445, 99.9=589, 99.99=1422] [UPDATE: Count=49719, Max=1836, Min=152, Avg=220.35, 50=210, 90=276, 99=373, 99.9=521, 99.99=1398] [Intended-READ: Count=949921, Max=2761, Min=185, Avg=351.01, 50=341, 90=407, 99=511, 99.9=1258, 99.99=1796] [Intended-UPDATE: Count=49711, Max=2101, Min=173, Avg=280.02, 50=269, 90=335, 99=440, 99.9=1214, 99.99=1880] 
2026-09-16 03:27:23:361 30 sec: 2964797 operations; 99999.9 current ops/sec; est completion in 5 hours 36 minutes [READ: Count=949808, Max=1909, Min=155, Avg=293.02, 50=282, 90=352, 99=450, 99.9=589, 99.99=1327] [UPDATE: Count=50180, Max=1305, Min=154, Avg=221.3, 50=210, 90=280, 99=370, 99.9=485, 99.99=1188] [Intended-READ: Count=949732, Max=2059, Min=181, Avg=352.1, 50=341, 90=411, 99=516, 99.9=1207, 99.99=1512] [Intended-UPDATE: Count=50173, Max=1669, Min=169, Avg=280.62, 50=270, 90=339, 99=436, 99.9=970, 99.99=1372] 
2026-09-16 03:27:33:361 40 sec: 3964793 operations; 99999.6 current ops/sec; est completion in 5 hours 35 minutes [READ: Count=949946, Max=2035, Min=158, Avg=292.78, 50=282, 90=351, 99=449, 99.9=596, 99.99=1311] [UPDATE: Count=50045, Max=1374, Min=151, Avg=221.92, 50=211, 90=280, 99=374, 99.9=494, 99.99=1193] [Intended-READ: Count=949945, Max=2097, Min=185, Avg=351.73, 50=342, 90=410, 99=514, 99.9=1112, 99.99=1472] [Intended-UPDATE: Count=50045, Max=1759, Min=173, Avg=281.18, 50=270, 90=340, 99=442, 99.9=1023, 99.99=1412] 
2026-09-16 03:27:43:361 50 sec: 4964797 operations; 100000.4 current ops/sec; est completion in 5 hours 34 minutes [READ: Count=950169, Max=1864, Min=160, Avg=291.82, 50=282, 90=347, 99=445, 99.9=597, 99.99=1359] [UPDATE: Count=49835, Max=1724, Min=151, Avg=220.78, 50=211, 90=275, 99=372, 99.9=499, 99.99=1290] [Intended-READ: Count=950168, Max=1926, Min=180, Avg=351, 50=341, 90=407, 99=512, 99.9=1177, 99.99=1512] [Intended-UPDATE: Count=49839, Max=1747, Min=169, Avg=280.03, 50=270, 90=335, 99=437, 99.9=973, 99.99=1513] 
2026-09-16 03:27:53:361 60 sec: 5964792 operations; 99999.5 current ops/sec; est completion in 5 hours 34 minutes [READ: Count=949853, Max=1960, Min=159, Avg=291.84, 50=282, 90=348, 99=441, 99.9=588, 99.99=1328] [UPDATE: Count=50153, Max=1507, Min=146, Avg=221.3, 50=211, 90=277, 99=368, 99.9=491, 99.99=1275] [Intended-READ: Count=949851, Max=2061, Min=179, Avg=350.94, 50=341, 90=408, 99=508, 99.9=1133, 99.99=1481] [Intended-UPDATE: Count=50153, Max=1547, Min=166, Avg=280.71, 50=271, 90=337, 99=435, 99.9=1066, 99.99=1387] 
2026-09-16 03:28:03:361 70 sec: 6964798 operations; 100000.6 current ops/sec; est completion in 5 hours 33 minutes [READ: Count=949888, Max=1930, Min=153, Avg=291.82, 50=282, 90=348, 99=443, 99.9=580, 99.99=1294] [UPDATE: Count=50105, Max=1710, Min=151, Avg=221.16, 50=211, 90=277, 99=368, 99.9=487, 99.99=1241] [Intended-READ: Count=949901, Max=1993, Min=167, Avg=350.78, 50=341, 90=407, 99=509, 99.9=1124, 99.99=1488] [Intended-UPDATE: Count=50107, Max=1775, Min=174, Avg=280.29, 50=270, 90=336, 99=433, 99.9=982, 99.99=1407] 
2026-09-16 03:28:13:361 80 sec: 7964796 operations; 99999.8 current ops/sec; est completion in 5 hours 33 minutes [READ: Count=949731, Max=2521, Min=157, Avg=292.02, 50=282, 90=348, 99=445, 99.9=580, 99.99=1265] [UPDATE: Count=50272, Max=1393, Min=152, Avg=221.51, 50=211, 90=277, 99=371, 99.9=486, 99.99=1172] [Intended-READ: Count=949716, Max=3531, Min=189, Avg=350.99, 50=341, 90=408, 99=511, 99.9=1139, 99.99=1446] [Intended-UPDATE: Count=50269, Max=1729, Min=171, Avg=280.68, 50=271, 90=337, 99=437, 99.9=1016, 99.99=1404] 
2026-09-16 03:28:23:361 90 sec: 8964796 operations; 100000 current ops/sec; est completion in 5 hours 33 minutes [READ: Count=949881, Max=1843, Min=157, Avg=292.27, 50=282, 90=350, 99=447, 99.9=581, 99.99=1262] [UPDATE: Count=50109, Max=1681, Min=151, Avg=221.79, 50=211, 90=279, 99=373, 99.9=498, 99.99=1195] [Intended-READ: Count=949852, Max=2097, Min=181, Avg=351.1, 50=341, 90=409, 99=512, 99.9=1112, 99.99=1450] [Intended-UPDATE: Count=50108, Max=1740, Min=177, Avg=280.98, 50=271, 90=338, 99=439, 99.9=930, 99.99=1405] 
2026-09-16 03:28:33:361 100 sec: 9964792 operations; 99999.6 current ops/sec; est completion in 5 hours 32 minutes [READ: Count=949914, Max=1759, Min=156, Avg=291.52, 50=282, 90=347, 99=444, 99.9=591, 99.99=1288] [UPDATE: Count=50084, Max=1528, Min=153, Avg=220.91, 50=211, 90=276, 99=366, 99.9=483, 99.99=1165] [Intended-READ: Count=950028, Max=1843, Min=182, Avg=350.63, 50=341, 90=407, 99=510, 99.9=1164, 99.99=1430] [Intended-UPDATE: Count=50082, Max=1590, Min=175, Avg=280.07, 50=271, 90=335, 99=431, 99.9=934, 99.99=1302] 
2026-09-16 03:28:43:361 110 sec: 10964799 operations; 100000.7 current ops/sec; est completion in 5 hours 32 minutes [READ: Count=949975, Max=3199, Min=157, Avg=290.79, 50=281, 90=346, 99=441, 99.9=576, 99.99=1305] [UPDATE: Count=50025, Max=1741, Min=153, Avg=220.44, 50=211, 90=274, 99=366, 99.9=485, 99.99=1278] [Intended-READ: Count=949871, Max=3585, Min=184, Avg=349.74, 50=340, 90=405, 99=507, 99.9=1114, 99.99=1486] [Intended-UPDATE: Count=50027, Max=1806, Min=169, Avg=279.74, 50=270, 90=334, 99=432, 99.9=999, 99.99=1437] 
2026-09-16 03:28:53:360 120 sec: 11964787 operations; 99998.8 current ops/sec; est completion in 5 hours 32 minutes [READ: Count=949662, Max=6291, Min=157, Avg=290.49, 50=281, 90=345, 99=443, 99.9=584, 99.99=1327] [UPDATE: Count=50324, Max=1445, Min=155, Avg=220.29, 50=211, 90=273, 99=371, 99.9=485, 99.99=1182] [Intended-READ: Count=949650, Max=6363, Min=186, Avg=349.42, 50=340, 90=404, 99=509, 99.9=1151, 99.99=1493] [Intended-UPDATE: Count=50325, Max=1504, Min=170, Avg=279.3, 50=270, 90=332, 99=436, 99.9=976, 99.99=1292] 
2026-09-16 03:29:03:361 130 sec: 12964791 operations; 100000.4 current ops/sec; est completion in 5 hours 32 minutes [READ: Count=950105, Max=1904, Min=156, Avg=291.62, 50=282, 90=348, 99=445, 99.9=597, 99.99=1300] [UPDATE: Count=49894, Max=1533, Min=153, Avg=221.52, 50=211, 90=278, 99=376, 99.9=495, 99.99=1209] [Intended-READ: Count=950112, Max=1965, Min=183, Avg=350.58, 50=341, 90=407, 99=511, 99.9=1118, 99.99=1448] [Intended-UPDATE: Count=49894, Max=1595, Min=173, Avg=280.79, 50=271, 90=337, 99=442, 99.9=984, 99.99=1360] 
2026-09-16 03:29:13:361 140 sec: 13964790 operations; 99999.9 current ops/sec; est completion in 5 hours 31 minutes [READ: Count=949988, Max=1778, Min=152, Avg=291.52, 50=281, 90=348, 99=447, 99.9=596, 99.99=1261] [UPDATE: Count=50024, Max=1519, Min=153, Avg=221.44, 50=211, 90=278, 99=375, 99.9=491, 99.99=1153] [Intended-READ: Count=949984, Max=1994, Min=183, Avg=350.26, 50=340, 90=407, 99=512, 99.9=1070, 99.99=1418] [Intended-UPDATE: Count=50026, Max=1584, Min=167, Avg=280.57, 50=271, 90=337, 99=440, 99.9=944, 99.99=1359] 
2026-09-16 03:29:23:361 150 sec: 14964799 operations; 100000.9 current ops/sec; est completion in 5 hours 31 minutes [READ: Count=949792, Max=1898, Min=154, Avg=291.82, 50=281, 90=349, 99=445, 99.9=594, 99.99=1330] [UPDATE: Count=50204, Max=1567, Min=153, Avg=221.8, 50=211, 90=279, 99=370, 99.9=515, 99.99=1234] [Intended-READ: Count=949797, Max=2107, Min=183, Avg=350.83, 50=341, 90=409, 99=511, 99.9=1133, 99.99=1456] [Intended-UPDATE: Count=50200, Max=1642, Min=168, Avg=280.99, 50=271, 90=338, 99=437, 99.9=987, 99.99=1318] 
2026-09-16 03:29:33:361 160 sec: 15964799 operations; 100000 current ops/sec; est completion in 5 hours 31 minutes [READ: Count=950035, Max=2143, Min=158, Avg=291.02, 50=281, 90=348, 99=440, 99.9=584, 99.99=1271] [UPDATE: Count=49976, Max=1724, Min=152, Avg=221.35, 50=211, 90=277, 99=368, 99.9=494, 99.99=1207] [Intended-READ: Count=950023, Max=2271, Min=176, Avg=349.9, 50=340, 90=407, 99=505, 99.9=1103, 99.99=1451] [Intended-UPDATE: Count=49978, Max=1923, Min=173, Avg=280.72, 50=271, 90=336, 99=434, 99.9=1098, 99.99=1433] 
2026-09-16 03:29:43:361 170 sec: 16964789 operations; 99999 current ops/sec; est completion in 5 hours 31 minutes [READ: Count=950079, Max=3773, Min=153, Avg=291.93, 50=282, 90=349, 99=446, 99.9=597, 99.99=1294] [UPDATE: Count=49907, Max=3103, Min=152, Avg=222.33, 50=212, 90=279, 99=375, 99.9=507, 99.99=1284] [Intended-READ: Count=950098, Max=4747, Min=187, Avg=351.08, 50=341, 90=409, 99=513, 99.9=1158, 99.99=1518] [Intended-UPDATE: Count=49906, Max=3165, Min=172, Avg=281.94, 50=272, 90=339, 99=443, 99.9=1076, 99.99=1461] 
2026-09-16 03:29:53:361 180 sec: 17964790 operations; 100000.1 current ops/sec; est completion in 5 hours 31 minutes [READ: Count=949859, Max=1793, Min=159, Avg=291.32, 50=281, 90=348, 99=442, 99.9=585, 99.99=1226] [UPDATE: Count=50143, Max=1679, Min=153, Avg=221.55, 50=211, 90=278, 99=365, 99.9=479, 99.99=1154] [Intended-READ: Count=949866, Max=1860, Min=181, Avg=350.23, 50=340, 90=408, 99=508, 99.9=1095, 99.99=1383] [Intended-UPDATE: Count=50142, Max=1742, Min=178, Avg=280.72, 50=271, 90=338, 99=431, 99.9=952, 99.99=1241] 
2026-09-16 03:30:03:361 190 sec: 18964799 operations; 100000.9 current ops/sec; est completion in 5 hours 30 minutes [READ: Count=949857, Max=1891, Min=156, Avg=293.03, 50=282, 90=351, 99=448, 99.9=588, 99.99=1295] [UPDATE: Count=50146, Max=1373, Min=152, Avg=223.18, 50=212, 90=281, 99=375, 99.9=487, 99.99=1185] [Intended-READ: Count=949831, Max=2026, Min=188, Avg=352.24, 50=342, 90=411, 99=514, 99.9=1116, 99.99=1465] [Intended-UPDATE: Count=50148, Max=1609, Min=180, Avg=282.64, 50=272, 90=342, 99=441, 99.9=1033, 99.99=1432] 
2026-09-16 03:30:13:361 200 sec: 19964788 operations; 99998.9 current ops/sec; est completion in 5 hours 30 minutes [READ: Count=949877, Max=3837, Min=160, Avg=294.34, 50=283, 90=353, 99=456, 99.9=650, 99.99=1548] [UPDATE: Count=50121, Max=1847, Min=152, Avg=224.65, 50=213, 90=284, 99=385, 99.9=538, 99.99=1281] [Intended-READ: Count=949881, Max=3903, Min=187, Avg=353.84, 50=343, 90=413, 99=524, 99.9=1211, 99.99=1650] [Intended-UPDATE: Count=50120, Max=3687, Min=178, Avg=284.55, 50=273, 90=343, 99=454, 99.9=1136, 99.99=1493] 
2026-09-16 03:30:23:360 210 sec: 20964791 operations; 100000.3 current ops/sec; est completion in 5 hours 30 minutes [READ: Count=949748, Max=2037, Min=156, Avg=293.08, 50=282, 90=350, 99=453, 99.9=600, 99.99=1409] [UPDATE: Count=50245, Max=1675, Min=151, Avg=223.34, 50=212, 90=280, 99=379, 99.9=501, 99.99=1411] [Intended-READ: Count=949736, Max=2203, Min=178, Avg=352.62, 50=342, 90=410, 99=520, 99.9=1210, 99.99=1567] [Intended-UPDATE: Count=50244, Max=1742, Min=171, Avg=283.25, 50=272, 90=341, 99=448, 99.9=1159, 99.99=1521] 
2026-09-16 03:30:33:360 220 sec: 21964787 operations; 99999.6 current ops/sec; est completion in 5 hours 30 minutes [READ: Count=949968, Max=4139, Min=157, Avg=292.5, 50=282, 90=349, 99=449, 99.9=603, 99.99=1350] [UPDATE: Count=50033, Max=1618, Min=154, Avg=222.87, 50=213, 90=279, 99=374, 99.9=488, 99.99=1112] [Intended-READ: Count=949976, Max=4199, Min=183, Avg=351.91, 50=342, 90=409, 99=515, 99.9=1162, 99.99=1528] [Intended-UPDATE: Count=50037, Max=1758, Min=171, Avg=282.99, 50=273, 90=339, 99=443, 99.9=1102, 99.99=1531] 
2026-09-16 03:30:43:361 230 sec: 22964800 operations; 100001.3 current ops/sec; est completion in 5 hours 30 minutes [READ: Count=950009, Max=3511, Min=159, Avg=292.38, 50=282, 90=348, 99=449, 99.9=603, 99.99=1373] [UPDATE: Count=49994, Max=1982, Min=151, Avg=222.6, 50=212, 90=277, 99=377, 99.9=502, 99.99=1332] [Intended-READ: Count=950112, Max=4331, Min=185, Avg=351.85, 50=342, 90=408, 99=516, 99.9=1196, 99.99=1576] [Intended-UPDATE: Count=49990, Max=2053, Min=173, Avg=282.23, 50=272, 90=337, 99=441, 99.9=1046, 99.99=1530] 
2026-09-16 03:30:53:360 240 sec: 23964790 operations; 99999 current ops/sec; est completion in 5 hours 29 minutes [READ: Count=949878, Max=1917, Min=158, Avg=293.43, 50=283, 90=352, 99=448, 99.9=595, 99.99=1305] [UPDATE: Count=50122, Max=1676, Min=152, Avg=224.35, 50=213, 90=282, 99=379, 99.9=507, 99.99=1250] [Intended-READ: Count=949768, Max=2022, Min=184, Avg=352.75, 50=342, 90=412, 99=515, 99.9=1133, 99.99=1477] [Intended-UPDATE: Count=50125, Max=1739, Min=171, Avg=283.93, 50=273, 90=342, 99=444, 99.9=1083, 99.99=1408] 
2026-09-16 03:31:03:361 250 sec: 24964795 operations; 100000.5 current ops/sec; est completion in 5 hours 29 minutes [READ: Count=949913, Max=2089, Min=156, Avg=292.4, 50=282, 90=349, 99=447, 99.9=583, 99.99=1242] [UPDATE: Count=50092, Max=2008, Min=152, Avg=222.49, 50=212, 90=279, 99=374, 99.9=481, 99.99=1039] [Intended-READ: Count=950026, Max=2877, Min=184, Avg=351.51, 50=342, 90=409, 99=513, 99.9=1066, 99.99=1413] [Intended-UPDATE: Count=50090, Max=2073, Min=166, Avg=281.96, 50=272, 90=339, 99=441, 99.9=829, 99.99=1337] 
2026-09-16 03:31:13:361 260 sec: 25964783 operations; 99998.8 current ops/sec; est completion in 5 hours 29 minutes [READ: Count=950256, Max=1783, Min=155, Avg=294.02, 50=283, 90=354, 99=452, 99.9=596, 99.99=1273] [UPDATE: Count=49739, Max=1453, Min=151, Avg=224.78, 50=213, 90=285, 99=381, 99.9=499, 99.99=1184] [Intended-READ: Count=950147, Max=1844, Min=186, Avg=353.23, 50=343, 90=414, 99=518, 99.9=1095, 99.99=1416] [Intended-UPDATE: Count=49736, Max=1521, Min=168, Avg=284.32, 50=273, 90=345, 99=448, 99.9=1057, 99.99=1422] 
2026-09-16 03:31:23:361 270 sec: 26964791 operations; 100000.8 current ops/sec; est completion in 5 hours 29 minutes [READ: Count=950083, Max=1982, Min=153, Avg=292.8, 50=282, 90=350, 99=447, 99.9=584, 99.99=1344] [UPDATE: Count=49923, Max=1760, Min=149, Avg=223.7, 50=213, 90=282, 99=375, 99.9=493, 99.99=1322] [Intended-READ: Count=950083, Max=2053, Min=183, Avg=352.05, 50=342, 90=410, 99=512, 99.9=1109, 99.99=1536] [Intended-UPDATE: Count=49924, Max=1821, Min=167, Avg=283.4, 50=273, 90=341, 99=441, 99.9=1105, 99.99=1612] 
2026-09-16 03:31:33:360 280 sec: 27964787 operations; 99999.6 current ops/sec; est completion in 5 hours 29 minutes [READ: Count=950325, Max=2011, Min=160, Avg=292.05, 50=282, 90=348, 99=444, 99.9=592, 99.99=1304] [UPDATE: Count=49669, Max=1938, Min=153, Avg=222.7, 50=212, 90=278, 99=368, 99.9=495, 99.99=1286] [Intended-READ: Count=950320, Max=2079, Min=176, Avg=351.57, 50=342, 90=408, 99=511, 99.9=1153, 99.99=1504] [Intended-UPDATE: Count=49672, Max=2000, Min=173, Avg=282.3, 50=273, 90=338, 99=435, 99.9=1007, 99.99=1345] 
2026-09-16 03:31:43:361 290 sec: 28964794 operations; 100000.7 current ops/sec; est completion in 5 hours 28 minutes [READ: Count=950306, Max=3309, Min=155, Avg=292.79, 50=282, 90=350, 99=449, 99.9=591, 99.99=1382] [UPDATE: Count=49685, Max=3303, Min=152, Avg=223.37, 50=213, 90=280, 99=376, 99.9=478, 99.99=1330] [Intended-READ: Count=950316, Max=3371, Min=184, Avg=352.25, 50=342, 90=410, 99=516, 99.9=1175, 99.99=1559] [Intended-UPDATE: Count=49681, Max=3365, Min=171, Avg=283.09, 50=273, 90=340, 99=441, 99.9=1062, 99.99=1465] 
2026-09-16 03:31:53:361 300 sec: 29964790 operations; 99999.6 current ops/sec; est completion in 5 hours 28 minutes [READ: Count=949835, Max=2067, Min=153, Avg=290.88, 50=281, 90=345, 99=440, 99.9=574, 99.99=1349] [UPDATE: Count=50172, Max=1695, Min=153, Avg=222.25, 50=212, 90=278, 99=373, 99.9=507, 99.99=1398] [Intended-READ: Count=949826, Max=2293, Min=184, Avg=350.22, 50=341, 90=405, 99=506, 99.9=1159, 99.99=1525] [Intended-UPDATE: Count=50175, Max=1754, Min=172, Avg=281.92, 50=272, 90=337, 99=440, 99.9=1095, 99.99=1461] 
Maximum time elapsed. Requesting stop for the workload.
Stop requested for workload. Now Joining!
2026-09-16 03:31:53:414 300 sec: 29967707 operations; 55037.74 current ops/sec; est completion in 5 hours 28 minutes [READ: Count=2730, Max=616, Min=173, Avg=288.87, 50=281, 90=340, 99=437, 99.9=502, 99.99=616] [CLEANUP: Count=256, Max=23647, Min=26, Avg=334.55, 50=39, 90=326, 99=11567, 99.9=23647, 99.99=23647] [UPDATE: Count=158, Max=372, Min=169, Avg=223.18, 50=212, 90=280, 99=369, 99.9=372, 99.99=372] [Intended-READ: Count=2689, Max=680, Min=235, Avg=346.95, 50=340, 90=400, 99=500, 99.9=552, 99.99=680] [Intended-CLEANUP: Count=256, Max=23647, Min=27, Avg=334.68, 50=39, 90=326, 99=11567, 99.9=23647, 99.99=23647] [Intended-UPDATE: Count=155, Max=436, Min=201, Avg=281.03, 50=269, 90=341, 99=431, 99.9=436, 99.99=436] 
[OVERALL], RunTime(ms), 300056
[OVERALL], Throughput(ops/sec), 99873.71357346629
[TOTAL_GCS_G1_Young_Generation], Count, 409
[TOTAL_GC_TIME_G1_Young_Generation], Time(ms), 371
[TOTAL_GC_TIME_%_G1_Young_Generation], Time(%), 0.1236435865305143
[TOTAL_GCS_G1_Old_Generation], Count, 0
[TOTAL_GC_TIME_G1_Old_Generation], Time(ms), 0
[TOTAL_GC_TIME_%_G1_Old_Generation], Time(%), 0.0
[TOTAL_GCs], Count, 409
[TOTAL_GC_TIME], Time(ms), 371
[TOTAL_GC_TIME_%], Time(%), 0.1236435865305143
[READ], Operations, 28468564
[READ], AverageLatency(us), 292.28484460965433
[READ], MinLatency(us), 152
[READ], MaxLatency(us), 22767
[READ], 50thPercentileLatency(us), 282
[READ], 95thPercentileLatency(us), 378
[READ], 99thPercentileLatency(us), 447
[READ], 99.9PercentileLatency(us), 595
[READ], 99.99PercentileLatency(us), 1359
[READ], Return=OK, 28468564
[CLEANUP], Operations, 256
[CLEANUP], AverageLatency(us), 334.546875
[CLEANUP], MinLatency(us), 26
[CLEANUP], MaxLatency(us), 23647
[CLEANUP], 50thPercentileLatency(us), 39
[CLEANUP], 95thPercentileLatency(us), 512
[CLEANUP], 99thPercentileLatency(us), 11567
[CLEANUP], 99.9PercentileLatency(us), 23647
[CLEANUP], 99.99PercentileLatency(us), 23647
[UPDATE], Operations, 1499143
[UPDATE], AverageLatency(us), 222.26855610171944
[UPDATE], MinLatency(us), 146
[UPDATE], MaxLatency(us), 26031
[UPDATE], 50thPercentileLatency(us), 212
[UPDATE], 95thPercentileLatency(us), 308
[UPDATE], 99thPercentileLatency(us), 373
[UPDATE], 99.9PercentileLatency(us), 498
[UPDATE], 99.99PercentileLatency(us), 1288
[UPDATE], Return=OK, 1499143
[Intended-READ], Operations, 28468564
[Intended-READ], AverageLatency(us), 354.6122987446785
[Intended-READ], MinLatency(us), 167
[Intended-READ], MaxLatency(us), 109247
[Intended-READ], 50thPercentileLatency(us), 341
[Intended-READ], 95thPercentileLatency(us), 438
[Intended-READ], 99thPercentileLatency(us), 513
[Intended-READ], 99.9PercentileLatency(us), 1182
[Intended-READ], 99.99PercentileLatency(us), 2231
[Intended-CLEANUP], Operations, 256
[Intended-CLEANUP], AverageLatency(us), 334.67578125
[Intended-CLEANUP], MinLatency(us), 27
[Intended-CLEANUP], MaxLatency(us), 23647
[Intended-CLEANUP], 50thPercentileLatency(us), 39
[Intended-CLEANUP], 95thPercentileLatency(us), 512
[Intended-CLEANUP], 99thPercentileLatency(us), 11567
[Intended-CLEANUP], 99.9PercentileLatency(us), 23647
[Intended-CLEANUP], 99.99PercentileLatency(us), 23647
[Intended-UPDATE], Operations, 1499143
[Intended-UPDATE], AverageLatency(us), 284.4190667601423
[Intended-UPDATE], MinLatency(us), 166
[Intended-UPDATE], MaxLatency(us), 101503
[Intended-UPDATE], 50thPercentileLatency(us), 271
[Intended-UPDATE], 95thPercentileLatency(us), 369
[Intended-UPDATE], 99thPercentileLatency(us), 440
[Intended-UPDATE], 99.9PercentileLatency(us), 1090
[Intended-UPDATE], 99.99PercentileLatency(us), 1978
