java -cp /mnt/dev/YCSB-hreplace-dist/redis-binding/conf:/mnt/dev/YCSB-hreplace-dist/conf:/mnt/dev/YCSB-hreplace-dist/lib/htrace-core4-4.1.0-incubating.jar:/mnt/dev/YCSB-hreplace-dist/lib/slf4j-api-1.7.25.jar:/mnt/dev/YCSB-hreplace-dist/lib/jackson-mapper-asl-1.9.4.jar:/mnt/dev/YCSB-hreplace-dist/lib/HdrHistogram-2.1.12.jar:/mnt/dev/YCSB-hreplace-dist/lib/jackson-core-asl-1.9.4.jar:/mnt/dev/YCSB-hreplace-dist/lib/jedis-3.9.0.jar:/mnt/dev/YCSB-hreplace-dist/lib/core-0.18.0-SNAPSHOT.jar:/mnt/dev/YCSB-hreplace-dist/lib/commons-pool2-2.11.1.jar:/mnt/dev/YCSB-hreplace-dist/lib/redis-binding-0.18.0-SNAPSHOT.jar site.ycsb.Client -db site.ycsb.db.RedisClient -s -threads 256 -P /mnt/dev/YCSB-hreplace-dist/workloads/workloada -p recordcount=100000000 -p operationcount=2000000000 -p fieldcount=10 -p fieldlength=128 -p fieldlengthdistribution=constant -p readallfields=true -p writeallfields=true -p insertorder=hashed -p requestdistribution=uniform -p readproportion=1 -p updateproportion=0 -p insertproportion=0 -p scanproportion=0 -p readmodifywriteproportion=0 -p measurementtype=hdrhistogram -p measurement.interval=both -p hdrhistogram.percentiles=50,95,99,99.9,99.99 -p status.interval=10 -p maxexecutiontime=300 -p redis.host=172.16.0.4 -p redis.port=16379 -p redis.scanindex=none -p redis.timeout=10000 -p redis.cluster=false -p redis.updatecommand=lavik.hreplace -t
Command line: -db site.ycsb.db.RedisClient -s -threads 256 -P /mnt/dev/YCSB-hreplace-dist/workloads/workloada -p recordcount=100000000 -p operationcount=2000000000 -p fieldcount=10 -p fieldlength=128 -p fieldlengthdistribution=constant -p readallfields=true -p writeallfields=true -p insertorder=hashed -p requestdistribution=uniform -p readproportion=1 -p updateproportion=0 -p insertproportion=0 -p scanproportion=0 -p readmodifywriteproportion=0 -p measurementtype=hdrhistogram -p measurement.interval=both -p hdrhistogram.percentiles=50,95,99,99.9,99.99 -p status.interval=10 -p maxexecutiontime=300 -p redis.host=172.16.0.4 -p redis.port=16379 -p redis.scanindex=none -p redis.timeout=10000 -p redis.cluster=false -p redis.updatecommand=lavik.hreplace -t
YCSB Client 0.18.0-SNAPSHOT

Loading workload...
Starting test.
SLF4J: Failed to load class "org.slf4j.impl.StaticLoggerBinder".
SLF4J: Defaulting to no-operation (NOP) logger implementation
SLF4J: See http://www.slf4j.org/codes.html#StaticLoggerBinder for further details.
Maximum execution time specified as: 300 secs
2026-09-16 03:59:43:557 0 sec: 0 operations; est completion in 0 second 
DBWrapper: report latency for each error is false and specific error codes to track for latency are: []
2026-09-16 03:59:53:481 10 sec: 5053550 operations; 505355 current ops/sec; est completion in 1 hour 5 minutes [READ: Count=5053997, Max=74815, Min=222, Avg=496.27, 50=451, 90=603, 99=1343, 99.9=4053, 99.99=12911] [Intended-READ: Count=5065481, Max=74815, Min=222, Avg=496.24, 50=451, 90=603, 99=1343, 99.9=4051, 99.99=12911] 
2026-09-16 04:00:03:481 20 sec: 10566020 operations; 551247 current ops/sec; est completion in 1 hour 2 minutes [READ: Count=5512277, Max=5407, Min=227, Avg=462.83, 50=447, 90=566, 99=732, 99.9=2701, 99.99=4459] [Intended-READ: Count=5503958, Max=5407, Min=227, Avg=462.86, 50=447, 90=566, 99=731, 99.9=2703, 99.99=4459] 
2026-09-16 04:00:13:481 30 sec: 16093971 operations; 552795.1 current ops/sec; est completion in 1 hour 1 minute [READ: Count=5527953, Max=5271, Min=222, Avg=461.58, 50=446, 90=564, 99=725, 99.9=2637, 99.99=4299] [Intended-READ: Count=5528231, Max=5271, Min=222, Avg=461.62, 50=446, 90=564, 99=725, 99.9=2637, 99.99=4299] 
2026-09-16 04:00:23:482 40 sec: 21600243 operations; 550627.2 current ops/sec; est completion in 1 hour 1 minute [READ: Count=5506317, Max=6279, Min=225, Avg=463.36, 50=448, 90=567, 99=735, 99.9=2661, 99.99=4399] [Intended-READ: Count=5504325, Max=6279, Min=225, Avg=463.4, 50=448, 90=567, 99=735, 99.9=2661, 99.99=4399] 
2026-09-16 04:00:33:481 50 sec: 27129183 operations; 552894 current ops/sec; est completion in 1 hour [READ: Count=5528870, Max=5823, Min=218, Avg=461.48, 50=446, 90=564, 99=726, 99.9=2705, 99.99=4303] [Intended-READ: Count=5528868, Max=5823, Min=218, Avg=461.51, 50=446, 90=564, 99=726, 99.9=2705, 99.99=4303] 
2026-09-16 04:00:43:481 60 sec: 32642818 operations; 551363.5 current ops/sec; est completion in 1 hour [READ: Count=5513683, Max=5659, Min=223, Avg=462.78, 50=447, 90=567, 99=730, 99.9=2657, 99.99=4267] [Intended-READ: Count=5514074, Max=5659, Min=223, Avg=462.82, 50=447, 90=567, 99=730, 99.9=2657, 99.99=4267] 
2026-09-16 04:00:53:481 70 sec: 38172147 operations; 552932.9 current ops/sec; est completion in 59 minutes [READ: Count=5529305, Max=5459, Min=224, Avg=461.46, 50=447, 90=563, 99=718, 99.9=2631, 99.99=4331] [Intended-READ: Count=5528171, Max=5459, Min=224, Avg=461.49, 50=447, 90=563, 99=718, 99.9=2631, 99.99=4331] 
2026-09-16 04:01:03:481 80 sec: 43686233 operations; 551408.6 current ops/sec; est completion in 59 minutes [READ: Count=5514086, Max=6459, Min=222, Avg=462.75, 50=447, 90=566, 99=732, 99.9=2747, 99.99=4395] [Intended-READ: Count=5514274, Max=6459, Min=222, Avg=462.78, 50=447, 90=566, 99=732, 99.9=2747, 99.99=4395] 
2026-09-16 04:01:13:481 90 sec: 49218584 operations; 553235.1 current ops/sec; est completion in 59 minutes [READ: Count=5532353, Max=5303, Min=225, Avg=461.21, 50=446, 90=563, 99=723, 99.9=2625, 99.99=4247] [Intended-READ: Count=5532125, Max=5303, Min=225, Avg=461.25, 50=446, 90=563, 99=723, 99.9=2625, 99.99=4247] 
2026-09-16 04:01:23:482 100 sec: 54742689 operations; 552410.5 current ops/sec; est completion in 59 minutes [READ: Count=5524161, Max=5707, Min=228, Avg=461.96, 50=447, 90=564, 99=725, 99.9=2649, 99.99=4303] [Intended-READ: Count=5523866, Max=5707, Min=228, Avg=462.01, 50=447, 90=564, 99=725, 99.9=2649, 99.99=4303] 
2026-09-16 04:01:33:481 110 sec: 60271882 operations; 552919.3 current ops/sec; est completion in 59 minutes [READ: Count=5529184, Max=6283, Min=218, Avg=461.4, 50=446, 90=562, 99=720, 99.9=2679, 99.99=4427] [Intended-READ: Count=5529666, Max=6283, Min=218, Avg=461.43, 50=446, 90=562, 99=720, 99.9=2679, 99.99=4427] 
2026-09-16 04:01:43:482 120 sec: 65792797 operations; 552091.5 current ops/sec; est completion in 58 minutes [READ: Count=5520910, Max=5611, Min=225, Avg=462.16, 50=447, 90=565, 99=729, 99.9=2729, 99.99=4331] [Intended-READ: Count=5522166, Max=5611, Min=225, Avg=462.2, 50=447, 90=565, 99=729, 99.9=2727, 99.99=4331] 
2026-09-16 04:01:53:481 130 sec: 71319808 operations; 552701.1 current ops/sec; est completion in 58 minutes [READ: Count=5527007, Max=5195, Min=219, Avg=461.7, 50=447, 90=564, 99=723, 99.9=2699, 99.99=4319] [Intended-READ: Count=5525502, Max=5195, Min=219, Avg=461.73, 50=447, 90=564, 99=723, 99.9=2699, 99.99=4319] 
2026-09-16 04:02:03:483 140 sec: 76845389 operations; 552558.1 current ops/sec; est completion in 58 minutes [READ: Count=5526355, Max=9271, Min=218, Avg=461.78, 50=447, 90=564, 99=724, 99.9=2639, 99.99=4319] [Intended-READ: Count=5527288, Max=9271, Min=218, Avg=461.82, 50=447, 90=564, 99=724, 99.9=2639, 99.99=4319] 
2026-09-16 04:02:13:481 150 sec: 82358275 operations; 551288.6 current ops/sec; est completion in 58 minutes [READ: Count=5512083, Max=5355, Min=224, Avg=462.85, 50=447, 90=567, 99=735, 99.9=2689, 99.99=4343] [Intended-READ: Count=5511106, Max=5355, Min=224, Avg=462.88, 50=447, 90=567, 99=735, 99.9=2691, 99.99=4343] 
2026-09-16 04:02:23:481 160 sec: 87888185 operations; 552991 current ops/sec; est completion in 58 minutes [READ: Count=5529899, Max=5631, Min=228, Avg=461.43, 50=446, 90=563, 99=722, 99.9=2631, 99.99=4247] [Intended-READ: Count=5531050, Max=5631, Min=228, Avg=461.46, 50=446, 90=563, 99=722, 99.9=2631, 99.99=4247] 
2026-09-16 04:02:33:482 170 sec: 93424091 operations; 553535.25 current ops/sec; est completion in 57 minutes [READ: Count=5535855, Max=5927, Min=223, Avg=460.96, 50=446, 90=561, 99=716, 99.9=2651, 99.99=4395] [Intended-READ: Count=5535706, Max=5927, Min=223, Avg=461, 50=446, 90=561, 99=716, 99.9=2651, 99.99=4395] 
2026-09-16 04:02:43:482 180 sec: 98947285 operations; 552374.64 current ops/sec; est completion in 57 minutes [READ: Count=5523190, Max=5287, Min=221, Avg=461.95, 50=447, 90=565, 99=726, 99.9=2613, 99.99=4363] [Intended-READ: Count=5522129, Max=5287, Min=221, Avg=461.99, 50=447, 90=565, 99=727, 99.9=2613, 99.99=4363] 
2026-09-16 04:02:53:481 190 sec: 104481308 operations; 553402.3 current ops/sec; est completion in 57 minutes [READ: Count=5534008, Max=5351, Min=224, Avg=461.09, 50=446, 90=563, 99=719, 99.9=2649, 99.99=4335] [Intended-READ: Count=5536162, Max=5351, Min=224, Avg=461.12, 50=446, 90=563, 99=719, 99.9=2649, 99.99=4335] 
2026-09-16 04:03:03:481 200 sec: 109992970 operations; 551166.2 current ops/sec; est completion in 57 minutes [READ: Count=5511718, Max=5507, Min=226, Avg=462.94, 50=448, 90=566, 99=729, 99.9=2649, 99.99=4323] [Intended-READ: Count=5509826, Max=5507, Min=226, Avg=462.98, 50=448, 90=566, 99=729, 99.9=2651, 99.99=4327] 
2026-09-16 04:03:13:481 210 sec: 115513826 operations; 552085.6 current ops/sec; est completion in 57 minutes [READ: Count=5520793, Max=5379, Min=224, Avg=462.19, 50=446, 90=566, 99=735, 99.9=2653, 99.99=4303] [Intended-READ: Count=5521867, Max=5379, Min=224, Avg=462.22, 50=446, 90=566, 99=735, 99.9=2653, 99.99=4303] 
2026-09-16 04:03:23:481 220 sec: 121025242 operations; 551141.6 current ops/sec; est completion in 56 minutes [READ: Count=5511445, Max=5511, Min=215, Avg=462.98, 50=447, 90=568, 99=739, 99.9=2699, 99.99=4303] [Intended-READ: Count=5511487, Max=5511, Min=215, Avg=463.01, 50=447, 90=569, 99=739, 99.9=2699, 99.99=4303] 
2026-09-16 04:03:33:481 230 sec: 126560368 operations; 553512.6 current ops/sec; est completion in 56 minutes [READ: Count=5535084, Max=5631, Min=224, Avg=460.97, 50=446, 90=562, 99=717, 99.9=2635, 99.99=4367] [Intended-READ: Count=5534383, Max=5631, Min=224, Avg=461.01, 50=446, 90=562, 99=717, 99.9=2635, 99.99=4367] 
2026-09-16 04:03:43:481 240 sec: 132078338 operations; 551797 current ops/sec; est completion in 56 minutes [READ: Count=5517985, Max=6555, Min=224, Avg=462.42, 50=447, 90=565, 99=726, 99.9=2629, 99.99=4419] [Intended-READ: Count=5517237, Max=6555, Min=224, Avg=462.45, 50=447, 90=565, 99=726, 99.9=2629, 99.99=4419] 
2026-09-16 04:03:53:481 250 sec: 137590137 operations; 551179.9 current ops/sec; est completion in 56 minutes [READ: Count=5511855, Max=5231, Min=223, Avg=462.96, 50=447, 90=568, 99=734, 99.9=2669, 99.99=4295] [Intended-READ: Count=5513885, Max=5231, Min=223, Avg=462.99, 50=447, 90=568, 99=734, 99.9=2669, 99.99=4295] 
2026-09-16 04:04:03:481 260 sec: 143104378 operations; 551424.1 current ops/sec; est completion in 56 minutes [READ: Count=5514227, Max=5547, Min=224, Avg=462.72, 50=447, 90=566, 99=731, 99.9=2745, 99.99=4455] [Intended-READ: Count=5512246, Max=5547, Min=224, Avg=462.76, 50=447, 90=566, 99=732, 99.9=2747, 99.99=4455] 
2026-09-16 04:04:13:481 270 sec: 148635752 operations; 553137.4 current ops/sec; est completion in 56 minutes [READ: Count=5531389, Max=5327, Min=224, Avg=461.31, 50=446, 90=563, 99=720, 99.9=2603, 99.99=4343] [Intended-READ: Count=5531457, Max=5327, Min=224, Avg=461.35, 50=446, 90=563, 99=720, 99.9=2603, 99.99=4343] 
2026-09-16 04:04:23:481 280 sec: 154161284 operations; 552553.2 current ops/sec; est completion in 55 minutes [READ: Count=5525476, Max=6423, Min=222, Avg=461.78, 50=446, 90=564, 99=725, 99.9=2689, 99.99=4323] [Intended-READ: Count=5527831, Max=6423, Min=222, Avg=461.81, 50=446, 90=564, 99=726, 99.9=2687, 99.99=4323] 
2026-09-16 04:04:33:481 290 sec: 159672052 operations; 551076.8 current ops/sec; est completion in 55 minutes [READ: Count=5510795, Max=5323, Min=222, Avg=463.05, 50=446, 90=571, 99=750, 99.9=2641, 99.99=4279] [Intended-READ: Count=5509910, Max=5323, Min=222, Avg=463.08, 50=446, 90=571, 99=750, 99.9=2641, 99.99=4279] 
2026-09-16 04:04:43:481 300 sec: 165179937 operations; 550788.5 current ops/sec; est completion in 55 minutes [READ: Count=5507830, Max=6083, Min=223, Avg=463.27, 50=447, 90=568, 99=737, 99.9=2635, 99.99=4299] [Intended-READ: Count=5506245, Max=6083, Min=223, Avg=463.3, 50=447, 90=568, 99=737, 99.9=2635, 99.99=4299] 
Maximum time elapsed. Requesting stop for the workload.
Stop requested for workload. Now Joining!
2026-09-16 04:04:43:547 300 sec: 165212292 operations; 497769.23 current ops/sec; est completion in 55 minutes [READ: Count=32202, Max=4707, Min=243, Avg=471.44, 50=447, 90=573, 99=953, 99.9=3411, 99.99=4551] [CLEANUP: Count=256, Max=5327, Min=326, Avg=2503.49, 50=2343, 90=4487, 99=5267, 99.9=5327, 99.99=5327] [Intended-READ: Count=31770, Max=4707, Min=243, Avg=471.75, 50=447, 90=573, 99=970, 99.9=3425, 99.99=4551] [Intended-CLEANUP: Count=256, Max=5327, Min=327, Avg=2503.61, 50=2343, 90=4487, 99=5267, 99.9=5327, 99.99=5327] 
[OVERALL], RunTime(ms), 300066
[OVERALL], Throughput(ops/sec), 550586.5109675871
[TOTAL_GCS_G1_Young_Generation], Count, 2048
[TOTAL_GC_TIME_G1_Young_Generation], Time(ms), 1663
[TOTAL_GC_TIME_%_G1_Young_Generation], Time(%), 0.5542114068238321
[TOTAL_GCS_G1_Old_Generation], Count, 0
[TOTAL_GC_TIME_G1_Old_Generation], Time(ms), 0
[TOTAL_GC_TIME_%_G1_Old_Generation], Time(%), 0.0
[TOTAL_GCs], Count, 2048
[TOTAL_GC_TIME], Time(ms), 1663
[TOTAL_GC_TIME_%], Time(%), 0.5542114068238321
[READ], Operations, 165212292
[READ], AverageLatency(us), 463.15897662142476
[READ], MinLatency(us), 215
[READ], MaxLatency(us), 74815
[READ], 50thPercentileLatency(us), 447
[READ], 95thPercentileLatency(us), 612
[READ], 99thPercentileLatency(us), 740
[READ], 99.9PercentileLatency(us), 2719
[READ], 99.99PercentileLatency(us), 4411
[READ], Return=OK, 165212292
[CLEANUP], Operations, 256
[CLEANUP], AverageLatency(us), 2503.48828125
[CLEANUP], MinLatency(us), 326
[CLEANUP], MaxLatency(us), 5327
[CLEANUP], 50thPercentileLatency(us), 2343
[CLEANUP], 95thPercentileLatency(us), 4899
[CLEANUP], 99thPercentileLatency(us), 5267
[CLEANUP], 99.9PercentileLatency(us), 5327
[CLEANUP], 99.99PercentileLatency(us), 5327
[Intended-READ], Operations, 165212292
[Intended-READ], AverageLatency(us), 463.1946260935597
[Intended-READ], MinLatency(us), 215
[Intended-READ], MaxLatency(us), 74815
[Intended-READ], 50thPercentileLatency(us), 447
[Intended-READ], 95thPercentileLatency(us), 612
[Intended-READ], 99thPercentileLatency(us), 740
[Intended-READ], 99.9PercentileLatency(us), 2719
[Intended-READ], 99.99PercentileLatency(us), 4411
[Intended-CLEANUP], Operations, 256
[Intended-CLEANUP], AverageLatency(us), 2503.609375
[Intended-CLEANUP], MinLatency(us), 327
[Intended-CLEANUP], MaxLatency(us), 5327
[Intended-CLEANUP], 50thPercentileLatency(us), 2343
[Intended-CLEANUP], 95thPercentileLatency(us), 4899
[Intended-CLEANUP], 99thPercentileLatency(us), 5267
[Intended-CLEANUP], 99.9PercentileLatency(us), 5327
[Intended-CLEANUP], 99.99PercentileLatency(us), 5327
