java -cp /mnt/dev/YCSB-hreplace-dist/redis-binding/conf:/mnt/dev/YCSB-hreplace-dist/conf:/mnt/dev/YCSB-hreplace-dist/lib/htrace-core4-4.1.0-incubating.jar:/mnt/dev/YCSB-hreplace-dist/lib/slf4j-api-1.7.25.jar:/mnt/dev/YCSB-hreplace-dist/lib/jackson-mapper-asl-1.9.4.jar:/mnt/dev/YCSB-hreplace-dist/lib/HdrHistogram-2.1.12.jar:/mnt/dev/YCSB-hreplace-dist/lib/jackson-core-asl-1.9.4.jar:/mnt/dev/YCSB-hreplace-dist/lib/jedis-3.9.0.jar:/mnt/dev/YCSB-hreplace-dist/lib/core-0.18.0-SNAPSHOT.jar:/mnt/dev/YCSB-hreplace-dist/lib/commons-pool2-2.11.1.jar:/mnt/dev/YCSB-hreplace-dist/lib/redis-binding-0.18.0-SNAPSHOT.jar site.ycsb.Client -db site.ycsb.db.RedisClient -s -threads 256 -P /mnt/dev/YCSB-hreplace-dist/workloads/workloada -target 100000 -p recordcount=100000000 -p operationcount=1000000 -p fieldcount=10 -p fieldlength=128 -p fieldlengthdistribution=constant -p readallfields=true -p writeallfields=true -p insertorder=hashed -p requestdistribution=uniform -p readproportion=0.95 -p updateproportion=0.05 -p insertproportion=0 -p scanproportion=0 -p readmodifywriteproportion=0 -p measurementtype=hdrhistogram -p measurement.interval=both -p hdrhistogram.percentiles=50,95,99,99.9,99.99 -p status.interval=10 -p redis.host=172.16.0.4 -p redis.port=16379 -p redis.scanindex=none -p redis.timeout=10000 -p redis.cluster=false -p redis.updatecommand=lavik.hreplace -t
Command line: -db site.ycsb.db.RedisClient -s -threads 256 -P /mnt/dev/YCSB-hreplace-dist/workloads/workloada -target 100000 -p recordcount=100000000 -p operationcount=1000000 -p fieldcount=10 -p fieldlength=128 -p fieldlengthdistribution=constant -p readallfields=true -p writeallfields=true -p insertorder=hashed -p requestdistribution=uniform -p readproportion=0.95 -p updateproportion=0.05 -p insertproportion=0 -p scanproportion=0 -p readmodifywriteproportion=0 -p measurementtype=hdrhistogram -p measurement.interval=both -p hdrhistogram.percentiles=50,95,99,99.9,99.99 -p status.interval=10 -p redis.host=172.16.0.4 -p redis.port=16379 -p redis.scanindex=none -p redis.timeout=10000 -p redis.cluster=false -p redis.updatecommand=lavik.hreplace -t
YCSB Client 0.18.0-SNAPSHOT

Loading workload...
Starting test.
SLF4J: Failed to load class "org.slf4j.impl.StaticLoggerBinder".
SLF4J: Defaulting to no-operation (NOP) logger implementation
SLF4J: See http://www.slf4j.org/codes.html#StaticLoggerBinder for further details.
2026-09-16 04:15:00:349 0 sec: 0 operations; est completion in 0 second 
DBWrapper: report latency for each error is false and specific error codes to track for latency are: []
2026-09-16 04:15:10:306 10 sec: 993487 operations; 99348.7 current ops/sec; est completion in 1 second [READ: Count=944138, Max=34079, Min=183, Avg=419.07, 50=329, 90=596, 99=1772, 99.9=4375, 99.99=19295] [UPDATE: Count=49445, Max=33375, Min=164, Avg=303.55, 50=238, 90=352, 99=1302, 99.9=6199, 99.99=23647] [Intended-READ: Count=944884, Max=81791, Min=241, Avg=675.24, 50=389, 90=674, 99=5579, 99.9=39039, 99.99=60127] [Intended-UPDATE: Count=49465, Max=70655, Min=180, Avg=561.83, 50=298, 90=419, 99=6947, 99.9=39167, 99.99=61855] 
2026-09-16 04:15:10:398 10 sec: 1000000 operations; 70793.48 current ops/sec; [READ: Count=6146, Max=2795, Min=224, Avg=345.46, 50=315, 90=433, 99=826, 99.9=1473, 99.99=2795] [CLEANUP: Count=256, Max=558, Min=11, Avg=28.9, 50=17, 90=29, 99=416, 99.9=558, 99.99=558] [UPDATE: Count=271, Max=837, Min=173, Avg=245.8, 50=232, 90=298, 99=498, 99.9=837, 99.99=837] [Intended-READ: Count=5400, Max=2883, Min=266, Avg=406.95, 50=375, 90=497, 99=891, 99.9=1829, 99.99=2883] [Intended-CLEANUP: Count=256, Max=558, Min=11, Avg=29.17, 50=17, 90=29, 99=417, 99.9=558, 99.99=558] [Intended-UPDATE: Count=251, Max=899, Min=206, Avg=306.4, 50=295, 90=360, 99=545, 99.9=899, 99.99=899] 
[OVERALL], RunTime(ms), 10092
[OVERALL], Throughput(ops/sec), 99088.38684106222
[TOTAL_GCS_G1_Young_Generation], Count, 22
[TOTAL_GC_TIME_G1_Young_Generation], Time(ms), 26
[TOTAL_GC_TIME_%_G1_Young_Generation], Time(%), 0.2576298057867618
[TOTAL_GCS_G1_Old_Generation], Count, 0
[TOTAL_GC_TIME_G1_Old_Generation], Time(ms), 0
[TOTAL_GC_TIME_%_G1_Old_Generation], Time(%), 0.0
[TOTAL_GCs], Count, 22
[TOTAL_GC_TIME], Time(ms), 26
[TOTAL_GC_TIME_%], Time(%), 0.2576298057867618
[READ], Operations, 950284
[READ], AverageLatency(us), 418.5983053487168
[READ], MinLatency(us), 183
[READ], MaxLatency(us), 34079
[READ], 50thPercentileLatency(us), 329
[READ], 95thPercentileLatency(us), 838
[READ], 99thPercentileLatency(us), 1766
[READ], 99.9PercentileLatency(us), 4367
[READ], 99.99PercentileLatency(us), 19263
[READ], Return=OK, 950284
[CLEANUP], Operations, 256
[CLEANUP], AverageLatency(us), 28.8984375
[CLEANUP], MinLatency(us), 11
[CLEANUP], MaxLatency(us), 558
[CLEANUP], 50thPercentileLatency(us), 17
[CLEANUP], 95thPercentileLatency(us), 51
[CLEANUP], 99thPercentileLatency(us), 416
[CLEANUP], 99.9PercentileLatency(us), 558
[CLEANUP], 99.99PercentileLatency(us), 558
[UPDATE], Operations, 49716
[UPDATE], AverageLatency(us), 303.233244830638
[UPDATE], MinLatency(us), 164
[UPDATE], MaxLatency(us), 33375
[UPDATE], 50thPercentileLatency(us), 238
[UPDATE], 95thPercentileLatency(us), 497
[UPDATE], 99thPercentileLatency(us), 1290
[UPDATE], 99.9PercentileLatency(us), 6199
[UPDATE], 99.99PercentileLatency(us), 23647
[UPDATE], Return=OK, 49716
[Intended-READ], Operations, 950284
[Intended-READ], AverageLatency(us), 673.7134151474717
[Intended-READ], MinLatency(us), 241
[Intended-READ], MaxLatency(us), 81791
[Intended-READ], 50thPercentileLatency(us), 389
[Intended-READ], 95thPercentileLatency(us), 966
[Intended-READ], 99thPercentileLatency(us), 5503
[Intended-READ], 99.9PercentileLatency(us), 38975
[Intended-READ], 99.99PercentileLatency(us), 60031
[Intended-CLEANUP], Operations, 256
[Intended-CLEANUP], AverageLatency(us), 29.16796875
[Intended-CLEANUP], MinLatency(us), 11
[Intended-CLEANUP], MaxLatency(us), 558
[Intended-CLEANUP], 50thPercentileLatency(us), 17
[Intended-CLEANUP], 95thPercentileLatency(us), 51
[Intended-CLEANUP], 99thPercentileLatency(us), 417
[Intended-CLEANUP], 99.9PercentileLatency(us), 558
[Intended-CLEANUP], 99.99PercentileLatency(us), 558
[Intended-UPDATE], Operations, 49716
[Intended-UPDATE], AverageLatency(us), 560.5397457558935
[Intended-UPDATE], MinLatency(us), 180
[Intended-UPDATE], MaxLatency(us), 70655
[Intended-UPDATE], 50thPercentileLatency(us), 298
[Intended-UPDATE], 95thPercentileLatency(us), 600
[Intended-UPDATE], 99thPercentileLatency(us), 6867
[Intended-UPDATE], 99.9PercentileLatency(us), 39167
[Intended-UPDATE], 99.99PercentileLatency(us), 61855
