java -cp /mnt/dev/YCSB-hreplace-dist/redis-binding/conf:/mnt/dev/YCSB-hreplace-dist/conf:/mnt/dev/YCSB-hreplace-dist/lib/htrace-core4-4.1.0-incubating.jar:/mnt/dev/YCSB-hreplace-dist/lib/slf4j-api-1.7.25.jar:/mnt/dev/YCSB-hreplace-dist/lib/jackson-mapper-asl-1.9.4.jar:/mnt/dev/YCSB-hreplace-dist/lib/HdrHistogram-2.1.12.jar:/mnt/dev/YCSB-hreplace-dist/lib/jackson-core-asl-1.9.4.jar:/mnt/dev/YCSB-hreplace-dist/lib/jedis-3.9.0.jar:/mnt/dev/YCSB-hreplace-dist/lib/core-0.18.0-SNAPSHOT.jar:/mnt/dev/YCSB-hreplace-dist/lib/commons-pool2-2.11.1.jar:/mnt/dev/YCSB-hreplace-dist/lib/redis-binding-0.18.0-SNAPSHOT.jar site.ycsb.Client -db site.ycsb.db.RedisClient -s -threads 256 -P /mnt/dev/YCSB-hreplace-dist/workloads/workloada -p recordcount=6000000000 -p operationcount=1000000 -p fieldcount=10 -p fieldlength=128 -p fieldlengthdistribution=constant -p readallfields=true -p writeallfields=true -p insertorder=hashed -p requestdistribution=uniform -p readproportion=0.95 -p updateproportion=0 -p insertproportion=0.05 -p scanproportion=0 -p readmodifywriteproportion=0 -p measurementtype=hdrhistogram -p measurement.interval=both -p hdrhistogram.percentiles=50,95,99,99.9,99.99 -p status.interval=10 -p insertstart=0 -p insertcount=100000000 -p redis.host=172.16.0.4 -p redis.port=16379 -p redis.scanindex=none -p redis.timeout=10000 -p redis.cluster=false -p redis.updatecommand=keylane.hreplace -t
Command line: -db site.ycsb.db.RedisClient -s -threads 256 -P /mnt/dev/YCSB-hreplace-dist/workloads/workloada -p recordcount=6000000000 -p operationcount=1000000 -p fieldcount=10 -p fieldlength=128 -p fieldlengthdistribution=constant -p readallfields=true -p writeallfields=true -p insertorder=hashed -p requestdistribution=uniform -p readproportion=0.95 -p updateproportion=0 -p insertproportion=0.05 -p scanproportion=0 -p readmodifywriteproportion=0 -p measurementtype=hdrhistogram -p measurement.interval=both -p hdrhistogram.percentiles=50,95,99,99.9,99.99 -p status.interval=10 -p insertstart=0 -p insertcount=100000000 -p redis.host=172.16.0.4 -p redis.port=16379 -p redis.scanindex=none -p redis.timeout=10000 -p redis.cluster=false -p redis.updatecommand=keylane.hreplace -t
YCSB Client 0.18.0-SNAPSHOT

Loading workload...
Starting test.
SLF4J: Failed to load class "org.slf4j.impl.StaticLoggerBinder".
SLF4J: Defaulting to no-operation (NOP) logger implementation
SLF4J: See http://www.slf4j.org/codes.html#StaticLoggerBinder for further details.
2026-09-16 04:30:28:120 0 sec: 0 operations; est completion in 0 second 
DBWrapper: report latency for each error is false and specific error codes to track for latency are: []
2026-09-16 04:30:30:953 2 sec: 1000000 operations; 345781.47 current ops/sec; [READ: Count=949722, Max=92159, Min=218, Avg=639.97, 50=481, 90=1060, 99=2321, 99.9=8767, 99.99=55103] [CLEANUP: Count=256, Max=671, Min=12, Avg=33.13, 50=23, 90=55, 99=189, 99.9=671, 99.99=671] [INSERT: Count=50278, Max=87743, Min=174, Avg=581.26, 50=386, 90=1116, 99=2575, 99.9=9719, 99.99=47135] [Intended-READ: Count=949722, Max=92159, Min=218, Avg=640.02, 50=481, 90=1060, 99=2321, 99.9=8767, 99.99=55103] [Intended-CLEANUP: Count=256, Max=672, Min=12, Avg=33.59, 50=24, 90=55, 99=189, 99.9=672, 99.99=672] [Intended-INSERT: Count=50278, Max=87743, Min=174, Avg=581.29, 50=386, 90=1116, 99=2575, 99.9=9719, 99.99=47135] 
[OVERALL], RunTime(ms), 2891
[OVERALL], Throughput(ops/sec), 345901.0722933241
[TOTAL_GCS_G1_Young_Generation], Count, 18
[TOTAL_GC_TIME_G1_Young_Generation], Time(ms), 38
[TOTAL_GC_TIME_%_G1_Young_Generation], Time(%), 1.3144240747146316
[TOTAL_GCS_G1_Old_Generation], Count, 0
[TOTAL_GC_TIME_G1_Old_Generation], Time(ms), 0
[TOTAL_GC_TIME_%_G1_Old_Generation], Time(%), 0.0
[TOTAL_GCs], Count, 18
[TOTAL_GC_TIME], Time(ms), 38
[TOTAL_GC_TIME_%], Time(%), 1.3144240747146316
[READ], Operations, 949722
[READ], AverageLatency(us), 639.9735585781945
[READ], MinLatency(us), 218
[READ], MaxLatency(us), 92159
[READ], 50thPercentileLatency(us), 481
[READ], 95thPercentileLatency(us), 1324
[READ], 99thPercentileLatency(us), 2321
[READ], 99.9PercentileLatency(us), 8767
[READ], 99.99PercentileLatency(us), 55103
[READ], Return=OK, 949722
[CLEANUP], Operations, 256
[CLEANUP], AverageLatency(us), 33.1328125
[CLEANUP], MinLatency(us), 12
[CLEANUP], MaxLatency(us), 671
[CLEANUP], 50thPercentileLatency(us), 23
[CLEANUP], 95thPercentileLatency(us), 75
[CLEANUP], 99thPercentileLatency(us), 189
[CLEANUP], 99.9PercentileLatency(us), 671
[CLEANUP], 99.99PercentileLatency(us), 671
[INSERT], Operations, 50278
[INSERT], AverageLatency(us), 581.2565336727794
[INSERT], MinLatency(us), 174
[INSERT], MaxLatency(us), 87743
[INSERT], 50thPercentileLatency(us), 386
[INSERT], 95thPercentileLatency(us), 1419
[INSERT], 99thPercentileLatency(us), 2575
[INSERT], 99.9PercentileLatency(us), 9719
[INSERT], 99.99PercentileLatency(us), 47135
[INSERT], Return=OK, 50278
[Intended-READ], Operations, 949722
[Intended-READ], AverageLatency(us), 640.0204628301756
[Intended-READ], MinLatency(us), 218
[Intended-READ], MaxLatency(us), 92159
[Intended-READ], 50thPercentileLatency(us), 481
[Intended-READ], 95thPercentileLatency(us), 1324
[Intended-READ], 99thPercentileLatency(us), 2321
[Intended-READ], 99.9PercentileLatency(us), 8767
[Intended-READ], 99.99PercentileLatency(us), 55103
[Intended-CLEANUP], Operations, 256
[Intended-CLEANUP], AverageLatency(us), 33.59375
[Intended-CLEANUP], MinLatency(us), 12
[Intended-CLEANUP], MaxLatency(us), 672
[Intended-CLEANUP], 50thPercentileLatency(us), 24
[Intended-CLEANUP], 95thPercentileLatency(us), 75
[Intended-CLEANUP], 99thPercentileLatency(us), 189
[Intended-CLEANUP], 99.9PercentileLatency(us), 672
[Intended-CLEANUP], 99.99PercentileLatency(us), 672
[Intended-INSERT], Operations, 50278
[Intended-INSERT], AverageLatency(us), 581.294979911691
[Intended-INSERT], MinLatency(us), 174
[Intended-INSERT], MaxLatency(us), 87743
[Intended-INSERT], 50thPercentileLatency(us), 386
[Intended-INSERT], 95thPercentileLatency(us), 1419
[Intended-INSERT], 99thPercentileLatency(us), 2575
[Intended-INSERT], 99.9PercentileLatency(us), 9719
[Intended-INSERT], 99.99PercentileLatency(us), 47135
