java -cp /mnt/dev/YCSB-aerospike-dist/aerospike-binding/conf:/mnt/dev/YCSB-aerospike-dist/conf:/mnt/dev/YCSB-aerospike-dist/lib/aerospike-client-3.1.2.jar:/mnt/dev/YCSB-aerospike-dist/lib/htrace-core4-4.1.0-incubating.jar:/mnt/dev/YCSB-aerospike-dist/lib/jbcrypt-0.3m.jar:/mnt/dev/YCSB-aerospike-dist/lib/jackson-mapper-asl-1.9.4.jar:/mnt/dev/YCSB-aerospike-dist/lib/aerospike-binding-0.18.0-SNAPSHOT.jar:/mnt/dev/YCSB-aerospike-dist/lib/HdrHistogram-2.1.12.jar:/mnt/dev/YCSB-aerospike-dist/lib/jackson-core-asl-1.9.4.jar:/mnt/dev/YCSB-aerospike-dist/lib/core-0.18.0-SNAPSHOT.jar:/mnt/dev/YCSB-aerospike-dist/lib/luaj-jse-3.0.jar:/mnt/dev/YCSB-aerospike-dist/lib/gnu-crypto-2.0.1.jar site.ycsb.Client -db site.ycsb.db.AerospikeClient -s -threads 256 -P /mnt/dev/YCSB-aerospike-dist/workloads/workloada -p recordcount=100000000 -p operationcount=2000000000 -p fieldcount=10 -p fieldlength=128 -p fieldlengthdistribution=constant -p readallfields=true -p writeallfields=true -p insertorder=hashed -p requestdistribution=uniform -p readproportion=0.5 -p updateproportion=0.5 -p insertproportion=0 -p scanproportion=0 -p readmodifywriteproportion=0 -p measurementtype=hdrhistogram -p measurement.interval=both -p hdrhistogram.percentiles=50,95,99,99.9,99.99 -p status.interval=10 -p maxexecutiontime=300 -p as.host=172.16.0.4 -p as.port=3000 -p as.namespace=ycsb -p as.timeout=10000 -t
Command line: -db site.ycsb.db.AerospikeClient -s -threads 256 -P /mnt/dev/YCSB-aerospike-dist/workloads/workloada -p recordcount=100000000 -p operationcount=2000000000 -p fieldcount=10 -p fieldlength=128 -p fieldlengthdistribution=constant -p readallfields=true -p writeallfields=true -p insertorder=hashed -p requestdistribution=uniform -p readproportion=0.5 -p updateproportion=0.5 -p insertproportion=0 -p scanproportion=0 -p readmodifywriteproportion=0 -p measurementtype=hdrhistogram -p measurement.interval=both -p hdrhistogram.percentiles=50,95,99,99.9,99.99 -p status.interval=10 -p maxexecutiontime=300 -p as.host=172.16.0.4 -p as.port=3000 -p as.namespace=ycsb -p as.timeout=10000 -t
YCSB Client 0.18.0-SNAPSHOT

Loading workload...
Starting test.
Maximum execution time specified as: 300 secs
2026-09-16 03:21:35:478 0 sec: 0 operations; est completion in 0 second 
DBWrapper: report latency for each error is false and specific error codes to track for latency are: []
2026-09-16 03:21:45:402 10 sec: 4591154 operations; 459115.4 current ops/sec; est completion in 1 hour 12 minutes [READ: Count=2294390, Max=82815, Min=173, Avg=598.21, 50=539, 90=834, 99=1387, 99.9=4791, 99.99=16831] [UPDATE: Count=2300612, Max=65375, Min=156, Avg=460.46, 50=404, 90=679, 99=1312, 99.9=3297, 99.99=7183] [Intended-READ: Count=2299625, Max=82815, Min=173, Avg=598.21, 50=539, 90=834, 99=1387, 99.9=4787, 99.99=16831] [Intended-UPDATE: Count=2304827, Max=65375, Min=157, Avg=460.49, 50=404, 90=679, 99=1312, 99.9=3295, 99.99=7183] 
2026-09-16 03:21:55:402 20 sec: 9534283 operations; 494312.9 current ops/sec; est completion in 1 hour 9 minutes [READ: Count=2473477, Max=12167, Min=162, Avg=586.3, 50=537, 90=832, 99=1268, 99.9=3627, 99.99=6243] [UPDATE: Count=2467799, Max=8191, Min=154, Avg=443.01, 50=400, 90=659, 99=1060, 99.9=1821, 99.99=3405] [Intended-READ: Count=2471227, Max=12167, Min=162, Avg=586.35, 50=537, 90=832, 99=1268, 99.9=3627, 99.99=6243] [Intended-UPDATE: Count=2465619, Max=8191, Min=154, Avg=443.04, 50=400, 90=659, 99=1060, 99.9=1820, 99.99=3405] 
2026-09-16 03:22:05:402 30 sec: 14484676 operations; 495039.3 current ops/sec; est completion in 1 hour 8 minutes [READ: Count=2473921, Max=8223, Min=176, Avg=585.75, 50=538, 90=831, 99=1254, 99.9=3323, 99.99=5623] [UPDATE: Count=2475490, Max=7919, Min=155, Avg=442.6, 50=400, 90=659, 99=1052, 99.9=1744, 99.99=2193] [Intended-READ: Count=2472011, Max=8223, Min=176, Avg=585.8, 50=538, 90=831, 99=1255, 99.9=3323, 99.99=5623] [Intended-UPDATE: Count=2474573, Max=7919, Min=155, Avg=442.63, 50=400, 90=659, 99=1052, 99.9=1744, 99.99=2193] 
2026-09-16 03:22:15:402 40 sec: 19432309 operations; 494763.3 current ops/sec; est completion in 1 hour 7 minutes [READ: Count=2472484, Max=6631, Min=165, Avg=586.04, 50=538, 90=834, 99=1260, 99.9=3191, 99.99=5563] [UPDATE: Count=2475153, Max=6383, Min=152, Avg=443.07, 50=400, 90=661, 99=1055, 99.9=1804, 99.99=2335] [Intended-READ: Count=2473094, Max=6631, Min=165, Avg=586.18, 50=538, 90=834, 99=1261, 99.9=3245, 99.99=5591] [Intended-UPDATE: Count=2475378, Max=6383, Min=152, Avg=443.12, 50=400, 90=661, 99=1055, 99.9=1804, 99.99=2335] 
2026-09-16 03:22:25:403 50 sec: 24376655 operations; 494434.6 current ops/sec; est completion in 1 hour 7 minutes [READ: Count=2471418, Max=8655, Min=172, Avg=586.4, 50=538, 90=834, 99=1273, 99.9=3207, 99.99=5403] [UPDATE: Count=2473836, Max=8431, Min=152, Avg=443.3, 50=400, 90=661, 99=1064, 99.9=1748, 99.99=2475] [Intended-READ: Count=2471509, Max=8655, Min=172, Avg=586.33, 50=538, 90=834, 99=1272, 99.9=3161, 99.99=5371] [Intended-UPDATE: Count=2473543, Max=8431, Min=152, Avg=443.35, 50=400, 90=661, 99=1065, 99.9=1748, 99.99=2475] 
2026-09-16 03:22:35:402 60 sec: 29326752 operations; 495009.7 current ops/sec; est completion in 1 hour 7 minutes [READ: Count=2475684, Max=7591, Min=163, Avg=585.67, 50=538, 90=832, 99=1257, 99.9=3177, 99.99=5527] [UPDATE: Count=2473130, Max=5983, Min=151, Avg=442.85, 50=400, 90=660, 99=1055, 99.9=1745, 99.99=2675] [Intended-READ: Count=2475001, Max=7591, Min=163, Avg=585.71, 50=538, 90=832, 99=1257, 99.9=3177, 99.99=5527] [Intended-UPDATE: Count=2473878, Max=5983, Min=151, Avg=442.88, 50=400, 90=660, 99=1054, 99.9=1745, 99.99=2669] 
2026-09-16 03:22:45:402 70 sec: 34287504 operations; 496075.2 current ops/sec; est completion in 1 hour 6 minutes [READ: Count=2480938, Max=6563, Min=176, Avg=584.14, 50=539, 90=825, 99=1234, 99.9=3201, 99.99=5515] [UPDATE: Count=2480764, Max=6295, Min=153, Avg=442.16, 50=402, 90=655, 99=1035, 99.9=1733, 99.99=2293] [Intended-READ: Count=2480543, Max=6563, Min=176, Avg=584.18, 50=539, 90=825, 99=1234, 99.9=3203, 99.99=5515] [Intended-UPDATE: Count=2481211, Max=6295, Min=153, Avg=442.22, 50=402, 90=655, 99=1035, 99.9=1733, 99.99=2293] 
2026-09-16 03:22:55:402 80 sec: 39254749 operations; 496724.5 current ops/sec; est completion in 1 hour 6 minutes [READ: Count=2481912, Max=7159, Min=176, Avg=583.52, 50=538, 90=824, 99=1234, 99.9=3101, 99.99=5555] [UPDATE: Count=2484252, Max=4451, Min=153, Avg=441.52, 50=401, 90=655, 99=1037, 99.9=1728, 99.99=2321] [Intended-READ: Count=2481688, Max=7159, Min=176, Avg=583.55, 50=538, 90=824, 99=1234, 99.9=3101, 99.99=5555] [Intended-UPDATE: Count=2483859, Max=4451, Min=153, Avg=441.55, 50=401, 90=655, 99=1037, 99.9=1728, 99.99=2319] 
2026-09-16 03:23:05:402 90 sec: 44202138 operations; 494738.9 current ops/sec; est completion in 1 hour 6 minutes [READ: Count=2473774, Max=7735, Min=159, Avg=586.09, 50=539, 90=832, 99=1256, 99.9=3151, 99.99=5667] [UPDATE: Count=2474410, Max=5847, Min=152, Avg=442.95, 50=401, 90=659, 99=1051, 99.9=1743, 99.99=2333] [Intended-READ: Count=2474716, Max=7735, Min=160, Avg=586.14, 50=539, 90=832, 99=1256, 99.9=3149, 99.99=5667] [Intended-UPDATE: Count=2473711, Max=5847, Min=152, Avg=442.99, 50=401, 90=659, 99=1051, 99.9=1743, 99.99=2337] 
2026-09-16 03:23:15:403 100 sec: 49159566 operations; 495742.8 current ops/sec; est completion in 1 hour 6 minutes [READ: Count=2479025, Max=7443, Min=172, Avg=584.88, 50=538, 90=830, 99=1250, 99.9=3059, 99.99=5319] [UPDATE: Count=2477530, Max=6819, Min=156, Avg=442.27, 50=400, 90=659, 99=1047, 99.9=1711, 99.99=2193] [Intended-READ: Count=2478096, Max=7443, Min=172, Avg=584.9, 50=538, 90=830, 99=1250, 99.9=3059, 99.99=5319] [Intended-UPDATE: Count=2477485, Max=6819, Min=156, Avg=442.31, 50=400, 90=659, 99=1047, 99.9=1711, 99.99=2191] 
2026-09-16 03:23:25:402 110 sec: 54103130 operations; 494356.4 current ops/sec; est completion in 1 hour 5 minutes [READ: Count=2472314, Max=6823, Min=175, Avg=586.42, 50=538, 90=834, 99=1267, 99.9=3111, 99.99=5475] [UPDATE: Count=2471694, Max=6047, Min=159, Avg=443.48, 50=400, 90=662, 99=1062, 99.9=1777, 99.99=2401] [Intended-READ: Count=2472681, Max=6823, Min=175, Avg=586.46, 50=538, 90=835, 99=1267, 99.9=3111, 99.99=5475] [Intended-UPDATE: Count=2471280, Max=6047, Min=159, Avg=443.51, 50=400, 90=662, 99=1062, 99.9=1777, 99.99=2401] 
2026-09-16 03:23:35:402 120 sec: 59063432 operations; 496030.2 current ops/sec; est completion in 1 hour 5 minutes [READ: Count=2479086, Max=7123, Min=174, Avg=584.66, 50=537, 90=828, 99=1252, 99.9=3301, 99.99=5463] [UPDATE: Count=2480800, Max=3247, Min=152, Avg=441.81, 50=400, 90=657, 99=1048, 99.9=1772, 99.99=2225] [Intended-READ: Count=2478738, Max=7123, Min=174, Avg=584.7, 50=537, 90=829, 99=1252, 99.9=3301, 99.99=5463] [Intended-UPDATE: Count=2480675, Max=3247, Min=152, Avg=441.85, 50=400, 90=657, 99=1048, 99.9=1772, 99.99=2225] 
2026-09-16 03:23:45:402 130 sec: 64012108 operations; 494867.6 current ops/sec; est completion in 1 hour 5 minutes [READ: Count=2471943, Max=9343, Min=176, Avg=585.19, 50=538, 90=826, 99=1246, 99.9=3331, 99.99=5831] [UPDATE: Count=2476760, Max=8559, Min=158, Avg=443.78, 50=402, 90=657, 99=1049, 99.9=1810, 99.99=2935] [Intended-READ: Count=2471916, Max=9343, Min=176, Avg=585.23, 50=538, 90=826, 99=1246, 99.9=3331, 99.99=5831] [Intended-UPDATE: Count=2478016, Max=8559, Min=158, Avg=443.83, 50=402, 90=657, 99=1050, 99.9=1811, 99.99=2935] 
2026-09-16 03:23:55:402 140 sec: 68962654 operations; 495054.6 current ops/sec; est completion in 1 hour 5 minutes [READ: Count=2474740, Max=7003, Min=172, Avg=585.42, 50=538, 90=830, 99=1251, 99.9=3225, 99.99=5599] [UPDATE: Count=2476473, Max=6747, Min=152, Avg=443.04, 50=401, 90=658, 99=1049, 99.9=1806, 99.99=2469] [Intended-READ: Count=2475825, Max=9223, Min=172, Avg=585.52, 50=538, 90=830, 99=1252, 99.9=3249, 99.99=5651] [Intended-UPDATE: Count=2475374, Max=6747, Min=152, Avg=443.07, 50=401, 90=659, 99=1049, 99.9=1806, 99.99=2465] 
2026-09-16 03:24:05:403 150 sec: 73918326 operations; 495567.2 current ops/sec; est completion in 1 hour 5 minutes [READ: Count=2477213, Max=9223, Min=181, Avg=584.56, 50=538, 90=826, 99=1245, 99.9=3109, 99.99=5619] [UPDATE: Count=2477910, Max=4435, Min=155, Avg=443.09, 50=401, 90=658, 99=1048, 99.9=1774, 99.99=2525] [Intended-READ: Count=2476020, Max=7539, Min=181, Avg=584.53, 50=538, 90=826, 99=1244, 99.9=3085, 99.99=5567] [Intended-UPDATE: Count=2477563, Max=4435, Min=155, Avg=443.12, 50=401, 90=658, 99=1048, 99.9=1774, 99.99=2531] 
2026-09-16 03:24:15:402 160 sec: 78874529 operations; 495620.3 current ops/sec; est completion in 1 hour 4 minutes [READ: Count=2478381, Max=8231, Min=172, Avg=584.42, 50=538, 90=825, 99=1241, 99.9=3193, 99.99=5571] [UPDATE: Count=2477657, Max=8271, Min=156, Avg=442.87, 50=401, 90=656, 99=1045, 99.9=1819, 99.99=2393] [Intended-READ: Count=2479305, Max=8231, Min=173, Avg=584.45, 50=538, 90=825, 99=1241, 99.9=3193, 99.99=5571] [Intended-UPDATE: Count=2478569, Max=8271, Min=156, Avg=442.91, 50=401, 90=656, 99=1045, 99.9=1818, 99.99=2391] 
2026-09-16 03:24:25:403 170 sec: 83845262 operations; 497023.6 current ops/sec; est completion in 1 hour 4 minutes [READ: Count=2486651, Max=7199, Min=172, Avg=582.59, 50=538, 90=818, 99=1227, 99.9=3283, 99.99=5643] [UPDATE: Count=2484678, Max=5095, Min=154, Avg=441.78, 50=401, 90=652, 99=1032, 99.9=1791, 99.99=2253] [Intended-READ: Count=2487578, Max=7199, Min=172, Avg=582.64, 50=538, 90=818, 99=1227, 99.9=3281, 99.99=5643] [Intended-UPDATE: Count=2485379, Max=5095, Min=154, Avg=441.81, 50=401, 90=652, 99=1032, 99.9=1791, 99.99=2253] 
2026-09-16 03:24:35:402 180 sec: 88820686 operations; 497592.16 current ops/sec; est completion in 1 hour 4 minutes [READ: Count=2487522, Max=7187, Min=181, Avg=581.63, 50=537, 90=815, 99=1216, 99.9=3201, 99.99=5671] [UPDATE: Count=2488005, Max=6039, Min=152, Avg=441.62, 50=402, 90=650, 99=1026, 99.9=1793, 99.99=2315] [Intended-READ: Count=2486399, Max=7187, Min=181, Avg=581.67, 50=537, 90=815, 99=1216, 99.9=3203, 99.99=5671] [Intended-UPDATE: Count=2486631, Max=6039, Min=152, Avg=441.67, 50=402, 90=650, 99=1027, 99.9=1793, 99.99=2315] 
2026-09-16 03:24:45:404 190 sec: 93792585 operations; 497189.9 current ops/sec; est completion in 1 hour 4 minutes [READ: Count=2485373, Max=7359, Min=166, Avg=582.29, 50=538, 90=818, 99=1220, 99.9=3235, 99.99=5639] [UPDATE: Count=2485853, Max=5251, Min=156, Avg=441.98, 50=402, 90=652, 99=1028, 99.9=1740, 99.99=2269] [Intended-READ: Count=2484702, Max=7359, Min=166, Avg=582.33, 50=538, 90=818, 99=1220, 99.9=3239, 99.99=5639] [Intended-UPDATE: Count=2486540, Max=5251, Min=156, Avg=442.02, 50=402, 90=652, 99=1028, 99.9=1741, 99.99=2271] 
2026-09-16 03:24:55:402 200 sec: 98775152 operations; 498256.7 current ops/sec; est completion in 1 hour 4 minutes [READ: Count=2490617, Max=6747, Min=182, Avg=581.16, 50=537, 90=815, 99=1217, 99.9=3213, 99.99=5487] [UPDATE: Count=2491852, Max=6571, Min=154, Avg=440.71, 50=401, 90=649, 99=1024, 99.9=1787, 99.99=2633] [Intended-READ: Count=2490555, Max=6747, Min=182, Avg=581.2, 50=537, 90=815, 99=1217, 99.9=3213, 99.99=5487] [Intended-UPDATE: Count=2491975, Max=6571, Min=154, Avg=440.8, 50=401, 90=649, 99=1025, 99.9=1795, 99.99=2631] 
2026-09-16 03:25:05:402 210 sec: 103616507 operations; 484135.5 current ops/sec; est completion in 1 hour 4 minutes [READ: Count=2420951, Max=11599, Min=171, Avg=598.27, 50=541, 90=855, 99=1513, 99.9=3469, 99.99=5343] [UPDATE: Count=2421221, Max=245887, Min=150, Avg=453.77, 50=400, 90=682, 99=1266, 99.9=2415, 99.99=3585] [Intended-READ: Count=2421842, Max=11599, Min=171, Avg=598.31, 50=541, 90=855, 99=1513, 99.9=3469, 99.99=5343] [Intended-UPDATE: Count=2420817, Max=245887, Min=150, Avg=453.77, 50=400, 90=682, 99=1265, 99.9=2415, 99.99=3585] 
2026-09-16 03:25:15:402 220 sec: 108422757 operations; 480625 current ops/sec; est completion in 1 hour 3 minutes [READ: Count=2404891, Max=6795, Min=171, Avg=602.77, 50=542, 90=870, 99=1564, 99.9=3445, 99.99=5167] [UPDATE: Count=2400543, Max=5515, Min=155, Avg=457.01, 50=400, 90=694, 99=1320, 99.9=2605, 99.99=3617] [Intended-READ: Count=2404046, Max=6795, Min=171, Avg=602.81, 50=542, 90=870, 99=1565, 99.9=3445, 99.99=5167] [Intended-UPDATE: Count=2399905, Max=5515, Min=155, Avg=457.06, 50=400, 90=694, 99=1320, 99.9=2605, 99.99=3619] 
2026-09-16 03:25:25:404 230 sec: 113214966 operations; 479220.9 current ops/sec; est completion in 1 hour 3 minutes [READ: Count=2396845, Max=7899, Min=170, Avg=604.95, 50=543, 90=873, 99=1597, 99.9=3607, 99.99=5279] [UPDATE: Count=2395994, Max=6915, Min=154, Avg=458.08, 50=401, 90=694, 99=1336, 99.9=2709, 99.99=3773] [Intended-READ: Count=2397262, Max=7899, Min=170, Avg=604.98, 50=543, 90=873, 99=1597, 99.9=3607, 99.99=5279] [Intended-UPDATE: Count=2396045, Max=6915, Min=154, Avg=458.12, 50=401, 90=694, 99=1335, 99.9=2709, 99.99=3773] 
2026-09-16 03:25:35:402 240 sec: 118035630 operations; 482066.4 current ops/sec; est completion in 1 hour 3 minutes [READ: Count=2411889, Max=8375, Min=170, Avg=601.06, 50=542, 90=862, 99=1534, 99.9=3529, 99.99=5335] [UPDATE: Count=2408533, Max=6499, Min=155, Avg=455.2, 50=400, 90=686, 99=1281, 99.9=2599, 99.99=3701] [Intended-READ: Count=2411925, Max=8375, Min=170, Avg=601.09, 50=542, 90=862, 99=1534, 99.9=3529, 99.99=5335] [Intended-UPDATE: Count=2409002, Max=6499, Min=155, Avg=455.24, 50=401, 90=686, 99=1281, 99.9=2599, 99.99=3701] 
2026-09-16 03:25:45:402 250 sec: 122851246 operations; 481561.6 current ops/sec; est completion in 1 hour 3 minutes [READ: Count=2409832, Max=7699, Min=164, Avg=601.93, 50=542, 90=866, 99=1544, 99.9=3557, 99.99=5391] [UPDATE: Count=2405415, Max=6099, Min=153, Avg=455.63, 50=400, 90=689, 99=1293, 99.9=2571, 99.99=3677] [Intended-READ: Count=2409409, Max=7699, Min=164, Avg=601.97, 50=542, 90=866, 99=1544, 99.9=3557, 99.99=5391] [Intended-UPDATE: Count=2405224, Max=6099, Min=153, Avg=455.68, 50=400, 90=689, 99=1293, 99.9=2571, 99.99=3677] 
2026-09-16 03:25:55:404 260 sec: 127679121 operations; 482787.5 current ops/sec; est completion in 1 hour 3 minutes [READ: Count=2414979, Max=7027, Min=179, Avg=600.39, 50=541, 90=863, 99=1528, 99.9=3527, 99.99=5211] [UPDATE: Count=2413978, Max=6063, Min=156, Avg=454.63, 50=400, 90=687, 99=1286, 99.9=2547, 99.99=3613] [Intended-READ: Count=2415291, Max=7027, Min=179, Avg=600.43, 50=541, 90=863, 99=1528, 99.9=3527, 99.99=5211] [Intended-UPDATE: Count=2413733, Max=6063, Min=156, Avg=454.67, 50=400, 90=687, 99=1286, 99.9=2547, 99.99=3613] 
2026-09-16 03:26:05:402 270 sec: 132495228 operations; 481610.7 current ops/sec; est completion in 1 hour 3 minutes [READ: Count=2409809, Max=8311, Min=167, Avg=601.69, 50=542, 90=868, 99=1522, 99.9=3469, 99.99=5339] [UPDATE: Count=2405965, Max=6171, Min=150, Avg=455.82, 50=400, 90=692, 99=1281, 99.9=2437, 99.99=3629] [Intended-READ: Count=2410156, Max=8311, Min=167, Avg=601.72, 50=542, 90=868, 99=1522, 99.9=3469, 99.99=5339] [Intended-UPDATE: Count=2406031, Max=6171, Min=150, Avg=455.85, 50=400, 90=692, 99=1281, 99.9=2437, 99.99=3629] 
2026-09-16 03:26:15:402 280 sec: 137311454 operations; 481622.6 current ops/sec; est completion in 1 hour 3 minutes [READ: Count=2407929, Max=7135, Min=176, Avg=602.15, 50=541, 90=869, 99=1559, 99.9=3461, 99.99=5175] [UPDATE: Count=2407997, Max=6875, Min=154, Avg=455.49, 50=399, 90=691, 99=1311, 99.9=2539, 99.99=3573] [Intended-READ: Count=2407730, Max=7135, Min=176, Avg=602.19, 50=541, 90=869, 99=1559, 99.9=3461, 99.99=5175] [Intended-UPDATE: Count=2407961, Max=6875, Min=154, Avg=455.53, 50=399, 90=691, 99=1311, 99.9=2539, 99.99=3573] 
2026-09-16 03:26:25:402 290 sec: 142134916 operations; 482346.2 current ops/sec; est completion in 1 hour 3 minutes [READ: Count=2410831, Max=7087, Min=172, Avg=601.01, 50=541, 90=866, 99=1518, 99.9=3547, 99.99=5455] [UPDATE: Count=2412190, Max=5699, Min=154, Avg=455.04, 50=400, 90=688, 99=1280, 99.9=2517, 99.99=3603] [Intended-READ: Count=2410361, Max=7087, Min=172, Avg=601.04, 50=542, 90=866, 99=1518, 99.9=3547, 99.99=5455] [Intended-UPDATE: Count=2412250, Max=5699, Min=154, Avg=455.07, 50=400, 90=688, 99=1280, 99.9=2517, 99.99=3603] 
2026-09-16 03:26:35:402 300 sec: 146949603 operations; 481468.7 current ops/sec; est completion in 1 hour 3 minutes [READ: Count=2406353, Max=8407, Min=172, Avg=602.12, 50=541, 90=868, 99=1537, 99.9=3567, 99.99=5251] [UPDATE: Count=2408310, Max=6095, Min=153, Avg=456.01, 50=400, 90=691, 99=1283, 99.9=2633, 99.99=3693] [Intended-READ: Count=2406680, Max=8407, Min=172, Avg=602.16, 50=541, 90=868, 99=1538, 99.9=3567, 99.99=5251] [Intended-UPDATE: Count=2408912, Max=6095, Min=153, Avg=456.05, 50=400, 90=691, 99=1283, 99.9=2631, 99.99=3693] 
Maximum time elapsed. Requesting stop for the workload.
Stop requested for workload. Now Joining!
2026-09-16 03:26:35:436 300 sec: 146962370 operations; 375500 current ops/sec; est completion in 1 hour 3 minutes [READ: Count=6395, Max=3389, Min=245, Avg=598.7, 50=544, 90=857, 99=1516, 99.9=2721, 99.99=3389] [CLEANUP: Count=256, Max=4791, Min=26, Avg=389.36, 50=41, 90=1186, 99=4507, 99.9=4791, 99.99=4791] [UPDATE: Count=5999, Max=3707, Min=166, Avg=460.53, 50=401, 90=688, 99=1595, 99.9=2405, 99.99=3707] [Intended-READ: Count=5636, Max=3389, Min=245, Avg=598.44, 50=546, 90=853, 99=1418, 99.9=2807, 99.99=3389] [Intended-CLEANUP: Count=256, Max=4791, Min=26, Avg=389.46, 50=41, 90=1187, 99=4507, 99.9=4791, 99.99=4791] [Intended-UPDATE: Count=4837, Max=3707, Min=177, Avg=460.79, 50=402, 90=685, 99=1622, 99.9=2531, 99.99=3707] 
[OVERALL], RunTime(ms), 300034
[OVERALL], Throughput(ops/sec), 489819.05384056474
[TOTAL_GCS_G1_Young_Generation], Count, 1262
[TOTAL_GC_TIME_G1_Young_Generation], Time(ms), 1415
[TOTAL_GC_TIME_%_G1_Young_Generation], Time(%), 0.4716132171687209
[TOTAL_GCS_G1_Old_Generation], Count, 0
[TOTAL_GC_TIME_G1_Old_Generation], Time(ms), 0
[TOTAL_GC_TIME_%_G1_Old_Generation], Time(%), 0.0
[TOTAL_GCs], Count, 1262
[TOTAL_GC_TIME], Time(ms), 1415
[TOTAL_GC_TIME_%], Time(%), 0.4716132171687209
[READ], Operations, 73481567
[READ], AverageLatency(us), 590.5988832410175
[READ], MinLatency(us), 159
[READ], MaxLatency(us), 82815
[READ], 50thPercentileLatency(us), 539
[READ], 95thPercentileLatency(us), 967
[READ], 99thPercentileLatency(us), 1331
[READ], 99.9PercentileLatency(us), 3427
[READ], 99.99PercentileLatency(us), 5599
[READ], Return=OK, 73481567
[CLEANUP], Operations, 256
[CLEANUP], AverageLatency(us), 389.359375
[CLEANUP], MinLatency(us), 26
[CLEANUP], MaxLatency(us), 4791
[CLEANUP], 50thPercentileLatency(us), 41
[CLEANUP], 95thPercentileLatency(us), 2847
[CLEANUP], 99thPercentileLatency(us), 4507
[CLEANUP], 99.9PercentileLatency(us), 4791
[CLEANUP], 99.99PercentileLatency(us), 4791
[UPDATE], Operations, 73480803
[UPDATE], AverageLatency(us), 447.3909275868964
[UPDATE], MinLatency(us), 150
[UPDATE], MaxLatency(us), 245887
[UPDATE], 50thPercentileLatency(us), 401
[UPDATE], 95thPercentileLatency(us), 787
[UPDATE], 99thPercentileLatency(us), 1121
[UPDATE], 99.9PercentileLatency(us), 2089
[UPDATE], 99.99PercentileLatency(us), 3407
[UPDATE], Return=OK, 73480803
[Intended-READ], Operations, 73481567
[Intended-READ], AverageLatency(us), 590.6368278727643
[Intended-READ], MinLatency(us), 160
[Intended-READ], MaxLatency(us), 82815
[Intended-READ], 50thPercentileLatency(us), 539
[Intended-READ], 95thPercentileLatency(us), 967
[Intended-READ], 99thPercentileLatency(us), 1331
[Intended-READ], 99.9PercentileLatency(us), 3427
[Intended-READ], 99.99PercentileLatency(us), 5599
[Intended-CLEANUP], Operations, 256
[Intended-CLEANUP], AverageLatency(us), 389.45703125
[Intended-CLEANUP], MinLatency(us), 26
[Intended-CLEANUP], MaxLatency(us), 4791
[Intended-CLEANUP], 50thPercentileLatency(us), 41
[Intended-CLEANUP], 95thPercentileLatency(us), 2847
[Intended-CLEANUP], 99thPercentileLatency(us), 4507
[Intended-CLEANUP], 99.9PercentileLatency(us), 4791
[Intended-CLEANUP], 99.99PercentileLatency(us), 4791
[Intended-UPDATE], Operations, 73480803
[Intended-UPDATE], AverageLatency(us), 447.4305910075588
[Intended-UPDATE], MinLatency(us), 150
[Intended-UPDATE], MaxLatency(us), 245887
[Intended-UPDATE], 50thPercentileLatency(us), 401
[Intended-UPDATE], 95thPercentileLatency(us), 787
[Intended-UPDATE], 99thPercentileLatency(us), 1121
[Intended-UPDATE], 99.9PercentileLatency(us), 2089
[Intended-UPDATE], 99.99PercentileLatency(us), 3407
