java -cp /mnt/dev/YCSB-hreplace-dist/redis-binding/conf:/mnt/dev/YCSB-hreplace-dist/conf:/mnt/dev/YCSB-hreplace-dist/lib/htrace-core4-4.1.0-incubating.jar:/mnt/dev/YCSB-hreplace-dist/lib/slf4j-api-1.7.25.jar:/mnt/dev/YCSB-hreplace-dist/lib/jackson-mapper-asl-1.9.4.jar:/mnt/dev/YCSB-hreplace-dist/lib/HdrHistogram-2.1.12.jar:/mnt/dev/YCSB-hreplace-dist/lib/jackson-core-asl-1.9.4.jar:/mnt/dev/YCSB-hreplace-dist/lib/jedis-3.9.0.jar:/mnt/dev/YCSB-hreplace-dist/lib/core-0.18.0-SNAPSHOT.jar:/mnt/dev/YCSB-hreplace-dist/lib/commons-pool2-2.11.1.jar:/mnt/dev/YCSB-hreplace-dist/lib/redis-binding-0.18.0-SNAPSHOT.jar site.ycsb.Client -db site.ycsb.db.RedisClient -s -threads 256 -P /mnt/dev/YCSB-hreplace-dist/workloads/workloada -p recordcount=100000000 -p operationcount=1000000 -p fieldcount=10 -p fieldlength=128 -p fieldlengthdistribution=constant -p readallfields=true -p writeallfields=true -p insertorder=hashed -p requestdistribution=uniform -p readproportion=1 -p updateproportion=0 -p insertproportion=0 -p scanproportion=0 -p readmodifywriteproportion=0 -p measurementtype=hdrhistogram -p measurement.interval=both -p hdrhistogram.percentiles=50,95,99,99.9,99.99 -p status.interval=10 -p redis.host=172.16.0.4 -p redis.port=16379 -p redis.scanindex=none -p redis.timeout=10000 -p redis.cluster=false -p redis.updatecommand=lavik.hreplace -t
Command line: -db site.ycsb.db.RedisClient -s -threads 256 -P /mnt/dev/YCSB-hreplace-dist/workloads/workloada -p recordcount=100000000 -p operationcount=1000000 -p fieldcount=10 -p fieldlength=128 -p fieldlengthdistribution=constant -p readallfields=true -p writeallfields=true -p insertorder=hashed -p requestdistribution=uniform -p readproportion=1 -p updateproportion=0 -p insertproportion=0 -p scanproportion=0 -p readmodifywriteproportion=0 -p measurementtype=hdrhistogram -p measurement.interval=both -p hdrhistogram.percentiles=50,95,99,99.9,99.99 -p status.interval=10 -p redis.host=172.16.0.4 -p redis.port=16379 -p redis.scanindex=none -p redis.timeout=10000 -p redis.cluster=false -p redis.updatecommand=lavik.hreplace -t
YCSB Client 0.18.0-SNAPSHOT

Loading workload...
Starting test.
SLF4J: Failed to load class "org.slf4j.impl.StaticLoggerBinder".
SLF4J: Defaulting to no-operation (NOP) logger implementation
SLF4J: See http://www.slf4j.org/codes.html#StaticLoggerBinder for further details.
2026-09-16 03:59:40:330 0 sec: 0 operations; est completion in 0 second 
DBWrapper: report latency for each error is false and specific error codes to track for latency are: []
2026-09-16 03:59:42:686 2 sec: 1000000 operations; 415454.92 current ops/sec; [READ: Count=1000000, Max=33087, Min=219, Avg=512.77, 50=446, 90=633, 99=1790, 99.9=5083, 99.99=21071] [CLEANUP: Count=256, Max=738, Min=12, Avg=34.62, 50=23, 90=57, 99=162, 99.9=738, 99.99=738] [Intended-READ: Count=1000000, Max=33087, Min=219, Avg=512.81, 50=446, 90=633, 99=1790, 99.9=5083, 99.99=21071] [Intended-CLEANUP: Count=256, Max=739, Min=13, Avg=34.98, 50=24, 90=58, 99=162, 99.9=739, 99.99=739] 
[OVERALL], RunTime(ms), 2407
[OVERALL], Throughput(ops/sec), 415454.9231408392
[TOTAL_GCS_G1_Young_Generation], Count, 18
[TOTAL_GC_TIME_G1_Young_Generation], Time(ms), 26
[TOTAL_GC_TIME_%_G1_Young_Generation], Time(%), 1.080182800166182
[TOTAL_GCS_G1_Old_Generation], Count, 0
[TOTAL_GC_TIME_G1_Old_Generation], Time(ms), 0
[TOTAL_GC_TIME_%_G1_Old_Generation], Time(%), 0.0
[TOTAL_GCs], Count, 18
[TOTAL_GC_TIME], Time(ms), 26
[TOTAL_GC_TIME_%], Time(%), 1.080182800166182
[READ], Operations, 1000000
[READ], AverageLatency(us), 512.76649
[READ], MinLatency(us), 219
[READ], MaxLatency(us), 33087
[READ], 50thPercentileLatency(us), 446
[READ], 95thPercentileLatency(us), 815
[READ], 99thPercentileLatency(us), 1790
[READ], 99.9PercentileLatency(us), 5083
[READ], 99.99PercentileLatency(us), 21071
[READ], Return=OK, 1000000
[CLEANUP], Operations, 256
[CLEANUP], AverageLatency(us), 34.62109375
[CLEANUP], MinLatency(us), 12
[CLEANUP], MaxLatency(us), 738
[CLEANUP], 50thPercentileLatency(us), 23
[CLEANUP], 95thPercentileLatency(us), 78
[CLEANUP], 99thPercentileLatency(us), 162
[CLEANUP], 99.9PercentileLatency(us), 738
[CLEANUP], 99.99PercentileLatency(us), 738
[Intended-READ], Operations, 1000000
[Intended-READ], AverageLatency(us), 512.807201
[Intended-READ], MinLatency(us), 219
[Intended-READ], MaxLatency(us), 33087
[Intended-READ], 50thPercentileLatency(us), 446
[Intended-READ], 95thPercentileLatency(us), 815
[Intended-READ], 99thPercentileLatency(us), 1790
[Intended-READ], 99.9PercentileLatency(us), 5083
[Intended-READ], 99.99PercentileLatency(us), 21071
[Intended-CLEANUP], Operations, 256
[Intended-CLEANUP], AverageLatency(us), 34.98046875
[Intended-CLEANUP], MinLatency(us), 13
[Intended-CLEANUP], MaxLatency(us), 739
[Intended-CLEANUP], 50thPercentileLatency(us), 24
[Intended-CLEANUP], 95thPercentileLatency(us), 79
[Intended-CLEANUP], 99thPercentileLatency(us), 162
[Intended-CLEANUP], 99.9PercentileLatency(us), 739
[Intended-CLEANUP], 99.99PercentileLatency(us), 739
