java -cp /mnt/dev/YCSB-aerospike-dist/aerospike-binding/conf:/mnt/dev/YCSB-aerospike-dist/conf:/mnt/dev/YCSB-aerospike-dist/lib/aerospike-client-3.1.2.jar:/mnt/dev/YCSB-aerospike-dist/lib/htrace-core4-4.1.0-incubating.jar:/mnt/dev/YCSB-aerospike-dist/lib/jbcrypt-0.3m.jar:/mnt/dev/YCSB-aerospike-dist/lib/jackson-mapper-asl-1.9.4.jar:/mnt/dev/YCSB-aerospike-dist/lib/aerospike-binding-0.18.0-SNAPSHOT.jar:/mnt/dev/YCSB-aerospike-dist/lib/HdrHistogram-2.1.12.jar:/mnt/dev/YCSB-aerospike-dist/lib/jackson-core-asl-1.9.4.jar:/mnt/dev/YCSB-aerospike-dist/lib/core-0.18.0-SNAPSHOT.jar:/mnt/dev/YCSB-aerospike-dist/lib/luaj-jse-3.0.jar:/mnt/dev/YCSB-aerospike-dist/lib/gnu-crypto-2.0.1.jar site.ycsb.Client -db site.ycsb.db.AerospikeClient -s -threads 256 -P /mnt/dev/YCSB-aerospike-dist/workloads/workloada -p recordcount=100000000 -p operationcount=1000000 -p fieldcount=10 -p fieldlength=128 -p fieldlengthdistribution=constant -p readallfields=true -p writeallfields=true -p insertorder=hashed -p requestdistribution=uniform -p readproportion=0.5 -p updateproportion=0.5 -p insertproportion=0 -p scanproportion=0 -p readmodifywriteproportion=0 -p measurementtype=hdrhistogram -p measurement.interval=both -p hdrhistogram.percentiles=50,95,99,99.9,99.99 -p status.interval=10 -p as.host=172.16.0.4 -p as.port=3000 -p as.namespace=ycsb -p as.timeout=10000 -t
Command line: -db site.ycsb.db.AerospikeClient -s -threads 256 -P /mnt/dev/YCSB-aerospike-dist/workloads/workloada -p recordcount=100000000 -p operationcount=1000000 -p fieldcount=10 -p fieldlength=128 -p fieldlengthdistribution=constant -p readallfields=true -p writeallfields=true -p insertorder=hashed -p requestdistribution=uniform -p readproportion=0.5 -p updateproportion=0.5 -p insertproportion=0 -p scanproportion=0 -p readmodifywriteproportion=0 -p measurementtype=hdrhistogram -p measurement.interval=both -p hdrhistogram.percentiles=50,95,99,99.9,99.99 -p status.interval=10 -p as.host=172.16.0.4 -p as.port=3000 -p as.namespace=ycsb -p as.timeout=10000 -t
YCSB Client 0.18.0-SNAPSHOT

Loading workload...
Starting test.
2026-09-16 03:21:29:028 0 sec: 0 operations; est completion in 0 second 
DBWrapper: report latency for each error is false and specific error codes to track for latency are: []
2026-09-16 03:21:31:770 2 sec: 1000000 operations; 358680.06 current ops/sec; [READ: Count=500071, Max=167935, Min=165, Avg=649.65, 50=537, 90=893, 99=2237, 99.9=11663, 99.99=57503] [CLEANUP: Count=256, Max=1305, Min=23, Avg=105.12, 50=46, 90=249, 99=755, 99.9=1305, 99.99=1305] [UPDATE: Count=499929, Max=164095, Min=155, Avg=516.61, 50=414, 90=782, 99=2271, 99.9=5291, 99.99=18591] [Intended-READ: Count=500071, Max=167935, Min=165, Avg=649.71, 50=537, 90=893, 99=2237, 99.9=11663, 99.99=57503] [Intended-CLEANUP: Count=256, Max=1305, Min=24, Avg=105.47, 50=46, 90=250, 99=755, 99.9=1305, 99.99=1305] [Intended-UPDATE: Count=499929, Max=164095, Min=155, Avg=516.66, 50=414, 90=782, 99=2271, 99.9=5291, 99.99=18591] 
[OVERALL], RunTime(ms), 2788
[OVERALL], Throughput(ops/sec), 358680.05738880916
[TOTAL_GCS_G1_Young_Generation], Count, 13
[TOTAL_GC_TIME_G1_Young_Generation], Time(ms), 46
[TOTAL_GC_TIME_%_G1_Young_Generation], Time(%), 1.6499282639885222
[TOTAL_GCS_G1_Old_Generation], Count, 0
[TOTAL_GC_TIME_G1_Old_Generation], Time(ms), 0
[TOTAL_GC_TIME_%_G1_Old_Generation], Time(%), 0.0
[TOTAL_GCs], Count, 13
[TOTAL_GC_TIME], Time(ms), 46
[TOTAL_GC_TIME_%], Time(%), 1.6499282639885222
[READ], Operations, 500071
[READ], AverageLatency(us), 649.6537251710257
[READ], MinLatency(us), 165
[READ], MaxLatency(us), 167935
[READ], 50thPercentileLatency(us), 537
[READ], 95thPercentileLatency(us), 1099
[READ], 99thPercentileLatency(us), 2237
[READ], 99.9PercentileLatency(us), 11663
[READ], 99.99PercentileLatency(us), 57503
[READ], Return=OK, 500071
[CLEANUP], Operations, 256
[CLEANUP], AverageLatency(us), 105.12109375
[CLEANUP], MinLatency(us), 23
[CLEANUP], MaxLatency(us), 1305
[CLEANUP], 50thPercentileLatency(us), 46
[CLEANUP], 95thPercentileLatency(us), 459
[CLEANUP], 99thPercentileLatency(us), 755
[CLEANUP], 99.9PercentileLatency(us), 1305
[CLEANUP], 99.99PercentileLatency(us), 1305
[UPDATE], Operations, 499929
[UPDATE], AverageLatency(us), 516.608114352238
[UPDATE], MinLatency(us), 155
[UPDATE], MaxLatency(us), 164095
[UPDATE], 50thPercentileLatency(us), 414
[UPDATE], 95thPercentileLatency(us), 1036
[UPDATE], 99thPercentileLatency(us), 2271
[UPDATE], 99.9PercentileLatency(us), 5291
[UPDATE], 99.99PercentileLatency(us), 18591
[UPDATE], Return=OK, 499929
[Intended-READ], Operations, 500071
[Intended-READ], AverageLatency(us), 649.7112150074689
[Intended-READ], MinLatency(us), 165
[Intended-READ], MaxLatency(us), 167935
[Intended-READ], 50thPercentileLatency(us), 537
[Intended-READ], 95thPercentileLatency(us), 1099
[Intended-READ], 99thPercentileLatency(us), 2237
[Intended-READ], 99.9PercentileLatency(us), 11663
[Intended-READ], 99.99PercentileLatency(us), 57503
[Intended-CLEANUP], Operations, 256
[Intended-CLEANUP], AverageLatency(us), 105.46875
[Intended-CLEANUP], MinLatency(us), 24
[Intended-CLEANUP], MaxLatency(us), 1305
[Intended-CLEANUP], 50thPercentileLatency(us), 46
[Intended-CLEANUP], 95thPercentileLatency(us), 460
[Intended-CLEANUP], 99thPercentileLatency(us), 755
[Intended-CLEANUP], 99.9PercentileLatency(us), 1305
[Intended-CLEANUP], 99.99PercentileLatency(us), 1305
[Intended-UPDATE], Operations, 499929
[Intended-UPDATE], AverageLatency(us), 516.6606698151137
[Intended-UPDATE], MinLatency(us), 155
[Intended-UPDATE], MaxLatency(us), 164095
[Intended-UPDATE], 50thPercentileLatency(us), 414
[Intended-UPDATE], 95thPercentileLatency(us), 1036
[Intended-UPDATE], 99thPercentileLatency(us), 2271
[Intended-UPDATE], 99.9PercentileLatency(us), 5291
[Intended-UPDATE], 99.99PercentileLatency(us), 18591
