java -cp /mnt/dev/YCSB-hreplace-dist/redis-binding/conf:/mnt/dev/YCSB-hreplace-dist/conf:/mnt/dev/YCSB-hreplace-dist/lib/htrace-core4-4.1.0-incubating.jar:/mnt/dev/YCSB-hreplace-dist/lib/slf4j-api-1.7.25.jar:/mnt/dev/YCSB-hreplace-dist/lib/jackson-mapper-asl-1.9.4.jar:/mnt/dev/YCSB-hreplace-dist/lib/HdrHistogram-2.1.12.jar:/mnt/dev/YCSB-hreplace-dist/lib/jackson-core-asl-1.9.4.jar:/mnt/dev/YCSB-hreplace-dist/lib/jedis-3.9.0.jar:/mnt/dev/YCSB-hreplace-dist/lib/core-0.18.0-SNAPSHOT.jar:/mnt/dev/YCSB-hreplace-dist/lib/commons-pool2-2.11.1.jar:/mnt/dev/YCSB-hreplace-dist/lib/redis-binding-0.18.0-SNAPSHOT.jar site.ycsb.Client -db site.ycsb.db.RedisClient -threads 256 -P /mnt/dev/YCSB-hreplace-dist/workloads/workloada -p redis.host=172.16.0.4 -p redis.port=16379 -p redis.updatecommand=keylane.hreplace -p redis.cluster=false -p recordcount=100000000 -p operationcount=100000 -p fieldcount=10 -p fieldlength=128 -p fieldlengthdistribution=constant -p readallfields=true -p writeallfields=true -p requestdistribution=uniform -p redis.scanindex=none -p measurementtype=hdrhistogram -p measurement.interval=op -p hdrhistogram.percentiles=50,95,99,99.9,99.99 -t
Command line: -db site.ycsb.db.RedisClient -threads 256 -P /mnt/dev/YCSB-hreplace-dist/workloads/workloada -p redis.host=172.16.0.4 -p redis.port=16379 -p redis.updatecommand=keylane.hreplace -p redis.cluster=false -p recordcount=100000000 -p operationcount=100000 -p fieldcount=10 -p fieldlength=128 -p fieldlengthdistribution=constant -p readallfields=true -p writeallfields=true -p requestdistribution=uniform -p redis.scanindex=none -p measurementtype=hdrhistogram -p measurement.interval=op -p hdrhistogram.percentiles=50,95,99,99.9,99.99 -t
YCSB Client 0.18.0-SNAPSHOT

Loading workload...
Starting test.
SLF4J: Failed to load class "org.slf4j.impl.StaticLoggerBinder".
SLF4J: Defaulting to no-operation (NOP) logger implementation
SLF4J: See http://www.slf4j.org/codes.html#StaticLoggerBinder for further details.
DBWrapper: report latency for each error is false and specific error codes to track for latency are: []
[OVERALL], RunTime(ms), 581
[OVERALL], Throughput(ops/sec), 172117.0395869191
[TOTAL_GCS_G1_Young_Generation], Count, 5
[TOTAL_GC_TIME_G1_Young_Generation], Time(ms), 8
[TOTAL_GC_TIME_%_G1_Young_Generation], Time(%), 1.376936316695353
[TOTAL_GCS_G1_Old_Generation], Count, 0
[TOTAL_GC_TIME_G1_Old_Generation], Time(ms), 0
[TOTAL_GC_TIME_%_G1_Old_Generation], Time(%), 0.0
[TOTAL_GCs], Count, 5
[TOTAL_GC_TIME], Time(ms), 8
[TOTAL_GC_TIME_%], Time(%), 1.376936316695353
[READ], Operations, 49984
[READ], AverageLatency(us), 890.525068021767
[READ], MinLatency(us), 234
[READ], MaxLatency(us), 86079
[READ], 50thPercentileLatency(us), 546
[READ], 95thPercentileLatency(us), 1972
[READ], 99thPercentileLatency(us), 4299
[READ], 99.9PercentileLatency(us), 56767
[READ], 99.99PercentileLatency(us), 82047
[READ], Return=OK, 49984
[CLEANUP], Operations, 256
[CLEANUP], AverageLatency(us), 42.99609375
[CLEANUP], MinLatency(us), 13
[CLEANUP], MaxLatency(us), 2723
[CLEANUP], 50thPercentileLatency(us), 25
[CLEANUP], 95thPercentileLatency(us), 79
[CLEANUP], 99thPercentileLatency(us), 275
[CLEANUP], 99.9PercentileLatency(us), 2723
[CLEANUP], 99.99PercentileLatency(us), 2723
[UPDATE], Operations, 50016
[UPDATE], AverageLatency(us), 1041.1054662507997
[UPDATE], MinLatency(us), 166
[UPDATE], MaxLatency(us), 87359
[UPDATE], 50thPercentileLatency(us), 574
[UPDATE], 95thPercentileLatency(us), 2545
[UPDATE], 99thPercentileLatency(us), 4739
[UPDATE], 99.9PercentileLatency(us), 53087
[UPDATE], 99.99PercentileLatency(us), 81727
[UPDATE], Return=OK, 50016
