java -cp /mnt/dev/YCSB-hreplace-dist/redis-binding/conf:/mnt/dev/YCSB-hreplace-dist/conf:/mnt/dev/YCSB-hreplace-dist/lib/htrace-core4-4.1.0-incubating.jar:/mnt/dev/YCSB-hreplace-dist/lib/slf4j-api-1.7.25.jar:/mnt/dev/YCSB-hreplace-dist/lib/jackson-mapper-asl-1.9.4.jar:/mnt/dev/YCSB-hreplace-dist/lib/HdrHistogram-2.1.12.jar:/mnt/dev/YCSB-hreplace-dist/lib/jackson-core-asl-1.9.4.jar:/mnt/dev/YCSB-hreplace-dist/lib/jedis-3.9.0.jar:/mnt/dev/YCSB-hreplace-dist/lib/core-0.18.0-SNAPSHOT.jar:/mnt/dev/YCSB-hreplace-dist/lib/commons-pool2-2.11.1.jar:/mnt/dev/YCSB-hreplace-dist/lib/redis-binding-0.18.0-SNAPSHOT.jar site.ycsb.Client -db site.ycsb.db.RedisClient -threads 512 -P /mnt/dev/YCSB-hreplace-dist/workloads/workloada -p redis.host=172.16.0.4 -p redis.port=16379 -p recordcount=100000000 -p operationcount=100000 -p fieldcount=10 -p fieldlength=128 -p fieldlengthdistribution=constant -p readallfields=true -p writeallfields=true -p requestdistribution=uniform -p redis.scanindex=none -p measurementtype=hdrhistogram -p measurement.interval=op -p hdrhistogram.percentiles=50,95,99,99.9,99.99 -t
Command line: -db site.ycsb.db.RedisClient -threads 512 -P /mnt/dev/YCSB-hreplace-dist/workloads/workloada -p redis.host=172.16.0.4 -p redis.port=16379 -p recordcount=100000000 -p operationcount=100000 -p fieldcount=10 -p fieldlength=128 -p fieldlengthdistribution=constant -p readallfields=true -p writeallfields=true -p requestdistribution=uniform -p redis.scanindex=none -p measurementtype=hdrhistogram -p measurement.interval=op -p hdrhistogram.percentiles=50,95,99,99.9,99.99 -t
YCSB Client 0.18.0-SNAPSHOT

Loading workload...
Starting test.
SLF4J: Failed to load class "org.slf4j.impl.StaticLoggerBinder".
SLF4J: Defaulting to no-operation (NOP) logger implementation
SLF4J: See http://www.slf4j.org/codes.html#StaticLoggerBinder for further details.
DBWrapper: report latency for each error is false and specific error codes to track for latency are: []
[OVERALL], RunTime(ms), 670
[OVERALL], Throughput(ops/sec), 149253.73134328358
[TOTAL_GCS_G1_Young_Generation], Count, 5
[TOTAL_GC_TIME_G1_Young_Generation], Time(ms), 9
[TOTAL_GC_TIME_%_G1_Young_Generation], Time(%), 1.3432835820895521
[TOTAL_GCS_G1_Old_Generation], Count, 0
[TOTAL_GC_TIME_G1_Old_Generation], Time(ms), 0
[TOTAL_GC_TIME_%_G1_Old_Generation], Time(%), 0.0
[TOTAL_GCs], Count, 5
[TOTAL_GC_TIME], Time(ms), 9
[TOTAL_GC_TIME_%], Time(%), 1.3432835820895521
[READ], Operations, 49866
[READ], AverageLatency(us), 1167.9107407853046
[READ], MinLatency(us), 210
[READ], MaxLatency(us), 85375
[READ], 50thPercentileLatency(us), 656
[READ], 95thPercentileLatency(us), 3147
[READ], 99thPercentileLatency(us), 6451
[READ], 99.9PercentileLatency(us), 56735
[READ], 99.99PercentileLatency(us), 67007
[READ], Return=OK, 49866
[CLEANUP], Operations, 512
[CLEANUP], AverageLatency(us), 47.3359375
[CLEANUP], MinLatency(us), 8
[CLEANUP], MaxLatency(us), 2026
[CLEANUP], 50thPercentileLatency(us), 22
[CLEANUP], 95thPercentileLatency(us), 67
[CLEANUP], 99thPercentileLatency(us), 966
[CLEANUP], 99.9PercentileLatency(us), 2026
[CLEANUP], 99.99PercentileLatency(us), 2026
[UPDATE], Operations, 50134
[UPDATE], AverageLatency(us), 1899.6815534367895
[UPDATE], MinLatency(us), 242
[UPDATE], MaxLatency(us), 84479
[UPDATE], 50thPercentileLatency(us), 1219
[UPDATE], 95thPercentileLatency(us), 4231
[UPDATE], 99thPercentileLatency(us), 9151
[UPDATE], 99.9PercentileLatency(us), 60063
[UPDATE], 99.99PercentileLatency(us), 75327
[UPDATE], Return=OK, 50134
