java -cp /mnt/dev/YCSB-hreplace-dist/redis-binding/conf:/mnt/dev/YCSB-hreplace-dist/conf:/mnt/dev/YCSB-hreplace-dist/lib/htrace-core4-4.1.0-incubating.jar:/mnt/dev/YCSB-hreplace-dist/lib/slf4j-api-1.7.25.jar:/mnt/dev/YCSB-hreplace-dist/lib/jackson-mapper-asl-1.9.4.jar:/mnt/dev/YCSB-hreplace-dist/lib/HdrHistogram-2.1.12.jar:/mnt/dev/YCSB-hreplace-dist/lib/jackson-core-asl-1.9.4.jar:/mnt/dev/YCSB-hreplace-dist/lib/jedis-3.9.0.jar:/mnt/dev/YCSB-hreplace-dist/lib/core-0.18.0-SNAPSHOT.jar:/mnt/dev/YCSB-hreplace-dist/lib/commons-pool2-2.11.1.jar:/mnt/dev/YCSB-hreplace-dist/lib/redis-binding-0.18.0-SNAPSHOT.jar site.ycsb.Client -db site.ycsb.db.RedisClient -threads 64 -P /mnt/dev/YCSB-hreplace-dist/workloads/workloadd -p redis.host=172.16.0.4 -p redis.port=16379 -p recordcount=100000000 -p operationcount=100000 -p fieldcount=10 -p fieldlength=128 -p fieldlengthdistribution=constant -p readallfields=true -p writeallfields=true -p requestdistribution=uniform -p redis.scanindex=none -p measurementtype=hdrhistogram -p measurement.interval=op -p hdrhistogram.percentiles=50,95,99,99.9,99.99 -t
Command line: -db site.ycsb.db.RedisClient -threads 64 -P /mnt/dev/YCSB-hreplace-dist/workloads/workloadd -p redis.host=172.16.0.4 -p redis.port=16379 -p recordcount=100000000 -p operationcount=100000 -p fieldcount=10 -p fieldlength=128 -p fieldlengthdistribution=constant -p readallfields=true -p writeallfields=true -p requestdistribution=uniform -p redis.scanindex=none -p measurementtype=hdrhistogram -p measurement.interval=op -p hdrhistogram.percentiles=50,95,99,99.9,99.99 -t
YCSB Client 0.18.0-SNAPSHOT

Loading workload...
Starting test.
SLF4J: Failed to load class "org.slf4j.impl.StaticLoggerBinder".
SLF4J: Defaulting to no-operation (NOP) logger implementation
SLF4J: See http://www.slf4j.org/codes.html#StaticLoggerBinder for further details.
DBWrapper: report latency for each error is false and specific error codes to track for latency are: []
[OVERALL], RunTime(ms), 652
[OVERALL], Throughput(ops/sec), 153374.23312883437
[TOTAL_GCS_G1_Young_Generation], Count, 4
[TOTAL_GC_TIME_G1_Young_Generation], Time(ms), 4
[TOTAL_GC_TIME_%_G1_Young_Generation], Time(%), 0.6134969325153374
[TOTAL_GCS_G1_Old_Generation], Count, 0
[TOTAL_GC_TIME_G1_Old_Generation], Time(ms), 0
[TOTAL_GC_TIME_%_G1_Old_Generation], Time(%), 0.0
[TOTAL_GCs], Count, 4
[TOTAL_GC_TIME], Time(ms), 4
[TOTAL_GC_TIME_%], Time(%), 0.6134969325153374
[READ], Operations, 94996
[READ], AverageLatency(us), 364.88154238073184
[READ], MinLatency(us), 217
[READ], MaxLatency(us), 9735
[READ], 50thPercentileLatency(us), 337
[READ], 95thPercentileLatency(us), 455
[READ], 99thPercentileLatency(us), 973
[READ], 99.9PercentileLatency(us), 2995
[READ], 99.99PercentileLatency(us), 8639
[READ], Return=OK, 94996
[CLEANUP], Operations, 64
[CLEANUP], AverageLatency(us), 39.875
[CLEANUP], MinLatency(us), 13
[CLEANUP], MaxLatency(us), 775
[CLEANUP], 50thPercentileLatency(us), 22
[CLEANUP], 95thPercentileLatency(us), 80
[CLEANUP], 99thPercentileLatency(us), 775
[CLEANUP], 99.9PercentileLatency(us), 775
[CLEANUP], 99.99PercentileLatency(us), 775
[INSERT], Operations, 5004
[INSERT], AverageLatency(us), 300.91626698641085
[INSERT], MinLatency(us), 170
[INSERT], MaxLatency(us), 6039
[INSERT], 50thPercentileLatency(us), 268
[INSERT], 95thPercentileLatency(us), 397
[INSERT], 99thPercentileLatency(us), 1103
[INSERT], 99.9PercentileLatency(us), 3097
[INSERT], 99.99PercentileLatency(us), 6039
[INSERT], Return=OK, 5004
