java -cp /mnt/dev/YCSB-hreplace-dist/redis-binding/conf:/mnt/dev/YCSB-hreplace-dist/conf:/mnt/dev/YCSB-hreplace-dist/lib/htrace-core4-4.1.0-incubating.jar:/mnt/dev/YCSB-hreplace-dist/lib/slf4j-api-1.7.25.jar:/mnt/dev/YCSB-hreplace-dist/lib/jackson-mapper-asl-1.9.4.jar:/mnt/dev/YCSB-hreplace-dist/lib/HdrHistogram-2.1.12.jar:/mnt/dev/YCSB-hreplace-dist/lib/jackson-core-asl-1.9.4.jar:/mnt/dev/YCSB-hreplace-dist/lib/jedis-3.9.0.jar:/mnt/dev/YCSB-hreplace-dist/lib/core-0.18.0-SNAPSHOT.jar:/mnt/dev/YCSB-hreplace-dist/lib/commons-pool2-2.11.1.jar:/mnt/dev/YCSB-hreplace-dist/lib/redis-binding-0.18.0-SNAPSHOT.jar site.ycsb.Client -db site.ycsb.db.RedisClient -threads 256 -P /mnt/dev/YCSB-hreplace-dist/workloads/workloada -p redis.host=172.16.0.4 -p redis.port=16379 -p redis.updatecommand=hmset -p redis.scanindex=none -p recordcount=100000000 -p operationcount=2000000 -p fieldcount=10 -p fieldlength=128 -p fieldlengthdistribution=constant -p readallfields=true -p writeallfields=true -p requestdistribution=uniform -p measurementtype=hdrhistogram -p measurement.interval=op -p hdrhistogram.percentiles=50,95,99,99.9,99.99 -t
Command line: -db site.ycsb.db.RedisClient -threads 256 -P /mnt/dev/YCSB-hreplace-dist/workloads/workloada -p redis.host=172.16.0.4 -p redis.port=16379 -p redis.updatecommand=hmset -p redis.scanindex=none -p recordcount=100000000 -p operationcount=2000000 -p fieldcount=10 -p fieldlength=128 -p fieldlengthdistribution=constant -p readallfields=true -p writeallfields=true -p requestdistribution=uniform -p measurementtype=hdrhistogram -p measurement.interval=op -p hdrhistogram.percentiles=50,95,99,99.9,99.99 -t
YCSB Client 0.18.0-SNAPSHOT

Loading workload...
Starting test.
SLF4J: Failed to load class "org.slf4j.impl.StaticLoggerBinder".
SLF4J: Defaulting to no-operation (NOP) logger implementation
SLF4J: See http://www.slf4j.org/codes.html#StaticLoggerBinder for further details.
DBWrapper: report latency for each error is false and specific error codes to track for latency are: []
[OVERALL], RunTime(ms), 5818
[OVERALL], Throughput(ops/sec), 343760.74252320384
[TOTAL_GCS_G1_Young_Generation], Count, 39
[TOTAL_GC_TIME_G1_Young_Generation], Time(ms), 55
[TOTAL_GC_TIME_%_G1_Young_Generation], Time(%), 0.9453420419388107
[TOTAL_GCS_G1_Old_Generation], Count, 0
[TOTAL_GC_TIME_G1_Old_Generation], Time(ms), 0
[TOTAL_GC_TIME_%_G1_Old_Generation], Time(%), 0.0
[TOTAL_GCs], Count, 39
[TOTAL_GC_TIME], Time(ms), 55
[TOTAL_GC_TIME_%], Time(%), 0.9453420419388107
[READ], Operations, 999783
[READ], AverageLatency(us), 671.038927447256
[READ], MinLatency(us), 207
[READ], MaxLatency(us), 50591
[READ], 50thPercentileLatency(us), 568
[READ], 95thPercentileLatency(us), 1059
[READ], 99thPercentileLatency(us), 3329
[READ], 99.9PercentileLatency(us), 7551
[READ], 99.99PercentileLatency(us), 27935
[READ], Return=OK, 999783
[CLEANUP], Operations, 256
[CLEANUP], AverageLatency(us), 34.25390625
[CLEANUP], MinLatency(us), 13
[CLEANUP], MaxLatency(us), 791
[CLEANUP], 50thPercentileLatency(us), 23
[CLEANUP], 95thPercentileLatency(us), 76
[CLEANUP], 99thPercentileLatency(us), 121
[CLEANUP], 99.9PercentileLatency(us), 791
[CLEANUP], 99.99PercentileLatency(us), 791
[UPDATE], Operations, 1000217
[UPDATE], AverageLatency(us), 701.7546012515285
[UPDATE], MinLatency(us), 210
[UPDATE], MaxLatency(us), 46623
[UPDATE], 50thPercentileLatency(us), 588
[UPDATE], 95thPercentileLatency(us), 1173
[UPDATE], 99thPercentileLatency(us), 3473
[UPDATE], 99.9PercentileLatency(us), 7667
[UPDATE], 99.99PercentileLatency(us), 24815
[UPDATE], Return=OK, 1000217
