[0/2] Re-checking globbed directories...
[1/2] Re-running CMake...
-- clang-format 23.1.1 not found; format targets are disabled
-- clang-format 23.1.1 not found; bycorf format targets are disabled
-- 
-- Architecture: x64
-- Disable transparent huge pages support (MI_NO_THP=ON)
-- 
-- Library name     : mimalloc
-- Version          : 3.4.5
-- Build type       : release
-- C Compiler       : /usr/bin/cc
-- Compiler flags   : -Wall;-Wextra;-Wno-unknown-pragmas;-fvisibility=hidden;-Wstrict-prototypes;-ftls-model=initial-exec
-- Compiler defines : MI_DEFAULT_ARENA_EAGER_COMMIT=1;MI_DEFAULT_ALLOW_THP=0;MI_CMAKE_BUILD_TYPE=release;MI_BUILD_RELEASE
-- Link libraries   : pthread;rt;atomic
-- Build targets    : static
-- 
-- Configuring done (0.2s)
-- Generating done (0.1s)
-- Build files have been written to: /mnt/local_nvme/i131/build-base
[0/2] Re-checking globbed directories...
[1/72] Building CXX object CMakeFiles/lavik_module.dir/src/cluster/meta_connector.cpp.o
[2/72] Building CXX object CMakeFiles/lavik_module.dir/src/cluster/authority.cpp.o
[3/72] Building CXX object CMakeFiles/lavik_module.dir/src/storage/engine/alloc.cpp.o
[4/72] Building CXX object CMakeFiles/lavik_module.dir/src/storage/engine.cpp.o
[5/72] Building CXX object CMakeFiles/lavik_module.dir/src/storage/engine/backup.cpp.o
[6/72] Building CXX object CMakeFiles/lavik_module.dir/src/cluster/meta_client.cpp.o
[7/72] Building CXX object CMakeFiles/lavik_module.dir/src/storage/engine/compact_api.cpp.o
[8/72] Building CXX object CMakeFiles/lavik_module.dir/src/storage/engine/flush.cpp.o
[9/72] Building CXX object CMakeFiles/lavik_module.dir/src/storage/engine/checkpoint.cpp.o
[10/72] Building CXX object CMakeFiles/lavik_module.dir/src/storage/engine/flush_db.cpp.o
[11/72] Building CXX object CMakeFiles/lavik_module.dir/src/storage/engine/defrag.cpp.o
[12/72] Building CXX object CMakeFiles/lavik_module.dir/src/storage/engine/expire.cpp.o
[13/72] Building CXX object CMakeFiles/lavik_module.dir/src/storage/engine/grouped_write.cpp.o
[14/72] Building CXX object CMakeFiles/lavik_module.dir/src/storage/engine/hash_api.cpp.o
[15/72] Building CXX object CMakeFiles/lavik_module.dir/src/storage/engine/grouped_read.cpp.o
[16/72] Building CXX object CMakeFiles/lavik_module.dir/src/storage/engine/grouped_replication_source.cpp.o
[17/72] Building CXX object CMakeFiles/lavik_module.dir/src/storage/engine/grouped_stream.cpp.o
/mnt/local_nvme/i131/base/src/storage/engine/grouped_stream.cpp: In member function ‘bycorf::Task<absl::lts_20250512::StatusOr<lavik::storage::StreamTrimResult> > lavik::storage::StorageEngine::Impl::StreamPageAccess::Trim(const lavik::storage::StreamTrimRequest&, std::vector<lavik::storage::StreamRecordChange>&, std::vector<long unsigned int>&, uint64_t)’:
/mnt/local_nvme/i131/base/src/storage/engine/grouped_stream.cpp:534:75: warning: missing initializer for member ‘lavik::storage::StreamTrimResult::first_id_’ [-Wmissing-field-initializers]
  534 |     StreamTrimResult result{.removed_ = remove, .length_ = length - remove};
      |                                                                           ^
/mnt/local_nvme/i131/base/src/storage/engine/grouped_stream.cpp: In member function ‘bycorf::Task<absl::lts_20250512::Status> lavik::storage::StorageEngine::Impl::ExecuteGroupedStreamInspect(WorkerStore&, WorkerStore::PartitionStore&, uint8_t, std::string_view, const lavik::storage::Digest&, lavik::storage::GroupedHashObject::Handle, const lavik::storage::CompactValueCallback&, const lavik::storage::StreamInspectAccess&)’:
/mnt/local_nvme/i131/base/src/storage/engine/grouped_stream.cpp:959:72: warning: missing initializer for member ‘lavik::storage::StreamGroupSummary::first_pending_’ [-Wmissing-field-initializers]
  959 |           .name_ = name, .consumers_ = Count(*value, value->size() - 4)};
      |                                                                        ^
/mnt/local_nvme/i131/base/src/storage/engine/grouped_stream.cpp:959:72: warning: missing initializer for member ‘lavik::storage::StreamGroupSummary::last_pending_’ [-Wmissing-field-initializers]
/mnt/local_nvme/i131/base/src/storage/engine/grouped_stream.cpp:959:72: warning: missing initializer for member ‘lavik::storage::StreamGroupSummary::consumer_pending_’ [-Wmissing-field-initializers]
[18/72] Building CXX object CMakeFiles/lavik_module.dir/src/storage/engine/grouped_ordered_io.cpp.o
[19/72] Building CXX object CMakeFiles/lavik_module.dir/src/storage/engine/grouped_list.cpp.o
[20/72] Building CXX object CMakeFiles/lavik_module.dir/src/storage/engine/grouped_string.cpp.o
[21/72] Building CXX object CMakeFiles/lavik_module.dir/src/storage/engine/sorted_set_api.cpp.o
[22/72] Building CXX object CMakeFiles/lavik_module.dir/src/storage/engine/grouped_zset_members.cpp.o
/mnt/local_nvme/i131/base/src/storage/engine/grouped_zset_members.cpp: In member function ‘bycorf::Task<absl::lts_20250512::StatusOr<lavik::storage::StorageEngine::Impl::SortedSetMemberMutation> > lavik::storage::StorageEngine::Impl::PrepareSortedSetMembers(WorkerStore&, WorkerStore::PartitionStore&, uint8_t, std::string_view, const lavik::storage::Digest&, lavik::storage::GroupedHashObject::Handle, const lavik::storage::OrderedCollectionMutationPlan&, bool, std::optional<std::span<const SortedSetMemberChange> >)’:
/mnt/local_nvme/i131/base/src/storage/engine/grouped_zset_members.cpp:313:31: warning: missing initializer for member ‘lavik::storage::HashGroupSnapshot::prepared_’ [-Wmissing-field-initializers]
  313 |         plan.writes_.push_back({.incarnation_ = plan.root_.incarnation_,
      |         ~~~~~~~~~~~~~~~~~~~~~~^~~~~~~~~~~~~~~~~~~~~~~~~~~~~~~~~~~~~~~~~~
  314 |                                 .id_ = id,
      |                                 ~~~~~~~~~~
  315 |                                 .retired_ = true,
      |                                 ~~~~~~~~~~~~~~~~~
  316 |                                 .value_ = {}});
      |                                 ~~~~~~~~~~~~~~
[23/72] Building CXX object CMakeFiles/lavik_module.dir/src/storage/engine/grouped_zset.cpp.o
/mnt/local_nvme/i131/base/src/storage/engine/grouped_zset.cpp: In lambda function:
/mnt/local_nvme/i131/base/src/storage/engine/grouped_zset.cpp:683:25: warning: loop variable ‘<structured bindings>’ creates a copy from type ‘const std::pair<long unsigned int, long unsigned int>’ [-Wrange-loop-construct]
  683 |         for (const auto [rank, slot] : selection.draws_) {
      |                         ^~~~~~~~~~~~
/mnt/local_nvme/i131/base/src/storage/engine/grouped_zset.cpp:683:25: note: use reference type to prevent copying
  683 |         for (const auto [rank, slot] : selection.draws_) {
      |                         ^~~~~~~~~~~~
      |                         &
/mnt/local_nvme/i131/base/src/storage/engine/grouped_zset.cpp:713:64: warning: missing initializer for member ‘lavik::storage::CompactValueUpdate::stream_trim_’ [-Wmissing-field-initializers]
  713 |                                   .expire_at_ms_ = std::nullopt};
      |                                                                ^
/mnt/local_nvme/i131/base/src/storage/engine/grouped_zset.cpp:713:64: warning: missing initializer for member ‘lavik::storage::CompactValueUpdate::stream_trim_complete_’ [-Wmissing-field-initializers]
/mnt/local_nvme/i131/base/src/storage/engine/grouped_zset.cpp:713:64: warning: missing initializer for member ‘lavik::storage::CompactValueUpdate::stream_pending_removed_’ [-Wmissing-field-initializers]
/mnt/local_nvme/i131/base/src/storage/engine/grouped_zset.cpp:743:64: warning: missing initializer for member ‘lavik::storage::CompactValueUpdate::stream_trim_’ [-Wmissing-field-initializers]
  743 |                                   .expire_at_ms_ = std::nullopt};
      |                                                                ^
/mnt/local_nvme/i131/base/src/storage/engine/grouped_zset.cpp:743:64: warning: missing initializer for member ‘lavik::storage::CompactValueUpdate::stream_trim_complete_’ [-Wmissing-field-initializers]
/mnt/local_nvme/i131/base/src/storage/engine/grouped_zset.cpp:743:64: warning: missing initializer for member ‘lavik::storage::CompactValueUpdate::stream_pending_removed_’ [-Wmissing-field-initializers]
/mnt/local_nvme/i131/base/src/storage/engine/grouped_zset.cpp:782:62: warning: missing initializer for member ‘lavik::storage::CompactValueUpdate::stream_trim_’ [-Wmissing-field-initializers]
  782 |                                 .expire_at_ms_ = std::nullopt};
      |                                                              ^
/mnt/local_nvme/i131/base/src/storage/engine/grouped_zset.cpp:782:62: warning: missing initializer for member ‘lavik::storage::CompactValueUpdate::stream_trim_complete_’ [-Wmissing-field-initializers]
/mnt/local_nvme/i131/base/src/storage/engine/grouped_zset.cpp:782:62: warning: missing initializer for member ‘lavik::storage::CompactValueUpdate::stream_pending_removed_’ [-Wmissing-field-initializers]
/mnt/local_nvme/i131/base/src/storage/engine/grouped_zset.cpp: In lambda function:
/mnt/local_nvme/i131/base/src/storage/engine/grouped_zset.cpp:1291:44: warning: unused parameter ‘i’ [-Wunused-parameter]
 1291 |     auto check_plan_read = [&](std::size_t i) -> absl::Status {
      |                                ~~~~~~~~~~~~^
[24/72] Building CXX object CMakeFiles/lavik_module.dir/src/storage/engine/grouped_hash_random.cpp.o
[25/72] Building CXX object CMakeFiles/lavik_module.dir/src/storage/engine/grouped_restore.cpp.o
[26/72] Building CXX object CMakeFiles/lavik_module.dir/src/storage/engine/transfer_api.cpp.o
[27/72] Building CXX object CMakeFiles/lavik_module.dir/src/storage/engine/grouped_metadata.cpp.o
[28/72] Building CXX object CMakeFiles/lavik_module.dir/src/storage/engine/grouped_ordered_mutation.cpp.o
[29/72] Building CXX object CMakeFiles/lavik_module.dir/src/storage/engine/grouped_mutation.cpp.o
/mnt/local_nvme/i131/base/src/storage/engine/grouped_mutation.cpp: In member function ‘absl::lts_20250512::StatusOr<lavik::storage::HashGroupMutationPlan> lavik::storage::StorageEngine::Impl::PrepareGroupedHashMutation(const lavik::storage::GroupedHashObject::Handle&, lavik::storage::HashValue, std::span<const lavik::storage::HashGroupId>, uint64_t, uint64_t)’:
/mnt/local_nvme/i131/base/src/storage/engine/grouped_mutation.cpp:88:53: warning: missing initializer for member ‘lavik::storage::HashGroupSnapshot::prepared_’ [-Wmissing-field-initializers]
   88 |                                         .value_ = {}})
      |                                                     ^
/mnt/local_nvme/i131/base/src/storage/engine/grouped_mutation.cpp:116:29: warning: missing initializer for member ‘lavik::storage::HashGroupSnapshot::prepared_’ [-Wmissing-field-initializers]
  116 |       plan.writes_.push_back({.incarnation_ = plan.root_.incarnation_,
      |       ~~~~~~~~~~~~~~~~~~~~~~^~~~~~~~~~~~~~~~~~~~~~~~~~~~~~~~~~~~~~~~~~
  117 |                               .id_ = id,
      |                               ~~~~~~~~~~
  118 |                               .retired_ = true,
      |                               ~~~~~~~~~~~~~~~~~
  119 |                               .value_ = {}});
      |                               ~~~~~~~~~~~~~~
[30/72] Building CXX object CMakeFiles/lavik_module.dir/src/storage/engine/collection_ingest.cpp.o
[31/72] Building CXX object CMakeFiles/lavik_module.dir/src/storage/engine/grouped_lifecycle.cpp.o
[32/72] Building CXX object CMakeFiles/lavik_module.dir/src/storage/engine/replica_collection.cpp.o
[33/72] Building CXX object CMakeFiles/lavik_module.dir/src/storage/engine/indirect_key.cpp.o
[34/72] Building CXX object CMakeFiles/lavik_module.dir/src/storage/engine/hash_tree.cpp.o
/mnt/local_nvme/i131/base/src/storage/engine/hash_tree.cpp: In member function ‘bycorf::Task<absl::lts_20250512::StatusOr<lavik::storage::HashResult> > lavik::storage::StorageEngine::Impl::ExecuteHashLikeLocked(uint8_t, std::string_view, const lavik::storage::Digest&, const lavik::storage::HashOperation&, lavik::storage::ValueType, lavik::storage::TxShardWrites*, lavik::storage::ReplicationCommandAppend*, const lavik::storage::MutationPrecondition*)’:
/mnt/local_nvme/i131/base/src/storage/engine/hash_tree.cpp:889:33: warning: missing initializer for member ‘lavik::storage::HashGroupSnapshot::prepared_’ [-Wmissing-field-initializers]
  889 |           plan.writes_.push_back({.incarnation_ = plan.root_.incarnation_,
      |           ~~~~~~~~~~~~~~~~~~~~~~^~~~~~~~~~~~~~~~~~~~~~~~~~~~~~~~~~~~~~~~~~
  890 |                                   .id_ = id,
      |                                   ~~~~~~~~~~
  891 |                                   .retired_ = true,
      |                                   ~~~~~~~~~~~~~~~~~
  892 |                                   .value_ = {}});
      |                                   ~~~~~~~~~~~~~~
[35/72] Building CXX object CMakeFiles/lavik_module.dir/src/storage/engine/list_api.cpp.o
[36/72] Building CXX object CMakeFiles/lavik_module.dir/src/storage/engine/init.cpp.o
[37/72] Building CXX object CMakeFiles/lavik_module.dir/src/storage/engine/metrics.cpp.o
[38/72] Building CXX object CMakeFiles/lavik_module.dir/src/storage/engine/list_tree.cpp.o
[39/72] Building CXX object CMakeFiles/lavik_module.dir/src/storage/engine/read.cpp.o
[40/72] Building CXX object CMakeFiles/lavik_module.dir/src/storage/engine/redis_export_backlog.cpp.o
[41/72] Building CXX object CMakeFiles/lavik_module.dir/src/storage/engine/recovery.cpp.o
[42/72] Building CXX object CMakeFiles/lavik_module.dir/src/storage/engine/system_state.cpp.o
[43/72] Building CXX object CMakeFiles/lavik_module.dir/src/storage/engine/replication.cpp.o
[44/72] Building CXX object CMakeFiles/lavik_module.dir/src/storage/engine/replication_log.cpp.o
[45/72] Building CXX object CMakeFiles/lavik_module.dir/src/metrics.cpp.o
[46/72] Building CXX object CMakeFiles/lavik_module.dir/src/storage/engine/tomb_raider.cpp.o
[47/72] Building CXX object CMakeFiles/lavik_module.dir/src/replication/command.cpp.o
[48/72] Building CXX object CMakeFiles/lavik_module.dir/src/replication/native_replay.cpp.o
[49/72] Building CXX object CMakeFiles/lavik_module.dir/src/storage/engine/tx_cleaner.cpp.o
[50/72] Building CXX object CMakeFiles/lavik_module.dir/src/storage/engine/write.cpp.o
[51/72] Building CXX object CMakeFiles/lavik_module.dir/src/redis/rdb_import.cpp.o
[52/72] Building CXX object CMakeFiles/lavik_module.dir/src/replication/redis_export.cpp.o
/mnt/local_nvme/i131/base/src/replication/redis_export.cpp: In member function ‘bool lavik::replication_internal::RedisRdbStreamQueue::TryPush(std::string*, unsigned int)’:
/mnt/local_nvme/i131/base/src/replication/redis_export.cpp:134:48: warning: unused parameter ‘owner’ [-Wunused-parameter]
  134 |   bool TryPush(std::string* fragment, unsigned owner) {
      |                                       ~~~~~~~~~^~~~~
[53/72] Building CXX object CMakeFiles/lavik_module.dir/src/redis/rdb.cpp.o
In file included from /mnt/local_nvme/i131/base/src/redis/rdb.cpp:33:
/mnt/local_nvme/i131/base/src/redis/rdb_record_spool.h: In static member function ‘static absl::lts_20250512::StatusOr<lavik::rdb::RecordSpool::Record> lavik::rdb::RecordSpool::Allocate(std::size_t, std::size_t)’:
/mnt/local_nvme/i131/base/src/redis/rdb_record_spool.h:134:57: warning: missing initializer for member ‘lavik::rdb::RecordSpool::Record::key_’ [-Wmissing-field-initializers]
  134 |     Record record{.reservation_ = std::move(reservation)};
      |                                                         ^
/mnt/local_nvme/i131/base/src/redis/rdb_record_spool.h:134:57: warning: missing initializer for member ‘lavik::rdb::RecordSpool::Record::value_’ [-Wmissing-field-initializers]
/mnt/local_nvme/i131/base/src/redis/rdb.cpp: In static member function ‘static absl::lts_20250512::StatusOr<lavik::rdb::RecordSpool::Record> lavik::rdb::{anonymous}::StreamInput::String(lavik::rdb::{anonymous}::Reader*)’:
/mnt/local_nvme/i131/base/src/redis/rdb.cpp:1744:70: warning: missing initializer for member ‘lavik::rdb::RecordSpool::Record::key_’ [-Wmissing-field-initializers]
 1744 |     RecordSpool::Record result{.reservation_ = std::move(reservation)};
      |                                                                      ^
/mnt/local_nvme/i131/base/src/redis/rdb.cpp:1744:70: warning: missing initializer for member ‘lavik::rdb::RecordSpool::Record::value_’ [-Wmissing-field-initializers]
[54/72] Building CXX object CMakeFiles/lavik_module.dir/src/replication/redis_replication.cpp.o
[55/72] Building CXX object CMakeFiles/lavik_module.dir/src/redis/backup.cpp.o
/mnt/local_nvme/i131/base/src/redis/backup.cpp: In member function ‘void lavik::{anonymous}::RdbOutputQueue::EndEntry(unsigned int)’:
/mnt/local_nvme/i131/base/src/redis/backup.cpp:88:26: warning: unused parameter ‘owner’ [-Wunused-parameter]
   88 |   void EndEntry(unsigned owner) {
      |                 ~~~~~~~~~^~~~~
[56/72] Building CXX object CMakeFiles/lavik_module.dir/src/redis/cluster_command.cpp.o
[57/72] Building CXX object CMakeFiles/lavik_module.dir/src/redis/blocking_wait.cpp.o
[58/72] Building CXX object CMakeFiles/lavik_module.dir/src/redis/function_catalog.cpp.o
[59/72] Building CXX object CMakeFiles/lavik_module.dir/src/redis/hash_command.cpp.o
[60/72] Building CXX object CMakeFiles/lavik_module.dir/src/replication/replication.cpp.o
[61/72] Building CXX object CMakeFiles/lavik_module.dir/src/redis/list_command.cpp.o
[62/72] Building CXX object CMakeFiles/lavik_module.dir/src/redis/monitor.cpp.o
[63/72] Building CXX object CMakeFiles/lavik_module.dir/src/redis/set_command.cpp.o
[64/72] Building CXX object CMakeFiles/lavik_module.dir/src/redis/string_command.cpp.o
/mnt/local_nvme/i131/base/src/redis/string_command.cpp: In lambda function:
/mnt/local_nvme/i131/base/src/redis/string_command.cpp:640:5: warning: missing initializer for member ‘lavik::storage::CompactValueUpdate::stream_trim_’ [-Wmissing-field-initializers]
  640 |     };
      |     ^
/mnt/local_nvme/i131/base/src/redis/string_command.cpp:640:5: warning: missing initializer for member ‘lavik::storage::CompactValueUpdate::stream_trim_complete_’ [-Wmissing-field-initializers]
/mnt/local_nvme/i131/base/src/redis/string_command.cpp:640:5: warning: missing initializer for member ‘lavik::storage::CompactValueUpdate::stream_pending_removed_’ [-Wmissing-field-initializers]
/mnt/local_nvme/i131/base/src/redis/string_command.cpp: In lambda function:
/mnt/local_nvme/i131/base/src/redis/string_command.cpp:808:7: warning: missing initializer for member ‘lavik::storage::CompactValueUpdate::stream_trim_’ [-Wmissing-field-initializers]
  808 |       };
      |       ^
/mnt/local_nvme/i131/base/src/redis/string_command.cpp:808:7: warning: missing initializer for member ‘lavik::storage::CompactValueUpdate::stream_trim_complete_’ [-Wmissing-field-initializers]
/mnt/local_nvme/i131/base/src/redis/string_command.cpp:808:7: warning: missing initializer for member ‘lavik::storage::CompactValueUpdate::stream_pending_removed_’ [-Wmissing-field-initializers]
/mnt/local_nvme/i131/base/src/redis/string_command.cpp: In lambda function:
/mnt/local_nvme/i131/base/src/redis/string_command.cpp:819:80: warning: missing initializer for member ‘lavik::storage::CompactValueUpdate::stream_trim_’ [-Wmissing-field-initializers]
  819 |                                                   .expire_at_ms_ = std::nullopt}
      |                                                                                ^
/mnt/local_nvme/i131/base/src/redis/string_command.cpp:819:80: warning: missing initializer for member ‘lavik::storage::CompactValueUpdate::stream_trim_complete_’ [-Wmissing-field-initializers]
/mnt/local_nvme/i131/base/src/redis/string_command.cpp:819:80: warning: missing initializer for member ‘lavik::storage::CompactValueUpdate::stream_pending_removed_’ [-Wmissing-field-initializers]
/mnt/local_nvme/i131/base/src/redis/string_command.cpp:839:9: warning: missing initializer for member ‘lavik::storage::CompactValueUpdate::stream_trim_’ [-Wmissing-field-initializers]
  839 |         };
      |         ^
/mnt/local_nvme/i131/base/src/redis/string_command.cpp:839:9: warning: missing initializer for member ‘lavik::storage::CompactValueUpdate::stream_trim_complete_’ [-Wmissing-field-initializers]
/mnt/local_nvme/i131/base/src/redis/string_command.cpp:839:9: warning: missing initializer for member ‘lavik::storage::CompactValueUpdate::stream_pending_removed_’ [-Wmissing-field-initializers]
/mnt/local_nvme/i131/base/src/redis/string_command.cpp:856:73: warning: missing initializer for member ‘lavik::storage::CompactValueUpdate::stream_trim_’ [-Wmissing-field-initializers]
  856 |                                            .expire_at_ms_ = std::nullopt};
      |                                                                         ^
/mnt/local_nvme/i131/base/src/redis/string_command.cpp:856:73: warning: missing initializer for member ‘lavik::storage::CompactValueUpdate::stream_trim_complete_’ [-Wmissing-field-initializers]
/mnt/local_nvme/i131/base/src/redis/string_command.cpp:856:73: warning: missing initializer for member ‘lavik::storage::CompactValueUpdate::stream_pending_removed_’ [-Wmissing-field-initializers]
/mnt/local_nvme/i131/base/src/redis/string_command.cpp:864:7: warning: missing initializer for member ‘lavik::storage::CompactValueUpdate::stream_trim_’ [-Wmissing-field-initializers]
  864 |       };
      |       ^
/mnt/local_nvme/i131/base/src/redis/string_command.cpp:864:7: warning: missing initializer for member ‘lavik::storage::CompactValueUpdate::stream_trim_complete_’ [-Wmissing-field-initializers]
/mnt/local_nvme/i131/base/src/redis/string_command.cpp:864:7: warning: missing initializer for member ‘lavik::storage::CompactValueUpdate::stream_pending_removed_’ [-Wmissing-field-initializers]
[65/72] Building CXX object CMakeFiles/lavik_module.dir/src/redis/sort_command.cpp.o
[66/72] Building CXX object CMakeFiles/lavik_module.dir/src/redis/command_table.cpp.o
[67/72] Building CXX object CMakeFiles/lavik_module.dir/src/redis/stream_command.cpp.o
/mnt/local_nvme/i131/base/src/redis/stream_command.cpp: In function ‘absl::lts_20250512::StatusOr<lavik::storage::CompactValueUpdate> lavik::{anonymous}::Changed(Stream)’:
/mnt/local_nvme/i131/base/src/redis/stream_command.cpp:788:67: warning: missing initializer for member ‘lavik::storage::CompactValueUpdate::stream_trim_’ [-Wmissing-field-initializers]
  788 |                                      .expire_at_ms_ = std::nullopt};
      |                                                                   ^
/mnt/local_nvme/i131/base/src/redis/stream_command.cpp:788:67: warning: missing initializer for member ‘lavik::storage::CompactValueUpdate::stream_trim_complete_’ [-Wmissing-field-initializers]
/mnt/local_nvme/i131/base/src/redis/stream_command.cpp:788:67: warning: missing initializer for member ‘lavik::storage::CompactValueUpdate::stream_pending_removed_’ [-Wmissing-field-initializers]
/mnt/local_nvme/i131/base/src/redis/stream_command.cpp: In function ‘bycorf::Task<absl::lts_20250512::Status> lavik::{anonymous}::RunCompact(const lavik::CommandRequest&, const lavik::storage::Digest*, lavik::storage::TxShardWrites*, bool, const lavik::storage::CompactValueCallback&, lavik::storage::ReplicationCommandAppend*)’:
/mnt/local_nvme/i131/base/src/redis/stream_command.cpp:977:66: warning: missing initializer for member ‘lavik::storage::StreamGroupAccess::pending_scan_’ [-Wmissing-field-initializers]
  977 |       storage::StreamGroupAccess group{.group_ = request.args_[3]};
      |                                                                  ^
/mnt/local_nvme/i131/base/src/redis/stream_command.cpp:977:66: warning: missing initializer for member ‘lavik::storage::StreamGroupAccess::remove_consumer_’ [-Wmissing-field-initializers]
/mnt/local_nvme/i131/base/src/redis/stream_command.cpp:993:66: warning: missing initializer for member ‘lavik::storage::StreamGroupAccess::pending_scan_’ [-Wmissing-field-initializers]
  993 |       storage::StreamGroupAccess group{.group_ = request.args_[3]};
      |                                                                  ^
/mnt/local_nvme/i131/base/src/redis/stream_command.cpp:993:66: warning: missing initializer for member ‘lavik::storage::StreamGroupAccess::remove_consumer_’ [-Wmissing-field-initializers]
/mnt/local_nvme/i131/base/src/redis/stream_command.cpp:1007:55: warning: missing initializer for member ‘lavik::storage::StreamGroupAccess::pending_scan_’ [-Wmissing-field-initializers]
 1007 |           .group_ = request.args_[3], .destroy_ = true};
      |                                                       ^
/mnt/local_nvme/i131/base/src/redis/stream_command.cpp:1007:55: warning: missing initializer for member ‘lavik::storage::StreamGroupAccess::remove_consumer_’ [-Wmissing-field-initializers]
/mnt/local_nvme/i131/base/src/redis/stream_command.cpp:1039:59: warning: missing initializer for member ‘lavik::storage::StreamGroupAccess::remove_consumer_’ [-Wmissing-field-initializers]
 1039 |           .group_ = a[2], .pending_scan_ = std::move(scan)};
      |                                                           ^
/mnt/local_nvme/i131/base/src/redis/stream_command.cpp:1070:36: warning: missing initializer for member ‘lavik::storage::StreamRangeAccess::selected_ids_’ [-Wmissing-field-initializers]
 1070 |               .load_entries_ = true}};
      |                                    ^
/mnt/local_nvme/i131/base/src/redis/stream_command.cpp:1070:36: warning: missing initializer for member ‘lavik::storage::StreamPendingAccess::consumer_’ [-Wmissing-field-initializers]
/mnt/local_nvme/i131/base/src/redis/stream_command.cpp:1070:37: warning: missing initializer for member ‘lavik::storage::StreamGroupAccess::remove_consumer_’ [-Wmissing-field-initializers]
 1070 |               .load_entries_ = true}};
      |                                     ^
/mnt/local_nvme/i131/base/src/redis/stream_command.cpp:1074:72: warning: missing initializer for member ‘lavik::storage::StreamGroupAccess::pending_scan_’ [-Wmissing-field-initializers]
 1074 |                                        .consumers_ = {request.args_[3]}};
      |                                                                        ^
/mnt/local_nvme/i131/base/src/redis/stream_command.cpp:1074:72: warning: missing initializer for member ‘lavik::storage::StreamGroupAccess::remove_consumer_’ [-Wmissing-field-initializers]
/mnt/local_nvme/i131/base/src/redis/stream_command.cpp: In function ‘bycorf::Task<absl::lts_20250512::StatusOr<lavik::{anonymous}::ReadOneResult> > lavik::{anonymous}::ReadOneLocal(uint8_t, std::string, Id, bool, bool, std::string, std::string, bool, bool, uint64_t, const lavik::storage::Digest*, lavik::storage::TxShardWrites*, const lavik::CommandRequest*)’:
/mnt/local_nvme/i131/base/src/redis/stream_command.cpp:1368:60: warning: missing initializer for member ‘lavik::storage::StreamRangeAccess::selected_ids_’ [-Wmissing-field-initializers]
 1368 |                                    .first_exclusive_ = true},
      |                                                            ^
/mnt/local_nvme/i131/base/src/redis/stream_command.cpp:1372:50: warning: missing initializer for member ‘lavik::{anonymous}::ReadOneResult::entries_’ [-Wmissing-field-initializers]
 1372 |         co_return ReadOneResult{.cursor_ = cursor};
      |                                                  ^
/mnt/local_nvme/i131/base/src/redis/stream_command.cpp:1372:50: warning: missing initializer for member ‘lavik::{anonymous}::ReadOneResult::stream_’ [-Wmissing-field-initializers]
/mnt/local_nvme/i131/base/src/redis/stream_command.cpp:1375:76: warning: missing initializer for member ‘lavik::{anonymous}::ReadOneResult::entries_’ [-Wmissing-field-initializers]
 1375 |     co_return ReadOneResult{.cursor_ = cursor, .stream_ = std::move(*state)};
      |                                                                            ^
/mnt/local_nvme/i131/base/src/redis/stream_command.cpp:1390:57: warning: missing initializer for member ‘lavik::{anonymous}::ReadOneResult::stream_’ [-Wmissing-field-initializers]
 1390 |   ReadOneResult result{.entries_ = {}, .cursor_ = cursor};
      |                                                         ^
/mnt/local_nvme/i131/base/src/redis/stream_command.cpp:1492:60: warning: missing initializer for member ‘lavik::storage::StreamRangeAccess::selected_ids_’ [-Wmissing-field-initializers]
 1492 |                                    .first_exclusive_ = true};
      |                                                            ^
/mnt/local_nvme/i131/base/src/redis/stream_command.cpp:1498:59: warning: missing initializer for member ‘lavik::storage::StreamGroupAccess::pending_scan_’ [-Wmissing-field-initializers]
 1498 |                                    .entry_ids_only_ = true};
      |                                                           ^
/mnt/local_nvme/i131/base/src/redis/stream_command.cpp:1498:59: warning: missing initializer for member ‘lavik::storage::StreamGroupAccess::remove_consumer_’ [-Wmissing-field-initializers]
/mnt/local_nvme/i131/base/src/redis/stream_command.cpp:1509:38: warning: missing initializer for member ‘lavik::storage::StreamRangeAccess::selected_ids_’ [-Wmissing-field-initializers]
 1509 |                 .load_entries_ = true},
      |                                      ^
/mnt/local_nvme/i131/base/src/redis/stream_command.cpp:1510:32: warning: missing initializer for member ‘lavik::storage::StreamGroupAccess::remove_consumer_’ [-Wmissing-field-initializers]
 1510 |         .entry_ids_only_ = true};
      |                                ^
/mnt/local_nvme/i131/base/src/redis/stream_command.cpp:1539:70: warning: missing initializer for member ‘lavik::storage::StreamRangeAccess::selected_ids_’ [-Wmissing-field-initializers]
 1539 |                                      .count_ = result.entries_.size()};
      |                                                                      ^
/mnt/local_nvme/i131/base/src/redis/stream_command.cpp: In function ‘bycorf::Task<lavik::CommandReply> lavik::{anonymous}::ExecuteImpl(const lavik::CommandRequest&, const lavik::storage::Digest*, lavik::storage::TxShardWrites*, lavik::ReplyBuilder&, uint64_t)’:
/mnt/local_nvme/i131/base/src/redis/stream_command.cpp:2148:76: warning: missing initializer for member ‘lavik::storage::StreamRangeAccess::selected_ids_’ [-Wmissing-field-initializers]
 2148 |                                                               : xinfo_count},
      |                                                                            ^
/mnt/local_nvme/i131/base/src/redis/stream_command.cpp: In lambda function:
/mnt/local_nvme/i131/base/src/redis/stream_command.cpp:2664:56: warning: missing initializer for member ‘lavik::{anonymous}::Group::summary_’ [-Wmissing-field-initializers]
 2664 |                                          .pending_ = {}});
      |                                                        ^
[68/72] Building CXX object CMakeFiles/lavik_module.dir/src/redis/command.cpp.o
/mnt/local_nvme/i131/base/src/redis/command.cpp: In function ‘bycorf::Task<std::__cxx11::basic_string<char> > lavik::{anonymous}::ExecuteExecSequentialSort(const lavik::CommandRequest&, const std::vector<ExecKey>&, std::vector<lavik::storage::TxShardWrites>&, bool)’:
/mnt/local_nvme/i131/base/src/redis/command.cpp:6587:71: warning: missing initializer for member ‘lavik::SortExecKey::name_’ [-Wmissing-field-initializers]
 6587 |         .digest_ = key.digest_, .owner_ = key.owner_, .arg_ = key.arg_});
      |                                                                       ^
/mnt/local_nvme/i131/base/src/redis/command.cpp: In function ‘bycorf::Task<std::__cxx11::basic_string<char> > lavik::{anonymous}::ExecuteLuaRedisCall(const lavik::CommandRequest&, lavik::LuaRedisCall, std::span<const std::__cxx11::basic_string<char> >, lavik::tx::Transaction*, std::vector<lavik::storage::TxShardWrites>*, const std::shared_ptr<lavik::BlockingNotificationCapture>&, std::vector<lavik::CapturedReplicationCommand>*, lavik::LuaExecution*, lavik::ConnectionContext*)’:
/mnt/local_nvme/i131/base/src/redis/command.cpp:7879:62: warning: missing initializer for member ‘lavik::SortExecKey::digest_’ [-Wmissing-field-initializers]
 7879 |     for (const auto& key : declared_keys) sort_keys.push_back({.name_ = key});
      |                                           ~~~~~~~~~~~~~~~~~~~^~~~~~~~~~~~~~~~
[69/72] Building CXX object CMakeFiles/lavik_module.dir/src/redis/zset_command.cpp.o
/mnt/local_nvme/i131/base/src/redis/zset_command.cpp: In lambda function:
/mnt/local_nvme/i131/base/src/redis/zset_command.cpp:2306:40: warning: missing initializer for member ‘lavik::storage::CompactValueUpdate::stream_trim_’ [-Wmissing-field-initializers]
 2306 |           .expire_at_ms_ = std::nullopt};
      |                                        ^
/mnt/local_nvme/i131/base/src/redis/zset_command.cpp:2306:40: warning: missing initializer for member ‘lavik::storage::CompactValueUpdate::stream_trim_complete_’ [-Wmissing-field-initializers]
/mnt/local_nvme/i131/base/src/redis/zset_command.cpp:2306:40: warning: missing initializer for member ‘lavik::storage::CompactValueUpdate::stream_pending_removed_’ [-Wmissing-field-initializers]
[70/72] Building CXX object CMakeFiles/lavik_module.dir/src/redis/server.cpp.o
[71/72] Linking CXX static library liblavik_module.a
[72/72] Linking CXX executable lavik
