2f02e6a75e60e942946257b8a48135cd72c8d9ff
 f45d90c1b1a4f3954a2471992e9d404327887169 celer (heads/main)
 76bb24329e8bf5f39704eb10d21b9a80befa7c81 celer/third_party/abseil (20250512.1)
 d41bf9220ec39277ff235379e9089d9e0fd6c2a5 celer/third_party/liburing (liburing-2.15)
 d519b163cbc0e2f28c35d9bc86d610da368b032c celer/third_party/spdk (v26.05)
 37a1a9b926b4678141931f2f22e7a877b5b565c2 celer/third_party/spdk/dpdk (v21.02-17380-g37a1a9b926)
 935a3802883249ba3b12e566833994af7991e808 celer/third_party/spdk/intel-ipsec-mb (v0.50-2636-g935a3802)
 c196241ae89b1aa4f62efeb849a937c011b3a926 celer/third_party/spdk/isa-l (v2.31.0-207-gc196241)
 07d0b253843ace996aa5a44f538c9b83b085aba6 celer/third_party/spdk/isa-l-crypto (v2.24.0-384-g07d0b25)
 f922ada35b3ef47407687d19c63db1ea19c96550 celer/third_party/spdk/libvfio-user (v0.1-728-gf922ada)
 6ad1007e6fa47ff6468eaba0b304d77334c34d4a celer/third_party/spdk/ocf (v24.9)
 be52a634c139647b14940ba8a3ff254d6b1ca8c4 celer/third_party/spdk/xnvme (v0.7.5)
 acf2fdd329f9dc2a7ffe3f12a133fe7175e39378 third_party/mimalloc (v3.4.5)
 0b01b185b46b8e482f6c384b636c35605121a41e third_party/nuraft (v3.0.0-59-g0b01b18)
 147f7225a96d45a2807a64e443177f621844e51c third_party/nuraft/asio (asio-1-24-0)
-- The C compiler identification is Clang 18.1.3
-- The CXX compiler identification is Clang 18.1.3
-- Detecting C compiler ABI info
-- Detecting C compiler ABI info - done
-- Check for working C compiler: /usr/bin/clang-18 - skipped
-- Detecting C compile features
-- Detecting C compile features - done
-- Detecting CXX compiler ABI info
-- Detecting CXX compiler ABI info - done
-- Check for working CXX compiler: /usr/bin/clang++-18 - skipped
-- Detecting CXX compile features
-- Detecting CXX compile features - done
-- clang-format 23.1.0 not found; format targets are disabled
-- Performing Test CMAKE_HAVE_LIBC_PTHREAD
-- Performing Test CMAKE_HAVE_LIBC_PTHREAD - Success
-- Found Threads: TRUE  
-- Found OpenSSL: /usr/lib/x86_64-linux-gnu/libcrypto.a (found version "3.0.13")  
-- clang-format 23.1.0 not found; celer format targets are disabled
-- Performing Test ABSL_INTERNAL_AT_LEAST_CXX17
-- Performing Test ABSL_INTERNAL_AT_LEAST_CXX17 - Success
-- Performing Test ABSL_INTERNAL_AT_LEAST_CXX20
-- Performing Test ABSL_INTERNAL_AT_LEAST_CXX20 - Success
Using default SPDK env in /mnt/dev/keylane-main-publish-20260914/celer/third_party/spdk/lib/env_dpdk
Using default DPDK in /mnt/dev/keylane-main-publish-20260914/celer/third_party/spdk/dpdk/build
Configuring ISA-L (logfile: /mnt/dev/keylane-main-publish-20260914/celer/third_party/spdk/.spdk-isal.log)...done.
Configuring ISA-L-crypto (logfile: /mnt/dev/keylane-main-publish-20260914/celer/third_party/spdk/.spdk-isal-crypto.log)...done.
Creating mk/config.mk...done.
Creating mk/cc.flags.mk...done.
Type 'make' to build.
The Meson build system
Version: 1.12.0
Source dir: /mnt/dev/keylane-main-publish-20260914/celer/third_party/spdk/dpdk
Build dir: /mnt/dev/keylane-main-publish-20260914/celer/third_party/spdk/dpdk/build-tmp
Build type: native build
Project name: DPDK
Project version: 26.03.0
C compiler for the host machine: /usr/bin/clang-18 (clang 18.1.3 "Ubuntu clang version 18.1.3 (1ubuntu1)")
C linker for the host machine: /usr/bin/clang-18 ld.bfd 2.42
Host machine cpu family: x86_64
Host machine cpu: x86_64
Message: ## Building in Developer Mode ##
Program pkg-config found: YES (/usr/bin/pkg-config)
Program check-symbols.sh found: YES (/mnt/dev/keylane-main-publish-20260914/celer/third_party/spdk/dpdk/buildtools/check-symbols.sh)
Program options-ibverbs-static.sh found: YES (/mnt/dev/keylane-main-publish-20260914/celer/third_party/spdk/dpdk/buildtools/options-ibverbs-static.sh)
Program python3 found: YES (/var/spdk/dependencies/pip/bin/python3)
Program python3 (elftools) found: YES (/var/spdk/dependencies/pip/bin/python3) modules: elftools
Message: Minimum Meson required version is 0.57.2
Program cat found: YES (/usr/bin/cat)
Compiler for C supports arguments -march=native: YES 
Checking for size of "void *" : 8 
Checking for size of "void *" : 8 (cached)
Compiler for C supports link arguments -Wl,--undefined-version: YES 
Library m found: YES
Library numa found: YES
Has header "numaif.h" : YES 
Library fdt found: NO
Library execinfo found: NO
Has header "execinfo.h" : YES 
Found pkg-config: YES (/usr/bin/pkg-config) 1.8.1
Run-time dependency libarchive found: NO  (tried pkg-config)
Run-time dependency libbsd found: NO  (tried pkg-config)
Run-time dependency jansson found: NO  (tried pkg-config)
Run-time dependency openssl found: YES 3.0.13
Run-time dependency libpcap found: NO  (tried pkg-config)
Library pcap found: NO
Compiler for C supports arguments -Wvla: YES 
Compiler for C supports arguments -Wno-shadow: YES 
Compiler for C supports arguments -Wno-comma: YES 
Compiler for C supports arguments -Wcast-qual: YES 
Compiler for C supports arguments -Wcomma: YES 
Compiler for C supports arguments -Wdeprecated: YES 
Compiler for C supports arguments -Wformat: YES 
Compiler for C supports arguments -Wformat-nonliteral: YES 
Compiler for C supports arguments -Wformat-security: YES 
Compiler for C supports arguments -Wmissing-declarations: YES 
Compiler for C supports arguments -Wmissing-prototypes: YES 
Compiler for C supports arguments -Wnested-externs: YES 
Compiler for C supports arguments -Wold-style-definition: YES 
Compiler for C supports arguments -Wpointer-arith: YES 
Compiler for C supports arguments -Wshadow: YES 
Compiler for C supports arguments -Wsign-compare: YES 
Compiler for C supports arguments -Wstrict-prototypes: YES 
Compiler for C supports arguments -Wundef: YES 
Compiler for C supports arguments -Wwrite-strings: YES 
Compiler for C supports arguments -Wno-packed-not-aligned: NO 
Compiler for C supports arguments -Wno-missing-field-initializers: YES 
Compiler for C supports arguments -fzero-init-padding-bits=all: NO 
Fetching value of define "__AVX2__" : 1 
Fetching value of define "__znver1__" : (undefined) 
Fetching value of define "__znver2__" : (undefined) 
Fetching value of define "__znver3__" : (undefined) 
Fetching value of define "__znver4__" : 1 
Program objdump found: YES (/usr/bin/objdump)
Compiler for C supports arguments -march=x86-64-v4: YES 
Fetching value of define "__AVX512F__" : 1 
Compiler for C supports arguments -march=x86-64-v4: YES (cached)
Checking if "AVX512 checking" compiles: YES 
Fetching value of define "__AVX512F__" : 1 
Message: Extra C flags needed for AVX2 output: []
Message: Extra C flags needed for AVX512 output: []
Fetching value of define "__SSE4_2__" : 1 
Fetching value of define "__AES__" : 1 
Fetching value of define "__AVX__" : 1 
Fetching value of define "__AVX2__" : 1 
Fetching value of define "__AVX512BW__" : 1 
Fetching value of define "__AVX512CD__" : 1 
Fetching value of define "__AVX512DQ__" : 1 
Fetching value of define "__AVX512F__" : 1 
Fetching value of define "__AVX512VL__" : 1 
Fetching value of define "__PCLMUL__" : 1 
Fetching value of define "__RDRND__" : 1 
Fetching value of define "__RDSEED__" : 1 
Fetching value of define "__VPCLMULQDQ__" : 1 
Message: lib/log: Defining dependency "log"
Message: lib/kvargs: Defining dependency "kvargs"
Message: lib/argparse: Defining dependency "argparse"
Message: lib/telemetry: Defining dependency "telemetry"
Checking for function "pthread_attr_setaffinity_np" : YES 
Checking for function "getentropy" : NO 
Message: lib/eal: Defining dependency "eal"
Message: lib/ring: Defining dependency "ring"
Message: lib/rcu: Defining dependency "rcu"
Message: lib/mempool: Defining dependency "mempool"
Message: lib/mbuf: Defining dependency "mbuf"
Compiler for C supports arguments -mpclmul: YES 
Compiler for C supports arguments -maes: YES 
Compiler for C supports arguments -mvpclmulqdq: YES 
Message: lib/net: Defining dependency "net"
Message: lib/meter: Defining dependency "meter"
Message: lib/ethdev: Defining dependency "ethdev"
Message: lib/pci: Defining dependency "pci"
Message: lib/cmdline: Defining dependency "cmdline"
Message: lib/hash: Defining dependency "hash"
Message: lib/timer: Defining dependency "timer"
Message: lib/power: Defining dependency "power"
Message: lib/stack: Defining dependency "stack"
Compiler for C supports arguments -Wno-format-truncation: YES 
Compiler for C supports arguments -Wno-address-of-packed-member: YES 
Message: drivers/bus/pci: Defining dependency "bus_pci"
Message: drivers/bus/vdev: Defining dependency "bus_vdev"
Message: drivers/mempool/ring: Defining dependency "mempool_ring"
Message: Disabling dma/* drivers: missing internal dependency "dmadev"
Message: Disabling raw/* drivers: missing internal dependency "rawdev"
Message: Disabling crypto/* drivers: missing internal dependency "cryptodev"
Message: Disabling compress/* drivers: missing internal dependency "compressdev"
Message: Disabling regex/* drivers: missing internal dependency "regexdev"
Message: Disabling ml/* drivers: missing internal dependency "mldev"
Message: Disabling vdpa/* drivers: missing internal dependency "vhost"
Message: Disabling event/* drivers: missing internal dependency "eventdev"
Message: Disabling baseband/* drivers: missing internal dependency "bbdev"
Message: Disabling gpu/* drivers: missing internal dependency "gpudev"
Message: drivers/power/acpi: Defining dependency "power_acpi"
Message: drivers/power/amd_pstate: Defining dependency "power_amd_pstate"
Message: drivers/power/cppc: Defining dependency "power_cppc"
Message: drivers/power/intel_pstate: Defining dependency "power_intel_pstate"
Message: drivers/power/intel_uncore: Defining dependency "power_intel_uncore"
Message: drivers/power/kvm_vm: Defining dependency "power_kvm_vm"
Program doxygen found: NO
Program sphinx-build found: NO
Configuring rte_build_config.h using configuration
Found pkg-config: YES (/usr/bin/pkg-config) 1.8.1
Message: 
=================
Applications Enabled
=================

apps:
	

Message: 
=================
Libraries Enabled
=================

libs:
	log, kvargs, argparse, telemetry, eal, ring, rcu, mempool, 
	mbuf, net, meter, ethdev, pci, cmdline, hash, timer, 
	power, stack, 

Message: 
===============
Drivers Enabled
===============

common:
	
bus:
	pci, vdev, 
mempool:
	ring, 
net:
	
power:
	acpi, amd_pstate, cppc, intel_pstate, intel_uncore, kvm_vm, 

Message: 
=================
Content Skipped
=================

apps:
	dumpcap:	explicitly disabled via build config
	graph:	explicitly disabled via build config
	pdump:	explicitly disabled via build config
	proc-info:	explicitly disabled via build config
	test-acl:	explicitly disabled via build config
	test-bbdev:	explicitly disabled via build config
	test-cmdline:	explicitly disabled via build config
	test-compress-perf:	explicitly disabled via build config
	test-crypto-perf:	explicitly disabled via build config
	test-dma-perf:	explicitly disabled via build config
	test-eventdev:	explicitly disabled via build config
	test-fib:	explicitly disabled via build config
	test-flow-perf:	explicitly disabled via build config
	test-gpudev:	explicitly disabled via build config
	test-mldev:	explicitly disabled via build config
	test-pipeline:	explicitly disabled via build config
	test-pmd:	explicitly disabled via build config
	test-regex:	explicitly disabled via build config
	test-sad:	explicitly disabled via build config
	test-security-perf:	explicitly disabled via build config
	
libs:
	pmu:	not in enabled libraries build config
	ptr_compress:	not in enabled libraries build config
	metrics:	not in enabled libraries build config
	acl:	not in enabled libraries build config
	bbdev:	not in enabled libraries build config
	bitratestats:	not in enabled libraries build config
	bpf:	not in enabled libraries build config
	cfgfile:	not in enabled libraries build config
	compressdev:	not in enabled libraries build config
	cryptodev:	not in enabled libraries build config
	distributor:	not in enabled libraries build config
	dmadev:	not in enabled libraries build config
	efd:	not in enabled libraries build config
	eventdev:	not in enabled libraries build config
	dispatcher:	not in enabled libraries build config
	gpudev:	not in enabled libraries build config
	gro:	not in enabled libraries build config
	gso:	not in enabled libraries build config
	ip_frag:	not in enabled libraries build config
	jobstats:	not in enabled libraries build config
	latencystats:	not in enabled libraries build config
	lpm:	not in enabled libraries build config
	member:	not in enabled libraries build config
	pcapng:	not in enabled libraries build config
	rawdev:	not in enabled libraries build config
	regexdev:	not in enabled libraries build config
	mldev:	not in enabled libraries build config
	rib:	not in enabled libraries build config
	reorder:	not in enabled libraries build config
	sched:	not in enabled libraries build config
	security:	not in enabled libraries build config
	vhost:	not in enabled libraries build config
	ipsec:	not in enabled libraries build config
	pdcp:	not in enabled libraries build config
	fib:	not in enabled libraries build config
	port:	not in enabled libraries build config
	pdump:	not in enabled libraries build config
	table:	not in enabled libraries build config
	pipeline:	not in enabled libraries build config
	graph:	not in enabled libraries build config
	node:	not in enabled libraries build config
	
drivers:
	common/cpt:	not in enabled drivers build config
	common/dpaax:	not in enabled drivers build config
	common/ionic:	not in enabled drivers build config
	common/mvep:	not in enabled drivers build config
	common/octeontx:	not in enabled drivers build config
	bus/auxiliary:	not in enabled drivers build config
	bus/cdx:	not in enabled drivers build config
	bus/dpaa:	not in enabled drivers build config
	bus/fslmc:	not in enabled drivers build config
	bus/ifpga:	not in enabled drivers build config
	bus/platform:	not in enabled drivers build config
	bus/uacce:	not in enabled drivers build config
	bus/vmbus:	not in enabled drivers build config
	common/cnxk:	not in enabled drivers build config
	common/mlx5:	not in enabled drivers build config
	common/nfp:	not in enabled drivers build config
	common/nitrox:	not in enabled drivers build config
	common/qat:	not in enabled drivers build config
	common/sfc_efx:	not in enabled drivers build config
	common/zsda:	not in enabled drivers build config
	mempool/bucket:	not in enabled drivers build config
	mempool/cnxk:	not in enabled drivers build config
	mempool/dpaa:	not in enabled drivers build config
	mempool/dpaa2:	not in enabled drivers build config
	mempool/octeontx:	not in enabled drivers build config
	mempool/stack:	not in enabled drivers build config
	dma/*:	missing internal dependency, "dmadev"
	net/af_packet:	not in enabled drivers build config
	net/af_xdp:	not in enabled drivers build config
	net/ark:	not in enabled drivers build config
	net/atlantic:	not in enabled drivers build config
	net/avp:	not in enabled drivers build config
	net/axgbe:	not in enabled drivers build config
	net/bnx2x:	not in enabled drivers build config
	net/bnxt:	not in enabled drivers build config
	net/bonding:	not in enabled drivers build config
	net/cnxk:	not in enabled drivers build config
	net/cxgbe:	not in enabled drivers build config
	net/dpaa:	not in enabled drivers build config
	net/dpaa2:	not in enabled drivers build config
	net/ena:	not in enabled drivers build config
	net/enetc:	not in enabled drivers build config
	net/enetfec:	not in enabled drivers build config
	net/enic:	not in enabled drivers build config
	net/failsafe:	not in enabled drivers build config
	net/gve:	not in enabled drivers build config
	net/hinic:	not in enabled drivers build config
	net/hinic3:	not in enabled drivers build config
	net/hns3:	not in enabled drivers build config
	net/intel/e1000:	not in enabled drivers build config
	net/intel/fm10k:	not in enabled drivers build config
	net/intel/i40e:	not in enabled drivers build config
	net/intel/iavf:	not in enabled drivers build config
	net/intel/ice:	not in enabled drivers build config
	net/intel/idpf:	not in enabled drivers build config
	net/intel/ipn3ke:	not in enabled drivers build config
	net/intel/ixgbe:	not in enabled drivers build config
	net/intel/cpfl:	not in enabled drivers build config
	net/ionic:	not in enabled drivers build config
	net/mana:	not in enabled drivers build config
	net/memif:	not in enabled drivers build config
	net/mlx4:	not in enabled drivers build config
	net/mlx5:	not in enabled drivers build config
	net/mvneta:	not in enabled drivers build config
	net/mvpp2:	not in enabled drivers build config
	net/nbl:	not in enabled drivers build config
	net/netvsc:	not in enabled drivers build config
	net/nfb:	not in enabled drivers build config
	net/nfp:	not in enabled drivers build config
	net/ngbe:	not in enabled drivers build config
	net/ntnic:	not in enabled drivers build config
	net/null:	not in enabled drivers build config
	net/octeontx:	not in enabled drivers build config
	net/octeon_ep:	not in enabled drivers build config
	net/pcap:	not in enabled drivers build config
	net/pfe:	not in enabled drivers build config
	net/qede:	not in enabled drivers build config
	net/r8169:	not in enabled drivers build config
	net/ring:	not in enabled drivers build config
	net/rnp:	not in enabled drivers build config
	net/sfc:	not in enabled drivers build config
	net/softnic:	not in enabled drivers build config
	net/tap:	not in enabled drivers build config
	net/thunderx:	not in enabled drivers build config
	net/txgbe:	not in enabled drivers build config
	net/vdev_netvsc:	not in enabled drivers build config
	net/vhost:	not in enabled drivers build config
	net/virtio:	not in enabled drivers build config
	net/vmxnet3:	not in enabled drivers build config
	net/xsc:	not in enabled drivers build config
	net/zxdh:	not in enabled drivers build config
	raw/*:	missing internal dependency, "rawdev"
	crypto/*:	missing internal dependency, "cryptodev"
	compress/*:	missing internal dependency, "compressdev"
	regex/*:	missing internal dependency, "regexdev"
	ml/*:	missing internal dependency, "mldev"
	vdpa/*:	missing internal dependency, "vhost"
	event/*:	missing internal dependency, "eventdev"
	baseband/*:	missing internal dependency, "bbdev"
	gpu/*:	missing internal dependency, "gpudev"
	power/amd_uncore:	not in enabled drivers build config
	

Message: DPDK build config complete:
  source path = "/mnt/dev/keylane-main-publish-20260914/celer/third_party/spdk/dpdk"
  build path  = "/mnt/dev/keylane-main-publish-20260914/celer/third_party/spdk/dpdk/build-tmp"
Build targets in project: 128

DPDK 26.03.0

  User defined options
    c_args             : -fPIC -Wno-error 
    c_link_args        : 
    cpu_instruction_set: native
    default_library    : static
    disable_apps       : *
    enable_docs        : false
    enable_drivers     : bus,bus/pci,bus/vdev,mempool/ring,power/acpi,power/amd_pstate,power/cppc,power/intel_pstate,power/intel_uncore,power/kvm_vm
    enable_libs        : eal,hash,log,mbuf,mempool,pci,ring,argparse,cmdline,ethdev,kvargs,meter,net,rcu,stack,telemetry,power,timer
    libdir             : lib
    max_lcores         : 16
    prefix             : /mnt/dev/keylane-main-publish-20260914/celer/third_party/spdk/dpdk/build
    tests              : false

Found ninja-1.13.2.git.kitware.jobserver-pipe-1 at /var/spdk/dependencies/pip/bin/ninja
ninja: Entering directory `/mnt/dev/keylane-main-publish-20260914/celer/third_party/spdk/dpdk/build-tmp'
[1/322] Generating lib/rte_log_map with a custom command
[2/322] Compiling C object lib/librte_log.a.p/log_log_journal.c.o
[3/322] Compiling C object lib/librte_log.a.p/log_log_syslog.c.o
[4/322] Compiling C object lib/librte_log.a.p/log_log_color.c.o
[5/322] Compiling C object lib/librte_log.a.p/log_log_timestamp.c.o
[6/322] Generating lib/rte_argparse_map with a custom command
[7/322] Compiling C object lib/librte_kvargs.a.p/kvargs_rte_kvargs.c.o
[8/322] Generating lib/rte_kvargs_map with a custom command
[9/322] Linking static target lib/librte_kvargs.a
[10/322] Compiling C object lib/librte_log.a.p/log_log.c.o
[11/322] Generating lib/rte_telemetry_map with a custom command
[12/322] Linking static target lib/librte_log.a
[13/322] Compiling C object lib/librte_telemetry.a.p/telemetry_telemetry_data.c.o
[14/322] Compiling C object lib/librte_argparse.a.p/argparse_rte_argparse.c.o
[15/322] Linking static target lib/librte_argparse.a
[16/322] Generating lib/kvargs.sym_chk with a custom command (wrapped by meson to capture output)
[17/322] Generating lib/log.sym_chk with a custom command (wrapped by meson to capture output)
[18/322] Linking target lib/librte_log.so.26.1
[19/322] Generating lib/argparse.sym_chk with a custom command (wrapped by meson to capture output)
[20/322] Compiling C object lib/librte_telemetry.a.p/telemetry_telemetry_legacy.c.o
[21/322] Compiling C object lib/librte_telemetry.a.p/telemetry_telemetry.c.o
[22/322] Linking static target lib/librte_telemetry.a
[23/322] Generating symbol file lib/librte_log.so.26.1.p/librte_log.so.26.1.symbols
[24/322] Compiling C object lib/librte_eal.a.p/eal_common_eal_common_debug.c.o
[25/322] Compiling C object lib/librte_eal.a.p/eal_common_eal_common_errno.c.o
[26/322] Compiling C object lib/librte_eal.a.p/eal_common_eal_common_config.c.o
[27/322] Compiling C object lib/librte_eal.a.p/eal_common_eal_common_hexdump.c.o
[28/322] Generating lib/telemetry.sym_chk with a custom command (wrapped by meson to capture output)
[29/322] Compiling C object lib/librte_eal.a.p/eal_common_eal_common_class.c.o
[30/322] Compiling C object lib/librte_eal.a.p/eal_common_eal_common_bus.c.o
[31/322] Compiling C object lib/librte_eal.a.p/eal_common_eal_common_dev.c.o
[32/322] Compiling C object lib/librte_eal.a.p/eal_common_eal_common_devargs.c.o
[33/322] Compiling C object lib/librte_eal.a.p/eal_common_eal_common_lcore_var.c.o
[34/322] Compiling C object lib/librte_eal.a.p/eal_common_eal_common_mcfg.c.o
[35/322] Compiling C object lib/librte_eal.a.p/eal_common_eal_common_launch.c.o
[36/322] Compiling C object lib/librte_eal.a.p/eal_common_eal_common_lcore.c.o
[37/322] Compiling C object lib/librte_eal.a.p/eal_common_eal_common_string_fns.c.o
[38/322] Compiling C object lib/librte_eal.a.p/eal_common_eal_common_interrupts.c.o
[39/322] Compiling C object lib/librte_eal.a.p/eal_common_eal_common_fbarray.c.o
[40/322] Compiling C object lib/librte_eal.a.p/eal_common_eal_common_memalloc.c.o
[41/322] Compiling C object lib/librte_eal.a.p/eal_common_eal_common_memzone.c.o
[42/322] Compiling C object lib/librte_eal.a.p/eal_common_eal_common_uuid.c.o
[43/322] Compiling C object lib/librte_eal.a.p/eal_common_eal_common_trace_points.c.o
[44/322] Compiling C object lib/librte_eal.a.p/eal_common_eal_common_memory.c.o
[45/322] Compiling C object lib/librte_eal.a.p/eal_common_eal_common_timer.c.o
[46/322] Compiling C object lib/librte_eal.a.p/eal_common_eal_common_thread.c.o
[47/322] Compiling C object lib/librte_eal.a.p/eal_common_malloc_elem.c.o
[48/322] Compiling C object lib/librte_eal.a.p/eal_common_eal_common_tailqs.c.o
[49/322] Compiling C object lib/librte_eal.a.p/eal_common_rte_reciprocal.c.o
[50/322] Compiling C object lib/librte_eal.a.p/eal_common_rte_version.c.o
[51/322] Compiling C object lib/librte_eal.a.p/eal_common_rte_bitset.c.o
[52/322] Compiling C object lib/librte_eal.a.p/eal_common_eal_common_cpuflags.c.o
[53/322] Compiling C object lib/librte_eal.a.p/eal_common_eal_common_hypervisor.c.o
[54/322] Compiling C object lib/librte_eal.a.p/eal_common_eal_common_options.c.o
[55/322] Compiling C object lib/librte_eal.a.p/eal_common_malloc_heap.c.o
[56/322] Compiling C object lib/librte_eal.a.p/eal_common_rte_malloc.c.o
[57/322] Compiling C object lib/librte_eal.a.p/eal_common_rte_random.c.o
[58/322] Compiling C object lib/librte_eal.a.p/eal_common_eal_common_trace_ctf.c.o
[59/322] Compiling C object lib/librte_eal.a.p/eal_common_rte_service.c.o
[60/322] Compiling C object lib/librte_eal.a.p/eal_common_eal_common_dynmem.c.o
[61/322] Compiling C object lib/librte_eal.a.p/eal_common_hotplug_mp.c.o
[62/322] Compiling C object lib/librte_eal.a.p/eal_unix_eal_debug.c.o
[63/322] Compiling C object lib/librte_eal.a.p/eal_common_eal_common_trace.c.o
[64/322] Compiling C object lib/librte_eal.a.p/eal_common_eal_common_proc.c.o
[65/322] Compiling C object lib/librte_eal.a.p/eal_common_eal_common_trace_utils.c.o
[66/322] Compiling C object lib/librte_eal.a.p/eal_common_malloc_mp.c.o
[67/322] Compiling C object lib/librte_eal.a.p/eal_common_rte_keepalive.c.o
[68/322] Compiling C object lib/librte_eal.a.p/eal_unix_rte_basename.c.o
[69/322] Compiling C object lib/librte_eal.a.p/eal_unix_eal_file.c.o
[70/322] Compiling C object lib/librte_eal.a.p/eal_unix_eal_unix_memory.c.o
[71/322] Compiling C object lib/librte_eal.a.p/eal_linux_eal_cpuflags.c.o
[72/322] Compiling C object lib/librte_eal.a.p/eal_unix_eal_firmware.c.o
[73/322] Compiling C object lib/librte_eal.a.p/eal_unix_eal_filesystem.c.o
[74/322] Compiling C object lib/librte_eal.a.p/eal_unix_eal_unix_timer.c.o
[75/322] Compiling C object lib/librte_eal.a.p/eal_unix_eal_unix_thread.c.o
[76/322] Compiling C object lib/librte_eal.a.p/eal_unix_rte_thread.c.o
[77/322] Compiling C object lib/librte_eal.a.p/eal_linux_eal_lcore.c.o
[78/322] Compiling C object lib/librte_eal.a.p/eal_linux_eal_alarm.c.o
[79/322] Compiling C object lib/librte_eal.a.p/eal_linux_eal.c.o
[80/322] Compiling C object lib/librte_eal.a.p/eal_linux_eal_dev.c.o
[81/322] Compiling C object lib/librte_eal.a.p/eal_linux_eal_hugepage_info.c.o
[82/322] Compiling C object lib/librte_eal.a.p/eal_linux_eal_thread.c.o
[83/322] Compiling C object lib/librte_eal.a.p/eal_x86_rte_cpuflags.c.o
[84/322] Compiling C object lib/librte_eal.a.p/eal_linux_eal_timer.c.o
[85/322] Compiling C object lib/librte_eal.a.p/eal_x86_rte_hypervisor.c.o
[86/322] Compiling C object lib/librte_eal.a.p/eal_x86_rte_spinlock.c.o
[87/322] Compiling C object lib/librte_eal.a.p/eal_linux_eal_vfio_mp_sync.c.o
[88/322] Compiling C object lib/librte_eal.a.p/eal_linux_eal_interrupts.c.o
[89/322] Compiling C object lib/librte_eal.a.p/eal_x86_rte_cycles.c.o
[90/322] Linking target lib/librte_kvargs.so.26.1
[91/322] Compiling C object lib/librte_eal.a.p/eal_linux_eal_memalloc.c.o
[92/322] Linking target lib/librte_argparse.so.26.1
[93/322] Linking target lib/librte_telemetry.so.26.1
[94/322] Generating lib/rte_eal_map with a custom command
[95/322] Generating symbol file lib/librte_kvargs.so.26.1.p/librte_kvargs.so.26.1.symbols
[96/322] Compiling C object lib/librte_eal.a.p/eal_x86_rte_power_intrinsics.c.o
[97/322] Generating symbol file lib/librte_argparse.so.26.1.p/librte_argparse.so.26.1.symbols
[98/322] Compiling C object lib/librte_eal.a.p/eal_linux_eal_memory.c.o
[99/322] Compiling C object lib/librte_eal.a.p/eal_x86_rte_mmu.c.o
[100/322] Generating symbol file lib/librte_telemetry.so.26.1.p/librte_telemetry.so.26.1.symbols
[101/322] Generating lib/rte_ring_map with a custom command
[102/322] Compiling C object lib/librte_mempool.a.p/mempool_mempool_trace_points.c.o
[103/322] Generating lib/rte_mempool_map with a custom command
[104/322] Compiling C object lib/librte_eal.a.p/eal_linux_eal_vfio.c.o
[105/322] Linking static target lib/librte_eal.a
[106/322] Compiling C object lib/librte_mempool.a.p/mempool_rte_mempool_ops.c.o
[107/322] Compiling C object lib/librte_ring.a.p/ring_rte_soring.c.o
[108/322] Compiling C object lib/librte_ring.a.p/ring_rte_ring.c.o
[109/322] Compiling C object lib/librte_mempool.a.p/mempool_rte_mempool_ops_default.c.o
[110/322] Compiling C object lib/librte_mempool.a.p/mempool_rte_mempool.c.o
[111/322] Linking static target lib/librte_mempool.a
[112/322] Compiling C object lib/librte_mbuf.a.p/mbuf_mbuf_history.c.o
[113/322] Generating lib/rte_mbuf_map with a custom command
[114/322] Generating lib/mempool.sym_chk with a custom command (wrapped by meson to capture output)
[115/322] Compiling C object lib/librte_net.a.p/net_rte_arp.c.o
[116/322] Compiling C object lib/librte_mbuf.a.p/mbuf_rte_mbuf.c.o
[117/322] Compiling C object lib/librte_mbuf.a.p/mbuf_rte_mbuf_ptype.c.o
[118/322] Compiling C object lib/librte_mbuf.a.p/mbuf_rte_mbuf_pool_ops.c.o
[119/322] Compiling C object lib/librte_mbuf.a.p/mbuf_rte_mbuf_dyn.c.o
[120/322] Compiling C object lib/librte_net_avx512_lib.a.p/net_net_crc_avx512.c.o
[121/322] Generating lib/eal.sym_chk with a custom command (wrapped by meson to capture output)
[122/322] Linking static target lib/librte_mbuf.a
[123/322] Linking target lib/librte_eal.so.26.1
[124/322] Generating symbol file lib/librte_eal.so.26.1.p/librte_eal.so.26.1.symbols
[125/322] Generating lib/rte_net_map with a custom command
[126/322] Compiling C object lib/librte_net.a.p/net_net_crc_sse.c.o
[127/322] Generating lib/rte_meter_map with a custom command
[128/322] Generating lib/mbuf.sym_chk with a custom command (wrapped by meson to capture output)
[129/322] Compiling C object lib/librte_meter.a.p/meter_rte_meter.c.o
[130/322] Linking static target lib/librte_meter.a
[131/322] Generating lib/meter.sym_chk with a custom command (wrapped by meson to capture output)
[132/322] Compiling C object lib/librte_net.a.p/net_rte_net_crc.c.o
[133/322] Compiling C object lib/librte_net.a.p/net_rte_ether.c.o
[134/322] Compiling C object lib/librte_net.a.p/net_rte_net.c.o
[135/322] Linking static target lib/librte_net.a
[136/322] Generating lib/net.sym_chk with a custom command (wrapped by meson to capture output)
[137/322] Compiling C object lib/librte_ethdev.a.p/ethdev_ethdev_profile.c.o
[138/322] Compiling C object lib/librte_ring.a.p/ring_soring.c.o
[139/322] Linking static target lib/librte_ring.a
[140/322] Compiling C object lib/librte_ethdev.a.p/ethdev_ethdev_driver.c.o
[141/322] Generating lib/ring.sym_chk with a custom command (wrapped by meson to capture output)
[142/322] Compiling C object lib/librte_ethdev.a.p/ethdev_rte_class_eth.c.o
[143/322] Linking target lib/librte_ring.so.26.1
[144/322] Generating symbol file lib/librte_ring.so.26.1.p/librte_ring.so.26.1.symbols
[145/322] Linking target lib/librte_mempool.so.26.1
[146/322] Generating symbol file lib/librte_mempool.so.26.1.p/librte_mempool.so.26.1.symbols
[147/322] Compiling C object lib/librte_ethdev.a.p/ethdev_rte_ethdev_cman.c.o
[148/322] Linking target lib/librte_mbuf.so.26.1
[149/322] Compiling C object lib/librte_ethdev.a.p/ethdev_rte_ethdev_telemetry.c.o
[150/322] Generating symbol file lib/librte_mbuf.so.26.1.p/librte_mbuf.so.26.1.symbols
[151/322] Compiling C object lib/librte_ethdev.a.p/ethdev_ethdev_trace_points.c.o
[152/322] Compiling C object lib/librte_ethdev.a.p/ethdev_rte_mtr.c.o
[153/322] Compiling C object lib/librte_ethdev.a.p/ethdev_sff_telemetry.c.o
[154/322] Compiling C object lib/librte_ethdev.a.p/ethdev_sff_common.c.o
[155/322] Compiling C object lib/librte_ethdev.a.p/ethdev_sff_8079.c.o
[156/322] Compiling C object lib/librte_ethdev.a.p/ethdev_sff_8472.c.o
[157/322] Linking target lib/librte_net.so.26.1
[158/322] Linking target lib/librte_meter.so.26.1
[159/322] Compiling C object lib/librte_ethdev.a.p/ethdev_rte_flow.c.o
[160/322] Generating lib/rte_ethdev_map with a custom command
[161/322] Generating lib/rte_timer_map with a custom command
[162/322] Compiling C object lib/librte_ethdev.a.p/ethdev_ethdev_linux_ethtool.c.o
[163/322] Compiling C object drivers/libtmp_rte_bus_pci.a.p/bus_pci_pci_params.c.o
[164/322] Compiling C object lib/librte_ethdev.a.p/ethdev_sff_8636.c.o
[165/322] Compiling C object lib/librte_ethdev.a.p/ethdev_rte_tm.c.o
[166/322] Compiling C object drivers/libtmp_rte_bus_pci.a.p/bus_pci_pci_common_uio.c.o
[167/322] Compiling C object lib/librte_timer.a.p/timer_rte_timer.c.o
[168/322] Compiling C object drivers/libtmp_rte_bus_pci.a.p/bus_pci_linux_pci_uio.c.o
[169/322] Linking static target lib/librte_timer.a
[170/322] Compiling C object drivers/libtmp_rte_bus_vdev.a.p/bus_vdev_vdev_params.c.o
[171/322] Compiling C object drivers/libtmp_rte_bus_pci.a.p/bus_pci_pci_common.c.o
[172/322] Compiling C object drivers/libtmp_rte_bus_vdev.a.p/bus_vdev_vdev.c.o
[173/322] Compiling C object drivers/libtmp_rte_bus_pci.a.p/bus_pci_linux_pci.c.o
[174/322] Compiling C object lib/librte_ethdev.a.p/ethdev_rte_ethdev.c.o
[175/322] Compiling C object drivers/libtmp_rte_bus_pci.a.p/bus_pci_linux_pci_vfio.c.o
[176/322] Compiling C object drivers/libtmp_rte_power_kvm_vm.a.p/power_kvm_vm_guest_channel.c.o
[177/322] Compiling C object drivers/libtmp_rte_power_amd_pstate.a.p/power_amd_pstate_amd_pstate_cpufreq.c.o
[178/322] Compiling C object drivers/libtmp_rte_power_kvm_vm.a.p/power_kvm_vm_kvm_vm.c.o
[179/322] Compiling C object drivers/libtmp_rte_power_acpi.a.p/power_acpi_acpi_cpufreq.c.o
[180/322] Compiling C object drivers/libtmp_rte_mempool_ring.a.p/mempool_ring_rte_mempool_ring.c.o
[181/322] Generating symbol file lib/librte_net.so.26.1.p/librte_net.so.26.1.symbols
[182/322] Compiling C object drivers/libtmp_rte_power_intel_uncore.a.p/power_intel_uncore_intel_uncore.c.o
[183/322] Compiling C object lib/librte_pci.a.p/pci_rte_pci.c.o
[184/322] Generating symbol file lib/librte_meter.so.26.1.p/librte_meter.so.26.1.symbols
[185/322] Generating lib/timer.sym_chk with a custom command (wrapped by meson to capture output)
[186/322] Compiling C object lib/librte_power.a.p/power_power_common.c.o
[187/322] Compiling C object lib/librte_power.a.p/power_rte_power_qos.c.o
[188/322] Compiling C object drivers/libtmp_rte_power_cppc.a.p/power_cppc_cppc_cpufreq.c.o
[189/322] Linking static target drivers/libtmp_rte_bus_pci.a
[190/322] Linking static target drivers/libtmp_rte_bus_vdev.a
[191/322] Linking static target drivers/libtmp_rte_mempool_ring.a
[192/322] Linking static target drivers/libtmp_rte_power_acpi.a
[193/322] Linking static target drivers/libtmp_rte_power_amd_pstate.a
[194/322] Linking static target drivers/libtmp_rte_power_intel_uncore.a
[195/322] Linking static target drivers/libtmp_rte_power_cppc.a
[196/322] Linking static target drivers/libtmp_rte_power_kvm_vm.a
[197/322] Compiling C object drivers/libtmp_rte_power_intel_pstate.a.p/power_intel_pstate_intel_pstate_cpufreq.c.o
[198/322] Linking static target drivers/libtmp_rte_power_intel_pstate.a
[199/322] Linking static target lib/librte_pci.a
[200/322] Generating lib/rte_rcu_map with a custom command
[201/322] Generating lib/rte_pci_map with a custom command
[202/322] Linking target lib/librte_timer.so.26.1
[203/322] Generating lib/rte_power_map with a custom command
[204/322] Compiling C object lib/librte_power.a.p/power_rte_power_cpufreq.c.o
[205/322] Generating drivers/rte_mempool_ring.pmd.c with a custom command
[206/322] Generating drivers/rte_bus_vdev.pmd.c with a custom command
[207/322] Compiling C object lib/librte_power.a.p/power_rte_power_pmd_mgmt.c.o
[208/322] Generating drivers/rte_power_acpi.pmd.c with a custom command
[209/322] Generating drivers/rte_bus_pci.pmd.c with a custom command
[210/322] Compiling C object lib/librte_power.a.p/power_rte_power_uncore.c.o
[211/322] Linking static target lib/librte_power.a
[212/322] Generating drivers/rte_power_cppc.pmd.c with a custom command
[213/322] Generating drivers/rte_power_amd_pstate.pmd.c with a custom command
[214/322] Generating drivers/rte_power_kvm_vm.pmd.c with a custom command
[215/322] Generating drivers/rte_power_intel_uncore.pmd.c with a custom command
[216/322] Generating drivers/rte_power_intel_pstate.pmd.c with a custom command
[217/322] Generating lib/pci.sym_chk with a custom command (wrapped by meson to capture output)
[218/322] Compiling C object lib/librte_rcu.a.p/rcu_rte_rcu_qsbr.c.o
[219/322] Compiling C object lib/librte_cmdline.a.p/cmdline_cmdline.c.o
[220/322] Linking static target lib/librte_rcu.a
[221/322] Compiling C object lib/librte_cmdline.a.p/cmdline_cmdline_parse_num.c.o
[222/322] Compiling C object lib/librte_cmdline.a.p/cmdline_cmdline_cirbuf.c.o
[223/322] Compiling C object lib/librte_cmdline.a.p/cmdline_cmdline_parse_bool.c.o
[224/322] Compiling C object lib/librte_cmdline.a.p/cmdline_cmdline_parse.c.o
[225/322] Generating lib/rcu.sym_chk with a custom command (wrapped by meson to capture output)
[226/322] Compiling C object lib/librte_cmdline.a.p/cmdline_cmdline_socket.c.o
[227/322] Compiling C object lib/librte_cmdline.a.p/cmdline_cmdline_parse_portlist.c.o
[228/322] Compiling C object lib/librte_cmdline.a.p/cmdline_cmdline_vt100.c.o
[229/322] Compiling C object lib/librte_cmdline.a.p/cmdline_cmdline_parse_string.c.o
[230/322] Compiling C object lib/librte_cmdline.a.p/cmdline_cmdline_os_unix.c.o
[231/322] Compiling C object lib/librte_cmdline.a.p/cmdline_cmdline_rdline.c.o
[232/322] Compiling C object lib/librte_cmdline.a.p/cmdline_cmdline_parse_etheraddr.c.o
[233/322] Compiling C object lib/librte_hash.a.p/hash_rte_hash_crc.c.o
[234/322] Compiling C object lib/librte_hash.a.p/hash_rte_fbk_hash.c.o
[235/322] Generating symbol file lib/librte_timer.so.26.1.p/librte_timer.so.26.1.symbols
[236/322] Compiling C object lib/librte_cmdline.a.p/cmdline_cmdline_parse_ipaddr.c.o
[237/322] Compiling C object lib/librte_hash.a.p/hash_rte_thash_gfni.c.o
[238/322] Generating lib/power.sym_chk with a custom command (wrapped by meson to capture output)
[239/322] Compiling C object drivers/librte_bus_pci.a.p/meson-generated_.._rte_bus_pci.pmd.c.o
[240/322] Compiling C object lib/librte_hash.a.p/hash_rte_thash_gf2_poly_math.c.o
[241/322] Compiling C object drivers/librte_bus_vdev.a.p/meson-generated_.._rte_bus_vdev.pmd.c.o
[242/322] Compiling C object lib/librte_stack.a.p/stack_rte_stack_std.c.o
[243/322] Compiling C object lib/librte_stack.a.p/stack_rte_stack_lf.c.o
[244/322] Compiling C object lib/librte_stack.a.p/stack_rte_stack.c.o
[245/322] Compiling C object drivers/librte_mempool_ring.a.p/meson-generated_.._rte_mempool_ring.pmd.c.o
[246/322] Compiling C object drivers/librte_power_amd_pstate.a.p/meson-generated_.._rte_power_amd_pstate.pmd.c.o
[247/322] Compiling C object drivers/librte_power_acpi.a.p/meson-generated_.._rte_power_acpi.pmd.c.o
[248/322] Compiling C object drivers/librte_power_cppc.a.p/meson-generated_.._rte_power_cppc.pmd.c.o
[249/322] Compiling C object drivers/librte_power_intel_pstate.a.p/meson-generated_.._rte_power_intel_pstate.pmd.c.o
[250/322] Compiling C object drivers/librte_power_intel_uncore.a.p/meson-generated_.._rte_power_intel_uncore.pmd.c.o
[251/322] Compiling C object drivers/librte_power_kvm_vm.a.p/meson-generated_.._rte_power_kvm_vm.pmd.c.o
[252/322] Linking static target lib/librte_cmdline.a
[253/322] Linking target lib/librte_rcu.so.26.1
[254/322] Linking static target lib/librte_stack.a
[255/322] Linking target lib/librte_pci.so.26.1
[256/322] Generating lib/rte_hash_map with a custom command
[257/322] Generating lib/rte_cmdline_map with a custom command
[258/322] Generating lib/rte_stack_map with a custom command
[259/322] Linking static target drivers/librte_bus_pci.a
[260/322] Linking static target drivers/librte_bus_vdev.a
[261/322] Generating drivers/rte_bus_pci_map with a custom command
[262/322] Linking static target drivers/librte_mempool_ring.a
[263/322] Linking static target drivers/librte_power_acpi.a
[264/322] Generating drivers/rte_bus_vdev_map with a custom command
[265/322] Linking static target drivers/librte_power_amd_pstate.a
[266/322] Linking static target drivers/librte_power_cppc.a
[267/322] Generating drivers/rte_mempool_ring_map with a custom command
[268/322] Linking static target drivers/librte_power_intel_pstate.a
[269/322] Generating drivers/rte_power_acpi_map with a custom command
[270/322] Generating drivers/rte_power_amd_pstate_map with a custom command
[271/322] Linking static target drivers/librte_power_intel_uncore.a
[272/322] Generating drivers/rte_power_cppc_map with a custom command
[273/322] Linking static target drivers/librte_power_kvm_vm.a
[274/322] Generating drivers/rte_power_intel_pstate_map with a custom command
[275/322] Generating drivers/rte_power_intel_uncore_map with a custom command
[276/322] Generating drivers/rte_power_kvm_vm_map with a custom command
[277/322] Generating lib/cmdline.sym_chk with a custom command (wrapped by meson to capture output)
[278/322] Generating lib/stack.sym_chk with a custom command (wrapped by meson to capture output)
[279/322] Generating symbol file lib/librte_pci.so.26.1.p/librte_pci.so.26.1.symbols
[280/322] Generating symbol file lib/librte_rcu.so.26.1.p/librte_rcu.so.26.1.symbols
[281/322] Compiling C object drivers/librte_bus_pci.so.26.1.p/meson-generated_.._rte_bus_pci.pmd.c.o
[282/322] Compiling C object lib/librte_hash.a.p/hash_rte_thash.c.o
[283/322] Compiling C object drivers/librte_mempool_ring.so.26.1.p/meson-generated_.._rte_mempool_ring.pmd.c.o
[284/322] Generating drivers/rte_bus_pci.sym_chk with a custom command (wrapped by meson to capture output)
[285/322] Compiling C object drivers/librte_bus_vdev.so.26.1.p/meson-generated_.._rte_bus_vdev.pmd.c.o
[286/322] Generating drivers/rte_bus_vdev.sym_chk with a custom command (wrapped by meson to capture output)
[287/322] Generating drivers/rte_mempool_ring.sym_chk with a custom command (wrapped by meson to capture output)
[288/322] Compiling C object drivers/librte_power_acpi.so.26.1.p/meson-generated_.._rte_power_acpi.pmd.c.o
[289/322] Compiling C object drivers/librte_power_amd_pstate.so.26.1.p/meson-generated_.._rte_power_amd_pstate.pmd.c.o
[290/322] Generating drivers/rte_power_acpi.sym_chk with a custom command (wrapped by meson to capture output)
[291/322] Compiling C object drivers/librte_power_cppc.so.26.1.p/meson-generated_.._rte_power_cppc.pmd.c.o
[292/322] Compiling C object drivers/librte_power_intel_pstate.so.26.1.p/meson-generated_.._rte_power_intel_pstate.pmd.c.o
[293/322] Generating drivers/rte_power_amd_pstate.sym_chk with a custom command (wrapped by meson to capture output)
[294/322] Generating drivers/rte_power_cppc.sym_chk with a custom command (wrapped by meson to capture output)
[295/322] Compiling C object drivers/librte_power_intel_uncore.so.26.1.p/meson-generated_.._rte_power_intel_uncore.pmd.c.o
[296/322] Linking static target lib/librte_net_avx512_lib.a
[297/322] Generating drivers/rte_power_intel_pstate.sym_chk with a custom command (wrapped by meson to capture output)
[298/322] Compiling C object drivers/librte_power_kvm_vm.so.26.1.p/meson-generated_.._rte_power_kvm_vm.pmd.c.o
[299/322] Generating drivers/rte_power_intel_uncore.sym_chk with a custom command (wrapped by meson to capture output)
[300/322] Linking target lib/librte_stack.so.26.1
[301/322] Linking target drivers/librte_bus_pci.so.26.1
[302/322] Linking target lib/librte_cmdline.so.26.1
[303/322] Generating drivers/rte_power_kvm_vm.sym_chk with a custom command (wrapped by meson to capture output)
[304/322] Linking target drivers/librte_bus_vdev.so.26.1
[305/322] Linking target drivers/librte_mempool_ring.so.26.1
[306/322] Compiling C object lib/librte_hash.a.p/hash_rte_cuckoo_hash.c.o
[307/322] Linking static target lib/librte_hash.a
[308/322] Generating lib/hash.sym_chk with a custom command (wrapped by meson to capture output)
[309/322] Linking target lib/librte_hash.so.26.1
[310/322] Compiling C object lib/librte_ethdev.a.p/ethdev_ethdev_private.c.o
[311/322] Linking static target lib/librte_ethdev.a
[312/322] Generating lib/ethdev.sym_chk with a custom command (wrapped by meson to capture output)
[313/322] Linking target lib/librte_ethdev.so.26.1
[314/322] Generating symbol file lib/librte_ethdev.so.26.1.p/librte_ethdev.so.26.1.symbols
[315/322] Linking target lib/librte_power.so.26.1
[316/322] Generating symbol file lib/librte_power.so.26.1.p/librte_power.so.26.1.symbols
[317/322] Linking target drivers/librte_power_intel_pstate.so.26.1
[318/322] Linking target drivers/librte_power_kvm_vm.so.26.1
[319/322] Linking target drivers/librte_power_cppc.so.26.1
[320/322] Linking target drivers/librte_power_amd_pstate.so.26.1
[321/322] Linking target drivers/librte_power_acpi.so.26.1
[322/322] Linking target drivers/librte_power_intel_uncore.so.26.1
INFO: autodetecting backend as ninja
INFO: calculating backend command to run: /var/spdk/dependencies/pip/bin/ninja -C /mnt/dev/keylane-main-publish-20260914/celer/third_party/spdk/dpdk/build-tmp -j 8
  CC lib/log/log.o
  CC lib/ut_mock/mock.o
  CC lib/log/log_flags.o
  CC lib/log/log_deprecated.o
  LIB libspdk_ut_mock.a
  LIB libspdk_log.a
  CXX lib/trace_parser/trace.o
  CC lib/ioat/ioat.o
  CC lib/dma/dma.o
  CC lib/util/base64.o
  CC lib/util/bit_array.o
  CC lib/util/cpuset.o
  CC lib/util/crc16.o
  CC lib/vfio_user/host/vfio_user_pci.o
  CC lib/util/crc32.o
  LIB libspdk_dma.a
  CC lib/vfio_user/host/vfio_user.o
  LIB libspdk_ioat.a
  CC lib/util/crc32c.o
  CC lib/util/crc32_ieee.o
  CC lib/util/crc64.o
  CC lib/util/dif.o
  CC lib/util/fd.o
  LIB libspdk_vfio_user.a
  CC lib/util/fd_group.o
  CC lib/util/file.o
  CC lib/util/hexlify.o
  CC lib/util/iov.o
  CC lib/util/math.o
  CC lib/util/net.o
  CC lib/util/pipe.o
  CC lib/util/strerror_tls.o
  CC lib/util/string.o
  CC lib/util/uuid.o
  CC lib/util/xor.o
  CC lib/util/zipf.o
  CC lib/util/md5.o
  LIB libspdk_trace_parser.a
  LIB libspdk_util.a
  CC lib/json/json_parse.o
  CC lib/vmd/vmd.o
  CC lib/ae4dma/ae4dma.o
  CC lib/env_dpdk/env.o
  CC lib/json/json_util.o
  CC lib/env_dpdk/memory.o
  CC lib/vmd/led.o
  CC lib/conf/conf.o
  CC lib/env_dpdk/pci.o
  LIB libspdk_conf.a
  CC lib/json/json_write.o
  CC lib/env_dpdk/init.o
  CC lib/env_dpdk/threads.o
  LIB libspdk_ae4dma.a
  CC lib/env_dpdk/pci_ioat.o
  CC lib/env_dpdk/pci_virtio.o
  CC lib/env_dpdk/pci_vmd.o
  LIB libspdk_vmd.a
  CC lib/env_dpdk/pci_idxd.o
  CC lib/env_dpdk/pci_ae4dma.o
  CC lib/env_dpdk/pci_event.o
  CC lib/env_dpdk/sigbus_handler.o
  CC lib/env_dpdk/pci_dpdk.o
  LIB libspdk_json.a
  CC lib/env_dpdk/pci_dpdk_2207.o
  CC lib/env_dpdk/pci_dpdk_2211.o
  CC lib/jsonrpc/jsonrpc_server.o
  CC lib/jsonrpc/jsonrpc_server_tcp.o
  CC lib/jsonrpc/jsonrpc_client.o
  CC lib/jsonrpc/jsonrpc_client_tcp.o
  LIB libspdk_jsonrpc.a
  CC lib/rpc/rpc.o
  LIB libspdk_env_dpdk.a
  LIB libspdk_rpc.a
  CC lib/keyring/keyring.o
  CC lib/notify/notify.o
  CC lib/keyring/keyring_rpc.o
  CC lib/notify/notify_rpc.o
  CC lib/trace/trace.o
  CC lib/trace/trace_flags.o
  CC lib/trace/trace_rpc.o
  LIB libspdk_notify.a
  LIB libspdk_keyring.a
  LIB libspdk_trace.a
  CC lib/thread/thread.o
  CC lib/thread/iobuf.o
  CC lib/sock/sock.o
  CC lib/sock/sock_rpc.o
  LIB libspdk_sock.a
  CC lib/nvme/nvme_ctrlr_cmd.o
  CC lib/nvme/nvme_ctrlr.o
  CC lib/nvme/nvme_fabric.o
  CC lib/nvme/nvme_ns_cmd.o
  CC lib/nvme/nvme_ns.o
  CC lib/nvme/nvme_pcie_common.o
  CC lib/nvme/nvme_pcie.o
  LIB libspdk_thread.a
  CC lib/nvme/nvme_qpair.o
  CC lib/nvme/nvme.o
  CC lib/nvme/nvme_quirks.o
  CC lib/nvme/nvme_transport.o
  CC lib/nvme/nvme_discovery.o
  CC lib/nvme/nvme_ctrlr_ocssd_cmd.o
  CC lib/nvme/nvme_ns_ocssd_cmd.o
  CC lib/nvme/nvme_tcp.o
  CC lib/nvme/nvme_opal.o
  CC lib/nvme/nvme_io_msg.o
  CC lib/nvme/nvme_poll_group.o
  CC lib/nvme/nvme_zns.o
  CC lib/nvme/nvme_kv.o
  CC lib/nvme/nvme_stubs.o
  CC lib/accel/accel.o
  CC lib/nvme/nvme_auth.o
  CC lib/nvme/nvme_util.o
  CC lib/accel/accel_rpc.o
  CC lib/init/json_config.o
  CC lib/blob/blobstore.o
  CC lib/blob/request.o
  CC lib/blob/zeroes.o
  CC lib/init/subsystem.o
  CC lib/blob/blob_bs_dev.o
  CC lib/accel/accel_sw.o
  CC lib/init/subsystem_rpc.o
  CC lib/init/rpc.o
  LIB libspdk_init.a
  LIB libspdk_accel.a
  CC lib/event/app.o
  CC lib/event/reactor.o
  CC lib/event/log_rpc.o
  CC lib/event/app_rpc.o
  CC lib/event/scheduler_static.o
  CC lib/bdev/bdev.o
  CC lib/bdev/bdev_rpc.o
  CC lib/bdev/bdev_zone.o
  CC lib/bdev/part.o
  CC lib/bdev/scsi_nvme.o
  LIB libspdk_event.a
  LIB libspdk_nvme.a
  LIB libspdk_blob.a
  CC lib/lvol/lvol.o
  LIB libspdk_lvol.a
  LIB libspdk_bdev.a
  CC lib/nbd/nbd.o
  CC lib/scsi/dev.o
  CC lib/nbd/nbd_rpc.o
  CC lib/nvmf/ctrlr.o
  CC lib/scsi/lun.o
  CC lib/nvmf/ctrlr_discovery.o
  CC lib/scsi/port.o
  CC lib/ftl/ftl_core.o
  CC lib/scsi/scsi.o
  CC lib/nvmf/ctrlr_bdev.o
  CC lib/nvmf/subsystem.o
  CC lib/scsi/scsi_bdev.o
  CC lib/scsi/scsi_pr.o
  CC lib/ftl/ftl_init.o
  CC lib/scsi/scsi_rpc.o
  LIB libspdk_nbd.a
  CC lib/scsi/task.o
  CC lib/ftl/ftl_layout.o
  CC lib/ftl/ftl_debug.o
  CC lib/ftl/ftl_io.o
  CC lib/nvmf/nvmf.o
  CC lib/nvmf/nvmf_rpc.o
  LIB libspdk_scsi.a
  CC lib/ftl/ftl_sb.o
  CC lib/ftl/ftl_l2p.o
  CC lib/ftl/ftl_l2p_flat.o
  CC lib/ftl/ftl_nv_cache.o
  CC lib/ftl/ftl_band.o
  CC lib/ftl/ftl_band_ops.o
  CC lib/ftl/ftl_writer.o
  CC lib/nvmf/transport.o
  CC lib/nvmf/tcp.o
  CC lib/ftl/ftl_rq.o
  CC lib/ftl/ftl_reloc.o
  CC lib/ftl/ftl_l2p_cache.o
  CC lib/nvmf/stubs.o
  CC lib/ftl/ftl_p2l.o
  CC lib/nvmf/mdns_server.o
  CC lib/nvmf/auth.o
  CC lib/ftl/ftl_p2l_log.o
  CC lib/ftl/mngt/ftl_mngt.o
  CC lib/ftl/mngt/ftl_mngt_bdev.o
  CC lib/ftl/mngt/ftl_mngt_shutdown.o
  CC lib/ftl/mngt/ftl_mngt_startup.o
  CC lib/ftl/mngt/ftl_mngt_md.o
  CC lib/ftl/mngt/ftl_mngt_misc.o
  CC lib/ftl/mngt/ftl_mngt_ioch.o
  CC lib/ftl/mngt/ftl_mngt_l2p.o
  CC lib/ftl/mngt/ftl_mngt_band.o
  CC lib/ftl/mngt/ftl_mngt_self_test.o
  CC lib/ftl/mngt/ftl_mngt_p2l.o
  CC lib/ftl/mngt/ftl_mngt_recovery.o
  CC lib/ftl/mngt/ftl_mngt_upgrade.o
  CC lib/ftl/utils/ftl_conf.o
  CC lib/ftl/utils/ftl_md.o
  CC lib/iscsi/conn.o
  CC lib/ftl/utils/ftl_mempool.o
  CC lib/ftl/utils/ftl_bitmap.o
  CC lib/ftl/utils/ftl_property.o
  CC lib/ftl/utils/ftl_layout_tracker_bdev.o
  LIB libspdk_nvmf.a
  CC lib/ftl/upgrade/ftl_layout_upgrade.o
  CC lib/ftl/upgrade/ftl_sb_upgrade.o
  CC lib/ftl/upgrade/ftl_p2l_upgrade.o
  CC lib/ftl/upgrade/ftl_band_upgrade.o
  CC lib/ftl/upgrade/ftl_chunk_upgrade.o
  CC lib/ftl/upgrade/ftl_trim_upgrade.o
  CC lib/iscsi/init_grp.o
  CC lib/ftl/upgrade/ftl_sb_v3.o
  CC lib/ftl/upgrade/ftl_sb_v5.o
  CC lib/ftl/nvc/ftl_nvc_dev.o
  CC lib/ftl/nvc/ftl_nvc_bdev_vss.o
  CC lib/iscsi/iscsi.o
  CC lib/ftl/nvc/ftl_nvc_bdev_non_vss.o
  CC lib/ftl/nvc/ftl_nvc_bdev_common.o
  CC lib/ftl/base/ftl_base_dev.o
  CC lib/ftl/base/ftl_base_bdev.o
  CC lib/iscsi/param.o
  CC lib/iscsi/portal_grp.o
  CC lib/iscsi/tgt_node.o
  CC lib/iscsi/iscsi_subsystem.o
  CC lib/iscsi/iscsi_rpc.o
  CC lib/iscsi/task.o
  LIB libspdk_ftl.a
  LIB libspdk_iscsi.a
  CC module/env_dpdk/env_dpdk_rpc.o
  CC module/keyring/file/keyring.o
  CC module/sock/posix/posix.o
  CC module/blob/bdev/blob_bdev.o
  CC module/accel/error/accel_error.o
  CC module/accel/ioat/accel_ioat.o
  CC module/keyring/linux/keyring.o
  CC module/scheduler/dynamic/scheduler_dynamic.o
  LIB libspdk_env_dpdk_rpc.a
  CC module/accel/error/accel_error_rpc.o
  CC module/keyring/file/keyring_rpc.o
  CC module/accel/ioat/accel_ioat_rpc.o
  CC module/keyring/linux/keyring_rpc.o
  LIB libspdk_scheduler_dynamic.a
  LIB libspdk_blob_bdev.a
  LIB libspdk_accel_error.a
  LIB libspdk_accel_ioat.a
  LIB libspdk_keyring_file.a
  LIB libspdk_keyring_linux.a
  CC module/scheduler/dpdk_governor/dpdk_governor.o
  CC module/accel/ae4dma/accel_ae4dma.o
  CC module/accel/ae4dma/accel_ae4dma_rpc.o
  CC module/scheduler/gscheduler/gscheduler.o
  CC module/bdev/delay/vbdev_delay.o
  CC module/bdev/error/vbdev_error.o
  CC module/bdev/gpt/gpt.o
  LIB libspdk_scheduler_dpdk_governor.a
  LIB libspdk_accel_ae4dma.a
  LIB libspdk_scheduler_gscheduler.a
  CC module/bdev/gpt/vbdev_gpt.o
  CC module/bdev/delay/vbdev_delay_rpc.o
  CC module/bdev/error/vbdev_error_rpc.o
  CC module/bdev/lvol/vbdev_lvol.o
  LIB libspdk_sock_posix.a
  LIB libspdk_bdev_error.a
  LIB libspdk_bdev_gpt.a
  CC module/bdev/malloc/bdev_malloc.o
  LIB libspdk_bdev_delay.a
  CC module/bdev/null/bdev_null.o
  CC module/bdev/passthru/vbdev_passthru.o
  CC module/bdev/nvme/bdev_nvme.o
  CC module/bdev/raid/bdev_raid.o
  CC module/bdev/split/vbdev_split.o
  CC module/bdev/zone_block/vbdev_zone_block.o
  CC module/bdev/lvol/vbdev_lvol_rpc.o
  CC module/bdev/malloc/bdev_malloc_rpc.o
  CC module/bdev/null/bdev_null_rpc.o
  CC module/bdev/split/vbdev_split_rpc.o
  CC module/bdev/passthru/vbdev_passthru_rpc.o
  CC module/bdev/zone_block/vbdev_zone_block_rpc.o
  LIB libspdk_bdev_malloc.a
  LIB libspdk_bdev_null.a
  LIB libspdk_bdev_passthru.a
  LIB libspdk_bdev_split.a
  CC module/bdev/raid/bdev_raid_rpc.o
  CC module/bdev/raid/bdev_raid_sb.o
  LIB libspdk_bdev_zone_block.a
  CC module/bdev/aio/bdev_aio.o
  CC module/bdev/aio/bdev_aio_rpc.o
  LIB libspdk_bdev_lvol.a
  CC module/bdev/raid/raid0.o
  CC module/bdev/ftl/bdev_ftl.o
  CC module/bdev/raid/raid1.o
  CC module/bdev/raid/concat.o
  CC module/bdev/nvme/bdev_nvme_rpc.o
  CC module/bdev/ftl/bdev_ftl_rpc.o
  LIB libspdk_bdev_aio.a
  CC module/bdev/nvme/nvme_rpc.o
  CC module/bdev/nvme/bdev_mdns_client.o
  CC module/bdev/nvme/vbdev_opal.o
  CC module/bdev/nvme/vbdev_opal_rpc.o
  LIB libspdk_bdev_raid.a
  LIB libspdk_bdev_ftl.a
  LIB libspdk_bdev_nvme.a
  CC module/event/subsystems/iobuf/iobuf.o
  CC module/event/subsystems/scheduler/scheduler.o
  CC module/event/subsystems/vmd/vmd.o
  CC module/event/subsystems/keyring/keyring.o
  CC module/event/subsystems/vmd/vmd_rpc.o
  CC module/event/subsystems/iobuf/iobuf_rpc.o
  CC module/event/subsystems/sock/sock.o
  LIB libspdk_event_keyring.a
  LIB libspdk_event_scheduler.a
  LIB libspdk_event_sock.a
  LIB libspdk_event_vmd.a
  LIB libspdk_event_iobuf.a
  CC module/event/subsystems/accel/accel.o
  LIB libspdk_event_accel.a
  CC module/event/subsystems/bdev/bdev.o
  LIB libspdk_event_bdev.a
  CC module/event/subsystems/nvmf/nvmf_rpc.o
  CC module/event/subsystems/scsi/scsi.o
  CC module/event/subsystems/nbd/nbd.o
  CC module/event/subsystems/nvmf/nvmf_tgt.o
  LIB libspdk_event_nbd.a
  LIB libspdk_event_scsi.a
  LIB libspdk_event_nvmf.a
  CC module/event/subsystems/iscsi/iscsi.o
  LIB libspdk_event_iscsi.a
gmake[1]: Nothing to be done for 'all'.
-- 
-- Architecture: x64
-- Disable transparent huge pages support (MI_NO_THP=ON)
-- Performing Test mi_has_libpthread
-- Performing Test mi_has_libpthread - Success
-- Performing Test mi_has_librt
-- Performing Test mi_has_librt - Success
-- Performing Test mi_has_libatomic
-- Performing Test mi_has_libatomic - Success
-- 
-- Library name     : mimalloc
-- Version          : 3.4.5
-- Build type       : release
-- C Compiler       : /usr/bin/clang-18
-- Compiler flags   : -Wall;-Wextra;-Wpedantic;-Wno-deprecated;-Wno-unknown-pragmas;-fvisibility=hidden;-Wstrict-prototypes;-Wno-static-in-inline;-mno-outline;-ftls-model=initial-exec
-- Compiler defines : MI_DEFAULT_ARENA_EAGER_COMMIT=1;MI_DEFAULT_ALLOW_THP=0;MI_CMAKE_BUILD_TYPE=release;MI_BUILD_RELEASE
-- Link libraries   : pthread;rt;atomic
-- Build targets    : static
-- 
-- C++ Standard: 23
-- Build type: Release
-- Build Install Prefix : /usr/local
-- ASIO include path: /mnt/dev/keylane-dfly-flush-spdk-20260914.sNjwQC/build/_keylane_nuraft_source/asio/asio/include
-- deps prefix is not given
-- OpenSSL library path: /usr/lib/x86_64-linux-gnu/libssl.a
-- OpenSSL include path: /usr/include
-- Output library file name: libnuraft.a
-- Configuring done (50.6s)
-- Generating done (0.2s)
-- Build files have been written to: /mnt/dev/keylane-dfly-flush-spdk-20260914.sNjwQC/build
[  0%] Building CXX object celer/third_party/abseil/absl/base/CMakeFiles/absl_log_severity.dir/log_severity.cc.o
[  0%] Building CXX object celer/third_party/abseil/absl/base/CMakeFiles/absl_spinlock_wait.dir/internal/spinlock_wait.cc.o
[  0%] Building CXX object celer/third_party/abseil/absl/time/CMakeFiles/absl_civil_time.dir/internal/cctz/src/civil_time_detail.cc.o
[  0%] Building C object CMakeFiles/keylane_lua.dir/third_party/lua/src/lapi.c.o
[  1%] Building CXX object celer/third_party/abseil/absl/time/CMakeFiles/absl_time_zone.dir/internal/cctz/src/time_zone_fixed.cc.o
[  1%] Building CXX object CMakeFiles/keylane_lease_clock.dir/src/cluster/lease_clock.cpp.o
[  1%] Building CXX object celer/third_party/abseil/absl/profiling/CMakeFiles/absl_exponential_biased.dir/internal/exponential_biased.cc.o
[  1%] Building CXX object celer/third_party/abseil/absl/base/CMakeFiles/absl_strerror.dir/internal/strerror.cc.o
[  1%] Building CXX object celer/third_party/abseil/absl/debugging/CMakeFiles/absl_utf8_for_code_point.dir/internal/utf8_for_code_point.cc.o
[  1%] Building C object third_party/mimalloc/CMakeFiles/mimalloc-static.dir/src/alloc.c.o
[  1%] Creating directories for 'celer_liburing_build'
[  1%] Building CXX object celer/third_party/abseil/absl/debugging/CMakeFiles/absl_leak_check.dir/leak_check.cc.o
[  1%] No download step for 'celer_liburing_build'
[  1%] Linking CXX static library libabsl_leak_check.a
[  3%] Linking CXX static library libabsl_utf8_for_code_point.a
[  4%] No update step for 'celer_liburing_build'
[  4%] No patch step for 'celer_liburing_build'
[  4%] Built target absl_leak_check
[  4%] Built target absl_utf8_for_code_point
[  4%] Building C object third_party/mimalloc/CMakeFiles/mimalloc-static.dir/src/alloc-aligned.c.o
[  4%] Building CXX object celer/third_party/abseil/absl/time/CMakeFiles/absl_time_zone.dir/internal/cctz/src/time_zone_format.cc.o
[  4%] Linking CXX static library libabsl_spinlock_wait.a
[  6%] Performing configure step for 'celer_liburing_build'
[  6%] Building C object CMakeFiles/keylane_lua.dir/third_party/lua/src/lauxlib.c.o
prefix                             /usr
includedir                         /usr/include
libdir                             /usr/lib
libdevdir                          /usr/lib
relativelibdir                     
mandir                             /usr/man
datadir                            /usr/share
[  6%] Built target absl_spinlock_wait
libgcc_link_flag                   /usr/bin/../lib/gcc/x86_64-linux-gnu/13/libgcc.a
[  6%] Building C object CMakeFiles/keylane_lua.dir/third_party/lua/src/lbaselib.c.o
[  7%] Building C object CMakeFiles/keylane_lua.dir/third_party/lua/src/lcode.c.o
stringop_overflow                  no
array_bounds                       no
[  7%] Building C object CMakeFiles/keylane_lua.dir/third_party/lua/src/ldebug.c.o
__kernel_rwf_t                     yes
[  7%] Building C object CMakeFiles/keylane_lua.dir/third_party/lua/src/ldo.c.o
[  7%] Linking CXX static library libabsl_log_severity.a
__kernel_timespec                  yes
[  9%] Building C object third_party/mimalloc/CMakeFiles/mimalloc-static.dir/src/alloc-posix.c.o
[  9%] Built target absl_log_severity
[  9%] Building C object CMakeFiles/keylane_lua.dir/third_party/lua/src/ldump.c.o
[  9%] Building C object third_party/mimalloc/CMakeFiles/mimalloc-static.dir/src/arena.c.o
[  9%] Building C object CMakeFiles/keylane_lua.dir/third_party/lua/src/lfunc.c.o
open_how                           yes
[ 10%] Linking CXX static library libabsl_strerror.a
[ 10%] Building C object third_party/mimalloc/CMakeFiles/mimalloc-static.dir/src/arena-meta.c.o
[ 12%] Building C object CMakeFiles/keylane_lua.dir/third_party/lua/src/lgc.c.o
[ 13%] Linking CXX static library libabsl_exponential_biased.a
[ 13%] Building CXX object celer/third_party/abseil/absl/base/CMakeFiles/absl_raw_logging_internal.dir/internal/raw_logging.cc.o
statx                              yes
[ 13%] Built target absl_strerror
[ 13%] Built target absl_exponential_biased
[ 13%] Building C object third_party/mimalloc/CMakeFiles/mimalloc-static.dir/src/bitmap.c.o
[ 13%] Linking CXX static library libabsl_civil_time.a
[ 13%] Building C object third_party/mimalloc/CMakeFiles/mimalloc-static.dir/src/heap.c.o
[ 13%] Built target absl_civil_time
glibc_statx                        yes
[ 15%] Building C object third_party/mimalloc/CMakeFiles/mimalloc-static.dir/src/init.c.o
[ 15%] Building C object third_party/mimalloc/CMakeFiles/mimalloc-static.dir/src/libc.c.o
[ 15%] Building C object CMakeFiles/keylane_lua.dir/third_party/lua/src/llex.c.o
[ 15%] Building C object CMakeFiles/keylane_lua.dir/third_party/lua/src/lmathlib.c.o
[ 15%] Building C object CMakeFiles/keylane_lua.dir/third_party/lua/src/lmem.c.o
[ 15%] Building C object third_party/mimalloc/CMakeFiles/mimalloc-static.dir/src/options.c.o
[ 15%] Building C object CMakeFiles/keylane_lua.dir/third_party/lua/src/lobject.c.o
[ 16%] Building C object CMakeFiles/keylane_lua.dir/third_party/lua/src/lopcodes.c.o
[ 16%] Building C object third_party/mimalloc/CMakeFiles/mimalloc-static.dir/src/os.c.o
[ 16%] Building C object CMakeFiles/keylane_lua.dir/third_party/lua/src/lparser.c.o
[ 16%] Building C object third_party/mimalloc/CMakeFiles/mimalloc-static.dir/src/page.c.o
[ 16%] Linking CXX static library libkeylane_lease_clock.a
[ 16%] Built target keylane_lease_clock
[ 16%] Building C object CMakeFiles/keylane_lua.dir/third_party/lua/src/lstate.c.o
[ 18%] Building C object third_party/mimalloc/CMakeFiles/mimalloc-static.dir/src/page-map.c.o
[ 18%] Building C object CMakeFiles/keylane_lua.dir/third_party/lua/src/lstring.c.o
[ 18%] Linking CXX static library libabsl_raw_logging_internal.a
C++                                yes
[ 18%] Building C object third_party/mimalloc/CMakeFiles/mimalloc-static.dir/src/random.c.o
[ 20%] Building C object CMakeFiles/keylane_lua.dir/third_party/lua/src/lstrlib.c.o
[ 20%] Building C object CMakeFiles/keylane_lua.dir/third_party/lua/src/ltable.c.o
[ 20%] Building C object CMakeFiles/keylane_lua.dir/third_party/lua/src/ltablib.c.o
[ 20%] Building C object third_party/mimalloc/CMakeFiles/mimalloc-static.dir/src/stats.c.o
has_ucontext                       yes
[ 20%] Built target absl_raw_logging_internal
[ 20%] Building C object third_party/mimalloc/CMakeFiles/mimalloc-static.dir/src/theap.c.o
[ 20%] Building C object CMakeFiles/keylane_lua.dir/third_party/lua/src/ltm.c.o
has_memfd_create                   yes
[ 20%] Building C object third_party/mimalloc/CMakeFiles/mimalloc-static.dir/src/threadlocal.c.o
[ 20%] Building C object CMakeFiles/keylane_lua.dir/third_party/lua/src/lundump.c.o
[ 21%] Building C object third_party/mimalloc/CMakeFiles/mimalloc-static.dir/src/prim/prim.c.o
[ 23%] Building C object CMakeFiles/keylane_lua.dir/third_party/lua/src/lvm.c.o
[ 23%] Building CXX object celer/third_party/abseil/absl/time/CMakeFiles/absl_time_zone.dir/internal/cctz/src/time_zone_if.cc.o
NVMe uring command support         yes
[ 24%] Building CXX object celer/third_party/abseil/absl/time/CMakeFiles/absl_time_zone.dir/internal/cctz/src/time_zone_impl.cc.o
[ 24%] Building C object CMakeFiles/keylane_lua.dir/third_party/lua/src/lzio.c.o
[ 24%] Building C object CMakeFiles/keylane_lua.dir/third_party/lua/src/strbuf.c.o
futex waitv support                yes
[ 24%] Building C object CMakeFiles/keylane_lua.dir/third_party/lua/src/fpconv.c.o
io_uring discard command support   no
[ 24%] Building C object CMakeFiles/keylane_lua.dir/third_party/lua/src/lua_cjson.c.o
[ 26%] Building CXX object celer/third_party/abseil/absl/base/CMakeFiles/absl_base.dir/internal/cycleclock.cc.o
[ 26%] Building C object CMakeFiles/keylane_lua.dir/third_party/lua/src/lua_struct.c.o
[ 26%] Building C object CMakeFiles/keylane_lua.dir/third_party/lua/src/lua_cmsgpack.c.o
has_idtype_t                       yes
/mnt/dev/keylane-main-publish-20260914/celer/third_party/liburing/configure: 513: clang: not found
has_clang                          no
has_bpftool                        yes
has_bpf_clang                      no
has_libbpf                         no
[ 26%] Building C object CMakeFiles/keylane_lua.dir/third_party/lua/src/lua_bit.c.o
[ 26%] Building CXX object celer/third_party/abseil/absl/base/CMakeFiles/absl_base.dir/internal/spinlock.cc.o
[ 26%] Building CXX object celer/third_party/abseil/absl/time/CMakeFiles/absl_time_zone.dir/internal/cctz/src/time_zone_info.cc.o
[ 27%] Building CXX object celer/third_party/abseil/absl/base/CMakeFiles/absl_base.dir/internal/sysinfo.cc.o
[ 27%] Building CXX object celer/third_party/abseil/absl/base/CMakeFiles/absl_base.dir/internal/thread_identity.cc.o
nolibc                             yes
[ 27%] Building CXX object celer/third_party/abseil/absl/base/CMakeFiles/absl_base.dir/internal/unscaledcycleclock.cc.o
[ 27%] Linking C static library libkeylane_lua.a
has_fanotify                       yes
[ 27%] Built target keylane_lua
[ 27%] Building CXX object celer/third_party/abseil/absl/time/CMakeFiles/absl_time_zone.dir/internal/cctz/src/time_zone_libc.cc.o
[ 27%] Building CXX object celer/third_party/abseil/absl/base/CMakeFiles/absl_throw_delegate.dir/internal/throw_delegate.cc.o
ublk_header                        yes
use sanitizer                      no
use tsan                           no
CC                                 /usr/bin/clang-18
CXX                                /usr/bin/clang++-18
[ 27%] Performing build step for 'celer_liburing_build'
[ 27%] Linking C static library libmimalloc.a
[ 27%] Built target mimalloc-static
[ 27%] Building CXX object celer/third_party/abseil/absl/debugging/CMakeFiles/absl_debugging_internal.dir/internal/address_is_readable.cc.o
[ 27%] Building CXX object celer/third_party/abseil/absl/time/CMakeFiles/absl_time_zone.dir/internal/cctz/src/time_zone_lookup.cc.o
[ 27%] Building CXX object celer/third_party/abseil/absl/time/CMakeFiles/absl_time_zone.dir/internal/cctz/src/time_zone_posix.cc.o
[ 27%] Linking CXX static library libabsl_throw_delegate.a
[ 29%] Building CXX object celer/third_party/abseil/absl/debugging/CMakeFiles/absl_debugging_internal.dir/internal/elf_mem_image.cc.o
[ 29%] Built target absl_throw_delegate
[ 29%] Building CXX object celer/third_party/abseil/absl/strings/CMakeFiles/absl_cordz_functions.dir/internal/cordz_functions.cc.o
[ 30%] Building CXX object celer/third_party/abseil/absl/time/CMakeFiles/absl_time_zone.dir/internal/cctz/src/zone_info_source.cc.o
[ 30%] Building CXX object celer/third_party/abseil/absl/debugging/CMakeFiles/absl_debugging_internal.dir/internal/vdso_support.cc.o
ar: creating liburing.a
[ 30%] No install step for 'celer_liburing_build'
[ 30%] Completed 'celer_liburing_build'
[ 30%] Built target celer_liburing_build
[ 30%] Linking CXX static library libabsl_base.a
[ 30%] Built target absl_base
[ 30%] Building CXX object celer/third_party/abseil/absl/crc/CMakeFiles/absl_crc_cpu_detect.dir/internal/cpu_detect.cc.o
[ 30%] Building CXX object celer/third_party/abseil/absl/base/CMakeFiles/absl_malloc_internal.dir/internal/low_level_alloc.cc.o
[ 30%] Building CXX object celer/third_party/abseil/absl/base/CMakeFiles/absl_tracing_internal.dir/internal/tracing.cc.o
[ 30%] Building CXX object celer/third_party/abseil/absl/strings/CMakeFiles/absl_strings_internal.dir/internal/ostringstream.cc.o
[ 30%] Linking CXX static library libabsl_tracing_internal.a
[ 30%] Built target absl_tracing_internal
[ 30%] Building CXX object celer/third_party/abseil/absl/numeric/CMakeFiles/absl_int128.dir/int128.cc.o
[ 30%] Building CXX object celer/third_party/abseil/absl/strings/CMakeFiles/absl_string_view.dir/string_view.cc.o
[ 32%] Linking CXX static library libabsl_cordz_functions.a
[ 32%] Linking CXX static library libabsl_debugging_internal.a
[ 32%] Building CXX object celer/third_party/abseil/absl/debugging/CMakeFiles/absl_decode_rust_punycode.dir/internal/decode_rust_punycode.cc.o
[ 32%] Built target absl_cordz_functions
[ 32%] Built target absl_debugging_internal
[ 32%] Building CXX object celer/third_party/abseil/absl/hash/CMakeFiles/absl_city.dir/internal/city.cc.o
[ 32%] Building CXX object celer/third_party/abseil/absl/strings/CMakeFiles/absl_strings_internal.dir/internal/utf8.cc.o
[ 33%] Building CXX object celer/third_party/abseil/absl/strings/CMakeFiles/absl_strings_internal.dir/internal/escaping.cc.o
[ 33%] Building CXX object celer/third_party/abseil/absl/debugging/CMakeFiles/absl_stacktrace.dir/stacktrace.cc.o
[ 35%] Linking CXX static library libabsl_crc_cpu_detect.a
[ 35%] Built target absl_crc_cpu_detect
[ 35%] Building CXX object celer/third_party/abseil/absl/crc/CMakeFiles/absl_crc_internal.dir/internal/crc.cc.o
[ 35%] Building CXX object celer/third_party/abseil/absl/crc/CMakeFiles/absl_crc_internal.dir/internal/crc_x86_arm_combined.cc.o
[ 35%] Linking CXX static library libabsl_time_zone.a
[ 35%] Linking CXX static library libabsl_string_view.a
[ 35%] Linking CXX static library libabsl_malloc_internal.a
[ 35%] Built target absl_time_zone
[ 35%] Built target absl_string_view
[ 35%] Linking CXX static library libabsl_stacktrace.a
[ 35%] Built target absl_malloc_internal
[ 36%] Linking CXX static library libabsl_city.a
[ 36%] Built target absl_stacktrace
[ 36%] Building CXX object celer/third_party/abseil/absl/synchronization/CMakeFiles/absl_graphcycles_internal.dir/internal/graphcycles.cc.o
[ 38%] Linking CXX static library libabsl_int128.a
[ 38%] Built target absl_city
[ 40%] Linking CXX static library libabsl_decode_rust_punycode.a
[ 40%] Built target absl_int128
[ 40%] Building CXX object celer/third_party/abseil/absl/hash/CMakeFiles/absl_low_level_hash.dir/internal/low_level_hash.cc.o
[ 40%] Built target absl_decode_rust_punycode
[ 40%] Building CXX object celer/third_party/abseil/absl/debugging/CMakeFiles/absl_demangle_rust.dir/internal/demangle_rust.cc.o
[ 40%] Linking CXX static library libabsl_strings_internal.a
[ 40%] Linking CXX static library libabsl_demangle_rust.a
[ 40%] Built target absl_strings_internal
[ 40%] Built target absl_demangle_rust
[ 40%] Building CXX object celer/third_party/abseil/absl/strings/CMakeFiles/absl_strings.dir/ascii.cc.o
[ 41%] Building CXX object celer/third_party/abseil/absl/strings/CMakeFiles/absl_strings.dir/escaping.cc.o
[ 41%] Building CXX object celer/third_party/abseil/absl/strings/CMakeFiles/absl_strings.dir/charconv.cc.o
[ 41%] Building CXX object celer/third_party/abseil/absl/strings/CMakeFiles/absl_strings.dir/internal/charconv_parse.cc.o
[ 41%] Building CXX object celer/third_party/abseil/absl/strings/CMakeFiles/absl_strings.dir/internal/charconv_bigint.cc.o
[ 41%] Building CXX object celer/third_party/abseil/absl/strings/CMakeFiles/absl_strings.dir/internal/damerau_levenshtein_distance.cc.o
[ 41%] Building CXX object celer/third_party/abseil/absl/strings/CMakeFiles/absl_strings.dir/internal/memutil.cc.o
[ 41%] Building CXX object celer/third_party/abseil/absl/debugging/CMakeFiles/absl_demangle_internal.dir/internal/demangle.cc.o
[ 43%] Building CXX object celer/third_party/abseil/absl/strings/CMakeFiles/absl_strings.dir/internal/stringify_sink.cc.o
[ 43%] Linking CXX static library libabsl_low_level_hash.a
[ 43%] Built target absl_low_level_hash
[ 43%] Building CXX object celer/third_party/abseil/absl/strings/CMakeFiles/absl_strings.dir/match.cc.o
[ 43%] Building CXX object celer/third_party/abseil/absl/strings/CMakeFiles/absl_strings.dir/numbers.cc.o
[ 43%] Building CXX object celer/third_party/abseil/absl/strings/CMakeFiles/absl_strings.dir/str_cat.cc.o
[ 43%] Linking CXX static library libabsl_graphcycles_internal.a
[ 43%] Built target absl_graphcycles_internal
[ 43%] Building CXX object celer/third_party/abseil/absl/strings/CMakeFiles/absl_strings.dir/str_replace.cc.o
[ 44%] Building CXX object celer/third_party/abseil/absl/strings/CMakeFiles/absl_strings.dir/str_split.cc.o
[ 44%] Building CXX object celer/third_party/abseil/absl/strings/CMakeFiles/absl_strings.dir/substitute.cc.o
[ 44%] Linking CXX static library libabsl_demangle_internal.a
[ 44%] Built target absl_demangle_internal
[ 44%] Linking CXX static library libabsl_crc_internal.a
[ 44%] Built target absl_crc_internal
[ 44%] Linking CXX static library libabsl_strings.a
[ 44%] Built target absl_strings
[ 46%] Building CXX object celer/third_party/abseil/absl/debugging/CMakeFiles/absl_symbolize.dir/symbolize.cc.o
[ 46%] Building CXX object celer/third_party/abseil/absl/time/CMakeFiles/absl_time.dir/civil_time.cc.o
[ 46%] Building CXX object celer/third_party/abseil/absl/strings/CMakeFiles/absl_str_format_internal.dir/internal/str_format/arg.cc.o
[ 46%] Building CXX object celer/third_party/abseil/absl/strings/CMakeFiles/absl_str_format_internal.dir/internal/str_format/float_conversion.cc.o
[ 46%] Building CXX object celer/third_party/abseil/absl/hash/CMakeFiles/absl_hash.dir/internal/hash.cc.o
[ 46%] Building CXX object celer/third_party/abseil/absl/strings/CMakeFiles/absl_str_format_internal.dir/internal/str_format/bind.cc.o
[ 46%] Building CXX object celer/third_party/abseil/absl/time/CMakeFiles/absl_time.dir/clock.cc.o
[ 46%] Building CXX object celer/third_party/abseil/absl/strings/CMakeFiles/absl_str_format_internal.dir/internal/str_format/extension.cc.o
[ 46%] Building CXX object celer/third_party/abseil/absl/time/CMakeFiles/absl_time.dir/format.cc.o
[ 46%] Building CXX object celer/third_party/abseil/absl/time/CMakeFiles/absl_time.dir/duration.cc.o
[ 46%] Building CXX object celer/third_party/abseil/absl/time/CMakeFiles/absl_time.dir/time.cc.o
[ 47%] Building CXX object celer/third_party/abseil/absl/strings/CMakeFiles/absl_str_format_internal.dir/internal/str_format/output.cc.o
[ 47%] Building CXX object celer/third_party/abseil/absl/strings/CMakeFiles/absl_str_format_internal.dir/internal/str_format/parser.cc.o
[ 47%] Linking CXX static library libabsl_symbolize.a
[ 47%] Built target absl_symbolize
[ 47%] Linking CXX static library libabsl_hash.a
[ 47%] Built target absl_hash
[ 47%] Linking CXX static library libabsl_str_format_internal.a
[ 49%] Linking CXX static library libabsl_time.a
[ 49%] Built target absl_str_format_internal
[ 49%] Building CXX object celer/third_party/abseil/absl/crc/CMakeFiles/absl_crc32c.dir/crc32c.cc.o
[ 49%] Building CXX object celer/third_party/abseil/absl/crc/CMakeFiles/absl_crc32c.dir/internal/crc_memcpy_fallback.cc.o
[ 49%] Building CXX object celer/third_party/abseil/absl/crc/CMakeFiles/absl_crc32c.dir/internal/crc_memcpy_x86_arm_combined.cc.o
[ 50%] Building CXX object celer/third_party/abseil/absl/crc/CMakeFiles/absl_crc32c.dir/internal/crc_non_temporal_memcpy.cc.o
[ 50%] Built target absl_time
[ 50%] Building CXX object celer/third_party/abseil/absl/synchronization/CMakeFiles/absl_kernel_timeout_internal.dir/internal/kernel_timeout.cc.o
[ 50%] Linking CXX static library libabsl_kernel_timeout_internal.a
[ 50%] Built target absl_kernel_timeout_internal
[ 50%] Building CXX object celer/third_party/abseil/absl/synchronization/CMakeFiles/absl_synchronization.dir/internal/per_thread_sem.cc.o
[ 50%] Building CXX object celer/third_party/abseil/absl/synchronization/CMakeFiles/absl_synchronization.dir/blocking_counter.cc.o
[ 50%] Building CXX object celer/third_party/abseil/absl/synchronization/CMakeFiles/absl_synchronization.dir/internal/sem_waiter.cc.o
[ 52%] Building CXX object celer/third_party/abseil/absl/synchronization/CMakeFiles/absl_synchronization.dir/barrier.cc.o
[ 52%] Building CXX object celer/third_party/abseil/absl/synchronization/CMakeFiles/absl_synchronization.dir/internal/waiter_base.cc.o
[ 52%] Building CXX object celer/third_party/abseil/absl/synchronization/CMakeFiles/absl_synchronization.dir/internal/create_thread_identity.cc.o
[ 52%] Building CXX object celer/third_party/abseil/absl/synchronization/CMakeFiles/absl_synchronization.dir/internal/futex_waiter.cc.o
[ 53%] Building CXX object celer/third_party/abseil/absl/synchronization/CMakeFiles/absl_synchronization.dir/internal/pthread_waiter.cc.o
[ 55%] Building CXX object celer/third_party/abseil/absl/synchronization/CMakeFiles/absl_synchronization.dir/notification.cc.o
[ 55%] Building CXX object celer/third_party/abseil/absl/synchronization/CMakeFiles/absl_synchronization.dir/internal/win32_waiter.cc.o
[ 55%] Building CXX object celer/third_party/abseil/absl/synchronization/CMakeFiles/absl_synchronization.dir/internal/stdcpp_waiter.cc.o
[ 55%] Building CXX object celer/third_party/abseil/absl/synchronization/CMakeFiles/absl_synchronization.dir/mutex.cc.o
[ 55%] Linking CXX static library libabsl_crc32c.a
[ 55%] Built target absl_crc32c
[ 55%] Building CXX object celer/third_party/abseil/absl/crc/CMakeFiles/absl_crc_cord_state.dir/internal/crc_cord_state.cc.o
[ 55%] Linking CXX static library libabsl_crc_cord_state.a
[ 55%] Built target absl_crc_cord_state
[ 55%] Building CXX object celer/third_party/abseil/absl/strings/CMakeFiles/absl_cord_internal.dir/internal/cord_rep_btree_navigator.cc.o
[ 55%] Building CXX object celer/third_party/abseil/absl/strings/CMakeFiles/absl_cord_internal.dir/internal/cord_rep_btree.cc.o
[ 55%] Building CXX object celer/third_party/abseil/absl/strings/CMakeFiles/absl_cord_internal.dir/internal/cord_internal.cc.o
[ 55%] Building CXX object celer/third_party/abseil/absl/strings/CMakeFiles/absl_cord_internal.dir/internal/cord_rep_btree_reader.cc.o
[ 56%] Building CXX object celer/third_party/abseil/absl/strings/CMakeFiles/absl_cord_internal.dir/internal/cord_rep_consume.cc.o
[ 56%] Building CXX object celer/third_party/abseil/absl/strings/CMakeFiles/absl_cord_internal.dir/internal/cord_rep_crc.cc.o
[ 56%] Linking CXX static library libabsl_synchronization.a
[ 56%] Built target absl_synchronization
[ 56%] Building CXX object celer/third_party/abseil/absl/strings/CMakeFiles/absl_cordz_handle.dir/internal/cordz_handle.cc.o
[ 56%] Building CXX object celer/third_party/abseil/absl/container/CMakeFiles/absl_hashtablez_sampler.dir/internal/hashtablez_sampler_force_weak_definition.cc.o
[ 58%] Building CXX object celer/third_party/abseil/absl/container/CMakeFiles/absl_hashtablez_sampler.dir/internal/hashtablez_sampler.cc.o
[ 58%] Linking CXX static library libabsl_cord_internal.a
[ 58%] Built target absl_cord_internal
[ 58%] Linking CXX static library libabsl_cordz_handle.a
[ 58%] Built target absl_cordz_handle
[ 58%] Building CXX object celer/third_party/abseil/absl/strings/CMakeFiles/absl_cordz_info.dir/internal/cordz_info.cc.o
[ 58%] Linking CXX static library libabsl_hashtablez_sampler.a
[ 58%] Built target absl_hashtablez_sampler
[ 58%] Linking CXX static library libabsl_cordz_info.a
[ 58%] Built target absl_cordz_info
[ 58%] Building CXX object celer/third_party/abseil/absl/strings/CMakeFiles/absl_cord.dir/cord.cc.o
[ 58%] Building CXX object celer/third_party/abseil/absl/strings/CMakeFiles/absl_cord.dir/cord_analysis.cc.o
[ 60%] Linking CXX static library libabsl_cord.a
[ 60%] Built target absl_cord
[ 60%] Building CXX object celer/third_party/abseil/absl/container/CMakeFiles/absl_raw_hash_set.dir/internal/raw_hash_set.cc.o
[ 60%] Building CXX object celer/third_party/abseil/absl/status/CMakeFiles/absl_status.dir/status.cc.o
[ 61%] Building CXX object celer/third_party/abseil/absl/status/CMakeFiles/absl_status.dir/internal/status_internal.cc.o
[ 61%] Building CXX object celer/third_party/abseil/absl/status/CMakeFiles/absl_status.dir/status_payload_printer.cc.o
[ 61%] Linking CXX static library libabsl_status.a
[ 61%] Built target absl_status
[ 61%] Building CXX object celer/third_party/abseil/absl/status/CMakeFiles/absl_statusor.dir/statusor.cc.o
[ 63%] Linking CXX static library libabsl_raw_hash_set.a
[ 63%] Built target absl_raw_hash_set
[ 64%] Linking CXX static library libabsl_statusor.a
[ 64%] Built target absl_statusor
[ 64%] Building CXX object CMakeFiles/keylane_control_protocol.dir/src/cluster/control_protocol.cpp.o
[ 64%] Building CXX object celer/CMakeFiles/celer.dir/src/net/server.cpp.o
[ 64%] Building CXX object celer/CMakeFiles/celer.dir/src/io/io.cpp.o
[ 64%] Building CXX object celer/CMakeFiles/celer.dir/src/net/http_service.cpp.o
[ 64%] Building CXX object celer/CMakeFiles/celer.dir/src/io/storage.cpp.o
[ 66%] Building CXX object celer/CMakeFiles/celer.dir/src/io/io_uring_backend.cpp.o
[ 66%] Building CXX object celer/CMakeFiles/celer.dir/src/net/tcp_listener.cpp.o
[ 66%] Building CXX object celer/CMakeFiles/celer.dir/src/runtime/foreign_executor.cpp.o
[ 66%] Building CXX object celer/CMakeFiles/celer.dir/src/net/tcp_service.cpp.o
[ 67%] Building CXX object celer/CMakeFiles/celer.dir/src/runtime/worker.cpp.o
[ 67%] Building CXX object celer/CMakeFiles/celer.dir/src/runtime/runtime.cpp.o
[ 67%] Building CXX object celer/CMakeFiles/celer.dir/src/net/tcp_stream.cpp.o
[ 69%] Building CXX object celer/CMakeFiles/celer.dir/src/net/tls.cpp.o
In file included from /mnt/dev/keylane-main-publish-20260914/src/cluster/control_protocol.cpp:1:
In file included from /mnt/dev/keylane-main-publish-20260914/include/keylane/cluster/control_protocol.h:21:
In file included from /mnt/dev/keylane-main-publish-20260914/celer/third_party/abseil/absl/status/status.h:66:
In file included from /mnt/dev/keylane-main-publish-20260914/celer/third_party/abseil/absl/status/internal/status_internal.h:27:
In file included from /mnt/dev/keylane-main-publish-20260914/celer/third_party/abseil/absl/strings/cord.h:80:
In file included from /mnt/dev/keylane-main-publish-20260914/celer/third_party/abseil/absl/crc/internal/crc_cord_state.h:23:
In file included from /mnt/dev/keylane-main-publish-20260914/celer/third_party/abseil/absl/crc/crc32c.h:32:
In file included from /mnt/dev/keylane-main-publish-20260914/celer/third_party/abseil/absl/strings/str_format.h:84:
In file included from /mnt/dev/keylane-main-publish-20260914/celer/third_party/abseil/absl/strings/internal/str_format/bind.h:29:
/mnt/dev/keylane-main-publish-20260914/celer/third_party/abseil/absl/strings/internal/str_format/parser.h:227:11: warning: 'enable_if' is a clang extension [-Wgcc-compat]
  227 |           enable_if(str_format_internal::EnsureConstexpr(format),
      |           ^
/mnt/dev/keylane-main-publish-20260914/celer/third_party/abseil/absl/strings/internal/str_format/parser.h:229:11: warning: 'enable_if' is a clang extension [-Wgcc-compat]
  229 |           enable_if(str_format_internal::ValidFormatImpl<C...>(format),
      |           ^
In file included from /mnt/dev/keylane-main-publish-20260914/src/cluster/control_protocol.cpp:1:
In file included from /mnt/dev/keylane-main-publish-20260914/include/keylane/cluster/control_protocol.h:21:
In file included from /mnt/dev/keylane-main-publish-20260914/celer/third_party/abseil/absl/status/status.h:66:
In file included from /mnt/dev/keylane-main-publish-20260914/celer/third_party/abseil/absl/status/internal/status_internal.h:27:
In file included from /mnt/dev/keylane-main-publish-20260914/celer/third_party/abseil/absl/strings/cord.h:80:
In file included from /mnt/dev/keylane-main-publish-20260914/celer/third_party/abseil/absl/crc/internal/crc_cord_state.h:23:
In file included from /mnt/dev/keylane-main-publish-20260914/celer/third_party/abseil/absl/crc/crc32c.h:32:
In file included from /mnt/dev/keylane-main-publish-20260914/celer/third_party/abseil/absl/strings/str_format.h:84:
/mnt/dev/keylane-main-publish-20260914/celer/third_party/abseil/absl/strings/internal/str_format/bind.h:143:11: warning: 'enable_if' is a clang extension [-Wgcc-compat]
  143 |           enable_if(str_format_internal::EnsureConstexpr(s), "constexpr trap"),
      |           ^
/mnt/dev/keylane-main-publish-20260914/celer/third_party/abseil/absl/strings/internal/str_format/bind.h:149:22: warning: 'enable_if' is a clang extension [-Wgcc-compat]
  149 |       __attribute__((enable_if(str_format_internal::EnsureConstexpr(s),
      |                      ^
/mnt/dev/keylane-main-publish-20260914/celer/third_party/abseil/absl/strings/internal/str_format/bind.h:158:22: warning: 'enable_if' is a clang extension [-Wgcc-compat]
  158 |       __attribute__((enable_if(ValidFormatImpl<Args...>(s), "bad format trap")))
      |                      ^
/mnt/dev/keylane-main-publish-20260914/celer/third_party/abseil/absl/strings/internal/str_format/bind.h:162:22: warning: 'enable_if' is a clang extension [-Wgcc-compat]
  162 |       __attribute__((enable_if(ValidFormatImpl<Args...>(s), "bad format trap")))
      |                      ^
[ 69%] Building CXX object celer/CMakeFiles/celer.dir/src/io/spdk_storage.cpp.o
6 warnings generated.
[ 69%] Linking CXX static library libkeylane_control_protocol.a
[ 69%] Built target keylane_control_protocol
[ 69%] Linking CXX static library libceler.a
[ 69%] Built target celer
[ 69%] Building CXX object CMakeFiles/keylane_control_transport.dir/src/cluster/control_transport.cpp.o
[ 69%] Building CXX object celer/CMakeFiles/celer_rpc.dir/src/rpc/rpc.cpp.o
[ 69%] Linking CXX static library libceler_rpc.a
[ 69%] Built target celer_rpc
[ 69%] Linking CXX static library libkeylane_control_transport.a
[ 69%] Built target keylane_control_transport
[ 70%] Building CXX object CMakeFiles/keylane_module.dir/cmake_pch.hxx.pch
[ 73%] Building CXX object CMakeFiles/keylane_module.dir/src/storage/buffer_pool.cpp.o
[ 73%] Building CXX object CMakeFiles/keylane_module.dir/src/storage/engine.cpp.o
[ 73%] Building CXX object CMakeFiles/keylane_module.dir/src/cluster/runtime.cpp.o
[ 73%] Building CXX object CMakeFiles/keylane_module.dir/src/cluster/authority.cpp.o
[ 73%] Building CXX object CMakeFiles/keylane_module.dir/src/cluster/meta_control.cpp.o
[ 73%] Building CXX object CMakeFiles/keylane_module.dir/src/logging.cpp.o
[ 73%] Building CXX object CMakeFiles/keylane_module.dir/src/cluster/meta_client.cpp.o
[ 73%] Building CXX object CMakeFiles/keylane_module.dir/src/cluster/topology.cpp.o
[ 73%] Building CXX object CMakeFiles/keylane_module.dir/src/cluster/node_control.cpp.o
[ 73%] Building CXX object CMakeFiles/keylane_module.dir/src/storage/engine/backup.cpp.o
[ 73%] Building CXX object CMakeFiles/keylane_module.dir/src/storage/engine/alloc.cpp.o
[ 73%] Building CXX object CMakeFiles/keylane_module.dir/src/config.cpp.o
/mnt/dev/keylane-main-publish-20260914/src/config.cpp:756:29: warning: result of comparison of constant 2199023255551 with expression of type 'const unsigned int' is always false [-Wtautological-constant-out-of-range-compare]
  756 |   if (options.thread_count_ > std::numeric_limits<std::size_t>::max() /
      |       ~~~~~~~~~~~~~~~~~~~~~ ^ ~~~~~~~~~~~~~~~~~~~~~~~~~~~~~~~~~~~~~~~~~
  757 |                                   storage::kStorageBlockBytes ||
      |                                   ~~~~~~~~~~~~~~~~~~~~~~~~~~~
[ 73%] Building CXX object CMakeFiles/keylane_module.dir/src/storage/engine/checkpoint.cpp.o
[ 73%] Building CXX object CMakeFiles/keylane_module.dir/src/storage/engine/compact_api.cpp.o
[ 75%] Building CXX object CMakeFiles/keylane_module.dir/src/storage/engine/defrag.cpp.o
[ 75%] Building CXX object CMakeFiles/keylane_module.dir/src/storage/engine/expire.cpp.o
[ 75%] Building CXX object CMakeFiles/keylane_module.dir/src/storage/engine/flush.cpp.o
1 warning generated.
[ 75%] Building CXX object CMakeFiles/keylane_module.dir/src/storage/engine/flush_db.cpp.o
/mnt/dev/keylane-main-publish-20260914/src/storage/engine/checkpoint.cpp:1303:17: warning: variable 'device_linear_begin' set but not used [-Wunused-but-set-variable]
 1303 |   std::uint64_t device_linear_begin = 0;
      |                 ^
[ 76%] Building CXX object CMakeFiles/keylane_module.dir/src/storage/engine/hash_api.cpp.o
[ 76%] Building CXX object CMakeFiles/keylane_module.dir/src/storage/engine/hash_codec.cpp.o
[ 76%] Building CXX object CMakeFiles/keylane_module.dir/src/storage/engine/grouped_hash.cpp.o
[ 76%] Building CXX object CMakeFiles/keylane_module.dir/src/storage/engine/grouped_collection.cpp.o
[ 76%] Building CXX object CMakeFiles/keylane_module.dir/src/storage/engine/grouped_sorted_rewrite.cpp.o
[ 78%] Building CXX object CMakeFiles/keylane_module.dir/src/storage/engine/ordered_compact_codec.cpp.o
1 warning generated.
[ 78%] Building CXX object CMakeFiles/keylane_module.dir/src/storage/engine/collection_compact_stream.cpp.o
[ 78%] Building CXX object CMakeFiles/keylane_module.dir/src/storage/engine/grouped_replication_source.cpp.o
[ 78%] Building CXX object CMakeFiles/keylane_module.dir/src/storage/engine/grouped_write.cpp.o
[ 78%] Building CXX object CMakeFiles/keylane_module.dir/src/storage/engine/grouped_read.cpp.o
[ 80%] Building CXX object CMakeFiles/keylane_module.dir/src/storage/engine/grouped_ordered_io.cpp.o
[ 80%] Building CXX object CMakeFiles/keylane_module.dir/src/storage/engine/grouped_list.cpp.o
[ 80%] Building CXX object CMakeFiles/keylane_module.dir/src/storage/engine/grouped_zset.cpp.o
[ 80%] Building CXX object CMakeFiles/keylane_module.dir/src/storage/engine/grouped_zset_members.cpp.o
[ 80%] Building CXX object CMakeFiles/keylane_module.dir/src/storage/engine/grouped_hash_random.cpp.o
[ 81%] Building CXX object CMakeFiles/keylane_module.dir/src/storage/engine/sorted_set_api.cpp.o
[ 81%] Building CXX object CMakeFiles/keylane_module.dir/src/storage/engine/transfer_api.cpp.o
[ 81%] Building CXX object CMakeFiles/keylane_module.dir/src/storage/engine/grouped_restore.cpp.o
/mnt/dev/keylane-main-publish-20260914/src/storage/engine/grouped_write.cpp:104:3: warning: missing field 'prepare_root_' initializer [-Wmissing-field-initializers]
  104 |   };
      |   ^
[ 81%] Building CXX object CMakeFiles/keylane_module.dir/src/storage/engine/collection_ingest.cpp.o
[ 81%] Building CXX object CMakeFiles/keylane_module.dir/src/storage/engine/grouped_mutation.cpp.o
[ 83%] Building CXX object CMakeFiles/keylane_module.dir/src/storage/engine/grouped_ordered_mutation.cpp.o
[ 83%] Building CXX object CMakeFiles/keylane_module.dir/src/storage/engine/grouped_metadata.cpp.o
1 warning generated.
[ 83%] Building CXX object CMakeFiles/keylane_module.dir/src/storage/engine/replica_collection.cpp.o
/mnt/dev/keylane-main-publish-20260914/src/storage/engine/grouped_mutation.cpp:67:50: warning: missing field 'value_' initializer [-Wmissing-field-initializers]
   67 |                                         .id_ = id})
      |                                                  ^
/mnt/dev/keylane-main-publish-20260914/src/storage/engine/grouped_mutation.cpp:97:47: warning: missing field 'value_' initializer [-Wmissing-field-initializers]
   97 |                               .retired_ = true});
      |                                               ^
[ 83%] Building CXX object CMakeFiles/keylane_module.dir/src/storage/engine/grouped_lifecycle.cpp.o
[ 84%] Building CXX object CMakeFiles/keylane_module.dir/src/storage/engine/grouped_object_index.cpp.o
[ 84%] Building CXX object CMakeFiles/keylane_module.dir/src/storage/engine/hash_tree.cpp.o
[ 84%] Building CXX object CMakeFiles/keylane_module.dir/src/storage/engine/init.cpp.o
[ 84%] Building CXX object CMakeFiles/keylane_module.dir/src/storage/engine/list_api.cpp.o
[ 84%] Building CXX object CMakeFiles/keylane_module.dir/src/storage/engine/list_tree.cpp.o
[ 86%] Building CXX object CMakeFiles/keylane_module.dir/src/storage/engine/metrics.cpp.o
2 warnings generated.
[ 86%] Building CXX object CMakeFiles/keylane_module.dir/src/storage/engine/read.cpp.o
[ 86%] Building CXX object CMakeFiles/keylane_module.dir/src/storage/engine/recovery.cpp.o
[ 86%] Building CXX object CMakeFiles/keylane_module.dir/src/storage/engine/replication.cpp.o
/mnt/dev/keylane-main-publish-20260914/src/storage/engine/recovery.cpp:340:17: warning: variable 'device_linear_begin' set but not used [-Wunused-but-set-variable]
  340 |   std::uint64_t device_linear_begin = 0;
      |                 ^
[ 86%] Building CXX object CMakeFiles/keylane_module.dir/src/storage/engine/replication_log.cpp.o
/mnt/dev/keylane-main-publish-20260914/src/storage/engine/replication.cpp:149:11: warning: missing field 'collection_' initializer [-Wmissing-field-initializers]
  149 |           });
      |           ^
[ 87%] Building CXX object CMakeFiles/keylane_module.dir/src/storage/engine/system_state.cpp.o
[ 87%] Building CXX object CMakeFiles/keylane_module.dir/src/storage/engine/tomb_raider.cpp.o
[ 87%] Building CXX object CMakeFiles/keylane_module.dir/src/storage/engine/tx_cleaner.cpp.o
[ 87%] Building CXX object CMakeFiles/keylane_module.dir/src/storage/engine/write.cpp.o
[ 87%] Building CXX object CMakeFiles/keylane_module.dir/src/storage/format.cpp.o
[ 89%] Building CXX object CMakeFiles/keylane_module.dir/src/memory.cpp.o
1 warning generated.
[ 89%] Building CXX object CMakeFiles/keylane_module.dir/src/metrics.cpp.o
[ 89%] Building CXX object CMakeFiles/keylane_module.dir/src/replication/command.cpp.o
[ 89%] Building CXX object CMakeFiles/keylane_module.dir/src/replication/replica_applied_frontier.cpp.o
[ 89%] Building CXX object CMakeFiles/keylane_module.dir/src/replication/replication_group.cpp.o
[ 90%] Building CXX object CMakeFiles/keylane_module.dir/src/replication/replication.cpp.o
[ 90%] Building CXX object CMakeFiles/keylane_module.dir/src/redis/resp.cpp.o
[ 90%] Building CXX object CMakeFiles/keylane_module.dir/src/redis/rdb.cpp.o
[ 90%] Building CXX object CMakeFiles/keylane_module.dir/src/redis/rdb_collection.cpp.o
[ 92%] Building CXX object CMakeFiles/keylane_module.dir/src/redis/rdb_import.cpp.o
[ 92%] Building CXX object CMakeFiles/keylane_module.dir/src/redis/backup.cpp.o
/mnt/dev/keylane-main-publish-20260914/src/replication/replication.cpp:1154:48: warning: unused parameter 'owner' [-Wunused-parameter]
 1154 |   bool TryPush(std::string* fragment, unsigned owner) {
      |                                                ^
[ 92%] Building CXX object CMakeFiles/keylane_module.dir/src/redis/blocking_wait.cpp.o
1 warning generated.
[ 92%] Building CXX object CMakeFiles/keylane_module.dir/src/redis/cluster_command.cpp.o
[ 92%] Building CXX object CMakeFiles/keylane_module.dir/src/redis/command.cpp.o
/mnt/dev/keylane-main-publish-20260914/src/redis/backup.cpp:66:26: warning: unused parameter 'owner' [-Wunused-parameter]
   66 |   void EndEntry(unsigned owner) {
      |                          ^
[ 93%] Building CXX object CMakeFiles/keylane_module.dir/src/redis/function_catalog.cpp.o
[ 93%] Building CXX object CMakeFiles/keylane_module.dir/src/redis/hash_command.cpp.o
[ 93%] Building CXX object CMakeFiles/keylane_module.dir/src/redis/list_command.cpp.o
[ 93%] Building CXX object CMakeFiles/keylane_module.dir/src/redis/lua_eval.cpp.o
[ 93%] Building CXX object CMakeFiles/keylane_module.dir/src/redis/monitor.cpp.o
/mnt/dev/keylane-main-publish-20260914/src/replication/replication.cpp:158:16: warning: unused variable 'kHandshakeTimeout' [-Wunused-const-variable]
  158 | constexpr auto kHandshakeTimeout = std::chrono::seconds(10);
      |                ^~~~~~~~~~~~~~~~~
[ 95%] Building CXX object CMakeFiles/keylane_module.dir/src/redis/pubsub.cpp.o
[ 95%] Building CXX object CMakeFiles/keylane_module.dir/src/redis/set_command.cpp.o
1 warning generated.
[ 95%] Building CXX object CMakeFiles/keylane_module.dir/src/redis/slowlog.cpp.o
[ 95%] Building CXX object CMakeFiles/keylane_module.dir/src/redis/sort_command.cpp.o
[ 95%] Building CXX object CMakeFiles/keylane_module.dir/src/redis/string_command.cpp.o
[ 96%] Building CXX object CMakeFiles/keylane_module.dir/src/redis/stream_command.cpp.o
[ 96%] Building CXX object CMakeFiles/keylane_module.dir/src/redis/zset_command.cpp.o
[ 96%] Building CXX object CMakeFiles/keylane_module.dir/src/redis/command_table.cpp.o
[ 96%] Building CXX object CMakeFiles/keylane_module.dir/src/redis/server.cpp.o
[ 96%] Building CXX object CMakeFiles/keylane_module.dir/src/tx/tx_shard.cpp.o
[ 98%] Building CXX object CMakeFiles/keylane_module.dir/src/tx/transaction.cpp.o
/mnt/dev/keylane-main-publish-20260914/src/redis/zset_command.cpp:776:22: warning: lambda capture 'scale' is not required to be captured for this use [-Wunused-lambda-capture]
  776 |   auto normalized = [scale](double value, double minimum, double maximum) {
      |                      ^~~~~
/mnt/dev/keylane-main-publish-20260914/src/redis/zset_command.cpp:801:22: warning: lambda capture 'scale' is not required to be captured for this use [-Wunused-lambda-capture]
  801 |   auto normalized = [scale](double value, double minimum, double maximum) {
      |                      ^~~~~
2 warnings generated.
2 warnings generated.
[ 98%] Linking CXX static library libkeylane_module.a
[ 98%] Built target keylane_module
[ 98%] Building CXX object CMakeFiles/keylane.dir/app/keylane.cpp.o
[ 98%] Building CXX object CMakeFiles/keylane.dir/app/mimalloc_new_delete.cpp.o
/mnt/dev/keylane-main-publish-20260914/app/keylane.cpp:372:21: warning: result of comparison of constant 18014398509481983 with expression of type 'unsigned int' is always false [-Wtautological-constant-out-of-range-compare]
  372 |       flush_size_kb > std::numeric_limits<std::size_t>::max() / kKiB) {
      |       ~~~~~~~~~~~~~ ^ ~~~~~~~~~~~~~~~~~~~~~~~~~~~~~~~~~~~~~~~~~~~~~~
/mnt/dev/keylane-main-publish-20260914/app/keylane.cpp:371:30: warning: result of comparison of constant 18014398509481983 with expression of type 'unsigned int' is always false [-Wtautological-constant-out-of-range-compare]
  371 |       storage_read_buffer_kb > std::numeric_limits<std::size_t>::max() / kKiB ||
      |       ~~~~~~~~~~~~~~~~~~~~~~ ^ ~~~~~~~~~~~~~~~~~~~~~~~~~~~~~~~~~~~~~~~~~~~~~~
/mnt/dev/keylane-main-publish-20260914/app/keylane.cpp:369:36: warning: result of comparison of constant 17592186044415 with expression of type 'unsigned int' is always false [-Wtautological-constant-out-of-range-compare]
  369 |       replication_publish_queue_mb >
      |       ~~~~~~~~~~~~~~~~~~~~~~~~~~~~ ^
  370 |           std::numeric_limits<std::size_t>::max() / kMiB ||
      |           ~~~~~~~~~~~~~~~~~~~~~~~~~~~~~~~~~~~~~~~~~~~~~~
/mnt/dev/keylane-main-publish-20260914/app/keylane.cpp:368:28: warning: result of comparison of constant 17592186044415 with expression of type 'unsigned int' is always false [-Wtautological-constant-out-of-range-compare]
  368 |   if (registered_buffer_mb > std::numeric_limits<std::size_t>::max() / kMiB ||
      |       ~~~~~~~~~~~~~~~~~~~~ ^ ~~~~~~~~~~~~~~~~~~~~~~~~~~~~~~~~~~~~~~~~~~~~~~
4 warnings generated.
[100%] Linking CXX executable keylane
[100%] Built target keylane
57986c5a42dc8b1b74ec1725d1ea8b4cb2f8151451caa16d4261264e2b4c494d  /mnt/dev/keylane-dfly-flush-spdk-20260914.sNjwQC/build/keylane
