Connecting to 1 shard cluster
Running 16 threads, sending 1562500 requests per each connection, or 1000000000 requests overall without throttling
Coordinated omission mode - the rate is determined by the server
5s: 0.2% done, RPS(now/agg): 463663/463663, errs: 0, hitrate: 0.0%, clients: 640
done_min: 0.05%, done_max: 0.36%, p99_lat(us): 13482, max_pending: 1
10s: 0.5% done, RPS(now/agg): 437516/450590, errs: 0, hitrate: 0.0%, clients: 640
done_min: 0.10%, done_max: 0.71%, p99_lat(us): 15775, max_pending: 1
15s: 0.7% done, RPS(now/agg): 450985/450691, errs: 0, hitrate: 0.0%, clients: 640
done_min: 0.15%, done_max: 1.05%, p99_lat(us): 13654, max_pending: 1
20s: 0.9% done, RPS(now/agg): 464295/454092, errs: 0, hitrate: 0.0%, clients: 640
done_min: 0.21%, done_max: 1.40%, p99_lat(us): 13733, max_pending: 1
25s: 1.1% done, RPS(now/agg): 435153/450286, errs: 0, hitrate: 0.0%, clients: 640
done_min: 0.26%, done_max: 1.71%, p99_lat(us): 13657, max_pending: 1
30s: 1.4% done, RPS(now/agg): 465889/452871, errs: 0, hitrate: 0.0%, clients: 640
done_min: 0.31%, done_max: 2.07%, p99_lat(us): 13713, max_pending: 1
35s: 1.6% done, RPS(now/agg): 460744/453983, errs: 0, hitrate: 0.0%, clients: 640
done_min: 0.36%, done_max: 2.43%, p99_lat(us): 14043, max_pending: 1
40s: 1.8% done, RPS(now/agg): 407750/448204, errs: 0, hitrate: 0.0%, clients: 640
done_min: 0.42%, done_max: 2.76%, p99_lat(us): 22240, max_pending: 1
45s: 2.0% done, RPS(now/agg): 409231/443865, errs: 0, hitrate: 0.0%, clients: 640
done_min: 0.47%, done_max: 3.07%, p99_lat(us): 15406, max_pending: 1
50s: 2.2% done, RPS(now/agg): 453703/444839, errs: 0, hitrate: 0.0%, clients: 640
done_min: 0.52%, done_max: 3.39%, p99_lat(us): 14339, max_pending: 1
55s: 2.5% done, RPS(now/agg): 471029/447220, errs: 0, hitrate: 0.0%, clients: 640
done_min: 0.58%, done_max: 3.76%, p99_lat(us): 13447, max_pending: 1
60s: 2.7% done, RPS(now/agg): 466490/448819, errs: 0, hitrate: 0.0%, clients: 640
done_min: 0.63%, done_max: 4.12%, p99_lat(us): 13631, max_pending: 1
65s: 2.9% done, RPS(now/agg): 464908/450049, errs: 0, hitrate: 0.0%, clients: 640
done_min: 0.68%, done_max: 4.46%, p99_lat(us): 13439, max_pending: 1
70s: 3.2% done, RPS(now/agg): 461381/450852, errs: 0, hitrate: 0.0%, clients: 640
done_min: 0.73%, done_max: 4.83%, p99_lat(us): 13748, max_pending: 1
75s: 3.4% done, RPS(now/agg): 451311/450877, errs: 0, hitrate: 0.0%, clients: 640
done_min: 0.78%, done_max: 5.18%, p99_lat(us): 14414, max_pending: 1
80s: 3.6% done, RPS(now/agg): 453596/451047, errs: 0, hitrate: 0.0%, clients: 640
done_min: 0.84%, done_max: 5.54%, p99_lat(us): 14045, max_pending: 1
85s: 3.8% done, RPS(now/agg): 304773/442438, errs: 0, hitrate: 0.0%, clients: 640
done_min: 0.91%, done_max: 5.80%, p99_lat(us): 38408, max_pending: 1
90s: 4.0% done, RPS(now/agg): 382997/439136, errs: 0, hitrate: 0.0%, clients: 640
done_min: 0.95%, done_max: 6.07%, p99_lat(us): 15891, max_pending: 1
95s: 4.2% done, RPS(now/agg): 437617/439056, errs: 0, hitrate: 0.0%, clients: 640
done_min: 1.00%, done_max: 6.40%, p99_lat(us): 14717, max_pending: 1
100s: 4.4% done, RPS(now/agg): 468012/440499, errs: 0, hitrate: 0.0%, clients: 640
done_min: 1.06%, done_max: 6.75%, p99_lat(us): 13446, max_pending: 1
105s: 4.6% done, RPS(now/agg): 466134/441720, errs: 0, hitrate: 0.0%, clients: 640
done_min: 1.10%, done_max: 7.11%, p99_lat(us): 13823, max_pending: 1
110s: 4.8% done, RPS(now/agg): 416114/440556, errs: 0, hitrate: 0.0%, clients: 640
done_min: 1.16%, done_max: 7.45%, p99_lat(us): 20960, max_pending: 1
115s: 5.1% done, RPS(now/agg): 461495/441467, errs: 0, hitrate: 0.0%, clients: 640
done_min: 1.21%, done_max: 7.80%, p99_lat(us): 13943, max_pending: 1
120s: 5.3% done, RPS(now/agg): 453148/441950, errs: 0, hitrate: 0.0%, clients: 640
done_min: 1.27%, done_max: 8.14%, p99_lat(us): 13992, max_pending: 1
125s: 5.5% done, RPS(now/agg): 455583/442495, errs: 0, hitrate: 0.0%, clients: 640
done_min: 1.31%, done_max: 8.48%, p99_lat(us): 15255, max_pending: 1
130s: 5.8% done, RPS(now/agg): 457182/443060, errs: 0, hitrate: 0.0%, clients: 640
done_min: 1.37%, done_max: 8.84%, p99_lat(us): 13996, max_pending: 1
135s: 6.0% done, RPS(now/agg): 455483/443517, errs: 0, hitrate: 0.0%, clients: 640
done_min: 1.42%, done_max: 9.20%, p99_lat(us): 14765, max_pending: 1
140s: 6.2% done, RPS(now/agg): 459940/444103, errs: 0, hitrate: 0.0%, clients: 640
done_min: 1.48%, done_max: 9.55%, p99_lat(us): 14697, max_pending: 1
145s: 6.4% done, RPS(now/agg): 458113/444583, errs: 0, hitrate: 0.0%, clients: 640
done_min: 1.53%, done_max: 9.89%, p99_lat(us): 13999, max_pending: 1
150s: 6.7% done, RPS(now/agg): 451678/444820, errs: 0, hitrate: 0.0%, clients: 640
done_min: 1.58%, done_max: 10.24%, p99_lat(us): 14688, max_pending: 1
155s: 6.9% done, RPS(now/agg): 439687/444651, errs: 0, hitrate: 0.0%, clients: 640
done_min: 1.64%, done_max: 10.59%, p99_lat(us): 16168, max_pending: 1
160s: 7.3% done, RPS(now/agg): 783074/455227, errs: 0, hitrate: 0.0%, clients: 640
done_min: 1.94%, done_max: 11.06%, p99_lat(us): 7460, max_pending: 1
165s: 7.7% done, RPS(now/agg): 800820/465699, errs: 0, hitrate: 0.0%, clients: 640
done_min: 2.31%, done_max: 11.49%, p99_lat(us): 4015, max_pending: 1
170s: 8.1% done, RPS(now/agg): 754186/474183, errs: 0, hitrate: 0.0%, clients: 640
done_min: 2.65%, done_max: 11.90%, p99_lat(us): 4306, max_pending: 1
175s: 8.6% done, RPS(now/agg): 1010950/489520, errs: 0, hitrate: 0.0%, clients: 640
done_min: 3.11%, done_max: 12.46%, p99_lat(us): 3055, max_pending: 1
180s: 9.1% done, RPS(now/agg): 966222/502763, errs: 0, hitrate: 0.0%, clients: 640
done_min: 3.54%, done_max: 13.00%, p99_lat(us): 3482, max_pending: 1
185s: 9.6% done, RPS(now/agg): 1011251/516506, errs: 0, hitrate: 0.0%, clients: 640
done_min: 4.00%, done_max: 13.56%, p99_lat(us): 3108, max_pending: 1
190s: 10.1% done, RPS(now/agg): 1008557/529456, errs: 0, hitrate: 0.0%, clients: 640
done_min: 4.45%, done_max: 14.12%, p99_lat(us): 3158, max_pending: 1
195s: 10.5% done, RPS(now/agg): 973665/540845, errs: 0, hitrate: 0.0%, clients: 640
done_min: 4.89%, done_max: 14.66%, p99_lat(us): 3490, max_pending: 1
200s: 11.1% done, RPS(now/agg): 1006221/552481, errs: 0, hitrate: 0.0%, clients: 640
done_min: 5.34%, done_max: 15.21%, p99_lat(us): 3244, max_pending: 1
205s: 11.6% done, RPS(now/agg): 999453/563385, errs: 0, hitrate: 0.0%, clients: 640
done_min: 5.80%, done_max: 15.76%, p99_lat(us): 3330, max_pending: 1
210s: 12.1% done, RPS(now/agg): 998745/573752, errs: 0, hitrate: 0.0%, clients: 640
done_min: 6.25%, done_max: 16.30%, p99_lat(us): 3420, max_pending: 1
215s: 12.5% done, RPS(now/agg): 869054/580619, errs: 0, hitrate: 0.0%, clients: 640
done_min: 6.65%, done_max: 16.77%, p99_lat(us): 4049, max_pending: 1
220s: 13.0% done, RPS(now/agg): 988501/589890, errs: 0, hitrate: 0.0%, clients: 640
done_min: 7.09%, done_max: 17.33%, p99_lat(us): 3512, max_pending: 1
225s: 13.5% done, RPS(now/agg): 984843/598668, errs: 0, hitrate: 0.0%, clients: 640
done_min: 7.53%, done_max: 17.88%, p99_lat(us): 3686, max_pending: 1
230s: 14.0% done, RPS(now/agg): 982501/607014, errs: 0, hitrate: 0.0%, clients: 640
done_min: 7.99%, done_max: 18.42%, p99_lat(us): 3603, max_pending: 1
235s: 14.5% done, RPS(now/agg): 973524/614811, errs: 0, hitrate: 0.0%, clients: 640
done_min: 8.43%, done_max: 18.96%, p99_lat(us): 3769, max_pending: 1
240s: 14.9% done, RPS(now/agg): 900179/620758, errs: 0, hitrate: 0.0%, clients: 640
done_min: 8.83%, done_max: 19.47%, p99_lat(us): 4129, max_pending: 1
245s: 15.3% done, RPS(now/agg): 707074/622517, errs: 0, hitrate: 0.0%, clients: 640
done_min: 9.15%, done_max: 19.87%, p99_lat(us): 5102, max_pending: 1
250s: 15.6% done, RPS(now/agg): 644316/622953, errs: 0, hitrate: 0.0%, clients: 640
done_min: 9.44%, done_max: 20.23%, p99_lat(us): 5555, max_pending: 1
255s: 15.9% done, RPS(now/agg): 721555/624886, errs: 0, hitrate: 0.0%, clients: 640
done_min: 9.77%, done_max: 20.63%, p99_lat(us): 4479, max_pending: 1
260s: 16.4% done, RPS(now/agg): 957215/631275, errs: 0, hitrate: 0.0%, clients: 640
done_min: 10.20%, done_max: 21.15%, p99_lat(us): 3340, max_pending: 1
265s: 16.9% done, RPS(now/agg): 1004368/638313, errs: 0, hitrate: 0.0%, clients: 640
done_min: 10.66%, done_max: 21.69%, p99_lat(us): 3214, max_pending: 1
270s: 17.4% done, RPS(now/agg): 993495/644892, errs: 0, hitrate: 0.0%, clients: 640
done_min: 11.11%, done_max: 22.23%, p99_lat(us): 3199, max_pending: 1
275s: 17.9% done, RPS(now/agg): 1006374/651463, errs: 0, hitrate: 0.0%, clients: 640
done_min: 11.57%, done_max: 22.78%, p99_lat(us): 3318, max_pending: 1
280s: 18.4% done, RPS(now/agg): 1002598/657733, errs: 0, hitrate: 0.0%, clients: 640
done_min: 12.03%, done_max: 23.32%, p99_lat(us): 3292, max_pending: 1
285s: 18.9% done, RPS(now/agg): 994406/663638, errs: 0, hitrate: 0.0%, clients: 640
done_min: 12.49%, done_max: 23.88%, p99_lat(us): 3412, max_pending: 1
290s: 19.4% done, RPS(now/agg): 1001584/669465, errs: 0, hitrate: 0.0%, clients: 640
done_min: 12.94%, done_max: 24.43%, p99_lat(us): 3348, max_pending: 1
295s: 19.9% done, RPS(now/agg): 1001612/675093, errs: 0, hitrate: 0.0%, clients: 640
done_min: 13.40%, done_max: 24.98%, p99_lat(us): 3411, max_pending: 1
300s: 20.4% done, RPS(now/agg): 981787/680203, errs: 0, hitrate: 0.0%, clients: 640
done_min: 13.85%, done_max: 25.52%, p99_lat(us): 3545, max_pending: 1
305s: 20.9% done, RPS(now/agg): 995071/685366, errs: 0, hitrate: 0.0%, clients: 640
done_min: 14.30%, done_max: 26.07%, p99_lat(us): 3457, max_pending: 1
310s: 21.4% done, RPS(now/agg): 998444/690417, errs: 0, hitrate: 0.0%, clients: 640
done_min: 14.76%, done_max: 26.63%, p99_lat(us): 3500, max_pending: 1
315s: 21.9% done, RPS(now/agg): 994740/695247, errs: 0, hitrate: 0.0%, clients: 640
done_min: 15.22%, done_max: 27.17%, p99_lat(us): 3542, max_pending: 1
320s: 22.4% done, RPS(now/agg): 992942/699899, errs: 0, hitrate: 0.0%, clients: 640
done_min: 15.67%, done_max: 27.72%, p99_lat(us): 3543, max_pending: 1
325s: 22.9% done, RPS(now/agg): 936002/703532, errs: 0, hitrate: 0.0%, clients: 640
done_min: 16.08%, done_max: 28.25%, p99_lat(us): 3926, max_pending: 1
330s: 23.4% done, RPS(now/agg): 985045/707796, errs: 0, hitrate: 0.0%, clients: 640
done_min: 16.53%, done_max: 28.78%, p99_lat(us): 3564, max_pending: 1
335s: 23.9% done, RPS(now/agg): 989699/712006, errs: 0, hitrate: 0.0%, clients: 640
done_min: 16.97%, done_max: 29.34%, p99_lat(us): 3611, max_pending: 1
340s: 24.4% done, RPS(now/agg): 988269/716067, errs: 0, hitrate: 0.0%, clients: 640
done_min: 17.43%, done_max: 29.89%, p99_lat(us): 3688, max_pending: 1
345s: 24.8% done, RPS(now/agg): 973437/719798, errs: 0, hitrate: 0.0%, clients: 640
done_min: 17.86%, done_max: 30.43%, p99_lat(us): 3857, max_pending: 1
350s: 25.3% done, RPS(now/agg): 989079/723646, errs: 0, hitrate: 0.0%, clients: 640
done_min: 18.31%, done_max: 30.98%, p99_lat(us): 3678, max_pending: 1
355s: 25.8% done, RPS(now/agg): 925207/726484, errs: 0, hitrate: 0.0%, clients: 640
done_min: 18.72%, done_max: 31.50%, p99_lat(us): 4090, max_pending: 1
360s: 26.3% done, RPS(now/agg): 978640/729984, errs: 0, hitrate: 0.0%, clients: 640
done_min: 19.16%, done_max: 32.05%, p99_lat(us): 3878, max_pending: 1
365s: 26.8% done, RPS(now/agg): 971678/733294, errs: 0, hitrate: 0.0%, clients: 640
done_min: 19.59%, done_max: 32.59%, p99_lat(us): 3849, max_pending: 1
370s: 27.3% done, RPS(now/agg): 969246/736483, errs: 0, hitrate: 0.0%, clients: 640
done_min: 20.03%, done_max: 33.13%, p99_lat(us): 3905, max_pending: 1
375s: 27.7% done, RPS(now/agg): 969494/739590, errs: 0, hitrate: 0.0%, clients: 640
done_min: 20.47%, done_max: 33.66%, p99_lat(us): 3946, max_pending: 1
380s: 28.2% done, RPS(now/agg): 960424/742495, errs: 0, hitrate: 0.0%, clients: 640
done_min: 20.91%, done_max: 34.18%, p99_lat(us): 4055, max_pending: 1
385s: 28.7% done, RPS(now/agg): 960560/745325, errs: 0, hitrate: 0.0%, clients: 640
done_min: 21.35%, done_max: 34.71%, p99_lat(us): 3979, max_pending: 1
390s: 29.2% done, RPS(now/agg): 948389/747929, errs: 0, hitrate: 0.0%, clients: 640
done_min: 21.78%, done_max: 35.23%, p99_lat(us): 4236, max_pending: 1
395s: 29.6% done, RPS(now/agg): 920415/750113, errs: 0, hitrate: 0.0%, clients: 640
done_min: 22.20%, done_max: 35.73%, p99_lat(us): 4320, max_pending: 1
400s: 30.0% done, RPS(now/agg): 710520/749618, errs: 0, hitrate: 0.0%, clients: 640
done_min: 22.49%, done_max: 36.14%, p99_lat(us): 5395, max_pending: 1
405s: 30.3% done, RPS(now/agg): 679720/748753, errs: 0, hitrate: 0.0%, clients: 640
done_min: 22.78%, done_max: 36.52%, p99_lat(us): 5569, max_pending: 1
410s: 30.7% done, RPS(now/agg): 625247/747247, errs: 0, hitrate: 0.0%, clients: 640
done_min: 23.06%, done_max: 36.90%, p99_lat(us): 5995, max_pending: 1
415s: 31.0% done, RPS(now/agg): 610640/745599, errs: 0, hitrate: 0.0%, clients: 640
done_min: 23.33%, done_max: 37.25%, p99_lat(us): 5988, max_pending: 1
420s: 31.3% done, RPS(now/agg): 623682/744147, errs: 0, hitrate: 0.0%, clients: 640
done_min: 23.60%, done_max: 37.58%, p99_lat(us): 5533, max_pending: 1
425s: 31.6% done, RPS(now/agg): 669250/743266, errs: 0, hitrate: 0.0%, clients: 640
done_min: 23.91%, done_max: 37.94%, p99_lat(us): 5136, max_pending: 1
430s: 32.0% done, RPS(now/agg): 760500/743465, errs: 0, hitrate: 0.0%, clients: 640
done_min: 24.28%, done_max: 38.34%, p99_lat(us): 4437, max_pending: 1
435s: 32.5% done, RPS(now/agg): 934520/745662, errs: 0, hitrate: 0.0%, clients: 640
done_min: 24.71%, done_max: 38.83%, p99_lat(us): 3668, max_pending: 1
440s: 32.9% done, RPS(now/agg): 989386/748432, errs: 0, hitrate: 0.0%, clients: 640
done_min: 25.16%, done_max: 39.38%, p99_lat(us): 3609, max_pending: 1
445s: 33.4% done, RPS(now/agg): 993185/751181, errs: 0, hitrate: 0.0%, clients: 640
done_min: 25.62%, done_max: 39.93%, p99_lat(us): 3444, max_pending: 1
450s: 33.9% done, RPS(now/agg): 994098/753881, errs: 0, hitrate: 0.0%, clients: 640
done_min: 26.07%, done_max: 40.47%, p99_lat(us): 3540, max_pending: 1
455s: 34.4% done, RPS(now/agg): 993639/756515, errs: 0, hitrate: 0.0%, clients: 640
done_min: 26.53%, done_max: 41.02%, p99_lat(us): 3622, max_pending: 1
460s: 34.9% done, RPS(now/agg): 993056/759087, errs: 0, hitrate: 0.0%, clients: 640
done_min: 26.98%, done_max: 41.57%, p99_lat(us): 3534, max_pending: 1
465s: 35.4% done, RPS(now/agg): 987912/761547, errs: 0, hitrate: 0.0%, clients: 640
done_min: 27.43%, done_max: 42.12%, p99_lat(us): 3660, max_pending: 1
470s: 35.9% done, RPS(now/agg): 944758/763495, errs: 0, hitrate: 0.0%, clients: 640
done_min: 27.86%, done_max: 42.65%, p99_lat(us): 4024, max_pending: 1
475s: 36.4% done, RPS(now/agg): 993862/765920, errs: 0, hitrate: 0.0%, clients: 640
done_min: 28.31%, done_max: 43.20%, p99_lat(us): 3610, max_pending: 1
480s: 36.9% done, RPS(now/agg): 989617/768249, errs: 0, hitrate: 0.0%, clients: 640
done_min: 28.76%, done_max: 43.73%, p99_lat(us): 3546, max_pending: 1
485s: 37.4% done, RPS(now/agg): 977802/770410, errs: 0, hitrate: 0.0%, clients: 640
done_min: 29.21%, done_max: 44.28%, p99_lat(us): 3642, max_pending: 1
490s: 37.9% done, RPS(now/agg): 984003/772589, errs: 0, hitrate: 0.0%, clients: 640
done_min: 29.66%, done_max: 44.82%, p99_lat(us): 3652, max_pending: 1
495s: 38.4% done, RPS(now/agg): 983290/774716, errs: 0, hitrate: 0.0%, clients: 640
done_min: 30.11%, done_max: 45.36%, p99_lat(us): 3609, max_pending: 1
500s: 38.8% done, RPS(now/agg): 952068/776489, errs: 0, hitrate: 0.0%, clients: 640
done_min: 30.54%, done_max: 45.88%, p99_lat(us): 3862, max_pending: 1
505s: 39.3% done, RPS(now/agg): 980708/778511, errs: 0, hitrate: 0.0%, clients: 640
done_min: 30.99%, done_max: 46.42%, p99_lat(us): 3741, max_pending: 1
510s: 39.8% done, RPS(now/agg): 979475/780483, errs: 0, hitrate: 0.0%, clients: 640
done_min: 31.43%, done_max: 46.97%, p99_lat(us): 3673, max_pending: 1
515s: 40.3% done, RPS(now/agg): 949921/782127, errs: 0, hitrate: 0.0%, clients: 640
done_min: 31.85%, done_max: 47.52%, p99_lat(us): 3883, max_pending: 1
520s: 40.8% done, RPS(now/agg): 980810/784036, errs: 0, hitrate: 0.0%, clients: 640
done_min: 32.30%, done_max: 48.05%, p99_lat(us): 3698, max_pending: 1
525s: 41.3% done, RPS(now/agg): 974493/785851, errs: 0, hitrate: 0.0%, clients: 640
done_min: 32.74%, done_max: 48.59%, p99_lat(us): 3733, max_pending: 1
530s: 41.8% done, RPS(now/agg): 978337/787668, errs: 0, hitrate: 0.0%, clients: 640
done_min: 33.18%, done_max: 49.14%, p99_lat(us): 3742, max_pending: 1
535s: 42.3% done, RPS(now/agg): 985616/789516, errs: 0, hitrate: 0.0%, clients: 640
done_min: 33.63%, done_max: 49.69%, p99_lat(us): 3773, max_pending: 1
540s: 42.8% done, RPS(now/agg): 979750/791277, errs: 0, hitrate: 0.0%, clients: 640
done_min: 34.07%, done_max: 50.24%, p99_lat(us): 3814, max_pending: 1
545s: 43.2% done, RPS(now/agg): 982292/793030, errs: 0, hitrate: 0.0%, clients: 640
done_min: 34.52%, done_max: 50.78%, p99_lat(us): 3715, max_pending: 1
550s: 43.7% done, RPS(now/agg): 935159/794321, errs: 0, hitrate: 0.0%, clients: 640
done_min: 34.94%, done_max: 51.30%, p99_lat(us): 4137, max_pending: 1
555s: 44.2% done, RPS(now/agg): 984357/796035, errs: 0, hitrate: 0.0%, clients: 640
done_min: 35.38%, done_max: 51.84%, p99_lat(us): 3702, max_pending: 1
560s: 44.7% done, RPS(now/agg): 970161/797588, errs: 0, hitrate: 0.0%, clients: 640
done_min: 35.81%, done_max: 52.37%, p99_lat(us): 3896, max_pending: 1
565s: 45.2% done, RPS(now/agg): 976310/799169, errs: 0, hitrate: 0.0%, clients: 640
done_min: 36.25%, done_max: 52.91%, p99_lat(us): 3877, max_pending: 1
570s: 45.7% done, RPS(now/agg): 974140/800704, errs: 0, hitrate: 0.0%, clients: 640
done_min: 36.69%, done_max: 53.44%, p99_lat(us): 3913, max_pending: 1
575s: 46.2% done, RPS(now/agg): 975424/802223, errs: 0, hitrate: 0.0%, clients: 640
done_min: 37.13%, done_max: 53.99%, p99_lat(us): 3893, max_pending: 1
580s: 46.6% done, RPS(now/agg): 971522/803683, errs: 0, hitrate: 0.0%, clients: 640
done_min: 37.58%, done_max: 54.52%, p99_lat(us): 3918, max_pending: 1
585s: 47.1% done, RPS(now/agg): 969021/805095, errs: 0, hitrate: 0.0%, clients: 640
done_min: 38.01%, done_max: 55.04%, p99_lat(us): 3913, max_pending: 1
590s: 47.6% done, RPS(now/agg): 976497/806549, errs: 0, hitrate: 0.0%, clients: 640
done_min: 38.46%, done_max: 55.58%, p99_lat(us): 3980, max_pending: 1
595s: 48.1% done, RPS(now/agg): 969934/807921, errs: 0, hitrate: 0.0%, clients: 640
done_min: 38.90%, done_max: 56.12%, p99_lat(us): 4017, max_pending: 1
600s: 48.6% done, RPS(now/agg): 966570/809242, errs: 0, hitrate: 0.0%, clients: 640
done_min: 39.34%, done_max: 56.65%, p99_lat(us): 4036, max_pending: 1
605s: 49.0% done, RPS(now/agg): 924661/810195, errs: 0, hitrate: 0.0%, clients: 640
done_min: 39.75%, done_max: 57.16%, p99_lat(us): 4260, max_pending: 1
610s: 49.5% done, RPS(now/agg): 968651/811494, errs: 0, hitrate: 0.0%, clients: 640
done_min: 40.21%, done_max: 57.69%, p99_lat(us): 3972, max_pending: 1
615s: 50.0% done, RPS(now/agg): 963471/812728, errs: 0, hitrate: 0.0%, clients: 640
done_min: 40.64%, done_max: 58.22%, p99_lat(us): 4061, max_pending: 1
620s: 50.5% done, RPS(now/agg): 961028/813925, errs: 0, hitrate: 0.0%, clients: 640
done_min: 41.08%, done_max: 58.75%, p99_lat(us): 4069, max_pending: 1
625s: 51.0% done, RPS(now/agg): 956852/815067, errs: 0, hitrate: 0.0%, clients: 640
done_min: 41.52%, done_max: 59.27%, p99_lat(us): 4119, max_pending: 1
630s: 51.5% done, RPS(now/agg): 955448/816182, errs: 0, hitrate: 0.0%, clients: 640
done_min: 41.96%, done_max: 59.80%, p99_lat(us): 4213, max_pending: 1
635s: 51.9% done, RPS(now/agg): 963618/817342, errs: 0, hitrate: 0.0%, clients: 640
done_min: 42.39%, done_max: 60.33%, p99_lat(us): 4076, max_pending: 1
640s: 52.4% done, RPS(now/agg): 951034/818387, errs: 0, hitrate: 0.0%, clients: 640
done_min: 42.82%, done_max: 60.85%, p99_lat(us): 4150, max_pending: 1
645s: 52.9% done, RPS(now/agg): 957698/819468, errs: 0, hitrate: 0.0%, clients: 640
done_min: 43.25%, done_max: 61.38%, p99_lat(us): 4135, max_pending: 1
650s: 53.4% done, RPS(now/agg): 952845/820493, errs: 0, hitrate: 0.0%, clients: 640
done_min: 43.69%, done_max: 61.90%, p99_lat(us): 4200, max_pending: 1
655s: 53.8% done, RPS(now/agg): 949039/821475, errs: 0, hitrate: 0.0%, clients: 640
done_min: 44.11%, done_max: 62.42%, p99_lat(us): 4270, max_pending: 1
660s: 54.3% done, RPS(now/agg): 954750/822484, errs: 0, hitrate: 0.0%, clients: 640
done_min: 44.55%, done_max: 62.95%, p99_lat(us): 4257, max_pending: 1
665s: 54.8% done, RPS(now/agg): 945774/823411, errs: 0, hitrate: 0.0%, clients: 640
done_min: 44.98%, done_max: 63.47%, p99_lat(us): 4405, max_pending: 1
670s: 55.3% done, RPS(now/agg): 956525/824403, errs: 0, hitrate: 0.0%, clients: 640
done_min: 45.43%, done_max: 64.00%, p99_lat(us): 4240, max_pending: 1
675s: 55.7% done, RPS(now/agg): 917516/825094, errs: 0, hitrate: 0.0%, clients: 640
done_min: 45.85%, done_max: 64.52%, p99_lat(us): 4673, max_pending: 1
680s: 56.2% done, RPS(now/agg): 941709/825950, errs: 0, hitrate: 0.0%, clients: 640
done_min: 46.28%, done_max: 65.05%, p99_lat(us): 4424, max_pending: 1
685s: 56.7% done, RPS(now/agg): 941402/826793, errs: 0, hitrate: 0.0%, clients: 640
done_min: 46.70%, done_max: 65.56%, p99_lat(us): 4477, max_pending: 1
690s: 57.1% done, RPS(now/agg): 943896/827641, errs: 0, hitrate: 0.0%, clients: 640
done_min: 47.13%, done_max: 66.08%, p99_lat(us): 4515, max_pending: 1
695s: 57.6% done, RPS(now/agg): 951106/828530, errs: 0, hitrate: 0.0%, clients: 640
done_min: 47.56%, done_max: 66.62%, p99_lat(us): 4498, max_pending: 1
700s: 58.1% done, RPS(now/agg): 936128/829298, errs: 0, hitrate: 0.0%, clients: 640
done_min: 47.98%, done_max: 67.14%, p99_lat(us): 4629, max_pending: 1
705s: 58.6% done, RPS(now/agg): 934139/830040, errs: 0, hitrate: 0.0%, clients: 640
done_min: 48.40%, done_max: 67.65%, p99_lat(us): 4666, max_pending: 1
710s: 59.0% done, RPS(now/agg): 944771/830847, errs: 0, hitrate: 0.0%, clients: 640
done_min: 48.83%, done_max: 68.16%, p99_lat(us): 4633, max_pending: 1
715s: 59.5% done, RPS(now/agg): 846098/830954, errs: 0, hitrate: 0.0%, clients: 640
done_min: 49.21%, done_max: 68.63%, p99_lat(us): 4909, max_pending: 1
720s: 59.8% done, RPS(now/agg): 696897/830022, errs: 0, hitrate: 0.0%, clients: 640
done_min: 49.51%, done_max: 69.03%, p99_lat(us): 5676, max_pending: 1
725s: 60.1% done, RPS(now/agg): 639347/828705, errs: 0, hitrate: 0.0%, clients: 640
done_min: 49.78%, done_max: 69.40%, p99_lat(us): 6307, max_pending: 1
730s: 60.4% done, RPS(now/agg): 642010/827426, errs: 0, hitrate: 0.0%, clients: 640
done_min: 50.07%, done_max: 69.75%, p99_lat(us): 6032, max_pending: 1
735s: 60.8% done, RPS(now/agg): 642227/826166, errs: 0, hitrate: 0.0%, clients: 640
done_min: 50.35%, done_max: 70.11%, p99_lat(us): 5967, max_pending: 1
740s: 61.1% done, RPS(now/agg): 601703/824648, errs: 0, hitrate: 0.0%, clients: 640
done_min: 50.60%, done_max: 70.46%, p99_lat(us): 6416, max_pending: 1
745s: 61.4% done, RPS(now/agg): 569511/822935, errs: 0, hitrate: 0.0%, clients: 640
done_min: 50.85%, done_max: 70.79%, p99_lat(us): 6787, max_pending: 1
750s: 61.6% done, RPS(now/agg): 559176/821176, errs: 0, hitrate: 0.0%, clients: 640
done_min: 51.08%, done_max: 71.10%, p99_lat(us): 6945, max_pending: 1
755s: 61.9% done, RPS(now/agg): 574309/819539, errs: 0, hitrate: 0.0%, clients: 640
done_min: 51.34%, done_max: 71.42%, p99_lat(us): 6519, max_pending: 1
760s: 62.2% done, RPS(now/agg): 588183/818016, errs: 0, hitrate: 0.0%, clients: 640
done_min: 51.60%, done_max: 71.74%, p99_lat(us): 6178, max_pending: 1
765s: 62.5% done, RPS(now/agg): 601011/816596, errs: 0, hitrate: 0.0%, clients: 640
done_min: 51.87%, done_max: 72.06%, p99_lat(us): 5952, max_pending: 1
770s: 62.8% done, RPS(now/agg): 624833/815349, errs: 0, hitrate: 0.0%, clients: 640
done_min: 52.15%, done_max: 72.40%, p99_lat(us): 5628, max_pending: 1
775s: 63.2% done, RPS(now/agg): 658929/814340, errs: 0, hitrate: 0.0%, clients: 640
done_min: 52.45%, done_max: 72.75%, p99_lat(us): 5252, max_pending: 1
780s: 63.5% done, RPS(now/agg): 703347/813627, errs: 0, hitrate: 0.0%, clients: 640
done_min: 52.77%, done_max: 73.12%, p99_lat(us): 4969, max_pending: 1
785s: 63.9% done, RPS(now/agg): 744965/813190, errs: 0, hitrate: 0.0%, clients: 640
done_min: 53.10%, done_max: 73.52%, p99_lat(us): 4609, max_pending: 1
790s: 64.3% done, RPS(now/agg): 859434/813481, errs: 0, hitrate: 0.0%, clients: 640
done_min: 53.51%, done_max: 73.97%, p99_lat(us): 4126, max_pending: 1
795s: 64.8% done, RPS(now/agg): 982022/814542, errs: 0, hitrate: 0.0%, clients: 640
done_min: 53.95%, done_max: 74.51%, p99_lat(us): 3833, max_pending: 1
800s: 65.3% done, RPS(now/agg): 953729/815411, errs: 0, hitrate: 0.0%, clients: 640
done_min: 54.37%, done_max: 75.04%, p99_lat(us): 4163, max_pending: 1
805s: 65.8% done, RPS(now/agg): 969182/816367, errs: 0, hitrate: 0.0%, clients: 640
done_min: 54.80%, done_max: 75.57%, p99_lat(us): 3918, max_pending: 1
810s: 66.3% done, RPS(now/agg): 983842/817400, errs: 0, hitrate: 0.0%, clients: 640
done_min: 55.24%, done_max: 76.11%, p99_lat(us): 3814, max_pending: 1
815s: 66.8% done, RPS(now/agg): 981994/818411, errs: 0, hitrate: 0.0%, clients: 640
done_min: 55.67%, done_max: 76.65%, p99_lat(us): 3897, max_pending: 1
820s: 67.2% done, RPS(now/agg): 919605/819027, errs: 0, hitrate: 0.0%, clients: 640
done_min: 56.08%, done_max: 77.15%, p99_lat(us): 4151, max_pending: 1
825s: 67.7% done, RPS(now/agg): 980044/820003, errs: 0, hitrate: 0.0%, clients: 640
done_min: 56.51%, done_max: 77.69%, p99_lat(us): 3849, max_pending: 1
830s: 68.2% done, RPS(now/agg): 958488/820837, errs: 0, hitrate: 0.0%, clients: 640
done_min: 56.94%, done_max: 78.20%, p99_lat(us): 3899, max_pending: 1
835s: 68.7% done, RPS(now/agg): 971811/821741, errs: 0, hitrate: 0.0%, clients: 640
done_min: 57.38%, done_max: 78.74%, p99_lat(us): 3962, max_pending: 1
840s: 69.2% done, RPS(now/agg): 980490/822687, errs: 0, hitrate: 0.0%, clients: 640
done_min: 57.81%, done_max: 79.28%, p99_lat(us): 3913, max_pending: 1
845s: 69.6% done, RPS(now/agg): 975070/823588, errs: 0, hitrate: 0.0%, clients: 640
done_min: 58.24%, done_max: 79.81%, p99_lat(us): 3915, max_pending: 1
850s: 70.1% done, RPS(now/agg): 974728/824477, errs: 0, hitrate: 0.0%, clients: 640
done_min: 58.67%, done_max: 80.36%, p99_lat(us): 3971, max_pending: 1
855s: 70.6% done, RPS(now/agg): 976962/825369, errs: 0, hitrate: 0.0%, clients: 640
done_min: 59.10%, done_max: 80.89%, p99_lat(us): 3844, max_pending: 1
860s: 71.1% done, RPS(now/agg): 981698/826278, errs: 0, hitrate: 0.0%, clients: 640
done_min: 59.54%, done_max: 81.44%, p99_lat(us): 3944, max_pending: 1
865s: 71.6% done, RPS(now/agg): 972166/827120, errs: 0, hitrate: 0.0%, clients: 640
done_min: 59.97%, done_max: 81.98%, p99_lat(us): 3973, max_pending: 1
870s: 72.1% done, RPS(now/agg): 976841/827982, errs: 0, hitrate: 0.0%, clients: 640
done_min: 60.41%, done_max: 82.52%, p99_lat(us): 3896, max_pending: 1
875s: 72.6% done, RPS(now/agg): 974135/828816, errs: 0, hitrate: 0.0%, clients: 640
done_min: 60.84%, done_max: 83.06%, p99_lat(us): 3951, max_pending: 1
880s: 73.1% done, RPS(now/agg): 976374/829655, errs: 0, hitrate: 0.0%, clients: 640
done_min: 61.29%, done_max: 83.60%, p99_lat(us): 3857, max_pending: 1
885s: 73.5% done, RPS(now/agg): 936354/830258, errs: 0, hitrate: 0.0%, clients: 640
done_min: 61.69%, done_max: 84.11%, p99_lat(us): 4173, max_pending: 1
890s: 74.0% done, RPS(now/agg): 977068/831083, errs: 0, hitrate: 0.0%, clients: 640
done_min: 62.13%, done_max: 84.64%, p99_lat(us): 3942, max_pending: 1
895s: 74.5% done, RPS(now/agg): 968398/831851, errs: 0, hitrate: 0.0%, clients: 640
done_min: 62.56%, done_max: 85.18%, p99_lat(us): 4004, max_pending: 1
900s: 75.0% done, RPS(now/agg): 965097/832590, errs: 0, hitrate: 0.0%, clients: 640
done_min: 62.99%, done_max: 85.71%, p99_lat(us): 4040, max_pending: 1
905s: 75.5% done, RPS(now/agg): 972143/833361, errs: 0, hitrate: 0.0%, clients: 640
done_min: 63.42%, done_max: 86.25%, p99_lat(us): 4023, max_pending: 1
910s: 76.0% done, RPS(now/agg): 970795/834116, errs: 0, hitrate: 0.0%, clients: 640
done_min: 63.86%, done_max: 86.78%, p99_lat(us): 3980, max_pending: 1
915s: 76.5% done, RPS(now/agg): 971935/834870, errs: 0, hitrate: 0.0%, clients: 640
done_min: 64.30%, done_max: 87.32%, p99_lat(us): 4012, max_pending: 1
920s: 76.9% done, RPS(now/agg): 963204/835567, errs: 0, hitrate: 0.0%, clients: 640
done_min: 64.73%, done_max: 87.86%, p99_lat(us): 3950, max_pending: 1
925s: 77.4% done, RPS(now/agg): 973123/836311, errs: 0, hitrate: 0.0%, clients: 640
done_min: 65.16%, done_max: 88.41%, p99_lat(us): 4025, max_pending: 1
930s: 77.9% done, RPS(now/agg): 961234/836983, errs: 0, hitrate: 0.0%, clients: 640
done_min: 65.59%, done_max: 88.94%, p99_lat(us): 4073, max_pending: 1
935s: 78.4% done, RPS(now/agg): 964301/837664, errs: 0, hitrate: 0.0%, clients: 640
done_min: 66.01%, done_max: 89.48%, p99_lat(us): 3967, max_pending: 1
940s: 78.9% done, RPS(now/agg): 971855/838378, errs: 0, hitrate: 0.0%, clients: 640
done_min: 66.44%, done_max: 90.01%, p99_lat(us): 3963, max_pending: 1
945s: 79.4% done, RPS(now/agg): 959885/839020, errs: 0, hitrate: 0.0%, clients: 640
done_min: 66.86%, done_max: 90.53%, p99_lat(us): 4071, max_pending: 1
950s: 79.8% done, RPS(now/agg): 940513/839555, errs: 0, hitrate: 0.0%, clients: 640
done_min: 67.28%, done_max: 91.05%, p99_lat(us): 4186, max_pending: 1
955s: 80.3% done, RPS(now/agg): 964203/840207, errs: 0, hitrate: 0.0%, clients: 640
done_min: 67.70%, done_max: 91.58%, p99_lat(us): 4050, max_pending: 1
960s: 80.8% done, RPS(now/agg): 968916/840877, errs: 0, hitrate: 0.0%, clients: 640
done_min: 68.13%, done_max: 92.11%, p99_lat(us): 4011, max_pending: 1
965s: 81.3% done, RPS(now/agg): 960383/841497, errs: 0, hitrate: 0.0%, clients: 640
done_min: 68.57%, done_max: 92.64%, p99_lat(us): 4093, max_pending: 1
970s: 81.8% done, RPS(now/agg): 969539/842156, errs: 0, hitrate: 0.0%, clients: 640
done_min: 68.99%, done_max: 93.18%, p99_lat(us): 4041, max_pending: 1
975s: 82.2% done, RPS(now/agg): 952851/842724, errs: 0, hitrate: 0.0%, clients: 640
done_min: 69.41%, done_max: 93.71%, p99_lat(us): 4247, max_pending: 1
980s: 82.7% done, RPS(now/agg): 962514/843336, errs: 0, hitrate: 0.0%, clients: 640
done_min: 69.83%, done_max: 94.24%, p99_lat(us): 4084, max_pending: 1
985s: 83.2% done, RPS(now/agg): 965210/843954, errs: 0, hitrate: 0.0%, clients: 640
done_min: 70.27%, done_max: 94.77%, p99_lat(us): 4020, max_pending: 1
990s: 83.7% done, RPS(now/agg): 959012/844536, errs: 0, hitrate: 0.0%, clients: 640
done_min: 70.70%, done_max: 95.29%, p99_lat(us): 4204, max_pending: 1
995s: 84.2% done, RPS(now/agg): 976388/845198, errs: 0, hitrate: 0.0%, clients: 640
done_min: 71.13%, done_max: 95.83%, p99_lat(us): 4118, max_pending: 1
1000s: 84.7% done, RPS(now/agg): 961279/845779, errs: 0, hitrate: 0.0%, clients: 640
done_min: 71.56%, done_max: 96.36%, p99_lat(us): 4115, max_pending: 1
1005s: 85.1% done, RPS(now/agg): 961786/846356, errs: 0, hitrate: 0.0%, clients: 640
done_min: 71.98%, done_max: 96.89%, p99_lat(us): 4088, max_pending: 1
1010s: 85.6% done, RPS(now/agg): 964739/846942, errs: 0, hitrate: 0.0%, clients: 640
done_min: 72.40%, done_max: 97.42%, p99_lat(us): 4225, max_pending: 1
1015s: 86.1% done, RPS(now/agg): 979417/847595, errs: 0, hitrate: 0.0%, clients: 640
done_min: 72.84%, done_max: 97.97%, p99_lat(us): 4064, max_pending: 1
1020s: 86.6% done, RPS(now/agg): 969704/848194, errs: 0, hitrate: 0.0%, clients: 640
done_min: 73.27%, done_max: 98.51%, p99_lat(us): 4167, max_pending: 1
1025s: 87.1% done, RPS(now/agg): 960748/848743, errs: 0, hitrate: 0.0%, clients: 640
done_min: 73.70%, done_max: 99.04%, p99_lat(us): 4139, max_pending: 1
1030s: 87.5% done, RPS(now/agg): 934569/849159, errs: 0, hitrate: 0.0%, clients: 640
done_min: 74.11%, done_max: 99.56%, p99_lat(us): 4393, max_pending: 1
1036s: 88.0% done, RPS(now/agg): 951445/849654, errs: 0, hitrate: 0.0%, clients: 639
done_min: 74.53%, done_max: 100.00%, p99_lat(us): 4335, max_pending: 1
1041s: 88.5% done, RPS(now/agg): 960263/850186, errs: 0, hitrate: 0.0%, clients: 635
done_min: 74.96%, done_max: 100.00%, p99_lat(us): 4178, max_pending: 1
1046s: 89.0% done, RPS(now/agg): 952282/850674, errs: 0, hitrate: 0.0%, clients: 631
done_min: 75.39%, done_max: 100.00%, p99_lat(us): 4214, max_pending: 1
1051s: 89.5% done, RPS(now/agg): 963402/851211, errs: 0, hitrate: 0.0%, clients: 626
done_min: 75.82%, done_max: 100.00%, p99_lat(us): 4119, max_pending: 1
1056s: 89.9% done, RPS(now/agg): 934266/851604, errs: 0, hitrate: 0.0%, clients: 622
done_min: 76.23%, done_max: 100.00%, p99_lat(us): 4243, max_pending: 1
1061s: 90.4% done, RPS(now/agg): 947119/852054, errs: 0, hitrate: 0.0%, clients: 620
done_min: 76.66%, done_max: 100.00%, p99_lat(us): 4115, max_pending: 1
1066s: 90.9% done, RPS(now/agg): 941998/852476, errs: 0, hitrate: 0.0%, clients: 614
done_min: 77.08%, done_max: 100.00%, p99_lat(us): 4165, max_pending: 1
1071s: 91.3% done, RPS(now/agg): 938396/852878, errs: 0, hitrate: 0.0%, clients: 612
done_min: 77.50%, done_max: 100.00%, p99_lat(us): 4179, max_pending: 1
1076s: 91.8% done, RPS(now/agg): 940140/853284, errs: 0, hitrate: 0.0%, clients: 603
done_min: 77.92%, done_max: 100.00%, p99_lat(us): 4184, max_pending: 1
1081s: 92.3% done, RPS(now/agg): 915940/853573, errs: 0, hitrate: 0.0%, clients: 590
done_min: 78.34%, done_max: 100.00%, p99_lat(us): 4345, max_pending: 1
1086s: 92.7% done, RPS(now/agg): 889825/853740, errs: 0, hitrate: 0.0%, clients: 582
done_min: 78.74%, done_max: 100.00%, p99_lat(us): 4585, max_pending: 1
1091s: 93.2% done, RPS(now/agg): 900207/853953, errs: 0, hitrate: 0.0%, clients: 572
done_min: 79.16%, done_max: 100.00%, p99_lat(us): 4361, max_pending: 1
1096s: 93.6% done, RPS(now/agg): 914327/854229, errs: 0, hitrate: 0.0%, clients: 554
done_min: 79.57%, done_max: 100.00%, p99_lat(us): 4142, max_pending: 1
1101s: 94.1% done, RPS(now/agg): 906187/854464, errs: 0, hitrate: 0.0%, clients: 527
done_min: 80.02%, done_max: 100.00%, p99_lat(us): 3895, max_pending: 1
1106s: 94.5% done, RPS(now/agg): 888115/854616, errs: 0, hitrate: 0.0%, clients: 499
done_min: 80.46%, done_max: 100.00%, p99_lat(us): 3813, max_pending: 1
1111s: 95.0% done, RPS(now/agg): 868077/854676, errs: 0, hitrate: 0.0%, clients: 462
done_min: 80.91%, done_max: 100.00%, p99_lat(us): 3731, max_pending: 1
1116s: 95.4% done, RPS(now/agg): 833055/854579, errs: 0, hitrate: 0.0%, clients: 429
done_min: 81.36%, done_max: 100.00%, p99_lat(us): 3545, max_pending: 1
1121s: 95.8% done, RPS(now/agg): 796011/854317, errs: 0, hitrate: 0.0%, clients: 400
done_min: 81.83%, done_max: 100.00%, p99_lat(us): 3309, max_pending: 1
1126s: 96.2% done, RPS(now/agg): 760065/853897, errs: 0, hitrate: 0.0%, clients: 366
done_min: 82.34%, done_max: 100.00%, p99_lat(us): 3186, max_pending: 1
1131s: 96.5% done, RPS(now/agg): 708181/853252, errs: 0, hitrate: 0.0%, clients: 322
done_min: 82.85%, done_max: 100.00%, p99_lat(us): 2843, max_pending: 1
1136s: 96.8% done, RPS(now/agg): 650188/852356, errs: 0, hitrate: 0.0%, clients: 280
done_min: 83.40%, done_max: 100.00%, p99_lat(us): 2547, max_pending: 1
1141s: 97.1% done, RPS(now/agg): 568812/851111, errs: 0, hitrate: 0.0%, clients: 243
done_min: 83.96%, done_max: 100.00%, p99_lat(us): 2316, max_pending: 1
1146s: 97.4% done, RPS(now/agg): 505264/849601, errs: 0, hitrate: 0.0%, clients: 209
done_min: 84.56%, done_max: 100.00%, p99_lat(us): 1880, max_pending: 1
1151s: 97.6% done, RPS(now/agg): 446570/847847, errs: 0, hitrate: 0.0%, clients: 191
done_min: 85.16%, done_max: 100.00%, p99_lat(us): 1485, max_pending: 1
1156s: 97.8% done, RPS(now/agg): 400002/845907, errs: 0, hitrate: 0.0%, clients: 173
done_min: 85.77%, done_max: 100.00%, p99_lat(us): 1442, max_pending: 1
1161s: 98.0% done, RPS(now/agg): 373586/843870, errs: 0, hitrate: 0.0%, clients: 170
done_min: 86.44%, done_max: 100.00%, p99_lat(us): 1192, max_pending: 1
1166s: 98.2% done, RPS(now/agg): 365248/841815, errs: 0, hitrate: 0.0%, clients: 166
done_min: 87.10%, done_max: 100.00%, p99_lat(us): 1159, max_pending: 1
1171s: 98.4% done, RPS(now/agg): 350822/839715, errs: 0, hitrate: 0.0%, clients: 160
done_min: 87.78%, done_max: 100.00%, p99_lat(us): 1146, max_pending: 1
1176s: 98.5% done, RPS(now/agg): 347645/837621, errs: 0, hitrate: 0.0%, clients: 160
done_min: 88.44%, done_max: 100.00%, p99_lat(us): 1052, max_pending: 1
1181s: 98.7% done, RPS(now/agg): 342622/835522, errs: 0, hitrate: 0.0%, clients: 156
done_min: 89.10%, done_max: 100.00%, p99_lat(us): 1144, max_pending: 1
1186s: 98.9% done, RPS(now/agg): 341627/833437, errs: 0, hitrate: 0.0%, clients: 152
done_min: 89.79%, done_max: 100.00%, p99_lat(us): 1131, max_pending: 1
1191s: 99.0% done, RPS(now/agg): 337246/831351, errs: 0, hitrate: 0.0%, clients: 143
done_min: 90.50%, done_max: 100.00%, p99_lat(us): 978, max_pending: 1
1196s: 99.2% done, RPS(now/agg): 331599/829259, errs: 0, hitrate: 0.0%, clients: 136
done_min: 91.26%, done_max: 100.00%, p99_lat(us): 963, max_pending: 1
1201s: 99.4% done, RPS(now/agg): 318835/827132, errs: 0, hitrate: 0.0%, clients: 121
done_min: 92.01%, done_max: 100.00%, p99_lat(us): 898, max_pending: 1
1206s: 99.5% done, RPS(now/agg): 304125/824960, errs: 0, hitrate: 0.0%, clients: 104
done_min: 92.72%, done_max: 100.00%, p99_lat(us): 783, max_pending: 1
1211s: 99.7% done, RPS(now/agg): 273681/822681, errs: 0, hitrate: 0.0%, clients: 89
done_min: 93.52%, done_max: 100.00%, p99_lat(us): 910, max_pending: 1
1216s: 99.8% done, RPS(now/agg): 251715/820330, errs: 0, hitrate: 0.0%, clients: 66
done_min: 94.45%, done_max: 100.00%, p99_lat(us): 598, max_pending: 1
1221s: 99.9% done, RPS(now/agg): 200107/817788, errs: 0, hitrate: 0.0%, clients: 43
done_min: 95.55%, done_max: 100.00%, p99_lat(us): 493, max_pending: 1
1226s: 99.9% done, RPS(now/agg): 131359/814985, errs: 0, hitrate: 0.0%, clients: 24
done_min: 96.68%, done_max: 100.00%, p99_lat(us): 406, max_pending: 1
1231s: 100.0% done, RPS(now/agg): 83348/812010, errs: 0, hitrate: 0.0%, clients: 13
done_min: 98.00%, done_max: 100.00%, p99_lat(us): 342, max_pending: 1
1236s: 100.0% done, RPS(now/agg): 27877/808835, errs: 0, hitrate: 0.0%, clients: 3
done_min: 99.44%, done_max: 100.00%, p99_lat(us): 277, max_pending: 1

Total time: 20m38.268120669s. Overall number of requests: 1000000000, QPS: 877735, P99 lat: 4876.88us
Latency summary, all times are in usec:
Count: 1000000000 Average: 726.9912
Min: 135.0000  Median: 563.0204  Max: 219290.0000
------------------------------------------------------
[     120,     140 ) 71   0.000%   0.000% 
[     140,     160 ) 201036   0.020%   0.020% 
[     160,     180 ) 2928553   0.293%   0.313% 
[     180,     200 ) 9472786   0.947%   1.260% 
[     200,     250 ) 38635212   3.864%   5.124% #
[     250,     300 ) 35668745   3.567%   8.691% #
[     300,     350 ) 38435284   3.844%  12.534% #
[     350,     400 ) 52940527   5.294%  17.828% #
[     400,     450 ) 73939729   7.394%  25.222% #
[     450,     500 ) 97108052   9.711%  34.933% ##
[     500,     600 ) 239081297  23.908%  58.841% #####
[     600,     700 ) 186265276  18.627%  77.468% ####
[     700,     800 ) 93041362   9.304%  86.772% ##
[     800,     900 ) 39897946   3.990%  90.762% #
[     900,    1000 ) 17541160   1.754%  92.516% 
[    1000,    1200 ) 14478099   1.448%  93.964% 
[    1200,    1400 ) 7927837   0.793%  94.756% 
[    1400,    1600 ) 6004419   0.600%  95.357% 
[    1600,    1800 ) 4864000   0.486%  95.843% 
[    1800,    2000 ) 4172643   0.417%  96.260% 
[    2000,    2500 ) 7861730   0.786%  97.047% 
[    2500,    3000 ) 5090255   0.509%  97.556% 
[    3000,    3500 ) 4095121   0.410%  97.965% 
[    3500,    4000 ) 3928821   0.393%  98.358% 
[    4000,    4500 ) 3989486   0.399%  98.757% 
[    4500,    5000 ) 3224610   0.322%  99.079% 
[    5000,    6000 ) 3004609   0.300%  99.380% 
[    6000,    7000 ) 1616929   0.162%  99.542% 
[    7000,    8000 ) 1094474   0.109%  99.651% 
[    8000,    9000 ) 753118   0.075%  99.726% 
[    9000,   10000 ) 536537   0.054%  99.780% 
[   10000,   12000 ) 728003   0.073%  99.853% 
[   12000,   14000 ) 453825   0.045%  99.898% 
[   14000,   16000 ) 290477   0.029%  99.927% 
[   16000,   18000 ) 183162   0.018%  99.946% 
[   18000,   20000 ) 122415   0.012%  99.958% 
[   20000,   25000 ) 179450   0.018%  99.976% 
[   25000,   30000 ) 94952   0.009%  99.985% 
[   30000,   35000 ) 58072   0.006%  99.991% 
[   35000,   40000 ) 36249   0.004%  99.995% 
[   40000,   45000 ) 21089   0.002%  99.997% 
[   45000,   50000 ) 11987   0.001%  99.998% 
[   50000,   60000 ) 12495   0.001%  99.999% 
[   60000,   70000 ) 4325   0.000% 100.000% 
[   70000,   80000 ) 2279   0.000% 100.000% 
[   80000,   90000 ) 1177   0.000% 100.000% 
[   90000,  100000 ) 158   0.000% 100.000% 
[  100000,  120000 ) 109   0.000% 100.000% 
[  120000,  140000 ) 48   0.000% 100.000% 
[  200000,  250000 ) 4   0.000% 100.000% 
