Running as unit: keylane-dfly-get-p1-1000ms.service; invocation ID: 99fd80512f474153a8eba51e4f7d0dc7
2026-09-14T17:33:32.117161+00:00 get-p1-1000ms READY 228220
2026-09-14T17:33:32.427364+00:00 get-p1-1000ms.warmup CLIENT START
2026-09-14T17:34:03.010318+00:00 get-p1-1000ms.warmup VALIDATED 32247606 requests; 1074669 QPS
2026-09-14T17:34:03.238348+00:00 get-p1-1000ms.measured CLIENT START
2026-09-14T17:39:03.948717+00:00 get-p1-1000ms.measured VALIDATED 322436546 requests; 1074763 QPS
2026-09-14T17:39:24.152401+00:00 get-p1-1000ms STOPPED CLEANLY
Running as unit: keylane-dfly-get-p1-100ms.service; invocation ID: 629516300ddf484da03e44db561016c3
2026-09-14T17:39:39.359074+00:00 get-p1-100ms READY 228606
2026-09-14T17:39:39.824612+00:00 get-p1-100ms.warmup CLIENT START
2026-09-14T17:40:10.409557+00:00 get-p1-100ms.warmup VALIDATED 31930387 requests; 1064098 QPS
2026-09-14T17:40:10.649434+00:00 get-p1-100ms.measured CLIENT START
2026-09-14T17:45:11.398092+00:00 get-p1-100ms.measured VALIDATED 321921055 requests; 1073045 QPS
2026-09-14T17:45:31.583207+00:00 get-p1-100ms STOPPED CLEANLY
Running as unit: keylane-dfly-get-p2-100ms.service; invocation ID: ea6e2606b59d4c50af7943b51808a18f
2026-09-14T17:45:46.781308+00:00 get-p2-100ms READY 229107
2026-09-14T17:45:47.248467+00:00 get-p2-100ms.warmup CLIENT START
2026-09-14T17:46:17.826372+00:00 get-p2-100ms.warmup VALIDATED 32282689 requests; 1075839 QPS
2026-09-14T17:46:18.054184+00:00 get-p2-100ms.measured CLIENT START
2026-09-14T17:51:18.837684+00:00 get-p2-100ms.measured VALIDATED 322839024 requests; 1076105 QPS
2026-09-14T17:51:39.020813+00:00 get-p2-100ms STOPPED CLEANLY
Running as unit: keylane-dfly-get-p2-1000ms.service; invocation ID: 66ebb8321cf245a98bcf988f08a6b114
2026-09-14T17:51:54.223744+00:00 get-p2-1000ms READY 229555
2026-09-14T17:51:54.699527+00:00 get-p2-1000ms.warmup CLIENT START
2026-09-14T17:52:25.283119+00:00 get-p2-1000ms.warmup VALIDATED 32164970 requests; 1071880 QPS
2026-09-14T17:52:25.517427+00:00 get-p2-1000ms.measured CLIENT START
2026-09-14T17:57:26.320836+00:00 get-p2-1000ms.measured VALIDATED 323049963 requests; 1076808 QPS
2026-09-14T17:57:47.511270+00:00 get-p2-1000ms STOPPED CLEANLY
Running as unit: keylane-dfly-get-p3-1000ms.service; invocation ID: 17d2a3fe5be64eb8bf82ca585ed02ff0
2026-09-14T17:58:02.701532+00:00 get-p3-1000ms READY 229982
2026-09-14T17:58:03.172563+00:00 get-p3-1000ms.warmup CLIENT START
2026-09-14T17:58:33.767632+00:00 get-p3-1000ms.warmup VALIDATED 31914452 requests; 1063567 QPS
2026-09-14T17:58:33.995383+00:00 get-p3-1000ms.measured CLIENT START
2026-09-14T18:03:34.734956+00:00 get-p3-1000ms.measured VALIDATED 322268196 requests; 1074202 QPS
2026-09-14T18:03:54.909883+00:00 get-p3-1000ms STOPPED CLEANLY
Running as unit: keylane-dfly-get-p3-100ms.service; invocation ID: 67d1e8c994364d1f9b597ec99ae18b59
2026-09-14T18:04:10.103365+00:00 get-p3-100ms READY 230410
2026-09-14T18:04:10.581583+00:00 get-p3-100ms.warmup CLIENT START
2026-09-14T18:04:41.150924+00:00 get-p3-100ms.warmup VALIDATED 32032397 requests; 1067497 QPS
2026-09-14T18:04:41.379465+00:00 get-p3-100ms.measured CLIENT START
2026-09-14T18:09:42.177465+00:00 get-p3-100ms.measured VALIDATED 323756455 requests; 1079163 QPS
2026-09-14T18:10:02.354780+00:00 get-p3-100ms STOPPED CLEANLY
Running as unit: keylane-dfly-set-p1-1000ms.service; invocation ID: 2a9cd2c4c2624b20ae8c0f2df77e4fc1
2026-09-14T18:10:17.555045+00:00 set-p1-1000ms READY 230846
2026-09-14T18:10:18.013515+00:00 set-p1-1000ms.warmup CLIENT START
2026-09-14T18:10:49.560774+00:00 set-p1-1000ms.warmup VALIDATED 24123716 requests; 803936 QPS
2026-09-14T18:10:49.792205+00:00 set-p1-1000ms.measured CLIENT START
2026-09-14T18:15:50.627782+00:00 set-p1-1000ms.measured VALIDATED 237618225 requests; 792034 QPS
2026-09-14T18:16:10.956698+00:00 set-p1-1000ms STOPPED CLEANLY
Running as unit: keylane-dfly-set-p1-100ms.service; invocation ID: ef85344af0454cd088db84b73c571e68
2026-09-14T18:16:26.160670+00:00 set-p1-100ms READY 231265
2026-09-14T18:16:26.472327+00:00 set-p1-100ms.warmup CLIENT START
2026-09-14T18:16:58.209414+00:00 set-p1-100ms.warmup VALIDATED 23893316 requests; 796152 QPS
2026-09-14T18:16:58.450161+00:00 set-p1-100ms.measured CLIENT START
2026-09-14T18:21:59.302959+00:00 set-p1-100ms.measured VALIDATED 232806573 requests; 776004 QPS
2026-09-14T18:22:19.502800+00:00 set-p1-100ms STOPPED CLEANLY
Running as unit: keylane-dfly-set-p2-100ms.service; invocation ID: 0497ddeb025740aba47bb535e0107a60
2026-09-14T18:22:34.715659+00:00 set-p2-100ms READY 231774
2026-09-14T18:22:35.030598+00:00 set-p2-100ms.warmup CLIENT START
2026-09-14T18:23:06.776441+00:00 set-p2-100ms.warmup VALIDATED 24934299 requests; 830922 QPS
2026-09-14T18:23:07.011184+00:00 set-p2-100ms.measured CLIENT START
2026-09-14T18:28:07.829824+00:00 set-p2-100ms.measured VALIDATED 230133102 requests; 767090 QPS
2026-09-14T18:28:28.028470+00:00 set-p2-100ms STOPPED CLEANLY
Running as unit: keylane-dfly-set-p2-1000ms.service; invocation ID: 131fba89c597455eb24f9bee78a47ca9
2026-09-14T18:28:43.225691+00:00 set-p2-1000ms READY 232228
2026-09-14T18:28:43.546145+00:00 set-p2-1000ms.warmup CLIENT START
2026-09-14T18:29:15.284718+00:00 set-p2-1000ms.warmup VALIDATED 22726536 requests; 757324 QPS
2026-09-14T18:29:15.513324+00:00 set-p2-1000ms.measured CLIENT START
2026-09-14T18:34:16.375414+00:00 set-p2-1000ms.measured VALIDATED 229615165 requests; 765366 QPS
2026-09-14T18:34:36.595469+00:00 set-p2-1000ms STOPPED CLEANLY
Running as unit: keylane-dfly-set-p3-1000ms.service; invocation ID: 76d444feecf747e59e16a9de73509a9b
2026-09-14T18:34:51.868345+00:00 set-p3-1000ms READY 232653
2026-09-14T18:34:52.218490+00:00 set-p3-1000ms.warmup CLIENT START
2026-09-14T18:35:23.973609+00:00 set-p3-1000ms.warmup VALIDATED 22551120 requests; 751428 QPS
2026-09-14T18:35:24.209030+00:00 set-p3-1000ms.measured CLIENT START
2026-09-14T18:40:25.064723+00:00 set-p3-1000ms.measured VALIDATED 225631897 requests; 752074 QPS
2026-09-14T18:40:45.275631+00:00 set-p3-1000ms STOPPED CLEANLY
Running as unit: keylane-dfly-set-p3-100ms.service; invocation ID: 7af284b00a7549039152eaccb6706758
2026-09-14T18:41:00.490044+00:00 set-p3-100ms READY 233044
2026-09-14T18:41:00.838777+00:00 set-p3-100ms.warmup CLIENT START
2026-09-14T18:41:32.597337+00:00 set-p3-100ms.warmup VALIDATED 23396986 requests; 779692 QPS
2026-09-14T18:41:32.870569+00:00 set-p3-100ms.measured CLIENT START
2026-09-14T18:46:33.618616+00:00 set-p3-100ms.measured VALIDATED 232459212 requests; 774841 QPS
2026-09-14T18:46:53.815128+00:00 set-p3-100ms STOPPED CLEANLY
Running as unit: keylane-dfly-mixed-p1-1000ms.service; invocation ID: 4c505231acc540008f8e41b0d07a5697
2026-09-14T18:47:09.027412+00:00 mixed-p1-1000ms READY 233436
2026-09-14T18:47:09.522003+00:00 mixed-p1-1000ms.warmup CLIENT START
2026-09-14T18:47:41.136603+00:00 mixed-p1-1000ms.warmup VALIDATED 21288910 requests; 709276 QPS
2026-09-14T18:47:41.409104+00:00 mixed-p1-1000ms.measured CLIENT START
2026-09-14T18:52:42.321876+00:00 mixed-p1-1000ms.measured VALIDATED 209202818 requests; 697317 QPS
2026-09-14T18:53:02.518496+00:00 mixed-p1-1000ms STOPPED CLEANLY
Running as unit: keylane-dfly-mixed-p1-100ms.service; invocation ID: 323c7fd696164526afc3637fded6115b
2026-09-14T18:53:17.732574+00:00 mixed-p1-100ms READY 233931
2026-09-14T18:53:18.066462+00:00 mixed-p1-100ms.warmup CLIENT START
2026-09-14T18:53:49.840553+00:00 mixed-p1-100ms.warmup VALIDATED 21856189 requests; 728370 QPS
2026-09-14T18:53:50.105767+00:00 mixed-p1-100ms.measured CLIENT START
2026-09-14T18:58:51.026566+00:00 mixed-p1-100ms.measured VALIDATED 219471629 requests; 731553 QPS
2026-09-14T18:59:11.231846+00:00 mixed-p1-100ms STOPPED CLEANLY
Running as unit: keylane-dfly-mixed-p2-100ms.service; invocation ID: 12f7fadfaced471c9c5436dc0b50a11f
2026-09-14T18:59:26.446604+00:00 mixed-p2-100ms READY 234507
2026-09-14T18:59:26.802717+00:00 mixed-p2-100ms.warmup CLIENT START
2026-09-14T18:59:58.560992+00:00 mixed-p2-100ms.warmup VALIDATED 21844967 requests; 727947 QPS
2026-09-14T18:59:58.834421+00:00 mixed-p2-100ms.measured CLIENT START
2026-09-14T19:04:59.750068+00:00 mixed-p2-100ms.measured VALIDATED 226073228 requests; 753560 QPS
2026-09-14T19:05:19.942743+00:00 mixed-p2-100ms STOPPED CLEANLY
Running as unit: keylane-dfly-mixed-p2-1000ms.service; invocation ID: 792584141422422e916e2d59416d4b91
2026-09-14T19:05:35.152306+00:00 mixed-p2-1000ms READY 234953
2026-09-14T19:05:35.492416+00:00 mixed-p2-1000ms.warmup CLIENT START
2026-09-14T19:06:07.302071+00:00 mixed-p2-1000ms.warmup VALIDATED 21642873 requests; 721045 QPS
2026-09-14T19:06:07.565926+00:00 mixed-p2-1000ms.measured CLIENT START
2026-09-14T19:11:08.293555+00:00 mixed-p2-1000ms.measured VALIDATED 220919386 requests; 736368 QPS
2026-09-14T19:11:28.475738+00:00 mixed-p2-1000ms STOPPED CLEANLY
Running as unit: keylane-dfly-mixed-p3-1000ms.service; invocation ID: eb27ee082a2e4e7aae2db42afe17c7ba
2026-09-14T19:11:43.679919+00:00 mixed-p3-1000ms READY 235430
2026-09-14T19:11:44.154222+00:00 mixed-p3-1000ms.warmup CLIENT START
2026-09-14T19:12:15.704571+00:00 mixed-p3-1000ms.warmup VALIDATED 23090792 requests; 769462 QPS
2026-09-14T19:12:15.940503+00:00 mixed-p3-1000ms.measured CLIENT START
2026-09-14T19:17:16.680916+00:00 mixed-p3-1000ms.measured VALIDATED 242016299 requests; 806689 QPS
2026-09-14T19:17:36.853088+00:00 mixed-p3-1000ms STOPPED CLEANLY
Running as unit: keylane-dfly-mixed-p3-100ms.service; invocation ID: c6452d3752354eb5bb57c6073395f7b7
2026-09-14T19:17:52.052531+00:00 mixed-p3-100ms READY 235909
2026-09-14T19:17:52.526329+00:00 mixed-p3-100ms.warmup CLIENT START
2026-09-14T19:18:24.110665+00:00 mixed-p3-100ms.warmup VALIDATED 25020196 requests; 833673 QPS
2026-09-14T19:18:24.347292+00:00 mixed-p3-100ms.measured CLIENT START
2026-09-14T19:23:25.203178+00:00 mixed-p3-100ms.measured VALIDATED 242142328 requests; 807117 QPS
2026-09-14T19:23:45.557822+00:00 mixed-p3-100ms STOPPED CLEANLY
