mdadm: stopped /dev/md0







/dev/nvme3n1: Discarded 1919850381312 bytes from the offset 0

/dev/nvme6n1: Discarded 1919850381312 bytes from the offset 0

/dev/nvme4n1: Discarded 1919850381312 bytes from the offset 0

/dev/nvme1n1: Discarded 1919850381312 bytes from the offset 0

/dev/nvme2n1: Discarded 1919850381312 bytes from the offset 0

/dev/nvme5n1: Discarded 1919850381312 bytes from the offset 0

/dev/nvme6n1 verified metadata and 228863 data-block headers zero
/dev/nvme3n1 verified metadata and 228863 data-block headers zero
/dev/nvme5n1 verified metadata and 228863 data-block headers zero
/dev/nvme4n1 verified metadata and 228863 data-block headers zero
/dev/nvme2n1 verified metadata and 228863 data-block headers zero
/dev/nvme1n1 verified metadata and 228863 data-block headers zero

NAME          SIZE FSTYPE MOUNTPOINTS
nvme0n1        30G        
├─nvme0n1p1    29G ext4   /
├─nvme0n1p14    4M        
├─nvme0n1p15  106M vfat   /boot/efi
└─nvme0n1p16  913M ext4   /boot
nvme0n2       512G ext4   /mnt/dev
nvme1n1       1.7T        
nvme2n1       1.7T        
nvme3n1       1.7T        
nvme4n1       1.7T        
nvme5n1       1.7T        
nvme6n1       1.7T        

RESET COMPLETE 2026-09-14T17:01:49.894450+00:00
