[2026-09-14 18:59:11.278] [keylane] [info] mimalloc recovery_purge_delay=1000 online_purge_delay=60000 arena_eager_commit=1 allow_thp=0
[2026-09-14 18:59:11.278] [keylane] [info] keylane version=0.1.0-dev listening on 172.16.0.4:6379 tls_port=0 metrics_port=19100 threads=16 maxclients=10000 maxclients_fd_reserve=256 pin_workers=true idle_timeout_ms=-1 busy_poll_us=20 foreground_budget_us=1000 background_budget_us=10 background_warrant_percent=1 spdk_max_completions_per_poll=16 spdk_foreground_pre_poll_us=5 registered_buffer_bytes=268435456 per worker storage_write_buffers=4 storage_read_buffer_bytes=1048576 replication_publish_queue_bytes=16777216 per worker max_memory=0 maxmemory_clients=5% client_query_buffer_limit=1073741824 flush_max_ms=100 flush_size_bytes=131072 inline_key_max_bytes=4008 defrag_max_active_per_device=8 defrag_sleep_ms=0 defrag_record_sleep_us=0 defrag_paused=false shutdown_checkpoint=true replication_backlog_backpressure=true
[2026-09-14 18:59:11.278] [keylane] [info] memory limit=108053282816 (100.63G) initial_used=0 initial_rss=8740864
[2026-09-14 18:59:15.631] [keylane] [info] storage device id=0 path=spdk://d95e:00:00.0/1 capacity-bytes=1919850381312 data-blocks=228863 foreground-blocks=228855 defrag-reserve-blocks=8 data-bytes=1919841992704
[2026-09-14 18:59:15.631] [keylane] [info] storage device id=1 path=spdk://489e:00:00.0/1 capacity-bytes=1919850381312 data-blocks=228863 foreground-blocks=228855 defrag-reserve-blocks=8 data-bytes=1919841992704
[2026-09-14 18:59:15.631] [keylane] [info] storage device id=2 path=spdk://9e72:00:00.0/1 capacity-bytes=1919850381312 data-blocks=228863 foreground-blocks=228855 defrag-reserve-blocks=8 data-bytes=1919841992704
[2026-09-14 18:59:15.631] [keylane] [info] storage device id=3 path=spdk://b78e:00:00.0/1 capacity-bytes=1919850381312 data-blocks=228863 foreground-blocks=228855 defrag-reserve-blocks=8 data-bytes=1919841992704
[2026-09-14 18:59:15.631] [keylane] [info] storage device id=4 path=spdk://f70f:00:00.0/1 capacity-bytes=1919850381312 data-blocks=228863 foreground-blocks=228855 defrag-reserve-blocks=8 data-bytes=1919841992704
[2026-09-14 18:59:15.631] [keylane] [info] storage device id=5 path=spdk://66d9:00:00.0/1 capacity-bytes=1919850381312 data-blocks=228863 foreground-blocks=228855 defrag-reserve-blocks=8 data-bytes=1919841992704
[2026-09-14 18:59:15.631] [keylane] [info] storage capacity: data-blocks=1373178 foreground-blocks=1373130 defrag-reserve-blocks=48
[2026-09-14 18:59:15.631] [keylane] [info] storage direct-I/O alignment=512 bytes
[2026-09-14 18:59:15.631] [keylane] [info] storage flush submission size=131072 bytes
[2026-09-14 18:59:15.702] [keylane] [info] SPDK controller=489e:00:00.0 io-qpairs=31 foreground-weight=228855 owners=[0,6,12]
[2026-09-14 18:59:15.702] [keylane] [info] SPDK controller=66d9:00:00.0 io-qpairs=31 foreground-weight=228855 owners=[1,7,13]
[2026-09-14 18:59:15.702] [keylane] [info] SPDK controller=9e72:00:00.0 io-qpairs=31 foreground-weight=228855 owners=[2,8,14]
[2026-09-14 18:59:15.702] [keylane] [info] SPDK controller=b78e:00:00.0 io-qpairs=31 foreground-weight=228855 owners=[3,9,15]
[2026-09-14 18:59:15.702] [keylane] [info] SPDK controller=d95e:00:00.0 io-qpairs=31 foreground-weight=228855 owners=[4,10]
[2026-09-14 18:59:15.702] [keylane] [info] SPDK controller=f70f:00:00.0 io-qpairs=31 foreground-weight=228855 owners=[5,11]
[2026-09-14 18:59:15.888] [keylane] [info] runtime cycle-counter=rdtsc frequency-source=absl::NominalCPUFrequency frequency=2596159623 Hz (2596.160 MHz) ticks-per-us=2596.160
[2026-09-14 18:59:24.936] [keylane] [info] loaded shutdown checkpoint generation=17 entries=1000000000 accounting-entries=198322 blocks=6832 scan-workers=16
[2026-09-14 18:59:24.938] [keylane] [info] storage recovery: blocks=0/204692 (0.0%) swept=1/1373178 records=0 rate=0 blocks/s 0.00M records/s eta=0.0s
[2026-09-14 18:59:25.856] [keylane] [info] storage recovery: blocks=204692/204692 (100.0%) swept=1373178/1373178 records=0 rate=20054 blocks/s 0.00M records/s eta=0.0s
[2026-09-14 18:59:25.868] [keylane] [info] mimalloc recovery collection complete; online purge_delay=60000
[2026-09-14 18:59:25.868] [keylane] [info] worker[2] direct-IO storage initialized
[2026-09-14 18:59:25.868] [keylane] [info] worker[8] direct-IO storage initialized
[2026-09-14 18:59:25.868] [keylane] [info] worker[10] direct-IO storage initialized
[2026-09-14 18:59:25.868] [keylane] [info] worker[7] direct-IO storage initialized
[2026-09-14 18:59:25.868] [keylane] [info] worker[9] direct-IO storage initialized
[2026-09-14 18:59:25.868] [keylane] [info] worker[0] direct-IO storage initialized
[2026-09-14 18:59:25.868] [keylane] [info] worker[6] direct-IO storage initialized
[2026-09-14 18:59:25.868] [keylane] [info] worker[14] direct-IO storage initialized
[2026-09-14 18:59:25.868] [keylane] [info] worker[3] direct-IO storage initialized
[2026-09-14 18:59:25.868] [keylane] [info] worker[12] direct-IO storage initialized
[2026-09-14 18:59:25.868] [keylane] [info] worker[13] direct-IO storage initialized
[2026-09-14 18:59:25.868] [keylane] [info] worker[5] direct-IO storage initialized
[2026-09-14 18:59:25.868] [keylane] [info] worker[1] direct-IO storage initialized
[2026-09-14 18:59:25.868] [keylane] [info] worker[4] direct-IO storage initialized
[2026-09-14 18:59:25.868] [keylane] [info] worker[15] direct-IO storage initialized
[2026-09-14 18:59:25.868] [keylane] [info] worker[11] direct-IO storage initialized
[2026-09-14 19:04:59.798] [keylane] [info] shutdown requested by signal 15
[2026-09-14 19:04:59.882] [keylane] [info] replication targets quiesced before storage flush
[2026-09-14 19:04:59.882] [keylane] [info] all active requests drained; flushing storage buffers
[2026-09-14 19:05:14.652] [keylane] [info] published shutdown checkpoint generation=18 entries=1000000000 accounting-entries=179745 blocks=6832
[2026-09-14 19:05:14.653] [keylane] [info] all storage buffers durably flushed
[2026-09-14 19:05:14.653] [keylane] [info] durable shutdown checkpoint permits OS-reclaimed worker state
