java -cp /mnt/dev/YCSB-aerospike-dist/aerospike-binding/conf:/mnt/dev/YCSB-aerospike-dist/conf:/mnt/dev/YCSB-aerospike-dist/lib/aerospike-client-3.1.2.jar:/mnt/dev/YCSB-aerospike-dist/lib/htrace-core4-4.1.0-incubating.jar:/mnt/dev/YCSB-aerospike-dist/lib/jbcrypt-0.3m.jar:/mnt/dev/YCSB-aerospike-dist/lib/jackson-mapper-asl-1.9.4.jar:/mnt/dev/YCSB-aerospike-dist/lib/aerospike-binding-0.18.0-SNAPSHOT.jar:/mnt/dev/YCSB-aerospike-dist/lib/HdrHistogram-2.1.12.jar:/mnt/dev/YCSB-aerospike-dist/lib/jackson-core-asl-1.9.4.jar:/mnt/dev/YCSB-aerospike-dist/lib/core-0.18.0-SNAPSHOT.jar:/mnt/dev/YCSB-aerospike-dist/lib/luaj-jse-3.0.jar:/mnt/dev/YCSB-aerospike-dist/lib/gnu-crypto-2.0.1.jar site.ycsb.Client -db site.ycsb.db.AerospikeClient -threads 128 -P /mnt/dev/YCSB-aerospike-dist/workloads/workloada -p recordcount=100000000 -p operationcount=1000000 -p fieldcount=10 -p fieldlength=128 -p fieldlengthdistribution=constant -p readallfields=true -p writeallfields=true -p insertorder=hashed -p requestdistribution=uniform -p readproportion=0.5 -p updateproportion=0.5 -p insertproportion=0 -p scanproportion=0 -p readmodifywriteproportion=0 -p measurementtype=hdrhistogram -p measurement.interval=op -p hdrhistogram.percentiles=50,95,99,99.9,99.99 -p as.host=172.16.0.4 -p as.port=3000 -p as.namespace=ycsb -t
Command line: -db site.ycsb.db.AerospikeClient -threads 128 -P /mnt/dev/YCSB-aerospike-dist/workloads/workloada -p recordcount=100000000 -p operationcount=1000000 -p fieldcount=10 -p fieldlength=128 -p fieldlengthdistribution=constant -p readallfields=true -p writeallfields=true -p insertorder=hashed -p requestdistribution=uniform -p readproportion=0.5 -p updateproportion=0.5 -p insertproportion=0 -p scanproportion=0 -p readmodifywriteproportion=0 -p measurementtype=hdrhistogram -p measurement.interval=op -p hdrhistogram.percentiles=50,95,99,99.9,99.99 -p as.host=172.16.0.4 -p as.port=3000 -p as.namespace=ycsb -t
YCSB Client 0.18.0-SNAPSHOT

Loading workload...
Starting test.
DBWrapper: report latency for each error is false and specific error codes to track for latency are: []
[OVERALL], RunTime(ms), 232820
[OVERALL], Throughput(ops/sec), 4295.163645734902
[TOTAL_GCS_G1_Young_Generation], Count, 15
[TOTAL_GC_TIME_G1_Young_Generation], Time(ms), 24
[TOTAL_GC_TIME_%_G1_Young_Generation], Time(%), 0.010308392749763766
[TOTAL_GCS_G1_Old_Generation], Count, 0
[TOTAL_GC_TIME_G1_Old_Generation], Time(ms), 0
[TOTAL_GC_TIME_%_G1_Old_Generation], Time(%), 0.0
[TOTAL_GCs], Count, 15
[TOTAL_GC_TIME], Time(ms), 24
[TOTAL_GC_TIME_%], Time(%), 0.010308392749763766
[READ], Operations, 499776
[READ], AverageLatency(us), 39621.40778668844
[READ], MinLatency(us), 153
[READ], MaxLatency(us), 412415
[READ], 50thPercentileLatency(us), 243
[READ], 95thPercentileLatency(us), 137727
[READ], 99thPercentileLatency(us), 204415
[READ], 99.9PercentileLatency(us), 253695
[READ], 99.99PercentileLatency(us), 301823
[READ], Return=OK, 499776
[CLEANUP], Operations, 128
[CLEANUP], AverageLatency(us), 62.453125
[CLEANUP], MinLatency(us), 24
[CLEANUP], MaxLatency(us), 323
[CLEANUP], 50thPercentileLatency(us), 49
[CLEANUP], 95thPercentileLatency(us), 123
[CLEANUP], 99thPercentileLatency(us), 284
[CLEANUP], 99.9PercentileLatency(us), 323
[CLEANUP], 99.99PercentileLatency(us), 323
[UPDATE], Operations, 500224
[UPDATE], AverageLatency(us), 15087.852564051305
[UPDATE], MinLatency(us), 147
[UPDATE], MaxLatency(us), 364031
[UPDATE], 50thPercentileLatency(us), 215
[UPDATE], 95thPercentileLatency(us), 95167
[UPDATE], 99thPercentileLatency(us), 140927
[UPDATE], 99.9PercentileLatency(us), 205439
[UPDATE], 99.99PercentileLatency(us), 253567
[UPDATE], Return=OK, 500224
