java -cp /mnt/dev/YCSB-redis-dist/redis-binding/conf:/mnt/dev/YCSB-redis-dist/conf:/mnt/dev/YCSB-redis-dist/lib/htrace-core4-4.1.0-incubating.jar:/mnt/dev/YCSB-redis-dist/lib/commons-pool2-2.4.2.jar:/mnt/dev/YCSB-redis-dist/lib/jedis-2.9.0.jar:/mnt/dev/YCSB-redis-dist/lib/jackson-mapper-asl-1.9.4.jar:/mnt/dev/YCSB-redis-dist/lib/HdrHistogram-2.1.12.jar:/mnt/dev/YCSB-redis-dist/lib/jackson-core-asl-1.9.4.jar:/mnt/dev/YCSB-redis-dist/lib/core-0.18.0-SNAPSHOT.jar:/mnt/dev/YCSB-redis-dist/lib/redis-binding-0.18.0-SNAPSHOT.jar site.ycsb.Client -db site.ycsb.db.RedisClient -threads 512 -P /mnt/dev/YCSB-redis-dist/workloads/workloada -p recordcount=100000000 -p operationcount=20000000 -p fieldcount=10 -p fieldlength=128 -p fieldlengthdistribution=constant -p readallfields=true -p writeallfields=true -p insertorder=hashed -p requestdistribution=uniform -p readproportion=0.5 -p updateproportion=0.5 -p insertproportion=0 -p scanproportion=0 -p readmodifywriteproportion=0 -p measurementtype=hdrhistogram -p measurement.interval=op -p hdrhistogram.percentiles=50,95,99,99.9,99.99 -p redis.host=172.16.0.4 -p redis.port=16379 -p redis.cluster=false -p redis.scanindex=none -p redis.timeout=60000 -t
Command line: -db site.ycsb.db.RedisClient -threads 512 -P /mnt/dev/YCSB-redis-dist/workloads/workloada -p recordcount=100000000 -p operationcount=20000000 -p fieldcount=10 -p fieldlength=128 -p fieldlengthdistribution=constant -p readallfields=true -p writeallfields=true -p insertorder=hashed -p requestdistribution=uniform -p readproportion=0.5 -p updateproportion=0.5 -p insertproportion=0 -p scanproportion=0 -p readmodifywriteproportion=0 -p measurementtype=hdrhistogram -p measurement.interval=op -p hdrhistogram.percentiles=50,95,99,99.9,99.99 -p redis.host=172.16.0.4 -p redis.port=16379 -p redis.cluster=false -p redis.scanindex=none -p redis.timeout=60000 -t
YCSB Client 0.18.0-SNAPSHOT

Loading workload...
Starting test.
DBWrapper: report latency for each error is false and specific error codes to track for latency are: []
[OVERALL], RunTime(ms), 40798
[OVERALL], Throughput(ops/sec), 490220.1088288642
[TOTAL_GCS_G1_Young_Generation], Count, 306
[TOTAL_GC_TIME_G1_Young_Generation], Time(ms), 376
[TOTAL_GC_TIME_%_G1_Young_Generation], Time(%), 0.9216138045982647
[TOTAL_GCS_G1_Old_Generation], Count, 0
[TOTAL_GC_TIME_G1_Old_Generation], Time(ms), 0
[TOTAL_GC_TIME_%_G1_Old_Generation], Time(%), 0.0
[TOTAL_GCs], Count, 306
[TOTAL_GC_TIME], Time(ms), 376
[TOTAL_GC_TIME_%], Time(%), 0.9216138045982647
[READ], Operations, 10001026
[READ], AverageLatency(us), 965.4605140512583
[READ], MinLatency(us), 164
[READ], MaxLatency(us), 156415
[READ], 50thPercentileLatency(us), 686
[READ], 95thPercentileLatency(us), 2717
[READ], 99thPercentileLatency(us), 6647
[READ], 99.9PercentileLatency(us), 10951
[READ], 99.99PercentileLatency(us), 21727
[READ], Return=OK, 10001026
[CLEANUP], Operations, 512
[CLEANUP], AverageLatency(us), 66.734375
[CLEANUP], MinLatency(us), 10
[CLEANUP], MaxLatency(us), 3345
[CLEANUP], 50thPercentileLatency(us), 52
[CLEANUP], 95thPercentileLatency(us), 123
[CLEANUP], 99thPercentileLatency(us), 231
[CLEANUP], 99.9PercentileLatency(us), 3345
[CLEANUP], 99.99PercentileLatency(us), 3345
[UPDATE], Operations, 9998974
[UPDATE], AverageLatency(us), 992.1168425880495
[UPDATE], MinLatency(us), 175
[UPDATE], MaxLatency(us), 132607
[UPDATE], 50thPercentileLatency(us), 704
[UPDATE], 95thPercentileLatency(us), 2833
[UPDATE], 99thPercentileLatency(us), 6751
[UPDATE], 99.9PercentileLatency(us), 11063
[UPDATE], 99.99PercentileLatency(us), 23743
[UPDATE], Return=OK, 9998974
