java -cp /mnt/dev/YCSB-redis-dist/redis-binding/conf:/mnt/dev/YCSB-redis-dist/conf:/mnt/dev/YCSB-redis-dist/lib/htrace-core4-4.1.0-incubating.jar:/mnt/dev/YCSB-redis-dist/lib/commons-pool2-2.4.2.jar:/mnt/dev/YCSB-redis-dist/lib/jedis-2.9.0.jar:/mnt/dev/YCSB-redis-dist/lib/jackson-mapper-asl-1.9.4.jar:/mnt/dev/YCSB-redis-dist/lib/HdrHistogram-2.1.12.jar:/mnt/dev/YCSB-redis-dist/lib/jackson-core-asl-1.9.4.jar:/mnt/dev/YCSB-redis-dist/lib/core-0.18.0-SNAPSHOT.jar:/mnt/dev/YCSB-redis-dist/lib/redis-binding-0.18.0-SNAPSHOT.jar site.ycsb.Client -db site.ycsb.db.RedisClient -threads 512 -P /mnt/dev/YCSB-redis-dist/workloads/workloada -p recordcount=100000000 -p operationcount=100000000 -p fieldcount=10 -p fieldlength=128 -p fieldlengthdistribution=constant -p readallfields=true -p writeallfields=true -p insertorder=hashed -p requestdistribution=uniform -p readproportion=0 -p updateproportion=0 -p insertproportion=1 -p scanproportion=0 -p readmodifywriteproportion=0 -p measurementtype=hdrhistogram -p measurement.interval=op -p hdrhistogram.percentiles=50,95,99,99.9,99.99 -p redis.host=172.16.0.4 -p redis.port=16379 -p redis.cluster=false -p redis.scanindex=none -p redis.timeout=60000 -load
Command line: -db site.ycsb.db.RedisClient -threads 512 -P /mnt/dev/YCSB-redis-dist/workloads/workloada -p recordcount=100000000 -p operationcount=100000000 -p fieldcount=10 -p fieldlength=128 -p fieldlengthdistribution=constant -p readallfields=true -p writeallfields=true -p insertorder=hashed -p requestdistribution=uniform -p readproportion=0 -p updateproportion=0 -p insertproportion=1 -p scanproportion=0 -p readmodifywriteproportion=0 -p measurementtype=hdrhistogram -p measurement.interval=op -p hdrhistogram.percentiles=50,95,99,99.9,99.99 -p redis.host=172.16.0.4 -p redis.port=16379 -p redis.cluster=false -p redis.scanindex=none -p redis.timeout=60000 -load
YCSB Client 0.18.0-SNAPSHOT

Loading workload...
Starting test.
DBWrapper: report latency for each error is false and specific error codes to track for latency are: []
[OVERALL], RunTime(ms), 183250
[OVERALL], Throughput(ops/sec), 545702.5920873124
[TOTAL_GCS_G1_Young_Generation], Count, 1720
[TOTAL_GC_TIME_G1_Young_Generation], Time(ms), 2247
[TOTAL_GC_TIME_%_G1_Young_Generation], Time(%), 1.2261937244201908
[TOTAL_GCS_G1_Old_Generation], Count, 0
[TOTAL_GC_TIME_G1_Old_Generation], Time(ms), 0
[TOTAL_GC_TIME_%_G1_Old_Generation], Time(%), 0.0
[TOTAL_GCs], Count, 1720
[TOTAL_GC_TIME], Time(ms), 2247
[TOTAL_GC_TIME_%], Time(%), 1.2261937244201908
[CLEANUP], Operations, 512
[CLEANUP], AverageLatency(us), 95.029296875
[CLEANUP], MinLatency(us), 13
[CLEANUP], MaxLatency(us), 1208
[CLEANUP], 50thPercentileLatency(us), 89
[CLEANUP], 95thPercentileLatency(us), 159
[CLEANUP], 99thPercentileLatency(us), 425
[CLEANUP], 99.9PercentileLatency(us), 1208
[CLEANUP], 99.99PercentileLatency(us), 1208
[INSERT], Operations, 100000000
[INSERT], AverageLatency(us), 878.90461127
[INSERT], MinLatency(us), 149
[INSERT], MaxLatency(us), 127807
[INSERT], 50thPercentileLatency(us), 773
[INSERT], 95thPercentileLatency(us), 1375
[INSERT], 99thPercentileLatency(us), 3789
[INSERT], 99.9PercentileLatency(us), 11039
[INSERT], 99.99PercentileLatency(us), 23615
[INSERT], Return=OK, 100000000
