[2026-10-04 13:00:54.384] [lavik] [info] I/O backends: network=kernel storage=uring rings=one-per-worker
[2026-10-04 13:00:54.384] [lavik] [info] mimalloc recovery_purge_delay=1000 online_purge_delay=60000 arena_eager_commit=1 allow_thp=0
[2026-10-04 13:00:54.384] [lavik] [info] lavik version=0.1.0-dev listening on 0.0.0.0:43531 tls_port=0 metrics_port=38445 shards=1 maxclients=10000 maxclients_fd_reserve=256 pin_workers=false idle_timeout_ms=-1 busy_poll_us=20 foreground_budget_us=1000 background_budget_us=10 background_warrant_percent=1 spdk_max_completions_per_poll=8 spdk_foreground_pre_poll_us=5 registered_buffer_bytes=67108864 per worker storage_write_buffers=4 storage_read_buffer_bytes=1048576 replication_publish_queue_bytes=16777216 per worker max_memory=2147483648 maxmemory_clients=5% client_query_buffer_limit=1073741824 flush_max_ms=100 flush_size_bytes=131072 defrag_max_active_per_device=8 defrag_sleep_ms=0 defrag_record_sleep_us=0 defrag_paused=false shutdown_checkpoint=false replication_backlog_backpressure=true
[2026-10-04 13:00:54.384] [lavik] [info] memory limit=2147483648 (2.00G) initial_used=0 initial_rss=6418432
[2026-10-04 13:00:54.384] [lavik] [info] storage device id=0 path=/mnt/local_nvme/i131/measurements/large-live-128m-f1-rtt20/r1-main/target/data capacity-bytes=2147483648 data-blocks=255 foreground-blocks=247 defrag-reserve-blocks=8 data-bytes=2139095040
[2026-10-04 13:00:54.384] [lavik] [info] storage capacity: data-blocks=255 foreground-blocks=247 defrag-reserve-blocks=8
[2026-10-04 13:00:54.384] [lavik] [info] storage direct-I/O alignment=4096 bytes
[2026-10-04 13:00:54.384] [lavik] [info] storage flush submission size=131072 bytes
[2026-10-04 13:00:54.418] [lavik] [info] storage device id=0 foreground-weight=247 home-workers=1
[2026-10-04 13:00:54.421] [lavik] [info] runtime workers=2 data_shards=1 control_worker=1 cpus=
[2026-10-04 13:00:54.422] [lavik] [info] runtime cycle-counter=rdtsc frequency-source=absl::NominalCPUFrequency frequency=2299999709 Hz (2300.000 MHz) ticks-per-us=2300.000
[2026-10-04 13:00:54.422] [lavik] [info] provided-buffer ring disabled; using per-connection receive buffers
[2026-10-04 13:00:54.422] [lavik] [info] provided-buffer ring disabled; using per-connection receive buffers
[2026-10-04 13:00:54.437] [lavik] [info] storage recovery: blocks=0/0 (100.0%) swept=255/255 records=0 rate=0 blocks/s 0.00M records/s eta=0.0s
[2026-10-04 13:00:54.442] [lavik] [info] mimalloc recovery collection complete; online purge_delay=60000
[2026-10-04 13:00:54.442] [lavik] [info] worker[0] direct-IO storage initialized
[2026-10-04 13:01:00.855] [lavik] [info] full-sync session 2 durably invalidated system state at generation 1
[2026-10-04 13:01:00.855] [lavik] [info] replication target session 2 flow 0 requesting cursor=1:0
[2026-10-04 13:07:28.736] [lavik] [info] shutdown requested by signal 2
[2026-10-04 13:07:28.736] [lavik] [warning] replication target flow 0 ended: replication peer closed
[2026-10-04 13:07:28.806] [lavik] [info] replication targets quiesced before storage flush
[2026-10-04 13:07:28.806] [lavik] [info] all active requests drained; flushing storage buffers
[2026-10-04 13:07:28.836] [lavik] [info] all storage buffers durably flushed
