-- The C compiler identification is GNU 13.3.0
-- The CXX compiler identification is GNU 13.3.0
-- Detecting C compiler ABI info
-- Detecting C compiler ABI info - done
-- Check for working C compiler: /usr/bin/cc - skipped
-- Detecting C compile features
-- Detecting C compile features - done
-- Detecting CXX compiler ABI info
-- Detecting CXX compiler ABI info - done
-- Check for working CXX compiler: /usr/bin/c++ - skipped
-- Detecting CXX compile features
-- Detecting CXX compile features - done
-- clang-format 23.1.1 not found; format targets are disabled
-- Performing Test CMAKE_HAVE_LIBC_PTHREAD
-- Performing Test CMAKE_HAVE_LIBC_PTHREAD - Success
-- Found Threads: TRUE  
-- Found OpenSSL: /usr/lib/x86_64-linux-gnu/libcrypto.a (found version "3.0.13")  
-- clang-format 23.1.1 not found; bycorf format targets are disabled
-- Performing Test ABSL_INTERNAL_AT_LEAST_CXX17
-- Performing Test ABSL_INTERNAL_AT_LEAST_CXX17 - Success
-- Performing Test ABSL_INTERNAL_AT_LEAST_CXX20
-- Performing Test ABSL_INTERNAL_AT_LEAST_CXX20 - Success
-- 
-- Architecture: x64
-- Disable transparent huge pages support (MI_NO_THP=ON)
-- Performing Test mi_has_libpthread
-- Performing Test mi_has_libpthread - Success
-- Performing Test mi_has_librt
-- Performing Test mi_has_librt - Success
-- Performing Test mi_has_libatomic
-- Performing Test mi_has_libatomic - Success
-- 
-- Library name     : mimalloc
-- Version          : 3.4.5
-- Build type       : release
-- C Compiler       : /usr/bin/cc
-- Compiler flags   : -Wall;-Wextra;-Wno-unknown-pragmas;-fvisibility=hidden;-Wstrict-prototypes;-ftls-model=initial-exec
-- Compiler defines : MI_DEFAULT_ARENA_EAGER_COMMIT=1;MI_DEFAULT_ALLOW_THP=0;MI_CMAKE_BUILD_TYPE=release;MI_BUILD_RELEASE
-- Link libraries   : pthread;rt;atomic
-- Build targets    : static
-- 
go: downloading go1.26.8 (linux/amd64)
-- Configuring done (6.3s)
-- Generating done (0.1s)
-- Build files have been written to: /mnt/local_nvme/i131/build-base
