java -cp /mnt/dev/YCSB-aerospike-dist/aerospike-binding/conf:/mnt/dev/YCSB-aerospike-dist/conf:/mnt/dev/YCSB-aerospike-dist/lib/aerospike-client-3.1.2.jar:/mnt/dev/YCSB-aerospike-dist/lib/htrace-core4-4.1.0-incubating.jar:/mnt/dev/YCSB-aerospike-dist/lib/jbcrypt-0.3m.jar:/mnt/dev/YCSB-aerospike-dist/lib/jackson-mapper-asl-1.9.4.jar:/mnt/dev/YCSB-aerospike-dist/lib/aerospike-binding-0.18.0-SNAPSHOT.jar:/mnt/dev/YCSB-aerospike-dist/lib/HdrHistogram-2.1.12.jar:/mnt/dev/YCSB-aerospike-dist/lib/jackson-core-asl-1.9.4.jar:/mnt/dev/YCSB-aerospike-dist/lib/core-0.18.0-SNAPSHOT.jar:/mnt/dev/YCSB-aerospike-dist/lib/luaj-jse-3.0.jar:/mnt/dev/YCSB-aerospike-dist/lib/gnu-crypto-2.0.1.jar site.ycsb.Client -db site.ycsb.db.AerospikeClient -threads 128 -P /mnt/dev/YCSB-aerospike-dist/workloads/workloada -p as.host=172.16.0.4 -p as.port=3000 -p as.namespace=ycsb -p recordcount=100000000 -p operationcount=100000 -p fieldcount=10 -p fieldlength=128 -p fieldlengthdistribution=constant -p readallfields=true -p writeallfields=true -p requestdistribution=uniform -p measurementtype=hdrhistogram -p measurement.interval=op -p hdrhistogram.percentiles=50,95,99,99.9,99.99 -t
Command line: -db site.ycsb.db.AerospikeClient -threads 128 -P /mnt/dev/YCSB-aerospike-dist/workloads/workloada -p as.host=172.16.0.4 -p as.port=3000 -p as.namespace=ycsb -p recordcount=100000000 -p operationcount=100000 -p fieldcount=10 -p fieldlength=128 -p fieldlengthdistribution=constant -p readallfields=true -p writeallfields=true -p requestdistribution=uniform -p measurementtype=hdrhistogram -p measurement.interval=op -p hdrhistogram.percentiles=50,95,99,99.9,99.99 -t
YCSB Client 0.18.0-SNAPSHOT

Loading workload...
Starting test.
DBWrapper: report latency for each error is false and specific error codes to track for latency are: []
[OVERALL], RunTime(ms), 478
[OVERALL], Throughput(ops/sec), 209205.02092050208
[TOTAL_GCS_G1_Young_Generation], Count, 4
[TOTAL_GC_TIME_G1_Young_Generation], Time(ms), 7
[TOTAL_GC_TIME_%_G1_Young_Generation], Time(%), 1.4644351464435146
[TOTAL_GCS_G1_Old_Generation], Count, 0
[TOTAL_GC_TIME_G1_Old_Generation], Time(ms), 0
[TOTAL_GC_TIME_%_G1_Old_Generation], Time(%), 0.0
[TOTAL_GCs], Count, 4
[TOTAL_GC_TIME], Time(ms), 7
[TOTAL_GC_TIME_%], Time(%), 1.4644351464435146
[READ], Operations, 50203
[READ], AverageLatency(us), 485.178654662072
[READ], MinLatency(us), 179
[READ], MaxLatency(us), 33279
[READ], 50thPercentileLatency(us), 402
[READ], 95thPercentileLatency(us), 741
[READ], 99thPercentileLatency(us), 1984
[READ], 99.9PercentileLatency(us), 11495
[READ], 99.99PercentileLatency(us), 20207
[READ], Return=OK, 50203
[CLEANUP], Operations, 128
[CLEANUP], AverageLatency(us), 91.890625
[CLEANUP], MinLatency(us), 18
[CLEANUP], MaxLatency(us), 1172
[CLEANUP], 50thPercentileLatency(us), 46
[CLEANUP], 95thPercentileLatency(us), 349
[CLEANUP], 99thPercentileLatency(us), 1077
[CLEANUP], 99.9PercentileLatency(us), 1172
[CLEANUP], 99.99PercentileLatency(us), 1172
[UPDATE], Operations, 49797
[UPDATE], AverageLatency(us), 373.4204269333494
[UPDATE], MinLatency(us), 157
[UPDATE], MaxLatency(us), 22271
[UPDATE], 50thPercentileLatency(us), 307
[UPDATE], 95thPercentileLatency(us), 647
[UPDATE], 99thPercentileLatency(us), 1709
[UPDATE], 99.9PercentileLatency(us), 3785
[UPDATE], 99.99PercentileLatency(us), 13087
[UPDATE], Return=OK, 49797
