java -cp /mnt/dev/YCSB-aerospike-dist/aerospike-binding/conf:/mnt/dev/YCSB-aerospike-dist/conf:/mnt/dev/YCSB-aerospike-dist/lib/aerospike-client-3.1.2.jar:/mnt/dev/YCSB-aerospike-dist/lib/htrace-core4-4.1.0-incubating.jar:/mnt/dev/YCSB-aerospike-dist/lib/jbcrypt-0.3m.jar:/mnt/dev/YCSB-aerospike-dist/lib/jackson-mapper-asl-1.9.4.jar:/mnt/dev/YCSB-aerospike-dist/lib/aerospike-binding-0.18.0-SNAPSHOT.jar:/mnt/dev/YCSB-aerospike-dist/lib/HdrHistogram-2.1.12.jar:/mnt/dev/YCSB-aerospike-dist/lib/jackson-core-asl-1.9.4.jar:/mnt/dev/YCSB-aerospike-dist/lib/core-0.18.0-SNAPSHOT.jar:/mnt/dev/YCSB-aerospike-dist/lib/luaj-jse-3.0.jar:/mnt/dev/YCSB-aerospike-dist/lib/gnu-crypto-2.0.1.jar site.ycsb.Client -db site.ycsb.db.AerospikeClient -threads 64 -P /mnt/dev/YCSB-aerospike-dist/workloads/workloada -p as.host=172.16.0.4 -p as.port=3000 -p as.namespace=ycsb -p recordcount=100000000 -p operationcount=100000 -p fieldcount=10 -p fieldlength=128 -p fieldlengthdistribution=constant -p readallfields=true -p writeallfields=true -p requestdistribution=uniform -p measurementtype=hdrhistogram -p measurement.interval=op -p hdrhistogram.percentiles=50,95,99,99.9,99.99 -t
Command line: -db site.ycsb.db.AerospikeClient -threads 64 -P /mnt/dev/YCSB-aerospike-dist/workloads/workloada -p as.host=172.16.0.4 -p as.port=3000 -p as.namespace=ycsb -p recordcount=100000000 -p operationcount=100000 -p fieldcount=10 -p fieldlength=128 -p fieldlengthdistribution=constant -p readallfields=true -p writeallfields=true -p requestdistribution=uniform -p measurementtype=hdrhistogram -p measurement.interval=op -p hdrhistogram.percentiles=50,95,99,99.9,99.99 -t
YCSB Client 0.18.0-SNAPSHOT

Loading workload...
Starting test.
DBWrapper: report latency for each error is false and specific error codes to track for latency are: []
[OVERALL], RunTime(ms), 608
[OVERALL], Throughput(ops/sec), 164473.68421052632
[TOTAL_GCS_G1_Young_Generation], Count, 3
[TOTAL_GC_TIME_G1_Young_Generation], Time(ms), 5
[TOTAL_GC_TIME_%_G1_Young_Generation], Time(%), 0.8223684210526315
[TOTAL_GCS_G1_Old_Generation], Count, 0
[TOTAL_GC_TIME_G1_Old_Generation], Time(ms), 0
[TOTAL_GC_TIME_%_G1_Old_Generation], Time(%), 0.0
[TOTAL_GCs], Count, 3
[TOTAL_GC_TIME], Time(ms), 5
[TOTAL_GC_TIME_%], Time(%), 0.8223684210526315
[READ], Operations, 49941
[READ], AverageLatency(us), 347.0716044933021
[READ], MinLatency(us), 180
[READ], MaxLatency(us), 7319
[READ], 50thPercentileLatency(us), 318
[READ], 95thPercentileLatency(us), 462
[READ], 99thPercentileLatency(us), 865
[READ], 99.9PercentileLatency(us), 3535
[READ], 99.99PercentileLatency(us), 4815
[READ], Return=OK, 49941
[CLEANUP], Operations, 64
[CLEANUP], AverageLatency(us), 60.4375
[CLEANUP], MinLatency(us), 25
[CLEANUP], MaxLatency(us), 408
[CLEANUP], 50thPercentileLatency(us), 41
[CLEANUP], 95thPercentileLatency(us), 116
[CLEANUP], 99thPercentileLatency(us), 408
[CLEANUP], 99.9PercentileLatency(us), 408
[CLEANUP], 99.99PercentileLatency(us), 408
[UPDATE], Operations, 50059
[UPDATE], AverageLatency(us), 266.15074212429334
[UPDATE], MinLatency(us), 156
[UPDATE], MaxLatency(us), 6663
[UPDATE], 50thPercentileLatency(us), 236
[UPDATE], 95thPercentileLatency(us), 383
[UPDATE], 99thPercentileLatency(us), 797
[UPDATE], 99.9PercentileLatency(us), 3043
[UPDATE], 99.99PercentileLatency(us), 5055
[UPDATE], Return=OK, 50059
