java -cp /mnt/dev/YCSB-aerospike-dist/aerospike-binding/conf:/mnt/dev/YCSB-aerospike-dist/conf:/mnt/dev/YCSB-aerospike-dist/lib/aerospike-client-3.1.2.jar:/mnt/dev/YCSB-aerospike-dist/lib/htrace-core4-4.1.0-incubating.jar:/mnt/dev/YCSB-aerospike-dist/lib/jbcrypt-0.3m.jar:/mnt/dev/YCSB-aerospike-dist/lib/jackson-mapper-asl-1.9.4.jar:/mnt/dev/YCSB-aerospike-dist/lib/aerospike-binding-0.18.0-SNAPSHOT.jar:/mnt/dev/YCSB-aerospike-dist/lib/HdrHistogram-2.1.12.jar:/mnt/dev/YCSB-aerospike-dist/lib/jackson-core-asl-1.9.4.jar:/mnt/dev/YCSB-aerospike-dist/lib/core-0.18.0-SNAPSHOT.jar:/mnt/dev/YCSB-aerospike-dist/lib/luaj-jse-3.0.jar:/mnt/dev/YCSB-aerospike-dist/lib/gnu-crypto-2.0.1.jar site.ycsb.Client -db site.ycsb.db.AerospikeClient -threads 128 -P /mnt/dev/YCSB-aerospike-dist/workloads/workloadb -p as.host=172.16.0.4 -p as.port=3000 -p as.namespace=ycsb -p recordcount=100000000 -p operationcount=100000 -p fieldcount=10 -p fieldlength=128 -p fieldlengthdistribution=constant -p readallfields=true -p writeallfields=true -p requestdistribution=uniform -p measurementtype=hdrhistogram -p measurement.interval=op -p hdrhistogram.percentiles=50,95,99,99.9,99.99 -t
Command line: -db site.ycsb.db.AerospikeClient -threads 128 -P /mnt/dev/YCSB-aerospike-dist/workloads/workloadb -p as.host=172.16.0.4 -p as.port=3000 -p as.namespace=ycsb -p recordcount=100000000 -p operationcount=100000 -p fieldcount=10 -p fieldlength=128 -p fieldlengthdistribution=constant -p readallfields=true -p writeallfields=true -p requestdistribution=uniform -p measurementtype=hdrhistogram -p measurement.interval=op -p hdrhistogram.percentiles=50,95,99,99.9,99.99 -t
YCSB Client 0.18.0-SNAPSHOT

Loading workload...
Starting test.
DBWrapper: report latency for each error is false and specific error codes to track for latency are: []
[OVERALL], RunTime(ms), 543
[OVERALL], Throughput(ops/sec), 184162.06261510128
[TOTAL_GCS_G1_Young_Generation], Count, 4
[TOTAL_GC_TIME_G1_Young_Generation], Time(ms), 11
[TOTAL_GC_TIME_%_G1_Young_Generation], Time(%), 2.0257826887661143
[TOTAL_GCS_G1_Old_Generation], Count, 0
[TOTAL_GC_TIME_G1_Old_Generation], Time(ms), 0
[TOTAL_GC_TIME_%_G1_Old_Generation], Time(%), 0.0
[TOTAL_GCs], Count, 4
[TOTAL_GC_TIME], Time(ms), 11
[TOTAL_GC_TIME_%], Time(%), 2.0257826887661143
[READ], Operations, 95028
[READ], AverageLatency(us), 482.2184934966536
[READ], MinLatency(us), 169
[READ], MaxLatency(us), 20511
[READ], 50thPercentileLatency(us), 404
[READ], 95thPercentileLatency(us), 749
[READ], 99thPercentileLatency(us), 2111
[READ], 99.9PercentileLatency(us), 8083
[READ], 99.99PercentileLatency(us), 14207
[READ], Return=OK, 95028
[CLEANUP], Operations, 128
[CLEANUP], AverageLatency(us), 67.0703125
[CLEANUP], MinLatency(us), 14
[CLEANUP], MaxLatency(us), 470
[CLEANUP], 50thPercentileLatency(us), 44
[CLEANUP], 95thPercentileLatency(us), 179
[CLEANUP], 99thPercentileLatency(us), 414
[CLEANUP], 99.9PercentileLatency(us), 470
[CLEANUP], 99.99PercentileLatency(us), 470
[UPDATE], Operations, 4972
[UPDATE], AverageLatency(us), 383.83467417538213
[UPDATE], MinLatency(us), 161
[UPDATE], MaxLatency(us), 16479
[UPDATE], 50thPercentileLatency(us), 314
[UPDATE], 95thPercentileLatency(us), 683
[UPDATE], 99thPercentileLatency(us), 1838
[UPDATE], 99.9PercentileLatency(us), 6003
[UPDATE], 99.99PercentileLatency(us), 16479
[UPDATE], Return=OK, 4972
