java -cp /mnt/dev/YCSB-aerospike-dist/aerospike-binding/conf:/mnt/dev/YCSB-aerospike-dist/conf:/mnt/dev/YCSB-aerospike-dist/lib/aerospike-client-3.1.2.jar:/mnt/dev/YCSB-aerospike-dist/lib/htrace-core4-4.1.0-incubating.jar:/mnt/dev/YCSB-aerospike-dist/lib/jbcrypt-0.3m.jar:/mnt/dev/YCSB-aerospike-dist/lib/jackson-mapper-asl-1.9.4.jar:/mnt/dev/YCSB-aerospike-dist/lib/aerospike-binding-0.18.0-SNAPSHOT.jar:/mnt/dev/YCSB-aerospike-dist/lib/HdrHistogram-2.1.12.jar:/mnt/dev/YCSB-aerospike-dist/lib/jackson-core-asl-1.9.4.jar:/mnt/dev/YCSB-aerospike-dist/lib/core-0.18.0-SNAPSHOT.jar:/mnt/dev/YCSB-aerospike-dist/lib/luaj-jse-3.0.jar:/mnt/dev/YCSB-aerospike-dist/lib/gnu-crypto-2.0.1.jar site.ycsb.Client -db site.ycsb.db.AerospikeClient -threads 256 -P /mnt/dev/YCSB-aerospike-dist/workloads/workloadb -p as.host=172.16.0.4 -p as.port=3000 -p as.namespace=ycsb -p recordcount=100000000 -p operationcount=100000 -p fieldcount=10 -p fieldlength=128 -p fieldlengthdistribution=constant -p readallfields=true -p writeallfields=true -p requestdistribution=uniform -p measurementtype=hdrhistogram -p measurement.interval=op -p hdrhistogram.percentiles=50,95,99,99.9,99.99 -t
Command line: -db site.ycsb.db.AerospikeClient -threads 256 -P /mnt/dev/YCSB-aerospike-dist/workloads/workloadb -p as.host=172.16.0.4 -p as.port=3000 -p as.namespace=ycsb -p recordcount=100000000 -p operationcount=100000 -p fieldcount=10 -p fieldlength=128 -p fieldlengthdistribution=constant -p readallfields=true -p writeallfields=true -p requestdistribution=uniform -p measurementtype=hdrhistogram -p measurement.interval=op -p hdrhistogram.percentiles=50,95,99,99.9,99.99 -t
YCSB Client 0.18.0-SNAPSHOT

Loading workload...
Starting test.
DBWrapper: report latency for each error is false and specific error codes to track for latency are: []
[OVERALL], RunTime(ms), 740
[OVERALL], Throughput(ops/sec), 135135.13513513515
[TOTAL_GCS_G1_Young_Generation], Count, 4
[TOTAL_GC_TIME_G1_Young_Generation], Time(ms), 8
[TOTAL_GC_TIME_%_G1_Young_Generation], Time(%), 1.0810810810810811
[TOTAL_GCS_G1_Old_Generation], Count, 0
[TOTAL_GC_TIME_G1_Old_Generation], Time(ms), 0
[TOTAL_GC_TIME_%_G1_Old_Generation], Time(%), 0.0
[TOTAL_GCs], Count, 4
[TOTAL_GC_TIME], Time(ms), 8
[TOTAL_GC_TIME_%], Time(%), 1.0810810810810811
[READ], Operations, 95020
[READ], AverageLatency(us), 790.8255419911598
[READ], MinLatency(us), 195
[READ], MaxLatency(us), 52863
[READ], 50thPercentileLatency(us), 597
[READ], 95thPercentileLatency(us), 1593
[READ], 99thPercentileLatency(us), 3379
[READ], 99.9PercentileLatency(us), 20415
[READ], 99.99PercentileLatency(us), 29967
[READ], Return=OK, 95020
[CLEANUP], Operations, 256
[CLEANUP], AverageLatency(us), 269.85546875
[CLEANUP], MinLatency(us), 19
[CLEANUP], MaxLatency(us), 23823
[CLEANUP], 50thPercentileLatency(us), 48
[CLEANUP], 95thPercentileLatency(us), 846
[CLEANUP], 99thPercentileLatency(us), 3253
[CLEANUP], 99.9PercentileLatency(us), 23823
[CLEANUP], 99.99PercentileLatency(us), 23823
[UPDATE], Operations, 4980
[UPDATE], AverageLatency(us), 685.813453815261
[UPDATE], MinLatency(us), 181
[UPDATE], MaxLatency(us), 7991
[UPDATE], 50thPercentileLatency(us), 522
[UPDATE], 95thPercentileLatency(us), 1605
[UPDATE], 99thPercentileLatency(us), 3447
[UPDATE], 99.9PercentileLatency(us), 5307
[UPDATE], 99.99PercentileLatency(us), 7991
[UPDATE], Return=OK, 4980
