java -cp /mnt/dev/YCSB-aerospike-dist/aerospike-binding/conf:/mnt/dev/YCSB-aerospike-dist/conf:/mnt/dev/YCSB-aerospike-dist/lib/aerospike-client-3.1.2.jar:/mnt/dev/YCSB-aerospike-dist/lib/htrace-core4-4.1.0-incubating.jar:/mnt/dev/YCSB-aerospike-dist/lib/jbcrypt-0.3m.jar:/mnt/dev/YCSB-aerospike-dist/lib/jackson-mapper-asl-1.9.4.jar:/mnt/dev/YCSB-aerospike-dist/lib/aerospike-binding-0.18.0-SNAPSHOT.jar:/mnt/dev/YCSB-aerospike-dist/lib/HdrHistogram-2.1.12.jar:/mnt/dev/YCSB-aerospike-dist/lib/jackson-core-asl-1.9.4.jar:/mnt/dev/YCSB-aerospike-dist/lib/core-0.18.0-SNAPSHOT.jar:/mnt/dev/YCSB-aerospike-dist/lib/luaj-jse-3.0.jar:/mnt/dev/YCSB-aerospike-dist/lib/gnu-crypto-2.0.1.jar site.ycsb.Client -db site.ycsb.db.AerospikeClient -threads 512 -P /mnt/dev/YCSB-aerospike-dist/workloads/workloadb -p as.host=172.16.0.4 -p as.port=3000 -p as.namespace=ycsb -p recordcount=100000000 -p operationcount=100000 -p fieldcount=10 -p fieldlength=128 -p fieldlengthdistribution=constant -p readallfields=true -p writeallfields=true -p requestdistribution=uniform -p measurementtype=hdrhistogram -p measurement.interval=op -p hdrhistogram.percentiles=50,95,99,99.9,99.99 -t
Command line: -db site.ycsb.db.AerospikeClient -threads 512 -P /mnt/dev/YCSB-aerospike-dist/workloads/workloadb -p as.host=172.16.0.4 -p as.port=3000 -p as.namespace=ycsb -p recordcount=100000000 -p operationcount=100000 -p fieldcount=10 -p fieldlength=128 -p fieldlengthdistribution=constant -p readallfields=true -p writeallfields=true -p requestdistribution=uniform -p measurementtype=hdrhistogram -p measurement.interval=op -p hdrhistogram.percentiles=50,95,99,99.9,99.99 -t
YCSB Client 0.18.0-SNAPSHOT

Loading workload...
Starting test.
DBWrapper: report latency for each error is false and specific error codes to track for latency are: []
[OVERALL], RunTime(ms), 1273
[OVERALL], Throughput(ops/sec), 78554.59544383346
[TOTAL_GCS_G1_Young_Generation], Count, 4
[TOTAL_GC_TIME_G1_Young_Generation], Time(ms), 11
[TOTAL_GC_TIME_%_G1_Young_Generation], Time(%), 0.864100549882168
[TOTAL_GCS_G1_Old_Generation], Count, 0
[TOTAL_GC_TIME_G1_Old_Generation], Time(ms), 0
[TOTAL_GC_TIME_%_G1_Old_Generation], Time(%), 0.0
[TOTAL_GCs], Count, 4
[TOTAL_GC_TIME], Time(ms), 11
[TOTAL_GC_TIME_%], Time(%), 0.864100549882168
[READ], Operations, 94916
[READ], AverageLatency(us), 2551.182961776729
[READ], MinLatency(us), 190
[READ], MaxLatency(us), 181759
[READ], 50thPercentileLatency(us), 2014
[READ], 95thPercentileLatency(us), 4975
[READ], 99thPercentileLatency(us), 9159
[READ], 99.9PercentileLatency(us), 92479
[READ], 99.99PercentileLatency(us), 169599
[READ], Return=OK, 94916
[CLEANUP], Operations, 512
[CLEANUP], AverageLatency(us), 2300.6953125
[CLEANUP], MinLatency(us), 21
[CLEANUP], MaxLatency(us), 108991
[CLEANUP], 50thPercentileLatency(us), 52
[CLEANUP], 95thPercentileLatency(us), 9583
[CLEANUP], 99thPercentileLatency(us), 76479
[CLEANUP], 99.9PercentileLatency(us), 108991
[CLEANUP], 99.99PercentileLatency(us), 108991
[UPDATE], Operations, 5084
[UPDATE], AverageLatency(us), 2645.451809598741
[UPDATE], MinLatency(us), 175
[UPDATE], MaxLatency(us), 81663
[UPDATE], 50thPercentileLatency(us), 2235
[UPDATE], 95thPercentileLatency(us), 6047
[UPDATE], 99thPercentileLatency(us), 9191
[UPDATE], 99.9PercentileLatency(us), 30095
[UPDATE], 99.99PercentileLatency(us), 81663
[UPDATE], Return=OK, 5084
