java -cp /mnt/dev/YCSB-aerospike-dist/aerospike-binding/conf:/mnt/dev/YCSB-aerospike-dist/conf:/mnt/dev/YCSB-aerospike-dist/lib/aerospike-client-3.1.2.jar:/mnt/dev/YCSB-aerospike-dist/lib/htrace-core4-4.1.0-incubating.jar:/mnt/dev/YCSB-aerospike-dist/lib/jbcrypt-0.3m.jar:/mnt/dev/YCSB-aerospike-dist/lib/jackson-mapper-asl-1.9.4.jar:/mnt/dev/YCSB-aerospike-dist/lib/aerospike-binding-0.18.0-SNAPSHOT.jar:/mnt/dev/YCSB-aerospike-dist/lib/HdrHistogram-2.1.12.jar:/mnt/dev/YCSB-aerospike-dist/lib/jackson-core-asl-1.9.4.jar:/mnt/dev/YCSB-aerospike-dist/lib/core-0.18.0-SNAPSHOT.jar:/mnt/dev/YCSB-aerospike-dist/lib/luaj-jse-3.0.jar:/mnt/dev/YCSB-aerospike-dist/lib/gnu-crypto-2.0.1.jar site.ycsb.Client -db site.ycsb.db.AerospikeClient -threads 64 -P /mnt/dev/YCSB-aerospike-dist/workloads/workloadb -p as.host=172.16.0.4 -p as.port=3000 -p as.namespace=ycsb -p recordcount=100000000 -p operationcount=100000 -p fieldcount=10 -p fieldlength=128 -p fieldlengthdistribution=constant -p readallfields=true -p writeallfields=true -p requestdistribution=uniform -p measurementtype=hdrhistogram -p measurement.interval=op -p hdrhistogram.percentiles=50,95,99,99.9,99.99 -t
Command line: -db site.ycsb.db.AerospikeClient -threads 64 -P /mnt/dev/YCSB-aerospike-dist/workloads/workloadb -p as.host=172.16.0.4 -p as.port=3000 -p as.namespace=ycsb -p recordcount=100000000 -p operationcount=100000 -p fieldcount=10 -p fieldlength=128 -p fieldlengthdistribution=constant -p readallfields=true -p writeallfields=true -p requestdistribution=uniform -p measurementtype=hdrhistogram -p measurement.interval=op -p hdrhistogram.percentiles=50,95,99,99.9,99.99 -t
YCSB Client 0.18.0-SNAPSHOT

Loading workload...
Starting test.
DBWrapper: report latency for each error is false and specific error codes to track for latency are: []
[OVERALL], RunTime(ms), 686
[OVERALL], Throughput(ops/sec), 145772.5947521866
[TOTAL_GCS_G1_Young_Generation], Count, 4
[TOTAL_GC_TIME_G1_Young_Generation], Time(ms), 9
[TOTAL_GC_TIME_%_G1_Young_Generation], Time(%), 1.3119533527696794
[TOTAL_GCS_G1_Old_Generation], Count, 0
[TOTAL_GC_TIME_G1_Old_Generation], Time(ms), 0
[TOTAL_GC_TIME_%_G1_Old_Generation], Time(%), 0.0
[TOTAL_GCs], Count, 4
[TOTAL_GC_TIME], Time(ms), 9
[TOTAL_GC_TIME_%], Time(%), 1.3119533527696794
[READ], Operations, 94990
[READ], AverageLatency(us), 345.95614275186864
[READ], MinLatency(us), 163
[READ], MaxLatency(us), 7079
[READ], 50thPercentileLatency(us), 319
[READ], 95thPercentileLatency(us), 451
[READ], 99thPercentileLatency(us), 795
[READ], 99.9PercentileLatency(us), 4107
[READ], 99.99PercentileLatency(us), 5691
[READ], Return=OK, 94990
[CLEANUP], Operations, 64
[CLEANUP], AverageLatency(us), 55.046875
[CLEANUP], MinLatency(us), 21
[CLEANUP], MaxLatency(us), 422
[CLEANUP], 50thPercentileLatency(us), 41
[CLEANUP], 95thPercentileLatency(us), 109
[CLEANUP], 99thPercentileLatency(us), 422
[CLEANUP], 99.9PercentileLatency(us), 422
[CLEANUP], 99.99PercentileLatency(us), 422
[UPDATE], Operations, 5010
[UPDATE], AverageLatency(us), 267.3992015968064
[UPDATE], MinLatency(us), 159
[UPDATE], MaxLatency(us), 4227
[UPDATE], 50thPercentileLatency(us), 240
[UPDATE], 95thPercentileLatency(us), 368
[UPDATE], 99thPercentileLatency(us), 723
[UPDATE], 99.9PercentileLatency(us), 2947
[UPDATE], 99.99PercentileLatency(us), 4227
[UPDATE], Return=OK, 5010
