[2026-10-04 13:09:10.346] [lavik] [info] I/O backends: network=kernel storage=uring rings=one-per-worker
[2026-10-04 13:09:10.346] [lavik] [info] mimalloc recovery_purge_delay=1000 online_purge_delay=60000 arena_eager_commit=1 allow_thp=0
[2026-10-04 13:09:10.346] [lavik] [info] lavik version=0.1.0-dev listening on 0.0.0.0:58749 tls_port=0 metrics_port=57343 shards=4 maxclients=10000 maxclients_fd_reserve=256 pin_workers=false idle_timeout_ms=-1 busy_poll_us=20 foreground_budget_us=1000 background_budget_us=10 background_warrant_percent=1 spdk_max_completions_per_poll=8 spdk_foreground_pre_poll_us=5 registered_buffer_bytes=67108864 per worker storage_write_buffers=4 storage_read_buffer_bytes=1048576 replication_publish_queue_bytes=16777216 per worker max_memory=2147483648 maxmemory_clients=5% client_query_buffer_limit=1073741824 flush_max_ms=100 flush_size_bytes=131072 defrag_max_active_per_device=8 defrag_sleep_ms=0 defrag_record_sleep_us=0 defrag_paused=false shutdown_checkpoint=false replication_backlog_backpressure=true
[2026-10-04 13:09:10.346] [lavik] [info] memory limit=2147483648 (2.00G) initial_used=0 initial_rss=6553600
[2026-10-04 13:09:10.346] [lavik] [info] storage device id=0 path=/mnt/local_nvme/i131/measurements/dense-records-128m-f4-rtt20/r2-records/source/data capacity-bytes=2147483648 data-blocks=255 foreground-blocks=247 defrag-reserve-blocks=8 data-bytes=2139095040
[2026-10-04 13:09:10.346] [lavik] [info] storage capacity: data-blocks=255 foreground-blocks=247 defrag-reserve-blocks=8
[2026-10-04 13:09:10.346] [lavik] [info] storage direct-I/O alignment=4096 bytes
[2026-10-04 13:09:10.346] [lavik] [info] storage flush submission size=131072 bytes
[2026-10-04 13:09:10.380] [lavik] [info] storage device id=0 foreground-weight=247 home-workers=4
[2026-10-04 13:09:10.384] [lavik] [info] runtime workers=5 data_shards=4 control_worker=4 cpus=
[2026-10-04 13:09:10.385] [lavik] [info] runtime cycle-counter=rdtsc frequency-source=absl::NominalCPUFrequency frequency=2300000291 Hz (2300.000 MHz) ticks-per-us=2300.000
[2026-10-04 13:09:10.385] [lavik] [info] provided-buffer ring disabled; using per-connection receive buffers
[2026-10-04 13:09:10.385] [lavik] [info] provided-buffer ring disabled; using per-connection receive buffers
[2026-10-04 13:09:10.385] [lavik] [info] provided-buffer ring disabled; using per-connection receive buffers
[2026-10-04 13:09:10.385] [lavik] [info] provided-buffer ring disabled; using per-connection receive buffers
[2026-10-04 13:09:10.385] [lavik] [info] provided-buffer ring disabled; using per-connection receive buffers
[2026-10-04 13:09:10.406] [lavik] [info] storage recovery: blocks=0/0 (100.0%) swept=255/255 records=0 rate=0 blocks/s 0.00M records/s eta=0.0s
[2026-10-04 13:09:10.410] [lavik] [info] mimalloc recovery collection complete; online purge_delay=60000
[2026-10-04 13:09:10.410] [lavik] [info] worker[0] direct-IO storage initialized
[2026-10-04 13:09:10.410] [lavik] [info] worker[1] direct-IO storage initialized
[2026-10-04 13:09:10.410] [lavik] [info] worker[2] direct-IO storage initialized
[2026-10-04 13:09:10.410] [lavik] [info] worker[3] direct-IO storage initialized
[2026-10-04 13:09:12.239] [lavik] [info] disabled replication history after all disconnected replicas fell behind the backlog
[2026-10-04 13:09:12.312] [lavik] [info] replication session 2 flow 0 requested cursor=1:0 history-match=false backlog-state=1 floor=1 tail=0 selected=FULL
[2026-10-04 13:09:12.312] [lavik] [info] replication session 2 flow 2 requested cursor=1:0 history-match=false backlog-state=1 floor=1 tail=0 selected=FULL
[2026-10-04 13:09:12.312] [lavik] [info] replication session 2 flow 3 requested cursor=1:0 history-match=false backlog-state=1 floor=1 tail=0 selected=FULL
[2026-10-04 13:09:12.312] [lavik] [info] replication session 2 flow 1 requested cursor=1:0 history-match=false backlog-state=1 floor=1 tail=0 selected=FULL
[2026-10-04 13:09:14.763] [lavik] [info] accepted replication session 2 with 4 data flows
[2026-10-04 13:09:15.290] [lavik] [warning] replication source flow 3 ended: replication session ended while sending backlog
[2026-10-04 13:09:15.290] [lavik] [warning] replication native handshake failed: replication session ended while sending backlog
[2026-10-04 13:09:15.291] [lavik] [warning] replication source flow 1 ended: replication session ended while sending backlog
[2026-10-04 13:09:15.291] [lavik] [warning] replication native handshake failed: replication session ended while sending backlog
[2026-10-04 13:09:15.291] [lavik] [warning] replication source flow 0 ended: replication session ended while sending backlog
[2026-10-04 13:09:15.291] [lavik] [warning] replication source flow 2 ended: replication session ended while sending backlog
[2026-10-04 13:09:15.291] [lavik] [warning] replication native handshake failed: replication session ended while sending backlog
[2026-10-04 13:09:15.292] [lavik] [warning] replication native handshake failed: replication session ended while sending backlog
[2026-10-04 13:09:15.443] [lavik] [info] shutdown requested by signal 2
[2026-10-04 13:09:15.511] [lavik] [info] replication targets quiesced before storage flush
[2026-10-04 13:09:15.511] [lavik] [info] all active requests drained; flushing storage buffers
[2026-10-04 13:09:15.611] [lavik] [info] all storage buffers durably flushed
